
RAxML-NG v. 1.2.2 released on 11.04.2024 by The Exelixis Lab.
Developed by: Alexey M. Kozlov and Alexandros Stamatakis.
Contributors: Diego Darriba, Tomas Flouri, Benoit Morel, Sarah Lutteropp, Ben Bettisworth, Julia Haag, Anastasis Togkousidis.
Latest version: https://github.com/amkozlov/raxml-ng
Questions/problems/suggestions? Please visit: https://groups.google.com/forum/#!forum/raxml

System: AMD EPYC 7543P 32-Core Processor, 32 cores, 995 GB RAM

RAxML-NG was called at 24-Nov-2025 15:03:06 as follows:

raxml-ng --all --msa region_LSDV095.aln --model GTR+G --prefix LSDV095 --seed 123 --bs-metric fbp,tbe --redo

Analysis options:
  run mode: ML tree search + bootstrapping (Felsenstein Bootstrap + Transfer Bootstrap)
  start tree(s): random (10) + parsimony (10)
  bootstrap replicates: parsimony (max: 1000) + bootstopping (autoMRE, cutoff: 0.030000)
  random seed: 123
  tip-inner: OFF
  pattern compression: ON
  per-rate scalers: OFF
  site repeats: ON
  logLH epsilon: general: 10.000000, brlen-triplet: 1000.000000
  fast spr radius: AUTO
  spr subtree cutoff: 1.000000
  fast CLV updates: ON
  branch lengths: proportional (ML estimate, algorithm: NR-FAST)
  SIMD kernels: AVX2
  parallelization: coarse-grained (auto), PTHREADS (auto)

WARNING: Running in REDO mode: existing checkpoints are ignored, and all result files will be overwritten!

[00:00:00] Reading alignment from file: region_LSDV095.aln
[00:00:00] Loaded alignment with 14 taxa and 489 sites

WARNING: Sequences PV167794.1 and MW020570.1 are exactly identical!
WARNING: Sequences PV167794.1 and MN072621.1 are exactly identical!
WARNING: Sequences PV167794.1 and MN072620.1 are exactly identical!
WARNING: Sequences PV167794.1 and MH381810.1 are exactly identical!
WARNING: Sequences PV167794.1 and KC951854.1 are exactly identical!
WARNING: Sequences NC_004003.1 and KX576657.1 are exactly identical!
WARNING: Sequences NC_004003.1 and AY077836.1 are exactly identical!
WARNING: Sequences NC_004003.1 and AY077835.1 are exactly identical!
WARNING: Sequences MN072625.1 and MN072624.1 are exactly identical!
WARNING: Sequences MN072625.1 and MN072623.1 are exactly identical!
WARNING: Sequences MN072625.1 and MN072622.1 are exactly identical!
WARNING: Duplicate sequences found: 11

NOTE: Reduced alignment (with duplicates and gap-only sites/taxa removed) 
NOTE: was saved to: /mnt/lustre/RDS-live/downing/LSDV/GTPV_SPPV/results_GTPV/LSDV095.raxml.reduced.phy

Alignment comprises 1 partitions and 6 patterns

Partition 0: noname
Model: GTR+FO+G4m
Alignment sites / patterns: 489 / 6
Gaps: 0.00 %
Invariant sites: 99.59 %


NOTE: Binary MSA file created: LSDV095.raxml.rba

Parallelization scheme autoconfig: 32 worker(s) x 1 thread(s)

[00:00:00] Generating 10 random starting tree(s) with 14 taxa
[00:00:00] Generating 10 parsimony starting tree(s) with 14 taxa
Parallel parsimony with 32 threads
Parallel reduction/worker buffer size: 1 KB  / 0 KB

[00:00:00] Data distribution: max. partitions/sites/weight per thread: 1 / 6 / 96
[00:00:00] Data distribution: max. searches per worker: 33

Starting ML tree search with 20 distinct starting trees

[00:00:00] [worker #2] ML tree search #3, logLikelihood: -629.813674
[00:00:00] [worker #16] ML tree search #17, logLikelihood: -629.830824
[00:00:00] [worker #0] ML tree search #1, logLikelihood: -629.835687
[00:00:00] [worker #11] ML tree search #12, logLikelihood: -629.830825
[00:00:00] [worker #17] ML tree search #18, logLikelihood: -629.830824
[00:00:00] [worker #9] ML tree search #10, logLikelihood: -629.840947
[00:00:00] [worker #18] ML tree search #19, logLikelihood: -629.833075
[00:00:00] [worker #12] ML tree search #13, logLikelihood: -629.830825
[00:00:00] [worker #14] ML tree search #15, logLikelihood: -629.830825
[00:00:00] [worker #5] ML tree search #6, logLikelihood: -629.840951
[00:00:00] [worker #13] ML tree search #14, logLikelihood: -629.830826
[00:00:00] [worker #10] ML tree search #11, logLikelihood: -629.830826
[00:00:00] [worker #8] ML tree search #9, logLikelihood: -629.877657
[00:00:01] [worker #19] ML tree search #20, logLikelihood: -629.830825
[00:00:01] [worker #7] ML tree search #8, logLikelihood: -629.816350
[00:00:01] [worker #6] ML tree search #7, logLikelihood: -629.813791
[00:00:01] [worker #1] ML tree search #2, logLikelihood: -629.813639
[00:00:01] [worker #4] ML tree search #5, logLikelihood: -629.822864
[00:00:01] [worker #3] ML tree search #4, logLikelihood: -629.813852
[00:00:01] [worker #15] ML tree search #16, logLikelihood: -629.830825

[00:00:01] ML tree search completed, best tree logLH: -629.813639

[00:00:01] Starting bootstrapping analysis with 1000 replicates.

[00:00:01] [worker #24] Bootstrap tree #25, logLikelihood: -630.978472
[00:00:01] [worker #5] Bootstrap tree #6, logLikelihood: [00:00:01] 
[00:00:01] [worker #5] Bootstrap tree #6, logLikelihood: [00:00:01] 
[worker #13] Bootstrap tree #14, logLikelihood: -635.159627
[00:00:01] [worker #28] Bootstrap tree #29, logLikelihood: -616.593453
[00:00:01] [worker #27] Bootstrap tree #28, logLikelihood: -619.383024
[00:00:01] [worker #31] Bootstrap tree #32, logLikelihood: -625.365125
[00:00:01] [worker #20] Bootstrap tree #21, logLikelihood: -629.830825
[00:00:01] [worker #30] Bootstrap tree #31, logLikelihood: -612.004085
[00:00:01] [worker #2] Bootstrap tree #3, logLikelihood: -633.139907
[00:00:01] [worker #16] Bootstrap tree #17, logLikelihood: -629.830825
[00:00:01] [worker #9] Bootstrap tree #10, logLikelihood: -629.830825
[00:00:01] [worker #8] Bootstrap tree #9, logLikelihood: -609.564773
[00:00:01] [worker #1] Bootstrap tree #2, logLikelihood: -646.313699
[00:00:01] [worker #18] Bootstrap tree #19, logLikelihood: -625.601091
[00:00:01] [worker #15] Bootstrap tree #16, logLikelihood: -629.830825
[00:00:01] [worker #25] Bootstrap tree #26, logLikelihood: -629.830825
[00:00:01] [worker #11] Bootstrap tree #12, logLikelihood: -624.589185
[00:00:01] [worker #11] Bootstrap tree #12, logLikelihood: -624.589185
[00:00:01] [worker #12] Bootstrap tree #13, logLikelihood: -630.437912
[00:00:01] [worker #17] Bootstrap tree #18, logLikelihood: -629.830824
[00:00:01] [worker #10] Bootstrap tree #11, logLikelihood: -629.830826[
[00:00:01] [worker #10] Bootstrap tree #11, logLikelihood: -629.830826[
00:00:01] [worker #4] Bootstrap tree #5, logLikelihood: -629.830824
[00:00:01] [worker #29] Bootstrap tree #30, logLikelihood: -622.509996
[00:00:01] [worker #6] Bootstrap tree #7, logLikelihood: -612.481108
[00:00:01] [worker #22] Bootstrap tree #23, logLikelihood: -623.960456
[00:00:01] [worker #14] Bootstrap tree #15, logLikelihood: -610.096551
[00:00:01] [worker #23] Bootstrap tree #24, logLikelihood: -608.241148
[00:00:01] [worker #7] Bootstrap tree #8, logLikelihood: -629.833075
[00:00:01] [worker #3] Bootstrap tree #4, logLikelihood: -629.830825
[00:00:01] [worker #19] Bootstrap tree #20, logLikelihood: -629.833075
[00:00:01] [worker #26] Bootstrap tree #27, logLikelihood: -605.706272
[00:00:01] [worker #0] Bootstrap tree #1, logLikelihood: -641.095310
[00:00:01] [worker #13] Bootstrap tree #46, logLikelihood: -638.206819
[00:00:01] [worker #21] Bootstrap tree #22, logLikelihood: -629.830827
[00:00:01] [worker #5] Bootstrap tree #38, logLikelihood: -639.389368
[00:00:01] [worker #20] Bootstrap tree #53, logLikelihood: -629.830825
[00:00:01] [worker #15] Bootstrap tree #48, logLikelihood: -614.029844
[00:00:01] [worker #30] Bootstrap tree #63, logLikelihood: -629.830826
[00:00:01] [worker #9] Bootstrap tree #42, logLikelihood: -617.882822
[00:00:01] [worker #2] Bootstrap tree #35, logLikelihood: -627.241412
[00:00:01] [worker #24] Bootstrap tree #57, logLikelihood: -636.841862
[00:00:01] [worker #23] Bootstrap tree #56, logLikelihood: -629.830825
[00:00:01] [worker #16] Bootstrap tree #49, logLikelihood: -646.656500
[00:00:01] [worker #8] Bootstrap tree #41, logLikelihood: -629.830825
[00:00:01] [worker #1] Bootstrap tree #34, logLikelihood: -635.592552
[00:00:01] [worker #27] Bootstrap tree #60, logLikelihood: -631.620956
[00:00:01] [worker #18] Bootstrap tree #51, logLikelihood: -629.830826
[00:00:01] [worker #29] Bootstrap tree #62, logLikelihood: -629.470826
[00:00:01] [worker #25] Bootstrap tree #58, logLikelihood: -624.464737
[00:00:01] [worker #25] Bootstrap tree #58, logLikelihood: -624.464737
[00:00:01] [worker #11] Bootstrap tree #44, logLikelihood: -617.054628
[00:00:01] [worker #22] Bootstrap tree #55, logLikelihood: -619.215772
[00:00:01] [worker #6] Bootstrap tree #39, logLikelihood: -629.830827
[00:00:01] [worker #12] Bootstrap tree #45, logLikelihood: -629.830825
[00:00:01] [worker #17] Bootstrap tree #50, logLikelihood: -629.830826
[00:00:01] [worker #31] Bootstrap tree #64, logLikelihood: -629.830825
[00:00:01] [worker #7] Bootstrap tree #40, logLikelihood: -615.477461
[00:00:01] [worker #4] Bootstrap tree #37, logLikelihood: -640.788815
[00:00:01] [worker #19] Bootstrap tree #52, logLikelihood: -629.830825
[00:00:01] [worker #14] Bootstrap tree #47, logLikelihood: -624.594318
[00:00:01] [worker #3] Bootstrap tree #36, logLikelihood: -620.070780
[00:00:01] [worker #28] Bootstrap tree #61, logLikelihood: -629.830825
[00:00:01] [worker #21] Bootstrap tree #54, logLikelihood: -615.303472
[00:00:01] [worker #26] Bootstrap tree #59, logLikelihood: -616.650637
[00:00:01] [worker #0] Bootstrap tree #33, logLikelihood: -608.790236
[00:00:01] [worker #10] Bootstrap tree #43, logLikelihood: -629.830826
[00:00:02] [worker #11] Bootstrap tree #76, logLikelihood: -614.209420
[00:00:02] [worker #28] Bootstrap tree #93, logLikelihood: -631.381464
[00:00:02] [worker #1] Bootstrap tree #66, logLikelihood: -612.064769
[00:00:02] [worker #9] Bootstrap tree #74, logLikelihood: -616.468758
[00:00:02] [worker #15] Bootstrap tree #80, logLikelihood: -614.655776
[00:00:02] [worker #12] Bootstrap tree #77, logLikelihood: -600.084596
[00:00:02] [worker #18] Bootstrap tree #83, logLikelihood: -632.293725
[00:00:02] [worker #7] Bootstrap tree #72, logLikelihood: -615.674567
[00:00:02] [worker #8] Bootstrap tree #73, logLikelihood: -637.981201
[00:00:02] [worker #4] Bootstrap tree #69, logLikelihood: -642.037792
[00:00:02] [worker #23] Bootstrap tree #88, logLikelihood: -612.126339
[00:00:02] [worker #14] Bootstrap tree #79, logLikelihood: -616.451022
[00:00:02] [worker #16] Bootstrap tree #81, logLikelihood: -629.830824
[00:00:02] [worker #19] Bootstrap tree #84, logLikelihood: -629.830826
[00:00:02] [worker #2] Bootstrap tree #67, logLikelihood: [-629.830824
-628.593870
[00:00:02] [worker #26] Bootstrap tree #91, logLikelihood: -614.009363
[00:00:02] [worker #6] Bootstrap tree #71, logLikelihood: -628.288844[
-633.895809
[00:00:02] [worker #0] Bootstrap tree #65, logLikelihood: -629.830826
[00:00:02] [worker #24] Bootstrap tree #89, logLikelihood: -629.830825
[00:00:02] [worker #27] Bootstrap tree #92, logLikelihood: -622.232426
[00:00:02] [worker #21] Bootstrap tree #86, logLikelihood: -629.830827
[00:00:02] [worker #29] Bootstrap tree #94, logLikelihood: -629.830823
[00:00:02] [worker #30] Bootstrap tree #95, logLikelihood: -629.830825
[00:00:02] [worker #31] Bootstrap tree #96, logLikelihood: -629.830825
[00:00:02] [worker #5] Bootstrap tree #70, logLikelihood: -629.830825
[00:00:02] [worker #20] Bootstrap tree #85, logLikelihood: -609.885665
[00:00:02] [worker #17] Bootstrap tree #82, logLikelihood: -615.998413
[00:00:02] [worker #25] Bootstrap tree #90, logLikelihood: -614.893023
[00:00:02] [worker #1] Bootstrap tree #98, logLikelihood: -633.648397
[00:00:02] [worker #22] Bootstrap tree #87, logLikelihood: -629.830826
-647.463095
[00:00:02] [worker #3] Bootstrap tree #68, logLikelihood: [-624.41151700
[00:00:02] [worker #3] Bootstrap tree #68, logLikelihood: [-624.41151700
:00:02] [worker #11] Bootstrap tree #108, logLikelihood: -607.039331
[00:00:02] [worker #18] Bootstrap tree #115, logLikelihood: -622.510262
[00:00:02] [worker #9] Bootstrap tree #106, logLikelihood: -627.921797
[00:00:02] [worker #7] Bootstrap tree #104, logLikelihood: -629.643235
[00:00:02] [worker #15] Bootstrap tree #112, logLikelihood: -629.830825
[00:00:02] [worker #16] Bootstrap tree #113, logLikelihood: -636.048857
[00:00:02] [worker #28] Bootstrap tree #125, logLikelihood: -629.830826
[00:00:02] [worker #26] Bootstrap tree #123, logLikelihood: -629.830825
[00:00:02] [worker #6] Bootstrap tree #103, logLikelihood: -616.269283
Bootstrap tree #116, logLikelihood: -618.516325
[00:00:02] [worker #13] Bootstrap tree #110, logLikelihood: -614.272736
[00:00:02] [worker #2] Bootstrap tree #99, logLikelihood: -644.485247
[00:00:02] [worker #4] Bootstrap tree #101, logLikelihood: -629.830824
[00:00:02] [worker #5] Bootstrap tree #102, logLikelihood: -608.522701
[00:00:02] [worker #21] Bootstrap tree #118, logLikelihood: -615.610485
[00:00:02] [worker #30] Bootstrap tree #127, logLikelihood: -629.830826
[00:00:02] [worker #14] Bootstrap tree #111, logLikelihood: -633.302856
[00:00:02] [worker #8] Bootstrap tree #105, logLikelihood: -614.287124
[00:00:02] [worker #27] Bootstrap tree #124, logLikelihood: -628.558765
[00:00:02] [worker #10] Bootstrap tree #107, logLikelihood: -629.830825
[00:00:02] [worker #23] Bootstrap tree #120, logLikelihood: -629.830823
[00:00:02] [worker #17] Bootstrap tree #114, logLikelihood: -605.896188
[00:00:02] [worker #25] Bootstrap tree #122, logLikelihood: -629.833075
[00:00:02] [worker #24] Bootstrap tree #121, logLikelihood: -629.830825
[00:00:02] [worker #22] Bootstrap tree #119, logLikelihood: -629.830827
[00:00:02] [worker #0] Bootstrap tree #97, logLikelihood: -602.685417
[00:00:02] [worker #31] Bootstrap tree #128, logLikelihood: -629.830825
[00:00:02] [worker #20] Bootstrap tree #117, logLikelihood: -629.830826
[00:00:02] [worker #3] Bootstrap tree #100, logLikelihood: -634.648407
[00:00:02] [worker #29] Bootstrap tree #126, logLikelihood: -624.527176
[00:00:03] [worker #4] Bootstrap tree #133, logLikelihood: -626.114069
[00:00:03] [worker #30] Bootstrap tree #159, logLikelihood: -599.142941
[00:00:03] [worker #17] Bootstrap tree #146, logLikelihood: -623.068883
[00:00:03] [worker #10] Bootstrap tree #139, logLikelihood: -615.710972
[00:00:03] [worker #16] Bootstrap tree #145, logLikelihood: -624.933576
[00:00:03] [worker #24] Bootstrap tree #153, logLikelihood: -629.830825
[00:00:03] [worker #1] Bootstrap tree #130, logLikelihood: -629.830825
[00:00:03] [worker #13] Bootstrap tree #142, logLikelihood: -629.830825
[00:00:03] [worker #8] Bootstrap tree #137, logLikelihood: -629.830826
[00:00:03] [worker #9] Bootstrap tree #138, logLikelihood: -627.497781
[00:00:03] [worker #31] Bootstrap tree #160, logLikelihood: -631.122627
[00:00:03] [worker #5] Bootstrap tree #134, logLikelihood: -629.830827
[00:00:03] [worker #7] Bootstrap tree #136, logLikelihood: -615.008719
[00:00:03] [worker #25] Bootstrap tree #154, logLikelihood: -615.267794
[00:00:03] [worker #27] Bootstrap tree #156, logLikelihood: -624.551134
[00:00:03] [worker #12] Bootstrap tree #141, logLikelihood: -620.426640
[00:00:03] [worker #2] Bootstrap tree #131, logLikelihood: -629.830827
[00:00:03] [worker #18] Bootstrap tree #147, logLikelihood: -642.382622
[00:00:03] [worker #3] Bootstrap tree #132, logLikelihood: -629.830826
[00:00:03] [worker #11] Bootstrap tree #140, logLikelihood: -629.830826
[00:00:03] [worker #29] Bootstrap tree #158, logLikelihood: -629.830826
[00:00:03] [worker #14] Bootstrap tree #143, logLikelihood: -618.610905
[00:00:03] [worker #23] Bootstrap tree #152, logLikelihood: -629.830827
[00:00:03] [worker #26] Bootstrap tree #155, logLikelihood: -629.830825
00:00:03] [worker #20] Bootstrap tree #149, logLikelihood: -629.830825
[00:00:03] [worker #28] Bootstrap tree #157, logLikelihood: -629.830825
[00:00:03] [worker #6] Bootstrap tree #135, logLikelihood: -629.830824
[00:00:03] [worker #15] Bootstrap tree #144, logLikelihood: -632.383616
[00:00:03] [worker #21] Bootstrap tree #150, logLikelihood: -603.810433
[00:00:03] [worker #30] Bootstrap tree #191, logLikelihood: -616.769496
[00:00:03] [worker #19] Bootstrap tree #148, logLikelihood: -629.830825
[00:00:03] [worker #0] Bootstrap tree #129, logLikelihood: -618.509155
[00:00:03] [worker #8] Bootstrap tree #169, logLikelihood: -607.477627
[00:00:03] [worker #1] Bootstrap tree #162, logLikelihood: -619.578076
[00:00:03] [worker #17] Bootstrap tree #178, logLikelihood: -638.235479
[00:00:03] [worker #9] Bootstrap tree #170, logLikelihood: -604.535609
[00:00:03] [worker #22] Bootstrap tree #151, logLikelihood: -617.743044
[00:00:03] [worker #24] Bootstrap tree #185, logLikelihood: -629.830826
[00:00:03] [worker #16] Bootstrap tree #177, logLikelihood: -648.052217
[00:00:03] [worker #2] Bootstrap tree #163, logLikelihood: -629.830825
[00:00:03] [worker #7] Bootstrap tree #168, logLikelihood: -633.779207
-629.830826
[00:00:03] [worker #10] Bootstrap tree #171, logLikelihood: -619.121755
[00:00:03] [worker #4] Bootstrap tree #165, logLikelihood: -629.830827
[00:00:03] [worker #27] Bootstrap tree #188, logLikelihood: -629.830825
[00:00:03] [worker #23] Bootstrap tree #184, logLikelihood: -627.252427
[00:00:03] [worker #12] Bootstrap tree #173, logLikelihood: [-629.83082500
-629.830826
[00:00:03] [worker #18] Bootstrap tree #179, logLikelihood: -625.078385
[00:00:03] [worker #13] Bootstrap tree #174, logLikelihood: -629.830825
[00:00:03] [worker #29] Bootstrap tree #190, logLikelihood: -629.830825
[00:00:03] [worker #25] Bootstrap tree #186, logLikelihood: -629.830826
[00:00:03] [worker #5] Bootstrap tree #166, logLikelihood: -623.294254
[00:00:03] [worker #20] Bootstrap tree #181, logLikelihood: -641.100546
[00:00:03] [worker #14] Bootstrap tree #175, logLikelihood: -625.682987
[00:00:03] [worker #11] Bootstrap tree #172, logLikelihood: -629.830826
[00:00:03] [worker #22] Bootstrap tree #183, logLikelihood: -614.754448
[00:00:03] [worker #3] Bootstrap tree #164, logLikelihood: -626.102024
[00:00:03] [worker #19] Bootstrap tree #180, logLikelihood: -629.830825
[00:00:03] [worker #6] Bootstrap tree #167, logLikelihood: -632.911614
[00:00:03] [worker #26] Bootstrap tree #187, logLikelihood: -629.433633
[00:00:03] [worker #21] Bootstrap tree #182, logLikelihood: -627.945826
[00:00:03] [worker #15] Bootstrap tree #176, logLikelihood: -629.830825
[00:00:03] [worker #0] Bootstrap tree #161, logLikelihood: -615.711998
[00:00:04] [worker #17] Bootstrap tree #210, logLikelihood: -613.609849
[00:00:04] [worker #25] Bootstrap tree #218, logLikelihood: -597.601865
[00:00:04] [worker #29] Bootstrap tree #222, logLikelihood: -613.684568
[00:00:04] [worker #28] Bootstrap tree #221, logLikelihood: -616.341720
[00:00:04] [worker #12] Bootstrap tree #205, logLikelihood: -629.830825
[00:00:04] [worker #22] Bootstrap tree #215, logLikelihood: -629.830827
[00:00:04] [worker #27] Bootstrap tree #220, logLikelihood: -615.059340
[00:00:04] [worker #5] Bootstrap tree #198, logLikelihood: -619.281667
[00:00:04] [worker #8] Bootstrap tree #201, logLikelihood: -629.555338
[00:00:04] [worker #24] Bootstrap tree #217, logLikelihood: -633.826015
[00:00:04] [worker #10] Bootstrap tree #203, logLikelihood: -603.689766
[00:00:04] [worker #14] Bootstrap tree #207, logLikelihood: -629.830825
[00:00:04] [worker #1] Bootstrap tree #194, logLikelihood: -607.972313
[[00:00:04] [worker #30] Bootstrap tree #223, logLikelihood: -629.830825
[[00:00:04] [worker #30] Bootstrap tree #223, logLikelihood: -629.830825
00:00:04] [worker #2] Bootstrap tree #195, logLikelihood: [00:00:04] [worker #20] Bootstrap tree #213, logLikelihood: 
[[00:00:04] [worker #30] Bootstrap tree #223, logLikelihood: -629.830825
00:00:04] [worker #2] Bootstrap tree #195, logLikelihood: [00:00:04] [worker #20] Bootstrap tree #213, logLikelihood: 
-629.830825
[00:00:04] [worker #31] Bootstrap tree #224, logLikelihood: -629.830823
[00:00:04] [worker #26] Bootstrap tree #219, logLikelihood: -626.028961
[00:00:04] [worker #3] Bootstrap tree #196, logLikelihood: -588.006807
[00:00:04] [worker #4] Bootstrap tree #197, logLikelihood: -629.830825
[00:00:04] [worker #16] Bootstrap tree #209, logLikelihood: -629.830826
[00:00:04] [worker #21] Bootstrap tree #214, logLikelihood: -611.447992
[00:00:04] [worker #13] Bootstrap tree #206, logLikelihood: -618.838369
[00:00:04] [worker #7] Bootstrap tree #200, logLikelihood: -629.830825
[00:00:04] [worker #9] Bootstrap tree #202, logLikelihood: -624.192573
[00:00:04] [worker #11] Bootstrap tree #204, logLikelihood: -629.830825
[00:00:04] [worker #23] Bootstrap tree #216, logLikelihood: -629.830826
[00:00:04] [worker #23] Bootstrap tree #216, logLikelihood: -629.830826
[00:00:04] [worker #19] Bootstrap tree #212, logLikelihood: -617.919202
[00:00:04] [worker #0] Bootstrap tree #193, logLikelihood: -611.221113
[00:00:04] [worker #18] Bootstrap tree #211, logLikelihood: -615.722472
[00:00:04] [worker #6] Bootstrap tree #199, logLikelihood: -629.830825
[00:00:04] [worker #15] Bootstrap tree #208, logLikelihood: -629.830825
[00:00:04] [worker #28] Bootstrap tree #253, logLikelihood: -592.578311
[00:00:04] [worker #17] Bootstrap tree #242, logLikelihood: -625.958819
[00:00:04] [worker #25] Bootstrap tree #250, logLikelihood: -629.830825
[00:00:04] [worker #29] Bootstrap tree #254, logLikelihood: -629.830826
[00:00:04] [worker #16] Bootstrap tree #241, logLikelihood: -612.010878
[00:00:04] [worker #31] Bootstrap tree #256, logLikelihood: -629.830825
[00:00:04] [worker #27] Bootstrap tree #252, logLikelihood: -622.457945
[00:00:04] [worker #10] Bootstrap tree #235, logLikelihood: -603.380117
[00:00:04] [worker #20] Bootstrap tree #245, logLikelihood: -629.830824
[00:00:04] [worker #22] Bootstrap tree #247, logLikelihood: -629.830826
[00:00:04] [worker #21] Bootstrap tree #246, logLikelihood: -603.616147
[00:00:04] [worker #12] Bootstrap tree #237, logLikelihood: -629.830825
[00:00:04] [worker #3] Bootstrap tree #228, logLikelihood: -614.319119
[00:00:04] [worker #1] Bootstrap tree #226, logLikelihood: -629.830826
[00:00:04] [worker #26] Bootstrap tree #251, logLikelihood: -629.830825
[00:00:04] [worker #24] Bootstrap tree #249, logLikelihood: -629.830826
[00:00:04] [worker #13] Bootstrap tree #238, logLikelihood: -620.909289
[00:00:04] [worker #8] Bootstrap tree #233, logLikelihood: -629.830825
[00:00:04] [worker #14] Bootstrap tree #239, logLikelihood: -629.830824
[00:00:04] [worker #5] Bootstrap tree #230, logLikelihood: -629.830824
[00:00:04] [worker #30] Bootstrap tree #255, logLikelihood: -629.830825
[00:00:04] [worker #7] Bootstrap tree #232, logLikelihood: -611.066851
[00:00:04] [worker #4] Bootstrap tree #229, logLikelihood: -629.830824
[00:00:04] [worker #9] Bootstrap tree #234, logLikelihood: -622.006015
[00:00:04] [worker #2] Bootstrap tree #227, logLikelihood: -623.669429
[00:00:04] [worker #23] Bootstrap tree #248, logLikelihood: -623.104854
[00:00:04] [worker #18] Bootstrap tree #243, logLikelihood: -642.674634
[00:00:04] [worker #11] Bootstrap tree #236, logLikelihood: -629.830826
[00:00:04] [worker #0] Bootstrap tree #225, logLikelihood: -646.500100
[00:00:04] [worker #15] Bootstrap tree #240, logLikelihood: -618.501319
[00:00:04] [worker #19] Bootstrap tree #244, logLikelihood: -629.830825
[00:00:04] [worker #6] Bootstrap tree #231, logLikelihood: -629.830826
[00:00:05] [worker #11] Bootstrap tree #268, logLikelihood: -624.015679
[00:00:05] [worker #5] Bootstrap tree #262, logLikelihood: -614.705530
[00:00:05] [worker #9] Bootstrap tree #266, logLikelihood: -629.830826
[00:00:05] [worker #12] Bootstrap tree #269, logLikelihood: -623.781293
[00:00:05] [worker #10] Bootstrap tree #267, logLikelihood: -604.419689
[00:00:05] [worker #23] Bootstrap tree #280, logLikelihood: -629.830825
[00:00:05] [worker #1] Bootstrap tree #258, logLikelihood: -625.744008
[00:00:05] [worker #6] Bootstrap tree #263, logLikelihood: -629.830824
[00:00:05] [worker #14] Bootstrap tree #271, logLikelihood: -629.830824
[00:00:05] [worker #30] Bootstrap tree #287, logLikelihood: -606.267448
[00:00:05] [worker #24] Bootstrap tree #281, logLikelihood: -611.825590
[00:00:05] [worker #19] Bootstrap tree #276, logLikelihood: -629.883616
[00:00[05] 0[worker #31] :Bootstrap tree #00288:, logLikelihood: 05] [worker #20] Bootstrap tree #277, logLikelihood: -610.992691-625.800775
[00:00[05] 0[worker #31] :Bootstrap tree #00288:, logLikelihood: 05] [worker #20] Bootstrap tree #277, logLikelihood: -610.992691-625.800775

[00:00:05] [worker #21] Bootstrap tree #278, logLikelihood: -617.788038
[00:00:05] [worker #28] Bootstrap tree #285, logLikelihood: -629.830824
00:00:05] [worker #27] Bootstrap tree #284, logLikelihood: -610.125212
00:00:05] [worker #27] Bootstrap tree #284, logLikelihood: -610.125212
[00:00:05] [worker #26] Bootstrap tree #283, logLikelihood: -619.974576
[00:00:05] [worker #11] Bootstrap tree #300, logLikelihood: -627.491129
[00:00:05] [worker #0] Bootstrap tree #257, logLikelihood: -602.658454
[00:00:05] [worker #4] Bootstrap tree #261, logLikelihood: -633.807846
[00:00:05] [worker #15] Bootstrap tree #272, logLikelihood: -630.736721
[00:00:05] [worker #22] Bootstrap tree #279, logLikelihood: -633.660791
[00:00:05] [worker #17] Bootstrap tree #274, logLikelihood: -629.830825
[00:00:05] [worker #13] Bootstrap tree #270, logLikelihood: -629.830825
[00:00:05] [worker #29] Bootstrap tree #286, logLikelihood: -629.833075
[00:00:05] [worker #8] Bootstrap tree #265, logLikelihood: -613.152397
[00:00:05] [worker #16] Bootstrap tree #273, logLikelihood: -629.830826
[00:00:05] [worker #2] Bootstrap tree #259, logLikelihood: -623.577398
[00:00:05] [worker #3] Bootstrap tree #260, logLikelihood: -629.830825
[00:00:05] [worker #18] Bootstrap tree #275, logLikelihood: -632.026413
[00:00:05] [worker #25] Bootstrap tree #282, logLikelihood: -629.830824
[00:00:05] [worker #7] Bootstrap tree #264, logLikelihood: -629.830825
[00:00:05] [worker #5] Bootstrap tree #294, logLikelihood: -635.518686
[00:00:05] [worker #9] Bootstrap tree #298, logLikelihood: -629.830827
[00:00:05] [worker #30] Bootstrap tree #319, logLikelihood: -632.144611
[00:00:05] [worker #24] Bootstrap tree #313, logLikelihood: -629.830826
[00:00:05] [worker #6] Bootstrap tree #295, logLikelihood: -610.739673
[00:00:05] [worker #21] Bootstrap tree #310, logLikelihood: -629.830825
[00:00:05] [worker #1] Bootstrap tree #290, logLikelihood: -635.719512
[00:00:05] [worker #12] Bootstrap tree #301, logLikelihood: -629.830825
[00:00:05] [worker #23] Bootstrap tree #312, logLikelihood: -626.948832
[00:00:05] [worker #19] Bootstrap tree #308, logLikelihood: -616.235532
[00:00:05] [worker #14] Bootstrap tree #303, logLikelihood: -587.765822
[00:00:05] [worker #31] Bootstrap tree #320, logLikelihood: -604.811294
[00:00:05] [worker #20] Bootstrap tree #309, logLikelihood: -637.471451
[00:00:05] [worker #10] Bootstrap tree #299, logLikelihood: -629.830825
[00:00:05] [worker #28] Bootstrap tree #317, logLikelihood: -629.830826
[00:00:05] [worker #27] Bootstrap tree #316, logLikelihood: -618.493340
[00:00:05] [worker #26] Bootstrap tree #315, logLikelihood: -611.245298
[00:00:05] [worker #25] Bootstrap tree #314, logLikelihood: -605.005856
[00:00:05] [worker #22] Bootstrap tree #311, logLikelihood: -613.883955
[00:00:05] [worker #4] Bootstrap tree #293, logLikelihood: -622.986531
[00:00:05] [worker #0] Bootstrap tree #289, logLikelihood: -617.720555
[00:00:05] [worker #16] Bootstrap tree #305, logLikelihood: -620.641654
[00:00:05] [worker #2] Bootstrap tree #291, logLikelihood: -619.894781
[00:00:05] [worker #3] Bootstrap tree #292, logLikelihood: -629.830825
[00:00:06] [worker #29] Bootstrap tree #318, logLikelihood: -626.443790
[00:00:06] [worker #13] Bootstrap tree #302, logLikelihood: -613.536226
[00:00:06] [worker #7] Bootstrap tree #296, logLikelihood: -629.830826
[00:00:06] [worker #17] Bootstrap tree #306, logLikelihood: -623.435600
[00:00:06] [worker #8] Bootstrap tree #297, logLikelihood: -629.830825
[00:00:06] [worker #18] Bootstrap tree #307, logLikelihood: -617.301389
[00:00:06] [worker #15] Bootstrap tree #304, logLikelihood: -603.147582
[00:00:06] [worker #21] Bootstrap tree #342, logLikelihood: -629.830824
[00:00:06] [worker #1] Bootstrap tree #322, logLikelihood: -599.529830
[00:00:06] [worker #17] Bootstrap tree #338, logLikelihood: -629.830825
[00:00:06] [worker #6] Bootstrap tree #327, logLikelihood: -629.830826
[00:00:06] [worker #8] Bootstrap tree #329, logLikelihood: -603.449101
[00:00:06] [worker #5] Bootstrap tree #326, logLikelihood: -610.450394
[00:00:06] [worker #27] Bootstrap tree #348, logLikelihood: -603.394928
[00:00:06] [worker #9] Bootstrap tree #330, logLikelihood: -614.919572
[00:00:06] [worker #4] Bootstrap tree #325, logLikelihood: -623.773657
[00:00:06] [worker #23] Bootstrap tree #344, logLikelihood: -629.830826
[00:00:06] [worker #14] Bootstrap tree #335, logLikelihood: -629.830825
[00:00:06] [worker #13] Bootstrap tree #334, logLikelihood: -606.767750
[00:00:06] [worker #22] Bootstrap tree #343, logLikelihood: -629.830826
[00:00:06] [worker #19] Bootstrap tree #340, logLikelihood: -613.029144
[00:00:06] [worker #26] Bootstrap tree #347, logLikelihood: -612.626008
[00:00:06] [worker #25] Bootstrap tree #346, logLikelihood: -634.385150
-626.133433
[00:00:06] [worker #24] Bootstrap tree #345, logLikelihood: -629.830825
[00:00:06] [worker #11] Bootstrap tree #332, logLikelihood: -629.830826
[00:00:06] [worker #20] Bootstrap tree #341, logLikelihood: -618.086977
[00:00:06] [worker #2] Bootstrap tree #323, logLikelihood: -630.644148
[00:00:06] [worker #29] Bootstrap tree #350, logLikelihood: -617.785707
[00:00:06] [worker #31] Bootstrap tree #352, logLikelihood: -629.830825
[00:00:06] [worker #12] Bootstrap tree #333, logLikelihood: -629.830826
[00:00:06] [worker #28] Bootstrap tree #349, logLikelihood: -623.837599
[00:00:06] [worker #30] Bootstrap tree #351, logLikelihood: -629.830824
[00:00:06] [worker #16] Bootstrap tree #337, logLikelihood: -629.830825
[00:00:06] [worker #10] Bootstrap tree #331, logLikelihood: -629.830824
[00:00:06] [worker #15] Bootstrap tree #336, logLikelihood: -632.027009
[00:00:06] [worker #3] Bootstrap tree #324, logLikelihood: -629.830824
[00:00:06] [worker #18] Bootstrap tree #339, logLikelihood: -631.876180
[00:00:06] [worker #0] Bootstrap tree #321, logLikelihood: -608.645111
[00:00:07] [worker #27] Bootstrap tree #380, logLikelihood: -616.852701
[00:00:07] [worker #17] Bootstrap tree #370, logLikelihood: -629.830825
[00:00:07] [worker #6] Bootstrap tree #359, logLikelihood: -629.830824
[00:00:07] [worker #11] Bootstrap tree #364, logLikelihood: -611.169162
[00:00:07] [worker #12] Bootstrap tree #365, logLikelihood: -623.084594
[00:00:07] [worker #8] Bootstrap tree #361, logLikelihood: -618.448134
[00:00:07] [worker #13] Bootstrap tree #366, logLikelihood: -608.515838
[00:00:07] [worker #26] Bootstrap tree #379, logLikelihood: -605.135762
[00:00:07] [worker #21] Bootstrap tree #374, logLikelihood: -609.614798
[00:00:07] [worker #4] Bootstrap tree #357, logLikelihood: -632.460927
[00:00:07] [worker #7] Bootstrap tree #360, logLikelihood: -614.014938
[00:00:07] [worker #30] Bootstrap tree #383, logLikelihood: -612.116751
[[00:00:07] [worker #3] Bootstrap tree #356, logLikelihood: -603.633330
-629.072909
[00:00:07] [worker #5] Bootstrap tree #358, logLikelihood: -629.830826
[00:00:07] [worker #29] Bootstrap tree #382, logLikelihood: -629.830825
[00:00:07] [worker #10] Bootstrap tree #363, logLikelihood: -629.830825
[00:00:07] [worker #19] Bootstrap tree #372, logLikelihood: -629.830825
[00:00:07] [worker #14] Bootstrap tree #367, logLikelihood: -623.519586
[00:00:07] [worker #2] Bootstrap tree #355, logLikelihood: -648.635045
[00:00:07] [worker #1] Bootstrap tree #354, logLikelihood: -627.155927
[00:00:07] [worker #22] Bootstrap tree #375, logLikelihood: -629.830825
[00:00:07] [worker #9] Bootstrap tree #362, logLikelihood: -629.830825
[00:00:07] [worker #28] Bootstrap tree #381, logLikelihood: -622.208959
[00:00:07] [worker #15] Bootstrap tree #368, logLikelihood: -616.349468
[00:00:07] [worker #23] Bootstrap tree #376, logLikelihood: -629.830825
[00:00:07] [worker #20] Bootstrap tree #373, logLikelihood: -629.833075
[00:00:07] [worker #31] Bootstrap tree #384, logLikelihood: -628.414545
[00:00:07] [worker #18] Bootstrap tree #371, logLikelihood: -622.402029
[00:00:07] [worker #16] Bootstrap tree #369, logLikelihood: -633.937814
[00:00:07] [worker #24] Bootstrap tree #377, logLikelihood: -629.830826
[00:00:07] [worker #0] Bootstrap tree #353, logLikelihood: -646.567826
[00:00:08] [worker #25] Bootstrap tree #410, logLikelihood: -630.989357
[00:00:08] [worker #4] Bootstrap tree #389, logLikelihood: -612.484980
[00:00:08] [worker #27] Bootstrap tree #412, logLikelihood: -598.805729
[00:00:08] [worker #18] Bootstrap tree #403, logLikelihood: -607.078251
[00:00:08] [worker #17] Bootstrap tree #402, logLikelihood: -624.535817
[00:00:08] [worker #19] Bootstrap tree #404, logLikelihood: -606.172379
[00:00:08] [worker #16] Bootstrap tree #401, logLikelihood: -631.325769
[00:00:08] [worker #9] Bootstrap tree #394, logLikelihood: -621.188039
[00:00:08] [worker #26] Bootstrap tree #411, logLikelihood: -629.830825
[00:00:08] [worker #14] Bootstrap tree #399, logLikelihood: -613.033720
[00:00:08] [worker #28] Bootstrap tree #413, logLikelihood: -622.444499
[00:00:08] [worker #10] Bootstrap tree #395, logLikelihood: -645.106433
[00:00:08] [worker #15] Bootstrap tree #400, logLikelihood: -640.461291
[00:00:08] [worker #12] Bootstrap tree #397, logLikelihood: -627.085665
[00:00:08] [worker #11] Bootstrap tree #396, logLikelihood: -629.830825
[00:00:08] [worker #13] Bootstrap tree #398, logLikelihood: -624.155536
[00:00:08] [worker #30] Bootstrap tree #415, logLikelihood: -629.830825
[00:00:08] [worker #23] Bootstrap tree #408, logLikelihood: -629.830826
-629.830825
[00:00:08] [worker #31] Bootstrap tree #416, logLikelihood: -629.830826
[00:00:08] [worker #8] Bootstrap tree #393, logLikelihood: -629.830826
[00:00:08] [worker #21] Bootstrap tree #406, logLikelihood: -629.830826
[00:00:08] [worker #29] Bootstrap tree #414, logLikelihood: -629.830823
[[00:00:08] [worker #22] Bootstrap tree #407, logLikelihood: -629.83082600
-603.470572
[00:00:08] [worker #24] Bootstrap tree #409, logLikelihood: -626.090155
[00:00:08] [worker #1] Bootstrap tree #386, logLikelihood: -616.067678
[00:00:08] [worker #7] Bootstrap tree #392, logLikelihood: -629.830825
[00:00:08] [worker #3] Bootstrap tree #388, logLikelihood: -645.266305
[00:00:08] [worker #2] Bootstrap tree #387, logLikelihood: -629.830825
[00:00:08] [worker #20] Bootstrap tree #405, logLikelihood: -629.830826
[00:00:08] [worker #0] Bootstrap tree #385, logLikelihood: -636.337316
[00:00:08] [worker #26] Bootstrap tree #443, logLikelihood: -629.830826
[00:00:08] [worker #27] Bootstrap tree #444, logLikelihood: -629.830826
[00:00:08] [worker #25] Bootstrap tree #442, logLikelihood: -629.830825
[00:00:08] [worker #4] Bootstrap tree #421, logLikelihood: -629.830824
[00:00:08] [worker #28] Bootstrap tree #445, logLikelihood: -619.226613
[00:00:08] [worker #15] Bootstrap tree #432, logLikelihood: -627.788468
[00:00:08] [worker #9] Bootstrap tree #426, logLikelihood: -621.719864
[00:00:08] [worker #12] Bootstrap tree #429, logLikelihood: -620.271489
[00:00:08] [worker #10] Bootstrap tree #427, logLikelihood: -633.263482
[00:00:08] [worker #16] Bootstrap tree #433, logLikelihood: -629.830826
[00:00:08] [worker #11] Bootstrap tree #428, logLikelihood: -635.667857
[00:00:08] [worker #6] Bootstrap tree #423, logLikelihood: -609.210049
[[00:00:08] [worker #19] Bootstrap tree #436, logLikelihood: 00:00:08] 
[[00:00:08] [worker #19] Bootstrap tree #436, logLikelihood: 00:00:08] 
[worker #18] Bootstrap tree #435, logLikelihood: -615.107738
[00:00:08] [worker #3] Bootstrap tree #420, logLikelihood: -610.880735
[00:00:08] [worker #13] Bootstrap tree #430, logLikelihood: -614.466370
[00:00:08] [worker #14] Bootstrap tree #431, logLikelihood: -629.830825
[00:00:08] [worker #17] Bootstrap tree #434, logLikelihood: -623.511770
[00:00:08] [worker #31] Bootstrap tree #448, logLikelihood: -629.830825
[00:00:08] [worker #22] Bootstrap tree #439, logLikelihood: -629.830826
[00:00:08] [worker #2] Bootstrap tree #419, logLikelihood: -629.680456
[00:00:08] [worker #8] Bootstrap tree #425, logLikelihood: -611.568165
[00:00:08] [worker #7] Bootstrap tree #424, logLikelihood: -629.830825
[00:00:08] [worker #21] Bootstrap tree #438, logLikelihood: -628.238564
[00:00:08] [worker #23] Bootstrap tree #440, logLikelihood: -629.830826
[00:00:08] [worker #30] Bootstrap tree #447, logLikelihood: -625.475487
[00:00:08] [worker #20] Bootstrap tree #437, logLikelihood: -619.704813
[00:00:08] [worker #1] Bootstrap tree #418, logLikelihood: -619.879615
[00:00:08] [worker #24] Bootstrap tree #441, logLikelihood: -629.830826
[00:00:08] [worker #0] Bootstrap tree #417, logLikelihood: -649.967363
[00:00:08] [worker #29] Bootstrap tree #446, logLikelihood: -629.830823
[00:00:09] [worker #5] Bootstrap tree #422, logLikelihood: -629.830825
[00:00:10] [worker #12] Bootstrap tree #461, logLikelihood: -633.371576
[00:00:10] [worker #3] Bootstrap tree #452, logLikelihood: -623.396512
[00:00:10] [worker #21] Bootstrap tree #470, logLikelihood: -626.921513
[00:00:10] [worker #13] Bootstrap tree #462, logLikelihood: -597.805872
[00:00:10] [worker #25] Bootstrap tree #474, logLikelihood: -633.277781
[00:00:10] [worker #6] Bootstrap tree #455, logLikelihood: -627.159946
[00:00:10] [worker #26] Bootstrap tree #475, logLikelihood: -629.830825
[00:00:10] [worker #23] Bootstrap tree #472, logLikelihood: -615.054630
[00:00:10] [worker #9] Bootstrap tree #458, logLikelihood: -610.005281
[00:00:10] [worker #20] Bootstrap tree #469, logLikelihood: -628.468003
[00:00:10] [worker #7] Bootstrap tree #456, logLikelihood: -621.458132
[00:00:10] [worker #18] Bootstrap tree #467, logLikelihood: -626.663849
[00:00:10] [worker #19] Bootstrap tree #468, logLikelihood: -633.199738
[00:00:10] [worker #1] Bootstrap tree #450, logLikelihood: -623.681019
[00:00:10] [worker #17] Bootstrap tree #466, logLikelihood: -622.361959
[00:00:10] [worker #28] Bootstrap tree #477, logLikelihood: -623.410404
[00:00:10] [worker #31] Bootstrap tree #480, logLikelihood: -629.830824
[00:00:10] [worker #4] Bootstrap tree #453, logLikelihood: -629.830824
[00:00:10] [worker #27] Bootstrap tree #476, logLikelihood: -608.228044
[00:00:10] [worker #11] Bootstrap tree #460, logLikelihood: -629.830826
[00:00:10] [worker #24] Bootstrap tree #473, logLikelihood: -629.830825
[00:00:10] [worker #15] Bootstrap tree #464, logLikelihood: -629.830827
[00:00:10] [worker #16] Bootstrap tree #465, logLikelihood: -629.830823
[00:00:10] [worker #30] Bootstrap tree #479, logLikelihood: -630.300948
[00:00:10] [worker #8] Bootstrap tree #457, logLikelihood: -607.132972
[00:00:10] [worker #29] Bootstrap tree #478, logLikelihood: -634.509044
[00:00:10] [worker #5] Bootstrap tree #454, logLikelihood: -629.830826
[00:00:10] [worker #0] Bootstrap tree #449, logLikelihood: -620.049268
[00:00:10] [worker #22] Bootstrap tree #471, logLikelihood: -629.830826
[00:00:10] [worker #14] Bootstrap tree #463, logLikelihood: -629.830824
[00:00:10] [worker #21] Bootstrap tree #502, logLikelihood: -629.830826
[00:00:10] [worker #10] Bootstrap tree #459, logLikelihood: -628.530994
[00:00:10] [worker #2] Bootstrap tree #451, logLikelihood: -629.830824
[00:00:10] [worker #3] Bootstrap tree #484, logLikelihood: -629.830823
[00:00:10] [worker #17] Bootstrap tree #498, logLikelihood: -627.429869
[00:00:10] [worker #9] Bootstrap tree #490, logLikelihood: -614.682518
[00:00:10] [worker #23] Bootstrap tree #504, logLikelihood: -628.884046
[00:00:10] [worker #26] Bootstrap tree #507, logLikelihood: -617.283765
[00:00:10] [worker #28] Bootstrap tree #509, logLikelihood: -609.384710
[00:00:10] [worker #12] Bootstrap tree #493, logLikelihood: -629.830825
[00:00:10] [worker #13] Bootstrap tree #494, logLikelihood: -629.830826
[00:00:10] [worker #27] Bootstrap tree #508, logLikelihood: -614.161907
[00:00:10] [worker #6] Bootstrap tree #487, logLikelihood: -629.833075
[00:00:10] [worker #30] Bootstrap tree #511, logLikelihood: -615.426794
[00:00:10] [worker #19] Bootstrap tree #500, logLikelihood: -636.846515
[00:00:10] [worker #16] Bootstrap tree #497, logLikelihood: -629.405236
[00:00:10] [worker #31] Bootstrap tree #512, logLikelihood: -586.007014
[00:00:10] [worker #4] Bootstrap tree #485, logLikelihood: -640.083764
[00:00:10] [worker #1] Bootstrap tree #482, logLikelihood: -629.830825
[00:00:10] [worker #7] Bootstrap tree #488, logLikelihood: -611.093669
[[00:00:10] [worker #25] Bootstrap tree #506, logLikelihood: 00:00:10] [worker #5] Bootstrap tree #486, logLikelihood: -616.460354-629.830825

[[00:00:10] [worker #25] Bootstrap tree #506, logLikelihood: 00:00:10] [worker #5] Bootstrap tree #486, logLikelihood: -616.460354-629.830825
[00:00:10] [worker #20] Bootstrap tree #501, logLikelihood: -624.304014
[00:00:10] [worker #29] Bootstrap tree #510, logLikelihood: -635.014484
[00:00:10] [worker #10] Bootstrap tree #491, logLikelihood: -629.830824
[00:00:10] [worker #18] Bootstrap tree #499, logLikelihood: -629.830824
[00:00:10] [worker #11] Bootstrap tree #492, logLikelihood: -610.290707
[00:00:10] [worker #8] Bootstrap tree #489, logLikelihood: -629.830825
[00:00:10] [worker #24] Bootstrap tree #505, logLikelihood: -633.046742
[00:00:10] [worker #15] Bootstrap tree #496, logLikelihood: -614.140770
[00:00:10] [worker #2] Bootstrap tree #483, logLikelihood: -616.689663
[00:00:10] [worker #14] Bootstrap tree #495, logLikelihood: -629.830824
[00:00:10] [worker #22] Bootstrap tree #503, logLikelihood: -623.415392
[00:00:10] [worker #0] Bootstrap tree #481, logLikelihood: -629.830826
[00:00:12] [worker #6] Bootstrap tree #519, logLikelihood: -609.554847
[00:00:12] [worker #26] Bootstrap tree #539, logLikelihood: -629.858136
[00:00:12] [worker #23] Bootstrap tree #536, logLikelihood: [00:00:12] [worker #12] Bootstrap tree #-605.980837, logLikelihood: 
[00:00:12] [worker #23] Bootstrap tree #536, logLikelihood: [00:00:12] [worker #12] Bootstrap tree #-605.980837, logLikelihood: 
-622.848899
[00:00:12] [worker #25] Bootstrap tree #538, logLikelihood: -629.830825
[00:00:12] [worker #18] Bootstrap tree #531, logLikelihood: -655.612538
[00:00:12] [worker #19] Bootstrap tree #532, logLikelihood: -620.158490
[00:00:12] [worker #8] Bootstrap tree #521, logLikelihood: [-609.7636040:00:12] 
[00:00:12] [worker #8] Bootstrap tree #521, logLikelihood: [-609.7636040:00:12] 
[worker #9] Bootstrap tree #522, logLikelihood: -634.459795
[00:00:12] [worker #15] Bootstrap tree #528, logLikelihood: -635.979236
00:00:12] [worker #21] Bootstrap tree #534, logLikelihood: -630.885553
[00:00:12] [worker #10] Bootstrap tree #523, logLikelihood: -629.830827
[00:00:12[[worker #24] Bootstrap tree #537:, logLikelihood: 0:12] [worker #17] Bootstrap tree #530, logLikelihood: -619.281218
[00:00:12[[worker #24] Bootstrap tree #537:, logLikelihood: 0:12] [worker #17] Bootstrap tree #530, logLikelihood: -619.281218
-614.685693
[00:00:12] [worker #5] Bootstrap tree #518, logLikelihood: -638.212739
[00:00:12] [worker #22] Bootstrap tree #535, logLikelihood: -629.830823
[00:00:12] [worker #14] Bootstrap tree #527, logLikelihood: -610.363215
00[00:00:12] [worker #2] Bootstrap tree #515, logLikelihood: -629.833075
-629.830826
[00:00:12] [worker #11] Bootstrap tree #524, logLikelihood: -621.806048
[00:00:12] [worker #30] Bootstrap tree #543, logLikelihood: -616.269511
[00:00:12] [worker #29] Bootstrap tree #542, logLikelihood: -629.830825
[00:00:12] [worker #13] Bootstrap tree #526, logLikelihood: -619.868583
[00:00:12] [worker #27] Bootstrap tree #540, logLikelihood: -629.830827
[00:00:12] [worker #16] Bootstrap tree #529, logLikelihood: -627.890641
[00:00:12] [worker #28] Bootstrap tree #541, logLikelihood: -629.830826
[00:00:12] [worker #31] Bootstrap tree #544, logLikelihood: -623.051964
[00:00:12] [worker #3] Bootstrap tree #516, logLikelihood: -629.830826
[00:00:12] [worker #1] Bootstrap tree #514, logLikelihood: -629.830826
[00:00:12] [worker #4] Bootstrap tree #517, logLikelihood: -631.834877
[00:00:12] [worker #0] Bootstrap tree #513, logLikelihood: -613.717115
[00:00:12] [worker #6] Bootstrap tree #551, logLikelihood: -629.830825
[00:00:12] [worker #20] Bootstrap tree #533, logLikelihood: -629.830825
[00:00:12] [worker #26] Bootstrap tree #571, logLikelihood: -629.830826
[00:00:12] [worker #23] Bootstrap tree #568, logLikelihood: -618.073225
[00:00:12] [worker #11] Bootstrap tree #556, logLikelihood: -629.830826
[00:00:12] [worker #25] Bootstrap tree #570, logLikelihood: -629.830826
[00:00:12] [worker #8] Bootstrap tree #553, logLikelihood: -616.284425
00:00:12] [worker #12] Bootstrap tree #557, logLikelihood: -622.583711
[00:00:12] [worker #21] Bootstrap tree #566, logLikelihood: -629.830825
[00:00:12] [worker #22] Bootstrap tree #567, logLikelihood: -629.830825
[00:00:12] [worker #4] Bootstrap tree #549, logLikelihood: -609.952362
[00:00:12] [worker #28] Bootstrap tree #573, logLikelihood: -623.413727
[00:00:12] [worker #3] Bootstrap tree #548, logLikelihood: -619.906927
[00:00:12] [worker #19] Bootstrap tree #564, logLikelihood: -629.830824
[00:00:12] [worker #7] Bootstrap tree #552, logLikelihood: -633.933914
[00:00:12] [worker #16] Bootstrap tree #561, logLikelihood: -617.104755
[00:00:12] [worker #31] Bootstrap tree #576, logLikelihood: -620.264061
[00:00:12] [worker #18] Bootstrap tree #563, logLikelihood: -623.769884
[00:00:12] [worker #17] Bootstrap tree #562, logLikelihood: -609.248313
[00:00:12] [worker #10] Bootstrap tree #555, logLikelihood: -629.830826
[00:00:12] [worker #15] Bootstrap tree #560, logLikelihood: -629.833075
[00:00:12] [worker #1] Bootstrap tree #546, logLikelihood: -629.830825
[00:00:12] [worker #24] Bootstrap tree #569, logLikelihood: -644.148026
[00:00:12] [worker #9] Bootstrap tree #554, logLikelihood: -629.830825
[00:00:12] [worker #5] Bootstrap tree #550, logLikelihood: -629.830825
[00:00:12] [worker #30] Bootstrap tree #575, logLikelihood: -629.830826
[00:00:12] [worker #2] Bootstrap tree #547, logLikelihood: -629.830825
[00:00:12] [worker #27] Bootstrap tree #572, logLikelihood: -629.830825
[00:00:12] [worker #13] Bootstrap tree #558, logLikelihood: -629.830826
[00:00:12] [worker #20] Bootstrap tree #565, logLikelihood: [-605.936963

[00:00:12] [worker #14] Bootstrap tree #559, logLikelihood: -629.830826
[00:00:12] [worker #0] Bootstrap tree #545, logLikelihood: -607.512648
[00:00:14] [worker #20] Bootstrap tree #597, logLikelihood: -619.504140
[00:00:14] [worker #30] Bootstrap tree #607, logLikelihood: -627.784818
[00:00:14] [worker #12] Bootstrap tree #589, logLikelihood: -629.830825
[00:00:14] [worker #3] Bootstrap tree #580, logLikelihood: -620.187214
[00:00:14] [worker #14] Bootstrap tree #591, logLikelihood: -624.915844
:00:14] [worker #11] Bootstrap tree #588, logLikelihood: -616.247186
[00:00:14] [worker #23] Bootstrap tree #600, logLikelihood: -629.830825
[00:00:14] [worker #7] Bootstrap tree #584, logLikelihood: -636.278255
[00:00:14] [worker #19] Bootstrap tree #596, logLikelihood: -613.788073
[00:00:14] [worker #21] Bootstrap tree #598, logLikelihood: -629.830825
[00:00:14] [worker #22] Bootstrap tree #599, logLikelihood: -629.830825
[00:00:15] [worker #29] Bootstrap tree #606, logLikelihood: -625.971287
[00:00:15] [worker #8] Bootstrap tree #585, logLikelihood: -629.830824
[00:00:15] [worker #17] Bootstrap tree #594, logLikelihood: -629.830825
[00:00:15] [worker #27] Bootstrap tree #604, logLikelihood: -623.589176
[00:00:15] [worker #16] Bootstrap tree #593, logLikelihood: -628.642635
[00:00:15] [worker #9] Bootstrap tree #586, logLikelihood: -629.833075
[00:00:15] [worker #13] Bootstrap tree #590, logLikelihood: -604.507134
[00:00:15] [worker #24] Bootstrap tree #601, logLikelihood: -629.830826
[00:00:15] [worker #10] Bootstrap tree #587, logLikelihood: -614.007198
[00:00:15] [worker #25] Bootstrap tree #602, logLikelihood: -628.812851
-629.830825
[00:00:15] [worker #18] Bootstrap tree #595, logLikelihood: -629.830824
[00:00:15] [worker #2] Bootstrap tree #579, logLikelihood: -629.830825
[00:00:15] [worker #0] Bootstrap tree #577, logLikelihood: -612.506495
[00:00:15] [worker #31] Bootstrap tree #608, logLikelihood: -629.830826
[00:00:15] [worker #1] Bootstrap tree #578, logLikelihood: -629.830825
[00:00:15] [worker #20] Bootstrap tree #629, logLikelihood: -607.582498
[00:00:15] [worker #28] Bootstrap tree #605, logLikelihood: -629.830826
[00:00:15] [worker #6] Bootstrap tree #583, logLikelihood: -629.830826
[00:00:15] [worker #26] Bootstrap tree #603, logLikelihood: -629.830825
[00:00:15] [worker #5] Bootstrap tree #614, logLikelihood: -605.937749
[00:00:15] [worker #15] Bootstrap tree #592, logLikelihood: -629.830826
[00:00:15] [worker #30] Bootstrap tree #639, logLikelihood: -625.399727
[00:00:15] [worker #7] Bootstrap tree #616, logLikelihood: -629.830825
[00:00:15] [worker #4] Bootstrap tree #581, logLikelihood: -629.830826
[00:00:15] [worker #21] Bootstrap tree #630, logLikelihood: -605.106469
[00:00:15] [worker #17] Bootstrap tree #626, logLikelihood: -629.830825
[00:00:15] [worker #12] Bootstrap tree #621, logLikelihood: -629.830826
[00:00:15] [worker #16] Bootstrap tree #625, logLikelihood: -622.374776
[00:00:15] [worker #23] Bootstrap tree #632, logLikelihood: -608.684423
[00:00:15] [worker #14] Bootstrap tree #623, logLikelihood: -629.830825
[00:00:15] [worker #19] Bootstrap tree #628, logLikelihood: -629.830826
[00:00:15] [worker #11] Bootstrap tree #620, logLikelihood: -606.501530
[00:00:15] [worker #2] Bootstrap tree #611, logLikelihood: -629.830825
[00:00:15] [worker #13] Bootstrap tree #622, logLikelihood: -622.783317
[00:00:15] [worker #3] Bootstrap tree #612, logLikelihood: -622.698440
[00:00:15] [worker #24] Bootstrap tree #633, logLikelihood: -621.835783
[00:00:15] [worker #29] Bootstrap tree #638, logLikelihood: -631.521940
[00:00:15] [worker #22] Bootstrap tree #631, logLikelihood: -629.830825
[00:00:15] [worker #31] Bootstrap tree #640, logLikelihood: -629.830825
[00:00:15] [worker #6] Bootstrap tree #615, logLikelihood: -623.054776
[00:00:15] [worker #10] Bootstrap tree #619, logLikelihood: -611.262834
[00:00:15] [worker #1] Bootstrap tree #610, logLikelihood: -629.830825
[00:00:15] [worker #26] Bootstrap tree #635, logLikelihood: -629.830824
[00:00:15] [worker #27] Bootstrap tree #636, logLikelihood: -629.830826
[00:00:15] [worker #4] Bootstrap tree #613, logLikelihood: -613.538383
[00:00:15] [worker #25] Bootstrap tree #634, logLikelihood: -610.141675
[00:00:15] [worker #8] Bootstrap tree #617, logLikelihood: -629.826356
[00:00:15] [worker #28] Bootstrap tree #637, logLikelihood: -636.983835
[00:00:15] [worker #18] Bootstrap tree #627, logLikelihood: -620.328205
[00:00:15] [worker #0] Bootstrap tree #609, logLikelihood: -608.510854
[00:00:15] [worker #9] Bootstrap tree #618, logLikelihood: -624.867633
[00:00:15] [worker #15] Bootstrap tree #624, logLikelihood: -608.810148
[00:00:17] [worker #9] Bootstrap tree #650, logLikelihood: -640.724855
[00:00:17] [worker #12] Bootstrap tree #653, logLikelihood: -619.354577
[00:00:17] [worker #3] Bootstrap tree #644, logLikelihood: -629.660783
[00:00:17] [worker #13] Bootstrap tree #654, logLikelihood: -629.830824
[00:00:17] [worker #7] Bootstrap tree #648, logLikelihood: -630.243461
[00:00:17] [worker #14] Bootstrap tree #655, logLikelihood: -616.375365
[00:00:17] [worker #4] Bootstrap tree #645, logLikelihood: -627.744998
[00:00:17] [worker #21] Bootstrap tree #662, logLikelihood: -647.552155
[00:00:17] [worker #29] Bootstrap tree #670, logLikelihood: -629.830825
[00:00:17] [worker #30] Bootstrap tree #671, logLikelihood: -620.574580
[00:00:17] [worker #20] Bootstrap tree #661, logLikelihood: -611.814937
[00:00:17] [worker #17] Bootstrap tree #658, logLikelihood: -604.189889
[00:00:17] [worker #31] Bootstrap tree #672, logLikelihood: -629.826356
[00:00:17] [worker #8] Bootstrap tree #649, logLikelihood: -637.482020
[00:00:17] [worker #23] Bootstrap tree #664, logLikelihood: -630.021096
[00:00:17] [worker #5] Bootstrap tree #646, logLikelihood: -605.711774
[00:00:17] [worker #24] Bootstrap tree #665, logLikelihood: -629.830827
[00:00:17] [worker #11] Bootstrap tree #652, logLikelihood: -625.808454
[00:00:17] [worker #6] Bootstrap tree #647, logLikelihood: -629.830825
[00:00:17] [worker #22] Bootstrap tree #663, logLikelihood: -623.641243
[00:00:17] [worker #27] Bootstrap tree #668, logLikelihood: -620.348806
[00:00:17] [worker #1] Bootstrap tree #642, logLikelihood: -607.454529
[00:00:17] [worker #10] Bootstrap tree #651, logLikelihood: -629.830826
[00:00:17] [worker #19] Bootstrap tree #660, logLikelihood: -612.852900
[00:00:17] [worker #0] Bootstrap tree #641, logLikelihood: -629.830827
[00:00:17] [worker #28] Bootstrap tree #669, logLikelihood: -610.997261
[00:00:17] [worker #15] Bootstrap tree #656, logLikelihood: -629.830825
[00:00:17] [worker #18] Bootstrap tree #659, logLikelihood: -623.772799
[00:00:17] [worker #26] Bootstrap tree #667, logLikelihood: -635.274316
[00:00:17] [worker #2] Bootstrap tree #643, logLikelihood: -613.741831
[00:00:17] [worker #13] Bootstrap tree #686, logLikelihood: -626.473626
[00:00:17] [worker #25] Bootstrap tree #666, logLikelihood: -629.830826
[00:00:17] [worker #16] Bootstrap tree #657, logLikelihood: -629.830825
[00:00:17] [worker #29] Bootstrap tree #702, logLikelihood: -627.912748
[00:00:17] [worker #9] Bootstrap tree #682, logLikelihood: -629.830825
[00:00:17] [worker #3] Bootstrap tree #676, logLikelihood: -629.830826
[00:00:17] [worker #23] Bootstrap tree #696, logLikelihood: -607.251484
[00:00:17] [worker #14] Bootstrap tree #687, logLikelihood: -617.969454
[00:00:17] [worker #6] Bootstrap tree #679, logLikelihood: -606.379897
[00:00:17] [worker #31] Bootstrap tree #704, logLikelihood: -629.830824
[00:00:17] [worker #30] Bootstrap tree #703, logLikelihood: -615.326487
[00:00:17] [worker #21] Bootstrap tree #694, logLikelihood: -629.830826
[00:00:17] [worker #7] Bootstrap tree #680, logLikelihood: -636.840998
-639.696839
[00:00:17] [worker #1] Bootstrap tree #674, logLikelihood: -629.833075
[00:00:17] [worker #5] Bootstrap tree #678, logLikelihood: -615.264264
[00:00:17] [worker #19] Bootstrap tree #692, logLikelihood: -629.830825
[00:00:17] [worker #4] Bootstrap tree #677, logLikelihood: -629.830826
[00:00:17] [worker #8] Bootstrap tree #681, logLikelihood: -632.217762
[00:00:17] [worker #17] Bootstrap tree #690, logLikelihood: -629.830826
[00:00:17] [worker #11] Bootstrap tree #684, logLikelihood: -629.117400
[00:00:17] [worker #20] Bootstrap tree #693, logLikelihood: -609.340480
[00:00:17] [worker #2] Bootstrap tree #675, logLikelihood: -629.833075
[00:00:17] [worker #22] Bootstrap tree #695, logLikelihood: -623.073647
[00:00:17] [worker #16] Bootstrap tree #689, logLikelihood: -634.589726
[00:00:17] [worker #27] Bootstrap tree #700, logLikelihood: -629.830825
[00:00:17] [worker #28] Bootstrap tree #701, logLikelihood: -637.190848
[00:00:17] [worker #24] Bootstrap tree #697, logLikelihood: -616.765539
[00:00:17] [worker #18] Bootstrap tree #691, logLikelihood: -629.830825
[00:00:17] [worker #26] Bootstrap tree #699, logLikelihood: -623.564772
[00:00:17] [worker #25] Bootstrap tree #698, logLikelihood: -629.830826
[00:00:17] [worker #10] Bootstrap tree #683, logLikelihood: -629.830825
[00:00:17] [worker #0] Bootstrap tree #673, logLikelihood: -629.830825
[00:00:17] [worker #15] Bootstrap tree #688, logLikelihood: -629.830826
[00:00:19] [worker #13] Bootstrap tree #718, logLikelihood: -629.830826
[00:00:19] [worker #19] Bootstrap tree #724, logLikelihood: -595.810077
[00:00:19] [worker #2] Bootstrap tree #707, logLikelihood: -628.566819
[00:00:19] [worker #25] Bootstrap tree #730, logLikelihood: -633.309380
[00:00:19] [worker #1] Bootstrap tree #706, logLikelihood: -629.830826
[00:00:19] [worker #21] Bootstrap tree #726, logLikelihood: -629.830825
[00:00:19] [worker #5] Bootstrap tree #710, logLikelihood: -629.830824
[00:00:19] [worker #28] Bootstrap tree #733, logLikelihood: -619.615906
[00:00:19] [worker #24] Bootstrap tree #729, logLikelihood: -625.111607
[00:00:19] [worker #3] Bootstrap tree #708, logLikelihood: -629.830826
[00:00:19] [worker #23] Bootstrap tree #728, logLikelihood: -629.830826
[00:00:19] [worker #16] Bootstrap tree #721, logLikelihood: -629.830825
[00:00:19] [worker #26] Bootstrap tree #731, logLikelihood: -629.830826
[00:00:19] [worker #9] Bootstrap tree #714, logLikelihood: -629.830825
[00:00:19] [worker #22] Bootstrap tree #727, logLikelihood: -629.830826
[00:00:19] [worker #12] Bootstrap tree #717, logLikelihood: -638.011140
[00:00:19] [worker #30] Bootstrap tree #735, logLikelihood: -629.830825
[00:00:19] [worker #11] Bootstrap tree #716, logLikelihood: -631.817090
[00:00:19] [worker #10] Bootstrap tree #715, logLikelihood: -629.830826
[00:00:19] [worker #7] Bootstrap tree #712, logLikelihood: -605.033932
[00:00:19] [worker #15] Bootstrap tree #720, logLikelihood: -629.830824
[00:00:19] [worker #6] Bootstrap tree #711, logLikelihood: -617.899400
[00:00:19] [worker #31] Bootstrap tree #736, logLikelihood: -641.076951
[00:00:19] [worker #18] Bootstrap tree #723, logLikelihood: -629.830825
[00:00:19] [worker #29] Bootstrap tree #734, logLikelihood: -598.911686
[00:00:19] [worker #27] Bootstrap tree #732, logLikelihood: -617.310509
00:00:19] [worker #14] Bootstrap tree #719, logLikelihood: -639.284745
[00:00:19] [worker #4] Bootstrap tree #709, logLikelihood: -629.830826
[00:00:19] [worker #17] Bootstrap tree #722, logLikelihood: -629.830826
[00:00:19] [worker #0] Bootstrap tree #705, logLikelihood: -630.274487
[00:00:20] [worker #2] Bootstrap tree #739, logLikelihood: -630.638141
[00:00:20] [worker #13] Bootstrap tree #750, logLikelihood: -630.192942
[00:00:20] [worker #8] Bootstrap tree #713, logLikelihood: -643.517821
[00:00:20] [worker #19] Bootstrap tree #756, logLikelihood: -629.830825
[00:00:20] [worker #20] Bootstrap tree #725, logLikelihood: -626.282521
[00:00:20] [worker #21] Bootstrap tree #758, logLikelihood: -626.777599
[00:00:20] [worker #28] Bootstrap tree #765, logLikelihood: -629.830826
[00:00:20] [worker #11] Bootstrap tree #748, logLikelihood: -619.481801
[00:00:20] [worker #25] Bootstrap tree #762, logLikelihood: -630.650719
[00:00:20] [worker #16] Bootstrap tree #753, logLikelihood: -608.712458
[00:00:20] [worker #31] Bootstrap tree #768, logLikelihood: -633.179444
[00:00:20] [worker #7] Bootstrap tree #744, logLikelihood: -628.919564
[00:00:20] [worker #22] Bootstrap tree #759, logLikelihood: -615.975112
[00:00:20] [worker #23] Bootstrap tree #760, logLikelihood: -612.770837
[00:00:20] [worker #14] Bootstrap tree #751, logLikelihood: -629.830825
[00:00:20] [worker #18] Bootstrap tree #755, logLikelihood: -610.254668
[00:00:20] [worker #12] Bootstrap tree #749, logLikelihood: -629.830825
[00:00:20] [worker #27] Bootstrap tree #764, logLikelihood: -608.792845
[00:00:20] [worker #15] Bootstrap tree #752, logLikelihood: -606.761980
[00:00:20] [worker #3] Bootstrap tree #740, logLikelihood: -625.347706
[00:00:20] [worker #5] Bootstrap tree #742, logLikelihood: -621.134586
[00:00:20] [worker #24] Bootstrap tree #761, logLikelihood: -626.839576
[00:00:20] [worker #1] Bootstrap tree #738, logLikelihood: -630.102936
[00:00:20] [worker #6] Bootstrap tree #743, logLikelihood: -610.043827
[00:00:20] [worker #30] Bootstrap tree #767, logLikelihood: -629.830826
[00:00:20] [worker #10] Bootstrap tree #747, logLikelihood: -629.830825
[00:00:20] [worker #29] Bootstrap tree #766, logLikelihood: -629.830826
[00:00:20] [worker #26] Bootstrap tree #763, logLikelihood: -584.615901
[00:00:20] [worker #8] Bootstrap tree #745, logLikelihood: -629.830825
[00:00:20] [worker #9] Bootstrap tree #746, logLikelihood: -629.830825
[00:00:20] [worker #0] Bootstrap tree #737, logLikelihood: -613.626873
[00:00:20] [worker #17] Bootstrap tree #754, logLikelihood: -619.501375
[00:00:20] [worker #4] Bootstrap tree #741, logLikelihood: -629.830825
[00:00:20] [worker #20] Bootstrap tree #757, logLikelihood: -627.379052
[00:00:23] [worker #8] Bootstrap tree #777, logLikelihood: -633.047091
[00:00:23] [worker #20] Bootstrap tree #789, logLikelihood: -624.184654
[00:00:23] [worker #5] Bootstrap tree #774, logLikelihood: -581.601233
[00:00:23] [worker #28] Bootstrap tree #797, logLikelihood: -617.591154
[00:00:23] [worker #25] Bootstrap tree #794, logLikelihood: -639.322998
[00:00:23] [worker #1] Bootstrap tree #770, logLikelihood: -610.524915
[00:00:23] [worker #13] Bootstrap tree #782, logLikelihood: -638.742437
[00:00:23] [worker #15] Bootstrap tree #784, logLikelihood: -629.830825
[00:00:23] [worker #6] Bootstrap tree #775, logLikelihood: -639.124920
[00:00:23] [worker #19] Bootstrap tree #788, logLikelihood: -631.060042
[worker #2] Bootstrap tree #771, logLikelihood: -606.762658
[00:00:23] [worker #0] Bootstrap tree #769, logLikelihood: -629.830825
[00:00:23] [worker #9] Bootstrap tree #778, logLikelihood: -629.830827
[00:00:23] [worker #7] Bootstrap tree #776, logLikelihood: -628.082097
[00:00:23] [worker #23] Bootstrap tree #792, logLikelihood: -628.696520
[00:00:23] [worker #17] Bootstrap tree #786, logLikelihood: -629.830826
[00:00:23] [worker #16] Bootstrap tree #785, logLikelihood: -629.830825
[00:00:23] [worker #27] Bootstrap tree #796, logLikelihood: -616.854481
[00:00:23] [worker #27] Bootstrap tree #796, logLikelihood: -616.854481
[00:00:23] [worker #26] Bootstrap tree #795, logLikelihood: -629.995575
[00:00:23] [worker #27] Bootstrap tree #796, logLikelihood: -616.854481
[00:00:23] [worker #26] Bootstrap tree #795, logLikelihood: -629.995575
[00:00:23] [worker #24] Bootstrap tree #793, logLikelihood: -635.222943
[00:00:23] [worker #21] Bootstrap tree #790, logLikelihood: -629.830826
23] [worker #29] Bootstrap tree #798, logLikelihood: -624.443266
[00:00:23] [worker #30] Bootstrap tree #799, logLikelihood: -629.830825
[00:00:23] [worker #18] Bootstrap tree #787, logLikelihood: -626.031838
[00:00:23] [worker #11] Bootstrap tree #780, logLikelihood: -622.318104
[00:00:23] [worker #14] Bootstrap tree #783, logLikelihood: -629.830826
[00:00:23] [worker #22] Bootstrap tree #791, logLikelihood: -643.006862
[00:00:23] [worker #3] Bootstrap tree #772, logLikelihood: -629.830826
[00:00:23] [worker #12] Bootstrap tree #781, logLikelihood: -629.830826
[00:00:23] [worker #4] Bootstrap tree #773, logLikelihood: -629.830825
[00:00:23] [worker #31] Bootstrap tree #800, logLikelihood: -629.830826
[00:00:23] [worker #10] Bootstrap tree #779, logLikelihood: -629.830823
[00:00:23] [worker #25] Bootstrap tree #826, logLikelihood: -619.709004
[00:00:23] [worker #8] Bootstrap tree #809, logLikelihood: -629.830825
[00:00:23] [worker #5] Bootstrap tree #806, logLikelihood: -623.124089
[00:00:23] [worker #28] Bootstrap tree #829, logLikelihood: -614.971056
[00:00:23] [worker #15] Bootstrap tree #816, logLikelihood: -628.137334
[00:00:23] [worker #20] Bootstrap tree #821, logLikelihood: -622.359763
[00:00:23] [worker #13] Bootstrap tree #814, logLikelihood: -625.442035
[00:00:23] [worker #0] Bootstrap tree #801, logLikelihood: -620.781842
[00:00:23] [worker #17] Bootstrap tree #818, logLikelihood: -629.826356
[00:00:23] [worker #19] Bootstrap tree #820, logLikelihood: -587.310241
[00:00:23] [worker #18] Bootstrap tree #819, logLikelihood: -616.147544
[00:00:23] [worker #9] Bootstrap tree #810, logLikelihood: -629.830826
[00:00:23] [worker #6] Bootstrap tree #807, logLikelihood: -631.059888
[00:00:23] [worker #7] Bootstrap tree #808, logLikelihood: -617.309590
[00:00:23] [worker #3] Bootstrap tree #804, logLikelihood: -629.830825
[00:00:23] [worker #30] Bootstrap tree #831, logLikelihood: -629.406756
[00:00:23] [worker #31] Bootstrap tree #832, logLikelihood: -630.212501
[00:00:23] [worker #26] Bootstrap tree #827, logLikelihood: -629.830826
[00:00:23] [worker #14] Bootstrap tree #815, logLikelihood: -629.830825
Bootstrap tree #817, logLikelihood: -629.830825[
00:00:23] [worker #11] Bootstrap tree #812, logLikelihood: -629.830824
[00:00:23] [worker #4] Bootstrap tree #805, logLikelihood: -612.567287[
, logLikelihood: [-629.830825
-629.830825
[00:00:23] [worker #22] Bootstrap tree #823, logLikelihood: -629.830827
[00:00:23] [worker #1] Bootstrap tree #802, logLikelihood: -629.830825
[00:00:23] [worker #27] Bootstrap tree #828, logLikelihood: [-629.66234300
-624.839888
[00:00:23] [worker #12] Bootstrap tree #813, logLikelihood: -624.479790
[00:00:23] [worker #23] Bootstrap tree #824, logLikelihood: -629.830826
[00:00:23] [worker #21] Bootstrap tree #822, logLikelihood: -607.258344
[00:00:23] [worker #29] Bootstrap tree #830, logLikelihood: -616.280879
[00:00:25] [worker #12] Bootstrap tree #845, logLikelihood: -612.636558
[00:00:25] [worker #31] Bootstrap tree #864, logLikelihood: -636.006538
[00:00:25] [worker #17] Bootstrap tree #850, logLikelihood: -640.275628
[00:00:25] [worker #4] Bootstrap tree #837, logLikelihood: -606.842658
[00:00:25] [worker #18] Bootstrap tree #851, logLikelihood: -629.830825
[00:00:25] [worker #11] Bootstrap tree #844, logLikelihood: -629.830826
[00:00:25] [worker #30] Bootstrap tree #863, logLikelihood: [00:-599.48670100:25] [worker #8] 
[00:00:25] [worker #30] Bootstrap tree #863, logLikelihood: [00:-599.48670100:25] [worker #8] 
841, logLikelihood: -634.418660
[00:00:25] [worker #1] Bootstrap tree #834, logLikelihood: -585.659277
[00:00:25] [worker #21] Bootstrap tree #854, logLikelihood: -629.830825
[00:00:25] [worker #22] Bootstrap tree #855, logLikelihood: -609.850513
[00:00:25] [worker #26] Bootstrap tree #859, logLikelihood: -630.429172
[00:00:25] [worker #6] Bootstrap tree #839, logLikelihood: -628.990288
[00:00:25] [worker #15] Bootstrap tree #848, logLikelihood: -615.357753
[00:00:25] [worker #19] Bootstrap tree #852, logLikelihood: -631.192447
[00:00:25] [worker #29] Bootstrap tree #862, logLikelihood: -629.830825
[00:00:25] [worker #23] Bootstrap tree #856, logLikelihood: -617.911270
[00:00:25] [worker #16] Bootstrap tree #849, logLikelihood: -629.830825
[00:00:25] [worker #14] Bootstrap tree #847, logLikelihood: -609.947337
[00:00:25] [worker #25] Bootstrap tree #858, logLikelihood: -629.830825
[00:00:25] [worker #27] Bootstrap tree #860, logLikelihood: -614.339056
[00:00:25] [worker #13] Bootstrap tree #846, logLikelihood: -638.899966
[00:00:25] [worker #7] Bootstrap tree #840, logLikelihood: -629.830826
[00:00:25] [worker #24] Bootstrap tree #857, logLikelihood: -629.830825
[00:00:25] [worker #3] Bootstrap tree #836, logLikelihood: -629.830826
[00:00:25] [worker #20] Bootstrap tree #853, logLikelihood: -629.830825
[00:00:25] [worker #0] Bootstrap tree #833, logLikelihood: -629.830825
[00:00:25] [worker #2] Bootstrap tree #835, logLikelihood: -606.840936
[00:00:25] [worker #28] Bootstrap tree #861, logLikelihood: -629.830826
[00:00:25] [worker #5] Bootstrap tree #838, logLikelihood: -629.830825
[00:00:25] [worker #10] Bootstrap tree #843, logLikelihood: -629.830825
[00:00:25] [worker #31] Bootstrap tree #896, logLikelihood: -611.734207
[00:00:25] [worker #9] Bootstrap tree #842, logLikelihood: -629.830825
[00:00:25] [worker #12] Bootstrap tree #877, logLikelihood: -615.655773
[00:00:25] [worker #22] Bootstrap tree #887, logLikelihood: [-616.354842
[00:00:25] [worker #22] Bootstrap tree #887, logLikelihood: [-616.354842
00:00:25] [worker #1] Bootstrap tree #866, logLikelihood: -618.780301
[00:00:25] [worker #17] Bootstrap tree #882, logLikelihood: -629.830824
[00:00:25] [worker #18] Bootstrap tree #883, logLikelihood: -618.207889
[00:00:25] [worker #4] Bootstrap tree #869, logLikelihood: -599.019261
[00:00:25] [worker #7] Bootstrap tree #872, logLikelihood: -635.098464
[00:00:25] [worker #11] Bootstrap tree #876, logLikelihood: -630.082839
00:00:25] [worker #15] Bootstrap tree #880, logLikelihood: -629.830823
[00:00:25] [worker #13] Bootstrap tree #878, logLikelihood: -605.249920
[00:00:25] [worker #21] Bootstrap tree #886, logLikelihood: -629.830825
[00:00:25] [worker #14] Bootstrap tree #879, logLikelihood: -629.830826
[00:00:25] [worker #25] Bootstrap tree #890, logLikelihood: -617.083515
[00:00:25] [worker #16] Bootstrap tree #881, logLikelihood: -618.398779
[00:00:25] [worker #24] Bootstrap tree #889, logLikelihood: -629.830825
[worker #8] Bootstrap tree #873, logLikelihood: -628.425552
[00:00:25] [worker #2] Bootstrap tree #867, logLikelihood: -629.830824
[00:00:25] [worker #29] Bootstrap tree #894, logLikelihood: -639.147009
[00:00:25] [worker #26] Bootstrap tree #891, logLikelihood: -611.330583
[00:00:25] [worker #3] Bootstrap tree #868, logLikelihood: -629.830824
[00:00:25] [worker #28] Bootstrap tree #893, logLikelihood: -629.830826
[00:00:25] [worker #20] Bootstrap tree #885, logLikelihood: -629.830825
[00:00:25] [worker #30] Bootstrap tree #895, logLikelihood: -626.731658
[00:00:25] [worker #19] Bootstrap tree #884, logLikelihood: -629.830825
[00:00:25] [worker #23] Bootstrap tree #888, logLikelihood: -595.540045
[00:00:26] [worker #0] Bootstrap tree #865, logLikelihood: -629.830826
[00:00:26] [worker #6] Bootstrap tree #871, logLikelihood: -629.830826
[[00:00:26] [worker #5] Bootstrap tree #870, logLikelihood: -629.830824
00:00:26] [worker #9] Bootstrap tree #874, logLikelihood: -606.065775
[00:00:26] [worker #27] Bootstrap tree #892, logLikelihood: -629.830826
[00:00:26] [worker #10] Bootstrap tree #875, logLikelihood: -629.830824
[00:00:28] [worker #1] Bootstrap tree #898, logLikelihood: -629.833075
[00:00:28] [worker #12] Bootstrap tree #909, logLikelihood: -617.247437
[00:00:28] [worker #8] Bootstrap tree #905, logLikelihood: -606.283469
[00:00:28] [worker #21] Bootstrap tree #918, logLikelihood: -631.073810
[00:00:28] [worker #5] Bootstrap tree #902, logLikelihood: -629.830824
[00:00:28] [worker #29] Bootstrap tree #926, logLikelihood: -608.704596
[00:00:28] [worker #25] Bootstrap tree #922, logLikelihood: -624.016614
[00:00:28] [worker #28] Bootstrap tree #925, logLikelihood: -617.878781
[00:00:28] [worker #20] Bootstrap tree #917, logLikelihood: -594.022398
[00:00:28] [worker #24] Bootstrap tree #921, logLikelihood: -629.830824
[00:00:28] [worker #19] Bootstrap tree #916, logLikelihood: -640.446757
[00:00:28] [worker #6] Bootstrap tree #903, logLikelihood: -618.867985
[00:00:28] [worker #26] Bootstrap tree #923, logLikelihood: -629.830825
[00:00:28] [worker #10] Bootstrap tree #907, logLikelihood: -629.830826
[00:00:28] [worker #30] Bootstrap tree #927, logLikelihood: -603.528243
[00:00:28] [worker #31] Bootstrap tree #928, logLikelihood: -634.087303
[00:00:28] [worker #22] Bootstrap tree #919, logLikelihood: -604.388791
[00:00:28] [worker #11] Bootstrap tree #908, logLikelihood: -631.702422
[00:00:28] [worker #14] Bootstrap tree #911, logLikelihood: -617.740185
[00:00:28] [worker #7] Bootstrap tree #904, logLikelihood: -630.102375
[00:00:28] [worker #4] Bootstrap tree #901, logLikelihood: -612.724089
[00:00:28] [worker #27] Bootstrap tree #924, logLikelihood: -629.830826
[00:00:28] [worker #13] Bootstrap tree #910, logLikelihood: -615.259141
[00:00:28] [worker #18] Bootstrap tree #915, logLikelihood: -624.471426
[00:00:28] [worker #3] Bootstrap tree #900, logLikelihood: -629.830826
[00:00:28] [worker #1] Bootstrap tree #930, logLikelihood: -629.830825
[00:00:28] [worker #15] Bootstrap tree #912, logLikelihood: -629.830826
[00:00:28] [worker #16] Bootstrap tree #913, logLikelihood: -629.830825
[00:00:28] [worker #17] Bootstrap tree #914, logLikelihood: -629.830825
[00:00:28] [worker #0] Bootstrap tree #897, logLikelihood: -629.830826
[00:00:28] [worker #23] Bootstrap tree #920, logLikelihood: -629.830826
[00:00:28] [worker #12] Bootstrap tree #941, logLikelihood: -629.215888
[00:00:28] [worker #21] Bootstrap tree #950, logLikelihood: -629.830827
[00:00:28] [worker #9] Bootstrap tree #906, logLikelihood: -629.830825
[00:00:28] [worker #8] Bootstrap tree #937, logLikelihood: -594.401786
[00:00:28] [worker #5] Bootstrap tree #934, logLikelihood: -623.856693
[00:00:28] [worker #20] Bootstrap tree #949, logLikelihood: -629.830826
[00:00:28] [worker #26] Bootstrap tree #955, logLikelihood: -629.826356
[00:00:28] [worker #11] Bootstrap tree #940, logLikelihood: -623.433861
[00:00:28] [worker #29] Bootstrap tree #958, logLikelihood: -629.830825
[00:00:28] [worker #24] Bootstrap tree #953, logLikelihood: -629.830826
[00:00:28] [worker #2] Bootstrap tree #899, logLikelihood: -629.830826
[00:00:28] [worker #25] Bootstrap tree #954, logLikelihood: -630.877377
00:00:28] [worker #19] Bootstrap tree #948, logLikelihood: -629.830826
[00:00:28] [worker #31] Bootstrap tree #960, logLikelihood: -619.461462
[00:00:28] [worker #27] Bootstrap tree #956, logLikelihood: -622.130188
[00:00:28] [worker #22] Bootstrap tree #951, logLikelihood: -629.830826
[00:00:28] [worker #10] Bootstrap tree #939, logLikelihood: -629.830825
[00:00:28] [worker #28] Bootstrap tree #957, logLikelihood: -629.830826
[00:00:28] [worker #6] Bootstrap tree #935, logLikelihood: -629.830825
[00:00:28] [worker #23] Bootstrap tree #952, logLikelihood: -608.556319
[00:00:28] [worker #7] Bootstrap tree #936, logLikelihood: -587.971641
[00:00:28] [worker #18] Bootstrap tree #947, logLikelihood: -639.009487
[00:00:28] [worker #30] Bootstrap tree #959, logLikelihood: -634.126623
[00:00:28] [worker #14] Bootstrap tree #943, logLikelihood: -622.542900
[00:00:28] [worker #4] Bootstrap tree #933, logLikelihood: -629.830825
[00:00:28] [worker #13] Bootstrap tree #942, logLikelihood: -611.064375
[00:00:28] [worker #0] Bootstrap tree #929, logLikelihood: -629.830825
[00:00:28] [worker #9] Bootstrap tree #938, logLikelihood: -620.186236
[00:00:28] [worker #3] Bootstrap tree #932, logLikelihood: -614.259765
[00:00:28] [worker #15] Bootstrap tree #944, logLikelihood: -629.830826
[00:00:28] [worker #17] Bootstrap tree #946, logLikelihood: -629.830825
[00:00:28] [worker #16] Bootstrap tree #945, logLikelihood: -621.521074
[00:00:28] [worker #2] Bootstrap tree #931, logLikelihood: -637.782793
[00:00:31] [worker #30] Bootstrap tree #991, logLikelihood: -605.540688
[00:00:31] [worker #12] Bootstrap tree #973, logLikelihood: -629.830824
[00:00:31] [worker #1] Bootstrap tree #962, logLikelihood: -615.709866
[00:00:31] [worker #15] Bootstrap tree #976, logLikelihood: -635.459049
[00:00:31] [worker #2] Bootstrap tree #963, logLikelihood: -629.830823
[00:00:31] [worker #11] Bootstrap tree #972, logLikelihood: -606.847901
[00:00:31] [worker #9] Bootstrap tree #970, logLikelihood: -641.383916
[00:00:31] [worker #26] Bootstrap tree #987, logLikelihood: -629.830825
[00:00:31] [worker #10] Bootstrap tree #971, logLikelihood: -645.235360
[00:00:31] [worker #20] Bootstrap tree #981, logLikelihood: -610.815645
[00:00:31] [worker #21] Bootstrap tree #982, logLikelihood: -626.193065
00:00:31] [worker #14] Bootstrap tree #975, logLikelihood: -616.602657
[00:00:31] [worker #18] Bootstrap tree #979, logLikelihood: -628.939615
[00:00:31] [worker #23] Bootstrap tree #984, logLikelihood: -631.790465
, logLikelihood: -625.180150
[00:00:31] [worker #19] Bootstrap tree #980, logLikelihood: -629.830825
[00:00:31] [worker #3] Bootstrap tree #964, logLikelihood: -609.850513
[00:00:31] [worker #31] Bootstrap tree #992, logLikelihood: -629.830826
[00:00:31] [worker #17] Bootstrap tree #978, logLikelihood: -629.830825
[00:00:31] [worker #25] Bootstrap tree #986, logLikelihood: -623.732793
[00:00:31] [worker #27] Bootstrap tree #988, logLikelihood: -629.830826
[00:00:31] [worker #6] Bootstrap tree #967, logLikelihood: -607.200157
[00:00:31] [worker #16] Bootstrap tree #977, logLikelihood: -609.554602
[00:00:31] [worker #28] Bootstrap tree #989, logLikelihood: -604.101088
[00:00:31] [worker #29] Bootstrap tree #990, logLikelihood: -605.716246
[00:00:31] [worker #5] Bootstrap tree #966, logLikelihood: -608.437003
-629.830825
[00:00:31] [worker #0] Bootstrap tree #961, logLikelihood: -629.830823
[00:00:31] [worker #13] Bootstrap tree #974, logLikelihood: -629.830826
[00:00:31] [worker #22] Bootstrap tree #983, logLikelihood: -622.717116
[00:00:31] [worker #8] Bootstrap tree #969, logLikelihood: -629.830826
[00:00:31] [worker #1] Bootstrap tree #994, logLikelihood: -596.694345
[00:00:31] [worker #7] Bootstrap tree #968, logLikelihood: -629.830826
[00:00:31] [worker #2] Bootstrap tree #995, logLikelihood: -620.068200
[00:00:31] [worker #4] Bootstrap tree #997, logLikelihood: -600.958593
[00:00:31] [worker #3] Bootstrap tree #996, logLikelihood: -611.505094
[00:00:31] [worker #0] Bootstrap tree #993, logLikelihood: -633.605599
[00:00:31] [worker #6] Bootstrap tree #999, logLikelihood: -629.830826
[00:00:31] [worker #5] Bootstrap tree #998, logLikelihood: -629.830826
[00:00:31] [worker #7] Bootstrap tree #1000, logLikelihood: -613.019274

Optimized model parameters:

   Partition 0: noname
   Rate heterogeneity: GAMMA (4 cats, mean),  alpha: 99.846419 (ML),  weights&rates: (0.250000,0.875813) (0.250000,0.964710) (0.250000,1.029570) (0.250000,1.129908) 
   Base frequencies (ML): 0.342595 0.131861 0.123773 0.401771 
   Substitution rates (ML): 0.001000 701.703543 0.001000 0.001000 616.203150 1.000000 


Final LogLikelihood: -629.813639

AIC score: 1327.627277 / AICc score: 1332.869568 / BIC score: 1470.167602
Free parameters (model + branch lengths): 34

WARNING: Best ML tree contains 9 near-zero branches!

Best ML tree with collapsed near-zero branches saved to: /mnt/lustre/RDS-live/downing/LSDV/GTPV_SPPV/results_GTPV/LSDV095.raxml.bestTreeCollapsed
Best ML tree saved to: /mnt/lustre/RDS-live/downing/LSDV/GTPV_SPPV/results_GTPV/LSDV095.raxml.bestTree
All ML trees saved to: /mnt/lustre/RDS-live/downing/LSDV/GTPV_SPPV/results_GTPV/LSDV095.raxml.mlTrees
Best ML tree with Felsenstein bootstrap (FBP) support values saved to: /mnt/lustre/RDS-live/downing/LSDV/GTPV_SPPV/results_GTPV/LSDV095.raxml.supportFBP
Best ML tree with Transfer bootstrap (TBE) support values saved to: /mnt/lustre/RDS-live/downing/LSDV/GTPV_SPPV/results_GTPV/LSDV095.raxml.supportTBE
Optimized model saved to: /mnt/lustre/RDS-live/downing/LSDV/GTPV_SPPV/results_GTPV/LSDV095.raxml.bestModel
Bootstrap trees saved to: /mnt/lustre/RDS-live/downing/LSDV/GTPV_SPPV/results_GTPV/LSDV095.raxml.bootstraps

Execution log saved to: /mnt/lustre/RDS-live/downing/LSDV/GTPV_SPPV/results_GTPV/LSDV095.raxml.log

Analysis started: 24-Nov-2025 15:03:06 / finished: 24-Nov-2025 15:03:40

Elapsed time: 34.510 seconds

