
RAxML-NG v. 1.2.2 released on 11.04.2024 by The Exelixis Lab.
Developed by: Alexey M. Kozlov and Alexandros Stamatakis.
Contributors: Diego Darriba, Tomas Flouri, Benoit Morel, Sarah Lutteropp, Ben Bettisworth, Julia Haag, Anastasis Togkousidis.
Latest version: https://github.com/amkozlov/raxml-ng
Questions/problems/suggestions? Please visit: https://groups.google.com/forum/#!forum/raxml

System: AMD EPYC 7543P 32-Core Processor, 32 cores, 995 GB RAM

RAxML-NG was called at 24-Nov-2025 14:43:29 as follows:

raxml-ng --all --msa region_LSDV075.aln --model GTR+G --prefix LSDV075 --seed 123 --bs-metric fbp,tbe --redo

Analysis options:
  run mode: ML tree search + bootstrapping (Felsenstein Bootstrap + Transfer Bootstrap)
  start tree(s): random (10) + parsimony (10)
  bootstrap replicates: parsimony (max: 1000) + bootstopping (autoMRE, cutoff: 0.030000)
  random seed: 123
  tip-inner: OFF
  pattern compression: ON
  per-rate scalers: OFF
  site repeats: ON
  logLH epsilon: general: 10.000000, brlen-triplet: 1000.000000
  fast spr radius: AUTO
  spr subtree cutoff: 1.000000
  fast CLV updates: ON
  branch lengths: proportional (ML estimate, algorithm: NR-FAST)
  SIMD kernels: AVX2
  parallelization: coarse-grained (auto), PTHREADS (auto)

WARNING: Running in REDO mode: existing checkpoints are ignored, and all result files will be overwritten!

[00:00:00] Reading alignment from file: region_LSDV075.aln
[00:00:00] Loaded alignment with 14 taxa and 2402 sites

WARNING: Sequences NC_004003.1 and KX576657.1 are exactly identical!
WARNING: Sequences NC_004003.1 and AY077836.1 are exactly identical!
WARNING: Sequences NC_004003.1 and AY077835.1 are exactly identical!
WARNING: Sequences MW020570.1 and MN072620.1 are exactly identical!
WARNING: Duplicate sequences found: 4

NOTE: Reduced alignment (with duplicates and gap-only sites/taxa removed) 
NOTE: was saved to: /mnt/lustre/RDS-live/downing/LSDV/GTPV_SPPV/results_GTPV/LSDV075.raxml.reduced.phy

Alignment comprises 1 partitions and 56 patterns

Partition 0: noname
Model: GTR+FO+G4m
Alignment sites / patterns: 2402 / 56
Gaps: 0.94 %
Invariant sites: 97.96 %


NOTE: Binary MSA file created: LSDV075.raxml.rba

Parallelization scheme autoconfig: 32 worker(s) x 1 thread(s)

[00:00:00] Generating 10 random starting tree(s) with 14 taxa
[00:00:00] Generating 10 parsimony starting tree(s) with 14 taxa
Parallel parsimony with 32 threads
Parallel reduction/worker buffer size: 1 KB  / 0 KB

[00:00:00] Data distribution: max. partitions/sites/weight per thread: 1 / 56 / 896
[00:00:00] Data distribution: max. searches per worker: 33

Starting ML tree search with 20 distinct starting trees

[00:00:01] [worker #7] ML tree search #8, logLikelihood: -3337.019932
[00:00:01] [worker #10] ML tree search #11, logLikelihood: -3337.019933
[00:00:01] [worker #14] ML tree search #15, logLikelihood: -3337.019933
[00:00:01] [worker #8] ML tree search #9, logLikelihood: -3337.019933
[00:00:01] [worker #12] ML tree search #13, logLikelihood: -3337.019933
[00:00:01] [worker #3] ML tree search #4, logLikelihood: -3337.019933
[00:00:01] [worker #1] ML tree search #2, logLikelihood: -3337.020106
[00:00:01] [worker #15] ML tree search #16, logLikelihood: -3337.019933
[00:00:01] [worker #0] ML tree search #1, logLikelihood: -3337.020158
[00:00:01] [worker #19] ML tree search #20, logLikelihood: -3337.019933
[00:00:01] [worker #17] ML tree search #18, logLikelihood: -3337.019933
[00:00:01] [worker #16] ML tree search #17, logLikelihood: -3337.019934
[00:00:01] [worker #11] ML tree search #12, logLikelihood: -3337.019933
[00:00:01] [worker #2] ML tree search #3, logLikelihood: -3337.019980
[00:00:01] [worker #5] ML tree search #6, logLikelihood: -3337.019939
[00:00:01] [worker #9] ML tree search #10, logLikelihood: -3337.019934
[00:00:01] [worker #13] ML tree search #14, logLikelihood: -3337.019934
[00:00:01] [worker #4] ML tree search #5, logLikelihood: -3337.019933
[00:00:01] [worker #18] ML tree search #19, logLikelihood: -3337.019940
[00:00:01] [worker #6] ML tree search #7, logLikelihood: -3337.019940

[00:00:02] ML tree search completed, best tree logLH: -3337.019932

[00:00:02] Starting bootstrapping analysis with 1000 replicates.

[00:00:02] [worker #19] Bootstrap tree #20, logLikelihood: -3309.529255
[00:00:02] [worker #9] Bootstrap tree #10, logLikelihood: -3313.616456
[00:00:02] [worker #14] Bootstrap tree #15, logLikelihood: -3358.175231
[00:00:02] [worker #7] Bootstrap tree #8, logLikelihood: -3373.292091
[00:00:02] [worker #11] Bootstrap tree #12, logLikelihood: -3316.907109
[00:00:02] [worker #15] Bootstrap tree #16, logLikelihood: -3248.463426
[00:00:02] [worker #27] Bootstrap tree #28, logLikelihood: -3261.973350
[00:00:02] [worker #17] Bootstrap tree #18, logLikelihood: -3310.336113
[00:00:02] [worker #29] Bootstrap tree #30, logLikelihood: -3398.455680
[00:00:02] [worker #5] Bootstrap tree #6, logLikelihood: -3332.312143
[00:00:02] [worker #28] Bootstrap tree #29, logLikelihood: -3381.073146
[00:00:02] [worker #26] Bootstrap tree #27, logLikelihood: -3368.499135
[00:00:02] [worker #13] Bootstrap tree #14, logLikelihood: -3278.036327
[00:00:02] [worker #10] Bootstrap tree #11, logLikelihood: -3362.988086
[00:00:02] [worker #8] Bootstrap tree #9, logLikelihood: -3266.809290
[00:00:02] [worker #22] Bootstrap tree #23, logLikelihood: -3401.252670
[00:00:02] [worker #6] Bootstrap tree #7, logLikelihood: -3342.080904
[00:00:02] [worker #21] Bootstrap tree #22, logLikelihood: [-3321.7686570:
-3349.978860
[00:00:02] [worker #18] Bootstrap tree #19, logLikelihood: -3337.976442
[00:00:02] [worker #4] Bootstrap tree #5, logLikelihood: -3317.802026
[00:00:02] [worker #12] Bootstrap tree #13, logLikelihood: -3324.189176
[00:00:02] [worker #1] Bootstrap tree #2, logLikelihood: -3283.424686
[00:00:02] [worker #0] Bootstrap tree #1, logLikelihood: -3219.592833
[00:00:02] [worker #3] Bootstrap tree #4, logLikelihood: -3453.787851
[00:00:02] [worker #31] Bootstrap tree #32, logLikelihood: -3356.991440
[00:00:02] [worker #16] Bootstrap tree #17, logLikelihood: -3227.780289
[00:00:02] [worker #2] Bootstrap tree #3, logLikelihood: -3380.632907
[00:00:02] [worker #20] Bootstrap tree #21, logLikelihood: -3321.359894
[00:00:02] [worker #24] Bootstrap tree #25, logLikelihood: -3384.384659
[00:00:02] [worker #9] Bootstrap tree #42, logLikelihood: -3272.420774
[00:00:02] [worker #23] Bootstrap tree #24, logLikelihood: -3331.437230
[00:00:02] [worker #30] Bootstrap tree #31, logLikelihood: -3301.551419
[00:00:02] [worker #14] Bootstrap tree #47, logLikelihood: -3253.854727
[00:00:02] [worker #19] Bootstrap tree #52, logLikelihood: -3361.066429
[00:00:02] [worker #27] Bootstrap tree #60, logLikelihood: -3293.650773
[00:00:02] [worker #11] Bootstrap tree #44, logLikelihood: -3317.751778
[00:00:02] [worker #4] Bootstrap tree #37, logLikelihood: -3245.646885
[00:00:02] [worker #29] Bootstrap tree #62, logLikelihood: -3431.058576
[[00:00:02] [worker #7] Bootstrap tree #40, logLikelihood: 0:00:02] -3352.044001[worker #15] Bootstrap tree #48
[00:00:02] [worker #5] Bootstrap tree #38, logLikelihood: -3291.713161
[00:00:02] [worker #22] Bootstrap tree #55, logLikelihood: -3354.797412
[00:00:02] [worker #28] Bootstrap tree #61, logLikelihood: -3252.749107
[00:00:02] [worker #1] Bootstrap tree #34, logLikelihood: -3381.979551
[00:00:02] [worker #3] Bootstrap tree #36, logLikelihood: -3375.360962
[00:00:02] [worker #13] Bootstrap tree #46, logLikelihood: -3351.810628
[00:00:02] [worker #10] Bootstrap tree #43, logLikelihood: -3369.604910
[00:00:02] [worker #26] Bootstrap tree #59, logLikelihood: -3301.948145
[00:00:02] [worker #6] Bootstrap tree #39, logLikelihood: -3381.966265
[00:00:02] [worker #24] Bootstrap tree #57, logLikelihood: -3327.823420
[00:00:02] [worker #18] Bootstrap tree #51, logLikelihood: -3291.210821
[00:00:02] [worker #2] Bootstrap tree #35, logLikelihood: -3417.619196
[00:00:02] [worker #12] Bootstrap tree #45, logLikelihood: -3320.086451
[00:00:02] [worker #17] Bootstrap tree #50, logLikelihood: -3312.785215
[00:00:02] [worker #30] Bootstrap tree #63, logLikelihood: -3303.256747
[00:00:02] [worker #16] Bootstrap tree #49, logLikelihood: -3250.645801
[00:00:02] [worker #25] Bootstrap tree #58, logLikelihood: -3309.744407
[00:00:02] [worker #8] Bootstrap tree #41, logLikelihood: -3377.522563
[00:00:03] [worker #21] Bootstrap tree #54, logLikelihood: -3395.831889
[00:00:03] [worker #31] Bootstrap tree #64, logLikelihood: -3287.922407
[00:00:03] [worker #20] Bootstrap tree #53, logLikelihood: -3269.233820
[00:00:03] [worker #0] Bootstrap tree #33, logLikelihood: -3340.427200
[00:00:03] [worker #23] Bootstrap tree #56, logLikelihood: -3389.904958
[00:00:03] [worker #9] Bootstrap tree #74, logLikelihood: -3272.494250
[00:00:03] [worker #3] Bootstrap tree #68, logLikelihood: -3260.905978
[00:00:03] [worker #10] Bootstrap tree #75, logLikelihood: -3315.422301
[00:00:03] [worker #27] Bootstrap tree #92, logLikelihood: -3202.905537
[00:00:03] [worker #25] Bootstrap tree #90, logLikelihood: -3268.169922
[00:00:03] [worker #16] Bootstrap tree #81, logLikelihood: -3291.698608
71, logLikelihood: -3327.585738
[00:00:03] [worker #29] Bootstrap tree #94, logLikelihood: -3297.396839
[00:00:03] [worker #12] Bootstrap tree #77, logLikelihood: -3286.299926
[00:00:03] [worker #23] Bootstrap tree #88, logLikelihood: -3305.138255
[00:00:03] [worker #18] Bootstrap tree #83, logLikelihood: -3353.253609
[00:00:03] [worker #26] Bootstrap tree #91, logLikelihood: -3243.651162
[00:00:03] [worker #2] Bootstrap tree #67, logLikelihood: -3294.761137
[00:00:03] [worker #15] Bootstrap tree #80, logLikelihood: -3407.902807
[00:00:03] [worker #4] Bootstrap tree #69, logLikelihood: -3400.881860
[00:00:03] [worker #21] Bootstrap tree #86, logLikelihood: -3229.306254
[00:00:03] [worker #0] Bootstrap tree #65, logLikelihood: -3269.671533
[00:00:03] [worker #17] Bootstrap tree #82, logLikelihood: -3330.825513
[00:00:03] [worker #5] Bootstrap tree #70, logLikelihood: -3208.593684
[00:00:03] [worker #8] Bootstrap tree #73, logLikelihood: -3342.724673
[00:00:03] [worker #11] Bootstrap tree #76, logLikelihood: -3376.078710
[00:00:03] [worker #28] Bootstrap tree #93, logLikelihood: -3284.045645
[00:00:03] [worker #20] Bootstrap tree #85, logLikelihood: -3336.822731
[00:00:03] [worker #30] Bootstrap tree #95, logLikelihood: -3296.947463
[00:00:03] [worker #14] Bootstrap tree #79, logLikelihood: -3289.877176
[00:00:03] [worker #19] Bootstrap tree #84, logLikelihood: -3361.231082
[00:00:03] [worker #31] Bootstrap tree #96, logLikelihood: -3338.021913
[00:00:03] [worker #22] Bootstrap tree #87, logLikelihood: -3299.516646
[00:00:03] [worker #1] Bootstrap tree #66, logLikelihood: -3322.287202
[00:00:03] [worker #13] Bootstrap tree #78, logLikelihood: -3296.223127
[00:00:03] [worker #7] Bootstrap tree #72, logLikelihood: -3256.640517
[00:00:03] [worker #24] Bootstrap tree #89, logLikelihood: -3350.292592
[00:00:03] [worker #29] Bootstrap tree #126, logLikelihood: -3301.820654
[00:00:03] [worker #6] Bootstrap tree #103, logLikelihood: -3402.295242
[00:00:03] [worker #10] Bootstrap tree #107, logLikelihood: -3323.948988
[00:00:03] [worker #12] Bootstrap tree #109, logLikelihood: -3323.824746
[00:00:03] [worker #27] Bootstrap tree #124, logLikelihood: -3296.065842
[00:00:03] [worker #9] Bootstrap tree #106, logLikelihood: -3369.846593
[00:00:03] [worker #18] Bootstrap tree #115, logLikelihood: -3459.317075
[00:00:03] [worker #23] Bootstrap tree #120, logLikelihood: -3319.016512
[00:00:03] [worker #31] Bootstrap tree #128, logLikelihood: -3366.750468
[00:00:03] [worker #5] Bootstrap tree #102, logLikelihood: -3316.348821
[00:00:04] [worker #14] Bootstrap tree #111, logLikelihood: -3305.174690
[00:00:04] [worker #16] Bootstrap tree #113, logLikelihood: -3366.539558
[00:00:04] [worker #2] Bootstrap tree #99, logLikelihood: -3358.847978
[00:00:04] [worker #21] Bootstrap tree #118, logLikelihood: -3277.654284
[00:00:04] [worker #1] Bootstrap tree #98, logLikelihood: -3344.542496
[00:00:04] [worker #15] Bootstrap tree #112, logLikelihood: -3271.596137
[00:00:04] [worker #30] Bootstrap tree #127, logLikelihood: -3323.806367
-3272.894233[
-3272.894233[
00:00:04] [worker #4] Bootstrap tree #101, logLikelihood: -3426.910916
[00:00:04] [worker #20] Bootstrap tree #117, logLikelihood: -3303.803278
[00:00:04] [worker #3] Bootstrap tree #100, logLikelihood: -3341.726990
[00:00:04] [worker #26] Bootstrap tree #123, logLikelihood: -3270.402944
[00:00:04] [worker #11] Bootstrap tree #108, logLikelihood: -3287.695930
[00:00:04] [worker #8] Bootstrap tree #105, logLikelihood: -3319.090859
[00:00:04] [worker #22] Bootstrap tree #119, logLikelihood: -3350.578646
[00:00:04] [worker #19] Bootstrap tree #116, logLikelihood: -3328.985346
[00:00:04] [worker #17] Bootstrap tree #114, logLikelihood: -3357.555553
[00:00:04] [worker #28] Bootstrap tree #125, logLikelihood: -3342.785402
[00:00:04] [worker #25] Bootstrap tree #122, logLikelihood: -3395.242765
[00:00:04] [worker #7] Bootstrap tree #104, logLikelihood: -3373.920742
[00:00:04] [worker #24] Bootstrap tree #121, logLikelihood: -3322.147446
[00:00:04] [worker #0] Bootstrap tree #97, logLikelihood: -3325.738705
[00:00:04] [worker #19] Bootstrap tree #148, logLikelihood: -3333.364085
[00:00:04] [worker #16] Bootstrap tree #145, logLikelihood: -3341.020109
[00:00:04] [worker #3] Bootstrap tree #132, logLikelihood: -3253.707294
[0[worker #1] Bootstrap tree #130, logLikelihood: -3417.625415
[00:00:04] [worker #18] Bootstrap tree #147, logLikelihood: -3249.889281
[00:00:04] [worker #13] Bootstrap tree #142, logLikelihood: -3289.046984
[00:00:04] [worker #14] Bootstrap tree #143, logLikelihood: -3383.244975
00:00:04] [worker #12] Bootstrap tree #141, logLikelihood: -3362.355796
[00:00:05] [worker #9] Bootstrap tree #138, logLikelihood: -3347.465907
[00:00:05] [[worker #23] Bootstrap tree #152, logLikelihood: 00:05] [worker #22] Bootstrap tree #151, logLikelihood: -3302.984564
[00:00:05] [[worker #23] Bootstrap tree #152, logLikelihood: 00:05] [worker #22] Bootstrap tree #151, logLikelihood: -3302.984564
-3372.700804
[00:00:05] [worker #15] Bootstrap tree #144, logLikelihood: -3324.653216
00:00:05] [worker #11] Bootstrap tree #140, logLikelihood: -3298.001999
[00:00:05] [worker #25] Bootstrap tree #154, logLikelihood: -3341.092876
[00:00:05] [worker #7] Bootstrap tree #136, logLikelihood: -3312.571432
[00:00:05] [worker #21] Bootstrap tree #150, logLikelihood: -3361.769953
[00:00:05] [worker #17] Bootstrap tree #146, logLikelihood: -3378.082769
[00:00:05] [worker #2] Bootstrap tree #131, logLikelihood: -3288.806987
[00:00:05] [worker #10] Bootstrap tree #139, logLikelihood: -3301.614406
[00:00:05] [worker #30] Bootstrap tree #159, logLikelihood: -3362.984890
[00:00:05] [worker #8] Bootstrap tree #137, logLikelihood: -3260.173668
[00:00:05] [worker #5] Bootstrap tree #134, logLikelihood: -3331.105008
[00:00:05] [worker #24] Bootstrap tree #153, logLikelihood: -3295.075591
[00:00:05] [worker #26] Bootstrap tree #155, logLikelihood: -3282.294811
[worker #31] [Bootstrap tree #160, logLikelihood: -3430.503567
[worker #31] [Bootstrap tree #160, logLikelihood: -3430.503567
00:00:05] [worker #4] Bootstrap tree #133, logLikelihood: -3263.846138
[00:00:05] [worker #6] Bootstrap tree #135, logLikelihood: -3395.830964
[00:00:05] [worker #29] Bootstrap tree #158, logLikelihood: -3294.824754
[00:00:05] [worker #27] Bootstrap tree #156, logLikelihood: -3397.078156
[00:00:05] [worker #20] Bootstrap tree #149, logLikelihood: -3360.541643
[00:00:05] [worker #0] Bootstrap tree #129, logLikelihood: -3374.631020
[00:00:05] [worker #13] Bootstrap tree #174, logLikelihood: -3420.604782
[00:00:05] [worker #28] Bootstrap tree #157, logLikelihood: -3362.799127
[00:00:05] [worker #14] Bootstrap tree #175, logLikelihood: -3327.872189
[00:00:05] [worker #16] Bootstrap tree #177, logLikelihood: -3375.535402
[00:00:05] [worker #3] Bootstrap tree #164, logLikelihood: -3278.527356
[00:00:05] [worker #21] Bootstrap tree #182, logLikelihood: -3284.863151
[00:00:05] [worker #4] Bootstrap tree #165, logLikelihood: -3360.033887
[00:00:05] [worker #2] Bootstrap tree #163, logLikelihood: -3309.285970
[00:00:05] [worker #18] Bootstrap tree #179, logLikelihood: -3287.033645
[00:00:05] [worker #9] Bootstrap tree #170, logLikelihood: -3337.701827
[00:00:05] [worker #15] Bootstrap tree #176, logLikelihood: -3369.610190
171, logLikelihood: -3246.055477
[00:00:05] [worker #25] Bootstrap tree #186, logLikelihood: -3335.308340
[00:00:05] [worker #29] Bootstrap tree #190, logLikelihood: -3300.064671
[00:00:05] [worker #22] Bootstrap tree #183, logLikelihood: -3315.483462
[00:00:05] [worker #12] Bootstrap tree #173, logLikelihood: -3325.127687
[00:00:05] [worker #24] Bootstrap tree #185, logLikelihood: [-3220.301450
-3251.708563
[00:00:05] [worker #23] Bootstrap tree #184, logLikelihood: -3395.908505
[00:00:05] [worker #19] Bootstrap tree #180, logLikelihood: -3301.240761
[00:00:05] [worker #17] Bootstrap tree #178, logLikelihood: -3389.246708
[00:00:05] [worker #6] Bootstrap tree #167, logLikelihood: -3362.715115
[00:00:05] [worker #30] Bootstrap tree #191, logLikelihood: -3333.688490
[00:00:05] [worker #5] Bootstrap tree #166, logLikelihood: -3384.497496
[00:00:05] [worker #11] Bootstrap tree #172, logLikelihood: -3321.738946
[00:00:05] [worker #26] Bootstrap tree #187, logLikelihood: -3296.151208
[00:00:05] [worker #31] Bootstrap tree #192, logLikelihood: -3361.451330
[00:00:05] [worker #1] Bootstrap tree #162, logLikelihood: -3387.616296
[00:00:05] [worker #20] Bootstrap tree #181, logLikelihood: -3336.839702
[00:00:05] [worker #27] Bootstrap tree #188, logLikelihood: -3421.865389
[00:00:05] [worker #28] Bootstrap tree #189, logLikelihood: -3351.195108
[00:00:05] [worker #8] Bootstrap tree #169, logLikelihood: -3240.479230
[00:00:05] [worker #0] Bootstrap tree #161, logLikelihood: -3306.215987
[00:00:06] [worker #23] Bootstrap tree #216, logLikelihood: -3337.959281
[00:00:06] [worker #26] Bootstrap tree #219, logLikelihood: -3369.436952
[00:00:06] [worker #6] Bootstrap tree #199, logLikelihood: -3329.421601
[00:00:06] [worker #31] Bootstrap tree #224, logLikelihood: -3299.800155
[00:00:06] [worker #2] Bootstrap tree #195, logLikelihood: -3407.512724
[00:00:06] [worker #20] Bootstrap tree #213, logLikelihood: -3305.537628
[00:00:06] [worker #8] Bootstrap tree #201, logLikelihood: -3236.205780
[00:00:06] [worker #11] Bootstrap tree #204, logLikelihood: -3246.031366
[00:00:06] [worker #7] Bootstrap tree #200, logLikelihood: -3339.960644
[00:00:06] [worker #12] Bootstrap tree #205, logLikelihood: -3245.564717
[00:00:06] [worker #16] Bootstrap tree #209, logLikelihood: -3229.108327
[00:00:06] [worker #30] Bootstrap tree #223, logLikelihood: -3424.752482
[00:00:06] [worker #22] Bootstrap tree #215, logLikelihood: -3319.708782
[00:00:06] [worker #15] Bootstrap tree #208, logLikelihood: -3286.524127
[00:00:06] [worker #10] Bootstrap tree #203, logLikelihood: -3359.432391
[00:00:06] [worker #5] Bootstrap tree #198, logLikelihood: -3423.525338
[00:00:06] [worker #0] Bootstrap tree #193, logLikelihood: -3448.223358
[00:00:06] [worker #3] Bootstrap tree #196, logLikelihood: -3275.194691
[00:00:06] [worker #17] Bootstrap tree #210, logLikelihood: -3276.373587
[00:00:06] [worker #18] Bootstrap tree #211, logLikelihood: -3282.201150
[00:00:06] [worker #28] Bootstrap tree #221, logLikelihood: -3337.264409
[00:00:06] [worker #21] Bootstrap tree #214, logLikelihood: -3263.453648
[00:00:06] [worker #14] Bootstrap tree #207, logLikelihood: -3322.734960
[00:00:06] [worker #1] Bootstrap tree #194, logLikelihood: -3331.615566
[00:00:06] [worker #9] Bootstrap tree #202, logLikelihood: -3425.192048
[00:00:06] [worker #25] Bootstrap tree #218, logLikelihood: -3368.936990
[00:00:06] [worker #4] Bootstrap tree #197, logLikelihood: -3335.639111
[00:00:06] [worker #24] Bootstrap tree #217, logLikelihood: -3258.475294
[00:00:06] [worker #19] Bootstrap tree #212, logLikelihood: -3274.924017
[00:00:06] [worker #27] Bootstrap tree #220, logLikelihood: -3311.854960
[00:00:06] [worker #13] Bootstrap tree #206, logLikelihood: -3296.876675
[00:00:06] [worker #29] Bootstrap tree #222, logLikelihood: -3403.402042
[00:00:06] [worker #26] Bootstrap tree #251, logLikelihood: -3283.987249
[00:00:06] [worker #2] Bootstrap tree #227, logLikelihood: -3353.983908
[00:00:06] [worker #31] Bootstrap tree #256, logLikelihood: -3310.381481
[00:00:06] [worker #6] Bootstrap tree #231, logLikelihood: -3342.793664
[00:00:06] [worker #16] Bootstrap tree #241, logLikelihood: -3312.486708
[00:00:06] [worker #12] Bootstrap tree #237, logLikelihood: -3261.589289
[00:00:06] [worker #23] Bootstrap tree #248, logLikelihood: -3309.837497
[00:00:06] [worker #20] Bootstrap tree #245, logLikelihood: -3271.293039
[00:00:06] [worker #22] Bootstrap tree #247, logLikelihood: -3304.420345
[00:00:06] [worker #15] Bootstrap tree #240, logLikelihood: -3351.843275
[00:00:06] [worker #30] Bootstrap tree #255, logLikelihood: -3229.416803
[00:00:06] [worker #11] Bootstrap tree #236, logLikelihood: -3372.833791
[00:00:06] [worker #10] Bootstrap tree #235, logLikelihood: -3313.892226
00:00:06] [worker #8] Bootstrap tree #233, logLikelihood: -3239.914606
[00:00:06] [worker #5] Bootstrap tree #230, logLikelihood: -3391.958205
[00:00:06] [worker #7] Bootstrap tree #232, logLikelihood: -3346.818837
[00:00:06] [worker #17] Bootstrap tree #242, logLikelihood: -3342.168797
[00:00:06] [worker #3] Bootstrap tree #228, logLikelihood: -3366.902038
[00:00:06] [worker #14] Bootstrap tree #239, logLikelihood: -3370.712544
[00:00:06] [worker #24] Bootstrap tree #249, logLikelihood: -3390.869796
[00:00:06] [worker #28] Bootstrap tree #253, logLikelihood: -3176.103021
[00:00:06] [worker #21] Bootstrap tree #246, logLikelihood: -3302.339435
[00:00:06] [worker #27] Bootstrap tree #252, logLikelihood: -3279.586705
[00:00:06] [worker #25] Bootstrap tree #250, logLikelihood: -3264.306706
[00:00:07] [worker #4] Bootstrap tree #229, logLikelihood: -3356.429849
[00:00:07] [worker #29] Bootstrap tree #254, logLikelihood: -3362.219681
[00:00:07] [worker #19] Bootstrap tree #244, logLikelihood: -3259.684203
[00:00:07] [worker #18] Bootstrap tree #243, logLikelihood: -3304.257542
[00:00:07] [worker #0] Bootstrap tree #225, logLikelihood: -3326.957143
[00:00:07] [worker #1] Bootstrap tree #226, logLikelihood: -3201.367471
[00:00:07] [worker #9] Bootstrap tree #234, logLikelihood: -3340.518777
[00:00:07] [worker #13] Bootstrap tree #238, logLikelihood: -3272.136248
[00:00:07] [worker #6] Bootstrap tree #263, logLikelihood: -3333.260019
[00:00:07] [worker #23] Bootstrap tree #280, logLikelihood: -3343.078534
[00:00:07] [worker #21] Bootstrap tree #278, logLikelihood: -3285.284745
[00:00:07] [worker #27] Bootstrap tree #284, logLikelihood: -3268.500832
[00:00:07] [worker #19] Bootstrap tree #276, logLikelihood: -3364.364480
[00:00:07] [worker #7] Bootstrap tree #264, logLikelihood: -3322.663951
[00:00:07] [worker #4] Bootstrap tree #261, logLikelihood: -3299.915403
[[[[[[00:00:07] [worker #11] Bootstrap tree #268, logLikelihood: -3279.631938
00:00:07] [worker #18] Bootstrap tree #275, logLikelihood: -3371.082931
00:00:07] [worker #12] Bootstrap tree #269, logLikelihood: 000:00::07] -3348.245809:[worker #14] 07Bootstrap tree #] 0271
260-3297.877948, logLikelihood: -3320.824071

[00:00:07] [worker #15] Bootstrap tree #272, logLikelihood: -3289.621460
[00:00:07] [worker #2] Bootstrap tree #259, logLikelihood: -3367.380722
[00:00:07] [worker #1] Bootstrap tree #258, logLikelihood: -3325.858942
[00:00:07] [worker #31] Bootstrap tree #288, logLikelihood: -3349.983336
[00:00:07] [worker #30] Bootstrap tree #287, logLikelihood: -3321.477518
[00:00:07] [worker #16] Bootstrap tree #273, logLikelihood: -3346.672935
[00:00:07] [worker #26] Bootstrap tree #283, logLikelihood: -3293.329369
[00:00:07] [worker #9] Bootstrap tree #266, logLikelihood: -3372.741300
[00:00:07] [worker #8] Bootstrap tree #265, logLikelihood: -3318.869743
[00:00:07] [worker #13] Bootstrap tree #270, logLikelihood: -3420.539590
[00:00:07] [worker #10] Bootstrap tree #267, logLikelihood: -3367.846711
[00:00:07] [worker #0] Bootstrap tree #257, logLikelihood: -3288.104578
[00:00:07] [worker #5] Bootstrap tree #262, logLikelihood: -3331.090588
[00:00:07] [worker #22] Bootstrap tree #279, logLikelihood: -3242.274766
[00:00:07] [worker #29] Bootstrap tree #286, logLikelihood: -3373.025952
[00:00:07] [worker #28] Bootstrap tree #285, logLikelihood: -3389.299902
[00:00:07] [worker #21] Bootstrap tree #310, logLikelihood: -3230.146049
[00:00:07] [worker #25] Bootstrap tree #282, logLikelihood: -3376.482882
[00:00:08] [worker #17] Bootstrap tree #274, logLikelihood: -3313.101122
[00:00:08] [worker #6] Bootstrap tree #295, logLikelihood: -3360.195980
[00:00:08] [worker #27] Bootstrap tree #316, logLikelihood: -3370.893331
[00:00:08] [worker #20] Bootstrap tree #277, logLikelihood: -3321.183175
[00:00:08] [worker #23] Bootstrap tree #312, logLikelihood: -3269.277173
[00:00:08] [worker #30] Bootstrap tree #319, logLikelihood: -3341.929620
[00:00:08] [worker #11] Bootstrap tree #300, logLikelihood: -3372.159514
[00:00:08] [worker #14] Bootstrap tree #303, logLikelihood: -3298.335677
[00:00:08] [worker #7] Bootstrap tree #296, logLikelihood: -3491.881257
[00:00:08] [worker #19] Bootstrap tree #308, logLikelihood: -3318.605935
[00:00:08] [worker #13] Bootstrap tree #302, logLikelihood: -3292.197820
[00:00:08] [worker #2] Bootstrap tree #291, logLikelihood: -3267.148540
[00:00:08] [worker #16] Bootstrap tree #305, logLikelihood: -3352.609869
[00:00:08] [worker #18] Bootstrap tree #307, logLikelihood: -3305.352728
[00:00:08] [worker #1] Bootstrap tree #290, logLikelihood: -3362.350703
[00:00:08] [worker #4] Bootstrap tree #293, logLikelihood: -3446.539963
[00:00:08] [worker #3] Bootstrap tree #292, logLikelihood: -3282.710234
[00:00:08] [worker #31] Bootstrap tree #320, logLikelihood: -3315.503188
[00:00:08] [worker #24] Bootstrap tree #313, logLikelihood: -3449.281493
[00:00:08] [worker #15] Bootstrap tree #304, logLikelihood: -3356.341986
[00:00:08] [worker #10] Bootstrap tree #299, logLikelihood: -3308.461981
[00:00:08] [worker #25] Bootstrap tree #314, logLikelihood: -3364.311769
[00:00:08] [worker #29] Bootstrap tree #318, logLikelihood: -3336.820430
[[[[00:00:08] [worker #28] Bootstrap tree #317, logLikelihood: -3315.240408
00:00:08] [worker #12] Bootstrap tree #301, logLikelihood: -3308.061094
00:00:08] [worker #26] Bootstrap tree #315, logLikelihood: -3306.812938
00:00:08] [worker #9] Bootstrap tree #298, logLikelihood: -3345.644003
[00:00:08] [worker #8] Bootstrap tree #297, logLikelihood: -3272.248962
[00:00:08] [worker #5] Bootstrap tree #294, logLikelihood: -3361.809834
[00:00:08] [worker #22] Bootstrap tree #311, logLikelihood: -3395.984460
[00:00:08] [worker #0] Bootstrap tree #289, logLikelihood: -3322.348654
[00:00:08] [worker #20] Bootstrap tree #309, logLikelihood: -3377.237985
[00:00:08] [worker #17] Bootstrap tree #306, logLikelihood: -3336.118940
[00:00:09] [worker #24] Bootstrap tree #345, logLikelihood: -3245.273306
[00:00:09] [worker #20] Bootstrap tree #341, logLikelihood: -3407.427039
[00:00:09] [worker #23] Bootstrap tree #344, logLikelihood: -3377.882819
[00:00:09] [worker #22] Bootstrap tree #343, logLikelihood: -3324.013253
[00:00:09] [worker #4] Bootstrap tree #325, logLikelihood: -3400.471231
[00:00:09] [worker #9] Bootstrap tree #330, logLikelihood: -3363.722584
[00:00:09] [worker #12] Bootstrap tree #333, logLikelihood: -3382.203918
[00:00:09] [worker #7] Bootstrap tree #328, logLikelihood: -3248.471100
[00:00:09] [worker #15] Bootstrap tree #336, logLikelihood: -3304.276783
[00:00:09] [worker #1] Bootstrap tree #322, logLikelihood: -3349.579506
[00:00:09] [worker #13] Bootstrap tree #334, logLikelihood: -3256.126704
[00:00:09] [worker #14] Bootstrap tree #335, logLikelihood: -3280.426367
[00:00:09] [worker #21] Bootstrap tree #342, logLikelihood: -3271.158244
00:00:09] [worker #19] Bootstrap tree #340, logLikelihood: -3275.320205
[00:00:09] [worker #8] Bootstrap tree #329, logLikelihood: -3292.034562
[00:00:09] [worker #6] Bootstrap tree #327, logLikelihood: -3405.499758
-3279.311233
[00:00:09] [worker #11] Bootstrap tree #332, logLikelihood: -3301.333504
[00:00:09] [worker #26] Bootstrap tree #347, logLikelihood: -3295.129071
[00:00:09] [worker #16] Bootstrap tree #337, logLikelihood: -3345.946836
[00:00:09] [worker #10] Bootstrap tree #331, logLikelihood: -3236.203911
[00:00:09] [worker #5] Bootstrap tree #326, logLikelihood: -3245.897180
[00:00:09] [worker #29] Bootstrap tree #350, logLikelihood: -3355.225291
[00:00:09] [worker #3] Bootstrap tree #324, logLikelihood: -3318.508091
[00:00:09] [worker #2] Bootstrap tree #323, logLikelihood: -3337.654329
[00:00:09] [worker #30] Bootstrap tree #351, logLikelihood: -3373.191690
[00:00:09] [worker #25] Bootstrap tree #346, logLikelihood: [00:00:09] [worker #24] Bootstrap tree #377, logLikelihood: -3347.014031
[00:00:09] [worker #25] Bootstrap tree #346, logLikelihood: [00:00:09] [worker #24] Bootstrap tree #377, logLikelihood: -3347.014031
-3422.670046
[00:00:09] [worker #31] Bootstrap tree #352, logLikelihood: -3349.266897
[00:00:09] [worker #18] Bootstrap tree #339, logLikelihood: -3312.643317
[00:00:09] [worker #0] Bootstrap tree #321, logLikelihood: -3242.580069
[00:00:09] [worker #27] Bootstrap tree #348, logLikelihood: -3259.030746
[00:00:09] [worker #28] Bootstrap tree #349, logLikelihood: -3274.962001
[00:00:09] [worker #20] Bootstrap tree #373, logLikelihood: -3324.688625
[00:00:09] [worker #4] Bootstrap tree #357, logLikelihood: -3360.566616
[00:00:09] [worker #22] Bootstrap tree #375, logLikelihood: -3294.091242
[00:00:09] [worker #21] Bootstrap tree #374, logLikelihood: -3387.345554
[00:00:09] [worker #12] Bootstrap tree #365, logLikelihood: -3414.592144
[00:00:09] [worker #23] Bootstrap tree #376, logLikelihood: -3301.732682
[00:00:09] [worker #10] Bootstrap tree #363, logLikelihood: -3256.623677
[00:00:09] [worker #16] Bootstrap tree #369, logLikelihood: -3312.171066
[00:00:09] [worker #11] Bootstrap tree #364, logLikelihood: -3384.948162
[00:00:09] [worker #17] Bootstrap tree #370, logLikelihood: -3364.293217
[00:00:09] [worker #3] Bootstrap tree #356, logLikelihood: -3356.102487
[00:00:09] [worker #14] Bootstrap tree #367, logLikelihood: -3331.027733
[00:00:09] [worker #29] Bootstrap tree #382, logLikelihood: -3258.776483
[00:00:09] [worker #25] Bootstrap tree #378, logLikelihood: -3384.802484
[00:00:09] [worker #15] Bootstrap tree #368, logLikelihood: -3273.282563
[00:00:09] [worker #9] Bootstrap tree #362, logLikelihood: -3396.984480
[00:00:09] [worker #7] Bootstrap tree #360, logLikelihood: -3309.981953
[00:00:09] [worker #26] Bootstrap tree #379, logLikelihood: -3273.131986
[00:00:09] [worker #13] Bootstrap tree #366, logLikelihood: -3333.113757
[00:00:09] [worker #30] Bootstrap tree #383, logLikelihood: -3420.980516
[00:00:09] [worker #5] Bootstrap tree #358, logLikelihood: -3256.013417
[00:00:09] [worker #2] Bootstrap tree #355, logLikelihood: -3350.474459
[00:00:09] [worker #1] Bootstrap tree #354, logLikelihood: -3238.768877
[00:00:09] [worker #8] Bootstrap tree #361, logLikelihood: -3339.725083
[00:00:09] [worker #6] Bootstrap tree #359, logLikelihood: [00:00:09] [worker #19] Bootstrap tree #-3301.772762372, logLikelihood: 
[00:00:09] [worker #6] Bootstrap tree #359, logLikelihood: [00:00:09] [worker #19] Bootstrap tree #-3301.772762372, logLikelihood: 
-3276.274231
[00:00:09] [worker #18] Bootstrap tree #371, logLikelihood: -3366.634864
[00:00:09] [worker #31] Bootstrap tree #384, logLikelihood: -3372.521341
[00:00:09] [worker #27] Bootstrap tree #380, logLikelihood: -3348.046370
[00:00:10] [worker #28] Bootstrap tree #381, logLikelihood: -3363.202677
[00:00:10] [worker #0] Bootstrap tree #353, logLikelihood: -3315.868543
[00:00:11] [worker #1] Bootstrap tree #386, logLikelihood: -3356.833497
[00:00:11] [worker #21] Bootstrap tree #406, logLikelihood: -3264.737448
[00:00:11] [worker #25] Bootstrap tree #410, logLikelihood: -3411.130663
[00:00:11] [worker #3] Bootstrap tree #388, logLikelihood: -3348.334206
[00:00:11] [worker #22] Bootstrap tree #407, logLikelihood: -3327.165505
[00:00:11] [worker #5] Bootstrap tree #390, logLikelihood: -3153.326395
[00:00:11] [worker #19] Bootstrap tree #404, logLikelihood: -3258.927790
[00:00:11] [worker #13] Bootstrap tree #398, logLikelihood: -3380.596471
[00:00:11] [worker #2] Bootstrap tree #387, logLikelihood: -3309.585652
[00:00:11] [worker #30] Bootstrap tree #415, logLikelihood: -3367.132488
[00:00:11] [worker #24] Bootstrap tree #409, logLikelihood: -3196.043454
[00:00:11] [worker #26] Bootstrap tree #411, logLikelihood: -3320.183185
[00:00:11] [worker #12] Bootstrap tree #397, logLikelihood: [-3338.13932700
[00:00:11] [worker #9] Bootstrap tree #394, logLikelihood: -3290.884931
[00:00:11] [worker #7] Bootstrap tree #392, logLikelihood: -3271.897803
[00:00:11] [worker #10] Bootstrap tree #395, logLikelihood: -3272.934650
[00:00:11] [worker #31] Bootstrap tree #416, logLikelihood: -3216.286604
:11] [worker #14] Bootstrap tree #399, logLikelihood: -3357.297059
[00:00:11] [worker #23] Bootstrap tree #408, logLikelihood: -3349.049749
[00:00:11] [worker #28] Bootstrap tree #413, logLikelihood: -3266.869528
[00:00:11] [worker #29] Bootstrap tree #414, logLikelihood: -3296.970328
[00:00:11] [worker #20] Bootstrap tree #405, logLikelihood: -3261.199439
[00:00:11] [worker #6] Bootstrap tree #391, logLikelihood: -3364.420891
[00:00:11] [worker #27] Bootstrap tree #412, logLikelihood: -3246.361868
[00:00:11] [worker #8] Bootstrap tree #393, logLikelihood: -3306.280886
[00:00:11] [worker #15] Bootstrap tree #400, logLikelihood: -3416.711509
[00:00:11] [worker #16] Bootstrap tree #401, logLikelihood: -3286.076330
[00:00:11] [worker #0] Bootstrap tree #385, logLikelihood: -3353.261887
[00:00:11] [worker #17] Bootstrap tree #402, logLikelihood: -3356.012277
[00:00:11] [worker #18] Bootstrap tree #403, logLikelihood: -3340.503151
[00:00:11] [worker #11] Bootstrap tree #396, logLikelihood: -3331.270911
[00:00:11] [worker #25] Bootstrap tree #442, logLikelihood: -3330.227846
[00:00:11] [worker #3] Bootstrap tree #420, logLikelihood: -3258.702640
[00:00:11] [worker #1] Bootstrap tree #418, logLikelihood: -3305.156525
[00:00:11] [worker #7] Bootstrap tree #424, logLikelihood: -3305.192579
[00:00:11] [worker #12] Bootstrap tree #429, logLikelihood: -3324.921390
[00:00:11] [worker #5] Bootstrap tree #422, logLikelihood: -3398.384879
[00:00:11] [worker #13] Bootstrap tree #430, logLikelihood: -3397.511363
[00:00:11] [worker #4] Bootstrap tree #421, logLikelihood: -3311.819169
[00:00:11] [worker #9] Bootstrap tree #426, logLikelihood: -3359.048161
[00:00:11] [worker #22] Bootstrap tree #439, logLikelihood: -3363.847895
[00:00:11] [worker #21] Bootstrap tree #438, logLikelihood: -3278.008872
[00:00:11] [worker #19] Bootstrap tree #436, logLikelihood: -3244.691184
[00:00:11] [worker #2] Bootstrap tree #419, logLikelihood: -3293.080714
[00:00:11] [worker #26] Bootstrap tree #443, logLikelihood: -3349.274189
[00:00:11] [worker #14] Bootstrap tree #431, logLikelihood: -3343.274701
[00:00:11] [worker #6] Bootstrap tree #423, logLikelihood: -3359.648743
[00:00:11] [worker #24] Bootstrap tree #441, logLikelihood: -3379.336366
[00:00:11] [worker #31] Bootstrap tree #448, logLikelihood: -3373.134537
[00:00:11] [worker #15] Bootstrap tree #432, logLikelihood: -3367.935622
[00:00:11] [worker #16] Bootstrap tree #433, logLikelihood: -3380.389774
[00:00:11] [worker #20] Bootstrap tree #437, logLikelihood: -3348.744238
[00:00:11] [worker #27] Bootstrap tree #444, logLikelihood: -3310.175070
[00:00:11] [worker #29] Bootstrap tree #446, logLikelihood: -3316.431602
[00:00:11] [worker #10] Bootstrap tree #427, logLikelihood: -3396.238839
[00:00:11] [worker #17] Bootstrap tree #434, logLikelihood: -3377.562366
[00:00:11] [worker #30] Bootstrap tree #447, logLikelihood: -3324.844157
[00:00:11] [worker #28] Bootstrap tree #445, logLikelihood: -3272.377031
[00:00:11] [worker #8] Bootstrap tree #425, logLikelihood: -3351.350987
[00:00:11] [worker #23] Bootstrap tree #440, logLikelihood: -3339.638969
[00:00:11] [worker #11] Bootstrap tree #428, logLikelihood: -3274.740894
[00:00:11] [worker #18] Bootstrap tree #435, logLikelihood: -3267.530980
[00:00:11] [worker #0] Bootstrap tree #417, logLikelihood: -3428.968505
[00:00:13] [worker #15] Bootstrap tree #464, logLikelihood: -3267.459952
[00:00:13] [worker #16] Bootstrap tree #465, logLikelihood: -3294.722324
[00:00:13] [worker #19] Bootstrap tree #468, logLikelihood: -3472.242972
[00:00:13] [worker #30] Bootstrap tree #479, logLikelihood: -3310.336921
[00:00:13] [worker #11] Bootstrap tree #460, logLikelihood: -3282.186212
[00:00:13] [worker #12] Bootstrap tree #461, logLikelihood: -3417.091461
[00:00:13] [worker #29] Bootstrap tree #478, logLikelihood: -3266.448236
[00:00:13] [worker #10] Bootstrap tree #459, logLikelihood: -3366.718548
[00:00:13] [worker #22] Bootstrap tree #471, logLikelihood: -3356.918058
[00:00:13] [worker #27] Bootstrap tree #476, logLikelihood: -3267.240012
[00:00:13] [worker #17] Bootstrap tree #466, logLikelihood: -3394.178008
[00:00:13] [worker #26] Bootstrap tree #475, logLikelihood: -3300.471141
[00:00:13] [worker #2] Bootstrap tree #451, logLikelihood: -3318.028334
[00:00:13] [worker #13] Bootstrap tree #462, logLikelihood: -3233.903446
[00:00:13] [worker #6] Bootstrap tree #455, logLikelihood: -3340.104334
[00:00:13] [worker #21] Bootstrap tree #470, logLikelihood: -3321.964010
[00:00:13] [worker #3] Bootstrap tree #452, logLikelihood: -3374.761384
[00:00:13] [worker #0] Bootstrap tree #449, logLikelihood: -3207.743386
[00:00:13] [worker #4] Bootstrap tree #453, logLikelihood: -3314.232205
[00:00:13] [worker #1] Bootstrap tree #450, logLikelihood: -3340.239595
[00:00:13] [worker #18] Bootstrap tree #467, logLikelihood: -3339.120710
[00:00:13] [worker #28] Bootstrap tree #477, logLikelihood: -3279.125049
[00:00:13] [worker #25] Bootstrap tree #474, logLikelihood: -3302.869311
[00:00:13] [worker #23] Bootstrap tree #472, logLikelihood: -3260.901340
[00:00:13] [worker #7] Bootstrap tree #456, logLikelihood: -3290.294419
[00:00:13] [worker #8] Bootstrap tree #457, logLikelihood: -3377.783111
[00:00:13] [worker #5] Bootstrap tree #454, logLikelihood: -3364.332735
[worker #31] [Bootstrap tree #00:00:13] [worker #14] 480Bootstrap tree #, logLikelihood: 463, logLikelihood: -3331.996490-3388.528916
[worker #31] [Bootstrap tree #00:00:13] [worker #14] 480Bootstrap tree #, logLikelihood: 463, logLikelihood: -3331.996490-3388.528916

[00:00:13] [worker #9] Bootstrap tree #458, logLikelihood: -3313.063834
[00:00:13] [worker #24] Bootstrap tree #473, logLikelihood: -3343.549881
[00:00:13] [worker #20] Bootstrap tree #469, logLikelihood: -3306.552113
[00:00:13] [worker #15] Bootstrap tree #496, logLikelihood: -3315.576027
[00:00:13] [worker #16] Bootstrap tree #497, logLikelihood: -3275.695494
[00:00:13] [worker #19] Bootstrap tree #500, logLikelihood: -3332.431602
[00:00:13] [worker #10] Bootstrap tree #491, logLikelihood: -3436.257212
[00:00:13] [worker #30] Bootstrap tree #511, logLikelihood: -3328.392764
[00:00:13] [worker #11] Bootstrap tree #492, logLikelihood: -3322.127492
[00:00:13] [worker #9] Bootstrap tree #490, logLikelihood: -3362.736476
[00:00:13] [worker #21] Bootstrap tree #502, logLikelihood: -3335.809432
[00:00:13] [worker #29] Bootstrap tree #510, logLikelihood: -3246.846670
[00:00:13] [worker #29] Bootstrap tree #510, logLikelihood: -3246.846670
[00:00:13] [worker #2] Bootstrap tree #483, logLikelihood: -3269.220459
[00:00:13] [worker #12] Bootstrap tree #493, logLikelihood: -3441.509725
[00:00:13] [worker #13] Bootstrap tree #494, logLikelihood: -3365.750102
[[00:00:13] [worker #26] Bootstrap tree #507, logLikelihood: -3282.403208
00:00:13] [worker #22] Bootstrap tree #503, logLikelihood: -3317.556168
[00:00:13] [worker #4] Bootstrap tree #485, logLikelihood: -3244.547028
[00:00:13] [worker #3] Bootstrap tree #484, logLikelihood: -3368.623291
[00:00:13] [worker #5] Bootstrap tree #486, logLikelihood: -3268.396143
[00:00:13] [worker #1] Bootstrap tree #482, logLikelihood: -3281.239181
[00:00:13] [worker #18] Bootstrap tree #499, logLikelihood: -3277.551387
[00:00:13] [worker #14] Bootstrap tree #495, logLikelihood: -3327.868357
[00:00:13] [worker #25] Bootstrap tree #506, logLikelihood: -3308.958071
[00:00:13] [worker #20] Bootstrap tree #501, logLikelihood: -3311.114260
[00:00:13] [worker #23] Bootstrap tree #504, logLikelihood: -3208.011510
[00:00:13] [worker #17] Bootstrap tree #498, logLikelihood: -3349.088022
[00:00:13] [worker #28] Bootstrap tree #509, logLikelihood: -3349.941962
[00:00:13] [worker #31] Bootstrap tree #512, logLikelihood: -3323.937690
[00:00:13] [worker #7] Bootstrap tree #488, logLikelihood: -3396.197957
[00:00:13] [worker #6] Bootstrap tree #487, logLikelihood: -3288.878356
[00:00:13] [worker #27] Bootstrap tree #508, logLikelihood: -3373.616026
00:00:13] [worker #24] Bootstrap tree #505, logLikelihood: -3406.752865
[00:00:13] [worker #8] Bootstrap tree #489, logLikelihood: -3234.955690
[00:00:13] [worker #0] Bootstrap tree #481, logLikelihood: -3313.265731
[00:00:15] [worker #20] Bootstrap tree #533, logLikelihood: -3331.647206
[00:00:15] [worker #6] Bootstrap tree #519, logLikelihood: -3356.683667
[00:00:15] [worker #19] Bootstrap tree #532, logLikelihood: -3327.614099
[00:00:15] [worker #30] Bootstrap tree #543, logLikelihood: -3317.963257
[00:00:15] [worker #16] Bootstrap tree #529, logLikelihood: -3269.580300
[00:00:15] [worker #9] Bootstrap tree #522, logLikelihood: -3299.732046
[00:00:15] [worker #26] Bootstrap tree #539, logLikelihood: -3329.950159
[00:00:15] [worker #21] Bootstrap tree #534, logLikelihood: [-3380.759248
[00:00:15] [worker #21] Bootstrap tree #534, logLikelihood: [-3380.759248
00:00:15] [worker #2] Bootstrap tree #515, logLikelihood: -3291.743009
[[[[00:00:15] [worker #14] Bootstrap tree #527, logLikelihood: -3433.345633
-3396.39048900:00:15] [worker #22] Bootstrap tree #535, logLikelihood: -3397.891441

00:00:15] [worker #27] Bootstrap tree #540, logLikelihood: -3279.828061
[00:00:15] [worker #18] Bootstrap tree #531, logLikelihood: -3388.528098
[00:00:15] [worker #28] Bootstrap tree #541, logLikelihood: -3288.640146
[00:00:15] [worker #25] Bootstrap tree #538, logLikelihood: -3354.532003
[00:00:15] [worker #29] Bootstrap tree #542, logLikelihood: -3388.786195
[00:00:15] [worker #31] Bootstrap tree #544, logLikelihood: -3274.712669
[00:00:15] [worker #13] Bootstrap tree #526, logLikelihood: -3242.720544
[00:00:15] [worker #17] Bootstrap tree #530, logLikelihood: -3264.641135
[00:00:15] [worker #1] Bootstrap tree #514, logLikelihood: -3341.050259
[00:00:15] [worker #4] Bootstrap tree #517, logLikelihood: -3347.794049
[00:00:15] [worker #3] Bootstrap tree #516, logLikelihood: -3348.007925
[00:00:15] [worker #10] Bootstrap tree #523, logLikelihood: -3323.266140
[00:00:15] [worker #12] Bootstrap tree #525, logLikelihood: -3261.383467
[00:00:15] [worker #5] Bootstrap tree #518, logLikelihood: -3303.650483
[00:00:15] [worker #23] Bootstrap tree #536, logLikelihood: -3235.997618
[00:00:15] [worker #24] Bootstrap tree #537, logLikelihood: -3331.904314
[00:00:15] [worker #11] Bootstrap tree #524, logLikelihood: -3399.559711
[00:00:15] [worker #15] Bootstrap tree #528, logLikelihood: -3253.713370
[00:00:15] [worker #0] Bootstrap tree #513, logLikelihood: -3289.961531
[00:00:15] [worker #7] Bootstrap tree #520, logLikelihood: -3244.883599
[00:00:15] [worker #6] Bootstrap tree #551, logLikelihood: -3266.206154
[00:00:15] [worker #22] Bootstrap tree #567, logLikelihood: -3212.435730
[00:00:15] [worker #16] Bootstrap tree #561, logLikelihood: -3367.343120
[00:00:15] [worker #26] Bootstrap tree #571, logLikelihood: -3354.857532
[00:00:15] [worker #27] Bootstrap tree #572, logLikelihood: -3215.794086
[00:00:15] [worker #13] Bootstrap tree #558, logLikelihood: -3403.197968
[00:00:15] [worker #8] Bootstrap tree #553, logLikelihood: -3352.526357
[00:00:15] [worker #21] Bootstrap tree #566, logLikelihood: -3364.768050
[00:00:15] [worker #19] Bootstrap tree #564, logLikelihood: -3395.710334
[00:00:15] [worker #2] Bootstrap tree #547, logLikelihood: -3274.886038
[00:00:15] [worker #4] Bootstrap tree #549, logLikelihood: -3328.284680
[00:00:15] [worker #20] Bootstrap tree #565, logLikelihood: -3343.750780
[00:00:15] [worker #25] Bootstrap tree #570, logLikelihood: -3295.542313
[00:00:15] [worker #5] Bootstrap tree #550, logLikelihood: -3272.918057
[00:00:15] [worker #9] Bootstrap tree #554, logLikelihood: -3343.183320
[00:00:15] [worker #10] Bootstrap tree #555, logLikelihood: -3314.814732
[00:00:15] [worker #28] Bootstrap tree #573, logLikelihood: -3295.361511
[00:00:15] [worker #14] Bootstrap tree #559, logLikelihood: -3351.258554
[00:00:15] [worker #17] Bootstrap tree #562, logLikelihood: -3332.134911
[[00:00015:] 00:[worker #3] Bootstrap tree #548] , logLikelihood: [worker #18] Bootstrap tree #563, logLikelihood: -3396.870956
[[00:00015:] 00:[worker #3] Bootstrap tree #548] , logLikelihood: [worker #18] Bootstrap tree #563, logLikelihood: -3396.870956
-3418.919865
[00:00:15] [worker #30] Bootstrap tree #575, logLikelihood: -3340.950818
[00:00:15] [worker #11] Bootstrap tree #556, logLikelihood: -3218.599637
[00:00:15] [worker #1] Bootstrap tree #546, logLikelihood: -3366.782341
[00:00:15] [worker #31] Bootstrap tree #576, logLikelihood: -3325.620243
[00:00:15] [worker #7] Bootstrap tree #552, logLikelihood: -3314.028658
[00:00:15] [worker #15] Bootstrap tree #560, logLikelihood: -3286.290677
[00:00:15] [worker #23] Bootstrap tree #568, logLikelihood: -3278.947350
[00:00:15] [worker #29] Bootstrap tree #574, logLikelihood: -3311.833260
[00:00:15] [worker #24] Bootstrap tree #569, logLikelihood: -3471.782385
[00:00:15] [worker #12] Bootstrap tree #557, logLikelihood: -3352.376709
[00:00:16] [worker #0] Bootstrap tree #545, logLikelihood: -3267.861465
[00:00:17] [worker #16] Bootstrap tree #593, logLikelihood: -3328.719261
[00:00:17] [worker #4] Bootstrap tree #581, logLikelihood: -3234.611783
[00:00:17] [worker #14] Bootstrap tree #591, logLikelihood: -3200.342627
[00:00:17] [worker #3] Bootstrap tree #580, logLikelihood: -3195.484825
[00:00:17] [worker #17] Bootstrap tree #594, logLikelihood: -3345.750282
[00:00:17] [worker #7] Bootstrap tree #584, logLikelihood: -3281.613479
[00:00:17] [worker #31] Bootstrap tree #608, logLikelihood: -3263.784764
[00:00:17] [worker #13] Bootstrap tree #590, logLikelihood: -3296.682983
[00:00:17] [worker #10] Bootstrap tree #587, logLikelihood: -3271.730196
[00:00:17] [worker #27] Bootstrap tree #604, logLikelihood: -3296.533910
[00:00:17] [worker #24] Bootstrap tree #601, logLikelihood: -3351.672855
[00:00:17] [worker #30] Bootstrap tree #607, logLikelihood: -3229.010731
[00:00:17] [worker #9] Bootstrap tree #586, logLikelihood: -3341.593753
-3318.185326
[00:00:17] [worker #5] Bootstrap tree #582, logLikelihood: -3393.830194
[00:00:17] [worker #8] Bootstrap tree #585, logLikelihood: -3238.712112
[00:00:17] [worker #28] Bootstrap tree #605, logLikelihood: -3341.692054
[00:00:17] [worker #22] Bootstrap tree #599, logLikelihood: -3407.130877
[00:00:17] [worker #26] Bootstrap tree #603, logLikelihood: -3273.014786
[00:00:17] [worker #18] Bootstrap tree #595, logLikelihood: -3260.663148
[00:00:17] [worker #2] Bootstrap tree #579, logLikelihood: -3292.171957
[00:00:17] [worker #25] Bootstrap tree #602, logLikelihood: -3298.783602
[00:00:17] [worker #12] Bootstrap tree #589, logLikelihood: -3441.434531
[00:00:17] [worker #1] Bootstrap tree #578, logLikelihood: -3308.736910
[00:00:17] [worker #15] Bootstrap tree #592, logLikelihood: -3287.252749
[00:00:17] [worker #20] Bootstrap tree #597, logLikelihood: -3216.372465
[00:00:17] [worker #6] Bootstrap tree #583, logLikelihood: -3351.250997
[00:00:17] [worker #21] Bootstrap tree #598, logLikelihood: -3351.174895
[00:00:17] [worker #0] Bootstrap tree #577, logLikelihood: -3340.376029
[00:00:17] [worker #29] Bootstrap tree #606, logLikelihood: -3325.713173
[00:00:17] [worker #23] Bootstrap tree #600, logLikelihood: -3277.325883
[00:00:18] [worker #19] Bootstrap tree #596, logLikelihood: -3335.497012
[00:00:18] [worker #31] Bootstrap tree #640, logLikelihood: -3333.267112
[00:00:18] [worker #16] Bootstrap tree #625, logLikelihood: -3409.398100
[00:00:18] [worker #4] Bootstrap tree #613, logLikelihood: -3395.371904
[00:00:18] [worker #17] Bootstrap tree #626, logLikelihood: -3296.174056
[00:00:18] [worker #3] Bootstrap tree #612, logLikelihood: [
-3329.759938
[00:00:18] [worker #14] Bootstrap tree #623, logLikelihood: -3254.450229
[00:00:18] [worker #24] Bootstrap tree #633, logLikelihood: -3377.822567
[00:00:18] [worker #10] Bootstrap tree #619, logLikelihood: -3328.496333
[00:00:18] [worker #11] Bootstrap tree #620, logLikelihood: -3267.946403
[00:00:18] [worker #9] Bootstrap tree #618, logLikelihood: -3333.398295
-3320.982851worker #9] Bootstrap tree #618, logLikelihood: -3333.398295
[00:00:18] [worker #13] Bootstrap tree #622, logLikelihood: -3305.324506
[
00:00:18] [worker #7] Bootstrap tree #616, logLikelihood: -3372.680186
[00:00:18] [worker #26] Bootstrap tree #635, logLikelihood: -3267.528621
[00:00:18] [worker #8] Bootstrap tree #617, logLikelihood: -3387.806872
[00:00:18] [worker #27] Bootstrap tree #636, logLikelihood: -3359.518155
[00:00:18] [worker #12] Bootstrap tree #621, logLikelihood: -3333.558336
[00:00:18] [worker #25] Bootstrap tree #634, logLikelihood: -3339.453033
[00:00:18] [worker #1] Bootstrap tree #610, logLikelihood: -3275.797569
[00:00:18] [worker #5] Bootstrap tree #614, logLikelihood: -3310.367776
[00:00:18] [worker #30] Bootstrap tree #639, logLikelihood: -3253.402728
00:00:18] [worker #23] Bootstrap tree #632, logLikelihood: -3409.661847
[00:00:18] [worker #18] Bootstrap tree #627, logLikelihood: -3371.624399
[00:00:18] [worker #22] Bootstrap tree #631, logLikelihood: -3334.125033
[00:00:18] [worker #29] Bootstrap tree #638, logLikelihood: -3410.943394
[00:00:18] [worker #21] Bootstrap tree #630, logLikelihood: -3332.146368
[00:00:18] [worker #15] Bootstrap tree #624, logLikelihood: -3369.451297
[00:00:18] [worker #2] Bootstrap tree #611, logLikelihood: -3354.998367
[00:00:18] [worker #19] Bootstrap tree #628, logLikelihood: -3386.450643
[00:00:18] [worker #20] Bootstrap tree #629, logLikelihood: -3327.659826
[00:00:18] [worker #0] Bootstrap tree #609, logLikelihood: -3377.395418
[00:00:20] [worker #28] Bootstrap tree #669, logLikelihood: -3205.219846
[00:00:20] [worker #26] Bootstrap tree #667, logLikelihood: -3386.517668
[00:00:20] [worker #3] Bootstrap tree #644, logLikelihood: -3361.600087
[00:00:20] [worker #25] Bootstrap tree #666, logLikelihood: -3349.647487
[00:00:20] [worker #19] Bootstrap tree #660, logLikelihood: -3320.596317
[00:00:20] [worker #16] Bootstrap tree #657, logLikelihood: -3333.501230
[00:00:20] [worker #17] Bootstrap tree #658, logLikelihood: -3322.392228
[00:00:20] [worker #10] Bootstrap tree #651, logLikelihood: -3406.324635
[00:00:20] [worker #23] Bootstrap tree #664, logLikelihood: -3315.328788
[00:00:20] [worker #11] Bootstrap tree #652, logLikelihood: -3354.528273
[00:00:20] [worker #20] Bootstrap tree #661, logLikelihood: -3275.091642
[00:00:20] [worker #31] Bootstrap tree #672, logLikelihood: -3422.027491
[00:00:20] [worker #24] Bootstrap tree #665, logLikelihood: -3239.555747
[00:00:20] [worker #2] Bootstrap tree #643, logLikelihood: -3341.912892
[00:00:20] [worker #15] Bootstrap tree #656, logLikelihood: -3309.896522
[00:00:20] [worker #4] Bootstrap tree #645, logLikelihood: -3351.354900
[00:00:20] [worker #29] Bootstrap tree #670, logLikelihood: -3346.210732
[00:00:20] [worker #27] Bootstrap tree #668, logLikelihood: -3352.400778[
-3294.480414
[00:00:20] [worker #30] Bootstrap tree #671, logLikelihood: -3351.169970
[00:00:20] [worker #12] Bootstrap tree #653, logLikelihood: -3314.628872
[00:00:20] [worker #18] Bootstrap tree #659, logLikelihood: -3352.064932
-3360.701068[[
, logLikelihood: -3272.20511000:00:
, logLikelihood: -3272.20511000:00:
20] [worker #5] Bootstrap tree #646, logLikelihood: -3289.088548
[00:00:20] [worker #14] Bootstrap tree #655, logLikelihood: -3359.069032
[00:00:20] [worker #6] Bootstrap tree #647, logLikelihood: -3253.884213
[00:00:20] [worker #22] Bootstrap tree #663, logLikelihood: -3263.303466
[00:00:20] [worker #8] Bootstrap tree #649, logLikelihood: -3368.521559
[00:00:20] [worker #0] Bootstrap tree #641, logLikelihood: -3332.791843
[00:00:20] [worker #1] Bootstrap tree #642, logLikelihood: -3316.711138
[00:00:20] [worker #7] Bootstrap tree #648, logLikelihood: -3300.172215
[00:00:20] [worker #3] Bootstrap tree #676, logLikelihood: -3307.163984
[00:00:20] [worker #25] Bootstrap tree #698, logLikelihood: -3320.444438
[00:00:20] [worker #19] Bootstrap tree #692, logLikelihood: -3345.186984
[00:00:20] [worker #4] Bootstrap tree #677, logLikelihood: -3326.779984
[00:00:20] [worker #28] Bootstrap tree #701, logLikelihood: -3315.957341
[00:00:20] [worker #16] Bootstrap tree #689, logLikelihood: -3328.100835
[00:00:20] [worker #31] Bootstrap tree #704, logLikelihood: -3354.404631
-3378.070162
[00:00:20] [worker #24] Bootstrap tree #697, logLikelihood: -3264.195960
[00:00:20] [worker #26] Bootstrap tree #699, logLikelihood: -3337.093499
[00:00:20] [worker #17] Bootstrap tree #690, logLikelihood: -3298.876786
00:00:20] [worker #23] Bootstrap tree #696, logLikelihood: -3462.165339
[00:00:20] [worker #10] Bootstrap tree #683, logLikelihood: -3367.640598
[00:00:20] [worker #15] Bootstrap tree #688, logLikelihood: -3316.883466
[00:00:20] [worker #9] Bootstrap tree #682, logLikelihood: -3347.233577
[00:00:20] [worker #5] Bootstrap tree #678, logLikelihood: -3328.694696
[00:00:20] [worker #11] Bootstrap tree #684, logLikelihood: -3383.073551
[00:00:20] [worker #29] Bootstrap tree #702, logLikelihood: -3313.510137
[00:00:20] [worker #27] Bootstrap tree #700, logLikelihood: -3373.024714
[00:00:20] [worker #21] Bootstrap tree #694, logLikelihood: -3382.164445
[00:00:20] [worker #12] Bootstrap tree #685, logLikelihood: -3385.494093
[00:00:20] [worker #18] Bootstrap tree #691, logLikelihood: -3362.236977
[00:00:20] [worker #6] Bootstrap tree #679, logLikelihood: -3364.235764
[00:00:20] [worker #22] Bootstrap tree #695, logLikelihood: -3350.717128
[00:00:20] [worker #2] Bootstrap tree #675, logLikelihood: -3292.277788
[00:00:20] [worker #14] Bootstrap tree #687, logLikelihood: -3278.886526
[00:00:20] [worker #13] Bootstrap tree #686, logLikelihood: -3313.658103
[00:00:20] [worker #1] Bootstrap tree #674, logLikelihood: -3325.817378
[00:00:20] [worker #30] Bootstrap tree #703, logLikelihood: -3355.620218
[00:00:20] [worker #8] Bootstrap tree #681, logLikelihood: -3352.200204
[00:00:21] [worker #7] Bootstrap tree #680, logLikelihood: -3389.136793
[00:00:21] [worker #0] Bootstrap tree #673, logLikelihood: -3376.973287
[00:00:22] [worker #9] Bootstrap tree #714, logLikelihood: -3284.860678
[00:00:22] [worker #22] Bootstrap tree #727, logLikelihood: -3260.705116
[00:00:22] [worker #6] Bootstrap tree #711, logLikelihood: -3307.343074
[00:00:22] [worker #26] Bootstrap tree #731, logLikelihood: -3249.519975
[00:00:22] [worker #3] Bootstrap tree #708, logLikelihood: -3299.805170
[00:00:23] [worker #7] Bootstrap tree #712, logLikelihood: [00:00:23] -3216.977595[worker #30] Bootstrap tree #735
, logLikelihood: [00:00:23] [worker #7] Bootstrap tree #712, logLikelihood: [00:00:23] -3216.977595[worker #30] Bootstrap tree #735
, logLikelihood: -3333.772714
[00:00:23] [worker #11] Bootstrap tree #716, logLikelihood: -3301.207468
[00:00:23] [worker #24] Bootstrap tree #729, logLikelihood: -3271.638932
[00:00:23] [worker #16] Bootstrap tree #721, logLikelihood: -3255.402944
[00:00:23] [worker #13] Bootstrap tree #718, logLikelihood: -3389.077986
[00:00:23] [worker #13] Bootstrap tree #718, logLikelihood: -3389.077986
[00:00:23] [[[worker #1] Bootstrap tree #706, logLikelihood: -3322.164510
-3264.7583620:00:23] [worker #23] Bootstrap tree #728, logLikelihood: 
-3264.7583620:00:23] [worker #23] Bootstrap tree #728, logLikelihood: 
3333.435000
[00:00:23] [worker #5] Bootstrap tree #710, logLikelihood: -3255.592378
[00:00:23] [worker #21] Bootstrap tree #726, logLikelihood: -3339.325643
[00:00:23] [worker #19] Bootstrap tree #724, logLikelihood: -3333.409700
[00:00:23] [worker #29] Bootstrap tree #734, logLikelihood: -3385.175410
] [worker #2] Bootstrap tree #707, logLikelihood: -3354.736077
[00:00:23] [worker #10] Bootstrap tree #715, logLikelihood: -3330.623148
00[:000:023] [worker #15] :Bootstrap tree #00720, logLikelihood: 23] [worker #25] Bootstrap tree #730, logLikelihood: -3294.505289
00[:000:023] [worker #15] :Bootstrap tree #00720, logLikelihood: 23] [worker #25] Bootstrap tree #730, logLikelihood: -3294.505289
-3456.479801
[00:00:23] [worker #31] Bootstrap tree #736, logLikelihood: -3278.152806
[00:00:23] [worker #20] Bootstrap tree #725, logLikelihood: -3373.466898
[00:00:23] [worker #12] Bootstrap tree #717, logLikelihood: -3329.684982
[00:00:23] [worker #18] Bootstrap tree #723, logLikelihood: -3349.719246
[00:00:23] [worker #14] Bootstrap tree #719, logLikelihood: -3368.367134
[00:00:23] [worker #27] Bootstrap tree #732, logLikelihood: -3278.311216
[00:00:23] [worker #0] Bootstrap tree #705, logLikelihood: -3305.036070
[00:00:23] [worker #28] Bootstrap tree #733, logLikelihood: -3299.314414
[00:00:23] [worker #8] Bootstrap tree #713, logLikelihood: -3407.749890
[00:00:23] [worker #17] Bootstrap tree #722, logLikelihood: -3430.109541
[00:00:23] [worker #22] Bootstrap tree #759, logLikelihood: -3237.806595
[00:00:23] [worker #11] Bootstrap tree #748, logLikelihood: -3262.905416
[00:00:23] [worker #24] Bootstrap tree #761, logLikelihood: -3295.458012
[00:00:23] [worker #23] Bootstrap tree #760, logLikelihood: -3350.945287
00[:000::23] :[wBootstrap tree #] 746[worker #7] Bootstrap tree #744, logLikelihood: -3289.138247-3358.098633
00[:000::23] :[wBootstrap tree #] 746[worker #7] Bootstrap tree #744, logLikelihood: -3289.138247-3358.098633

:00:23] [worker #1] Bootstrap tree #738, logLikelihood: -3307.421136
[00:00:23] [worker #15] Bootstrap tree #752, logLikelihood: -3330.556930
[00:00:23] [worker #21] Bootstrap tree #758, logLikelihood: -3242.270252
[00:00:23] [worker #18] Bootstrap tree #755, logLikelihood: -3294.237104
[00:00:23] [worker #4] Bootstrap tree #741, logLikelihood: -3265.019006
[00:00:23] [worker #19] Bootstrap tree #756, logLikelihood: -3286.354955
[00:00:23] [worker #30] Bootstrap tree #767, logLikelihood: -3410.787104
[00:00:23] [worker #2] Bootstrap tree #739, logLikelihood: -3415.452789[
-3220.377276
[00:00:23] [worker #6] Bootstrap tree #743, logLikelihood: -3306.090550
[00:00:23] [worker #27] Bootstrap tree #764, logLikelihood: -3326.388373
[00:00:23] [worker #12] Bootstrap tree #749, logLikelihood: -3293.589009
[00:00:23] [worker #13] Bootstrap tree #750, logLikelihood: -3338.257054
[00:00:23] [worker #14] Bootstrap tree #751, logLikelihood: -3317.693939
[[[0:0000::00] :23] [worker #16] [worker #5] Bootstrap tree #Bootstrap tree #742, logLikelihood: , logLikelihood: -3323.856012-3241.301513
[[[0:0000::00] :23] [worker #16] [worker #5] Bootstrap tree #Bootstrap tree #742, logLikelihood: , logLikelihood: -3323.856012-3241.301513

[00:00:23] [worker #26] Bootstrap tree #763, logLikelihood: -3341.140303
00:00:23] [worker #29] Bootstrap tree #766, logLikelihood: -3416.824631
[00:00:23] [worker #25] Bootstrap tree #762, logLikelihood: -3268.882897
[00:00:23] [worker #31] Bootstrap tree #768, logLikelihood: -3259.462261
[00:00:23] [worker #31] Bootstrap tree #768, logLikelihood: -3259.462261
[00:00:23] [worker #3] Bootstrap tree #740, logLikelihood: -3286.970030
[00:00:23] [worker #20] Bootstrap tree #757, logLikelihood: -3323.486831
[00:00:23] [worker #28] Bootstrap tree #765, logLikelihood: -3266.172376
[00:00:23] [worker #17] Bootstrap tree #754, logLikelihood: -3261.276723
[00:00:23] [worker #8] Bootstrap tree #745, logLikelihood: -3340.033996
[00:00:23] [worker #0] Bootstrap tree #737, logLikelihood: -3286.057836
[00:00:25] [worker #1] Bootstrap tree #770, logLikelihood: -3346.967030
[00:00:25] [worker #24] Bootstrap tree #793, logLikelihood: -3387.616998
[00:00:25] [worker #31] Bootstrap tree #800, logLikelihood: -3331.520060
[00:00:25] [worker #13] Bootstrap tree #782, logLikelihood: -3378.317385
[00:00:25] [worker #23] Bootstrap tree #792, logLikelihood: -3337.462061
[00:00:25] [worker #2] Bootstrap tree #771, logLikelihood: -3382.981298
[00:00:25] [worker #27] Bootstrap tree #796, logLikelihood: -3320.619730
[00:00:25] [worker #14] Bootstrap tree #783, logLikelihood: -3305.254633
[00:00:25] [worker #8] Bootstrap tree #777, logLikelihood: -3309.189273
[00:00:25] [worker #29] Bootstrap tree #798, logLikelihood: -3280.444917
[00:00:25] [worker #12] Bootstrap tree #781, logLikelihood: -3308.539283
[00:00:25] [worker #5] Bootstrap tree #774, logLikelihood: -3284.821496
[00:00:25] [worker #28] Bootstrap tree #797, logLikelihood: -3334.656023
[00:00:25] [worker #22] Bootstrap tree #791, logLikelihood: -3376.903211
[00:00:25] [worker #19] Bootstrap tree #788, logLikelihood: -3346.652913
[00:00:25] [worker #16] Bootstrap tree #785, logLikelihood: -3310.949368
[00:00:25] [worker #4] Bootstrap tree #773, logLikelihood: -3251.042564
[00:00:25] [worker #17] Bootstrap tree #786, logLikelihood: -3341.953747
[00:00:25] [worker #11] Bootstrap tree #780, logLikelihood: -3356.364434
[00:00:25] [worker #26] Bootstrap tree #795, logLikelihood: -3266.288916[
[00:00:25] [worker #6] Bootstrap tree #775, logLikelihood: -3381.822579
[00:00:25] [worker #25] Bootstrap tree #794, logLikelihood: -3326.739171
[00:00:25] [worker #10] Bootstrap tree #779, logLikelihood: -3303.041459
[00:00:25] [worker #18] Bootstrap tree #787, logLikelihood: -3335.387191
[00:00:25] [worker #21] Bootstrap tree #790, logLikelihood: -3409.578255
[00:00:25] [worker #15] Bootstrap tree #784, logLikelihood: -3312.531176
[00:00:25] [worker #9] Bootstrap tree #778, logLikelihood: -3286.296675
[00:00:25] [worker #7] Bootstrap tree #776, logLikelihood: -3299.459500
[00:00:25] [worker #3] Bootstrap tree #772, logLikelihood: -3354.596433
[00:00:25] [worker #31] Bootstrap tree #832, logLikelihood: -3275.094609
[00:00:25] [worker #20] Bootstrap tree #789, logLikelihood: -3347.890862
[00:00:25] [worker #13] Bootstrap tree #814, logLikelihood: -3396.743679
[00:00:25] [worker #24] Bootstrap tree #825, logLikelihood: -3379.910721
[00:00:25] [worker #0] Bootstrap tree #769, logLikelihood: -3450.791010
[00:00:25] [worker #1] Bootstrap tree #802, logLikelihood: -3235.398709
[00:00:25] [worker #2] Bootstrap tree #803, logLikelihood: -3353.257116
[00:00:25] [worker #14] Bootstrap tree #815, logLikelihood: -3341.275445
[00:00:25] [worker #30] Bootstrap tree #831, logLikelihood: -3250.576541
[00:00:25] [worker #29] Bootstrap tree #830, logLikelihood: -3345.407585
[00:00:25] [worker #21] Bootstrap tree #822, logLikelihood: -3193.691511
[00:00:25] [worker #5] Bootstrap tree #806, logLikelihood: -3187.346454
[[00:00:25] [worker #10] Bootstrap tree #811, logLikelihood: -3257.928527
-3353.832523
[00:00:25] [worker #28] Bootstrap tree #829, logLikelihood: -3299.546355
[00:00:25] [worker #23] Bootstrap tree #824, logLikelihood: -3304.297858
[[00:00:25] [worker #17] Bootstrap tree #818, logLikelihood: 00:00:-3359.31726525] [worker #11] 
-3374.724845
[00:00:25] [worker #4] Bootstrap tree #805, logLikelihood: -3293.061776
[00:00:25] [worker #22] Bootstrap tree #823, logLikelihood: -3262.180324
[00:00:25] [worker #26] Bootstrap tree #827, logLikelihood: -3230.338751
[00:00:25] [worker #25] Bootstrap tree #826, logLikelihood: -3249.377585
[00:00:25] [worker #15] Bootstrap tree #816, logLikelihood: -3386.121625
[00:00:25] [worker #27] Bootstrap tree #828, logLikelihood: -3353.497154
[00:00:25] [worker #16] Bootstrap tree #817, logLikelihood: -3285.911201
[00:00:25] [worker #6] Bootstrap tree #807, logLikelihood: -3328.635001
[00:00:25] [worker #19] Bootstrap tree #820, logLikelihood: -3298.427446
[00:00:25] [worker #12] Bootstrap tree #813, logLikelihood: -3387.445722
[00:00:25] [worker #7] Bootstrap tree #808, logLikelihood: -3370.431688
[00:00:25] [worker #20] Bootstrap tree #821, logLikelihood: -3297.617706
[00:00:25] [worker #18] Bootstrap tree #819, logLikelihood: -3389.717737
[00:00:25] [worker #9] Bootstrap tree #810, logLikelihood: -3340.342155
[00:00:25] [worker #3] Bootstrap tree #804, logLikelihood: -3339.522844
[00:00:26] [worker #0] Bootstrap tree #801, logLikelihood: -3311.598586
[00:00:28] [worker #20] Bootstrap tree #853, logLikelihood: -3382.556908
[00:00:28] [worker #14] Bootstrap tree #847, logLikelihood: -3363.686135
[00:00:29] [worker #9] Bootstrap tree #842, logLikelihood: -3274.406980
[00:00:29] [worker #2] Bootstrap tree #835, logLikelihood: -3361.659565
00:00:29] [worker #31] Bootstrap tree #864, logLikelihood: -3311.329384
[00:00:29] [worker #26] Bootstrap tree #859, logLikelihood: -3323.481196
[00:00:29] [worker #10] Bootstrap tree #843, logLikelihood: -3312.373953
[[00:00:29] [worker #6] Bootstrap tree #839, logLikelihood: -3362.867668
00:00:29] [worker #28] Bootstrap tree #861, logLikelihood: -3316.780290
[00:00:29] [worker #23] Bootstrap tree #856, logLikelihood: -3352.863809
[00:00:29] [worker #30] Bootstrap tree #863, logLikelihood: -3287.473216
[00:00:29] [worker #5] Bootstrap tree #838, logLikelihood: -3369.006037
[00:00:29] [worker #29] Bootstrap tree #862, logLikelihood: -3359.497463
[00:00:29] [worker #4] Bootstrap tree #837, logLikelihood: -3296.365891
[00:00:29] [worker #18] Bootstrap tree #851, logLikelihood: -3239.452015
[00:00:29] [worker #1] Bootstrap tree #834, logLikelihood: -3315.902974
[00:00:29] [worker #12] Bootstrap tree #845, logLikelihood: -3276.072678
[worker #27] Bootstrap tree #860, logLikelihood: [-3369.514336
-3356.969878
[00:00:29] [worker #15] Bootstrap tree #848, logLikelihood: -3255.650765
[00:00:29] [worker #21] Bootstrap tree #854, logLikelihood: -3390.702243
[00:00:29] [worker #3] Bootstrap tree #836, logLikelihood: -3245.787947
[00:00:29] [worker #24] Bootstrap tree #857, logLikelihood: -3351.563987
[00:00:29] [worker #7] Bootstrap tree #840, logLikelihood: -3368.293363
[00:00:29] [worker #11] Bootstrap tree #844, logLikelihood: -3287.735874
[00:00:29] [worker #8] Bootstrap tree #841, logLikelihood: -3280.571409
[00:00:29] [worker #19] Bootstrap tree #852, logLikelihood: -3275.077422
[00:00:29] [worker #13] Bootstrap tree #846, logLikelihood: -3401.623934
[00:00:29] [worker #16] Bootstrap tree #849, logLikelihood: -3475.112898
[00:00:29] [worker #17] Bootstrap tree #850, logLikelihood: -3348.088156
[00:00:29] [worker #22] Bootstrap tree #855, logLikelihood: -3332.557792
[00:00:29] [worker #9] Bootstrap tree #874, logLikelihood: -3290.198593
[00:00:29] [worker #0] Bootstrap tree #833, logLikelihood: -3332.530401
[00:00:29] [worker #28] Bootstrap tree #893, logLikelihood: -3420.267849
[00:00:29] [worker #23] Bootstrap tree #888, logLikelihood: -3344.717658
[00:00:29] [worker #20] Bootstrap tree #885, logLikelihood: -3284.509956
[00:00:29] [worker #2] Bootstrap tree #867, logLikelihood: -3246.013840
[00:00:29] [worker #26] Bootstrap tree #891, logLikelihood: -3286.839377
[00:00:29] [worker #6] Bootstrap tree #871, logLikelihood: -3374.658162[
-3372.084845
[00:00:29] [worker #5] Bootstrap tree #870, logLikelihood: -3378.261218
[00:00:29] [worker #27] Bootstrap tree #892, logLikelihood: -3364.576750
[00:00:29] [worker #4] Bootstrap tree #869, logLikelihood: -3354.220243
[00:00:29] [worker #14] Bootstrap tree #879, logLikelihood: -3315.506956
[00:00:29] [worker #30] Bootstrap tree #895, logLikelihood: -3262.679040
[00:00:29] [worker #10] Bootstrap tree #875, logLikelihood: -3359.536575
[[00:00:29] [worker #24] Bootstrap tree #889, logLikelihood: -3323.583718
-3282.819276
[00:00:29] [worker #3] Bootstrap tree #868, logLikelihood: -3369.525395
[00:00:29] [worker #29] Bootstrap tree #894, logLikelihood: -3345.474727
[00:00:29] [worker #13] Bootstrap tree #878, logLikelihood: -3291.995747
[00:00:29] [worker #18] Bootstrap tree #883, logLikelihood: -3313.951866
[00:00:29] [worker #19] Bootstrap tree #884, logLikelihood: -3456.403309
[00:00:29] [worker #21] Bootstrap tree #886, logLikelihood: -3375.116200
[00:00:29] [worker #11] Bootstrap tree #876, logLikelihood: -3357.090902
[00:00:29] [worker #8] Bootstrap tree #873, logLikelihood: -3347.544157
[00:00:29] [worker #1] Bootstrap tree #866, logLikelihood: -3359.759656
[00:00:29] [worker #15] Bootstrap tree #880, logLikelihood: -3316.546426
[00:00:29] [worker #17] Bootstrap tree #882, logLikelihood: -3227.441349
[00:00:29] [worker #7] Bootstrap tree #872, logLikelihood: -3341.355996
[00:00:29] [worker #16] Bootstrap tree #881, logLikelihood: -3308.993062
[00:00:29] [worker #22] Bootstrap tree #887, logLikelihood: -3315.762927
[00:00:29] [worker #25] Bootstrap tree #890, logLikelihood: -3319.584635
[00:00:30] [worker #0] Bootstrap tree #865, logLikelihood: -3333.709315
[00:00:33] [worker #31] Bootstrap tree #928, logLikelihood: -3241.274740
[00:00:33] [worker #16] Bootstrap tree #913, logLikelihood: -3288.056675
[00:00:33] [worker #7] Bootstrap tree #904, logLikelihood: -3357.989211
[00:00:33] [worker #11] Bootstrap tree #908, logLikelihood: -3380.549295
[00:00:33] [worker #15] Bootstrap tree #912, logLikelihood: -3310.661500
[00:00:33] [worker #17] Bootstrap tree #914, logLikelihood: -3299.577390
[00:00:33] [worker #23] Bootstrap tree #920, logLikelihood: -3371.646911
[00:00:33] [worker #8] Bootstrap tree #905, logLikelihood: -3255.100060
[00:00:33] [worker #18] Bootstrap tree #915, logLikelihood: -3400.580029
[00:00:33] [worker #3] Bootstrap tree #900, logLikelihood: -3479.826992
[00:00:33] [worker #14] Bootstrap tree #911, logLikelihood: -3408.538534
[00:00:33] [worker #10] Bootstrap tree #907, logLikelihood: -3361.232467
[00:00:33] [worker #30] Bootstrap tree #927, logLikelihood: -3268.504409
[00:00:33] [worker #1] Bootstrap tree #898, logLikelihood: -3333.569060
[00:00:33] [worker #29] Bootstrap tree #926, logLikelihood: -3393.847459
[00:00:33] [worker #13] Bootstrap tree #910, logLikelihood: -3362.252754
[00:00:33] [worker #26] Bootstrap tree #923, logLikelihood: -3346.294021
[00:00:33] [worker #5] Bootstrap tree #902, logLikelihood: -3360.304082
[00:00:33] [worker #21] Bootstrap tree #918, logLikelihood: -3384.149656
[00:00:33] [worker #2] Bootstrap tree #899, logLikelihood: -3302.997070
[00:00:33] [worker #9] Bootstrap tree #906, logLikelihood: -3254.199457[[00:00:33] [worker #9] Bootstrap tree #906, logLikelihood: -3254.199457[00:00:33] [worker #19] Bootstrap tree #916, logLikelihood: -3350.774839
[00:00:33] [worker #4] Bootstrap tree #901, logLikelihood: -3272.738830
[00:00:33] [worker #24] Bootstrap tree #921, logLikelihood: -3282.042310
[00:00:33] [worker #6] Bootstrap tree #903, logLikelihood: -3394.640066
[00:00:33] [worker #27] Bootstrap tree #924, logLikelihood: -3377.733008
[00:00:33] [worker #12] Bootstrap tree #909, logLikelihood: -3321.886127
[00:00:33] [worker #0] Bootstrap tree #897, logLikelihood: -3360.965480
[00:00:33] [worker #22] Bootstrap tree #919, logLikelihood: -3282.353131
[00:00:33] [worker #20] Bootstrap tree #917, logLikelihood: -3267.749776
[00:00:33] [worker #28] Bootstrap tree #925, logLikelihood: -3372.918919
[00:00:33] [worker #25] Bootstrap tree #922, logLikelihood: -3306.274949
[00:00:33] [worker #31] Bootstrap tree #960, logLikelihood: -3314.492781
[00:00:33] [worker #16] Bootstrap tree #945, logLikelihood: -3298.152031
[00:00:33] [worker #7] Bootstrap tree #936, logLikelihood: -3305.696013
[00:00:33] [worker #23] Bootstrap tree #952, logLikelihood: -3310.856846
[00:00:33] [worker #13] Bootstrap tree #942, logLikelihood: -3278.300302
[00:00:33] [worker #1] Bootstrap tree #930, logLikelihood: -3329.937653
[00:00:33] [worker #26] Bootstrap tree #955, logLikelihood: -3334.199261
[00:00:33] [worker #18] Bootstrap tree #947, logLikelihood: -3272.240374
[00:00:33] [worker #2] Bootstrap tree #931, logLikelihood: -3341.196777
[00:00:33] [worker #10] Bootstrap tree #939, logLikelihood: -3379.145213
[00:00:33] [worker #30] Bootstrap tree #959, logLikelihood: -3328.528337
[00:00:33] [worker #4] Bootstrap tree #933, logLikelihood: -3265.545322
[00:00:33] [worker #8] Bootstrap tree #937, logLikelihood: -3243.755524
[00:00:33] [worker #15] Bootstrap tree #944, logLikelihood: -3422.912364
[00:00:33] [worker #17] Bootstrap tree #946, logLikelihood: -3330.122585
[[[[00:00:33] [worker #14] Bootstrap tree #943, logLikelihood: -3323.794814
[worker #9] 3300:00:33] [worker #3] Bootstrap tree #932, logLikelihood: Bootstrap tree #] 938, logLikelihood: [worker #5] Bootstrap tree #934, logLikelihood: -3348.831384

worker #9] 3300:00:33] [worker #3] Bootstrap tree #932, logLikelihood: Bootstrap tree #] 938, logLikelihood: [worker #5] Bootstrap tree #934, logLikelihood: -3348.831384


[00:00:34] [worker #28] Bootstrap tree #957, logLikelihood: -3238.951604
[00:00:34] [worker #20] Bootstrap tree #949, logLikelihood: -3330.679076
[00:00:34] [worker #11] Bootstrap tree #940, logLikelihood: -3336.804686
[00:00:34] [worker #22] Bootstrap tree #951, logLikelihood: -3254.527149
[00:00:34] [worker #6] Bootstrap tree #935, logLikelihood: -3273.272647
[00:00:34] [worker #19] Bootstrap tree #948, logLikelihood: -3381.419949
[[00:00:34] [worker #21] Bootstrap tree #950, logLikelihood: -3392.363954
00:00:34] [worker #24] Bootstrap tree #953, logLikelihood: -3336.178966
[00:00:34] [worker #27] Bootstrap tree #956, logLikelihood: -3314.333055
[00:00:34] [worker #12] Bootstrap tree #941, logLikelihood: -3304.713524
[00:00:34] [worker #25] Bootstrap tree #954, logLikelihood: -3286.119768
[00:00:34] [worker #29] Bootstrap tree #958, logLikelihood: -3257.100671
[00:00:34] [worker #0] Bootstrap tree #929, logLikelihood: -3249.212473
[00:00:36] [worker #17] Bootstrap tree #978, logLikelihood: -3332.015831
[00:00:36] [worker #11] Bootstrap tree #972, logLikelihood: -3288.154112
[00:00:36] [worker #10] Bootstrap tree #971, logLikelihood: -3353.132409
[00:00:36] [worker #28] Bootstrap tree #989, logLikelihood: -3294.841517
[00:00:36] [worker #16] Bootstrap tree #977, logLikelihood: -3313.705630
[00:00:36] [worker #31] Bootstrap tree #992, logLikelihood: -3393.923881
[00:00:36] [worker #21] Bootstrap tree #982, logLikelihood: -3381.949942
[00:00:36] [worker #29] Bootstrap tree #990, logLikelihood: -3360.937394
[00:00:36] [worker #4] Bootstrap tree #965, logLikelihood: -3340.596811
[00:00:36] [worker #18] Bootstrap tree #979, logLikelihood: -3414.140344
[00:00:36] [worker #2] Bootstrap tree #963, logLikelihood: -3304.589776
[00:00:36] [worker #5] Bootstrap tree #966, logLikelihood: -3155.657149
[00:00:36] [worker #13] Bootstrap tree #974, logLikelihood: [00:00:36] -3279.430202[worker #3] Bootstrap tree #964, logLikelihood: 
[00:00:36] [worker #13] Bootstrap tree #974, logLikelihood: [00:00:36] -3279.430202[worker #3] Bootstrap tree #964, logLikelihood: 
-3278.935591
[[00:00:36] [worker #12] Bootstrap tree #97300:00:36] [worker #30] Bootstrap tree #991, logLikelihood: , logLikelihood: -3337.977075

[[00:00:36] [worker #12] Bootstrap tree #97300:00:36] [worker #30] Bootstrap tree #991, logLikelihood: , logLikelihood: -3337.977075

[00:00:36] [worker #1] Bootstrap tree #962, logLikelihood: -3158.094793
[00:00:36] [worker #15] Bootstrap tree #976, logLikelihood: -3355.886124
[00:00:36] [worker #14] Bootstrap tree #975, logLikelihood: -3321.689136[
[
-3301.465257
[00:00:36] [worker #9] Bootstrap tree #970, logLikelihood: -3365.369225
[00:00:36] [worker #6] Bootstrap tree #967, logLikelihood: -3332.079571
-3398.615816[[
00:00:36] [worker #19] Bootstrap tree #980, logLikelihood: -3314.492028
00:00:36] [worker #25] Bootstrap tree #986, logLikelihood: -3403.675654
[00:00:36] [worker #24] Bootstrap tree #985, logLikelihood: -3354.427083
[00:00:36] [worker #22] Bootstrap tree #983, logLikelihood: -3267.053148
[00:00:36] [worker #26] Bootstrap tree #987, logLikelihood: -3411.667110
[00:00:36] [worker #23] Bootstrap tree #984, logLikelihood: -3368.464131
[00:00:36] [worker #8] Bootstrap tree #969, logLikelihood: -3258.486921
[00:00:36] [worker #0] Bootstrap tree #961, logLikelihood: -3292.977218
[00:00:36] [worker #4] Bootstrap tree #997, logLikelihood: -3281.936718
[00:00:37] [worker #2] Bootstrap tree #995, logLikelihood: -3325.664403
[00:00:37] [worker #1] Bootstrap tree #994, logLikelihood: -3355.171900
[00:00:37] [worker #7] Bootstrap tree #1000, logLikelihood: -3374.250841
[00:00:37] [worker #5] Bootstrap tree #998, logLikelihood: -3255.320362
[00:00:37] [worker #3] Bootstrap tree #996, logLikelihood: -3303.741060
[00:00:37] [worker #6] Bootstrap tree #999, logLikelihood: -3344.918561
[00:00:37] [worker #0] Bootstrap tree #993, logLikelihood: -3295.668728

Optimized model parameters:

   Partition 0: noname
   Rate heterogeneity: GAMMA (4 cats, mean),  alpha: 0.020138 (ML),  weights&rates: (0.250000,0.000000) (0.250000,0.000000) (0.250000,0.000001) (0.250000,3.999999) 
   Base frequencies (ML): 0.394805 0.121382 0.118304 0.365509 
   Substitution rates (ML): 1.366223 12.704261 1.196870 0.001000 6.900985 1.000000 


Final LogLikelihood: -3337.019932

AIC score: 6742.039865 / AICc score: 6743.045357 / BIC score: 6938.697803
Free parameters (model + branch lengths): 34

WARNING: Best ML tree contains 4 near-zero branches!

Best ML tree with collapsed near-zero branches saved to: /mnt/lustre/RDS-live/downing/LSDV/GTPV_SPPV/results_GTPV/LSDV075.raxml.bestTreeCollapsed
Best ML tree saved to: /mnt/lustre/RDS-live/downing/LSDV/GTPV_SPPV/results_GTPV/LSDV075.raxml.bestTree
All ML trees saved to: /mnt/lustre/RDS-live/downing/LSDV/GTPV_SPPV/results_GTPV/LSDV075.raxml.mlTrees
Best ML tree with Felsenstein bootstrap (FBP) support values saved to: /mnt/lustre/RDS-live/downing/LSDV/GTPV_SPPV/results_GTPV/LSDV075.raxml.supportFBP
Best ML tree with Transfer bootstrap (TBE) support values saved to: /mnt/lustre/RDS-live/downing/LSDV/GTPV_SPPV/results_GTPV/LSDV075.raxml.supportTBE
Optimized model saved to: /mnt/lustre/RDS-live/downing/LSDV/GTPV_SPPV/results_GTPV/LSDV075.raxml.bestModel
Bootstrap trees saved to: /mnt/lustre/RDS-live/downing/LSDV/GTPV_SPPV/results_GTPV/LSDV075.raxml.bootstraps

Execution log saved to: /mnt/lustre/RDS-live/downing/LSDV/GTPV_SPPV/results_GTPV/LSDV075.raxml.log

Analysis started: 24-Nov-2025 14:43:29 / finished: 24-Nov-2025 14:44:09

Elapsed time: 40.122 seconds

