
RAxML-NG v. 1.2.2 released on 11.04.2024 by The Exelixis Lab.
Developed by: Alexey M. Kozlov and Alexandros Stamatakis.
Contributors: Diego Darriba, Tomas Flouri, Benoit Morel, Sarah Lutteropp, Ben Bettisworth, Julia Haag, Anastasis Togkousidis.
Latest version: https://github.com/amkozlov/raxml-ng
Questions/problems/suggestions? Please visit: https://groups.google.com/forum/#!forum/raxml

System: AMD EPYC 7543P 32-Core Processor, 32 cores, 995 GB RAM

RAxML-NG was called at 24-Nov-2025 18:58:41 as follows:

raxml-ng --all --msa region_LSDV133.aln --model GTR+G --prefix LSDV133 --seed 123 --bs-metric fbp,tbe --redo

Analysis options:
  run mode: ML tree search + bootstrapping (Felsenstein Bootstrap + Transfer Bootstrap)
  start tree(s): random (10) + parsimony (10)
  bootstrap replicates: parsimony (max: 1000) + bootstopping (autoMRE, cutoff: 0.030000)
  random seed: 123
  tip-inner: OFF
  pattern compression: ON
  per-rate scalers: OFF
  site repeats: ON
  logLH epsilon: general: 10.000000, brlen-triplet: 1000.000000
  fast spr radius: AUTO
  spr subtree cutoff: 1.000000
  fast CLV updates: ON
  branch lengths: proportional (ML estimate, algorithm: NR-FAST)
  SIMD kernels: AVX2
  parallelization: coarse-grained (auto), PTHREADS (auto)

WARNING: Running in REDO mode: existing checkpoints are ignored, and all result files will be overwritten!

[00:00:00] Reading alignment from file: region_LSDV133.aln
[00:00:00] Loaded alignment with 30 taxa and 1685 sites

WARNING: Sequences PP886239.1 and MN072629.1 are exactly identical!
WARNING: Sequences PP886237.1 and PP886236.1 are exactly identical!
WARNING: Sequences PQ014465.1 and OQ434239.1 are exactly identical!
WARNING: Sequences PQ014465.1 and OQ434238.1 are exactly identical!
WARNING: Sequences PQ014465.1 and OQ434237.1 are exactly identical!
WARNING: Sequences PQ014465.1 and OQ434236.1 are exactly identical!
WARNING: Sequences PQ014465.1 and ON961657.1 are exactly identical!
WARNING: Sequences PQ014465.1 and ON961656.1 are exactly identical!
WARNING: Sequences PQ014465.1 and ON961655.1 are exactly identical!
WARNING: Sequences PQ014465.1 and AY077833.1 are exactly identical!
WARNING: Sequences NC_004002.1 and MW167071.1 are exactly identical!
WARNING: Sequences NC_004002.1 and AY077832.1 are exactly identical!
WARNING: Sequences MT137384.1 and MW020571.1 are exactly identical!
WARNING: Sequences MT137384.1 and MN072631.1 are exactly identical!
WARNING: Sequences MT137384.1 and AY077834.1 are exactly identical!
WARNING: Duplicate sequences found: 15

NOTE: Reduced alignment (with duplicates and gap-only sites/taxa removed) 
NOTE: was saved to: /mnt/lustre/RDS-live/downing/LSDV/GTPV_SPPV/results_SPPV/LSDV133.raxml.reduced.phy

Alignment comprises 1 partitions and 27 patterns

Partition 0: noname
Model: GTR+FO+G4m
Alignment sites / patterns: 1685 / 27
Gaps: 0.60 %
Invariant sites: 99.29 %


NOTE: Binary MSA file created: LSDV133.raxml.rba

Parallelization scheme autoconfig: 32 worker(s) x 1 thread(s)

[00:00:00] Generating 10 random starting tree(s) with 30 taxa
[00:00:00] Generating 10 parsimony starting tree(s) with 30 taxa
Parallel parsimony with 32 threads
Parallel reduction/worker buffer size: 1 KB  / 0 KB

[00:00:00] Data distribution: max. partitions/sites/weight per thread: 1 / 27 / 432
[00:00:00] Data distribution: max. searches per worker: 33

Starting ML tree search with 20 distinct starting trees

[00:00:00] [worker #13] ML tree search #14, logLikelihood: -2213.567535
[00:00:00] [worker #14] ML tree search #15, logLikelihood: -2213.567540
[00:00:00] [worker #5] ML tree search #6, logLikelihood: -2213.567539
[00:00:00] [worker #0] ML tree search #1, logLikelihood: -2241.121780
[00:00:00] [worker #6] ML tree search #7, logLikelihood: -2213.567540
[00:00:00] [worker #11] ML tree search #12, logLikelihood: -2213.567539
[00:00:00] [worker #15] ML tree search #16, logLikelihood: -2213.567542
[00:00:00] [worker #12] ML tree search #13, logLikelihood: -2213.567538
[00:00:00] [worker #10] ML tree search #11, logLikelihood: -2213.567541
[00:00:00] [worker #19] ML tree search #20, logLikelihood: -2213.567541
[00:00:00] [worker #17] ML tree search #18, logLikelihood: -2213.567536
[00:00:00] [worker #2] ML tree search #3, logLikelihood: -2213.567533
[00:00:00] [worker #9] ML tree search #10, logLikelihood: -2213.567534
[00:00:00] [worker #7] ML tree search #8, logLikelihood: -2213.567541
[00:00:00] [worker #3] ML tree search #4, logLikelihood: -2213.567542
[00:00:00] [worker #1] ML tree search #2, logLikelihood: -2213.567539
[00:00:00] [worker #8] ML tree search #9, logLikelihood: -2213.567538
[00:00:00] [worker #16] ML tree search #17, logLikelihood: -2213.567538
[00:00:00] [worker #18] ML tree search #19, logLikelihood: -2213.567539
[00:00:00] [worker #4] ML tree search #5, logLikelihood: -2213.567539

[00:00:00] ML tree search completed, best tree logLH: -2213.567533

[00:00:00] Starting bootstrapping analysis with 1000 replicates.

[00:00:00] [worker #13] Bootstrap tree #14, logLikelihood: -2173.377410
[00:00:00] [worker #12] Bootstrap tree #13, logLikelihood: -2240.713744
[00:00:00] [worker #25] Bootstrap tree #26, logLikelihood: -2218.101266
[00:00:00] [worker #31] Bootstrap tree #32, logLikelihood: -2214.604373
[00:00:00] [worker #14] Bootstrap tree #15, logLikelihood: -2239.998062
[00:00:01] [worker #7] Bootstrap tree #8, logLikelihood: -2209.813445
[00:00:01] [worker #2] Bootstrap tree #3, logLikelihood: -2248.687330
[00:00:01] [worker #6] Bootstrap tree #7, logLikelihood: -2191.032564
[00:00:01] [worker #20] Bootstrap tree #21, logLikelihood: [-2229.4801220:
[00:00:01] [worker #20] Bootstrap tree #21, logLikelihood: [-2229.4801220:
:01] [worker #8] Bootstrap tree #9, logLikelihood: -2172.737440
[00:00:01] [worker #29] Bootstrap tree #30, logLikelihood: -2255.751859
[00:00:01] [worker #17] Bootstrap tree #18, logLikelihood: -2218.406078
[00:00:01] [worker #9] Bootstrap tree #10, logLikelihood: -2232.118625
[00:00:01] [worker #28] Bootstrap tree #29, logLikelihood: -2187.916256
[00:00:01] [worker #19] Bootstrap tree #20, logLikelihood: -2168.527362
[00:00:01] [worker #22] Bootstrap tree #23, logLikelihood: -2246.420953
[00:00:01] [worker #23] Bootstrap tree #24, logLikelihood: -2286.994907
[00:00:01] [worker #1] Bootstrap tree #2, logLikelihood: -2218.124549
[00:00:01] [worker #18] Bootstrap tree #19, logLikelihood: -2193.600206
[00:00:01] [worker #5] Bootstrap tree #6, logLikelihood: -2225.874304
[00:00:01] [worker #3] Bootstrap tree #4, logLikelihood: -2177.084969
[00:00:01] [worker #10] Bootstrap tree #11, logLikelihood: -2184.065159
[00:00:01] [worker #24] Bootstrap tree #25, logLikelihood: -2257.826211
[00:00:01] [worker #16] Bootstrap tree #17, logLikelihood: -2175.390225
[00:00:01] [worker #30] Bootstrap tree #31, logLikelihood: -2199.512104
[00:00:01] [worker #15] Bootstrap tree #16, logLikelihood: -2180.976923
[00:00:01] [worker #27] Bootstrap tree #28, logLikelihood: -2118.388770
[00:00:01] [worker #26] Bootstrap tree #27, logLikelihood: -2226.082366
[00:00:01] [worker #4] Bootstrap tree #5, logLikelihood: -2198.188927
[00:00:01] [worker #11] Bootstrap tree #12, logLikelihood: -2229.225343
[00:00:01] [worker #21] Bootstrap tree #22, logLikelihood: -2247.595291
[00:00:01] [worker #31] Bootstrap tree #64, logLikelihood: -2172.686560
[00:00:01] [worker #13] Bootstrap tree #46, logLikelihood: -2250.919425
[00:00:01] [worker #25] Bootstrap tree #58, logLikelihood: -2235.431990
[00:00:01] [worker #14] Bootstrap tree #47, logLikelihood: -2244.322781
[00:00:01] [worker #12] Bootstrap tree #45, logLikelihood: -2213.077759
[00:00:01] [worker #0] Bootstrap tree #1, logLikelihood: -2184.631919
[00:00:01] [worker #2] Bootstrap tree #35, logLikelihood: -2205.870584
[00:00:01] [worker #8] Bootstrap tree #41, logLikelihood: -2221.460684
[00:00:01] [worker #20] Bootstrap tree #53, logLikelihood: -2177.313539
[00:00:01] [worker #9] Bootstrap tree #42, logLikelihood: -2157.372229
[00:00:01] [worker #18] Bootstrap tree #51, logLikelihood: -2206.242935
[00:00:01] [worker #6] Bootstrap tree #39, logLikelihood: -2169.785380
[00:00:01] [worker #23] Bootstrap tree #56, logLikelihood: -2199.816007
[00:00:01] [worker #1] Bootstrap tree #34, logLikelihood: -2285.231322
[00:00:01] [worker #1] Bootstrap tree #34, logLikelihood: -2285.231322
[00:00:01] [worker #10] Bootstrap tree #43, logLikelihood: -2207.764466
[00:00:01] [worker #7] Bootstrap tree #40, logLikelihood: -2226.015289
[00:00:01] [worker #17] Bootstrap tree #50, logLikelihood: -2187.376232
[00:00:01] [worker #29] Bootstrap tree #62, logLikelihood: -2242.209093
[00:00:01] [worker #5] Bootstrap tree #38, logLikelihood: -2169.530093
[00:00:01] [worker #19] Bootstrap tree #52, logLikelihood: -2232.277215
[00:00:01] [worker #3] Bootstrap tree #36, logLikelihood: -2256.362355
-2158.529710
[00:00:01] [worker #22] Bootstrap tree #55, logLikelihood: -2177.357554
[00:00:01] [worker #30] Bootstrap tree #63, logLikelihood: -2181.924429
[00:00:01] [worker #4] Bootstrap tree #37, logLikelihood: -2148.654511
[00:00:01] [worker #21] Bootstrap tree #54, logLikelihood: -2225.603916
[00:00:01] [worker #24] Bootstrap tree #57, logLikelihood: -2230.568654
[00:00:01] [worker #27] Bootstrap tree #60, logLikelihood: -2189.217672
[00:00:01] [worker #16] Bootstrap tree #49, logLikelihood: -2189.015588
[00:00:01] [worker #26] Bootstrap tree #59, logLikelihood: -2155.493988
[00:00:01] [worker #15] Bootstrap tree #48, logLikelihood: -2247.162809
[00:00:01] [worker #11] Bootstrap tree #44, logLikelihood: -2207.636556
[00:00:01] [worker #0] Bootstrap tree #33, logLikelihood: -2204.822861
[00:00:02] [worker #25] Bootstrap tree #90, logLikelihood: -2182.206082
[00:00:02] [worker #31] Bootstrap tree #96, logLikelihood: -2168.061470
[00:00:02] [worker #13] Bootstrap tree #78, logLikelihood: -2257.841631
[00:00:02] [worker #14] Bootstrap tree #79, logLikelihood: -2195.904739
[00:00:02] [worker #7] Bootstrap tree #72, logLikelihood: -2169.067276
[00:00:02] [worker #9] Bootstrap tree #74, logLikelihood: -2123.053630
[00:00:02] [worker #5] Bootstrap tree #70, logLikelihood: -2144.991738
[00:00:02] [worker #3] Bootstrap tree #68, logLikelihood: -2144.252940
[00:00:02] [worker #1] Bootstrap tree #66, logLikelihood: -2211.915679
[00:00:02] [worker #16] Bootstrap tree #81, logLikelihood: -2238.200061
[00:00:02] [worker #24] Bootstrap tree #89, logLikelihood: -2248.117724

[00:00:02] [worker #10] Bootstrap tree #75, logLikelihood: -2246.129108
[00:00:02] [worker #6] Bootstrap tree #71, logLikelihood: -2224.402579
[00:00:02] [worker #28] Bootstrap tree #93, logLikelihood: -2234.760671
[00:00:02] [worker #19] Bootstrap tree #84, logLikelihood: -2225.006682
[00:00:02] [worker #2] Bootstrap tree #67, logLikelihood: -2278.098465
[00:00:02] [worker #11] Bootstrap tree #76, logLikelihood: -2205.194965
[00:00:02] [worker #17] Bootstrap tree #82, logLikelihood: -2181.490667
[00:00:02] [worker #18] Bootstrap tree #83, logLikelihood: -2236.144228
[00:00:02] [worker #12] Bootstrap tree #77, logLikelihood: -2191.863365
[00:00:02] [worker #23] Bootstrap tree #88, logLikelihood: -2203.018240
[00:00:02] [worker #21] Bootstrap tree #86, logLikelihood: -2220.713559
[00:00:02] [worker #27] Bootstrap tree #92, logLikelihood: -2209.551184
[00:00:02] [worker #29] Bootstrap tree #94, logLikelihood: -2175.408505
[00:00:02] [worker #15] Bootstrap tree #80, logLikelihood: -2206.801318
[00:00:02] [worker #26] Bootstrap tree #91, logLikelihood: -2164.017459
[00:00:03] [worker #4] Bootstrap tree #69, logLikelihood: -2228.774503
[00:00:03] [worker #0] Bootstrap tree #65, logLikelihood: -2224.119115
[00:00:03] [worker #8] Bootstrap tree #73, logLikelihood: -2218.372008
[00:00:03] [worker #22] Bootstrap tree #87, logLikelihood: -2197.909910
[00:00:03] [worker #20] Bootstrap tree #85, logLikelihood: -2189.314038
[00:00:03] [worker #25] Bootstrap tree #122, logLikelihood: -2268.122536
[00:00:03] [worker #19] Bootstrap tree #116, logLikelihood: -2174.405502
[00:00:03] [worker #7] Bootstrap tree #104, logLikelihood: -2224.274253
[00:00:03] [worker #30] Bootstrap tree #127, logLikelihood: -2215.790513
[00:00:03] [worker #31] Bootstrap tree #128, logLikelihood: -2220.838418
[00:00:03] [worker #14] Bootstrap tree #111, logLikelihood: -2223.434742
[00:00:03] [worker #10] Bootstrap tree #107, logLikelihood: -2237.118540
[00:00:03] [worker #16] Bootstrap tree #113, logLikelihood: -2237.488420
[00:00:03] [worker #24] Bootstrap tree #121, logLikelihood: -2140.919966
[00:00:03] [worker #13] Bootstrap tree #110, logLikelihood: -2207.114146
[00:00:03] [worker #9] Bootstrap tree #106, logLikelihood: -2197.046367
[00:00:03] [worker #9] Bootstrap tree #106, logLikelihood: -2197.046367
[00:00:03] [worker #6] Bootstrap tree #103, logLikelihood: -2220.085895
[00:00:03] [worker #2] Bootstrap tree #99, logLikelihood: -2204.565175
[00:00:03] [worker #3] Bootstrap tree #100, logLikelihood: -2237.241609
[00:00:03] [worker #5] Bootstrap tree #102, logLikelihood: -2165.016742
[00:00:03] [worker #17] Bootstrap tree #114, logLikelihood: -2218.749340
[00:00:03] [worker #1] Bootstrap tree #98, logLikelihood: -2243.494353
[00:00:03] [worker #28] Bootstrap tree #125, logLikelihood: -2173.604318
[00:00:03] [worker #12] Bootstrap tree #109, logLikelihood: -2219.900552
[00:00:03] [worker #11] Bootstrap tree #108, logLikelihood: -2198.579947
[00:00:03] [worker #23] Bootstrap tree #120, logLikelihood: -2183.698942
[00:00:03] [worker #18] Bootstrap tree #115, logLikelihood: -2243.745532
[00:00:03] [worker #21] Bootstrap tree #118, logLikelihood: -2218.952873
[00:00:03] [worker #8] Bootstrap tree #105, logLikelihood: -2185.677770
[00:00:03] [worker #27] Bootstrap tree #124, logLikelihood: -2192.265219
[00:00:03] [worker #29] Bootstrap tree #126, logLikelihood: -2219.284643
[00:00:03] [worker #26] Bootstrap tree #123, logLikelihood: -2125.523234
[00:00:03] [worker #15] Bootstrap tree #112, logLikelihood: -2174.599865
[00:00:03] [worker #4] Bootstrap tree #101, logLikelihood: -2159.117129
[00:00:03] [worker #20] Bootstrap tree #117, logLikelihood: -2228.638920
[00:00:03] [worker #22] Bootstrap tree #119, logLikelihood: -2218.595120
[00:00:03] [worker #0] Bootstrap tree #97, logLikelihood: -2254.033129
[00:00:07] [worker #31] Bootstrap tree #160, logLikelihood: -2207.174512
[00:00:07] [worker #10] Bootstrap tree #139, logLikelihood: -2178.879907
[00:00:07] [worker #22] Bootstrap tree #151, logLikelihood: -2238.564626
[00:00:07] [worker #27] Bootstrap tree #156, logLikelihood: -2146.774267
[00:00:07] [worker #14] Bootstrap tree #143, logLikelihood: -2246.783559
[00:00:07] [worker #12] Bootstrap tree #141, logLikelihood: -2175.959971
[00:00:07] [worker #18] Bootstrap tree #147, logLikelihood: -2162.197576
[00:00:07] [worker #3] Bootstrap tree #132, logLikelihood: [-2215.472120
-2197.886705
[00:00:07] [worker #16] Bootstrap tree #145, logLikelihood: -2188.418798
[00:00:07] [worker #9] Bootstrap tree #138, logLikelihood: -2172.041447
[00:00:07] [worker #5] Bootstrap tree #134, logLikelihood: -2180.736316
[00:00:07] [worker #17] Bootstrap tree #146, logLikelihood: -2217.183862
[00:00:07] [worker #1] Bootstrap tree #130, logLikelihood: -2203.209734
[00:00:07] [worker #13] Bootstrap tree #142, logLikelihood: -2216.996675
[00:00:07] [worker #23] Bootstrap tree #152, logLikelihood: -2238.366430
[00:00:07] [worker #21] Bootstrap tree #150, logLikelihood: -2269.829453
[00:00:07] [worker #25] Bootstrap tree #154, logLikelihood: -2219.360028
[00:00:07] [worker #8] Bootstrap tree #137, logLikelihood: -2209.212917
[00:00:07] [worker #2] Bootstrap tree #131, logLikelihood: -2205.134788
[00:00:07] [worker #30] Bootstrap tree #159, logLikelihood: -2195.940369
[00:00:07] [worker #24] Bootstrap tree #153, logLikelihood: -2280.802878
[00:00:07] [worker #20] Bootstrap tree #149, logLikelihood: -2263.576574
[00:00:07] [worker #7] Bootstrap tree #136, logLikelihood: -2181.050446
[00:00:07] [worker #6] Bootstrap tree #135, logLikelihood: -2228.011518
00:00:07] [worker #11] Bootstrap tree #140, logLikelihood: -2186.856315
[00:00:07] [worker #29] Bootstrap tree #158, logLikelihood: -2172.494027
[00:00:07] [worker #28] Bootstrap tree #157, logLikelihood: -2198.173711
[00:00:07] [worker #26] Bootstrap tree #155, logLikelihood: -2206.098149
[00:00:07] [worker #4] Bootstrap tree #133, logLikelihood: -2174.556137
[00:00:07] [worker #15] Bootstrap tree #144, logLikelihood: -2171.568681
[00:00:07] [worker #14] Bootstrap tree #175, logLikelihood: -2170.966960
[00:00:07] [worker #27] Bootstrap tree #188, logLikelihood: -2185.106210
[00:00:07] [worker #5] Bootstrap tree #166, logLikelihood: -2171.231660
[00:00:07] [worker #0] Bootstrap tree #129, logLikelihood: -2225.656135
[00:00:07] [worker #12] Bootstrap tree #173, logLikelihood: -2186.075704
[00:00:07] [worker #9] Bootstrap tree #170, logLikelihood: -2155.545091
[00:00:07] [worker #16] Bootstrap tree #177, logLikelihood: -2226.369154
[00:00:07] [worker #10] Bootstrap tree #171, logLikelihood: -2203.783857
[00:00:07] [worker #31] Bootstrap tree #192, logLikelihood: -2185.509137
[00:00:07] [worker #23] Bootstrap tree #184, logLikelihood: -2184.709704
[00:00:07] [worker #11] Bootstrap tree #172, logLikelihood: -2144.917923
[00:00:07] [worker #1] Bootstrap tree #162, logLikelihood: -2219.041032
[00:00:07] [worker #3] Bootstrap tree #164, logLikelihood: -2206.662600
[00:00:07] [worker #8] Bootstrap tree #169, logLikelihood: -2139.358447
[00:00:07] [worker #18] Bootstrap tree #179, logLikelihood: -2211.846571
[00:00:07] [worker #30] Bootstrap tree #191, logLikelihood: -2193.197581
[00:00:07] [worker #25] Bootstrap tree #186, logLikelihood: -2202.374357
[00:00:07] [worker #19] Bootstrap tree #180, logLikelihood: -2163.140858
[00:00:07] [worker #28] Bootstrap tree #189, logLikelihood: -2252.502153
[00:00:07] [worker #21] Bootstrap tree #182, logLikelihood: -2233.654875
[00:00:07] [worker #13] Bootstrap tree #174, logLikelihood: -2239.367262
[00:00:07] [worker #7] Bootstrap tree #168, logLikelihood: -2219.716058
[00:00:07] [worker #22] Bootstrap tree #183, logLikelihood: -2224.017041
[00:00:07] [worker #2] Bootstrap tree #163, logLikelihood: -2137.023964
[00:00:07] [worker #6] Bootstrap tree #167, logLikelihood: -2270.041197
[00:00:07] [worker #20] Bootstrap tree #181, logLikelihood: -2288.410724
[00:00:07] [worker #24] Bootstrap tree #185, logLikelihood: -2195.788590
[00:00:07] [worker #17] Bootstrap tree #178, logLikelihood: -2242.166478
[00:00:07] [worker #29] Bootstrap tree #190, logLikelihood: -2198.849878
[00:00:07] [worker #26] Bootstrap tree #187, logLikelihood: -2242.544890
[00:00:08] [worker #4] Bootstrap tree #165, logLikelihood: -2259.774379
[00:00:08] [worker #15] Bootstrap tree #176, logLikelihood: -2227.699148
[00:00:08] [worker #0] Bootstrap tree #161, logLikelihood: -2165.374602
[00:00:14] [worker #11] Bootstrap tree #204, logLikelihood: -2141.729378
[00:00:14] [worker #25] Bootstrap tree #218, logLikelihood: -2172.172799
[00:00:14] [worker #18] Bootstrap tree #211, logLikelihood: -2176.546154
[00:00:14] [worker #24] Bootstrap tree #217, logLikelihood: -2154.594257
[00:00:14] [worker #7] Bootstrap tree #200, logLikelihood: -2180.754313
[00:00:14] [worker #4] Bootstrap tree #197, logLikelihood: -2164.131328
[00:00:14] [worker #17] Bootstrap tree #210, logLikelihood: -2130.364230
[00:00:14] [worker #22] Bootstrap tree #215, logLikelihood: -2160.590963
[00:00:14] [worker #28] Bootstrap tree #221, logLikelihood: -2162.066722
[00:00:14] [worker #2] Bootstrap tree #195, logLikelihood: -2234.611247
[00[00:14] [worker #19] Bootstrap tree #212:, logLikelihood: 00:14] [worker #29] Bootstrap tree #222, logLikelihood: -2235.852256
[00[00:14] [worker #19] Bootstrap tree #212:, logLikelihood: 00:14] [worker #29] Bootstrap tree #222, logLikelihood: -2235.852256

[00:00:14] [worker #15] Bootstrap tree #208, logLikelihood: -2190.574443
[00:00:14] [worker #3] Bootstrap tree #196, logLikelihood: -2196.561409
[00:00:14] [worker #13] Bootstrap tree #206, logLikelihood: -2206.741864
[00:00:14] [worker #5] Bootstrap tree #198, logLikelihood: -2294.162956
[00:00:14] [worker #23] Bootstrap tree #216, logLikelihood: -2222.060515
[00:00:14] [worker #1] Bootstrap tree #194, logLikelihood: -2191.537006
[00:00:14] [worker #9] Bootstrap tree #202, logLikelihood: -2191.314651
[00:00:14] [worker #21] Bootstrap tree #214, logLikelihood: -2151.381380
[00:00:14] [worker #20] Bootstrap tree #213, logLikelihood: -2189.989811
[00:00:14] [worker #27] Bootstrap tree #220, logLikelihood: -2235.760403
[00:00:14] [worker #16] Bootstrap tree #209, logLikelihood: -2184.693529
[00:00:14] [worker #12] Bootstrap tree #205, logLikelihood: -2185.030222
[00:00:14] [worker #0] Bootstrap tree #193, logLikelihood: -2205.555271
[00:00:14] [worker #31] Bootstrap tree #224, logLikelihood: -2141.769483
[00:00:14] [worker #26] Bootstrap tree #219, logLikelihood: -2248.584657
[00:00:14] [worker #10] Bootstrap tree #203, logLikelihood: -2175.096511
[00:00:14] [worker #30] Bootstrap tree #223, logLikelihood: -2294.552325
[00:00:14] [worker #8] Bootstrap tree #201, logLikelihood: -2245.252004
[00:00:14] [worker #6] Bootstrap tree #199, logLikelihood: -2208.746552
[00:00:14] [worker #14] Bootstrap tree #207, logLikelihood: -2237.329556
[00:00:14] [worker #11] Bootstrap tree #236, logLikelihood: -2206.312695
[00:00:14] [worker #18] Bootstrap tree #243, logLikelihood: -2194.660238
[00:00:14] [worker #24] Bootstrap tree #249, logLikelihood: -2187.803875
[00:00:14] [worker #4] Bootstrap tree #229, logLikelihood: -2203.115925
[00:00:14] [worker #29] Bootstrap tree #254, logLikelihood: -2152.018757
[00:00:14] [worker #22] Bootstrap tree #247, logLikelihood: -2191.488593
[00:00:14] [worker #21] Bootstrap tree #246, logLikelihood: -2170.377708
[00:00:14] [worker #17] Bootstrap tree #242, logLikelihood: -2188.464589
[00:00:14] [worker #28] Bootstrap tree #253, logLikelihood: -2186.332414
[00:00:14] [worker #25] Bootstrap tree #250, logLikelihood: -2206.678372
[00:00:14] [worker #7] Bootstrap tree #232, logLikelihood: -2171.566430
[00:00:14] [worker #5] Bootstrap tree #230, logLikelihood: -2251.924608
[00:00:14] [worker #3] Bootstrap tree #228, logLikelihood: -2175.268752
[00:00:14] [worker #19] Bootstrap tree #244, logLikelihood: -2251.667327
[00:00:14] [worker #23] Bootstrap tree #248, logLikelihood: -2191.445878
[00:00:14] [worker #13] Bootstrap tree #238, logLikelihood: -2173.393832
[00:00:14] [worker #2] Bootstrap tree #227, logLikelihood: -2266.998326
[00:00:14] [worker #1] Bootstrap tree #226, logLikelihood: -2183.682076
-2183.819430
[00:00:14] [worker #27] Bootstrap tree #252, logLikelihood: -2225.732079
[00:00:14] [worker #12] Bootstrap tree #237, logLikelihood: -2188.391419
[00:00:14] [worker #9] Bootstrap tree #234, logLikelihood: -2237.386297
[00:00:14] [worker #26] Bootstrap tree #251, logLikelihood: -2150.586409
[00:00:14] [worker #15] Bootstrap tree #240, logLikelihood: -2198.561362
[00:00:14] [worker #20] Bootstrap tree #245, logLikelihood: -2179.448053
[00:00:14] [worker #0] Bootstrap tree #225, logLikelihood: -2216.014074
[00:00:14] [worker #10] Bootstrap tree #235, logLikelihood: -2254.972619
[00:00:14] [worker #31] Bootstrap tree #256, logLikelihood: -2275.938409
[00:00:14] [worker #8] Bootstrap tree #233, logLikelihood: -2169.998909
[00:00:14] [worker #6] Bootstrap tree #231, logLikelihood: -2154.040239
[00:00:14] [worker #14] Bootstrap tree #239, logLikelihood: -2199.801401
[00:00:14] [worker #30] Bootstrap tree #255, logLikelihood: -2184.040948
[00:00:22] [worker #17] Bootstrap tree #274, logLikelihood: -2160.070046
[00:00:22] [worker #7] Bootstrap tree #264, logLikelihood: -2208.079519
[00:00:22] [worker #6] Bootstrap tree #263, logLikelihood: -2198.171170
[00:00:22] [worker #16] Bootstrap tree #273, logLikelihood: -2199.443189
[00:00:22] [worker #3] Bootstrap tree #260, logLikelihood: -2171.025094[
-2207.639181
[00:00:22] [worker #15] Bootstrap tree #272, logLikelihood: [-2176.113706
0:
00:22] [worker #19] Bootstrap tree #276, logLikelihood: -2180.222872
[00:00:22] [worker #27] Bootstrap tree #284, logLikelihood: -2183.946504
[00:00:22] [worker #28] Bootstrap tree #285, logLikelihood: -2260.001420
[00:00:22] [worker #18] Bootstrap tree #275, logLikelihood: -2243.748271
[00:00:22] [worker #31] Bootstrap tree #288, logLikelihood: -2226.442732
[00:00:22] [worker #30] Bootstrap tree #287, logLikelihood: -2186.192598
[00:00:22] [worker #2] Bootstrap tree #259, logLikelihood: -2212.022386
[00:00:22] [worker #11] Bootstrap tree #268, logLikelihood: -2266.929007
[00:00:22] [worker #22] Bootstrap tree #279, logLikelihood: -2205.942589
[00:00:22] [worker #29] Bootstrap tree #286, logLikelihood: -2227.925678
[00:00:22] [worker #10] Bootstrap tree #267, logLikelihood: -2242.235603
[00:00:22] [worker #12] Bootstrap tree #269, logLikelihood: -2163.337660
[00:00:22] [worker #8] Bootstrap tree #265, logLikelihood: -2243.692504
[00:00:22] [worker #24] Bootstrap tree #281, logLikelihood: -2184.893856
[00:00:22] [worker #26] Bootstrap tree #283, logLikelihood: -2210.585899
[00:00:22] [worker #23] Bootstrap tree #280, logLikelihood: -2146.122994
[00:00:22] [worker #1] Bootstrap tree #258, logLikelihood: -2200.925174
[00:00:22] [worker #4] Bootstrap tree #261, logLikelihood: -2226.902405
[00:00:22] [worker #13] Bootstrap tree #270, logLikelihood: -2253.284307
[00:00:22] [worker #20] Bootstrap tree #277, logLikelihood: -2154.949737
[00:00:22] [worker #0] Bootstrap tree #257, logLikelihood: -2163.959682
[00:00:22] [worker #5] Bootstrap tree #262, logLikelihood: -2327.112672
[00:00:22] [worker #21] Bootstrap tree #278, logLikelihood: -2197.002967
[00:00:22] [worker #14] Bootstrap tree #271, logLikelihood: -2250.145904
[00:00:22] [worker #6] Bootstrap tree #295, logLikelihood: -2257.847180
[00:00:22] [worker #17] Bootstrap tree #306, logLikelihood: -2228.751512
[00:00:22] [worker #11] Bootstrap tree #300, logLikelihood: -2244.069538
[00:00:22] [worker #2] Bootstrap tree #291, logLikelihood: -2197.509569
[00:00:22] [worker #19] Bootstrap tree #308, logLikelihood: -2185.474302
[00:00:22] [worker #9] Bootstrap tree #298, logLikelihood: -2192.016797
[00:00:22] [worker #7] Bootstrap tree #296, logLikelihood: -2269.916191
[00:00:22] [worker #18] Bootstrap tree #307, logLikelihood: -2217.118737
[00:00:22] [worker #3] Bootstrap tree #292, logLikelihood: -2223.352278
[00:00:22] [worker #12] Bootstrap tree #301, logLikelihood: -2208.444866
[00:00:22] [worker #1] Bootstrap tree #290, logLikelihood: -2166.315160
[00:00:22] [worker #25] Bootstrap tree #314, logLikelihood: -2225.142291
[00:00:22] [worker #4] Bootstrap tree #293, logLikelihood: -2263.349435
[00:00:22] [worker #28] Bootstrap tree #317, logLikelihood: -2183.685765
[00:00:22] [worker #24] Bootstrap tree #313, logLikelihood: -2243.090540
[00:00:22] [worker #26] Bootstrap tree #315, logLikelihood: -2256.068716
[00:00:22] [worker #10] Bootstrap tree #299, logLikelihood: -2230.505182
[00:00:22] [worker #8] Bootstrap tree #297, logLikelihood: -2182.782862
[00:00:22] [worker #23] Bootstrap tree #312, logLikelihood: -2190.155747
[00:00:22] [worker #16] Bootstrap tree #305, logLikelihood: -2209.020756
[00:00:22] [worker #31] Bootstrap tree #320, logLikelihood: -2225.265575
[00:00:22] [worker #21] Bootstrap tree #310, logLikelihood: -2189.423129
[00:00:22] [worker #27] Bootstrap tree #316, logLikelihood: -2178.377417
[00:00:22] [worker #5] Bootstrap tree #294, logLikelihood: -2196.938769
[00:00:22] [worker #29] Bootstrap tree #318, logLikelihood: -2185.631622
[00:00:22] [worker #15] Bootstrap tree #304, logLikelihood: -2180.637627
[00:00:22] [worker #30] Bootstrap tree #319, logLikelihood: -2184.030975
[00:00:22] [worker #14] Bootstrap tree #303, logLikelihood: -2209.365357
[00:00:22] [worker #20] Bootstrap tree #309, logLikelihood: -2208.894345
[00:00:22] [worker #13] Bootstrap tree #302, logLikelihood: -2210.910450
[00:00:22] [worker #22] Bootstrap tree #311, logLikelihood: -2170.740498
[00:00:22] [worker #0] Bootstrap tree #289, logLikelihood: -2200.579989
[00:00:33] [worker #24] Bootstrap tree #345, logLikelihood: -2167.760043
[00:00:33] [worker #7] Bootstrap tree #328, logLikelihood: -2197.286777
[00:00:33] [worker #20] Bootstrap tree #341, logLikelihood: -2199.382270
[00:00:33] [worker #25] Bootstrap tree #346, logLikelihood: -2202.856553
[00:00:33] [worker #27] Bootstrap tree #348, logLikelihood: -2117.923253
[00:00:33] [worker #23] Bootstrap tree #344, logLikelihood: -2237.743126
[00:00:33] [worker #10] Bootstrap tree #331, logLikelihood: -2228.195859
[00:00:33] [worker #30] Bootstrap tree #351, logLikelihood: -2221.635930
[00:00:33] [worker #12] Bootstrap tree #333, logLikelihood: -2246.468814
[00:00:33] [worker #5] Bootstrap tree #326, logLikelihood: -2193.945623
[00:00:33] [worker #2] Bootstrap tree #323, logLikelihood: -2211.803154
[00:00:33] [worker #17] Bootstrap tree #338, logLikelihood: -2162.782076
[00:00:33] [worker #4] Bootstrap tree #325, logLikelihood: -2217.157472
[00:00:33] [worker #21] Bootstrap tree #342, logLikelihood: -2180.817013
[00:00:33] [worker #16] Bootstrap tree #337, logLikelihood: -2279.921146
[00:00:33] [worker #22] Bootstrap tree #343, logLikelihood: -2245.962156
[00:00:33] [worker #14] Bootstrap tree #335, logLikelihood: -2227.518045
[00:00:33] [worker #6] Bootstrap tree #327, logLikelihood: -2210.780389
[00:00:33] [worker #11] Bootstrap tree #332, logLikelihood: -2204.921716
[00:00:33] [worker #15] Bootstrap tree #336, logLikelihood: -2215.216337
[00:00:33] [worker #18] Bootstrap tree #339, logLikelihood: -2285.076914
[00:00:33] [worker #3] Bootstrap tree #324, logLikelihood: -2218.227274
[00:00:33] [worker #13] Bootstrap tree #334, logLikelihood: -2196.314185
[00:00:33] [worker #19] Bootstrap tree #340, logLikelihood: -2229.477118
[00:00:33] [worker #8] Bootstrap tree #329, logLikelihood: -2198.516843
[00:00:33] [worker #28] Bootstrap tree #349, logLikelihood: -2229.588898
[00:00:33] [worker #9] Bootstrap tree #330, logLikelihood: -2242.795342
[00:00:33] [worker #29] Bootstrap tree #350, logLikelihood: -2206.135629
[00:00:33] [worker #26] Bootstrap tree #347, logLikelihood: -2169.886316
[00:00:33] [worker #1] Bootstrap tree #322, logLikelihood: -2213.857091
[00:00:33] [worker #31] Bootstrap tree #352, logLikelihood: -2206.730226
[00:00:33] [worker #24] Bootstrap tree #377, logLikelihood: -2217.143522
[00:00:33] [worker #23] Bootstrap tree #376, logLikelihood: -2232.876836
[00:00:33] [worker #7] Bootstrap tree #360, logLikelihood: -2212.092081
[00:00:33] [worker #0] Bootstrap tree #321, logLikelihood: -2212.006068
[00:00:33] [worker #20] Bootstrap tree #373, logLikelihood: -2179.312108
[00:00:33] [worker #16] Bootstrap tree #369, logLikelihood: -2246.478825
[00:00:33] [worker #25] Bootstrap tree #378, logLikelihood: -2192.771168
[00:00:33] [worker #10] Bootstrap tree #363, logLikelihood: -2198.213602
[00:00:33] [worker #27] Bootstrap tree #380, logLikelihood: -2191.241019
[00:00:33] [worker #12] Bootstrap tree #365, logLikelihood: -2265.595497
[00:00:33] [worker #11] Bootstrap tree #364, logLikelihood: -2226.064875
[00:00:33] [worker #17] Bootstrap tree #370, logLikelihood: -2193.240811
00:00:33] [worker #14] Bootstrap tree #367, logLikelihood: -2212.204166
[00:00:33] [worker #18] Bootstrap tree #371, logLikelihood: -2195.556622
[00:00:33] [worker #5] Bootstrap tree #358, logLikelihood: -2219.350059
[00:00:33] [worker #22] Bootstrap tree #375, logLikelihood: -2158.503830
[00:00:33] [worker #15] Bootstrap tree #368, logLikelihood: -2145.384374
[00:00:33] [worker #6] Bootstrap tree #359, logLikelihood: -2178.205612
[00:00:33] [worker #2] Bootstrap tree #355, logLikelihood: -2273.850976
[00:00:33] [worker #13] Bootstrap tree #366, logLikelihood: -2195.516768
[00:00:33] [worker #21] Bootstrap tree #374, logLikelihood: -2246.880863
[00:00:33] [worker #3] Bootstrap tree #356, logLikelihood: -2211.474308
[00:00:33] [worker #19] Bootstrap tree #372, logLikelihood: -2151.193200
[00:00:33] [worker #30] Bootstrap tree #383, logLikelihood: -2209.984084
[00:00:33] [worker #4] Bootstrap tree #357, logLikelihood: -2249.808004
[00:00:33] [worker #8] Bootstrap tree #361, logLikelihood: -2233.900562
[00:00:33] [worker #28] Bootstrap tree #381, logLikelihood: -2243.343732
[00:00:33] [worker #9] Bootstrap tree #362, logLikelihood: -2214.384104
[00:00:33] [worker #1] Bootstrap tree #354, logLikelihood: -2195.787152
[00:00:34] [worker #29] Bootstrap tree #382, logLikelihood: -2181.402923
[00:00:34] [worker #26] Bootstrap tree #379, logLikelihood: -2160.008493
[00:00:34] [worker #31] Bootstrap tree #384, logLikelihood: -2214.569854
[00:00:34] [worker #0] Bootstrap tree #353, logLikelihood: -2207.137963
[00:00:49] [worker #5] Bootstrap tree #390, logLikelihood: -2105.471968
[00:00:49] [worker #6] Bootstrap tree #391, logLikelihood: -2204.026476
[00:00:49] [worker #7] Bootstrap tree #392, logLikelihood: -2147.044548
[00:00:49] [worker #9] Bootstrap tree #394, logLikelihood: -2173.636774
[00:00:49] [worker #28] Bootstrap tree #413, logLikelihood: -2239.009551
[00:00:49] [worker #21] Bootstrap tree #406, logLikelihood: -2197.576043
[00:00:49] [worker #3] Bootstrap tree #388, logLikelihood: -2245.321192
[00:00:49] [worker #22] Bootstrap tree #407, logLikelihood: -2240.339642
[00:00:49] [worker #29] Bootstrap tree #414, logLikelihood: -2217.705865
[00:00:49] [worker #15] Bootstrap tree #400, logLikelihood: -2228.337495
[00:00:49] [worker #8] Bootstrap tree #393, logLikelihood: -2194.439891
[00:00:49] [worker #20] Bootstrap tree #405, logLikelihood: -2160.219222
[00:00:49] [worker #26] Bootstrap tree #411, logLikelihood: -2217.045605
[00:00:49] [worker #12] Bootstrap tree #397, logLikelihood: -2211.433192
[00:00:49] [worker #4] Bootstrap tree #389, logLikelihood: -2205.520121
[00:00:49] [worker #27] Bootstrap tree #412, logLikelihood: -2113.557608
[00:00:49] [worker #1] Bootstrap tree #386, logLikelihood: -2144.345830
[00:00:49] [worker #18] Bootstrap tree #403, logLikelihood: -2202.926161
[00:00:49] [worker #14] Bootstrap tree #399, logLikelihood: -2191.301339
[00:00:49] [worker #25] Bootstrap tree #410, logLikelihood: -2286.813050
[00:00:49] [worker #23] Bootstrap tree #408, logLikelihood: -2200.787487
[00:00:49] [worker #17] Bootstrap tree #402, logLikelihood: -2219.319934
[00:00:49] [worker #30] Bootstrap tree #415, logLikelihood: -2202.728060
[00:00:49] [worker #24] Bootstrap tree #409, logLikelihood: -2244.344253
[00:00:49] [worker #2] Bootstrap tree #387, logLikelihood: -2213.238916
[00:00:49] [worker #10] Bootstrap tree #395, logLikelihood: -2239.915009
[00:00:49] [worker #13] Bootstrap tree #398, logLikelihood: -2205.255235
[00:00:49] [worker #0] Bootstrap tree #385, logLikelihood: -2207.550622
[00:00:49] [worker #16] Bootstrap tree #401, logLikelihood: -2235.046649
[00:00:49] [worker #19] Bootstrap tree #404, logLikelihood: -2192.395314
[00:00:49] [worker #11] Bootstrap tree #396, logLikelihood: -2196.883125
[00:00:49] [worker #31] Bootstrap tree #416, logLikelihood: -2205.455876
[00:00:49] [worker #28] Bootstrap tree #445, logLikelihood: -2191.010026
[00:00:49] [worker #6] Bootstrap tree #423, logLikelihood: -2174.787897
[00:00:49] [worker #5] Bootstrap tree #422, logLikelihood: -2232.376550
[00:00:49] [worker #7] Bootstrap tree #424, logLikelihood: -2199.450377
[00:00:49] [worker #21] Bootstrap tree #438, logLikelihood: -2156.314303
[00:00:49] [worker #8] Bootstrap tree #425, logLikelihood: -2226.955110
[00:00:49] [worker #3] Bootstrap tree #420, logLikelihood: -2209.709924
[00:00:49] [worker #30] Bootstrap tree #447, logLikelihood: -2193.193761
[00:00:49] [worker #9] Bootstrap tree #426, logLikelihood: -2237.605057
[00:00:49] [worker #24] Bootstrap tree #441, logLikelihood: -2140.732996
[00:00:49] [worker #20] Bootstrap tree #437, logLikelihood: -2186.145423
[00:00:49] [worker #29] Bootstrap tree #446, logLikelihood: -2209.447728
[worker #22] Bootstrap tree #439, logLikelihood: -2189.934924
[00:00:49] [worker #14] Bootstrap tree #431, logLikelihood: -2187.842365
[00:00:49] [worker #15] Bootstrap tree #432, logLikelihood: -2217.127347
[00:00:49] [worker #17] Bootstrap tree #434, logLikelihood: -2166.150921
[00:00:49] [worker #13] Bootstrap tree #430, logLikelihood: -2190.030544
[00:00:49] [worker #4] Bootstrap tree #421, logLikelihood: -2232.726932
[00:00:49] [worker #18] Bootstrap tree #435, logLikelihood: -2187.071096
[00:00:49] [worker #23] Bootstrap tree #440, logLikelihood: -2218.923076
[00:00:49] [worker #10] Bootstrap tree #427, logLikelihood: -2243.801439
[00:00:49] [worker #25] Bootstrap tree #442, logLikelihood: -2193.145893
[00:00:49] [worker #12] Bootstrap tree #429, logLikelihood: -2232.226019
[00:00:49] [worker #26] Bootstrap tree #443, logLikelihood: -2204.117165
[00:00:49] [worker #1] Bootstrap tree #418, logLikelihood: -2212.381652
[00:00:49] [worker #27] Bootstrap tree #444, logLikelihood: -2211.453629
[00:00:49] [worker #2] Bootstrap tree #419, logLikelihood: -2221.682804
[00:00:49] [worker #0] Bootstrap tree #417, logLikelihood: -2220.054782
[00:00:49] [worker #11] Bootstrap tree #428, logLikelihood: -2208.216903
[00:00:49] [worker #16] Bootstrap tree #433, logLikelihood: -2286.871083
[00:00:49] [worker #19] Bootstrap tree #436, logLikelihood: -2220.467780
[00:00:49] [worker #31] Bootstrap tree #448, logLikelihood: -2207.149108
[00:01:13] [worker #28] Bootstrap tree #477, logLikelihood: -2141.939943
[00:01:13] [worker #2] Bootstrap tree #451, logLikelihood: -2172.575481
[00:01:13] [worker #11] Bootstrap tree #460, logLikelihood: -2204.914534
[00:01:13] [worker #30] Bootstrap tree #479, logLikelihood: -2189.176183
[00:01:13] [worker #18] Bootstrap tree #467, logLikelihood: -2144.180231
[00:01:13] [worker #5] Bootstrap tree #454, logLikelihood: -2188.028703
[00:01:13] [worker #23] Bootstrap tree #472, logLikelihood: -2226.537512
[00:01:13] [worker #7] Bootstrap tree #456, logLikelihood: -2199.178846
[00:01:13] [worker #22] Bootstrap tree #471, logLikelihood: -2223.675776
[00:01:13] [worker #27] Bootstrap tree #476, logLikelihood: -2146.613630
[00:01:13] [worker #29] Bootstrap tree #478, logLikelihood: -2182.938312
[00:01:13] [worker #6] Bootstrap tree #455, logLikelihood: -2217.013863
[00:01:13] [worker #3] Bootstrap tree #452, logLikelihood: -2175.825753
[00:01:13] [worker #15] Bootstrap tree #464, logLikelihood: [00:01:13] 
[00:01:13] [worker #15] Bootstrap tree #464, logLikelihood: [00:01:13] 
[worker #25] Bootstrap tree #474, logLikelihood: -2213.199292
[00:01:13] [worker #19] Bootstrap tree #468, logLikelihood: [00:01:13] 
[00:01:13] [worker #19] Bootstrap tree #468, logLikelihood: [00:01:13] 
[worker #21] Bootstrap tree #470, logLikelihood: -2214.334147
[00:01:13] [worker #4] Bootstrap tree #453, logLikelihood: -2196.172473
[00:01:13] [worker #13] Bootstrap tree #462, logLikelihood: -2193.067374
[00:01:13] [worker #26] Bootstrap tree #475, logLikelihood: -2159.736885
[00:01:13] [worker #14] Bootstrap tree #463, logLikelihood: -2233.398057
[00:01:13] [worker #8] Bootstrap tree #457, logLikelihood: -2245.229685
[00:01:13] [worker #31] Bootstrap tree #480, logLikelihood: -2224.302079
[00:01:13] [worker #12] Bootstrap tree #461, logLikelihood: -2224.958758
[00:01:13] [worker #9] Bootstrap tree #458, logLikelihood: -2221.444376
[00:01:13] [worker #1] Bootstrap tree #450, logLikelihood: -2268.829134
[00:01:13] [worker #28] Bootstrap tree #509, logLikelihood: -2257.081411
[00:01:13] [worker #24] Bootstrap tree #473, logLikelihood: -2235.367064
[00:01:13] [worker #20] Bootstrap tree #469, logLikelihood: -2200.510327
[00:01:13] [worker #10] Bootstrap tree #459, logLikelihood: -2224.249641
[00:01:13] [worker #16] Bootstrap tree #465, logLikelihood: -2159.239284
[00:01:13] [worker #17] Bootstrap tree #466, logLikelihood: -2240.785623
[00:01:13] [worker #7] Bootstrap tree #488, logLikelihood: -2197.458939
[00:01:13] [worker #2] Bootstrap tree #483, logLikelihood: -2193.639574
[00:01:13] [worker #23] Bootstrap tree #504, logLikelihood: -2140.407590
[00:01:13] [worker #30] Bootstrap tree #511, logLikelihood: -2236.082639
[00:01:13] [worker #12] Bootstrap tree #493, logLikelihood: -2147.685438
[00:01:13] [worker #22] Bootstrap tree #503, logLikelihood: -2202.547239
[00:01:13] [worker #27] Bootstrap tree #508, logLikelihood: -2198.044648
[00:01:13] [worker #25] Bootstrap tree #506, logLikelihood: -2196.980817
[00:01:13] [worker #0] Bootstrap tree #449, logLikelihood: -2181.575060
[00:01:13] [worker #6] Bootstrap tree #487, logLikelihood: -2192.465836
[00:01:13] [worker #3] Bootstrap tree #484, logLikelihood: -2152.417597
[00:01:13] [worker #14] Bootstrap tree #495, logLikelihood: -2210.930402
[00:01:13] [worker #4] Bootstrap tree #485, logLikelihood: -2140.358386
[00:01:13] [worker #5] Bootstrap tree #486, logLikelihood: -2209.257488
[00:01:13] [worker #19] Bootstrap tree #500, logLikelihood: -2259.215266
[00:01:13] [worker #26] Bootstrap tree #507, logLikelihood: -2234.212691
[00:01:13] [worker #18] Bootstrap tree #499, logLikelihood: -2199.399692
[00:01:13] [worker #31] Bootstrap tree #512, logLikelihood: -2244.143079
[00:01:13] [worker #29] Bootstrap tree #510, logLikelihood: -2230.930583
[00:01:13] [worker #15] Bootstrap tree #496, logLikelihood: -2186.941137
[00:01:13] [worker #21] Bootstrap tree #502, logLikelihood: -2193.411739
[00:01:13] [worker #8] Bootstrap tree #489, logLikelihood: -2243.789912
[00:01:13] [worker #13] Bootstrap tree #494, logLikelihood: -2242.086664
[00:01:13] [worker #1] Bootstrap tree #482, logLikelihood: -2160.220070
[00:01:13] [worker #11] Bootstrap tree #492, logLikelihood: -2160.814048
[00:01:13] [worker #9] Bootstrap tree #490, logLikelihood: -2210.599552
[00:01:13] [worker #16] Bootstrap tree #497, logLikelihood: -2186.828452
[00:01:13] [worker #20] Bootstrap tree #501, logLikelihood: -2171.350932
[00:01:13] [worker #17] Bootstrap tree #498, logLikelihood: -2252.007401
[00:01:13] [worker #24] Bootstrap tree #505, logLikelihood: -2230.392620
[00:01:13] [worker #10] Bootstrap tree #491, logLikelihood: -2246.773039
[00:01:14] [worker #0] Bootstrap tree #481, logLikelihood: -2201.977680
[00:01:43] [worker #5] Bootstrap tree #518, logLikelihood: -2120.247133
[00:01:43] [worker #24] Bootstrap tree #537, logLikelihood: -2183.688356
[00:01:43] [worker #10] Bootstrap tree #523, logLikelihood: -2188.098165
[00:01:43] [worker #28] Bootstrap tree #541, logLikelihood: -2215.415369
[00:01:43] [worker #12] Bootstrap tree #525, logLikelihood: -2193.851286
[00:01:43] [worker #7] Bootstrap tree #520, logLikelihood: -2190.190693
[00:01:43] [worker #25] Bootstrap tree #538, logLikelihood: -2200.235420
[00:01:43] [worker #9] Bootstrap tree #522, logLikelihood: -2221.893569
[00:01:43] [worker #26] Bootstrap tree #539, logLikelihood: -2212.440076
[00:01:43] [worker #31] Bootstrap tree #544, logLikelihood: -2256.559517
[00:01:43] [worker #2] Bootstrap tree #515, logLikelihood: -2215.372103
[00:01:43] [worker #19] Bootstrap tree #532, logLikelihood: -2209.174414
[00:01:43] [worker #13] Bootstrap tree #526, logLikelihood: -2162.809942
[00:01:43] [worker #27] Bootstrap tree #540, logLikelihood: -2223.063700
[00:01:43] [worker #21] Bootstrap tree #534, logLikelihood: -2241.493936
[00:01:43] [worker #1] Bootstrap tree #514, logLikelihood: -2171.101056
[00:01:44] [worker #14] Bootstrap tree #527, logLikelihood: -2199.923763
[00:01:44] [worker #17] Bootstrap tree #530, logLikelihood: -2210.929502
[00:01:44] [worker #16] Bootstrap tree #529, logLikelihood: -2126.521536
[00:01:44] [worker #8] Bootstrap tree #521, logLikelihood: -2194.704744
[00:01:44] [worker #4] Bootstrap tree #517, logLikelihood: -2220.010432
[00:01:44] [worker #29] Bootstrap tree #542, logLikelihood: -2274.871530
[00:01:44] [worker #22] Bootstrap tree #535, logLikelihood: -2240.407041
[00:01:44] [worker #11] Bootstrap tree #524, logLikelihood: -2210.119845
[00:01:44] [worker #3] Bootstrap tree #516, logLikelihood: -2233.429845
[00:01:44] [worker #30] Bootstrap tree #543, logLikelihood: -2210.065219
[00:01:44] [worker #23] Bootstrap tree #536, logLikelihood: -2156.214876
[00:01:44] [worker #0] Bootstrap tree #513, logLikelihood: -2205.202974
[00:01:44] [worker #6] Bootstrap tree #519, logLikelihood: -2214.711383
[00:01:44] [worker #24] Bootstrap tree #569, logLikelihood: -2249.183595
[00:01:44] [worker #15] Bootstrap tree #528, logLikelihood: -2207.628433
[00:01:44] [worker #20] Bootstrap tree #533, logLikelihood: -2241.179483
[00:01:44] [worker #18] Bootstrap tree #531, logLikelihood: -2263.249258
[00:01:44] [worker #10] Bootstrap tree #555, logLikelihood: -2190.865661
[00:01:44] [worker #5] Bootstrap tree #550, logLikelihood: -2188.702953
[00:01:44] [worker #2] Bootstrap tree #547, logLikelihood: -2204.908218
[00:01:44] [worker #16] Bootstrap tree #561, logLikelihood: -2199.157344
[00:01:44] [worker #28] Bootstrap tree #573, logLikelihood: -2187.447961
[00:01:44] [worker #14] Bootstrap tree #559, logLikelihood: -2170.616590
[00:01:44] [worker #27] Bootstrap tree #572, logLikelihood: -2165.416717
[00:01:44] [worker #25] Bootstrap tree #570, logLikelihood: -2193.461698
[00:01:44] [worker #26] Bootstrap tree #571, logLikelihood: -2220.977669
[00:01:44] [worker #21] Bootstrap tree #566, logLikelihood: -2228.328162
[00:01:44] [worker #12] Bootstrap tree #557, logLikelihood: -2235.083280
[00:01:44] [worker #31] Bootstrap tree #576, logLikelihood: -2249.319806
[00:01:44] [worker #7] Bootstrap tree #552, logLikelihood: -2212.546581
[00:01:44] [worker #1] Bootstrap tree #546, logLikelihood: -2233.944215
[00:01:44] [worker #19] Bootstrap tree #564, logLikelihood: -2212.564594
[00:01:44] [worker #17] Bootstrap tree #562, logLikelihood: -2207.789745
[00:01:44] [worker #9] Bootstrap tree #554, logLikelihood: -2266.140412
[00:01:44] [worker #29] Bootstrap tree #574, logLikelihood: -2175.127581
[00:01:44] [worker #4] Bootstrap tree #549, logLikelihood: -2190.675885
[00:01:44] [worker #8] Bootstrap tree #553, logLikelihood: -2234.255038
[00:01:44] [worker #13] Bootstrap tree #558, logLikelihood: -2258.624556
[00:01:44] [worker #3] Bootstrap tree #548, logLikelihood: -2224.101757
[00:01:44] [worker #11] Bootstrap tree #556, logLikelihood: -2125.719680
[00:01:44] [worker #23] Bootstrap tree #568, logLikelihood: -2181.429750
[00:01:44] [worker #22] Bootstrap tree #567, logLikelihood: -2224.799443
[00:01:44] [worker #20] Bootstrap tree #565, logLikelihood: -2214.031432
[00:01:44] [worker #30] Bootstrap tree #575, logLikelihood: -2208.293381
[00:01:44] [worker #18] Bootstrap tree #563, logLikelihood: -2220.600433
[00:01:44] [worker #0] Bootstrap tree #545, logLikelihood: -2219.749206
[00:01:44] [worker #15] Bootstrap tree #560, logLikelihood: -2194.289895
[00:01:44] [worker #6] Bootstrap tree #551, logLikelihood: -2178.311604
[00:02:15] [worker #19] Bootstrap tree #596, logLikelihood: -2117.189932
[00:02:15] [worker #10] Bootstrap tree #587, logLikelihood: -2225.914885
[00:02:15] [worker #15] Bootstrap tree #592, logLikelihood: -2182.965113
[00:02:15] [worker #23] Bootstrap tree #600, logLikelihood: -2202.168729
[00:02:15] [worker #9] Bootstrap tree #586, logLikelihood: -2182.006933
[00:02:15] [worker #3] Bootstrap tree #580, logLikelihood: -2197.660749
[00:02:15] [worker #16] Bootstrap tree #593, logLikelihood: -2195.729062
[00:02:15] [worker #28] Bootstrap tree #605, logLikelihood: [00:02:15] [worker #2] Bootstrap tree #579, logLikelihood: -2256.700602
[00:02:15] [worker #28] Bootstrap tree #605, logLikelihood: [00:02:15] [worker #2] Bootstrap tree #579, logLikelihood: -2256.700602
-2199.686789
[00:02:15] [worker #24] Bootstrap tree #601, logLikelihood: -2191.946557
[00:02:15] [worker #11] Bootstrap tree #588, logLikelihood: -2175.777914
[00:02:15] [worker #27] Bootstrap tree #604, logLikelihood: -2178.817771
[00:02:15] [worker #18] Bootstrap tree #595, logLikelihood: -2191.458216
[00:02:15] [worker #4] Bootstrap tree #581, logLikelihood: -2134.875547
[00:02:15] [worker #6] Bootstrap tree #583, logLikelihood: -2245.981744
[00:02:15] [worker #8] Bootstrap tree #585, logLikelihood: -2194.456276
[00:02:15] [worker #13] Bootstrap tree #590, logLikelihood: -2209.705808
[00:02:15] [worker #7] Bootstrap tree #584, logLikelihood: -2286.645142
[00:02:15] [worker #17] Bootstrap tree #594, logLikelihood: -2191.057318
[00:02:15] [worker #21] Bootstrap tree #598, logLikelihood: -2204.390365
[00:02:15] [worker #14] Bootstrap tree #591, logLikelihood: -2193.252766
[00:02:15] [worker #30] Bootstrap tree #607, logLikelihood: -2216.336444
[00:02:15] [worker #25] Bootstrap tree #602, logLikelihood: -2227.708269
[00:02:15] [worker #31] Bootstrap tree #608, logLikelihood: -2186.995356
[00:02:15] [worker #26] Bootstrap tree #603, logLikelihood: -2199.112606
[00:02:15] [worker #20] Bootstrap tree #597, logLikelihood: -2226.319188
[00:02:15] [worker #1] Bootstrap tree #578, logLikelihood: -2198.714921
[00:02:15] [worker #22] Bootstrap tree #599, logLikelihood: -2236.156242
[00:02:15] [worker #0] Bootstrap tree #577, logLikelihood: -2185.039332
[00:02:15] [worker #12] Bootstrap tree #589, logLikelihood: -2241.775001
[00:02:15] [worker #5] Bootstrap tree #582, logLikelihood: -2213.884131
[00:02:15] [worker #29] Bootstrap tree #606, logLikelihood: -2198.058878
[00:02:15] [worker #19] Bootstrap tree #628, logLikelihood: -2224.494910
[00:02:15] [worker #9] Bootstrap tree #618, logLikelihood: -2177.238434
[00:02:15] [worker #2] Bootstrap tree #611, logLikelihood: -2178.073098
[00:02:15] [worker #24] Bootstrap tree #633, logLikelihood: -2193.182075
[00:02:15] [worker #23] Bootstrap tree #632, logLikelihood: -2222.953489
[00:02:15] [worker #10] Bootstrap tree #619, logLikelihood: -2189.892255
[00:02:15] [worker #3] Bootstrap tree #612, logLikelihood: -2169.191724
[00:02:15] [worker #28] Bootstrap tree #637, logLikelihood: -2182.394644
[00:02:15] [worker #11] Bootstrap tree #620, logLikelihood: -2187.908946
[00:02:15] [worker #16] Bootstrap tree #625, logLikelihood: -2275.693615
[00:02:15] [worker #15] Bootstrap tree #624, logLikelihood: -2192.660608
[00:02:15] [worker #31] Bootstrap tree #640, logLikelihood: -2175.143405
[00:02:15] [worker #27] Bootstrap tree #636, logLikelihood: -2200.079093
[00:02:15] [worker #26] Bootstrap tree #635, logLikelihood: -2235.787339
[00:02:15] [worker #18] Bootstrap tree #627, logLikelihood: -2151.670456[
-2228.422415
[00:02:15] [worker #14] Bootstrap tree #623, logLikelihood: -2158.833222
[00:02:15] [worker #8] Bootstrap tree #617, logLikelihood: -2256.402104
[00:02:15] [worker #13] Bootstrap tree #622, logLikelihood: -2215.712469
[00:02:15] [worker #30] Bootstrap tree #639, logLikelihood: -2189.409768
[00:02:15] [worker #7] Bootstrap tree #616, logLikelihood: -2219.339392
[00:02:15] [worker #1] Bootstrap tree #610, logLikelihood: -2174.274252
[00:02:15] [worker #6] Bootstrap tree #615, logLikelihood: -2210.696152
[00:02:15] [worker #21] Bootstrap tree #630, logLikelihood: -2189.016874
[00:02:15] [worker #25] Bootstrap tree #634, logLikelihood: -2212.886373
[00:02:15] [worker #20] Bootstrap tree #629, logLikelihood: -2220.918759
[00:02:15] [worker #17] Bootstrap tree #626, logLikelihood: -2181.340125
[00:02:15] [worker #22] Bootstrap tree #631, logLikelihood: -2254.437354
[00:02:15] [worker #29] Bootstrap tree #638, logLikelihood: -2254.048099
[00:02:15] [worker #12] Bootstrap tree #621, logLikelihood: -2255.261814
[00:02:15] [worker #5] Bootstrap tree #614, logLikelihood: -2207.461887
[00:02:15] [worker #0] Bootstrap tree #609, logLikelihood: -2200.154644
[00:02:53] [worker #28] Bootstrap tree #669, logLikelihood: -2127.413779
[00:02:53] [worker #8] Bootstrap tree #649, logLikelihood: -2202.826719
[00:02:53] [worker #7] Bootstrap tree #648, logLikelihood: -2178.257261
[00:02:53] [worker #1] Bootstrap tree #642, logLikelihood: -2153.432734
[00:02:53] [worker #4] Bootstrap tree #645, logLikelihood: -2256.116403
[00:02:53] [worker #20] Bootstrap tree #661, logLikelihood: -2231.673619
[00:02:53] [worker #12] Bootstrap tree #653, logLikelihood: -2227.230863
[00:02:53] [worker #17] Bootstrap tree #658, logLikelihood: -2147.502568
[00:02:53] [worker #19] Bootstrap tree #660, logLikelihood: -2237.664926
[00:02:53] [worker #16] Bootstrap tree #657, logLikelihood: -2210.724228
[00:02:53] [worker #30] Bootstrap tree #671, logLikelihood: -2250.312318
[00:02:53] [worker #25] Bootstrap tree #666, logLikelihood: -2199.993305
[00:02:53] [worker #24] Bootstrap tree #665, logLikelihood: -2148.332994
[00:02:53] [worker #9] Bootstrap tree #650, logLikelihood: -2233.847256
[00:02:53] [worker #14] Bootstrap tree #655, logLikelihood: -2215.707238
[00:02:53] [worker #18] Bootstrap tree #659, logLikelihood: -2151.922259
[00:02:53] [worker #6] Bootstrap tree #647, logLikelihood: -2219.419786
[00:02:53] [worker #22] Bootstrap tree #663, logLikelihood: -2189.441417
[00:02:53] [worker #15] Bootstrap tree #656, logLikelihood: -2193.818960
[00:02:53] [worker #31] Bootstrap tree #672, logLikelihood: -2251.338404
[00:02:53] [worker #11] Bootstrap tree #652, logLikelihood: -2276.300495
[00:02:53] [worker #27] Bootstrap tree #668, logLikelihood: -2205.343227
[00:02:53] [worker #26] Bootstrap tree #667, logLikelihood: -2213.772346
[00:02:53] [worker #23] Bootstrap tree #664, logLikelihood: -2213.217925
[00:02:53] [worker #2] Bootstrap tree #643, logLikelihood: -2238.085943
[00:02:53] [worker #29] Bootstrap tree #670, logLikelihood: -2263.438683
[00:02:53] [worker #10] Bootstrap tree #651, logLikelihood: -2235.055939
[00:02:53] [worker #3] Bootstrap tree #644, logLikelihood: -2247.598921
[00:02:53] [worker #5] Bootstrap tree #646, logLikelihood: -2202.421579
[00:02:53] [worker #21] Bootstrap tree #662, logLikelihood: -2248.945845
[00:02:53] [worker #13] Bootstrap tree #654, logLikelihood: -2232.780250
[00:02:53] [worker #0] Bootstrap tree #641, logLikelihood: -2231.278681
[00:02:53] [worker #28] Bootstrap tree #701, logLikelihood: -2261.665795
[00:02:53] [worker #15] Bootstrap tree #688, logLikelihood: -2145.545247
[00:02:53] [worker #1] Bootstrap tree #674, logLikelihood: -2156.168721
[00:02:53] [worker #8] Bootstrap tree #681, logLikelihood: -2196.739877
[00:02:53] [worker #7] Bootstrap tree #680, logLikelihood: -2188.180256
[00:02:53] [worker #19] Bootstrap tree #692, logLikelihood: -2198.778259
[00:02:53] [worker #26] Bootstrap tree #699, logLikelihood: -2167.918194
[00:02:53] [worker #29] Bootstrap tree #702, logLikelihood: -2171.100099
[00:02:53] [worker #17] Bootstrap tree #690, logLikelihood: -2197.641498
[00:02:53] [worker #12] Bootstrap tree #685, logLikelihood: -2203.106504
[00:02:53] [worker #25] Bootstrap tree #698, logLikelihood: -2120.762252
[00:02:53] [worker #22] Bootstrap tree #695, logLikelihood: -2184.832684
[00:02:53] [worker #16] Bootstrap tree #689, logLikelihood: -2183.251422
[00:02:53] [worker #14] Bootstrap tree #687, logLikelihood: -2202.058927
[00:02:53] [worker #4] Bootstrap tree #677, logLikelihood: -2193.488043
00:02:53] [worker #30] Bootstrap tree #703, logLikelihood: [-2250.15291300

[00:02:53] [worker #18] Bootstrap tree #691, logLikelihood: -2295.384909
-2192.178847[
00:02:53] [worker #20] Bootstrap tree #693, logLikelihood: -2172.778279
[00:02:53] [worker #24] Bootstrap tree #697, logLikelihood: -2184.413845
[00:02:53] [worker #23] Bootstrap tree #696, logLikelihood: -2228.070579
[00:02:53] [worker #27] Bootstrap tree #700, logLikelihood: -2222.569778
[00:02:53] [worker #11] Bootstrap tree #684, logLikelihood: -2196.888905
[00:02:53] [worker #6] Bootstrap tree #679, logLikelihood: -2190.989203
[00:02:53] [worker #10] Bootstrap tree #683, logLikelihood: -2188.250632
[00:02:53] [worker #31] Bootstrap tree #704, logLikelihood: -2226.220709
[00:02:53] [worker #3] Bootstrap tree #676, logLikelihood: -2203.572340
[00:02:53] [worker #5] Bootstrap tree #678, logLikelihood: -2298.779687
[00:02:54] [worker #13] Bootstrap tree #686, logLikelihood: -2190.974086
[00:02:54] [worker #21] Bootstrap tree #694, logLikelihood: -2237.660264
[00:02:54] [worker #0] Bootstrap tree #673, logLikelihood: -2253.122053
[00:03:37] [worker #4] Bootstrap tree #709, logLikelihood: -2138.945879
[00:03:37] [worker #27] Bootstrap tree #732, logLikelihood: -2127.446382
[00:03:37] [worker #26] Bootstrap tree #731, logLikelihood: -2216.201211
[00:03:37] [worker #11] Bootstrap tree #716, logLikelihood: -2128.625139
[00:03:37] [worker #22] Bootstrap tree #727, logLikelihood: -2258.514759
[00:03:37] [worker #15] Bootstrap tree #720, logLikelihood: -2225.045155
[00:03:37] [worker #31] Bootstrap tree #736, logLikelihood: -2176.003410
[00:03:37] [worker #6] Bootstrap tree #711, logLikelihood: -2199.352351
[00:03:37] [worker #25] Bootstrap tree #730, logLikelihood: -2236.572186
[00:03:37] [worker #13] Bootstrap tree #718, logLikelihood: -2255.929881
[00:03:37] [worker #28] Bootstrap tree #733, logLikelihood: -2209.343603
[00:03:37] [worker #24] Bootstrap tree #729, logLikelihood: [00:03:37] [worker #3] Bootstrap tree #708, logLikelihood: -2236.955008
2[00:03:37] [worker #24] Bootstrap tree #729, logLikelihood: [00:03:37] [worker #3] Bootstrap tree #708, logLikelihood: -2236.955008
2[00:03:37] [worker #30] Bootstrap tree #735, logLikelihood: -2203.972410
[00:03:37] [worker #9] Bootstrap tree #714, logLikelihood: -2171.767730
[00:03:37] [worker #18] Bootstrap tree #723, logLikelihood: -2196.283184
[00:03:37] [worker #10] Bootstrap tree #715, logLikelihood: -2245.871058
[00:03:37] [worker #17] Bootstrap tree #722, logLikelihood: -2207.811199
:03:37] [worker #14] Bootstrap tree #719, logLikelihood: -2223.345295
[00:03:37] [worker #2] Bootstrap tree #707, logLikelihood: -2241.985167
[00:03:37] [worker #21] Bootstrap tree #726, logLikelihood: -2205.386558
[00:03:37] [worker #20] Bootstrap tree #725, logLikelihood: -2226.576510
[00:03:37] [worker #7] Bootstrap tree #712, logLikelihood: -2177.668740
[00:03:37] [worker #23] Bootstrap tree #728, logLikelihood: -2216.179748
[00:03:37] [worker #12] Bootstrap tree #717, logLikelihood: -2202.550732
[00:03:37] [worker #8] Bootstrap tree #713, logLikelihood: -2261.500887
[00:03:37] [worker #16] Bootstrap tree #721, logLikelihood: -2252.619992
[00:03:37] [worker #0] Bootstrap tree #705, logLikelihood: -2183.205462
[00:03:37] [worker #1] Bootstrap tree #706, logLikelihood: -2174.371561
[00:03:37] [worker #19] Bootstrap tree #724, logLikelihood: -2242.396762
[00:03:37] [worker #5] Bootstrap tree #710, logLikelihood: -2227.521750
[00:03:37] [worker #4] Bootstrap tree #741, logLikelihood: -2256.535431
[00:03:37] [worker #29] Bootstrap tree #734, logLikelihood: -2225.463484
[00:03:37] [worker #27] Bootstrap tree #764, logLikelihood: -2241.603125
[00:03:37] [worker #26] Bootstrap tree #763, logLikelihood: -2249.968321
[00:03:37] [worker #13] Bootstrap tree #750, logLikelihood: -2134.826959
[00:03:37] [worker #18] Bootstrap tree #755, logLikelihood: -2123.403724
[00:03:37] [worker #6] Bootstrap tree #743, logLikelihood: -2153.218802
[00:03:37] [worker #22] Bootstrap tree #759, logLikelihood: -2204.642249
[00:03:37] [worker #31] Bootstrap tree #768, logLikelihood: -2227.236314
[00:03:37] [worker #11] Bootstrap tree #748, logLikelihood: -2140.891830
[00:03:37] [worker #28] Bootstrap tree #765, logLikelihood: -2167.060895
[00:03:37] [worker #20] Bootstrap tree #757, logLikelihood: -2176.431570
[00:03:37] [worker #25] Bootstrap tree #762, logLikelihood: -2216.095412
[00:03:37] [worker #21] Bootstrap tree #758, logLikelihood: -2163.250279
[00:03:37] [worker #14] Bootstrap tree #751, logLikelihood: -2198.687296
[00:03:37] [worker #15] Bootstrap tree #752, logLikelihood: -2259.324981
[00:03:37] [worker #30] Bootstrap tree #767, logLikelihood: -2260.444082
[00:03:37] [worker #8] Bootstrap tree #745, logLikelihood: -2173.215412
[00:03:37] [worker #2] Bootstrap tree #739, logLikelihood: -2224.041358
[00:03:37] [worker #17] Bootstrap tree #754, logLikelihood: -2177.847370
[00:03:37] [worker #24] Bootstrap tree #761, logLikelihood: -2176.830234
[00:03:37] [worker #10] Bootstrap tree #747, logLikelihood: -2215.233037
[00:03:37] [worker #9] Bootstrap tree #746, logLikelihood: -2105.946030
[00:03:37] [worker #23] Bootstrap tree #760, logLikelihood: -2232.792890
[00:03:37] [worker #16] Bootstrap tree #753, logLikelihood: -2163.652500
[00:03:37] [worker #3] Bootstrap tree #740, logLikelihood: -2163.294984
[00:03:38] [worker #12] Bootstrap tree #749, logLikelihood: -2183.854104
[00:03:38] [worker #7] Bootstrap tree #744, logLikelihood: -2221.794765
[00:03:38] [worker #29] Bootstrap tree #766, logLikelihood: -2197.104825
[00:03:38] [worker #0] Bootstrap tree #737, logLikelihood: -2232.906364
[00:03:38] [worker #1] Bootstrap tree #738, logLikelihood: -2158.893997
[00:03:38] [worker #19] Bootstrap tree #756, logLikelihood: -2251.587349
[00:03:38] [worker #5] Bootstrap tree #742, logLikelihood: -2262.671281
[00:04:31] [worker #30] Bootstrap tree #799, logLikelihood: -2177.449362
[00:04:31] [worker #31] Bootstrap tree #800, logLikelihood: -2210.381474
[00:04:31] [worker #1] Bootstrap tree #770, logLikelihood: -2252.155453
[00:04:31] [worker #29] Bootstrap tree #798, logLikelihood: -2130.872356
[00:04:31] [worker #4] Bootstrap tree #773, logLikelihood: -2181.909879
[00:04:31] [worker #13] Bootstrap tree #782, logLikelihood: -2212.905901
[00:04:31] [worker #5] Bootstrap tree #774, logLikelihood: -2130.671733
[00:04:31] [worker #26] Bootstrap tree #795, logLikelihood: -2259.514527
[00:04:31] [worker #20] Bootstrap tree #789, logLikelihood: -2241.558641
[00:04:31] [worker #11] Bootstrap tree #780, logLikelihood: -2220.199124
[00:04:31] [worker #17] Bootstrap tree #786, logLikelihood: -2232.098310
[00:04:31] [worker #2] Bootstrap tree #771, logLikelihood: -2164.712533
[00:04:31] [worker #8] Bootstrap tree #777, logLikelihood: -2253.693326
[00:04:31] [worker #9] Bootstrap tree #778, logLikelihood: -2214.769462
[00:04:31] [worker #7] Bootstrap tree #776, logLikelihood: -2192.714215
[00:04:31] [worker #21] Bootstrap tree #790, logLikelihood: -2151.331484
[00:04:31] [worker #12] Bootstrap tree #781, logLikelihood: -2194.870151
[00:04:31] [worker #23] Bootstrap tree #792, logLikelihood: -2220.127534
[00:04:31] [worker #10] Bootstrap tree #779, logLikelihood: -2184.719450
[00:04:31] [worker #28] Bootstrap tree #797, logLikelihood: -2214.302858
[00:04:31] [worker #19] Bootstrap tree #788, logLikelihood: -2235.448856
[00:04:31] [worker #15] Bootstrap tree #784, logLikelihood: -2200.250486
[00:04:31] [worker #25] Bootstrap tree #794, logLikelihood: -2227.021667
[00:04:31] [worker #18] Bootstrap tree #787, logLikelihood: -2223.116610
[00:04:31] [worker #16] Bootstrap tree #785, logLikelihood: -2220.686426
[00:04:31] [worker #0] Bootstrap tree #769, logLikelihood: -2196.313842
[00:04:31] [worker #22] Bootstrap tree #791, logLikelihood: -2208.731583
[00:04:31] [worker #14] Bootstrap tree #783, logLikelihood: -2186.014576
[00:04:31] [worker #24] Bootstrap tree #793, logLikelihood: -2194.808408
[00:04:31] [worker #27] Bootstrap tree #796, logLikelihood: -2201.929613
[00:04:31] [worker #6] Bootstrap tree #775, logLikelihood: -2272.740588
[00:04:31] [worker #3] Bootstrap tree #772, logLikelihood: -2238.016894
[00:04:31] [worker #31] Bootstrap tree #832, logLikelihood: -2208.889050
[00:04:31] [worker #11] Bootstrap tree #812, logLikelihood: -2147.389810
[00:04:31] [worker #13] Bootstrap tree #814, logLikelihood: -2169.677282
[00:04:31] [worker #30] Bootstrap tree #831, logLikelihood: -2130.941561
[00:04:31] [worker #12] Bootstrap tree #813, logLikelihood: -2138.211205
[00:04:31] [worker #4] Bootstrap tree #805, logLikelihood: -2175.757529
[00:04:31] [worker #26] Bootstrap tree #827, logLikelihood: -2198.617032
[00:04:31] [worker #20] Bootstrap tree #821, logLikelihood: -2194.099726
[00:04:31] [worker #29] Bootstrap tree #830, logLikelihood: -2184.790187
[00:04:31] [worker #1] Bootstrap tree #802, logLikelihood: -2230.668083
[00:04:31] [worker #21] Bootstrap tree #822, logLikelihood: -2171.911028
[00:04:31] [worker #8] Bootstrap tree #809, logLikelihood: -2213.399308
[00:04:31] [worker #2] Bootstrap tree #803, logLikelihood: -2199.316932
[00:04:31] [worker #17] Bootstrap tree #818, logLikelihood: -2210.263779
[00:04:31] [worker #5] Bootstrap tree #806, logLikelihood: -2192.804563
[00:04:31] [worker #19] Bootstrap tree #820, logLikelihood: -2186.988834
[00:04:31] [worker #28] Bootstrap tree #829, logLikelihood: -2157.729602
[00:04:31] [worker #7] Bootstrap tree #808, logLikelihood: -2234.143255
[00:04:31] [worker #23] Bootstrap tree #824, logLikelihood: -2245.556200
[00:04:31] [worker #9] Bootstrap tree #810, logLikelihood: -2205.443402
00:04:31] [worker #25] Bootstrap tree #826, logLikelihood: -2187.242829
[00:04:31] [worker #15] Bootstrap tree #816, logLikelihood: -2228.614862
[00:04:31] [worker #18] Bootstrap tree #819, logLikelihood: -2223.974439
[00:04:31] [worker #10] Bootstrap tree #811, logLikelihood: -2178.542813
[00:04:31] [worker #16] Bootstrap tree #817, logLikelihood: -2217.869251
[00:04:31] [worker #14] Bootstrap tree #815, logLikelihood: -2202.086137
[00:04:31] [worker #22] Bootstrap tree #823, logLikelihood: -2203.874000
[00:04:32] [worker #27] Bootstrap tree #828, logLikelihood: -2199.710404
00:04:32] [worker #6] Bootstrap tree #807, logLikelihood: -2190.750285
[00:04:32] [worker #0] Bootstrap tree #801, logLikelihood: -2147.060166
[00:04:32] [worker #24] Bootstrap tree #825, logLikelihood: -2296.945473
[00:04:32] [worker #3] Bootstrap tree #804, logLikelihood: -2178.140856
[00:05:43] [worker #6] Bootstrap tree #839, logLikelihood: -2194.065003
[00:05:43] [worker #19] Bootstrap tree #852, logLikelihood: [-2192.709805
[00:05:43] [worker #19] Bootstrap tree #852, logLikelihood: [-2192.709805
00:05:43] [worker #4] Bootstrap tree #837, logLikelihood: -2063.181394
[00:05:43] [worker #9] Bootstrap tree #842, logLikelihood: [2210.416944
[00:05:43] [worker #9] Bootstrap tree #842, logLikelihood: [2210.416944
00:05:43] [worker #12] Bootstrap tree #845, logLikelihood: -2190.714161
[00:05:43] [worker #15] Bootstrap tree #848, logLikelihood: -2178.373493
[00:05:43] [worker #31] Bootstrap tree #864, logLikelihood: -2226.608224
[00:05:43] [worker #2] Bootstrap tree #835, logLikelihood: -2183.848547
[00:05:43] [worker #7] Bootstrap tree #840, logLikelihood: -2223.917526
[00:05:43] [worker #14] Bootstrap tree #847, logLikelihood: -2184.010769
[00:05:43] [worker #22] Bootstrap tree #855, logLikelihood: -2196.625323
[00:05:43] [worker #25] Bootstrap tree #858, logLikelihood: -2174.330336
[00:05:43] [worker #8] Bootstrap tree #841, logLikelihood: -2258.603240
[00:05:43] [worker #1] Bootstrap tree #834, logLikelihood: -2250.472988
[00:05:43] [worker #13] Bootstrap tree #846, logLikelihood: -2231.377474
[00:05:43] [worker #17] Bootstrap tree #850, logLikelihood: -2189.970396
[00:05:43] [worker #23] Bootstrap tree #856, logLikelihood: -2214.211167
[00:05:43] [worker #18] Bootstrap tree #851, logLikelihood: [00:05:43] [worker #10] Bootstrap tree #843, logLikelihood: 
[00:05:43] [worker #18] Bootstrap tree #851, logLikelihood: [00:05:43] [worker #10] Bootstrap tree #843, logLikelihood: 
-2180.017311
[00:05:43] [worker #20] Bootstrap tree #853, logLikelihood: -2251.820640
[00:05:43] [worker #26] Bootstrap tree #859, logLikelihood: -2173.439407
[00:05:43] [worker #21] Bootstrap tree #854, logLikelihood: -2245.930557
[00:05:44] [worker #24] Bootstrap tree #857, logLikelihood: -2202.344600
[00:05:44] [worker #28] Bootstrap tree #861, logLikelihood: -2197.640146
[00:05:44] [worker #3] Bootstrap tree #836, logLikelihood: -2219.291988
[00:05:44] [worker #11] Bootstrap tree #844, logLikelihood: -2232.642040
[00:05:44] [worker #29] Bootstrap tree #862, logLikelihood: -2222.410317
[00:05:44] [worker #27] Bootstrap tree #860, logLikelihood: -2238.115565
[00:05:44] [worker #5] Bootstrap tree #838, logLikelihood: -2187.360736
[00:05:44] [worker #0] Bootstrap tree #833, logLikelihood: -2212.745831
[00:05:44] [worker #16] Bootstrap tree #849, logLikelihood: -2263.525109
[00:05:44] [worker #30] Bootstrap tree #863, logLikelihood: -2199.300309
[00:05:44] [worker #19] Bootstrap tree #884, logLikelihood: -2203.459110
[00:05:44] [worker #22] Bootstrap tree #887, logLikelihood: -2280.183098
[00:05:44] [worker #15] Bootstrap tree #880, logLikelihood: -2236.683407
[00:05:44] [worker #13] Bootstrap tree #878, logLikelihood: -2189.320994
[00:05:44] [worker #9] Bootstrap tree #874, logLikelihood: -2196.683516
[00:05:44] [worker #7] Bootstrap tree #872, logLikelihood: -2200.525067
[00, logLikelihood: [-2240.739268
00:05:44] [worker #4] Bootstrap tree #869, logLikelihood: -2208.704655
[00:05:44] [worker #12] Bootstrap tree #877, logLikelihood: -2214.805093
[00:05:44] [worker #17] Bootstrap tree #882, logLikelihood: -2180.587909
[00:05:44] [worker #21] Bootstrap tree #886, logLikelihood: -2178.430516
[00:05:44] [worker #1] Bootstrap tree #866, logLikelihood: -2211.841637
[00:05:44] [worker #25] Bootstrap tree #890, logLikelihood: -2225.381243
[00:05:44] [worker #31] Bootstrap tree #896, logLikelihood: -2268.807045
[00:05:44] [worker #6] Bootstrap tree #871, logLikelihood: -2237.637863
[00:05:44] [worker #2] Bootstrap tree #867, logLikelihood: -2190.990679
[00:05:44] [worker #14] Bootstrap tree #879, logLikelihood: -2190.626781
[00:05:44] [worker #3] Bootstrap tree #868, logLikelihood: -2193.153910
[00:05:44] [worker #26] Bootstrap tree #891, logLikelihood: -2141.881224
[00:05:44] [worker #18] Bootstrap tree #883, logLikelihood: -2220.809048
[00:05:44] [worker #23] Bootstrap tree #888, logLikelihood: -2145.378372
[00:05:44] [worker #28] Bootstrap tree #893, logLikelihood: -2202.295353
[00:05:44] [worker #24] Bootstrap tree #889, logLikelihood: -2212.402147
[00:05:44] [worker #20] Bootstrap tree #885, logLikelihood: -2201.768085
[00:05:44] [worker #11] Bootstrap tree #876, logLikelihood: -2185.738477
[00:05:44] [worker #29] Bootstrap tree #894, logLikelihood: -2193.905630
[00:05:44] [worker #10] Bootstrap tree #875, logLikelihood: -2182.624485
[00:05:44] [worker #5] Bootstrap tree #870, logLikelihood: -2245.159455
[00:05:44] [worker #27] Bootstrap tree #892, logLikelihood: -2238.866755
[00:05:44] [worker #30] Bootstrap tree #895, logLikelihood: -2199.172841
[00:05:44] [worker #16] Bootstrap tree #881, logLikelihood: -2219.691377
[00:05:44] [worker #0] Bootstrap tree #865, logLikelihood: -2219.750237
[00:06:56] [worker #24] Bootstrap tree #921, logLikelihood: -2174.190603
[00:06:56] [worker #8] Bootstrap tree #905, logLikelihood: -2131.428470
[00:06:57] [worker #22] Bootstrap tree #919, logLikelihood: -2212.699281
[00:06:57] [worker #2] Bootstrap tree #899, logLikelihood: -2208.657685
[00:06:57] [worker #25] Bootstrap tree #922, logLikelihood: -2166.312855
[00:06:57] [worker #31] Bootstrap tree #928, logLikelihood: -2206.899432
[00:06:57] [worker #30] Bootstrap tree #927, logLikelihood: -2216.590672
[00:06:57] [worker #16] Bootstrap tree #913, logLikelihood: -2161.680706
[00:06:57] [worker #4] Bootstrap tree #901, logLikelihood: -2156.888701
[00:06:57] [worker #18] Bootstrap tree #915, logLikelihood: -2263.282805
[00:06:57] [worker #1] Bootstrap tree #898, logLikelihood: -2197.466066
[00:06:57] [worker #12] Bootstrap tree #909, logLikelihood: -2199.871001
[00:06:57] [worker #23] Bootstrap tree #920, logLikelihood: -2219.083800
[00:06:57] [worker #29] Bootstrap tree #926, logLikelihood: -2205.909396
[00:06:57] [worker #26] Bootstrap tree #923, logLikelihood: -2225.986713
[00:06:57] [worker #28] Bootstrap tree #925, logLikelihood: -2185.384948
[00:06:57] [worker #3] Bootstrap tree #900, logLikelihood: -2287.879479
[00:06:57] [worker #7] Bootstrap tree #904, logLikelihood: -2255.495655
[00:06:57] [worker #14] Bootstrap tree #911, logLikelihood: -2185.110430
[00:06:57] [worker #10] Bootstrap tree #907, logLikelihood: -2197.685333
[00:06:57] [worker #9] Bootstrap tree #906, logLikelihood: -2172.734360
[00:06:57] [worker #20] Bootstrap tree #917, logLikelihood: -2191.292270
[00:06:57] [worker #11] Bootstrap tree #908, logLikelihood: -2187.259737
[00:06:57] [worker #21] Bootstrap tree #918, logLikelihood: -2149.356632
[00:06:57] [worker #13] Bootstrap tree #910, logLikelihood: -2210.732349
[00:06:57] [worker #6] Bootstrap tree #903, logLikelihood: -2228.953545
[00:06:57] [worker #5] Bootstrap tree #902, logLikelihood: -2190.408427
[00:06:57] [worker #19] Bootstrap tree #916, logLikelihood: -2203.371665
[00:06:57] [worker #0] Bootstrap tree #897, logLikelihood: -2242.594113
[00:06:57] [worker #15] Bootstrap tree #912, logLikelihood: -2175.456751
[00:06:57] [worker #27] Bootstrap tree #924, logLikelihood: -2219.237026
[00:06:57] [worker #17] Bootstrap tree #914, logLikelihood: -2186.123277
[00:06:57] [worker #24] Bootstrap tree #953, logLikelihood: -2177.194295
[00:06:57] [worker #8] Bootstrap tree #937, logLikelihood: -2183.372170
[00:06:57] [worker #31] Bootstrap tree #960, logLikelihood: -2206.235719
[00:06:57] [worker #22] Bootstrap tree #951, logLikelihood: -2200.024456
[00:06:57] [worker #25] Bootstrap tree #954, logLikelihood: -2252.388090
[00:06:57] [worker #23] Bootstrap tree #952, logLikelihood: -2201.412231
[00:06:57] [worker #1] Bootstrap tree #930, logLikelihood: -2209.895998
[00:06:57] [worker #7] Bootstrap tree #936, logLikelihood: -2174.468936
[00:06:57] [worker #4] Bootstrap tree #933, logLikelihood: -2190.759606
[00:06:57] [worker #30] Bootstrap tree #959, logLikelihood: -2198.175706
[00:06:57] [worker #16] Bootstrap tree #945, logLikelihood: -2208.096213
[00:06:57] [worker #12] Bootstrap tree #941, logLikelihood: -2187.849994
[00:06:57] [worker #29] Bootstrap tree #958, logLikelihood: -2216.137383
[00:06:57] [worker #28] Bootstrap tree #957, logLikelihood: -2242.865738
[00:06:57] [worker #2] Bootstrap tree #931, logLikelihood: -2265.099557
[00:06:57] [worker #14] Bootstrap tree #943, logLikelihood: -2188.598030
[00:06:57] [worker #26] Bootstrap tree #955, logLikelihood: -2252.617385
[00:06:57] [worker #3] Bootstrap tree #932, logLikelihood: -2222.670408
[00:06:57] [worker #10] Bootstrap tree #939, logLikelihood: -2220.266067
[00:06:57] [worker #20] Bootstrap tree #949, logLikelihood: -2229.292936
[00:06:57] [worker #11] Bootstrap tree #940, logLikelihood: -2229.561405
[00:06:57] [worker #18] Bootstrap tree #947, logLikelihood: -2182.536112
[00:06:57] [worker #9] Bootstrap tree #938, logLikelihood: -2214.120076
[00:06:57] [worker #6] Bootstrap tree #935, logLikelihood: -2184.307906
[00:06:57] [worker #21] Bootstrap tree #950, logLikelihood: -2229.052589
[00:06:57] [worker #19] Bootstrap tree #948, logLikelihood: -2230.004255
[00:06:57] [worker #13] Bootstrap tree #942, logLikelihood: -2162.118800
[00:06:57] [worker #5] Bootstrap tree #934, logLikelihood: -2226.202014
[00:06:57] [worker #15] Bootstrap tree #944, logLikelihood: -2269.880923
[00:06:57] [worker #27] Bootstrap tree #956, logLikelihood: -2180.582971
[00:06:57] [worker #17] Bootstrap tree #946, logLikelihood: -2248.778353
[00:06:57] [worker #0] Bootstrap tree #929, logLikelihood: -2238.516071
[00:08:16] [worker #9] Bootstrap tree #970, logLikelihood: -2173.198835
[00:08:16] [worker #22] Bootstrap tree #983, logLikelihood: -2236.238814
[00:08:16] [worker #19] Bootstrap tree #980, logLikelihood: -2168.380733
[00:08:16] [worker #20] Bootstrap tree #981, logLikelihood: -2181.952085
[00:08:16] [worker #30] Bootstrap tree #991, logLikelihood: -2229.373207
[00:08:16] [worker #17] Bootstrap tree #978, logLikelihood: -2186.295203
[00:08:16] [worker #24] Bootstrap tree #985, logLikelihood: -2206.973178
[00:08:16] [worker #1] Bootstrap tree #962, logLikelihood: -2154.997983
[00:08:16] [worker #21] Bootstrap tree #982, logLikelihood: -2208.298489
[00:08:16] [worker #10] Bootstrap tree #971, logLikelihood: -2255.728697[
[00:08:16] [worker #10] Bootstrap tree #971, logLikelihood: -2255.728697[
00:08:16] [worker #7] Bootstrap tree #968, logLikelihood: -2222.343029
[00:08:16] [worker #14] Bootstrap tree #975, logLikelihood: -2226.999508
[00:08:16] [worker #23] Bootstrap tree #984, logLikelihood: -2245.206743
[00:08:16] [worker #5] Bootstrap tree #966, logLikelihood: -2167.512490
[00:08:16] [worker #12] Bootstrap tree #973, logLikelihood: -2230.088036
[00:08:16] [worker #28] Bootstrap tree #989, logLikelihood: -2151.097928
[00:08:16] [worker #13] Bootstrap tree #974, logLikelihood: -2281.749727
[00:08:16] [worker #18] Bootstrap tree #979, logLikelihood: -2228.695336
[00:08:16] [worker #29] Bootstrap tree #990, logLikelihood: -2209.581503
[00:08:16] [worker #16] Bootstrap tree #977, logLikelihood: -2208.595983
[00:08:16] [worker #6] Bootstrap tree #967, logLikelihood: -2205.954353
[00:08:16] [worker #8] Bootstrap tree #969, logLikelihood: -2219.476597
[00:08:16] [worker #2] Bootstrap tree #963, logLikelihood: -2206.195696
[00:08:16] [worker #4] Bootstrap tree #965, logLikelihood: -2170.717118
[00:08:16] [worker #27] Bootstrap tree #988, logLikelihood: -2229.590553
[00:08:16] [worker #26] Bootstrap tree #987, logLikelihood: -2223.116958
[00:08:16] [worker #11] Bootstrap tree #972, logLikelihood: -2225.461762
[00:08:16] [worker #25] Bootstrap tree #986, logLikelihood: -2221.211310
[00:08:16] [worker #3] Bootstrap tree #964, logLikelihood: -2212.301392
[00:08:16] [worker #15] Bootstrap tree #976, logLikelihood: -2214.515214
[00:08:16] [worker #31] Bootstrap tree #992, logLikelihood: -2210.015508
[00:08:16] [worker #0] Bootstrap tree #961, logLikelihood: -2207.382600
[00:08:16] [worker #7] Bootstrap tree #1000, logLikelihood: -2195.763427
[00:08:16] [worker #1] Bootstrap tree #994, logLikelihood: -2209.924946
[00:08:16] [worker #5] Bootstrap tree #998, logLikelihood: -2189.349309
[00:08:16] [worker #2] Bootstrap tree #995, logLikelihood: -2226.261204
[00:08:16] [worker #3] Bootstrap tree #996, logLikelihood: -2159.603872
[00:08:16] [worker #4] Bootstrap tree #997, logLikelihood: -2176.655401
[00:08:16] [worker #6] Bootstrap tree #999, logLikelihood: -2235.397356
[00:08:17] [worker #0] Bootstrap tree #993, logLikelihood: -2206.218297

Optimized model parameters:

   Partition 0: noname
   Rate heterogeneity: GAMMA (4 cats, mean),  alpha: 99.846403 (ML),  weights&rates: (0.250000,0.875813) (0.250000,0.964710) (0.250000,1.029570) (0.250000,1.129908) 
   Base frequencies (ML): 0.401778 0.101484 0.151950 0.344789 
   Substitution rates (ML): 3.869429 3.421449 1.146414 3.361671 0.001000 1.000000 


Final LogLikelihood: -2213.567533

AIC score: 4559.135067 / AICc score: 4564.601074 / BIC score: 4917.483442
Free parameters (model + branch lengths): 66

WARNING: Best ML tree contains 24 near-zero branches!

Best ML tree with collapsed near-zero branches saved to: /mnt/lustre/RDS-live/downing/LSDV/GTPV_SPPV/results_SPPV/LSDV133.raxml.bestTreeCollapsed
Best ML tree saved to: /mnt/lustre/RDS-live/downing/LSDV/GTPV_SPPV/results_SPPV/LSDV133.raxml.bestTree
All ML trees saved to: /mnt/lustre/RDS-live/downing/LSDV/GTPV_SPPV/results_SPPV/LSDV133.raxml.mlTrees
Best ML tree with Felsenstein bootstrap (FBP) support values saved to: /mnt/lustre/RDS-live/downing/LSDV/GTPV_SPPV/results_SPPV/LSDV133.raxml.supportFBP
Best ML tree with Transfer bootstrap (TBE) support values saved to: /mnt/lustre/RDS-live/downing/LSDV/GTPV_SPPV/results_SPPV/LSDV133.raxml.supportTBE
Optimized model saved to: /mnt/lustre/RDS-live/downing/LSDV/GTPV_SPPV/results_SPPV/LSDV133.raxml.bestModel
Bootstrap trees saved to: /mnt/lustre/RDS-live/downing/LSDV/GTPV_SPPV/results_SPPV/LSDV133.raxml.bootstraps

Execution log saved to: /mnt/lustre/RDS-live/downing/LSDV/GTPV_SPPV/results_SPPV/LSDV133.raxml.log

Analysis started: 24-Nov-2025 18:58:41 / finished: 24-Nov-2025 19:08:22

Elapsed time: 580.515 seconds

