
RAxML-NG v. 1.2.2 released on 11.04.2024 by The Exelixis Lab.
Developed by: Alexey M. Kozlov and Alexandros Stamatakis.
Contributors: Diego Darriba, Tomas Flouri, Benoit Morel, Sarah Lutteropp, Ben Bettisworth, Julia Haag, Anastasis Togkousidis.
Latest version: https://github.com/amkozlov/raxml-ng
Questions/problems/suggestions? Please visit: https://groups.google.com/forum/#!forum/raxml

System: AMD EPYC 7543P 32-Core Processor, 32 cores, 995 GB RAM

RAxML-NG was called at 24-Nov-2025 16:17:07 as follows:

raxml-ng --all --msa region_LSDV037.aln --model GTR+G --prefix LSDV037 --seed 123 --bs-metric fbp,tbe --redo

Analysis options:
  run mode: ML tree search + bootstrapping (Felsenstein Bootstrap + Transfer Bootstrap)
  start tree(s): random (10) + parsimony (10)
  bootstrap replicates: parsimony (max: 1000) + bootstopping (autoMRE, cutoff: 0.030000)
  random seed: 123
  tip-inner: OFF
  pattern compression: ON
  per-rate scalers: OFF
  site repeats: ON
  logLH epsilon: general: 10.000000, brlen-triplet: 1000.000000
  fast spr radius: AUTO
  spr subtree cutoff: 1.000000
  fast CLV updates: ON
  branch lengths: proportional (ML estimate, algorithm: NR-FAST)
  SIMD kernels: AVX2
  parallelization: coarse-grained (auto), PTHREADS (auto)

WARNING: Running in REDO mode: existing checkpoints are ignored, and all result files will be overwritten!

[00:00:00] Reading alignment from file: region_LSDV037.aln
[00:00:00] Loaded alignment with 30 taxa and 1701 sites

WARNING: Sequences PV434148.1 and PP886239.1 are exactly identical!
WARNING: Sequences PV434148.1 and PQ014465.1 are exactly identical!
WARNING: Sequences PV434148.1 and OQ434239.1 are exactly identical!
WARNING: Sequences PV434148.1 and OQ434238.1 are exactly identical!
WARNING: Sequences PV434148.1 and OQ434237.1 are exactly identical!
WARNING: Sequences PV434148.1 and OQ434236.1 are exactly identical!
WARNING: Sequences PV434148.1 and OR239060.1 are exactly identical!
WARNING: Sequences PV434148.1 and NC_004002.1 are exactly identical!
WARNING: Sequences PV434148.1 and ON961657.1 are exactly identical!
WARNING: Sequences PV434148.1 and ON961656.1 are exactly identical!
WARNING: Sequences PV434148.1 and ON961655.1 are exactly identical!
WARNING: Sequences PV434148.1 and MT137384.1 are exactly identical!
WARNING: Sequences PV434148.1 and MW167071.1 are exactly identical!
WARNING: Sequences PV434148.1 and MW167070.1 are exactly identical!
WARNING: Sequences PV434148.1 and MN072631.1 are exactly identical!
WARNING: Sequences PV434148.1 and MN072630.1 are exactly identical!
WARNING: Sequences PV434148.1 and MN072629.1 are exactly identical!
WARNING: Sequences PV434148.1 and MN072627.1 are exactly identical!
WARNING: Sequences PV434148.1 and MN072626.1 are exactly identical!
WARNING: Sequences PV434148.1 and AY077832.1 are exactly identical!
WARNING: Sequences PV434148.1 and AY077833.1 are exactly identical!
WARNING: Sequences PP886238.1 and PP886237.1 are exactly identical!
WARNING: Sequences PP886238.1 and PP886236.1 are exactly identical!
WARNING: Sequences MW020571.1 and AY077834.1 are exactly identical!
WARNING: Duplicate sequences found: 24

NOTE: Reduced alignment (with duplicates and gap-only sites/taxa removed) 
NOTE: was saved to: /mnt/lustre/RDS-live/downing/LSDV/GTPV_SPPV/results_SPPV/LSDV037.raxml.reduced.phy

Alignment comprises 1 partitions and 9 patterns

Partition 0: noname
Model: GTR+FO+G4m
Alignment sites / patterns: 1701 / 9
Gaps: 0.00 %
Invariant sites: 99.71 %


NOTE: Binary MSA file created: LSDV037.raxml.rba

Parallelization scheme autoconfig: 32 worker(s) x 1 thread(s)

[00:00:00] Generating 10 random starting tree(s) with 30 taxa
[00:00:00] Generating 10 parsimony starting tree(s) with 30 taxa
Parallel parsimony with 32 threads
Parallel reduction/worker buffer size: 1 KB  / 0 KB

[00:00:00] Data distribution: max. partitions/sites/weight per thread: 1 / 9 / 144
[00:00:00] Data distribution: max. searches per worker: 33

Starting ML tree search with 20 distinct starting trees

[00:00:00] [worker #11] ML tree search #12, logLikelihood: -2139.289979
[00:00:00] [worker #17] ML tree search #18, logLikelihood: -2139.289959
[00:00:00] [worker #15] ML tree search #16, logLikelihood: -2139.289968
[00:00:00] [worker #16] ML tree search #17, logLikelihood: -2139.289959
[00:00:00] [worker #8] ML tree search #9, logLikelihood: -2150.718356
[00:00:00] [worker #18] ML tree search #19, logLikelihood: -2139.289958
[00:00:00] [worker #10] ML tree search #11, logLikelihood: -2139.289957
[00:00:00] [worker #13] ML tree search #14, logLikelihood: -2139.289958
[00:00:00] [worker #3] ML tree search #4, logLikelihood: -2139.254572
[00:00:00] [worker #5] ML tree search #6, logLikelihood: -2139.263339
[00:00:00] [worker #0] ML tree search #1, logLikelihood: -2139.254603
[00:00:00] [worker #14] ML tree search #15, logLikelihood: -2139.289968
[00:00:00] [worker #12] ML tree search #13, logLikelihood: -2139.289965
[00:00:00] [worker #2] ML tree search #3, logLikelihood: -2139.254563
[00:00:00] [worker #7] ML tree search #8, logLikelihood: -2139.254559
[00:00:00] [worker #6] ML tree search #7, logLikelihood: -2139.254580
[00:00:00] [worker #9] ML tree search #10, logLikelihood: -2139.254622
[00:00:00] [worker #1] ML tree search #2, logLikelihood: -2139.254558
[00:00:00] [worker #19] ML tree search #20, logLikelihood: -2139.289971
[00:00:00] [worker #4] ML tree search #5, logLikelihood: -2139.254274

[00:00:00] ML tree search completed, best tree logLH: -2139.254274

[00:00:00] Starting bootstrapping analysis with 1000 replicates.

[00:00:00] [worker #10] Bootstrap tree #11, logLikelihood: -2139.289964
[00:00:00] [worker #11] Bootstrap tree #12, logLikelihood: -2154.583482
[00:00:00] [worker #29] Bootstrap tree #30, logLikelihood: -2151.817395
[00:00:00] [worker #31] Bootstrap tree #32, logLikelihood: -2132.380071
[00:00:00] [worker #3] Bootstrap tree #4, logLikelihood: [-2120.09798200

[00:00:00] [worker #14] Bootstrap tree #15, logLikelihood: -2132.790598
[00:00:00] [worker #17] Bootstrap tree #18, logLikelihood: -2118.154838
[00:00:00] [worker #24] Bootstrap tree #25, logLikelihood: -2188.848985
[00:00:00] [worker #19] Bootstrap tree #20, logLikelihood: -2095.978960
[00:00:00] [worker #30] Bootstrap tree #31, logLikelihood: -2100.134722
[[00:00:00] [worker #15] Bootstrap tree #16, logLikelihood: 0:00:00] [worker #20] Bootstrap tree #21, logLikelihood: -2117.865831
[[00:00:00] [worker #15] Bootstrap tree #16, logLikelihood: 0:00:00] [worker #20] Bootstrap tree #21, logLikelihood: -2117.865831
-2132.418384
[00:00:00] [worker #28] Bootstrap tree #29, logLikelihood: -2127.508791
[00:00:00] [worker #7] Bootstrap tree #8, logLikelihood: -2157.163619
[00:00:00] [worker #1] Bootstrap tree #2, logLikelihood: -2183.175778
[00:00:00] [worker #13] Bootstrap tree #14, logLikelihood: -2139.289965
[00:00:00] [worker #4] Bootstrap tree #5, logLikelihood: -2130.707672
[00:00:00] [worker #6] Bootstrap tree #7, logLikelihood: -2137.219582
[00:00:00] [worker #16] Bootstrap tree #17, logLikelihood: -2139.289968
00:00:00] [worker #22] Bootstrap tree #23, logLikelihood: -2161.939970
-2144.864265
[00:00:00] [worker #5] Bootstrap tree #6, logLikelihood: -2140.202364
[00:00:00] [worker #26] Bootstrap tree #27, logLikelihood: -2124.733326
[00:00:00] [worker #18] Bootstrap tree #19, logLikelihood: -2119.288014
[00:00:00] [worker #12] Bootstrap tree #13, logLikelihood: -2132.794639
[00:00:00] [worker #8] Bootstrap tree #9, logLikelihood: -2107.173998
[00:00:00] [worker #9] Bootstrap tree #10, logLikelihood: -2178.848001
[00:00:00] [worker #23] Bootstrap tree #24, logLikelihood: -2175.219126
[00:00:00] [worker #2] Bootstrap tree #3, logLikelihood: -2173.763058
[00:00:00] [worker #27] Bootstrap tree #28, logLikelihood: -2109.574422
[00:00:00] [worker #19] Bootstrap tree #52, logLikelihood: -2114.064461
[00:00:00] [worker #10] Bootstrap tree #43, logLikelihood: -2144.621978
[00:00:00] [worker #31] Bootstrap tree #64, logLikelihood: -2152.154919
[00:00:00] [worker #11] Bootstrap tree #44, logLikelihood: -2145.944315
[00:00:00] [worker #20] Bootstrap tree #53, logLikelihood: -2079.608644
[00:00:00] [worker #0] Bootstrap tree #1, logLikelihood: -2122.962198
[00:00:00] [worker #3] Bootstrap tree #36, logLikelihood: -2116.732910
[00:00:00] [worker #28] Bootstrap tree #61, logLikelihood: -2060.824202
[00:00:00] [worker #17] Bootstrap tree #50, logLikelihood: -2147.337308
[00:00:00] [worker #4] Bootstrap tree #37, logLikelihood: -2055.862923
[00:00:00] [worker #14] Bootstrap tree #47, logLikelihood: -2155.765684
[00:00:00] [worker #7] Bootstrap tree #40, logLikelihood: -2133.239536
[00:00:00] [worker #15] Bootstrap tree #48, logLikelihood: -2172.671182
[00:00:00] [worker #21] Bootstrap tree #54, logLikelihood: -2151.062806
[00:00:00] [worker #30] Bootstrap tree #63, logLikelihood: -2109.387635
[00:00:00] [worker #16] Bootstrap tree #49, logLikelihood: -2138.318499
[00:00:00] [worker #24] Bootstrap tree #57, logLikelihood: -2176.420736
00:00:00] [worker #25] Bootstrap tree #58, logLikelihood: -2142.595608
[00:00:00] [worker #29] Bootstrap tree #62, logLikelihood: -2131.065863
[00:00:00] [worker #1] Bootstrap tree #34, logLikelihood: -2140.311090
[00:00:00] [worker #13] Bootstrap tree #46, logLikelihood: -2139.289965
[00:00:00] [worker #18] Bootstrap tree #51, logLikelihood: -2139.289967
[00:00:00] [worker #26] Bootstrap tree #59, logLikelihood: -2139.289970
[00:00:00] [worker #6] Bootstrap tree #39, logLikelihood: -2139.289958
[00:00:00] [worker #5] Bootstrap tree #38, logLikelihood: -2108.602151
[00:00:00] [worker #22] Bootstrap tree #55, logLikelihood: -2172.013799
[00:00:00] [worker #12] Bootstrap tree #45, logLikelihood: -2171.583406
[00:00:00] [worker #23] Bootstrap tree #56, logLikelihood: -2119.690170
[00:00:00] [worker #8] Bootstrap tree #41, logLikelihood: -2182.774403
[00:00:00] [worker #9] Bootstrap tree #42, logLikelihood: -2073.939514
[00:00:01] [worker #2] Bootstrap tree #35, logLikelihood: -2149.686734
[00:00:01] [worker #27] Bootstrap tree #60, logLikelihood: -2130.449549
[00:00:01] [worker #0] Bootstrap tree #33, logLikelihood: -2126.421098
[00:00:02] [worker #3] Bootstrap tree #68, logLikelihood: -2057.435051
[00:00:02] [worker #13] Bootstrap tree #78, logLikelihood: -2157.015567
[00:00:02] [worker #14] Bootstrap tree #79, logLikelihood: -2109.610486
[00:00:02] [worker #21] Bootstrap tree #86, logLikelihood: -2127.963424
[00:00:02] [worker #11] Bootstrap tree #76, logLikelihood: -2157.106551
[00:00:02] [worker #12] Bootstrap tree #77, logLikelihood: -2121.229071
[00:00:02] [worker #16] Bootstrap tree #81, logLikelihood: -2139.289969
[00:00:02] [worker #31] Bootstrap tree #96, logLikelihood: -2133.156708
[00:00:02] [worker #25] Bootstrap tree #90, logLikelihood: -2122.352496
[00:00:02] [worker #4] Bootstrap tree #69, logLikelihood: -2167.634545
[00:00:02] [worker #30] Bootstrap tree #95, logLikelihood: -2133.382596
[00:00:02] [worker #17] Bootstrap tree #82, logLikelihood: -2119.595707
[00:00:02] [worker #8] Bootstrap tree #73, logLikelihood: -2117.699914
[00:00:02] [worker #20] Bootstrap tree #85, logLikelihood: -2139.289967
-2130.777315
[00:00:02] [worker #18] Bootstrap tree #83, logLikelihood: -2117.865904
[00:00:02] [worker #24] Bootstrap tree #89, logLikelihood: -2192.876066
[00:00:02] [worker #23] Bootstrap tree #88, logLikelihood: -2116.740541
[00:00:02] [worker #26] Bootstrap tree #91, logLikelihood: -2123.965021
[00:00:02] [worker #0] Bootstrap tree #65, logLikelihood: -2129.792108
[00:00:02] [worker #27] Bootstrap tree #92, logLikelihood: -2117.453969
[00:00:02] [worker #19] Bootstrap tree #84, logLikelihood: -2144.973193
[00:00:02] [worker #1] Bootstrap tree #66, logLikelihood: -2137.435654
[00:00:02] [worker #22] Bootstrap tree #87, logLikelihood: -2090.145170
[00:00:02] [worker #7] Bootstrap tree #72, logLikelihood: -2112.805176
[00:00:02] [worker #5] Bootstrap tree #70, logLikelihood: -2091.194220
[00:00:02] [worker #6] Bootstrap tree #71, logLikelihood: -2154.227016
[00:00:02] [worker #2] Bootstrap tree #67, logLikelihood: -2079.157556
[00:00:02] [worker #28] Bootstrap tree #93, logLikelihood: -2139.289957
[00:00:02] [worker #15] Bootstrap tree #80, logLikelihood: -2139.435275
[00:00:02] [worker #29] Bootstrap tree #94, logLikelihood: -2122.660708
[00:00:02] [worker #9] Bootstrap tree #74, logLikelihood: -2136.175954
[00:00:02] [worker #3] Bootstrap tree #100, logLikelihood: -2121.947823
[00:00:02] [worker #13] Bootstrap tree #110, logLikelihood: -2099.088777
[00:00:02] [worker #21] Bootstrap tree #118, logLikelihood: -2117.477304
[00:00:02] [worker #14] Bootstrap tree #111, logLikelihood: -2161.596067
[00:00:02] [worker #12] Bootstrap tree #109, logLikelihood: -2123.870615
[00:00:02] [worker #4] Bootstrap tree #101, logLikelihood: -2110.500056
[00:00:02] [worker #11] Bootstrap tree #108, logLikelihood: -2117.300201

[00:00:02] [worker #16] Bootstrap tree #113, logLikelihood: -2130.096126
[00:00:02] [worker #24] Bootstrap tree #121, logLikelihood: -2118.034578
[00:00:02] [worker #30] Bootstrap tree #127, logLikelihood: -2164.698714
[00:00:02] [worker #17] Bootstrap tree #114, logLikelihood: -2098.310651
[00:00:02] [worker #25] Bootstrap tree #122, logLikelihood: -2160.579060
[00:00:02] [worker #8] Bootstrap tree #105, logLikelihood: -2115.438337
[00:00:02] [worker #10] Bootstrap tree #107, logLikelihood: -2135.128804
[00:00:02] [worker #20] Bootstrap tree #117, logLikelihood: -2098.135407
[00:00:02] [worker #5] Bootstrap tree #102, logLikelihood: -2119.534279
[00:00:02] [worker #0] Bootstrap tree #97, logLikelihood: -2158.563383
[00:00:02] [worker #27] Bootstrap tree #124, logLikelihood: -2114.216325
[00:00:02] [worker #28] Bootstrap tree #125, logLikelihood: -2115.895253
[00:00:02] [worker #1] Bootstrap tree #98, logLikelihood: -2165.625052
[00:00:02] [worker #26] Bootstrap tree #123, logLikelihood: -2125.425332
[00:00:02] [worker #19] Bootstrap tree #116, logLikelihood: -2173.518669
[00:00:02] [worker #23] Bootstrap tree #120, logLikelihood: -2106.765298
00:02] [worker #22] Bootstrap tree #119, logLikelihood: -2140.326927
[00:00:02] [worker #2] Bootstrap tree #99, logLikelihood: -2161.073984
[00:00:02] [worker #6] Bootstrap tree #103, logLikelihood: -2139.289956
[00:00:02] [worker #18] Bootstrap tree #115, logLikelihood: -2139.289970
[00:00:02] [worker #7] Bootstrap tree #104, logLikelihood: -2157.748195
[00:00:02] [worker #15] Bootstrap tree #112, logLikelihood: -2108.180204
[00:00:02] [worker #29] Bootstrap tree #126, logLikelihood: -2170.477166
[00:00:02] [worker #9] Bootstrap tree #106, logLikelihood: -2167.394022
[00:00:05] [worker #16] Bootstrap tree #145, logLikelihood: -2113.342171
[00:00:05] [worker #17] Bootstrap tree #146, logLikelihood: -2113.409767
[00:00:05] [worker #15] Bootstrap tree #144, logLikelihood: -2099.620951
[00:00:05] [worker #13] Bootstrap tree #142, logLikelihood: -2154.678887
[00:00:05] [worker #4] Bootstrap tree #133, logLikelihood: -2092.146138
[00:00:05] [worker #31] Bootstrap tree #160, logLikelihood: -2153.199963
[00:00:05] [worker #11] Bootstrap tree #140, logLikelihood: -2139.289966
00:00:05] [worker #6] Bootstrap tree #135, logLikelihood: -2137.903488[-2188.395574
[00:00:05] [worker #30] Bootstrap tree #159, logLikelihood: -2131.963882
[00:00:05] [worker #2] Bootstrap tree #131, logLikelihood: -2120.798980
[00:00:05] [worker #5] Bootstrap tree #134, logLikelihood: -2128.412629
[00:00:05] [worker #12] Bootstrap tree #141, logLikelihood: -2154.817323
[00:00:05] [worker #24] Bootstrap tree #153, logLikelihood: -2142.708701
[00:00:05] [worker #26] Bootstrap tree #155, logLikelihood: -2141.975439
[00:00:05] [worker #10] Bootstrap tree #139, logLikelihood: -2084.279352
[00:00:05] [worker #8] Bootstrap tree #137, logLikelihood: -2107.506437
[00:00:05] [worker #27] Bootstrap tree #156, logLikelihood: -2102.185348
00:00:05] [worker #29] Bootstrap tree #158, logLikelihood: -2116.716523
[00:00:05] [worker #18] Bootstrap tree #147, logLikelihood: -2101.175449
[00:00:05] [worker #14] Bootstrap tree #143, logLikelihood: -2125.790661
[00:00:05] [worker #0] Bootstrap tree #129, logLikelihood: -2157.648059
[00:00:05] [worker #1] Bootstrap tree #130, logLikelihood: -2145.782801
[00:00:05] [worker #28] Bootstrap tree #157, logLikelihood: -2101.110125
[worker #22] Bootstrap tree #151, logLikelihood: -2144.746095
[00:00:05] [worker #20] Bootstrap tree #149, logLikelihood: -2202.992833
[00:00:05] [worker #9] Bootstrap tree #138, logLikelihood: -2135.897552
[00:00:05] [worker #23] Bootstrap tree #152, logLikelihood: -2134.802587
[00:00:05] [worker #25] Bootstrap tree #154, logLikelihood: -2148.192337
[00:00:05] [worker #7] Bootstrap tree #136, logLikelihood: -2163.505649
[00:00:05] [worker #3] Bootstrap tree #132, logLikelihood: -2142.508641
[00:00:05] [worker #19] Bootstrap tree #148, logLikelihood: -2142.469533
[00:00:05] [worker #17] Bootstrap tree #178, logLikelihood: -2135.001374
[00:00:05] [worker #15] Bootstrap tree #176, logLikelihood: -2139.289965
[00:00:05] [worker #4] Bootstrap tree #165, logLikelihood: -2175.554357
[00:00:05] [worker #16] Bootstrap tree #177, logLikelihood: -2202.364055
[00:00:05] [worker #6] Bootstrap tree #167, logLikelihood: -2132.977965
[00:00:05] [worker #2] Bootstrap tree #163, logLikelihood: -2101.358895
[00:00:05] [worker #13] Bootstrap tree #174, logLikelihood: -2155.160556
[00:00:05] [worker #11] Bootstrap tree #172, logLikelihood: -2127.128546
[00:00:05] [worker #30] Bootstrap tree #191, logLikelihood: -2145.636983
-2103.961831
[00:00:05] [worker #21] Bootstrap tree #182, logLikelihood: -2139.289959
[00:00:05] [worker #26] Bootstrap tree #187, logLikelihood: -2142.244205
[00:00:05] [worker #12] Bootstrap tree #173, logLikelihood: -2107.249995
[00:00:05] [worker #5] Bootstrap tree #166, logLikelihood: -2159.785136
[00:00:05] [worker #10] Bootstrap tree #171, logLikelihood: -2138.727064
[00:00:05] [worker #31] Bootstrap tree #192, logLikelihood: -2139.289966
[00:00:05] [worker #24] Bootstrap tree #185, logLikelihood: -2103.660852
[00:00:05] [worker #29] Bootstrap tree #190, logLikelihood: -2121.773430
[00:00:05] [worker #27] Bootstrap tree #188, logLikelihood: -2135.005369
[00:00:05] [worker #18] Bootstrap tree #179, logLikelihood: -2123.228258
[00:00:05] [worker #14] Bootstrap tree #175, logLikelihood: -2162.231523
[00:00:05] [worker #0] Bootstrap tree #161, logLikelihood: -2092.445010
[00:00:05] [worker #9] Bootstrap tree #170, logLikelihood: -2105.612218
[00:00:05] [worker #3] Bootstrap tree #164, logLikelihood: -2119.551274
[00:00:05] [worker #1] Bootstrap tree #162, logLikelihood: -2126.859178
[00:00:05] [worker #28] Bootstrap tree #189, logLikelihood: -2168.747785
[00:00:05] [worker #22] Bootstrap tree #183, logLikelihood: -2112.826857
[00:00:05] [worker #7] Bootstrap tree #168, logLikelihood: -2139.598344
[00:00:05] [worker #25] Bootstrap tree #186, logLikelihood: -2139.289958
[00:00:05] [worker #19] Bootstrap tree #180, logLikelihood: -2095.090934
[00:00:05] [worker #20] Bootstrap tree #181, logLikelihood: -2209.053455
[00:00:05] [worker #23] Bootstrap tree #184, logLikelihood: -2131.549999
[00:00:10] [worker #13] Bootstrap tree #206, logLikelihood: -2168.804870
[00:00:10] [worker #12] Bootstrap tree #205, logLikelihood: -2075.963163
[00:00:10] [worker #15] Bootstrap tree #208, logLikelihood: -2110.685548
[00:00:10] [worker #19] Bootstrap tree #212, logLikelihood: -2131.201906
[00:00:10] [worker #3] Bootstrap tree #196, logLikelihood: -2139.289975
[00:00:10] [worker #5] Bootstrap tree #198, logLikelihood: -2206.538256
[00:00:10] [worker #24] Bootstrap tree #217, logLikelihood: -2114.729983
00[00:00:10] [worker #2] Bootstrap tree #195: logLikelihood: 200:10] [worker #14] Bootstrap tree #207, logLikelihood: -2139.075490-2131.973690
00[00:00:10] [worker #2] Bootstrap tree #195: logLikelihood: 200:10] [worker #14] Bootstrap tree #207, logLikelihood: -2139.075490-2131.973690
[00:00:10] [worker #21] Bootstrap tree #214, logLikelihood: -2125.677568
[00:00:10] [worker #16] Bootstrap tree #209, logLikelihood: -2129.884429
-2151.422173
[00:00:10] [worker #11] Bootstrap tree #204, logLikelihood: -2106.386751
[00:00:10] [worker #9] Bootstrap tree #202, logLikelihood: -2139.289967
[00:00:10] [worker #1] Bootstrap tree #194, logLikelihood: -2144.082939
[00:00:10] [worker #29] Bootstrap tree #222, logLikelihood: -2139.289959
[00:00:10] [worker #31] Bootstrap tree #224, logLikelihood: -2077.834042
[00:00:10] [worker #10] Bootstrap tree #203, logLikelihood: -2119.097951
[00:00:10] [worker #20] Bootstrap tree #213, logLikelihood: -2152.069082
[00:00:10] [worker #18] Bootstrap tree #211, logLikelihood: -2088.774611
[00:00:10] [worker #27] Bootstrap tree #220, logLikelihood: -2121.371310
[00:00:10] [worker #4] Bootstrap tree #197, logLikelihood: -2146.471851
[00:00:10] [worker #17] Bootstrap tree #210, logLikelihood: -2058.061532
00:00:10] [worker #23] Bootstrap tree #216, logLikelihood: -2150.328419
[00:00:10] [worker #30] Bootstrap tree #223, logLikelihood: -2188.670529
[00:00:10] [worker #8] Bootstrap tree #201, logLikelihood: -2163.747425
[00:00:10] [worker #7] Bootstrap tree #200, logLikelihood: -2118.312542
[00:00:10] [worker #6] Bootstrap tree #199, logLikelihood: -2104.847443
[00:00:10] [worker #25] Bootstrap tree #218, logLikelihood: -2137.634513
[00:00:10] [worker #22] Bootstrap tree #215, logLikelihood: -2102.064053
[00:00:11] [worker #0] Bootstrap tree #193, logLikelihood: -2103.586404
[00:00:11] [worker #28] Bootstrap tree #221, logLikelihood: -2111.355037
[00:00:11] [worker #13] Bootstrap tree #238, logLikelihood: -2115.689184
[00:00:11] [worker #12] Bootstrap tree #237, logLikelihood: -2116.434441
[00:00:11] [worker #15] Bootstrap tree #240, logLikelihood: -2137.218242
[00:00:11] [worker #21] Bootstrap tree #246, logLikelihood: -2157.632960
[00:00:11] [worker #14] Bootstrap tree #239, logLikelihood: -2126.913693
[00:00:11] [worker #19] Bootstrap tree #244, logLikelihood: -2154.567272
[00:00:11] [worker #5] Bootstrap tree #230, logLikelihood: -2159.640656
[00:00:11] [worker #17] Bootstrap tree #242, logLikelihood: -2157.854923
[00:00:11] [worker #2] Bootstrap tree #227, logLikelihood: -2175.153971
[00:00:11] [worker #24] Bootstrap tree #249, logLikelihood: -2162.413125
[00:00:11] [worker #20] Bootstrap tree #245, logLikelihood: -2106.580048
[00:00:11] [worker #11] Bootstrap tree #236, logLikelihood: -2159.811520
[00:00:11] [worker #3] Bootstrap tree #228, logLikelihood: -2149.968698
[00:00:11] [worker #26] Bootstrap tree #251, logLikelihood: -2110.295315
[00:00:11] [worker #10] Bootstrap tree #235, logLikelihood: -2115.713283
[00:00:11] [worker #4] Bootstrap tree #229, logLikelihood: -2113.555013
[00:00:11] [worker #8] Bootstrap tree #233, logLikelihood: -2120.465727
[00:00:11] [worker #9] Bootstrap tree #234, logLikelihood: -2139.289959
[00:00:11] [worker #30] Bootstrap tree #255, logLikelihood: -2113.021625
[00:00:11] [worker #1] Bootstrap tree #226, logLikelihood: -2127.681891
[00:00:11] [worker #23] Bootstrap tree #248, logLikelihood: -2146.362278
[00:00:11] [worker #29] Bootstrap tree #254, logLikelihood: -2164.829971
00:00:11] [worker #31] Bootstrap tree #256, logLikelihood: -2150.378555
[00:00:11] [worker #18] Bootstrap tree #243, logLikelihood: -2117.673085
[00:00:11] [worker #16] Bootstrap tree #241, logLikelihood: -2140.896294
[00:00:11] [worker #6] Bootstrap tree #231, logLikelihood: -2075.799606
[00:00:11] [worker #27] Bootstrap tree #252, logLikelihood: -2167.532553
[00:00:11] [worker #7] Bootstrap tree #232, logLikelihood: -2125.845011
[00:00:11] [worker #28] Bootstrap tree #253, logLikelihood: -2065.314136
[00:00:11] [worker #25] Bootstrap tree #250, logLikelihood: -2105.695557
[00:00:11] [worker #22] Bootstrap tree #247, logLikelihood: -2097.859397
[00:00:11] [worker #0] Bootstrap tree #225, logLikelihood: -2131.076148
[00:00:21] [worker #31] Bootstrap tree #288, logLikelihood: -2104.095806
[00:00:21] [worker #9] Bootstrap tree #266, logLikelihood: -2139.550506
[00:00:21] [worker #12] Bootstrap tree #269, logLikelihood: -2104.822711
[00:00:21] [worker #1] Bootstrap tree #258, logLikelihood: -2145.529233
[00:00:21] [worker #23] Bootstrap tree #280, logLikelihood: -2104.598719
[00:00:21] [worker #26] Bootstrap tree #283, logLikelihood: -2109.292657
[00:00:21] [worker #21] Bootstrap tree #278, logLikelihood: -2107.422348
[00:00:21] [worker #27] Bootstrap tree #284, logLikelihood: -2106.329674
[00:00:21] [worker #7] Bootstrap tree #264, logLikelihood: -2118.946700
[00:00:21] [worker #17] Bootstrap tree #274, logLikelihood: -2121.713016
[00:00:21] [worker #16] Bootstrap tree #273, logLikelihood: -2103.681982
[00:00:21] [worker #20] Bootstrap tree #277, logLikelihood: -2117.893525
[00:00:21] [worker #24] Bootstrap tree #281, logLikelihood: -2150.173534
[00:00:21] [worker #3] Bootstrap tree #260, logLikelihood: -2133.771149
[00:00:21] [worker #28] Bootstrap tree #285, logLikelihood: -2135.242669
[00:00:21] [worker #29] Bootstrap tree #286, logLikelihood: -2141.346810
[00:00:21] [worker #6] Bootstrap tree #263, logLikelihood: -2139.289969
[00:00:21] [worker #10] Bootstrap tree #267, logLikelihood: -2143.801149
[00:00:21] [worker #2] Bootstrap tree #259, logLikelihood: -2133.123089
[00:00:21] [worker #8] Bootstrap tree #265, logLikelihood: -2140.136693
[00:00:21] [worker #30] Bootstrap tree #287, logLikelihood: -2099.893496
[00:00:21] [worker #0] Bootstrap tree #257, logLikelihood: -2131.304371
[00:00:21] [worker #13] Bootstrap tree #270, logLikelihood: -2152.240815
[00:00:21] [worker #4] Bootstrap tree #261, logLikelihood: -2090.457920
[00:00:21] [worker #25] Bootstrap tree #282, logLikelihood: -2161.153748
[00:00:21] [worker #15] Bootstrap tree #272, logLikelihood: -2128.538635
[00:00:21] [worker #19] Bootstrap tree #276, logLikelihood: -2112.077707
[00:00:21] [worker #5] Bootstrap tree #262, logLikelihood: -2139.215470
[00:00:21] [worker #11] Bootstrap tree #268, logLikelihood: -2139.289969
[00:00:21] [worker #18] Bootstrap tree #275, logLikelihood: -2123.760567
[00:00:21] [worker #22] Bootstrap tree #279, logLikelihood: -2120.113675
[00:00:21] [worker #14] Bootstrap tree #271, logLikelihood: -2135.643975
[00:00:21] [worker #21] Bootstrap tree #310, logLikelihood: -2079.448332
[00:00:21] [worker #9] Bootstrap tree #298, logLikelihood: -2139.289958
[00:00:21] [worker #2] Bootstrap tree #291, logLikelihood: -2061.033762
[00:00:21] [worker #31] Bootstrap tree #320, logLikelihood: -2166.324107
[00:00:21] [worker #24] Bootstrap tree #313, logLikelihood: -2097.538970
[00:00:21] [worker #16] Bootstrap tree #305, logLikelihood: -2126.491911
[00:00:21] [worker #23] Bootstrap tree #312, logLikelihood: -2125.270804
[00:00:21] [worker #12] Bootstrap tree #301, logLikelihood: -2138.816160
[00:00:21] [worker #1] Bootstrap tree #290, logLikelihood: -2111.553214
[00:00:21] [worker #26] Bootstrap tree #315, logLikelihood: -2133.075420
[00:00:21] [worker #17] Bootstrap tree #306, logLikelihood: -2152.439073
[00:00:21] [worker #6] Bootstrap tree #295, logLikelihood: -2080.663889
[00:00:21] [worker #29] Bootstrap tree #318, logLikelihood: -2132.647312
[00:00:21] [worker #27] Bootstrap tree #316, logLikelihood: -2158.036335
[00:00:21] [worker #3] Bootstrap tree #292, logLikelihood: -2113.135528
[00:00:21] [worker #20] Bootstrap tree #309, logLikelihood: -2139.289958
[00:00:21] [worker #28] Bootstrap tree #317, logLikelihood: -2131.904887
[00:00:21] [worker #25] Bootstrap tree #314, logLikelihood: -2158.425428
[00:00:21] [worker #5] Bootstrap tree #294, logLikelihood: -2128.396000
[00:00:21] [worker #7] Bootstrap tree #296, logLikelihood: -2150.688994
[00:00:21] [worker #22] Bootstrap tree #311, logLikelihood: -2130.754318
[00:00:21] [worker #15] Bootstrap tree #304, logLikelihood: -2141.090738
[00:00:21] [worker #11] Bootstrap tree #300, logLikelihood: -2148.339324
[00:00:21] [worker #10] Bootstrap tree #299, logLikelihood: -2139.289970
[00:00:21] [worker #18] Bootstrap tree #307, logLikelihood: -2164.097924
[00:00:21] [worker #8] Bootstrap tree #297, logLikelihood: -2133.219261
[00:00:21] [worker #0] Bootstrap tree #289, logLikelihood: -2118.681769
[00:00:21] [worker #19] Bootstrap tree #308, logLikelihood: -2080.766860
[00:00:21] [worker #4] Bootstrap tree #293, logLikelihood: -2186.642515
[00:00:21] [worker #14] Bootstrap tree #303, logLikelihood: -2130.855213
[00:00:21] [worker #30] Bootstrap tree #319, logLikelihood: -2167.689300
[00:00:21] [worker #13] Bootstrap tree #302, logLikelihood: -2120.829390
[00:00:33] [worker #21] Bootstrap tree #342, logLikelihood: -2123.115885
[00:00:33] [worker #22] Bootstrap tree #343, logLikelihood: -2118.394229
[00:00:33] [worker #30] Bootstrap tree #351, logLikelihood: -2152.003745
[00:00:33] [worker #12] Bootstrap tree #333, logLikelihood: -2111.044098
[00:00:33] [worker #8] Bootstrap tree #329, logLikelihood: -2146.160693
[00:00:33] [worker #25] Bootstrap tree #346, logLikelihood: -2128.186909
[00:00:33] [worker #28] Bootstrap tree #349, logLikelihood: -2111.019590
[00:00:33] [worker #3] Bootstrap tree #324, logLikelihood: -2118.086465
[00:00:33] [worker #9] Bootstrap tree #330, logLikelihood: -2150.399998
[00:00:33] [worker #11] Bootstrap tree #332, logLikelihood: -2135.320089
[00:00:34] [worker #14] Bootstrap tree #335, logLikelihood: -2121.830978
[00:00:34] [worker #13] Bootstrap tree #334, logLikelihood: [00:00:34] [worker #18] Bootstrap tree #339, logLikelihood: -2139.126886
[00:00:34] [worker #13] Bootstrap tree #334, logLikelihood: [00:00:34] [worker #18] Bootstrap tree #339, logLikelihood: -2139.126886
-2095.618224
[00:00:34] [worker #2] Bootstrap tree #323, logLikelihood: -2118.922228
[00:00:34] [worker #10] Bootstrap tree #331, logLikelihood: -2136.168814
[00:00:34] [worker #24] Bootstrap tree #345, logLikelihood: -2125.930735
[00:00:34] [worker #6] Bootstrap tree #327, logLikelihood: -2158.711737
[00:00:34] [worker #23] Bootstrap tree #344, logLikelihood: -2146.391313
[00:00:34] [worker #29] Bootstrap tree #350, logLikelihood: -2106.155261
[00:00:34] [worker #15] Bootstrap tree #336, logLikelihood: -2151.210690
[00:00:34] [worker #16] Bootstrap tree #337, logLikelihood: -2130.462109
[00:00:34] [worker #31] Bootstrap tree #352, logLikelihood: -2139.289958
[00:00:34] [worker #26] Bootstrap tree #347, logLikelihood: -2097.053153
[00:00:34] [worker #4] Bootstrap tree #325, logLikelihood: -2153.997406
[00:00:34] [worker #0] Bootstrap tree #321, logLikelihood: -2139.289957
[00:00:34] [worker #5] Bootstrap tree #326, logLikelihood: -2143.473823
[00:00:34] [worker #1] Bootstrap tree #322, logLikelihood: -2124.098985
[00:00:34] [worker #17] Bootstrap tree #338, logLikelihood: -2139.289957
[00:00:34] [worker #20] Bootstrap tree #341, logLikelihood: -2139.289958
[00:00:34] [worker #19] Bootstrap tree #340, logLikelihood: -2102.428499
[00:00:34] [worker #7] Bootstrap tree #328, logLikelihood: -2128.781032
[00:00:34] [worker #27] Bootstrap tree #348, logLikelihood: -2053.776025
[00:00:34] [worker #21] Bootstrap tree #374, logLikelihood: -2133.156831
[00:00:34] [worker #22] Bootstrap tree #375, logLikelihood: -2104.794826
[00:00:34] [worker #8] Bootstrap tree #361, logLikelihood: -2139.289958
[00:00:34] [worker #30] Bootstrap tree #383, logLikelihood: -2123.097116
[00:00:34] [worker #28] Bootstrap tree #381, logLikelihood: -2135.445449
[00:00:34] [worker #25] Bootstrap tree #378, logLikelihood: -2103.558601
[00:00:34] [worker #12] Bootstrap tree #365, logLikelihood: -2154.403255
[00:00:34] [worker #9] Bootstrap tree #362, logLikelihood: -2139.289958
[00:00:34] [worker #3] Bootstrap tree #356, logLikelihood: -2133.848640
[00:00:34] [worker #13] Bootstrap tree #366, logLikelihood: -2111.013548
[00:00:34] [worker #11] Bootstrap tree #364, logLikelihood: -2133.376784
[00:00:34] [worker #23] Bootstrap tree #376, logLikelihood: -2160.485759
[00:00:34] [worker #29] Bootstrap tree #382, logLikelihood: -2076.273408
[00:00:34] [worker #2] Bootstrap tree #355, logLikelihood: -2171.019641
[00:00:34] [worker #31] Bootstrap tree #384, logLikelihood: -2163.306699
[00:00:34] [worker #24] Bootstrap tree #377, logLikelihood: -2154.038564
[00:00:34] [worker #10] Bootstrap tree #363, logLikelihood: -2133.194070
-2138.422098
[00:00:34] [worker #6] Bootstrap tree #359, logLikelihood: -2111.325232
[00:00:34] [worker #15] Bootstrap tree #368, logLikelihood: -2115.743644
[00:00:34] [worker #18] Bootstrap tree #371, logLikelihood: -2143.882878
[00:00:34] [worker #4] Bootstrap tree #357, logLikelihood: -2139.289958
[00:00:34] [worker #26] Bootstrap tree #379, logLikelihood: -2115.294105
[00:00:34] [worker #5] Bootstrap tree #358, logLikelihood: -2146.210653
[00:00:34] [worker #17] Bootstrap tree #370, logLikelihood: -2152.764049
[00:00:34] [worker #16] Bootstrap tree #369, logLikelihood: -2139.289957
[00:00:34] [worker #1] Bootstrap tree #354, logLikelihood: -2105.231912
[00:00:34] [worker #20] Bootstrap tree #373, logLikelihood: -2091.014004
[00:00:34] [worker #0] Bootstrap tree #353, logLikelihood: -2143.100471
[00:00:34] [worker #19] Bootstrap tree #372, logLikelihood: -2114.795460
[00:00:34] [worker #27] Bootstrap tree #380, logLikelihood: -2140.452251
[00:00:34] [worker #7] Bootstrap tree #360, logLikelihood: -2131.359871
[00:00:51] [worker #25] Bootstrap tree #410, logLikelihood: -2179.852739
[00:00:51] [worker #6] Bootstrap tree #391, logLikelihood: -2136.336495
[00:00:51] [worker #30] Bootstrap tree #415, logLikelihood: -2139.289968
[00:00:51] [worker #23] Bootstrap tree #408, logLikelihood: -2130.542012
[00:00:51] [worker #23] Bootstrap tree #408, logLikelihood: -2130.542012
[00:00:51] [worker #21] Bootstrap tree #406, logLikelihood: -2144.324219
[00:00:51] [worker #1] Bootstrap tree #386, logLikelihood: -2128.525468
[00:00:51] [worker #28] Bootstrap tree #413, logLikelihood: -2108.786727
[00:00:51] [worker #12] Bootstrap tree #397, logLikelihood: -2095.978035
[00:00:51] [worker #18] Bootstrap tree #403, logLikelihood: -2144.158319
[00:00:51] [worker #3] Bootstrap tree #388, logLikelihood: -2178.146812
[00:00:51] [worker #14] Bootstrap tree #399, logLikelihood: -2141.979696
[00:00:51] [worker #11] Bootstrap tree #396, logLikelihood: -2148.503692
[00:00:51] [worker #11] Bootstrap tree #396, logLikelihood: -2148.503692
[00:00:51] [worker #10] Bootstrap tree #395, logLikelihood: -2132.676053
[00:00:51] [worker #17] Bootstrap tree #402, logLikelihood: -2140.871785
[00:00:51] [worker #7] Bootstrap tree #392, logLikelihood: -2145.785866
:51] [worker #5] Bootstrap tree #390, logLikelihood: -2083.033947
[00:00:51] [worker #15] Bootstrap tree #400, logLikelihood: -2174.968761
[00:00:51] [worker #29] Bootstrap tree #414, logLikelihood: -2139.289970
[00:00:51] [worker #8] Bootstrap tree #393, logLikelihood: -2148.224066
[00:00:51] [worker #26] Bootstrap tree #411, logLikelihood: -2109.515331
[00:00:51] [worker #16] Bootstrap tree #401, logLikelihood: -2166.172506
[00:00:51] [worker #24] Bootstrap tree #409, logLikelihood: -2149.537699
[00:00:51] [worker #13] Bootstrap tree #398, logLikelihood: -2115.498247
[00:00:51] [worker #31] Bootstrap tree #416, logLikelihood: -2112.137537
[00:00:51] [worker #22] Bootstrap tree #407, logLikelihood: -2139.195775
[00:00:51] [worker #20] Bootstrap tree #405, logLikelihood: -2149.437784
[00:00:51] [worker #4] Bootstrap tree #389, logLikelihood: -2149.984474
[00:00:51] [worker #9] Bootstrap tree #394, logLikelihood: -2095.962921
[00:00:51] [worker #0] Bootstrap tree #385, logLikelihood: -2155.467476
[00:00:51] [worker #2] Bootstrap tree #387, logLikelihood: -2131.147373
[00:00:51] [worker #27] Bootstrap tree #412, logLikelihood: -2109.622705
[00:00:51] [worker #19] Bootstrap tree #404, logLikelihood: -2139.289964
[00:00:51] [worker #6] Bootstrap tree #423, logLikelihood: -2113.750434
[00:00:51] [worker #25] Bootstrap tree #442, logLikelihood: -2083.703662
[00:00:51] [worker #14] Bootstrap tree #431, logLikelihood: -2131.487953
[00:00:51] [worker #21] Bootstrap tree #438, logLikelihood: -2117.539125
[00:00:51] [worker #28] Bootstrap tree #445, logLikelihood: -2202.657503
[00:00:51] [worker #18] Bootstrap tree #435, logLikelihood: -2139.289972
[00:00:51] [worker #17] Bootstrap tree #434, logLikelihood: -2150.651702
[00:00:51] [worker #12] Bootstrap tree #429, logLikelihood: -2149.582120
[00:00:51] [worker #10] Bootstrap tree #427, logLikelihood: -2160.728498
[00:00:51] [worker #23] Bootstrap tree #440, logLikelihood: -2164.344738
-2151.759959
[00:00:51] [worker #3] Bootstrap tree #420, logLikelihood: -2137.477470
00:00:51] [worker #30] Bootstrap tree #447, logLikelihood: -2129.212727
[00:00:51] [worker #15] Bootstrap tree #432, logLikelihood: -2159.744759
[00:00:51] [worker #7] Bootstrap tree #424, logLikelihood: -2139.461459
[00:00:51] [worker #8] Bootstrap tree #425, logLikelihood: -2125.307712
[00:00:51] [worker #31] Bootstrap tree #448, logLikelihood: -2134.442311
[00:00:51] [worker #29] Bootstrap tree #446, logLikelihood: -2113.450286
[00:00:51] [worker #1] Bootstrap tree #418, logLikelihood: -2139.289959
[00:00:51] [worker #16] Bootstrap tree #433, logLikelihood: -2082.788938
[00:00:51] [worker #26] Bootstrap tree #443, logLikelihood: -2149.232054
[00:00:51] [worker #24] Bootstrap tree #441, logLikelihood: -2116.648463
[00:00:51] [worker #11] Bootstrap tree #428, logLikelihood: -2132.058139
[00:00:51] [worker #2] Bootstrap tree #419, logLikelihood: -2130.460860
[00:00:51] [worker #13] Bootstrap tree #430, logLikelihood: -2144.957747
[00:00:51] [worker #22] Bootstrap tree #439, logLikelihood: -2152.081274
[00:00:51] [worker #20] Bootstrap tree #437, logLikelihood: -2139.289959
[00:00:51] [worker #4] Bootstrap tree #421, logLikelihood: -2151.833850
[00:00:51] [worker #0] Bootstrap tree #417, logLikelihood: -2122.048041
[00:00:51] [worker #9] Bootstrap tree #426, logLikelihood: -2173.683500
[00:00:51] [worker #19] Bootstrap tree #436, logLikelihood: -2131.829691
[00:00:51] [worker #27] Bootstrap tree #444, logLikelihood: -2109.523173
[00:01:15] [worker #12] Bootstrap tree #461, logLikelihood: -2127.940390
[00:01:15] [worker #6] Bootstrap tree #455, logLikelihood: -2104.270131
[00:01:15] [worker #29] Bootstrap tree #478, logLikelihood: -2132.222315
[00:01:15] [worker #30] Bootstrap tree #479, logLikelihood: -2126.432153
[00:01:15] [worker #16] Bootstrap tree #465, logLikelihood: -2105.477930
[00:01:15] [worker #25] Bootstrap tree #474, logLikelihood: -2136.653680
[00:01:15] [worker #27] Bootstrap tree #476, logLikelihood: -2085.543227
[00:01:15] [worker #22] Bootstrap tree #471, logLikelihood: -2139.289970
-2139.289965
[00:01:15] [worker #18] Bootstrap tree #467, logLikelihood: -2101.929843
[00:01:15] [worker #2] Bootstrap tree #451, logLikelihood: -2150.095513
[00:01:15] [worker #7] Bootstrap tree #456, logLikelihood: -2147.162088
[00:01:15] [worker #20] Bootstrap tree #469, logLikelihood: -2115.605690
[00:01:15] [worker #31] Bootstrap tree #480, logLikelihood: [00:01:15] [worker #3] Bootstrap tree #452, logLikelihood: -2190.873713-2116.081662

[00:01:15] [worker #31] Bootstrap tree #480, logLikelihood: [00:01:15] [worker #3] Bootstrap tree #452, logLikelihood: -2190.873713-2116.081662
[00:01:15] [worker #5] Bootstrap tree #454, logLikelihood: -2145.515007
[00:01:15] [worker #26] Bootstrap tree #475, logLikelihood: -2139.289957
[00:01:15] [worker #19] Bootstrap tree #468, logLikelihood: -2153.695929
[00:01:15] [worker #10] Bootstrap tree #459, logLikelihood: -2162.461803
[00:01:15] [worker #24] Bootstrap tree #473, logLikelihood: -2165.964003
[00:01:15] [worker #14] Bootstrap tree #463, logLikelihood: -2157.518282
[00:01:15] [worker #13] Bootstrap tree #462, logLikelihood: -2139.289965
[00:01:15] [worker #15] Bootstrap tree #464, logLikelihood: -2139.289968
[00:01:15] [worker #11] Bootstrap tree #460, logLikelihood: -2134.148264
[00:01:15] [worker #1] Bootstrap tree #450, logLikelihood: -2149.560999
[00:01:15] [worker #4] Bootstrap tree #453, logLikelihood: -2136.692958
[00:01:15] [worker #8] Bootstrap tree #457, logLikelihood: -2222.732167
[00:01:15] [worker #9] Bootstrap tree #458, logLikelihood: -2132.351520
[00:01:15] [worker #21] Bootstrap tree #470, logLikelihood: -2103.430543
[00:01:15] [worker #28] Bootstrap tree #477, logLikelihood: -2145.462400
[00:01:15] [worker #0] Bootstrap tree #449, logLikelihood: -2132.190885
[00:01:15] [worker #12] Bootstrap tree #493, logLikelihood: -2131.368356
[00:01:15] [worker #23] Bootstrap tree #472, logLikelihood: -2139.289958
[00:01:15] [worker #29] Bootstrap tree #510, logLikelihood: -2089.205322
[00:01:15] [worker #2] Bootstrap tree #483, logLikelihood: -2112.011932
[00:01:15] [worker #30] Bootstrap tree #511, logLikelihood: -2165.247526
[00:01:15] [worker #16] Bootstrap tree #497, logLikelihood: -2091.972167
[00:01:15] [worker #6] Bootstrap tree #487, logLikelihood: -2139.289958
[00:01:15] [worker #5] Bootstrap tree #486, logLikelihood: -2145.817927
[00:01:15] [worker #25] Bootstrap tree #506, logLikelihood: -2103.740004
[00:01:15] [worker #13] Bootstrap tree #494, logLikelihood: -2153.976252
[00:01:15] [worker #17] Bootstrap tree #498, logLikelihood: -2183.670046
[00:01:15] [worker #9] Bootstrap tree #490, logLikelihood: -2133.755432
[00:01:15] [worker #22] Bootstrap tree #503, logLikelihood: -2139.662011
[00:01:15] [worker #19] Bootstrap tree #500, logLikelihood: -2139.289962
[00:01:15] [worker #18] Bootstrap tree #499, logLikelihood: -2117.300550
[00:01:15] [worker #3] Bootstrap tree #484, logLikelihood: -2082.659677
[00:01:15] [worker #24] Bootstrap tree #505, logLikelihood: -2103.882573
[00:01:15] [worker #1] Bootstrap tree #482, logLikelihood: -2134.508107
[00:01:15] [worker #7] Bootstrap tree #488, logLikelihood: -2147.106860
[00:01:15] [worker #10] Bootstrap tree #491, logLikelihood: -2144.656346
[00:01:15] [worker #15] Bootstrap tree #496, logLikelihood: -2119.428038
[00:01:15] [worker #31] Bootstrap tree #512, logLikelihood: -2184.814414
[00:01:15] [worker #21] Bootstrap tree #502, logLikelihood: -2155.600762
[00:01:15] [worker #26] Bootstrap tree #507, logLikelihood: -2125.323484
[00:01:15] [worker #14] Bootstrap tree #495, logLikelihood: -2122.626658
[00:01:15] [worker #4] Bootstrap tree #485, logLikelihood: -2108.132651
[00:01:15] [worker #11] Bootstrap tree #492, logLikelihood: -2122.413743
[00:01:15] [worker #20] Bootstrap tree #501, logLikelihood: -2141.080436
[00:01:15] [worker #8] Bootstrap tree #489, logLikelihood: -2147.345966
[00:01:15] [worker #28] Bootstrap tree #509, logLikelihood: -2139.289958
[00:01:15] [worker #27] Bootstrap tree #508, logLikelihood: -2126.625999
[00:01:15] [worker #0] Bootstrap tree #481, logLikelihood: -2126.248595
[00:01:15] [worker #23] Bootstrap tree #504, logLikelihood: -2130.817695
[00:01:43] [worker #9] Bootstrap tree #522, logLikelihood: -2109.955545
[00:01:43] [worker #28] Bootstrap tree #541, logLikelihood: -2119.062737
[00:01:43] [worker #6] Bootstrap tree #519, logLikelihood: -2139.289956
[00:01:43] [worker #24] Bootstrap tree #537, logLikelihood: -2161.349819
[00:01:43] [worker #5] Bootstrap tree #518, logLikelihood: -2115.337611
[00:01:43] [worker #30] Bootstrap tree #543, logLikelihood: [-2098.4653590
-2096.055460
[00:01:43] [worker #31] Bootstrap tree #544, logLikelihood: -2154.404465
[0[00::01::43] [worker #17] [worker #15] Bootstrap tree #528, logLikelihood: :Bootstrap tree #01530:, logLikelihood: 43] [worker #21] Bootstrap tree #534, logLikelihood: -2139.289958


0[00::01::43] [worker #17] [worker #15] Bootstrap tree #528, logLikelihood: :Bootstrap tree #01530:, logLikelihood: 43] [worker #21] Bootstrap tree #534, logLikelihood: -2139.289958

[00:01:43] [worker #25] Bootstrap tree #538, logLikelihood: -2188.871820
[00:01:43] [worker #4] Bootstrap tree #517, logLikelihood: -2150.945297
[00:01:43] [worker #16] Bootstrap tree #529, logLikelihood: -2081.513554
[00:01:43] [worker #29] Bootstrap tree #542, logLikelihood: -2133.689833
[00:01:43] [worker #22] Bootstrap tree #535, logLikelihood: -2146.200751
[00:01:43] [worker #2] Bootstrap tree #515, logLikelihood: -2120.089013
[00:01:43] [worker #18] Bootstrap tree #531, logLikelihood: -2150.196442
[00:01:43] [worker #3] Bootstrap tree #516, logLikelihood: -2147.807990
[00:01:43] [worker #8] Bootstrap tree #521, logLikelihood: -2135.080762

[00:01:43] [worker #14] Bootstrap tree #527, logLikelihood: -2121.017110
[00:01:43] [worker #26] Bootstrap tree #539, logLikelihood: -2151.590633
[00:01:43] [worker #10] Bootstrap tree #523, logLikelihood: -2140.767988
[00:01:43] [worker #13] Bootstrap tree #526, logLikelihood: -2156.737279
[00:01:43] [worker #12] Bootstrap tree #525, logLikelihood: -2120.663552
[00:01:43] [worker #23] Bootstrap tree #536, logLikelihood: -2075.757742
[00:01:43] [worker #20] Bootstrap tree #533, logLikelihood: -2181.719943
[00:01:43] [worker #0] Bootstrap tree #513, logLikelihood: -2139.289958
[00:01:43] [worker #27] Bootstrap tree #540, logLikelihood: -2139.289968
[00:01:43] [worker #9] Bootstrap tree #554, logLikelihood: -2126.220719
[00:01:43] [worker #7] Bootstrap tree #520, logLikelihood: -2154.207903
[00:01:43] [worker #19] Bootstrap tree #532, logLikelihood: -2139.289958
[00:01:43] [worker #5] Bootstrap tree #550, logLikelihood: -2089.616985
[00:01:43] [worker #1] Bootstrap tree #546, logLikelihood: -2149.701699
[00:01:43] [worker #6] Bootstrap tree #551, logLikelihood: -2095.638123
[00:01:43] [worker #24] Bootstrap tree #569, logLikelihood: -2157.955504
[00:01:43] [worker #17] Bootstrap tree #562, logLikelihood: -2139.289967
[00:01:43] [worker #30] Bootstrap tree #575, logLikelihood: -2153.208347
[00:01:43] [worker #28] Bootstrap tree #573, logLikelihood: -2156.787934
[00:01:43] [worker #31] Bootstrap tree #576, logLikelihood: -2125.692290
[00:01:43] [worker #22] Bootstrap tree #567, logLikelihood: -2124.207064
[00:01:43] [worker #15] Bootstrap tree #560, logLikelihood: -2117.402679
[00:01:43] [worker #10] Bootstrap tree #555, logLikelihood: -2132.121012
[00:01:43] [worker #8] Bootstrap tree #553, logLikelihood: -2118.880390
[00:01:43] [worker #29] Bootstrap tree #574, logLikelihood: -2148.829946
[00:01:43] [worker #16] Bootstrap tree #561, logLikelihood: -2122.423666
[00:01:43] [worker #12] Bootstrap tree #557, logLikelihood: -2107.135290
[00:01:43] [worker #11] Bootstrap tree #556, logLikelihood: -2073.379444
[00:01:43] [worker #13] Bootstrap tree #558, logLikelihood: -2177.496043
[00:01:43] [worker #4] Bootstrap tree #549, logLikelihood: -2087.483896
[00:01:43] [worker #21] Bootstrap tree #566, logLikelihood: -2163.775937
[00:01:43] [worker #14] Bootstrap tree #559, logLikelihood: -2139.289959
[00:01:43] [worker #25] Bootstrap tree #570, logLikelihood: -2134.956728
[00:01:43] [worker #18] Bootstrap tree #563, logLikelihood: -2139.289959
[00:01:43] [worker #20] Bootstrap tree #565, logLikelihood: -2128.119512
[00:01:43] [worker #3] Bootstrap tree #548, logLikelihood: -2136.163420
[00:01:43] [worker #2] Bootstrap tree #547, logLikelihood: -2130.755395
[00:01:43] [worker #26] Bootstrap tree #571, logLikelihood: -2125.305354
[00:01:43] [worker #23] Bootstrap tree #568, logLikelihood: -2139.289958
[00:01:43] [worker #27] Bootstrap tree #572, logLikelihood: -2124.902204
[00:01:43] [worker #0] Bootstrap tree #545, logLikelihood: -2136.166768
[00:01:43] [worker #7] Bootstrap tree #552, logLikelihood: -2149.976795
[00:01:43] [worker #19] Bootstrap tree #564, logLikelihood: -2118.095590
[00:02:32] [worker #18] Bootstrap tree #595, logLikelihood: -2096.861005
[00:02:32] [worker #22] Bootstrap tree #599, logLikelihood: -2149.629416
[00:02:32] [worker #23] Bootstrap tree #600, logLikelihood: -2109.494237
[00:02:32] [worker #24] Bootstrap tree #601, logLikelihood: -2114.256810
[00:02:32] [worker #17] Bootstrap tree #594, logLikelihood: -2149.170510

[00:02:32] [worker #21] Bootstrap tree #598, logLikelihood: -2145.345651
[00:02:32] [worker #11] Bootstrap tree #588, logLikelihood: -2107.669394
[00:02:32] [worker #31] Bootstrap tree #608, logLikelihood: -2108.568951
[00:02:32] [worker #9] Bootstrap tree #586, logLikelihood: -2128.277143
[00:02:32] [worker #28] Bootstrap tree #605, logLikelihood: -2179.048389
[00:02:32] [worker #16] Bootstrap tree #593, logLikelihood: -2136.244899
[00:02:32] [worker #3] Bootstrap tree #580, logLikelihood: -2139.289957
-2125.916608
[00:02:32] [worker #2] Bootstrap tree #579, logLikelihood: -2111.341793
[00:02:32] [worker #14] Bootstrap tree #591, logLikelihood: -2135.939581
[00:02:32] [worker #25] Bootstrap tree #602, logLikelihood: -2139.289958
[00:02:32] [worker #20] Bootstrap tree #597, logLikelihood: -2139.289957
[00:02:32] [worker #30] Bootstrap tree #607, logLikelihood: -2142.426855
[00:02:32] [worker #8] Bootstrap tree #585, logLikelihood: -2112.669927
[00:02:32] [worker #4] Bootstrap tree #581, logLikelihood: -2123.638498
[00:02:32] [worker #27] Bootstrap tree #604, logLikelihood: -2138.500067
[00:02:32] [worker #7] Bootstrap tree #584, logLikelihood: -2183.399128
[00:02:32] [worker #1] Bootstrap tree #578, logLikelihood: -2119.506673
[00:02:32] [worker #26] Bootstrap tree #603, logLikelihood: -2126.572929
[00:02:32] [worker #10] Bootstrap tree #587, logLikelihood: -2118.126328
[00:02:32] [worker #15] Bootstrap tree #592, logLikelihood: -2070.831591
[00:02:32] [worker #29] Bootstrap tree #606, logLikelihood: -2139.289958
[00:02:32] [worker #13] Bootstrap tree #590, logLikelihood: -2104.819861
[00:02:32] [worker #6] Bootstrap tree #583, logLikelihood: -2139.289964
[00:02:32] [worker #19] Bootstrap tree #596, logLikelihood: -2097.231129
[00:02:32] [worker #0] Bootstrap tree #577, logLikelihood: -2125.611211
[00:02:32] [worker #12] Bootstrap tree #621, logLikelihood: -2119.229364
[00:02:32] [worker #22] Bootstrap tree #631, logLikelihood: -2145.636227
[00:02:32] [worker #18] Bootstrap tree #627, logLikelihood: -2116.817129
[00:02:32] [worker #28] Bootstrap tree #637, logLikelihood: -2116.634571
[00:02:32] [worker #3] Bootstrap tree #612, logLikelihood: -2139.289955
[00:02:32] [worker #31] Bootstrap tree #640, logLikelihood: -2118.192567
[00:02:32] [worker #16] Bootstrap tree #625, logLikelihood: -2141.377835
[00:02:32] [worker #5] Bootstrap tree #614, logLikelihood: -2124.742546
[00:02:32] [worker #24] Bootstrap tree #633, logLikelihood: -2163.327911
[00:02:32] [worker #27] Bootstrap tree #636, logLikelihood: -2100.368570
[00:02:32] [worker #2] Bootstrap tree #611, logLikelihood: -2145.086782
[00:02:32] [worker #20] Bootstrap tree #629, logLikelihood: -2138.800604
[00:02:32] [worker #25] Bootstrap tree #634, logLikelihood: -2139.810748
[00:02:32] [worker #21] Bootstrap tree #630, logLikelihood: -2132.068967
[00:02:32] [worker #11] Bootstrap tree #620, logLikelihood: -2122.856540
[00:02:32] [worker #23] Bootstrap tree #632, logLikelihood: -2132.068562
[00:02:32] [worker #7] Bootstrap tree #616, logLikelihood: -2147.664214
[00:02:32] [worker #14] Bootstrap tree #623, logLikelihood: -2128.420312
[00:02:32] [worker #4] Bootstrap tree #613, logLikelihood: -2148.055936
[00:02:32] [worker #8] Bootstrap tree #617, logLikelihood: -2159.898525
[00:02:32] [worker #30] Bootstrap tree #639, logLikelihood: -2165.201014
[00:02:32] [worker #15] Bootstrap tree #624, logLikelihood: -2147.546620
[00:02:32] [worker #17] Bootstrap tree #626, logLikelihood: -2126.893659
[00:02:32] [worker #10] Bootstrap tree #619, logLikelihood: -2128.221863
[00:02:32] [worker #6] Bootstrap tree #615, logLikelihood: -2139.289960
[00:02:32] [worker #9] Bootstrap tree #618, logLikelihood: -2146.632084
[00:02:32] [worker #13] Bootstrap tree #622, logLikelihood: -2092.458712
[00:02:32] [worker #19] Bootstrap tree #628, logLikelihood: -2171.002215
[00:02:32] [worker #29] Bootstrap tree #638, logLikelihood: -2171.576393
[00:02:32] [worker #26] Bootstrap tree #635, logLikelihood: -2121.231063
[00:02:32] [worker #1] Bootstrap tree #610, logLikelihood: -2139.289958
[00:02:32] [worker #0] Bootstrap tree #609, logLikelihood: -2137.174261
[00:03:14] [worker #16] Bootstrap tree #657, logLikelihood: -2113.123797
[00:03:14] [worker #19] Bootstrap tree #660, logLikelihood: -2090.488635
[00:03:14] [worker #5] Bootstrap tree #646, logLikelihood: -2133.138324
[00:03:14] [worker #22] Bootstrap tree #663, logLikelihood: -2095.337682
[00:03:14] [worker #7] Bootstrap tree #648, logLikelihood: -2105.153764
00:03:14] [worker #29] Bootstrap tree #670, logLikelihood: -2148.418744
[00:03:14] [worker #31] Bootstrap tree #672, logLikelihood: -2131.569229
[00:03:14] [worker #26] Bootstrap tree #667, logLikelihood: -2160.120480
[00:03:14] [worker #11] Bootstrap tree #652, logLikelihood: -2155.374208
[00:03:14] [worker #30] Bootstrap tree #671, logLikelihood: -2167.650913
[00:03:14] [worker #23] Bootstrap tree #664, logLikelihood: -2130.853651
[00:03:14] [worker #9] Bootstrap tree #650, logLikelihood: -2153.613835
[00:03:14] [worker #12] Bootstrap tree #653, logLikelihood: -2139.289967
[00:03:14] [worker #4] Bootstrap tree #645, logLikelihood: -2139.289968
[00:03:14] [worker #6] Bootstrap tree #647, logLikelihood: -2139.289979
[00:03:14] [worker #10] Bootstrap tree #651, logLikelihood: -2177.871744
[00:03:14] [worker #1] Bootstrap tree #642, logLikelihood: -2083.155073
[00:03:14] [worker #25] Bootstrap tree #666, logLikelihood: -2134.924905
[00:03:14] [worker #28] Bootstrap tree #669, logLikelihood: -2106.604344
[00:03:14] [worker #8] Bootstrap tree #649, logLikelihood: [00:03:14] -2158.774868[worker #2] Bootstrap tree #643, logLikelihood: 
[00:03:14] [worker #8] Bootstrap tree #649, logLikelihood: [00:03:14] -2158.774868[worker #2] Bootstrap tree #643, logLikelihood: 
[00:03:14] [worker #18] Bootstrap tree #659, logLikelihood: -2136.048408
-2133.860972
[00:03:14] [worker #8] Bootstrap tree #649, logLikelihood: [00:03:14] -2158.774868[worker #2] Bootstrap tree #643, logLikelihood: 
[00:03:14] [worker #18] Bootstrap tree #659, logLikelihood: -2136.048408
[00:03:14] [worker #17] Bootstrap tree #658, logLikelihood: -2116.883930
[00:03:14] [worker #15] Bootstrap tree #656, logLikelihood: -2117.358937
[00:03:14] [worker #0] Bootstrap tree #641, logLikelihood: -2139.415817
[00:03:14] [worker #27] Bootstrap tree #668, logLikelihood: -2110.544240
[00:03:14] [worker #20] Bootstrap tree #661, logLikelihood: -2125.269982
[00:03:14] [worker #14] Bootstrap tree #655, logLikelihood: -2139.513935
[00:03:14] [worker #13] Bootstrap tree #654, logLikelihood: -2122.056964
[00:03:14] [worker #3] Bootstrap tree #644, logLikelihood: -2155.427201
[00:03:14] [worker #21] Bootstrap tree #662, logLikelihood: -2117.535777
[00:03:14] [worker #24] Bootstrap tree #665, logLikelihood: -2087.958736
[00:03:14] [worker #16] Bootstrap tree #689, logLikelihood: -2143.850664
[00:03:14] [worker #22] Bootstrap tree #695, logLikelihood: -2099.533662
[00:03:14] [worker #19] Bootstrap tree #692, logLikelihood: -2139.289959
[00:03:14] [worker #17] Bootstrap tree #690, logLikelihood: -2108.370853
[00:03:14] [worker #26] Bootstrap tree #699, logLikelihood: -2168.983570
[00:03:14] [worker #29] Bootstrap tree #702, logLikelihood: -2113.947495
[00:03:14] [worker #23] Bootstrap tree #696, logLikelihood: -2099.742959
[00:03:14] [worker #30] Bootstrap tree #703, logLikelihood: -2131.801642
[00:03:14] [worker #4] Bootstrap tree #677, logLikelihood: -2134.424418
[00:03:15] [worker #31] Bootstrap tree #704, logLikelihood: -2159.879223
[00:03:15] [worker #1] Bootstrap tree #674, logLikelihood: -2137.482182
[00:03:15] [worker #28] Bootstrap tree #[, logLikelihood: 00:03:15] [worker #9] Bootstrap tree #682, logLikelihood: -2158.535040
[00:03:15] [worker #28] Bootstrap tree #[, logLikelihood: 00:03:15] [worker #9] Bootstrap tree #682, logLikelihood: -2158.535040
-2116.534836
[00:03:15] [worker #7] Bootstrap tree #680, logLikelihood: -2143.289077
[00:03:15] [worker #10] Bootstrap tree #683, logLikelihood: -2132.374689
[00:03:15] [worker #20] Bootstrap tree #693, logLikelihood: -2118.243785
[00:03:15] [worker #15] Bootstrap tree #688, logLikelihood: -2118.303362
[00:03:15] [worker #18] Bootstrap tree #691, logLikelihood: -2158.226048
[00:03:15] [worker #8] Bootstrap tree #681, logLikelihood: -2139.289965
[00:03:15] [worker #11] Bootstrap tree #684, logLikelihood: -2103.390758
[00:03:15] [worker #5] Bootstrap tree #678, logLikelihood: -2131.092198
[00:03:15] [worker #12] Bootstrap tree #685, logLikelihood: -2143.162251
[00:03:15] [worker #2] Bootstrap tree #675, logLikelihood: -2133.006987
[00:03:15] [worker #27] Bootstrap tree #700, logLikelihood: -2123.399033
[00:03:15] [worker #6] Bootstrap tree #679, logLikelihood: -2139.289958
[00:03:15] [worker #14] Bootstrap tree #687, logLikelihood: -2141.168518
[00:03:15] [worker #25] Bootstrap tree #698, logLikelihood: -2080.000072
[00:03:15] [worker #24] Bootstrap tree #697, logLikelihood: -2129.539997
[00:03:15] [worker #3] Bootstrap tree #676, logLikelihood: -2139.289965
[00:03:15] [worker #0] Bootstrap tree #673, logLikelihood: -2127.834478
[00:03:15] [worker #21] Bootstrap tree #694, logLikelihood: -2162.553727
[00:03:15] [worker #13] Bootstrap tree #686, logLikelihood: -2142.722733
[00:04:14] Bootstrapping converged after 704 replicates.

Optimized model parameters:

   Partition 0: noname
   Rate heterogeneity: GAMMA (4 cats, mean),  alpha: 99.846424 (ML),  weights&rates: (0.250000,0.875813) (0.250000,0.964710) (0.250000,1.029570) (0.250000,1.129908) 
   Base frequencies (ML): 0.417956 0.103791 0.131677 0.346576 
   Substitution rates (ML): 697.000072 0.001000 0.001000 0.001000 178.630325 1.000000 


Final LogLikelihood: -2139.254274

AIC score: 4410.508548 / AICc score: 4415.921032 / BIC score: 4769.480673
Free parameters (model + branch lengths): 66

WARNING: Best ML tree contains 25 near-zero branches!

Best ML tree with collapsed near-zero branches saved to: /mnt/lustre/RDS-live/downing/LSDV/GTPV_SPPV/results_SPPV/LSDV037.raxml.bestTreeCollapsed
Best ML tree saved to: /mnt/lustre/RDS-live/downing/LSDV/GTPV_SPPV/results_SPPV/LSDV037.raxml.bestTree
All ML trees saved to: /mnt/lustre/RDS-live/downing/LSDV/GTPV_SPPV/results_SPPV/LSDV037.raxml.mlTrees
Best ML tree with Felsenstein bootstrap (FBP) support values saved to: /mnt/lustre/RDS-live/downing/LSDV/GTPV_SPPV/results_SPPV/LSDV037.raxml.supportFBP
Best ML tree with Transfer bootstrap (TBE) support values saved to: /mnt/lustre/RDS-live/downing/LSDV/GTPV_SPPV/results_SPPV/LSDV037.raxml.supportTBE
Optimized model saved to: /mnt/lustre/RDS-live/downing/LSDV/GTPV_SPPV/results_SPPV/LSDV037.raxml.bestModel
Bootstrap trees saved to: /mnt/lustre/RDS-live/downing/LSDV/GTPV_SPPV/results_SPPV/LSDV037.raxml.bootstraps

Execution log saved to: /mnt/lustre/RDS-live/downing/LSDV/GTPV_SPPV/results_SPPV/LSDV037.raxml.log

Analysis started: 24-Nov-2025 16:17:07 / finished: 24-Nov-2025 16:21:22

Elapsed time: 254.804 seconds

