
RAxML-NG v. 1.2.2 released on 11.04.2024 by The Exelixis Lab.
Developed by: Alexey M. Kozlov and Alexandros Stamatakis.
Contributors: Diego Darriba, Tomas Flouri, Benoit Morel, Sarah Lutteropp, Ben Bettisworth, Julia Haag, Anastasis Togkousidis.
Latest version: https://github.com/amkozlov/raxml-ng
Questions/problems/suggestions? Please visit: https://groups.google.com/forum/#!forum/raxml

System: AMD EPYC 7543P 32-Core Processor, 32 cores, 995 GB RAM

RAxML-NG was called at 24-Nov-2025 18:55:01 as follows:

raxml-ng --all --msa region_LSDV130.aln --model GTR+G --prefix LSDV130 --seed 123 --bs-metric fbp,tbe --redo

Analysis options:
  run mode: ML tree search + bootstrapping (Felsenstein Bootstrap + Transfer Bootstrap)
  start tree(s): random (10) + parsimony (10)
  bootstrap replicates: parsimony (max: 1000) + bootstopping (autoMRE, cutoff: 0.030000)
  random seed: 123
  tip-inner: OFF
  pattern compression: ON
  per-rate scalers: OFF
  site repeats: ON
  logLH epsilon: general: 10.000000, brlen-triplet: 1000.000000
  fast spr radius: AUTO
  spr subtree cutoff: 1.000000
  fast CLV updates: ON
  branch lengths: proportional (ML estimate, algorithm: NR-FAST)
  SIMD kernels: AVX2
  parallelization: coarse-grained (auto), PTHREADS (auto)

WARNING: Running in REDO mode: existing checkpoints are ignored, and all result files will be overwritten!

[00:00:00] Reading alignment from file: region_LSDV130.aln
[00:00:00] Loaded alignment with 30 taxa and 497 sites

WARNING: Sequences PP886239.1 and PP886238.1 are exactly identical!
WARNING: Sequences PP886239.1 and PP886237.1 are exactly identical!
WARNING: Sequences PP886239.1 and PP886236.1 are exactly identical!
WARNING: Sequences OQ434239.1 and OQ434238.1 are exactly identical!
WARNING: Sequences OQ434239.1 and OQ434237.1 are exactly identical!
WARNING: Sequences OQ434239.1 and ON961657.1 are exactly identical!
WARNING: Sequences OQ434239.1 and ON961656.1 are exactly identical!
WARNING: Sequences OQ434239.1 and ON961655.1 are exactly identical!
WARNING: Sequences NC_004002.1 and MW167071.1 are exactly identical!
WARNING: Sequences NC_004002.1 and AY077832.1 are exactly identical!
WARNING: Sequences MW020571.1 and AY077834.1 are exactly identical!
WARNING: Duplicate sequences found: 11

NOTE: Reduced alignment (with duplicates and gap-only sites/taxa removed) 
NOTE: was saved to: /mnt/lustre/RDS-live/downing/LSDV/GTPV_SPPV/results_SPPV/LSDV130.raxml.reduced.phy

Alignment comprises 1 partitions and 37 patterns

Partition 0: noname
Model: GTR+FO+G4m
Alignment sites / patterns: 497 / 37
Gaps: 2.38 %
Invariant sites: 96.98 %


NOTE: Binary MSA file created: LSDV130.raxml.rba

Parallelization scheme autoconfig: 32 worker(s) x 1 thread(s)

[00:00:00] Generating 10 random starting tree(s) with 30 taxa
[00:00:00] Generating 10 parsimony starting tree(s) with 30 taxa
Parallel parsimony with 32 threads
Parallel reduction/worker buffer size: 1 KB  / 0 KB

[00:00:00] Data distribution: max. partitions/sites/weight per thread: 1 / 37 / 592
[00:00:00] Data distribution: max. searches per worker: 33

Starting ML tree search with 20 distinct starting trees

[00:00:00] [worker #18] ML tree search #19, logLikelihood: -720.467562
[00:00:00] [worker #14] ML tree search #15, logLikelihood: -720.467565
[00:00:00] [worker #12] ML tree search #13, logLikelihood: -720.467561
[00:00:00] [worker #17] ML tree search #18, logLikelihood: -720.467566
[00:00:00] [worker #15] ML tree search #16, logLikelihood: -720.467559
[00:00:00] [worker #19] ML tree search #20, logLikelihood: -720.467563
[00:00:00] [worker #11] ML tree search #12, logLikelihood: -720.467563
[00:00:00] [worker #7] ML tree search #8, logLikelihood: -720.467561
[00:00:00] [worker #10] ML tree search #11, logLikelihood: -720.467556
[00:00:00] [worker #3] ML tree search #4, logLikelihood: -720.467583
[00:00:00] [worker #13] ML tree search #14, logLikelihood: -720.467560
[00:00:00] [worker #8] ML tree search #9, logLikelihood: -720.467577
[00:00:00] [worker #16] ML tree search #17, logLikelihood: -720.467560
[00:00:00] [worker #2] ML tree search #3, logLikelihood: -720.467563
[00:00:00] [worker #9] ML tree search #10, logLikelihood: -720.467567
[00:00:00] [worker #0] ML tree search #1, logLikelihood: -720.467821
[00:00:00] [worker #6] ML tree search #7, logLikelihood: -720.467566
[00:00:00] [worker #1] ML tree search #2, logLikelihood: -720.467818
[00:00:00] [worker #5] ML tree search #6, logLikelihood: -720.467572
[00:00:00] [worker #4] ML tree search #5, logLikelihood: -720.467568

[00:00:00] ML tree search completed, best tree logLH: -720.467556

[00:00:00] Starting bootstrapping analysis with 1000 replicates.

[00:00:00] [worker #20] Bootstrap tree #21, logLikelihood: -724.897217
[00:00:00] [worker #9] Bootstrap tree #10, logLikelihood: -719.489239
[00:00:00] [worker #10] Bootstrap tree #11, logLikelihood: -693.251873
[00:00:00] [worker #2] Bootstrap tree #3, logLikelihood: -726.910489
[00:00:00] [worker #27] Bootstrap tree #28, logLikelihood: -696.017712
[00:00:00] [worker #16] Bootstrap tree #17, logLikelihood: -689.141494
[00:00:00] [worker #8] Bootstrap tree #9, logLikelihood: -690.028837
[00:00:00] [worker #7] Bootstrap tree #8, logLikelihood: -709.623354
[00:00:00] [worker #14] Bootstrap tree #15, logLikelihood: -681.423701
[00:00:01] [worker #25] Bootstrap tree #26, logLikelihood: -662.766394
[00:00:01] [worker #13] Bootstrap tree #14, logLikelihood: -737.865683
[00:00:01] [worker #11] Bootstrap tree #12, logLikelihood: -739.467491
[00:00:01] [worker #31] Bootstrap tree #32, logLikelihood: -729.108839
[00:00:01] [worker #22] Bootstrap tree #23, logLikelihood: -731.559808
[00:00:01] [worker #24] Bootstrap tree #25, logLikelihood: -752.286100
[00:00:01] [worker #29] Bootstrap tree #30, logLikelihood: -722.430686
[00:00:01] [worker #12] Bootstrap tree #13, logLikelihood: -709.201517
[00:00:01] [worker #26] Bootstrap tree #27, logLikelihood: -639.757948
[00:00:01] [worker #28] Bootstrap tree #29, logLikelihood: -712.906556
[00:00:01] [worker #18] Bootstrap tree #19, logLikelihood: -721.446181
[00:00:01] [worker #3] Bootstrap tree #4, logLikelihood: -722.569163
[00:00:01] [worker #0] Bootstrap tree #1, logLikelihood: -674.331766
[00:00:01] [worker #4] Bootstrap tree #5, logLikelihood: -703.726175
[00:00:01] [worker #1] Bootstrap tree #2, logLikelihood: -726.569022
[00:00:01] [worker #21] Bootstrap tree #22, logLikelihood: -678.753334
[00:00:01] [worker #30] Bootstrap tree #31, logLikelihood: -756.923884
[00:00:01] [worker #23] Bootstrap tree #24, logLikelihood: -732.894356
[00:00:01] [worker #6] Bootstrap tree #7, logLikelihood: -745.016395
[00:00:01] [worker #5] Bootstrap tree #6, logLikelihood: -733.777969
[00:00:01] [worker #17] Bootstrap tree #18, logLikelihood: -771.487602
[00:00:01] [worker #15] Bootstrap tree #16, logLikelihood: -705.962686
[00:00:01] [worker #2] Bootstrap tree #35, logLikelihood: -722.675004
[00:00:01] [worker #19] Bootstrap tree #20, logLikelihood: -696.967164
[00:00:01] [worker #9] Bootstrap tree #42, logLikelihood: -726.410096
[00:00:01] [worker #14] Bootstrap tree #47, logLikelihood: -728.153163
[00:00:01] [worker #20] Bootstrap tree #53, logLikelihood: -665.690897
[00:00:01] [worker #8] Bootstrap tree #41, logLikelihood: -749.225515
[00:00:01] [worker #7] Bootstrap tree #40, logLikelihood: -649.564385
[00:00:01] [worker #25] Bootstrap tree #58, logLikelihood: -737.375342
[00:00:01] [worker #16] Bootstrap tree #49, logLikelihood: -699.196042
[00:00:01] [worker #27] Bootstrap tree #60, logLikelihood: -736.041645
[00:00:01] [worker #10] Bootstrap tree #43, logLikelihood: -694.571050
[00:00:01] [worker #13] Bootstrap tree #46, logLikelihood: -739.171486
[00:00:01] [worker #24] Bootstrap tree #57, logLikelihood: -725.133678
[00:00:01] [worker #29] Bootstrap tree #62, logLikelihood: -716.799458
[00:00:01] [worker #26] Bootstrap tree #59, logLikelihood: -694.809070
[00:00:01] [worker #31] Bootstrap tree #64, logLikelihood: -718.195520
[00:00:01] [worker #5] Bootstrap tree #38, logLikelihood: -786.811535
[00:00:01] [worker #11] Bootstrap tree #44, logLikelihood: -636.910573
[00:00:01] [worker #1] Bootstrap tree #34, logLikelihood: -685.303054
[00:00:01] [worker #18] Bootstrap tree #51, logLikelihood: -686.659829
[00:00:01] [worker #3] Bootstrap tree #36, logLikelihood: -707.241951
[00:00:01] [worker #4] Bootstrap tree #37, logLikelihood: -731.602477
[00:00:01] [worker #22] Bootstrap tree #55, logLikelihood: -676.440468
[00:00:01] [worker #12] Bootstrap tree #45, logLikelihood: -706.252522
[00:00:01] [worker #0] Bootstrap tree #33, logLikelihood: -671.344367
[00:00:01] [worker #17] Bootstrap tree #50, logLikelihood: -677.057325
[00:00:01] [worker #21] Bootstrap tree #54, logLikelihood: -659.003645
[00:00:01] [worker #6] Bootstrap tree #39, logLikelihood: -671.577207
[00:00:01] [worker #15] Bootstrap tree #48, logLikelihood: -679.582601
[00:00:01] [worker #28] Bootstrap tree #61, logLikelihood: -709.003344
[00:00:01] [worker #23] Bootstrap tree #56, logLikelihood: -699.995276
[00:00:01] [worker #19] Bootstrap tree #52, logLikelihood: -691.415694
[00:00:01] [worker #30] Bootstrap tree #63, logLikelihood: -733.569804
[00:00:02] [worker #9] Bootstrap tree #74, logLikelihood: -762.187266
[00:00:02] [worker #25] Bootstrap tree #90, logLikelihood: -688.918316
[00:00:02] [worker #22] Bootstrap tree #87, logLikelihood: -659.055341
-757.017401
[00:00:02] [worker #29] Bootstrap tree #94, logLikelihood: -683.188192
[00:00:02] [worker #27] Bootstrap tree #92, logLikelihood: -701.204098
[00:00:02] [worker #31] Bootstrap tree #96, logLikelihood: -749.015354
[00:00:02] [worker #2] Bootstrap tree #67, logLikelihood: -661.238577
[00:00:02] [worker #24] Bootstrap tree #89, logLikelihood: -682.964768
[00:00:02] [worker #14] Bootstrap tree #79, logLikelihood: -699.233828
[00:00:02] [worker #8] Bootstrap tree #73, logLikelihood: -706.327810
[00:00:02] [worker #16] Bootstrap tree #81, logLikelihood: -743.694172
[00:00:02] [worker #20] Bootstrap tree #85, logLikelihood: -734.875020
[00:00:02] [worker #10] Bootstrap tree #75, logLikelihood: -714.111107
[00:00:02] [worker #5] Bootstrap tree #70, logLikelihood: -714.654875
[00:00:02] [worker #1] Bootstrap tree #66, logLikelihood: -695.976115
[00:00:02] [worker #3] Bootstrap tree #68, logLikelihood: -735.952332
[00:00:02] [worker #13] Bootstrap tree #78, logLikelihood: -703.119191
[00:00:02] [worker #26] Bootstrap tree #91, logLikelihood: -717.777599
[00:00:02] [worker #11] Bootstrap tree #76, logLikelihood: -654.803821
[00:00:02] [worker #23] Bootstrap tree #88, logLikelihood: -708.081889
[00:00:02] [worker #30] Bootstrap tree #95, logLikelihood: -675.550164
[00:00:02] [worker #4] Bootstrap tree #69, logLikelihood: -731.811954
[00:00:02] [worker #28] Bootstrap tree #93, logLikelihood: -743.118939
[00:00:02] [worker #19] Bootstrap tree #84, logLikelihood: -703.830313
[00:00:02] [worker #12] Bootstrap tree #77, logLikelihood: -669.470566
[00:00:02] [worker #18] Bootstrap tree #83, logLikelihood: -766.055815
[00:00:02] [worker #15] Bootstrap tree #80, logLikelihood: -736.128102
[00:00:02] [worker #21] Bootstrap tree #86, logLikelihood: -731.862826
[00:00:02] [worker #17] Bootstrap tree #82, logLikelihood: -732.884526
[00:00:02] [worker #0] Bootstrap tree #65, logLikelihood: -752.267508
[00:00:02] [worker #6] Bootstrap tree #71, logLikelihood: -734.449123
[00:00:02] [worker #9] Bootstrap tree #106, logLikelihood: -707.883947
[00:00:02] [worker #25] Bootstrap tree #122, logLikelihood: -703.307917
[00:00:02] [worker #31] Bootstrap tree #128, logLikelihood: -675.623490
[00:00:02] [worker #27] Bootstrap tree #124, logLikelihood: -681.997917
[00:00:02] [worker #24] Bootstrap tree #121, logLikelihood: -723.653920
[00:00:02] [worker #26] Bootstrap tree #123, logLikelihood: -660.132075
[00:00:02] [worker #29] Bootstrap tree #126, logLikelihood: -773.354397
[00:00:02] [worker #2] Bootstrap tree #99, logLikelihood: -771.071772
[00:00:02] [worker #8] Bootstrap tree #105, logLikelihood: -703.224459
[00:00:02] [worker #14] Bootstrap tree #111, logLikelihood: -716.195846
[00:00:02] [worker #5] Bootstrap tree #102, logLikelihood: -719.162859
[00:00:02] [worker #20] Bootstrap tree #117, logLikelihood: -733.156562
[00:00:02] [worker #13] Bootstrap tree #110, logLikelihood: -702.935943
[00:00:02] [worker #10] Bootstrap tree #107, logLikelihood: -698.190910
[00:00:02] [worker #22] Bootstrap tree #119, logLikelihood: -710.843439
[00:00:02] [worker #1] Bootstrap tree #98, logLikelihood: -751.462421
[00:00:02] [worker #7] Bootstrap tree #104, logLikelihood: -693.725558
[00:00:02] [worker #3] Bootstrap tree #100, logLikelihood: -740.115868
[00:00:02] [worker #16] Bootstrap tree #113, logLikelihood: -772.742953
[00:00:02] [worker #11] Bootstrap tree #108, logLikelihood: -705.380749
[00:00:02] [worker #4] Bootstrap tree #101, logLikelihood: -732.334846
[00:00:02] [worker #23] Bootstrap tree #120, logLikelihood: -711.373494
[00:00:02] [worker #18] Bootstrap tree #115, logLikelihood: -748.941837
[00:00:02] [worker #15] Bootstrap tree #112, logLikelihood: -749.613026
[00:00:02] [worker #28] Bootstrap tree #125, logLikelihood: -688.453147
[00:00:02] [worker #30] Bootstrap tree #127, logLikelihood: -712.036658
[00:00:02] [worker #17] Bootstrap tree #114, logLikelihood: -699.880518
[00:00:02] [worker #12] Bootstrap tree #109, logLikelihood: -688.109780
[00:00:02] [worker #6] Bootstrap tree #103, logLikelihood: -691.920976
[00:00:02] [worker #0] Bootstrap tree #97, logLikelihood: -632.682188
[00:00:02] [worker #19] Bootstrap tree #116, logLikelihood: -719.447330
[00:00:02] [worker #21] Bootstrap tree #118, logLikelihood: -684.191533
[00:00:03] [worker #26] Bootstrap tree #155, logLikelihood: -707.199073
[00:00:03] [worker #2] Bootstrap tree #131, logLikelihood: -655.076633
[00:00:03] [worker #14] Bootstrap tree #143, logLikelihood: -692.743173
[00:00:03] [worker #17] Bootstrap tree #146, logLikelihood: -743.616045
[00:00:03] [worker #30] Bootstrap tree #159, logLikelihood: -683.263266
[00:00:03] [worker #13] Bootstrap tree #142, logLikelihood: -707.563005
[00:00:03] [worker #6] Bootstrap tree #135, logLikelihood: -721.085703
[00:00:03] [worker #22] Bootstrap tree #151, logLikelihood: -664.900426
[00:00:03] [worker #10] Bootstrap tree #139, logLikelihood: -695.318996
[00:00:03] [worker #4] Bootstrap tree #133, logLikelihood: -745.761483
[00:00:03] [worker #1] Bootstrap tree #130, logLikelihood: -705.631407
[00:00:03] [worker #7] Bootstrap tree #136, logLikelihood: -694.864298
[00:00:03] [worker #5] Bootstrap tree #134, logLikelihood: -719.840688
[00:00:03] [worker #23] Bootstrap tree #152, logLikelihood: -751.366332
[00:00:03] [worker #24] Bootstrap tree #153, logLikelihood: -650.409060
[00:00:03] [worker #8] Bootstrap tree #137, logLikelihood: -739.991352
[00:00:03] [worker #20] Bootstrap tree #149, logLikelihood: -693.685340
[00:00:03] [worker #25] Bootstrap tree #154, logLikelihood: -724.077262
[00:00:03] [worker #29] Bootstrap tree #158, logLikelihood: -669.241200
[00:00:03] [worker #27] Bootstrap tree #156, logLikelihood: -675.637290
[00:00:03] [worker #9] Bootstrap tree #138, logLikelihood: -691.252543
[00:00:03] [worker #21] Bootstrap tree #150, logLikelihood: -660.289349
[00:00:03] [worker #15] Bootstrap tree #144, logLikelihood: -766.470154
[00:00:03] [worker #3] Bootstrap tree #132, logLikelihood: -681.341945
[00:00:03] [worker #0] Bootstrap tree #129, logLikelihood: -672.019309
[00:00:03] [worker #19] Bootstrap tree #148, logLikelihood: -674.845527
[00:00:03] [worker #11] Bootstrap tree #140, logLikelihood: -746.314384
[00:00:03] [worker #12] Bootstrap tree #141, logLikelihood: -667.091148
[00:00:03] [worker #16] Bootstrap tree #145, logLikelihood: -718.198727
[00:00:03] [worker #18] Bootstrap tree #147, logLikelihood: -732.262245
[00:00:03] [worker #28] Bootstrap tree #157, logLikelihood: -710.988058
[00:00:03] [worker #14] Bootstrap tree #175, logLikelihood: -713.029921
[00:00:04] [worker #31] Bootstrap tree #160, logLikelihood: -746.728957
[00:00:04] [worker #17] Bootstrap tree #178, logLikelihood: -670.307214
[00:00:04] [worker #10] Bootstrap tree #171, logLikelihood: -703.849162
[00:00:04] [worker #26] Bootstrap tree #187, logLikelihood: -711.494042
[00:00:04] [worker #22] Bootstrap tree #183, logLikelihood: -713.296816
[00:00:04] [worker #4] Bootstrap tree #165, logLikelihood: -717.719094
[00:00:04] [worker #13] Bootstrap tree #174, logLikelihood: -755.312026
[00:00:04] [worker #7] Bootstrap tree #168, logLikelihood: -745.371946
[00:00:04] [worker #30] Bootstrap tree #191, logLikelihood: -729.762908
[00:00:04] [worker #6] Bootstrap tree #167, logLikelihood: -709.451705
[00:00:04] [worker #9] Bootstrap tree #170, logLikelihood: -669.399050
[00:00:04] [worker #2] Bootstrap tree #163, logLikelihood: -708.347146
[00:00:04] [worker #20] Bootstrap tree #181, logLikelihood: -786.856824
[00:00:04] [worker #8] Bootstrap tree #169, logLikelihood: -675.152007
[00:00:04] [worker #5] Bootstrap tree #166, logLikelihood: -728.428354
[00:00:04] [worker #23] Bootstrap tree #184, logLikelihood: -734.064082
[00:00:04] [worker #25] Bootstrap tree #186, logLikelihood: -752.140383
[00:00:04] [worker #24] Bootstrap tree #185, logLikelihood: -685.981289
[00:00:04] [worker #27] Bootstrap tree #188, logLikelihood: -729.220324
[00:00:04] [worker #29] Bootstrap tree #190, logLikelihood: -689.584378
[00:00:04] [worker #1] Bootstrap tree #162, logLikelihood: -712.683689
[00:00:04] [worker #12] Bootstrap tree #173, logLikelihood: -666.183186
[00:00:04] [worker #21] Bootstrap tree #182, logLikelihood: -723.446599
[00:00:04] [worker #16] Bootstrap tree #177, logLikelihood: -716.267357
[00:00:04] [worker #15] Bootstrap tree #176, logLikelihood: -658.910408
[00:00:04] [worker #0] Bootstrap tree #161, logLikelihood: -726.480861
[00:00:04] [worker #18] Bootstrap tree #179, logLikelihood: -761.537369
[00:00:04] [worker #11] Bootstrap tree #172, logLikelihood: -690.588997
[00:00:04] [worker #28] Bootstrap tree #189, logLikelihood: -657.072129
[00:00:04] [worker #19] Bootstrap tree #180, logLikelihood: -737.117737
[00:00:04] [worker #3] Bootstrap tree #164, logLikelihood: -738.534140
[00:00:04] [worker #31] Bootstrap tree #192, logLikelihood: -746.763599
[00:00:06] [worker #13] Bootstrap tree #206, logLikelihood: -694.860548
[00:00:06] [worker #14] Bootstrap tree #207, logLikelihood: -708.125325
[00:00:06] [worker #10] Bootstrap tree #203, logLikelihood: -690.589233
[00:00:06] [worker #16] Bootstrap tree #209, logLikelihood: -726.547935
-696.691825
[00:00:06] [worker #1] Bootstrap tree #194, logLikelihood: -714.082919
[00:00:06] [worker #8] Bootstrap tree #201, logLikelihood: -744.945870
[00:00:06] [worker #26] Bootstrap tree #219, logLikelihood: -705.729611
[00:00:06] [worker #12] Bootstrap tree #205, logLikelihood: -751.23969400:00:
[00:00:06] [worker #12] Bootstrap tree #205, logLikelihood: -751.23969400:00:
06] [worker #9] Bootstrap tree #202, logLikelihood: -757.486686
[00:00:06] [worker #3] Bootstrap tree #196, logLikelihood: -699.766491
[00:00:06] [worker #17] Bootstrap tree #210, logLikelihood: -709.426295
[00:00:06] [worker #21] Bootstrap tree #214, logLikelihood: -701.545600
[00:00:06] [worker #4] Bootstrap tree #197, logLikelihood: -695.380912
[00:00:06] [worker #5] Bootstrap tree #198, logLikelihood: -672.016000
[00:00:06] [worker #6] Bootstrap tree #199, logLikelihood: -688.237312
[00:00:06] [worker #7] Bootstrap tree #200, logLikelihood: -785.822808
[00:00:06] [worker #2] Bootstrap tree #195, logLikelihood: -723.661820
[00:00:06] [worker #29] Bootstrap tree #222, logLikelihood: -733.699722
[00:00:06] [worker #30] Bootstrap tree #223, logLikelihood: -766.999697
[00:00:06] [worker #27] Bootstrap tree #220, logLikelihood: -729.057613
[00:00:06] [worker #22] Bootstrap tree #215, logLikelihood: -676.198405
[00:00:06] [worker #24] Bootstrap tree #217, logLikelihood: -706.613787
[00:00:06] [worker #31] Bootstrap tree #224, logLikelihood: -759.504671
[00:00:06] [worker #23] Bootstrap tree #216, logLikelihood: -668.466420
[00:00:06] [worker #0] Bootstrap tree #193, logLikelihood: -744.401591
[00:00:06] [worker #18] Bootstrap tree #211, logLikelihood: -730.151071
[00:00:06] [worker #19] Bootstrap tree #212, logLikelihood: -744.533958
[00:00:06] [worker #15] Bootstrap tree #208, logLikelihood: -661.457648
[00:00:06] [worker #28] Bootstrap tree #221, logLikelihood: -734.839330
[00:00:06] [worker #11] Bootstrap tree #204, logLikelihood: -657.642522
[00:00:06] [worker #11] Bootstrap tree #204, logLikelihood: -657.642522
[00:00:06] [worker #25] Bootstrap tree #218, logLikelihood: -675.113730
[00:00:06] [worker #13] Bootstrap tree #238, logLikelihood: -752.165178
[00:00:06] [worker #6] Bootstrap tree #231, logLikelihood: -651.830162
[00:00:06] [worker #14] Bootstrap tree #239, logLikelihood: -658.592367
[00:00:06] [worker #29] Bootstrap tree #254, logLikelihood: -689.716607
[00:00:06] [worker #1] Bootstrap tree #226, logLikelihood: -680.025458
[00:00:06] [worker #5] Bootstrap tree #230, logLikelihood: -733.614047
[00:00:06] [worker #12] Bootstrap tree #237, logLikelihood: -656.709444
[00:00:06] [worker #2] Bootstrap tree #227, logLikelihood: -712.466722
[00:00:06] [worker #8] Bootstrap tree #233, logLikelihood: -703.513404
[00:00:06] [worker #27] Bootstrap tree #252, logLikelihood: -758.317140
[00:00:06] [worker #9] Bootstrap tree #234, logLikelihood: -738.222949
[00:00:06] [worker #21] Bootstrap tree #246, logLikelihood: -729.528814
[00:00:06] [worker #30] Bootstrap tree #255, logLikelihood: -691.915532
[00:00:06] [worker #17] Bootstrap tree #242, logLikelihood: -752.707756
[00:00:06] [worker #3] Bootstrap tree #228, logLikelihood: -715.336569
[00:00:06] [worker #10] Bootstrap tree #235, logLikelihood: -673.060321
[00:00:06] [worker #7] Bootstrap tree #232, logLikelihood: -716.027524
[00:00:06] [worker #4] Bootstrap tree #229, logLikelihood: -750.072425
[00:00:06] [worker #4] Bootstrap tree #229, logLikelihood: -750.072425
[00:00:06] [worker #20] Bootstrap tree #245, logLikelihood: -692.926184
[00:00:06] [worker #16] Bootstrap tree #241, logLikelihood: -665.580450
[00:00:06] [worker #22] Bootstrap tree #247, logLikelihood: -774.217400
[00:00:06] [worker #26] Bootstrap tree #251, logLikelihood: -665.155360
[00:00:06] [worker #31] Bootstrap tree #256, logLikelihood: -774.547715
[00:00:06] [worker #23] Bootstrap tree #248, logLikelihood: -715.618004
[00:00:06] [worker #18] Bootstrap tree #243, logLikelihood: -717.957419
[00:00:06] [worker #24] Bootstrap tree #249, logLikelihood: -658.145010
[00:00:06] [worker #28] Bootstrap tree #253, logLikelihood: -678.776341
[00:00:06] [worker #15] Bootstrap tree #240, logLikelihood: -707.543544
[00:00:06] [worker #0] Bootstrap tree #225, logLikelihood: -721.130767
[00:00:06] [worker #19] Bootstrap tree #244, logLikelihood: -720.661237
[00:00:06] [worker #11] Bootstrap tree #236, logLikelihood: -741.924013
[00:00:06] [worker #25] Bootstrap tree #250, logLikelihood: -683.245849
[00:00:08] [worker #2] Bootstrap tree #259, logLikelihood: -701.028176
[00:00:08] [worker #6] Bootstrap tree #263, logLikelihood: -686.513031
[00:00:08] [worker #3] Bootstrap tree #260, logLikelihood: -680.618555
[00:00:08] [worker #30] Bootstrap tree #287, logLikelihood: -743.548432
[00:00:08] [worker #1] Bootstrap tree #258, logLikelihood: -691.786737
[00:00:08] [worker #29] Bootstrap tree #286, logLikelihood: -693.703216
[00:00:08] [worker #26] Bootstrap tree #283, logLikelihood: -738.532081
[00:00:08] [worker #9] Bootstrap tree #266, logLikelihood: -666.740411
[00:00:08] [worker #10] Bootstrap tree #267, logLikelihood: -705.908655
[00:00:08] [worker #12] Bootstrap tree #269, logLikelihood: -653.347559
[00:00:08] [worker #23] Bootstrap tree #280, logLikelihood: -675.048079
[00:00:08] [worker #21] Bootstrap tree #278, logLikelihood: -693.672087
[00:00:08] [worker #27] Bootstrap tree #284, logLikelihood: -733.878141
[00:00:08] [worker #5] Bootstrap tree #262, logLikelihood: -747.838638
[00:00:08] [worker #4] Bootstrap tree #261, logLikelihood: -734.125772
[00:00:08] [worker #7] Bootstrap tree #264, logLikelihood: -704.355005
[00:00:08] [worker #13] Bootstrap tree #270, logLikelihood: -729.487341
[00:00:08] [worker #22] Bootstrap tree #279, logLikelihood: -735.216524
[00:00:08] [worker #31] Bootstrap tree #288, logLikelihood: -709.481543
[00:00:08] [worker #18] Bootstrap tree #275, logLikelihood: -729.440950
[00:00:08] [worker #17] Bootstrap tree #274, logLikelihood: -704.484899
[00:00:08] [worker #14] Bootstrap tree #271, logLikelihood: -729.911587
[00:00:08] [worker #16] Bootstrap tree #273, logLikelihood: -688.527992
[00:00:08] [worker #28] Bootstrap tree #285, logLikelihood: -727.115965
[00:00:08] [worker #0] Bootstrap tree #257, logLikelihood: -684.849266
[00:00:08] [worker #25] Bootstrap tree #282, logLikelihood: -730.024107
[00:00:08] [worker #24] Bootstrap tree #281, logLikelihood: -658.126859
[00:00:08] [worker #8] Bootstrap tree #265, logLikelihood: -650.123193
[00:00:08] [worker #11] Bootstrap tree #268, logLikelihood: -664.204772
[00:00:08] [worker #20] Bootstrap tree #277, logLikelihood: -679.712033
[00:00:08] [worker #15] Bootstrap tree #272, logLikelihood: -740.719815
[00:00:08] [worker #19] Bootstrap tree #276, logLikelihood: -749.076044
[00:00:08] [worker #2] Bootstrap tree #291, logLikelihood: -731.495269
[00:00:08] [worker #29] Bootstrap tree #318, logLikelihood: -763.103075
[00:00:08] [worker #10] Bootstrap tree #299, logLikelihood: -748.723622
[00:00:08] [worker #4] Bootstrap tree #293, logLikelihood: -732.864566
[00:00:08] [worker #30] Bootstrap tree #319, logLikelihood: -713.250488
[00:00:08] [worker #1] Bootstrap tree #290, logLikelihood: -714.035752
[00:00:08] [worker #9] Bootstrap tree #298, logLikelihood: -674.694038
[00:00:08] [worker #26] Bootstrap tree #315, logLikelihood: -673.540354
[00:00:08] [worker #27] Bootstrap tree #316, logLikelihood: -755.441208
[00:00:08] [worker #12] Bootstrap tree #301, logLikelihood: -658.917499
[00:00:08] [worker #22] Bootstrap tree #311, logLikelihood: -692.658944
[00:00:08] [worker #3] Bootstrap tree #292, logLikelihood: -744.733719
[00:00:08] [worker #23] Bootstrap tree #312, logLikelihood: -694.297061
[00:00:08] [worker #31] Bootstrap tree #320, logLikelihood: -722.023107
[00:00:08] [worker #7] Bootstrap tree #296, logLikelihood: -692.826997
[00:00:08] [worker #21] Bootstrap tree #310, logLikelihood: -701.692573
[00:00:08] [worker #13] Bootstrap tree #302, logLikelihood: -740.626396
[00:00:08] [worker #6] Bootstrap tree #295, logLikelihood: -733.082976
[00:00:09] [worker #5] Bootstrap tree #294, logLikelihood: -747.087312
[00:00:09] [worker #18] Bootstrap tree #307, logLikelihood: -720.232002
[00:00:09] [worker #17] Bootstrap tree #306, logLikelihood: -697.404392
[00:00:09] [worker #8] Bootstrap tree #297, logLikelihood: -684.474922
[00:00:09] [worker #14] Bootstrap tree #303, logLikelihood: -691.049959
[00:00:09] [worker #15] Bootstrap tree #304, logLikelihood: -685.630324
[00:00:09] [worker #19] Bootstrap tree #308, logLikelihood: -704.803150
[00:00:09] [worker #24] Bootstrap tree #313, logLikelihood: -740.020080
[00:00:09] [worker #16] Bootstrap tree #305, logLikelihood: -718.827011
[00:00:09] [worker #20] Bootstrap tree #309, logLikelihood: -718.322297
[00:00:09] [worker #28] Bootstrap tree #317, logLikelihood: -754.372093
[00:00:09] [worker #0] Bootstrap tree #289, logLikelihood: -641.945456
[00:00:09] [worker #25] Bootstrap tree #314, logLikelihood: -712.310940
[00:00:09] [worker #11] Bootstrap tree #300, logLikelihood: -677.674197
[00:00:11] [worker #2] Bootstrap tree #323, logLikelihood: -710.553008
[00:00:11] [worker #22] Bootstrap tree #343, logLikelihood: -648.529767
[00:00:11] [worker #27] Bootstrap tree #348, logLikelihood: -648.443917
[00:00:11] [worker #16] Bootstrap tree #337, logLikelihood: -678.939869
[00:00:11] [worker #19] Bootstrap tree #340, logLikelihood: -703.706398
[00:00:11] [worker #21] Bootstrap tree #342, logLikelihood: -666.613613
[00:00:11] [worker #5] Bootstrap tree #326, logLikelihood: -642.203971
[00:00:11] [worker #23] Bootstrap tree #344, logLikelihood: -707.188744
[00:00:11] [worker #1] Bootstrap tree #322, logLikelihood: -641.164759
[00:00:11] [worker #15] Bootstrap tree #336, logLikelihood: -730.754414
[00:00:11] [worker #8] Bootstrap tree #329, logLikelihood: -734.616544
[00:00:11] [worker #30] Bootstrap tree #351, logLikelihood: -733.953352
00:11] [worker #20] Bootstrap tree #341, logLikelihood: -679.545614
[00:00:11] [worker #26] Bootstrap tree #347, logLikelihood: -709.889281
[00:00:11] [worker #18] Bootstrap tree #339, logLikelihood: -678.362421
[00:00:11] [worker #14] Bootstrap tree #335, logLikelihood: -696.919233
[00:00:11] [worker #31] Bootstrap tree #352, logLikelihood: -717.662861
[00:00:11] [worker #29] Bootstrap tree #350, logLikelihood: -696.260237
[00:00:11] [worker #10] Bootstrap tree #331, logLikelihood: -693.738251
[00:00:11] [worker #4] Bootstrap tree #325, logLikelihood: -691.502898
[00:00:11] [worker #7] Bootstrap tree #328, logLikelihood: -729.250538
[00:00:11] [worker #12] Bootstrap tree #333, logLikelihood: -707.845452
[00:00:11] [worker #3] Bootstrap tree #324, logLikelihood: -677.220451
[00:00:11] [worker #13] Bootstrap tree #334, logLikelihood: -710.239313
[00:00:11] [worker #17] Bootstrap tree #338, logLikelihood: -723.847196
[00:00:11] [worker #25] Bootstrap tree #346, logLikelihood: -687.912343
[00:00:11] [worker #6] Bootstrap tree #327, logLikelihood: -737.026009
[00:00:11] [worker #24] Bootstrap tree #345, logLikelihood: -704.862436
[00:00:11] [worker #9] Bootstrap tree #330, logLikelihood: -712.753159
[00:00:11] [worker #28] Bootstrap tree #349, logLikelihood: -710.514524
[00:00:11] [worker #2] Bootstrap tree #355, logLikelihood: -763.956605
[00:00:11] [worker #0] Bootstrap tree #321, logLikelihood: -707.679964
[00:00:11] [worker #11] Bootstrap tree #332, logLikelihood: -716.398090
[00:00:11] [worker #1] Bootstrap tree #354, logLikelihood: -708.586621
[00:00:11] [worker #27] Bootstrap tree #380, logLikelihood: -643.950105
[00:00:11] [worker #22] Bootstrap tree #375, logLikelihood: -712.309543
[00:00:11] [worker #19] Bootstrap tree #372, logLikelihood: -700.827576
[00:00:11] [worker #26] Bootstrap tree #379, logLikelihood: -666.558282
[00:00:11] [worker #10] Bootstrap tree #363, logLikelihood: -706.790219
[00:00:11] [worker #16] Bootstrap tree #369, logLikelihood: -699.578740
[00:00:11] [worker #21] Bootstrap tree #374, logLikelihood: -675.480202
[00:00:11] [worker #31] Bootstrap tree #384, logLikelihood: -741.716291
[00:00:11] [worker #5] Bootstrap tree #358, logLikelihood: -726.512992
[00:00:11] [worker #30] Bootstrap tree #383, logLikelihood: -734.478318
[00:00:11] [worker #8] Bootstrap tree #361, logLikelihood: -664.299022
[00:00:11] [worker #29] Bootstrap tree #382, logLikelihood: -701.771423
[00:00:11] [worker #14] Bootstrap tree #367, logLikelihood: -687.968466
[00:00:11] [worker #12] Bootstrap tree #365, logLikelihood: -702.622416
[00:00:11] [worker #13] Bootstrap tree #366, logLikelihood: -716.113189
[00:00:11] [worker #7] Bootstrap tree #360, logLikelihood: -698.238800
[00:00:11] [worker #20] Bootstrap tree #373, logLikelihood: -720.319165
[00:00:11] [worker #23] Bootstrap tree #376, logLikelihood: -713.101833
[00:00:11] [worker #18] Bootstrap tree #371, logLikelihood: -699.605354
[00:00:11] [worker #15] Bootstrap tree #368, logLikelihood: -707.647682
[00:00:11] [worker #4] Bootstrap tree #357, logLikelihood: -715.440332
[00:00:11] [worker #3] Bootstrap tree #356, logLikelihood: -694.515829
[00:00:11] [worker #17] Bootstrap tree #370, logLikelihood: -692.926371
[00:00:12] [worker #24] Bootstrap tree #377, logLikelihood: -703.464084
[00:00:12] [worker #9] Bootstrap tree #362, logLikelihood: -728.271419
[00:00:12] [worker #6] Bootstrap tree #359, logLikelihood: -680.836183
[00:00:12] [worker #11] Bootstrap tree #364, logLikelihood: -664.618181
[00:00:12] [worker #25] Bootstrap tree #378, logLikelihood: -706.676018
[00:00:12] [worker #28] Bootstrap tree #381, logLikelihood: -761.665919
[00:00:12] [worker #0] Bootstrap tree #353, logLikelihood: -759.643960
[00:00:15] [worker #13] Bootstrap tree #398, logLikelihood: -712.423799
[00:00:15] [worker #31] Bootstrap tree #416, logLikelihood: -680.738488
[00:00:15] [worker #18] Bootstrap tree #403, logLikelihood: -679.249188
[00:00:15] [worker #23] Bootstrap tree #408, logLikelihood: -709.431889
[00:00:15] [worker #20] Bootstrap tree #405, logLikelihood: -638.867578
[00:00:15] [worker #2] Bootstrap tree #387, logLikelihood: [00:00:15] [worker #7] Bootstrap tree #392, logLikelihood: -701.131801

[00:00:15] [worker #2] Bootstrap tree #387, logLikelihood: [00:00:15] [worker #7] Bootstrap tree #392, logLikelihood: -701.131801
[00:00:15] [worker #26] Bootstrap tree #411, logLikelihood: -720.438678
[00:00:15] [worker #12] Bootstrap tree #397, logLikelihood: -685.114741
[00:00:15] [worker #27] Bootstrap tree #412, logLikelihood: -673.725783
[00:00:15] [worker #8] Bootstrap tree #393, logLikelihood: -720.607844
[00:00:15] [worker #16] Bootstrap tree #401, logLikelihood: -743.370943
[00:00:15] [worker #17] Bootstrap tree #402, logLikelihood: -759.096498
[00:00:15] [worker #15] Bootstrap tree #400, logLikelihood: -711.089158
[00:00:15] [worker #30] Bootstrap tree #415, logLikelihood: -717.320361
[00:00:15] [worker #14] Bootstrap tree #399, logLikelihood: -751.516710
[00:00:15] [worker #3] Bootstrap tree #388, logLikelihood: -794.336401
[00:00:15] [worker #29] Bootstrap tree #414, logLikelihood: -715.904723
[00:00:15] [worker #21] Bootstrap tree #406, logLikelihood: -734.933467
[00:00:15] [worker #4] Bootstrap tree #389, logLikelihood: -757.958122
[00:00:15] [worker #19] Bootstrap tree #404, logLikelihood: -682.667788
-691.529851
[00:00:15] [worker #28] Bootstrap tree #413, logLikelihood: -707.803248
[00:00:15] [worker #24] Bootstrap tree #409, logLikelihood: -720.057280
[00:00:15] [worker #10] Bootstrap tree #395, logLikelihood: -739.808316
[00:00:15] [worker #1] Bootstrap tree #386, logLikelihood: -734.228636
[00:00:15] [worker #9] Bootstrap tree #394, logLikelihood: -687.099756
[00:00:15] [worker #11] Bootstrap tree #396, logLikelihood: -737.756291
[00:00:15] [worker #22] Bootstrap tree #407, logLikelihood: -752.439941
[00:00:15] [worker #6] Bootstrap tree #391, logLikelihood: -698.473949
[00:00:15] [worker #0] Bootstrap tree #385, logLikelihood: -731.582363
[00:00:15] [worker #13] Bootstrap tree #430, logLikelihood: -721.877278
[00:00:15] [worker #2] Bootstrap tree #419, logLikelihood: -744.913735
[00:00:15] [worker #26] Bootstrap tree #443, logLikelihood: -711.548981
[00:00:15] [worker #25] Bootstrap tree #410, logLikelihood: [-732.89667000
[00:00:15] [worker #20] Bootstrap tree #437, logLikelihood: -678.404586
[00:00:15] [worker #29] Bootstrap tree #446, logLikelihood: -710.319632
[00:00:15] [worker #14] Bootstrap tree #431, logLikelihood: -664.557986
[00:00:15] [worker #30] Bootstrap tree #447, logLikelihood: -745.240633
[00:00:15] [worker #18] Bootstrap tree #435, logLikelihood: -718.128330
[00:00:15] [worker #23] Bootstrap tree #440, logLikelihood: -738.521985
[00:00:15] [worker #31] Bootstrap tree #448, logLikelihood: -697.074984
[00:00:15] [worker #7] Bootstrap tree #424, logLikelihood: -710.487019
[00:00:15] [worker #8] Bootstrap tree #425, logLikelihood: -672.393175
[00:00:15] [worker #28] Bootstrap tree #445, logLikelihood: -682.872503
[00:00:15] [worker #27] Bootstrap tree #444, logLikelihood: -691.263596
[00:00:15] [worker #16] Bootstrap tree #433, logLikelihood: -685.914614
[00:00:15] [worker #3] Bootstrap tree #420, logLikelihood: -704.692411
[00:00:15] [worker #17] Bootstrap tree #434, logLikelihood: -753.588040
[00:00:15] [worker #4] Bootstrap tree #421, logLikelihood: -711.442645
[00:00:15] [worker #21] Bootstrap tree #438, logLikelihood: -709.642250
[00:00:15] [worker #15] Bootstrap tree #432, logLikelihood: -706.832480
[00:00:15] [worker #10] Bootstrap tree #427, logLikelihood: -687.725689
[00:00:15] [worker #5] Bootstrap tree #422, logLikelihood: -722.492568
[00:00:15] [worker #19] Bootstrap tree #436, logLikelihood: -786.380159
[00:00:15] [worker #1] Bootstrap tree #418, logLikelihood: -714.792572
[00:00:15] [worker #9] Bootstrap tree #426, logLikelihood: -658.902627
[00:00:15] [worker #11] Bootstrap tree #428, logLikelihood: -716.995817
[00:00:15] [worker #6] Bootstrap tree #423, logLikelihood: -673.046747
[00:00:15] [worker #22] Bootstrap tree #439, logLikelihood: -717.794127
[00:00:15] [worker #0] Bootstrap tree #417, logLikelihood: -786.121216
[00:00:15] [worker #24] Bootstrap tree #441, logLikelihood: -722.926497
[00:00:15] [worker #25] Bootstrap tree #442, logLikelihood: -710.053191
[00:00:18] [worker #5] Bootstrap tree #454, logLikelihood: -728.929065
[00:00:18] [worker #24] Bootstrap tree #473, logLikelihood: -686.673839
[00:00:18] [worker #21] Bootstrap tree #470, logLikelihood: -720.996178
[00:00:19] [worker #31] Bootstrap tree #480, logLikelihood: -765.302328
[00:00:19] [worker #30] Bootstrap tree #479, logLikelihood: -722.853327
[00:00:19] [worker #6] Bootstrap tree #455, logLikelihood: -715.659796
[00:00:19] [worker #28] Bootstrap tree #477, logLikelihood: -722.769485
[00:00:19] [worker #2] Bootstrap tree #451, logLikelihood: -757.629547
[00:00:19] [worker #16] Bootstrap tree #465, logLikelihood: -714.069226
[00:00:19] [worker #20] Bootstrap tree #469, logLikelihood: -709.653912
[00:00:19] [worker #11] Bootstrap tree #460, logLikelihood: -664.601901
[00:00:19] [worker #19] Bootstrap tree #468, logLikelihood: -715.809918
[00:00:19] [worker #8] Bootstrap tree #457, logLikelihood: -713.051647
[00:00:19] [worker #15] Bootstrap tree #464, logLikelihood: -708.882352
[00:00:19] [worker #18] Bootstrap tree #467, logLikelihood: -716.552310
[00:00:19] [worker #4] Bootstrap tree #453, logLikelihood: -749.673609
[00:00:19] [worker #14] Bootstrap tree #463, logLikelihood: -754.184364
[00:00:19] [worker #27] Bootstrap tree #476, logLikelihood: -640.103512
[00:00:19] [worker #29] Bootstrap tree #478, logLikelihood: -720.953088
[00:00:19] [worker #23] Bootstrap tree #472, logLikelihood: -670.384700
[00:00:19] [worker #1] Bootstrap tree #450, logLikelihood: -699.936334
[00:00:19] [worker #12] Bootstrap tree #461, logLikelihood: -732.634078
[00:00:19] [worker #13] Bootstrap tree #462, logLikelihood: -648.725250
[00:00:19] [worker #17] Bootstrap tree #466, logLikelihood: -687.739023
[00:00:19] [worker #26] Bootstrap tree #475, logLikelihood: -706.076577
[00:00:19] [worker #22] Bootstrap tree #471, logLikelihood: -711.732583
[00:00:19] [worker #7] Bootstrap tree #456, logLikelihood: -686.767308
[00:00:19] [worker #9] Bootstrap tree #458, logLikelihood: -758.582498
[00:00:19] [worker #3] Bootstrap tree #452, logLikelihood: -731.669236
[00:00:19] [worker #10] Bootstrap tree #459, logLikelihood: -690.982769
[00:00:19] [worker #24] Bootstrap tree #505, logLikelihood: -748.606643
[00:00:19] [worker #25] Bootstrap tree #474, logLikelihood: -748.614728
[00:00:19] [worker #16] Bootstrap tree #497, logLikelihood: -736.512185
[00:00:19] [worker #0] Bootstrap tree #449, logLikelihood: -710.928542
[00:00:19] [worker #2] Bootstrap tree #483, logLikelihood: -684.532082
[00:00:19] [worker #6] Bootstrap tree #487, logLikelihood: -719.260777
[00:00:19] [worker #20] Bootstrap tree #501, logLikelihood: -680.890007
[00:00:19] [worker #31] Bootstrap tree #512, logLikelihood: -664.481507
[00:00:19] [worker #28] Bootstrap tree #509, logLikelihood: -703.999532
[00:00:19] [worker #15] Bootstrap tree #496, logLikelihood: -733.442373
[00:00:19] [worker #21] Bootstrap tree #502, logLikelihood: -700.177996
[00:00:19] [worker #5] Bootstrap tree #486, logLikelihood: -708.317496
[00:00:19] [worker #30] Bootstrap tree #511, logLikelihood: -715.824585
[00:00:19] [worker #11] Bootstrap tree #492, logLikelihood: -650.916929
[00:00:19] [worker #18] Bootstrap tree #499, logLikelihood: -686.397983
[00:00:19] [worker #27] Bootstrap tree #508, logLikelihood: -722.367879
[00:00:19] [worker #23] Bootstrap tree #504, logLikelihood: -732.170837
[00:00:19] [worker #12] Bootstrap tree #493, logLikelihood: -681.303840
00:00:19] [worker #29] Bootstrap tree #510, logLikelihood: -731.560195
[00:00:19] [worker #13] Bootstrap tree #494, logLikelihood: -763.163615
[00:00:19] [worker #8] Bootstrap tree #489, logLikelihood: -726.488139
[00:00:19] [worker #14] Bootstrap tree #495, logLikelihood: -675.300278
[00:00:19] [worker #4] Bootstrap tree #485, logLikelihood: -730.278711
[00:00:19] [worker #1] Bootstrap tree #482, logLikelihood: -675.674091
[00:00:19] [worker #17] Bootstrap tree #498, logLikelihood: -740.483281
[00:00:19] [worker #19] Bootstrap tree #500, logLikelihood: -692.724061
[00:00:19] [worker #26] Bootstrap tree #507, logLikelihood: -737.233731
[00:00:19] [worker #7] Bootstrap tree #488, logLikelihood: -677.892212
[00:00:19] [worker #10] Bootstrap tree #491, logLikelihood: -766.628692
[00:00:19] [worker #3] Bootstrap tree #484, logLikelihood: -678.115772
[00:00:19] [worker #25] Bootstrap tree #506, logLikelihood: -675.337902
[00:00:19] [worker #22] Bootstrap tree #503, logLikelihood: -729.755595
[00:00:19] [worker #9] Bootstrap tree #490, logLikelihood: -664.341952
[00:00:19] [worker #0] Bootstrap tree #481, logLikelihood: -744.971194
[00:00:23] [worker #29] Bootstrap tree #542, logLikelihood: -679.475874
[00:00:23] [worker #18] Bootstrap tree #531, logLikelihood: -723.632829
[00:00:23] [worker #1] Bootstrap tree #514, logLikelihood: -668.690269
[00:00:23] [worker #15] Bootstrap tree #528, logLikelihood: -769.203007
[00:00:23] [worker #11] Bootstrap tree #524, logLikelihood: -715.405921
[00:00:23] [worker #24] Bootstrap tree #537, logLikelihood: -667.092748
[00:00:23] [worker #13] Bootstrap tree #526, logLikelihood: -703.990577
[00:00:23] [worker #17] Bootstrap tree #530, logLikelihood: -712.604723
[00:00:23] [worker #30] Bootstrap tree #543, logLikelihood: -607.049166
[00:00:23] [worker #20] Bootstrap tree #533, logLikelihood: -742.109848
[00:00:23] [worker #3] Bootstrap tree #516, logLikelihood: -742.558382
[00:00:23] [worker #9] Bootstrap tree #522, logLikelihood: -742.492345
[00:00:23] [worker #14] Bootstrap tree #527, logLikelihood: -630.531705
[00:00:23] [worker #7] Bootstrap tree #520, logLikelihood: -712.261546
[00:00:23] [worker #21] Bootstrap tree #534, logLikelihood: -746.907819
[00:00:23] [worker #27] Bootstrap tree #540, logLikelihood: -711.262169
[00:00:23] [worker #8] Bootstrap tree #521, logLikelihood: -707.501170
[00:00:23] [worker #10] Bootstrap tree #523, logLikelihood: -721.234010
[00:00:23] [worker #16] Bootstrap tree #529, logLikelihood: -708.812438
[00:00:23] [worker #12] Bootstrap tree #525, logLikelihood: -723.407305
[00:00:23] [worker #19] Bootstrap tree #532, logLikelihood: -671.349376
[00:00:23] [worker #2] Bootstrap tree #515, logLikelihood: -696.294465
[00:00:23] [worker #25] Bootstrap tree #538, logLikelihood: -713.588571
[00:00:23] [worker #4] Bootstrap tree #517, logLikelihood: -744.131221
[00:00:23] [worker #28] Bootstrap tree #541, logLikelihood: -694.943067
[00:00:23] [worker #26] Bootstrap tree #539, logLikelihood: -727.729596
[00:00:23] [worker #0] Bootstrap tree #513, logLikelihood: -696.356043
[00:00:23] [worker #5] Bootstrap tree #518, logLikelihood: -744.550779
[00:00:23] [worker #31] Bootstrap tree #544, logLikelihood: -652.173898
[00:00:23] [worker #23] Bootstrap tree #536, logLikelihood: -729.355020
[00:00:23] [worker #22] Bootstrap tree #535, logLikelihood: -758.600122
[00:00:23] [worker #6] Bootstrap tree #519, logLikelihood: -676.685103
[00:00:24] [worker #1] Bootstrap tree #546, logLikelihood: -648.860753
[00:00:24] [worker #18] Bootstrap tree #563, logLikelihood: -724.464602
[00:00:24] [worker #29] Bootstrap tree #574, logLikelihood: -750.022813
[00:00:24] [worker #15] Bootstrap tree #560, logLikelihood: -775.564878
[00:00:24] [worker #11] Bootstrap tree #556, logLikelihood: -694.914743
[00:00:24] [worker #30] Bootstrap tree #575, logLikelihood: -735.069267
[00:00:24] [worker #8] Bootstrap tree #553, logLikelihood: -668.856903
[00:00:24] [worker #13] Bootstrap tree #558, logLikelihood: -732.932992
[00:00:24] [worker #16] Bootstrap tree #561, logLikelihood: -694.178401
[00:00:24] [worker #14] Bootstrap tree #559, logLikelihood: -673.997704
[00:00:24] [worker #19] Bootstrap tree #564, logLikelihood: -657.103852
[00:00:24] [worker #20] Bootstrap tree #565, logLikelihood: -703.335003
[00:00:24] [worker #21] Bootstrap tree #566, logLikelihood: -706.783535
[00:00:24] [worker #24] Bootstrap tree #569, logLikelihood: -765.721396
[00:00:24] [worker #27] Bootstrap tree #572, logLikelihood: -689.304058
[00:00:24] [worker #7] Bootstrap tree #552, logLikelihood: -746.267085
[00:00:24] [worker #17] Bootstrap tree #562, logLikelihood: -727.998690
[00:00:24] [worker #10] Bootstrap tree #555, logLikelihood: -774.689404
[00:00:24] [worker #2] Bootstrap tree #547, logLikelihood: -661.946700
[00:00:24] [worker #4] Bootstrap tree #549, logLikelihood: -700.038565
[00:00:24] [worker #3] Bootstrap tree #548, logLikelihood: -701.064978
[00:00:24] [worker #12] Bootstrap tree #557, logLikelihood: -664.405586
[00:00:24] [worker #9] Bootstrap tree #554, logLikelihood: -721.912577
[00:00:24] [worker #25] Bootstrap tree #570, logLikelihood: -663.432428
[00:00:24] [worker #28] Bootstrap tree #573, logLikelihood: -695.206620
[00:00:24] [worker #23] Bootstrap tree #568, logLikelihood: -670.805399
[00:00:24] [worker #26] Bootstrap tree #571, logLikelihood: -753.467589
[00:00:24] [worker #0] Bootstrap tree #545, logLikelihood: -675.723660
[00:00:24] [worker #6] Bootstrap tree #551, logLikelihood: -750.961494
[00:00:24] [worker #22] Bootstrap tree #567, logLikelihood: -691.229705
[00:00:24] [worker #5] Bootstrap tree #550, logLikelihood: -721.923123
[00:00:24] [worker #31] Bootstrap tree #576, logLikelihood: -700.921117
[00:00:28] [worker #25] Bootstrap tree #602, logLikelihood: -697.388171
[00:00:28] [worker #16] Bootstrap tree #593, logLikelihood: -733.773021
[00:00:28] [worker #5] Bootstrap tree #582, logLikelihood: -676.360398
[00:00:28] [worker #19] Bootstrap tree #596, logLikelihood: -665.419396
[00:00:28] [worker #4] Bootstrap tree #581, logLikelihood: -750.402904
[00:00:28] [worker #1] Bootstrap tree #578, logLikelihood: -676.845719
[00:00:28] [worker #21] Bootstrap tree #598, logLikelihood: -732.415393
[00:00:28] [worker #7] Bootstrap tree #584, logLikelihood: -715.106268
[00:00:28] [worker #11] Bootstrap tree #588, logLikelihood: -711.147264
[00:00:28] [worker #30] Bootstrap tree #607, logLikelihood: -752.752333
[00:00:28] [worker #15] Bootstrap tree #592, logLikelihood: -626.193868
[00:00:28] [worker #27] Bootstrap tree #604, logLikelihood: -694.736400
[00:00:28] [worker #12] Bootstrap tree #589, logLikelihood: -664.339292
[00:00:28] [worker #14] Bootstrap tree #591, logLikelihood: -700.649227
[00:00:28] [worker #3] Bootstrap tree #580, logLikelihood: -723.704123
[00:00:28] [worker #2] Bootstrap tree #579, logLikelihood: -724.734639
[00:00:28] [worker #20] Bootstrap tree #597, logLikelihood: -720.476292
[00:00:28] [worker #10] Bootstrap tree #587, logLikelihood: -737.053278
[00:00:28] [worker #8] Bootstrap tree #585, logLikelihood: -691.492048
[00:00:28] [worker #29] Bootstrap tree #606, logLikelihood: -720.499354
[00:00:28] [worker #6] Bootstrap tree #583, logLikelihood: -698.142139
[00:00:29] [worker #17] Bootstrap tree #594, logLikelihood: -700.807140
[00:00:29] [worker #13] Bootstrap tree #590, logLikelihood: -687.913663
[00:00:29] [worker #24] Bootstrap tree #601, logLikelihood: -744.382333
[00:00:29] [worker #22] Bootstrap tree #599, logLikelihood: -693.960662
[00:00:29] [worker #26] Bootstrap tree #603, logLikelihood: -699.260303
[00:00:29] [worker #9] Bootstrap tree #586, logLikelihood: -702.841391
[00:00:29] [worker #18] Bootstrap tree #595, logLikelihood: -731.448576
[00:00:29] [worker #23] Bootstrap tree #600, logLikelihood: -691.356669
[00:00:29] [worker #28] Bootstrap tree #605, logLikelihood: -772.441912
[00:00:29] [worker #31] Bootstrap tree #608, logLikelihood: -624.062776
[00:00:29] [worker #0] Bootstrap tree #577, logLikelihood: -670.931062
[00:00:29] [worker #5] Bootstrap tree #614, logLikelihood: -652.368975
[00:00:29] [worker #25] Bootstrap tree #634, logLikelihood: -754.741260
[00:00:29] [worker #16] Bootstrap tree #625, logLikelihood: -721.645992
[00:00:29] [worker #4] Bootstrap tree #613, logLikelihood: -712.186424
[00:00:29] [worker #1] Bootstrap tree #610, logLikelihood: -705.651689
[00:00:29] [worker #11] Bootstrap tree #620, logLikelihood: -686.173299
[00:00:29] [worker #21] Bootstrap tree #630, logLikelihood: -634.162998
[00:00:29] [worker #14] Bootstrap tree #623, logLikelihood: -670.257393
-662.285680
[00:00:29] [worker #15] Bootstrap tree #624, logLikelihood: -672.273019
00:00:29] [worker #27] Bootstrap tree #636, logLikelihood: -707.224927
[00:00:29] [worker #3] Bootstrap tree #612, logLikelihood: -729.440287
[00:00:29] [worker #19] Bootstrap tree #628, logLikelihood: -734.522373
[00:00:29] [worker #8] Bootstrap tree #617, logLikelihood: -691.527042
[00:00:29] [worker #7] Bootstrap tree #616, logLikelihood: -708.206451
[00:00:29] [worker #30] Bootstrap tree #639, logLikelihood: -668.042317
[00:00:29] [worker #2] Bootstrap tree #611, logLikelihood: :00:29] [worker #12] Bootstrap tree #621, logLikelihood: -720.853787-736.460379
[00:00:29] [worker #2] Bootstrap tree #611, logLikelihood: :00:29] [worker #12] Bootstrap tree #621, logLikelihood: -720.853787-736.460379

[00:00:29] [worker #29] Bootstrap tree #638, logLikelihood: -690.145978
[00:00:29] [worker #10] Bootstrap tree #619, logLikelihood: -701.527895
[00:00:29] [worker #6] Bootstrap tree #615, logLikelihood: -727.983193
[00:00:29] [worker #13] Bootstrap tree #622, logLikelihood: -717.017540
[00:00:29] [worker #26] Bootstrap tree #635, logLikelihood: -666.065079
[00:00:29] [worker #9] Bootstrap tree #618, logLikelihood: -700.028115
[00:00:29] [worker #24] Bootstrap tree #633, logLikelihood: -703.117597
[00:00:29] [worker #23] Bootstrap tree #632, logLikelihood: -666.983293
[00:00:29] [worker #31] Bootstrap tree #640, logLikelihood: -745.414483
[00:00:29] [worker #22] Bootstrap tree #631, logLikelihood: -728.216748
[00:00:29] [worker #17] Bootstrap tree #626, logLikelihood: -697.745905
[00:00:29] [worker #28] Bootstrap tree #637, logLikelihood: -727.768085
[00:00:29] [worker #18] Bootstrap tree #627, logLikelihood: -702.527367
[00:00:29] [worker #0] Bootstrap tree #609, logLikelihood: -644.868332
[00:00:34] [worker #27] Bootstrap tree #668, logLikelihood: -756.310001
[00:00:34] [worker #25] Bootstrap tree #666, logLikelihood: -651.994369
[00:00:34] [worker #14] Bootstrap tree #655, logLikelihood: -723.151032
[00:00:34] [worker #12] Bootstrap tree #653, logLikelihood: -680.687971
[00:00:34] [worker #9] Bootstrap tree #650, logLikelihood: -729.686541
[00:00:34] [worker #29] Bootstrap tree #670, logLikelihood: -688.569263
[00:00:34] [worker #8] Bootstrap tree #649, logLikelihood: -767.431177
[00:00:34] [worker #7] Bootstrap tree #648, logLikelihood: -690.766837
[00:00:34] [worker #11] Bootstrap tree #652, logLikelihood: -695.162087
[00:00:34] [worker #5] Bootstrap tree #646, logLikelihood: -700.726861
[00:00:34] [worker #16] Bootstrap tree #657, logLikelihood: -731.763550
[00:00:34] [worker #3] Bootstrap tree #644, logLikelihood: -758.683925
[00:00:34] [worker #1] Bootstrap tree #642, logLikelihood: -702.748280
[00:00:34] [worker #20] Bootstrap tree #661, logLikelihood: -714.775945
[00:00:34] [worker #26] Bootstrap tree #667, logLikelihood: -743.061978
[00:00:34] [worker #10] Bootstrap tree #651, logLikelihood: -708.249055
[00:00:34] [worker #15] Bootstrap tree #656, logLikelihood: -754.329027
[00:00:34] [worker #30] Bootstrap tree #671, logLikelihood: -676.659385
[00:00:34] [worker #4] Bootstrap tree #645, logLikelihood: -702.750594
[00:00:34] [worker #13] Bootstrap tree #654, logLikelihood: -734.342121
[00:00:34] [worker #23] Bootstrap tree #664, logLikelihood: -723.594789
[00:00:34] [worker #6] Bootstrap tree #647, logLikelihood: -682.067288
[00:00:34] [worker #2] Bootstrap tree #643, logLikelihood: -736.854452
[00:00:34] [worker #19] Bootstrap tree #660, logLikelihood: -738.674224
[00:00:34] [worker #31] Bootstrap tree #672, logLikelihood: -717.302152
[00:00:34] [worker #18] Bootstrap tree #659, logLikelihood: -712.136176
[00:00:34] [worker #22] Bootstrap tree #663, logLikelihood: -701.930050
[00:00:34] [worker #21] Bootstrap tree #662, logLikelihood: -678.127670
[00:00:34] [worker #0] Bootstrap tree #641, logLikelihood: -743.849060
[00:00:34] [worker #28] Bootstrap tree #669, logLikelihood: -688.092054
[00:00:34] [worker #17] Bootstrap tree #658, logLikelihood: -654.016283
[00:00:34] [worker #29] Bootstrap tree #702, logLikelihood: -681.548733
[00:00:34] [worker #24] Bootstrap tree #665, logLikelihood: -693.303051
[00:00:34] [worker #14] Bootstrap tree #687, logLikelihood: -699.463972
[00:00:34] [worker #27] Bootstrap tree #700, logLikelihood: -719.295125
[00:00:34] [worker #25] Bootstrap tree #698, logLikelihood: -673.664928
[00:00:34] [worker #9] Bootstrap tree #682, logLikelihood: -716.439347
[00:00:34] [worker #8] Bootstrap tree #681, logLikelihood: -744.166730
[00:00:34] [worker #11] Bootstrap tree #684, logLikelihood: -655.723679
[00:00:35] [worker #7] Bootstrap tree #680, logLikelihood: -745.605614
[00:00:35] [worker #12] Bootstrap tree #685, logLikelihood: -721.037171
[00:00:35] [worker #20] Bootstrap tree #693, logLikelihood: -722.873871
[00:00:35] [worker #16] Bootstrap tree #689, logLikelihood: -688.990419
[00:00:35] [worker #10] Bootstrap tree #683, logLikelihood: -731.666494
[00:00:35] [worker #1] Bootstrap tree #674, logLikelihood: -684.901516
[00:00:35] [worker #30] Bootstrap tree #703, logLikelihood: -658.751410
[00:00:35] [worker #5] Bootstrap tree #678, logLikelihood: -705.213303
[00:00:35] [worker #23] Bootstrap tree #696, logLikelihood: -734.971017
[00:00:35] [worker #13] Bootstrap tree #686, logLikelihood: -698.555776
[00:00:35] [worker #2] Bootstrap tree #675, logLikelihood: -770.848686
[00:00:35] [worker #4] Bootstrap tree #677, logLikelihood: -750.348981
[00:00:35] [worker #15] Bootstrap tree #688, logLikelihood: -700.998637
[00:00:35] [worker #19] Bootstrap tree #692, logLikelihood: -709.678783
[00:00:35] [worker #3] Bootstrap tree #676, logLikelihood: -706.894365
[00:00:35] [worker #26] Bootstrap tree #699, logLikelihood: -742.251729
[00:00:35] [worker #6] Bootstrap tree #679, logLikelihood: -709.171953
[00:00:35] [worker #21] Bootstrap tree #694, logLikelihood: -679.051033
[00:00:35] [worker #22] Bootstrap tree #695, logLikelihood: -684.065455
[00:00:35] [worker #0] Bootstrap tree #673, logLikelihood: -723.476438
[00:00:35] [worker #18] Bootstrap tree #691, logLikelihood: -731.843119
[00:00:35] [worker #31] Bootstrap tree #704, logLikelihood: -684.190983
[00:00:35] [worker #17] Bootstrap tree #690, logLikelihood: -678.303212
[00:00:35] [worker #24] Bootstrap tree #697, logLikelihood: -689.204931
[00:00:35] [worker #28] Bootstrap tree #701, logLikelihood: -717.220525
[00:00:41] [worker #3] Bootstrap tree #708, logLikelihood: -713.553647
[00:00:42] [worker #19] Bootstrap tree #724, logLikelihood: -662.016292
[00:00:42] [worker #29] Bootstrap tree #734, logLikelihood: -687.426845
[00:00:42] [worker #4] Bootstrap tree #709, logLikelihood: -664.413696
[00:00:42] [worker #15] Bootstrap tree #720, logLikelihood: -696.662169
[00:00:42] [worker #14] Bootstrap tree #719, logLikelihood: -705.625603
[00:00:42] [worker #13] Bootstrap tree #718, logLikelihood: -726.606237
[00:00:42] [worker #20] Bootstrap tree #725, logLikelihood: -709.324264
[00:00:42] [worker #7] Bootstrap tree #712, logLikelihood: -633.115218
[00:00:42] [worker #6] Bootstrap tree #711, logLikelihood: -771.634698
[00:00:42] [worker #25] Bootstrap tree #730, logLikelihood: -768.667988
[00:00:42] [worker #26] Bootstrap tree #731, logLikelihood: -754.302610
[00:00:42] [worker #10] Bootstrap tree #715, logLikelihood: -698.078799
[00:00:42] [worker #16] Bootstrap tree #721, logLikelihood: -719.534949
[00:00:42] [worker #1] Bootstrap tree #706, logLikelihood: -747.473307
[00:00:42] [worker #12] Bootstrap tree #717, logLikelihood: -704.985056
[00:00:42] [worker #9] Bootstrap tree #714, logLikelihood: -664.404204
[00:00:42] [worker #27] Bootstrap tree #732, logLikelihood: -629.418640
[00:00:42] [worker #24] Bootstrap tree #729, logLikelihood: -668.945431
[00:00:42] [worker #31] Bootstrap tree #736, logLikelihood: -751.289539
[00:00:42] [worker #22] Bootstrap tree #727, logLikelihood: -679.688270
[00:00:42] [worker #30] Bootstrap tree #735, logLikelihood: -742.656490
[00:00:42] [worker #5] Bootstrap tree #710, logLikelihood: -689.589202
[00:00:42] [worker #8] Bootstrap tree #713, logLikelihood: -673.999439
[00:00:42] [worker #2] Bootstrap tree #707, logLikelihood: -678.803818
[00:00:42] [worker #23] Bootstrap tree #728, logLikelihood: -671.841586
[00:00:42] [worker #17] Bootstrap tree #722, logLikelihood: -726.865066
[00:00:42] [worker #21] Bootstrap tree #726, logLikelihood: -707.080855
[00:00:42] [worker #18] Bootstrap tree #723, logLikelihood: -675.350200
[00:00:42] [worker #11] Bootstrap tree #716, logLikelihood: -737.339161
[00:00:42] [worker #28] Bootstrap tree #733, logLikelihood: -744.494632
[00:00:42] [worker #3] Bootstrap tree #740, logLikelihood: -656.019758
[00:00:42] [worker #15] Bootstrap tree #752, logLikelihood: -669.386259
[00:00:42] [worker #4] Bootstrap tree #741, logLikelihood: -661.333534
[00:00:42] [worker #19] Bootstrap tree #756, logLikelihood: -693.161187
[00:00:42] [worker #0] Bootstrap tree #705, logLikelihood: -750.860692
[00:00:42] [worker #7] Bootstrap tree #744, logLikelihood: -720.171377
[00:00:42] [worker #6] Bootstrap tree #743, logLikelihood: -717.225354
[00:00:42] [worker #13] Bootstrap tree #750, logLikelihood: -725.234906
[00:00:42] [worker #24] Bootstrap tree #761, logLikelihood: -700.961188
[00:00:42] [worker #25] Bootstrap tree #762, logLikelihood: -734.721759
[00:00:42] [worker #27] Bootstrap tree #764, logLikelihood: -689.845413
[00:00:42] [worker #26] Bootstrap tree #763, logLikelihood: -662.650142
[00:00:42] [worker #5] Bootstrap tree #742, logLikelihood: -729.849887
[00:00:42] [worker #14] Bootstrap tree #751, logLikelihood: -680.453305
[00:00:42] [worker #12] Bootstrap tree #749, logLikelihood: -678.102173
[00:00:42] [worker #10] Bootstrap tree #747, logLikelihood: -691.577135
[00:00:42] [worker #30] Bootstrap tree #767, logLikelihood: -720.330275
[00:00:42] [worker #20] Bootstrap tree #757, logLikelihood: -698.468613
[00:00:42] [worker #29] Bootstrap tree #766, logLikelihood: -696.272690
[00:00:42] [worker #9] Bootstrap tree #746, logLikelihood: -678.120962
[00:00:42] [worker #31] Bootstrap tree #768, logLikelihood: -694.490042
[00:00:42] [worker #1] Bootstrap tree #738, logLikelihood: -723.852790
[00:00:42] [worker #2] Bootstrap tree #739, logLikelihood: -723.412714
[00:00:42] [worker #22] Bootstrap tree #759, logLikelihood: -718.604405
[00:00:42] [worker #8] Bootstrap tree #745, logLikelihood: -695.816120
[00:00:42] [worker #16] Bootstrap tree #753, logLikelihood: -696.626724
[00:00:42] [worker #23] Bootstrap tree #760, logLikelihood: -703.883523
[00:00:42] [worker #18] Bootstrap tree #755, logLikelihood: -694.327428
[00:00:42] [worker #17] Bootstrap tree #754, logLikelihood: -754.666446
[00:00:42] [worker #11] Bootstrap tree #748, logLikelihood: -723.648783
[00:00:42] [worker #21] Bootstrap tree #758, logLikelihood: -721.874345
[00:00:42] [worker #28] Bootstrap tree #765, logLikelihood: -730.323673
[00:00:42] [worker #0] Bootstrap tree #737, logLikelihood: -736.914635
[00:00:51] [worker #29] Bootstrap tree #798, logLikelihood: -726.232923
[00:00:51] [worker #16] Bootstrap tree #785, logLikelihood: -693.013278
[00:00:51] [worker #14] Bootstrap tree #783, logLikelihood: -713.531360
[00:00:51] [worker #26] Bootstrap tree #795, logLikelihood: -636.528068
[00:00:51] [worker #23] Bootstrap tree #792, logLikelihood: -698.786033
[00:00:51] [worker #27] Bootstrap tree #796, logLikelihood: -668.963937
[00:00:51] [worker #20] Bootstrap tree #789, logLikelihood: -668.196571
[00:00:51] [worker #9] Bootstrap tree #778, logLikelihood: -734.067512
[00:00:51] [worker #19] Bootstrap tree #788, logLikelihood: -681.607275
[00:00:51] [worker #2] Bootstrap tree #771, logLikelihood: -713.939113
[00:00:51] [worker #1] Bootstrap tree #770, logLikelihood: -707.461115
00:00:51] [worker #8] Bootstrap tree #777, logLikelihood: -756.838659
[00:00:51] [worker #10] Bootstrap tree #779, logLikelihood: -732.313079
[00:00:51] [worker #31] Bootstrap tree #800, logLikelihood: -695.398275
[00:00:51] [worker #25] Bootstrap tree #794, logLikelihood: -753.377274
[00:00:51] [worker #5] Bootstrap tree #774, logLikelihood: -639.827766
[00:00:51] [worker #21] Bootstrap tree #790, logLikelihood: -716.014657
[00:00:51] [worker #4] Bootstrap tree #773, logLikelihood: -645.685614
[00:00:51] [worker #22] Bootstrap tree #791, logLikelihood: -732.322421
[00:00:51] [worker #30] Bootstrap tree #799, logLikelihood: -717.055611
[00:00:51] [worker #6] Bootstrap tree #775, logLikelihood: -712.286216
[00:00:51] [worker #12] Bootstrap tree #781, logLikelihood: -739.379025
[00:00:51] [worker #18] Bootstrap tree #787, logLikelihood: -715.417911
[00:00:51] [worker #3] Bootstrap tree #772, logLikelihood: -722.046678
[00:00:51] [worker #28] Bootstrap tree #797, logLikelihood: -724.514657
[00:00:51] [worker #0] Bootstrap tree #769, logLikelihood: -743.424723
[00:00:51] [worker #17] Bootstrap tree #786, logLikelihood: -717.258989
[00:00:51] [worker #24] Bootstrap tree #793, logLikelihood: -736.537595
[00:00:51] [worker #11] Bootstrap tree #780, logLikelihood: -708.901097
[00:00:51] [worker #7] Bootstrap tree #776, logLikelihood: -681.333835
[00:00:51] [worker #15] Bootstrap tree #784, logLikelihood: -628.742003
[00:00:51] [worker #13] Bootstrap tree #782, logLikelihood: -711.759871
[00:00:51] [worker #14] Bootstrap tree #815, logLikelihood: -749.598266
[00:00:51] [worker #9] Bootstrap tree #810, logLikelihood: -711.200070
[00:00:51] [worker #23] Bootstrap tree #824, logLikelihood: -710.144047
[00:00:51] [worker #8] Bootstrap tree #809, logLikelihood: -663.546085
[00:00:51] [worker #29] Bootstrap tree #830, logLikelihood: -700.702537
[00:00:51] [worker #25] Bootstrap tree #826, logLikelihood: -715.754378
[00:00[:00:00:51] [worker #20] Bootstrap tree #821, logLikelihood: -745.052543] [worker #19] 
[00:00[:00:00:51] [worker #20] Bootstrap tree #821, logLikelihood: -745.052543] [worker #19] 
Bootstrap tree #820, logLikelihood: -653.331205
[00:00:51] [worker #10] Bootstrap tree #811, logLikelihood: -737.182804
[00:00:52] [worker #16] Bootstrap tree #817, logLikelihood: -758.484536
[00:00:52] [worker #31] Bootstrap tree #832, logLikelihood: -747.847863
[00:00:52] [worker #21] Bootstrap tree #822, logLikelihood: -698.602846
[00:00:52] [worker #27] Bootstrap tree #828, logLikelihood: -783.901875
[00:00:52] [worker #1] Bootstrap tree #802, logLikelihood: -717.351385
[00:00:52] [worker #4] Bootstrap tree #805, logLikelihood: -707.871643
[00:00:52] [worker #2] Bootstrap tree #803, logLikelihood: -715.593549
[00:00:52] [worker #22] Bootstrap tree #823, logLikelihood: -728.042267
[00:00:52] [worker #3] Bootstrap tree #804, logLikelihood: -702.282704
[00:00:52] [worker #26] Bootstrap tree #827, logLikelihood: -699.421066
[00:00:52] [worker #5] Bootstrap tree #806, logLikelihood: -690.813310
[00:00:52] [worker #18] Bootstrap tree #819, logLikelihood: -638.258105
[00:00:52] [worker #6] Bootstrap tree #807, logLikelihood: -706.621425
[00:00:52] [worker #30] Bootstrap tree #831, logLikelihood: -694.165942
[00:00:52] [worker #12] Bootstrap tree #813, logLikelihood: -676.754154
[00:00:52] [worker #13] Bootstrap tree #814, logLikelihood: -710.352467
[00:00:52] [worker #28] Bootstrap tree #829, logLikelihood: -714.530692
[00:00:52] [worker #17] Bootstrap tree #818, logLikelihood: -718.232720
[00:00:52] [worker #7] Bootstrap tree #808, logLikelihood: -668.428739
[00:00:52] [worker #0] Bootstrap tree #801, logLikelihood: -734.489257
[00:00:52] [worker #15] Bootstrap tree #816, logLikelihood: -755.960131
[00:00:52] [worker #24] Bootstrap tree #825, logLikelihood: -719.559091
[00:00:52] [worker #11] Bootstrap tree #812, logLikelihood: -740.159557
[00:00:59] [worker #20] Bootstrap tree #853, logLikelihood: -680.864744
[00:00:59] [worker #8] Bootstrap tree #841, logLikelihood: -759.159067
[00:00:59] [worker #24] Bootstrap tree #857, logLikelihood: -731.764912
00:00:59] [worker #23] Bootstrap tree #856, logLikelihood: -690.061711
[00:00:59] [worker #3] Bootstrap tree #836, logLikelihood: -668.888862
[00:00:59] [worker #21] Bootstrap tree #854, logLikelihood: -706.692096
[00:00:59] [worker #26] Bootstrap tree #859, logLikelihood: -669.107513
[00:00:59] [worker #6] Bootstrap tree #839, logLikelihood: -774.915257
[00:00:59] [worker #19] Bootstrap tree #852, logLikelihood: -710.123062
[00:00:59] [worker #10] Bootstrap tree #843, logLikelihood: -684.686468
[00:00:59] [worker #13] Bootstrap tree #846, logLikelihood: -740.647286
[00:00:59] [worker #25] Bootstrap tree #858, logLikelihood: -709.566993
[00:00:59] [worker #27] Bootstrap tree #860, logLikelihood: -713.581599
[00:00:59] [worker #31] Bootstrap tree #864, logLikelihood: -761.866323
[00:00:59] [worker #12] Bootstrap tree #845, logLikelihood: -661.921006
[00:00:59] [worker #2] Bootstrap tree #835, logLikelihood: -683.265421
[00:00:59] [worker #4] Bootstrap tree #837, logLikelihood: -685.590168
[00:00:59] [worker #7] Bootstrap tree #840, logLikelihood: -720.759765
[00:00:59] [worker #14] Bootstrap tree #847, logLikelihood: -720.803343
[00:00:59] [worker #5] Bootstrap tree #838, logLikelihood: -731.644536
[00:00:59] [worker #16] Bootstrap tree #849, logLikelihood: -734.870036
[00:00:59] [worker #28] Bootstrap tree #861, logLikelihood: -759.188257
[00:00:59] [worker #17] Bootstrap tree #850, logLikelihood: -747.826728
[00:00:59] [worker #9] Bootstrap tree #842, logLikelihood: -743.869207
[00:00:59] [worker #1] Bootstrap tree #834, logLikelihood: -650.864796
[00:00:59] [worker #22] Bootstrap tree #855, logLikelihood: -714.793250
[00:00:59] [worker #30] Bootstrap tree #863, logLikelihood: -682.169408
[00:00:59] [worker #29] Bootstrap tree #862, logLikelihood: -709.681537
[00:00:59] [worker #11] Bootstrap tree #844, logLikelihood: -654.354181
[00:00:59] [worker #0] Bootstrap tree #833, logLikelihood: -786.279255
[00:00:59] [worker #15] Bootstrap tree #848, logLikelihood: -732.654111
[00:00:59] [worker #18] Bootstrap tree #851, logLikelihood: -697.125366
[00:00:59] [worker #23] Bootstrap tree #888, logLikelihood: -686.558376
[00:00:59] [worker #8] Bootstrap tree #873, logLikelihood: -675.673175
-734.358189
[00:00:59] [worker #10] Bootstrap tree #875, logLikelihood: -692.889752
[00:00:59] [worker #6] Bootstrap tree #871, logLikelihood: -722.771261
[00:00:59] [worker #21] Bootstrap tree #886, logLikelihood: -695.183788
[00:00:59] [worker #3] Bootstrap tree #868, logLikelihood: -757.680206
[00:00:59] [worker #25] Bootstrap tree #890, logLikelihood: -667.120781
[00:00:59] [worker #19] Bootstrap tree #884, logLikelihood: -709.213537
[00:00:59] [worker #26] Bootstrap tree #891, logLikelihood: -709.501052
[00:00:59] [worker #2] Bootstrap tree #867, logLikelihood: -676.698829
[00:00:59] [worker #12] Bootstrap tree #877, logLikelihood: -702.806217
[00:00:59] [worker #13] Bootstrap tree #878, logLikelihood: -680.489969
[00:00:59] [worker #16] Bootstrap tree #881, logLikelihood: -683.153302
[00:00:59] [worker #27] Bootstrap tree #892, logLikelihood: -691.830404
[00:00:59] [worker #31] Bootstrap tree #896, logLikelihood: -793.948786
[00:00:59] [worker #4] Bootstrap tree #869, logLikelihood: -687.501452
[00:00:59] [worker #20] Bootstrap tree #885, logLikelihood: -721.563792
[00:00:59] [worker #14] Bootstrap tree #879, logLikelihood: -717.102818
[00:00:59] [worker #7] Bootstrap tree #872, logLikelihood: -703.559042
[00:00:59] [worker #1] Bootstrap tree #866, logLikelihood: -711.941067
[00:00:59] [worker #22] Bootstrap tree #887, logLikelihood: -715.484535
[00:00:59] [worker #30] Bootstrap tree #895, logLikelihood: -686.068044
[00:00:59] [worker #29] Bootstrap tree #894, logLikelihood: -718.841507
[00:00:59] [worker #9] Bootstrap tree #874, logLikelihood: -664.774396
[00:00:59] [worker #5] Bootstrap tree #870, logLikelihood: -731.332458
[00:00:59] [worker #17] Bootstrap tree #882, logLikelihood: -655.707771
[00:00:59] [worker #28] Bootstrap tree #893, logLikelihood: -725.270484
[00:00:59] [worker #11] Bootstrap tree #876, logLikelihood: -717.942608
[00:00:59] [worker #15] Bootstrap tree #880, logLikelihood: -750.008198
[00:00:59] [worker #18] Bootstrap tree #883, logLikelihood: -730.994951
[00:01:00] [worker #0] Bootstrap tree #865, logLikelihood: -686.931431
[00:01:07] [worker #3] Bootstrap tree #900, logLikelihood: -686.198154
[00:01:07] [worker #21] Bootstrap tree #918, logLikelihood: -703.151697
[00:01:07] [worker #28] Bootstrap tree #925, logLikelihood: -710.141138
[00:01:07] [worker #5] Bootstrap tree #902, logLikelihood: -699.372293
[00:01:07] [worker #2] Bootstrap tree #899, logLikelihood: -744.287010
[00:01:07] [worker #27] Bootstrap tree #924, logLikelihood: -700.148496
[00:01:07] [worker #7] Bootstrap tree #904, logLikelihood: -703.717504
[00:01:07] [worker #14] Bootstrap tree #911, logLikelihood: -708.394021
[00:01:07] [worker #11] Bootstrap tree #908, logLikelihood: -742.116045
[00:01:07] [worker #1] Bootstrap tree #898, logLikelihood: -674.781615
[00:01:07] [worker #10] Bootstrap tree #907, logLikelihood: -689.341891
[0[000::0101::0707] ] [worker #4] [worker #31] Bootstrap tree #, logLikelihood: 928, logLikelihood: -704.802555
[0[000::0101::0707] ] [worker #4] [worker #31] Bootstrap tree #, logLikelihood: 928, logLikelihood: -704.802555
-698.846121
[00:01:07] [worker #13] Bootstrap tree #910, logLikelihood: -712.474676
[00:01:07] [worker #6] Bootstrap tree #903, logLikelihood: -737.402806
[00:01:07] [worker #9] Bootstrap tree #906, logLikelihood: -679.496239
[00:01:07] [worker #16] Bootstrap tree #913, logLikelihood: -696.844175
[00:01:08] [worker #25] Bootstrap tree #922, logLikelihood: -732.336199
[00:01:08] [worker #12] Bootstrap tree #909, logLikelihood: -705.002570
[00:01:08] [worker #23] Bootstrap tree #920, logLikelihood: -769.323351
[00:01:08] [worker #18] Bootstrap tree #915, logLikelihood: -729.907268
[00:01:08] [worker #20] Bootstrap tree #917, logLikelihood: -718.905357
[00:01:08] [worker #22] Bootstrap tree #919, logLikelihood: -721.446769
[00:01:08] [worker #24] Bootstrap tree #921, logLikelihood: -737.522032
[00:01:08] [worker #8] Bootstrap tree #905, logLikelihood: -687.463206
[00:01:08] [worker #17] Bootstrap tree #914, logLikelihood: -667.775911
[00:01:08] [worker #30] Bootstrap tree #927, logLikelihood: -700.073614
[00:01:08] [worker #29] Bootstrap tree #926, logLikelihood: -675.476148
[00:01:08] [worker #19] Bootstrap tree #916, logLikelihood: -700.306532
[00:01:08] [worker #15] Bootstrap tree #912, logLikelihood: -700.977410
[00:01:08] [worker #26] Bootstrap tree #923, logLikelihood: -733.222263
[00:01:08] [worker #0] Bootstrap tree #897, logLikelihood: -709.149055
[00:01:08] [worker #3] Bootstrap tree #932, logLikelihood: -729.036234
[00:01:08] [worker #27] Bootstrap tree #956, logLikelihood: -729.980797
[00:01:08] [worker #14] Bootstrap tree #943, logLikelihood: -696.434684
[00:01:08] [worker #11] Bootstrap tree #940, logLikelihood: -761.691958
[00:01:08] [worker #28] Bootstrap tree #957, logLikelihood: -725.463552
[00:01:08] [worker #21] Bootstrap tree #950, logLikelihood: -732.222911
[00:01:08] [worker #6] Bootstrap tree #935, logLikelihood: -711.375819
[00:01:08] [worker #18] Bootstrap tree #947, logLikelihood: -751.847700
[00:01:08] [worker #25] Bootstrap tree #954, logLikelihood: -707.763551
[00:01:08] [worker #31] Bootstrap tree #960, logLikelihood: -731.116322
[00:01:08] [worker #4] Bootstrap tree #933, logLikelihood: -751.478035
[00:01:08] [worker #12] Bootstrap tree #941, logLikelihood: -702.889047
[00:01:08] [worker #8] Bootstrap tree #937, logLikelihood: -666.581438
[00:01:08] [worker #16] Bootstrap tree #945, logLikelihood: -697.578130
[00:01:08] [worker #9] Bootstrap tree #938, logLikelihood: -708.484032
[00:01:08] [worker #23] Bootstrap tree #952, logLikelihood: -701.494465
[00:01:08] [worker #10] Bootstrap tree #939, logLikelihood: -692.809839
[00:01:08] [worker #13] Bootstrap tree #942, logLikelihood: -697.672764
-674.103258
[00:01:08] [worker #22] Bootstrap tree #951, logLikelihood: -716.462617
[00:01:08] [worker #19] Bootstrap tree #948, logLikelihood: -752.273844
[00:01:08] [worker #2] Bootstrap tree #931, logLikelihood: -748.458898
[00:01:08] [worker #29] Bootstrap tree #958, logLikelihood: -673.637038
[00:01:08] [worker #17] Bootstrap tree #946, logLikelihood: -747.101696
[00:01:08] [worker #20] Bootstrap tree #949, logLikelihood: -704.434191
[00:01:08] [worker #30] Bootstrap tree #959, logLikelihood: -684.307015
[00:01:08] [worker #5] Bootstrap tree #934, logLikelihood: -724.015137
[00:01:08] [worker #1] Bootstrap tree #930, logLikelihood: -673.027183
[00:01:08] [worker #15] Bootstrap tree #944, logLikelihood: -748.536252
[00:01:08] [worker #26] Bootstrap tree #955, logLikelihood: -669.722863
[00:01:08] [worker #7] Bootstrap tree #936, logLikelihood: -635.895631
[00:01:08] [worker #0] Bootstrap tree #929, logLikelihood: -714.396963
[00:01:16] [worker #20] Bootstrap tree #981, logLikelihood: [-690.663091
[00:01:16] [worker #20] Bootstrap tree #981, logLikelihood: [-690.663091
00:01:16] [worker #23] Bootstrap tree #984, logLikelihood: -694.574949
[00:01:16] [worker #24] Bootstrap tree #985, logLikelihood: -709.264588
[00:01:16] [worker #3] Bootstrap tree #964, logLikelihood: -699.321356
[00:01:16] [worker #18] Bootstrap tree #979, logLikelihood: -722.248608
[00:01:16] [worker #9] Bootstrap tree #970, logLikelihood: -729.806520
[00:01:16] [worker #31] Bootstrap tree #992, logLikelihood: -740.224616
[00:01:16] [worker #22] Bootstrap tree #983, logLikelihood: -772.737453
[00:01:16] [worker #25] Bootstrap tree #986, logLikelihood: -739.139186
[00:01:16] [worker #12] Bootstrap tree #973, logLikelihood: -801.508740
[00:01:16] [worker #17] Bootstrap tree #978, logLikelihood: -728.304105
[00:01:16] [worker #11] Bootstrap tree #972, logLikelihood: -714.278311
[00:01:16] [worker #11] Bootstrap tree #972, logLikelihood: -714.278311
[00:01:16] [worker #10] Bootstrap tree #971, logLikelihood: -743.240651
[00:01:16] [worker #28] Bootstrap tree #989, logLikelihood: -716.899431
[00:01:16] [worker #27] Bootstrap tree #988, logLikelihood: -668.229761
[00:01:16] [worker #15] Bootstrap tree #976, logLikelihood: -708.173403
[00:01:16] [worker #8] Bootstrap tree #969, logLikelihood: -674.603630
[00:01:16] [worker #2] Bootstrap tree #963, logLikelihood: -663.003080
[00:01:16] [worker #6] Bootstrap tree #967, logLikelihood: -652.625801
[00:01:16] [worker #19] Bootstrap tree #980, logLikelihood: -694.904082
[00:01:16] [worker #16] Bootstrap tree #977, logLikelihood: -667.834259
[00:01:16] [worker #0] Bootstrap tree #961, logLikelihood: -724.881904
[00:01:16] [worker #26] Bootstrap tree #987, logLikelihood: -697.959647
[00:01:16] [worker #5] Bootstrap tree #966, logLikelihood: -694.064686
[00:01:16] [worker #13] Bootstrap tree #974, logLikelihood: -712.430407
[00:01:16] [worker #1] Bootstrap tree #962, logLikelihood: -676.469435
[00:01:16] [worker #4] Bootstrap tree #965, logLikelihood: -726.968771
[00:01:16] [worker #21] Bootstrap tree #982, logLikelihood: -748.063159
[00:01:16] [worker #29] Bootstrap tree #990, logLikelihood: -687.890778
[00:01:16] [worker #30] Bootstrap tree #991, logLikelihood: -736.814670
[00:01:16] [worker #7] Bootstrap tree #968, logLikelihood: -710.419188
[00:01:16] [worker #14] Bootstrap tree #975, logLikelihood: -726.836575
[00:01:16] [worker #3] Bootstrap tree #996, logLikelihood: -680.890613
[00:01:16] [worker #2] Bootstrap tree #995, logLikelihood: -700.423068
[00:01:17] [worker #6] Bootstrap tree #999, logLikelihood: -671.445606
[00:01:17] [worker #4] Bootstrap tree #997, logLikelihood: -701.936881
[00:01:17] [worker #7] Bootstrap tree #1000, logLikelihood: -688.604651
[00:01:17] [worker #5] Bootstrap tree #998, logLikelihood: -715.088803
[00:01:17] [worker #1] Bootstrap tree #994, logLikelihood: -680.157562
[00:01:17] [worker #0] Bootstrap tree #993, logLikelihood: -710.313498

Optimized model parameters:

   Partition 0: noname
   Rate heterogeneity: GAMMA (4 cats, mean),  alpha: 0.201157 (ML),  weights&rates: (0.250000,0.000553) (0.250000,0.034445) (0.250000,0.386670) (0.250000,3.578332) 
   Base frequencies (ML): 0.375833 0.095212 0.112553 0.416402 
   Substitution rates (ML): 2.345997 1.665602 0.742363 1.962282 0.520129 1.000000 


Final LogLikelihood: -720.467556

AIC score: 1572.935111 / AICc score: 1593.502553 / BIC score: 1850.702053
Free parameters (model + branch lengths): 66

WARNING: Best ML tree contains 20 near-zero branches!

Best ML tree with collapsed near-zero branches saved to: /mnt/lustre/RDS-live/downing/LSDV/GTPV_SPPV/results_SPPV/LSDV130.raxml.bestTreeCollapsed
Best ML tree saved to: /mnt/lustre/RDS-live/downing/LSDV/GTPV_SPPV/results_SPPV/LSDV130.raxml.bestTree
All ML trees saved to: /mnt/lustre/RDS-live/downing/LSDV/GTPV_SPPV/results_SPPV/LSDV130.raxml.mlTrees
Best ML tree with Felsenstein bootstrap (FBP) support values saved to: /mnt/lustre/RDS-live/downing/LSDV/GTPV_SPPV/results_SPPV/LSDV130.raxml.supportFBP
Best ML tree with Transfer bootstrap (TBE) support values saved to: /mnt/lustre/RDS-live/downing/LSDV/GTPV_SPPV/results_SPPV/LSDV130.raxml.supportTBE
Optimized model saved to: /mnt/lustre/RDS-live/downing/LSDV/GTPV_SPPV/results_SPPV/LSDV130.raxml.bestModel
Bootstrap trees saved to: /mnt/lustre/RDS-live/downing/LSDV/GTPV_SPPV/results_SPPV/LSDV130.raxml.bootstraps

Execution log saved to: /mnt/lustre/RDS-live/downing/LSDV/GTPV_SPPV/results_SPPV/LSDV130.raxml.log

Analysis started: 24-Nov-2025 18:55:01 / finished: 24-Nov-2025 18:56:27

Elapsed time: 85.903 seconds

