
RAxML-NG v. 1.2.2 released on 11.04.2024 by The Exelixis Lab.
Developed by: Alexey M. Kozlov and Alexandros Stamatakis.
Contributors: Diego Darriba, Tomas Flouri, Benoit Morel, Sarah Lutteropp, Ben Bettisworth, Julia Haag, Anastasis Togkousidis.
Latest version: https://github.com/amkozlov/raxml-ng
Questions/problems/suggestions? Please visit: https://groups.google.com/forum/#!forum/raxml

System: AMD EPYC 7543P 32-Core Processor, 32 cores, 995 GB RAM

RAxML-NG was called at 24-Nov-2025 14:52:55 as follows:

raxml-ng --all --msa region_LSDV084.aln --model GTR+G --prefix LSDV084 --seed 123 --bs-metric fbp,tbe --redo

Analysis options:
  run mode: ML tree search + bootstrapping (Felsenstein Bootstrap + Transfer Bootstrap)
  start tree(s): random (10) + parsimony (10)
  bootstrap replicates: parsimony (max: 1000) + bootstopping (autoMRE, cutoff: 0.030000)
  random seed: 123
  tip-inner: OFF
  pattern compression: ON
  per-rate scalers: OFF
  site repeats: ON
  logLH epsilon: general: 10.000000, brlen-triplet: 1000.000000
  fast spr radius: AUTO
  spr subtree cutoff: 1.000000
  fast CLV updates: ON
  branch lengths: proportional (ML estimate, algorithm: NR-FAST)
  SIMD kernels: AVX2
  parallelization: coarse-grained (auto), PTHREADS (auto)

WARNING: Running in REDO mode: existing checkpoints are ignored, and all result files will be overwritten!

[00:00:00] Reading alignment from file: region_LSDV084.aln
[00:00:00] Loaded alignment with 14 taxa and 1908 sites

WARNING: Sequences PV167794.1 and MW020570.1 are exactly identical!
WARNING: Sequences PV167794.1 and MN072620.1 are exactly identical!
WARNING: Sequences NC_004003.1 and MN072622.1 are exactly identical!
WARNING: Sequences NC_004003.1 and KX576657.1 are exactly identical!
WARNING: Sequences NC_004003.1 and AY077836.1 are exactly identical!
WARNING: Sequences NC_004003.1 and AY077835.1 are exactly identical!
WARNING: Sequences MN072621.1 and MH381810.1 are exactly identical!
WARNING: Sequences MN072621.1 and KC951854.1 are exactly identical!
WARNING: Duplicate sequences found: 8

NOTE: Reduced alignment (with duplicates and gap-only sites/taxa removed) 
NOTE: was saved to: /mnt/lustre/RDS-live/downing/LSDV/GTPV_SPPV/results_GTPV/LSDV084.raxml.reduced.phy

Alignment comprises 1 partitions and 20 patterns

Partition 0: noname
Model: GTR+FO+G4m
Alignment sites / patterns: 1908 / 20
Gaps: 0.00 %
Invariant sites: 99.11 %


NOTE: Binary MSA file created: LSDV084.raxml.rba

Parallelization scheme autoconfig: 32 worker(s) x 1 thread(s)

[00:00:00] Generating 10 random starting tree(s) with 14 taxa
[00:00:00] Generating 10 parsimony starting tree(s) with 14 taxa
Parallel parsimony with 32 threads
Parallel reduction/worker buffer size: 1 KB  / 0 KB

[00:00:00] Data distribution: max. partitions/sites/weight per thread: 1 / 20 / 320
[00:00:00] Data distribution: max. searches per worker: 33

Starting ML tree search with 20 distinct starting trees

[00:00:00] [worker #17] ML tree search #18, logLikelihood: -2542.010400
[00:00:00] [worker #12] ML tree search #13, logLikelihood: -2542.010403
[00:00:00] [worker #10] ML tree search #11, logLikelihood: -2542.010403
[00:00:00] [worker #0] ML tree search #1, logLikelihood: -2542.010394
[00:00:01] [worker #16] ML tree search #17, logLikelihood: -2542.010403
[00:00:01] [worker #13] ML tree search #14, logLikelihood: -2542.010403
[00:00:01] [worker #18] ML tree search #19, logLikelihood: -2542.010400
[00:00:01] [worker #15] ML tree search #16, logLikelihood: -2542.010400
[00:00:01] [worker #7] ML tree search #8, logLikelihood: -2542.010393
[00:00:01] [worker #4] ML tree search #5, logLikelihood: -2542.010398
[00:00:01] [worker #14] ML tree search #15, logLikelihood: -2542.010403
[00:00:01] [worker #9] ML tree search #10, logLikelihood: -2542.010399
[00:00:01] [worker #2] ML tree search #3, logLikelihood: -2542.010397
[00:00:01] [worker #3] ML tree search #4, logLikelihood: -2542.010395
[00:00:01] [worker #19] ML tree search #20, logLikelihood: -2542.010400
[00:00:01] [worker #5] ML tree search #6, logLikelihood: -2542.010400
[00:00:01] [worker #1] ML tree search #2, logLikelihood: -2542.010396
[00:00:01] [worker #11] ML tree search #12, logLikelihood: -2542.010400
[00:00:01] [worker #6] ML tree search #7, logLikelihood: -2542.010396
[00:00:01] [worker #8] ML tree search #9, logLikelihood: -2542.010399

[00:00:01] ML tree search completed, best tree logLH: -2542.010393

[00:00:01] Starting bootstrapping analysis with 1000 replicates.

[00:00:01] [worker #12] Bootstrap tree #13, logLikelihood: -2511.522289
[00:00:01] [worker #24] Bootstrap tree #25, logLikelihood: -2565.167092
[00:00:01] [worker #15] Bootstrap tree #16, logLikelihood: -2497.167641
[[000::0000:0101] ] [worker #17] [worker #27] Bootstrap tree #Bootstrap tree #18, logLikelihood: , logLikelihood: [-2490.914664-2494.6575160
-2541.2022480101] ] [worker #17] [worker #27] Bootstrap tree #Bootstrap tree #18, logLikelihood: , logLikelihood: [-2490.914664-2494.6575160
:0
[00:00:01] [worker #26] Bootstrap tree #27, logLikelihood: -2507.036676
[00:00:01] [worker #6] Bootstrap tree #7, logLikelihood: -2530.745840
[00:00:01] [worker #31] Bootstrap tree #32, logLikelihood: -2515.393213
[00:00:01] [worker #14] Bootstrap tree #15, logLikelihood: -2569.167575
[00:00:01] [worker #30] Bootstrap tree #31, logLikelihood: -2499.549393
-2549.538187
[00:00:01] [worker #8] Bootstrap tree #9, logLikelihood: -2534.307818
[00:00:01] [worker #22] Bootstrap tree #23, logLikelihood: -2529.068656
[00:00:01] [worker #2] Bootstrap tree #3, logLikelihood: -2520.360353
[00:00:01] [worker #5] Bootstrap tree #6, logLikelihood: -2570.870079
[00:00:01] [worker #13] Bootstrap tree #14, logLikelihood: -2526.668245
[00:00:01] [worker #4] Bootstrap tree #5, logLikelihood: -2543.815910
[00:00:01] [worker #19] Bootstrap tree #20, logLikelihood: -2510.996181
[00:00:01] [worker #11] Bootstrap tree #12, logLikelihood: -2557.147474
[00:00:01] [worker #29] Bootstrap tree #30, logLikelihood: -2575.785565
[00:00:01] [worker #0] Bootstrap tree #1, logLikelihood: -2542.529657
[00:00:01] [worker #16] Bootstrap tree #17, logLikelihood: -2525.607815
[00:00:01] [worker #20] Bootstrap tree #21, logLikelihood: -2586.630980
[00:00:01] [worker #10] Bootstrap tree #11, logLikelihood: -2482.817669
[00:00:01] [worker #21] Bootstrap tree #22, logLikelihood: -2515.225162
[00:00:01] [worker #28] Bootstrap tree #29, logLikelihood: -2554.780525
[00:00:01] [worker #25] Bootstrap tree #26, logLikelihood: -2538.978866
[00:00:01] [worker #23] Bootstrap tree #24, logLikelihood: -2571.255972
[[00:00:01] [worker #9] Bootstrap tree #10, logLikelihood: -2578.615898
[worker #7] Bootstrap tree #8, logLikelihood: -2596.850108
00:00:01] [worker #18] Bootstrap tree #19, logLikelihood: -2548.081583
[00:00:01] [worker #6] Bootstrap tree #39, logLikelihood: -2530.189978
[00:00:01] [worker #12] Bootstrap tree #45, logLikelihood: -2541.432962
[00:00:01] [worker #1] Bootstrap tree #34, logLikelihood: -2552.101431
[00:00:01] [worker #27] Bootstrap tree #60, logLikelihood: -2505.142765
[00:00:01] [worker #15] Bootstrap tree #48, logLikelihood: -2515.697146
[00:00:01] [worker #3] Bootstrap tree #36, logLikelihood: -2511.697954
[00:00:01] [worker #24] Bootstrap tree #57, logLikelihood: -2551.929346
[00:00:01] [worker #22] Bootstrap tree #55, logLikelihood: -2514.489344
[00:00:01] [worker #17] Bootstrap tree #50, logLikelihood: -2553.949443
[00:00:01] [worker #31] Bootstrap tree #64, logLikelihood: -2562.951471
[00:00:01] [worker #26] Bootstrap tree #59, logLikelihood: -2503.466631
[00:00:01] [worker #5] Bootstrap tree #38, logLikelihood: -2526.528173
[00:00:01] [worker #21] Bootstrap tree #54, logLikelihood: -2509.193656
[00:00:01] [worker #11] Bootstrap tree #44, logLikelihood: -2487.699300
[00:00:01] [worker #25] Bootstrap tree #58, logLikelihood: -2488.234293
[00:00:01] [worker #19] Bootstrap tree #52, logLikelihood: -2512.128143
[00:00:01] [worker #2] Bootstrap tree #35, logLikelihood: -2578.974427
[00:00:01] [worker #8] Bootstrap tree #41, logLikelihood: [-2579.717565
-2553.656338
[00:00:01] [worker #14] Bootstrap tree #47, logLikelihood: -2603.750076
[00:00:01] [worker #13] Bootstrap tree #46, logLikelihood: -2587.331391
[00:00:01] [worker #4] Bootstrap tree #37, logLikelihood: -2506.820638
[00:00:01] [worker #16] Bootstrap tree #49, logLikelihood: -2556.009703
[00:00:01] [worker #28] Bootstrap tree #61, logLikelihood: -2536.686672
[00:00:01] [worker #20] Bootstrap tree #53, logLikelihood: -2480.212865
[00:00:01] [worker #29] Bootstrap tree #62, logLikelihood: -2514.449071
[00:00:02] [worker #7] Bootstrap tree #40, logLikelihood: -2512.035518
[00:00:02] [worker #0] Bootstrap tree #33, logLikelihood: -2556.466521
[00:00:02] [worker #23] Bootstrap tree #56, logLikelihood: -2589.071894
[00:00:02] [worker #18] Bootstrap tree #51, logLikelihood: -2565.014684
[00:00:02] [worker #10] Bootstrap tree #43, logLikelihood: -2603.366385
[00:00:02] [worker #9] Bootstrap tree #42, logLikelihood: -2475.358061
[00:00:02] [worker #2] Bootstrap tree #67, logLikelihood: -2510.847664
[00:00:02] [worker #3] Bootstrap tree #68, logLikelihood: -2446.139863
[00:00:02] [worker #1] Bootstrap tree #66, logLikelihood: -2500.978220
[00:00:02] [worker #9] Bootstrap tree #74, logLikelihood: -2524.043860
[00:00:02] [worker #24] Bootstrap tree #89, logLikelihood: -2538.468904
[00:00:02] [worker #28] Bootstrap tree #93, logLikelihood: -2531.773857
[00:00:02] [worker #26] Bootstrap tree #91, logLikelihood: -2425.415791
[00:00:02] [worker #31] Bootstrap tree #96, logLikelihood: -2519.983786
[00:00:02] [worker #25] Bootstrap tree #90, logLikelihood: -2504.450582
[00:00:02] [worker #5] Bootstrap tree #70, logLikelihood: -2479.853159
[00:00:02] [worker #30] Bootstrap tree #95, logLikelihood: -2552.645613
[00:00:02] [worker #29] Bootstrap tree #94, logLikelihood: -2539.630836
[00:00:02] [worker #12] Bootstrap tree #77, logLikelihood: -2515.753247
[00:00:02] [worker #14] Bootstrap tree #79, logLikelihood: -2503.686593
[00:00:02] [worker #7] Bootstrap tree #72, logLikelihood: -2525.677936
[00:00:02] [worker #19] Bootstrap tree #84, logLikelihood: -2639.215494
[00:00:02] [worker #13] Bootstrap tree #78, logLikelihood: -2558.113356
[00:00:02] [worker #23] Bootstrap tree #88, logLikelihood: -2546.728708
[00:00:02] [worker #16] Bootstrap tree #81, logLikelihood: -2526.604869
[00:00:02] [worker #27] Bootstrap tree #92, logLikelihood: -2502.040442
[00:00:02] [worker #18] Bootstrap tree #83, logLikelihood: -2511.074540
[00:00:02] [worker #21] Bootstrap tree #86, logLikelihood: -2541.389829
[00:00:02] [worker #22] Bootstrap tree #87, logLikelihood: -2510.384228
[00:00:02] [worker #4] Bootstrap tree #69, logLikelihood: -2556.258394
[00:00:02] [worker #6] Bootstrap tree #71, logLikelihood: -2616.922402
[00:00:02] [worker #10] Bootstrap tree #75, logLikelihood: -2530.921127
[00:00:02] [worker #1] Bootstrap tree #98, logLikelihood: -2528.171907
[00:00:02] [worker #20] Bootstrap tree #85, logLikelihood: -2575.183557
[00:00:02] [worker #17] Bootstrap tree #82, logLikelihood: -2579.321451
[[00:00:02] [worker #3] Bootstrap tree #100, logLikelihood: -2525.474400
-2542.920125
[00:00:02] [worker #9] Bootstrap tree #106, logLikelihood: -2515.349299
[00:00:02] [worker #0] Bootstrap tree #65, logLikelihood: -2543.668281
[00:00:02] [worker #11] Bootstrap tree #76, logLikelihood: -2593.863148
[00:00:02] [worker #2] Bootstrap tree #99, logLikelihood: -2582.009827
[00:00:02] [worker #28] Bootstrap tree #125, logLikelihood: -2542.559320
[00:00:02] [worker #15] Bootstrap tree #80, logLikelihood: [-2554.79939100

[[00:00:02] [worker #25] Bootstrap tree #122, logLikelihood: -2580.324712
-2547.924891
[00:00:02] [worker #26] Bootstrap tree #123, logLikelihood: -2527.149182
[00:00:02] [worker #13] Bootstrap tree #110, logLikelihood: -2482.630041
[00:00:02] [worker #24] Bootstrap tree #121, logLikelihood: -2499.305112
[00:00:02] [worker #6] Bootstrap tree #103, logLikelihood: -2511.195855
[00:00:02] [worker #27] Bootstrap tree #124, logLikelihood: -2519.928267
[00:00:02] [worker #5] Bootstrap tree #102, logLikelihood: -2463.988794
[00:00:02] [worker #14] Bootstrap tree #111, logLikelihood: -2551.233124
[00:00:02] [worker #10] Bootstrap tree #107, logLikelihood: -2548.149381
[00:00:02] [worker #18] Bootstrap tree #115, logLikelihood: -2556.502739
[00:00:02] [worker #8] Bootstrap tree #105, logLikelihood: -2477.741052
[00:00:02] [worker #23] Bootstrap tree #120, logLikelihood: -2494.454024
[00:00:02] [worker #7] Bootstrap tree #104, logLikelihood: -2517.490728
[00:00:02] [worker #12] Bootstrap tree #109, logLikelihood: -2557.453546
[00:00:02] [worker #21] Bootstrap tree #118, logLikelihood: -2511.719100
[00:00:02] [worker #19] Bootstrap tree #116, logLikelihood: -2569.596461
[00:00:02] [worker #0] Bootstrap tree #97, logLikelihood: -2583.692995
[00:00:02] [worker #22] Bootstrap tree #119, logLikelihood: -2533.826578
[00:00:02] [worker #20] Bootstrap tree #117, logLikelihood: -2545.768462
[00:00:02] [worker #4] Bootstrap tree #101, logLikelihood: -2530.302068
[00:00:02] [worker #17] Bootstrap tree #114, logLikelihood: -2533.400476
[00:00:02] [worker #16] Bootstrap tree #113, logLikelihood: -2603.891209
[00:00:02] [worker #29] Bootstrap tree #126, logLikelihood: -2588.431036
[00:00:02] [worker #11] Bootstrap tree #108, logLikelihood: -2544.979239
[00:00:03] [worker #15] Bootstrap tree #112, logLikelihood: -2507.245566
[00:00:03] [worker #26] Bootstrap tree #155, logLikelihood: -2490.858292
[00:00:03] [worker #21] Bootstrap tree #150, logLikelihood: -2541.160931
00:00:03] [worker #28] Bootstrap tree #157, logLikelihood: -2501.673551
[00:00:03] [worker #19] Bootstrap tree #148, logLikelihood: -2541.375247
[00:00:03] [worker #2] Bootstrap tree #131, logLikelihood: -2493.940130
[00:00:03] [worker #20] Bootstrap tree #149, logLikelihood: -2556.082695
[00:00:03] [worker #13] Bootstrap tree #142, logLikelihood: -2576.062397
[00:00:03] [worker #14] Bootstrap tree #143, logLikelihood: -2512.156419
[00:00:03] [worker #4] Bootstrap tree #133, logLikelihood: -2500.278434
[00:00:03] [worker #7] Bootstrap tree #136, logLikelihood: -2530.868540[
00[00:00:03] [worker #7] Bootstrap tree #136, logLikelihood: -2530.868540[
00:00:03] [worker #11] Bootstrap tree #140, logLikelihood: -2556.990680
[00:00:03] [worker #1] Bootstrap tree #130, logLikelihood: -2546.833387
[00:00:03] [worker #25] Bootstrap tree #154, logLikelihood: -2529.327060[
-2456.755652[
00:00:03] [worker #15] Bootstrap tree #144, logLikelihood: -2536.377936
[00:00:03] [worker #16] Bootstrap tree #145, logLikelihood: -2554.622323
[00:00:03] [worker #31] Bootstrap tree #160, logLikelihood: -2581.648187
[00:00:03] [worker #5] Bootstrap tree #134, logLikelihood: -2573.536545
[00:00:03] [worker #10] Bootstrap tree #139, logLikelihood: -2573.075507
[00:00:03] [worker #27] Bootstrap tree #156, logLikelihood: -2528.799463
[00:00:03] [worker #30] Bootstrap tree #159, logLikelihood: -2524.158957
[00:00:03] [worker #0] Bootstrap tree #129, logLikelihood: -2561.387626
[00:00:03] [worker #6] Bootstrap tree #135, logLikelihood: -2549.974785
[00:00:03] [worker #29] Bootstrap tree #158, logLikelihood: -2497.022042
[00:00:03] [worker #12] Bootstrap tree #141, logLikelihood: -2574.465297
[00:00:03] [worker #24] Bootstrap tree #153, logLikelihood: -2521.732175
[00:00:03] [worker #9] Bootstrap tree #138, logLikelihood: -2545.436009
[00:00:03] [worker #8] Bootstrap tree #137, logLikelihood: -2552.235327
[00:00:03] [worker #17] Bootstrap tree #146, logLikelihood: -2545.645921
[00:00:03] [worker #3] Bootstrap tree #132, logLikelihood: -2569.823341
[00:00:03] [worker #22] Bootstrap tree #151, logLikelihood: -2541.737876
[00:00:03] [worker #14] Bootstrap tree #175, logLikelihood: -2540.581839
[00:00:03] [worker #18] Bootstrap tree #147, logLikelihood: -2606.504036
[00:00:03] [worker #2] Bootstrap tree #163, logLikelihood: -2549.376695
[00:00:03] [worker #28] Bootstrap tree #189, logLikelihood: -2586.953016
[00:00:03] [worker #4] Bootstrap tree #165, logLikelihood: -2584.765248
[00:00:03] [worker #21] Bootstrap tree #182, logLikelihood: -2502.617402
[00:00:03] [worker #19] Bootstrap tree #180, logLikelihood: -2558.869654
[00:00:03] [worker #6] Bootstrap tree #167, logLikelihood: -2585.755721
[00:00:03] [worker #5] Bootstrap tree #166, logLikelihood: -2484.016476
[00:00:03] [worker #7] Bootstrap tree #168, logLikelihood: -2512.017524
[00:00:03] [worker #1] Bootstrap tree #162, logLikelihood: -2541.581594
[00:00:03] [worker #17] Bootstrap tree #178, logLikelihood: -2474.033630
[00:00:03] [worker #26] Bootstrap tree #187, logLikelihood: -2565.341759
[00:00:03] [worker #13] Bootstrap tree #174, logLikelihood: -2588.774594
[00:00:03] [worker #15] Bootstrap tree #176, logLikelihood: -2609.577007
[00:00:03] [worker #20] Bootstrap tree #181, logLikelihood: -2633.594248
[00:00:03] [worker #3] Bootstrap tree #164, logLikelihood: 00:00:03] [worker #9] Bootstrap tree #170, logLikelihood: 
[00:00:03] [worker #3] Bootstrap tree #164, logLikelihood: 00:00:03] [worker #9] Bootstrap tree #170, logLikelihood: 
-2550.310656
[[00:00:03] [worker #25] Bootstrap tree #186, logLikelihood: 00:00:03] [worker #31] Bootstrap tree #192, logLikelihood: 
[[00:00:03] [worker #25] Bootstrap tree #186, logLikelihood: 00:00:03] [worker #31] Bootstrap tree #192, logLikelihood: 
-2531.576994
[00:00:03] [worker #27] Bootstrap tree #188, logLikelihood: -2587.796716
, logLikelihood: -2486.279479
[00:00:03] [worker #30] Bootstrap tree #191, logLikelihood: -2564.821309
[00:00:03] [worker #29] Bootstrap tree #190, logLikelihood: -2511.840530
[00:00:03] [worker #16] Bootstrap tree #177, logLikelihood: -2592.670927
[00:00:03] [worker #11] Bootstrap tree #172, logLikelihood: -2507.833706
[00:00:03] [worker #22] Bootstrap tree #183, logLikelihood: -2492.866006
[00:00:03] [worker #10] Bootstrap tree #171, logLikelihood: -2536.613534
[00:00:03] [worker #8] Bootstrap tree #169, logLikelihood: -2510.567502
[00:00:03] [worker #23] Bootstrap tree #184, logLikelihood: -2542.307860
[00:00:03] [worker #24] Bootstrap tree #185, logLikelihood: -2498.123826
[00:00:03] [worker #0] Bootstrap tree #161, logLikelihood: -2521.225169
[00:00:03] [worker #18] Bootstrap tree #179, logLikelihood: -2506.301960
[00:00:04] [worker #4] Bootstrap tree #197, logLikelihood: -2493.313718
[00:00:04] [worker #6] Bootstrap tree #199, logLikelihood: -2466.356341
[00:00:04] [worker #7] Bootstrap tree #200, logLikelihood: -2521.488118
[00:00:04] [worker #27] Bootstrap tree #220, logLikelihood: -2553.456816
[00:00:04] [worker #12] Bootstrap tree #205, logLikelihood: -2490.136027
00:00:04] [worker #25] Bootstrap tree #218, logLikelihood: -2492.848771
[00:00:04] [worker #8] Bootstrap tree #201, logLikelihood: -2571.777695
[00:00:04] [worker #15] Bootstrap tree #208, logLikelihood: -2477.675604
[00:00:04] [worker #22] Bootstrap tree #215, logLikelihood: -2532.424883
[00:00:04] [worker #28] Bootstrap tree #221, logLikelihood: -2559.146546
[00:00:04] [worker #13] Bootstrap tree #206, logLikelihood: -2492.179222
[00:00:04] [worker #9] Bootstrap tree #202, logLikelihood: -2588.655816
[00:00:04] [worker #26] Bootstrap tree #219, logLikelihood: -2543.702246
[00:00:04] [worker #21] Bootstrap tree #214, logLikelihood: -2454.882641
[00:00:04] [worker #3] Bootstrap tree #196, logLikelihood: -2533.860070
[00:00:04] [worker #20] Bootstrap tree #213, logLikelihood: -2598.488176
[00:00:04] [worker #2] Bootstrap tree #195, logLikelihood: -2580.402283
[00:00:04] [worker #10] Bootstrap tree #203, logLikelihood: -2445.989739
[00:00:04] [worker #30] Bootstrap tree #223, logLikelihood: -2637.738694
[00:00:04] [worker #0] Bootstrap tree #193, logLikelihood: -2472.888451
[00:00:04] [worker #14] Bootstrap tree #207, logLikelihood: -2566.619703
[00:00:04] [worker #17] Bootstrap tree #210, logLikelihood: -2518.780250
[00:00:04] [worker #19] Bootstrap tree #212, logLikelihood: -2560.301569
[00:00:04] [worker #1] Bootstrap tree #194, logLikelihood: -2576.580492
[00:00:04] [worker #5] Bootstrap tree #198, logLikelihood: -2537.645525
[00:00:04] [worker #16] Bootstrap tree #209, logLikelihood: -2449.941528
[00:00:04] [worker #18] Bootstrap tree #211, logLikelihood: -2500.257529
[00:00:04] [worker #24] Bootstrap tree #217, logLikelihood: -2595.887555
[00:00:04] [worker #11] Bootstrap tree #204, logLikelihood: -2527.532316
[00:00:04] [worker #29] Bootstrap tree #222, logLikelihood: -2540.194230
[00:00:04] [worker #31] Bootstrap tree #224, logLikelihood: -2520.080895
[00:00:04] [worker #23] Bootstrap tree #216, logLikelihood: -2572.441382
[00:00:04] [worker #25] Bootstrap tree #250, logLikelihood: -2499.531444
[00:00:04] [worker #4] Bootstrap tree #229, logLikelihood: -2532.913933
[00:00:04] [worker #22] Bootstrap tree #247, logLikelihood: -2557.740636
[00:00:04] [worker #15] Bootstrap tree #240, logLikelihood: -2538.664082
[00:00:04] [worker #27] Bootstrap tree #252, logLikelihood: -2556.409087
[00:00:04] [worker #8] Bootstrap tree #233, logLikelihood: -2495.893991
[00:00:04] [worker #21] Bootstrap tree #246, logLikelihood: -2554.478060
[00:00:04] [worker #6] Bootstrap tree #231, logLikelihood: -2535.722699
[00:00:04] [worker #2] Bootstrap tree #227, logLikelihood: -2557.954855
[00:00:04] [worker #9] Bootstrap tree #234, logLikelihood: -2547.400467
[00:00:04] [worker #7] Bootstrap tree #232, logLikelihood: -2530.164592
[00:00:04] [worker #3] Bootstrap tree #228, logLikelihood: -2561.208564
[00:00:04] [worker #30] Bootstrap tree #255, logLikelihood: -2490.867835
[00:00:04] [worker #12] Bootstrap tree #237, logLikelihood: -2553.376964
[00:00:04] [worker #20] Bootstrap tree #245, logLikelihood: -2505.208404
[00:00:04] [worker #5] Bootstrap tree #230, logLikelihood: -2579.413751
[00:00:04] [worker #13] Bootstrap tree #238, logLikelihood: -2512.390737
[00:00:04] [worker #10] Bootstrap tree #235, logLikelihood: -2526.632158
00:00:04] [worker #17] Bootstrap tree #242, logLikelihood: -2537.545927
[00:00:04] [worker #14] Bootstrap tree #239, logLikelihood: -2534.855397
[00:00:04] [worker #24] Bootstrap tree #249, logLikelihood: -2568.386033
[00:00:04] [worker #19] Bootstrap tree #244, logLikelihood: -2518.051673
[00:00:04] [worker #26] Bootstrap tree #251, logLikelihood: -2548.957166
[00:00:04] [worker #31] Bootstrap tree #256, logLikelihood: -2532.942345
[00:00:04] [worker #0] Bootstrap tree #225, logLikelihood: -2521.184145
[00:00:04] [worker #18] Bootstrap tree #243, logLikelihood: -2552.617886
[00:00:04] [worker #1] Bootstrap tree #226, logLikelihood: -2545.816245
[00:00:04] [worker #29] Bootstrap tree #254, logLikelihood: -2533.156206
[00:00:04] [worker #16] Bootstrap tree #241, logLikelihood: -2592.869325
[00:00:04] [worker #28] Bootstrap tree #253, logLikelihood: -2501.842948
[00:00:04] [worker #11] Bootstrap tree #236, logLikelihood: -2543.051737
[00:00:05] [worker #23] Bootstrap tree #248, logLikelihood: -2557.143310
[00:00:05] [worker #12] Bootstrap tree #269, logLikelihood: -2472.903656
[00:00:05] [worker #4] Bootstrap tree #261, logLikelihood: -2460.968989
[00:00:05] [worker #28] Bootstrap tree #285, logLikelihood: -2507.275999
[00:00:05] [worker #3] Bootstrap tree #260, logLikelihood: -2538.974098
[00:00:05] [worker #31] Bootstrap tree #288, logLikelihood: -2473.262302
[00:00:05] [worker #16] Bootstrap tree #273, logLikelihood: -2468.634675
[00:00:05] [worker #14] Bootstrap tree #271, logLikelihood: -2560.619760
[00:00:05] [worker #30] Bootstrap tree #287, logLikelihood: -2515.477625
[00:00:05] [worker #17] Bootstrap tree #274, logLikelihood: -2573.190042
[00:00:05] [worker #13] Bootstrap tree #270, logLikelihood: -2531.439168
[00:00:05] [worker #1] Bootstrap tree #258, logLikelihood: -2599.144318
[00:00:05] [worker #11] Bootstrap tree #268, logLikelihood: -2557.150601
[00:00:05] [worker #8] Bootstrap tree #265, logLikelihood: -2546.746987
[00:00:05] [worker #22] Bootstrap tree #279, logLikelihood: -2528.667965
[00:00:05] [worker #5] Bootstrap tree #262, logLikelihood: -2488.615653
[00:00:05] [worker #29] Bootstrap tree #286, logLikelihood: -2543.712184
[00:00:05] [worker #24] Bootstrap tree #281, logLikelihood: -2493.874389
[00:00:05] [worker #23] Bootstrap tree #280, logLikelihood: -2526.244747
[00:00:05] [worker #20] Bootstrap tree #277, logLikelihood: -2499.148456
[00:00:05] [worker #15] Bootstrap tree #272, logLikelihood: -2575.808216
[00:00:05] [worker #10] Bootstrap tree #267, logLikelihood: -2483.939915
[00:00:05] [worker #18] Bootstrap tree #275, logLikelihood: -2556.815228
[00:00:05] [worker #6] Bootstrap tree #263, logLikelihood: -2603.194534
[00:00:05] [worker #27] Bootstrap tree #284, logLikelihood: -2576.929784
[00:00:05] [worker #26] Bootstrap tree #283, logLikelihood: -2564.799236
[00:00:05] [worker #7] Bootstrap tree #264, logLikelihood: -2504.337250
[00:00:05] [worker #25] Bootstrap tree #282, logLikelihood: -2619.780784
[00:00:05] [worker #2] Bootstrap tree #259, logLikelihood: -2565.187758
[00:00:05] [worker #12] Bootstrap tree #301, logLikelihood: -2500.421487
[00:00:05] [worker #9] Bootstrap tree #266, logLikelihood: -2517.670989
[00:00:05] [worker #0] Bootstrap tree #257, logLikelihood: -2447.406804
[00:00:05] [worker #19] Bootstrap tree #276, logLikelihood: -2536.444950
[00:00:05] [worker #21] Bootstrap tree #278, logLikelihood: -2580.577885
[00:00:05] [worker #4] Bootstrap tree #293, logLikelihood: -2578.600224
[00:00:05] [worker #28] Bootstrap tree #317, logLikelihood: -2569.089777
[00:00:05] [worker #31] Bootstrap tree #320, logLikelihood: -2522.446752
[00:00:05] [worker #26] Bootstrap tree #315, logLikelihood: -2526.700396
[00:00:05] [worker #14] Bootstrap tree #303, logLikelihood: -2521.383044
[00:00:05] [worker #30] Bootstrap tree #319, logLikelihood: -2574.858481
[00:00:05] [worker #3] Bootstrap tree #292, logLikelihood: -2549.086492
[00:00:05] [worker #6] Bootstrap tree #295, logLikelihood: -2561.814275
[00:00:05] [worker #1] Bootstrap tree #290, logLikelihood: -2541.601948
[00:00:05] [worker #22] Bootstrap tree #311, logLikelihood: -2470.998773
[00:00:05] [worker #13] Bootstrap tree #302, logLikelihood: -2505.111127
[00:00:05] [worker #18] Bootstrap tree #307, logLikelihood: -2567.384490
[00:00:05] [worker #9] Bootstrap tree #298, logLikelihood: -2491.030717
[00:00:05] [worker #17] Bootstrap tree #306, logLikelihood: -2534.704383
[00:00:05] [worker #15] Bootstrap tree #304, logLikelihood: -2537.674859
[00:00:05] [worker #7] Bootstrap tree #296, logLikelihood: -2601.247432
[00:00:05] [worker #16] Bootstrap tree #305, logLikelihood: -2529.551093
[00:00:05] [worker #25] Bootstrap tree #314, logLikelihood: -2512.935485
[00:00:05] [worker #5] Bootstrap tree #294, logLikelihood: -2512.823787
[00:00:05] [worker #24] Bootstrap tree #313, logLikelihood: -2567.539448
[00:00:05] [worker #11] Bootstrap tree #300, logLikelihood: -2520.338949
[00:00:05] [worker #29] Bootstrap tree #318, logLikelihood: -2571.010364
[00:00:05] [worker #23] Bootstrap tree #312, logLikelihood: -2510.973589
[00:00:05] [worker #8] Bootstrap tree #297, logLikelihood: -2571.280833
[00:00:05] [worker #19] Bootstrap tree #308, logLikelihood: -2542.779361
[00:00:05] [worker #2] Bootstrap tree #291, logLikelihood: -2518.203662
[00:00:06] [worker #20] Bootstrap tree #309, logLikelihood: -2534.939551
[00:00:06] [worker #10] Bootstrap tree #299, logLikelihood: -2578.818132
[[00:00:06] [worker #21] Bootstrap tree #310, logLikelihood: 00:00:06] [worker #27] Bootstrap tree #316, logLikelihood: -2528.128784
-2476.163569
[00:00:06] [worker #0] Bootstrap tree #289, logLikelihood: -2590.334146
[00:00:06] [worker #29] Bootstrap tree #350, logLikelihood: -2550.989232
[00:00:06] [worker #7] Bootstrap tree #328, logLikelihood: -2515.384828
[00:00:06] [worker #19] Bootstrap tree #340, logLikelihood: -2495.055721
[00:00:06] [worker #17] Bootstrap tree #338, logLikelihood: -2520.765475
-2505.416858
[00:00:06] [worker #24] Bootstrap tree #345, logLikelihood: [00:00:06] [worker #23] 
[00:00:06] [worker #24] Bootstrap tree #345, logLikelihood: [00:00:06] [worker #23] 
Bootstrap tree #344, logLikelihood: -2594.405376
[00:00:06] [worker #20] Bootstrap tree #341, logLikelihood: -2592.415054
[00:00:06] [worker #13] Bootstrap tree #334, logLikelihood: -2481.356060
[00:00:06] [worker #26] Bootstrap tree #347, logLikelihood: -2541.384073
[00:00:06] [worker #27] Bootstrap tree #348, logLikelihood: -2502.094721
[00:00:06] [worker #15] Bootstrap tree #336, logLikelihood: -2592.398616
[00:00:06] [worker #12] Bootstrap tree #333, logLikelihood: -2517.171471
[00:00:06] [worker #31] Bootstrap tree #352, logLikelihood: -2544.264194
[00:00:06] [worker #30] Bootstrap tree #351, logLikelihood: -2508.495632
[00:00:06] [worker #30] Bootstrap tree #351, logLikelihood: -2508.495632
[00:00:06] [worker #9] Bootstrap tree #330, logLikelihood: -2592.935431[
[00:00:06] [worker #30] Bootstrap tree #351, logLikelihood: -2508.495632
[00:00:06] [worker #9] Bootstrap tree #330, logLikelihood: -2592.935431[
00:00:06] [worker #16] Bootstrap tree #337, logLikelihood: -2533.056992
[00:00:06] [worker #1] Bootstrap tree #322, logLikelihood: [-2530.35173300


00:00:06] [worker #21] Bootstrap tree #342, logLikelihood: -2512.536125
[00:00:06] [worker #8] Bootstrap tree #329, logLikelihood: -2467.022361
[00:00:06] [worker #10] Bootstrap tree #331, logLikelihood: -2577.781527
[00:00:06] [worker #6] Bootstrap tree #327, logLikelihood: -2529.033935
[00:00:06] [worker #18] Bootstrap tree #339, logLikelihood: -2491.960571
[00:00:06] [worker #28] Bootstrap tree #349, logLikelihood: -2524.558135
[00:00:06] [worker #0] Bootstrap tree #321, logLikelihood: -2518.688451
[00:00:06] [worker #11] Bootstrap tree #332, logLikelihood: -2600.488690
[00:00:07] [worker #3] Bootstrap tree #324, logLikelihood: -2574.332613
[00:00:07] [worker #2] Bootstrap tree #323, logLikelihood: -2528.545551
[00:00:07] [worker #22] Bootstrap tree #343, logLikelihood: -2585.594579
[00:00:07] [worker #17] Bootstrap tree #370, logLikelihood: -2474.526887
[00:00:07] [worker #29] Bootstrap tree #382, logLikelihood: -2540.580838
[00:00:07] [worker #12] Bootstrap tree #365, logLikelihood: -2606.911509
[00:00:07] [worker #25] Bootstrap tree #346, logLikelihood: -2557.622750
[00:00:07] [worker #20] Bootstrap tree #373, logLikelihood: -2502.414494
[00:00:07] [worker #5] Bootstrap tree #358, logLikelihood: -2563.374933
[00:00:07] [worker #23] Bootstrap tree #376, logLikelihood: -2597.112757
[00:00:07] [worker #24] Bootstrap tree #377, logLikelihood: -2453.672803
[00:00:07] [worker #13] Bootstrap tree #366, logLikelihood: -2480.930673
[00:00:07] [worker #19] Bootstrap tree #372, logLikelihood: -2508.965811
[00:00:07] [worker #30] Bootstrap tree #383, logLikelihood: -2555.710899
[00:00:07] [worker #31] Bootstrap tree #384, logLikelihood: -2508.447055
[00:00:07] [worker #16] Bootstrap tree #369, logLikelihood: -2555.486607
[00:00:07] [worker #8] Bootstrap tree #361, logLikelihood: -2558.759031
[00:00:07] [worker #18] Bootstrap tree #371, logLikelihood: -2538.769360
[00:00:07] [worker #6] Bootstrap tree #359, logLikelihood: -2504.388892
[00:00:07] [worker #28] Bootstrap tree #381, logLikelihood: -2540.073050
[00:00:07] [worker #9] Bootstrap tree #362, logLikelihood: -2496.406484
[00:00:07] [worker #15] Bootstrap tree #368, logLikelihood: -2499.284656
[00:00:07] [worker #27] Bootstrap tree #380, logLikelihood: -2502.641071
[00:00:07] [worker #4] Bootstrap tree #357, logLikelihood: -2628.366134
[00:00:07] [worker #10] Bootstrap tree #363, logLikelihood: -2537.329960
[00:00:07] [worker #26] Bootstrap tree #379, logLikelihood: -2489.009699
[00:00:07] [worker #3] Bootstrap tree #356, logLikelihood: -2516.261487
[00:00:07] [worker #2] Bootstrap tree #355, logLikelihood: -2565.731507
[00:00:07] [worker #14] Bootstrap tree #367, logLikelihood: -2494.440072
[00:00:07] [worker #1] Bootstrap tree #354, logLikelihood: -2477.797252
[00:00:07] [worker #7] Bootstrap tree #360, logLikelihood: -2519.536658
[00:00:07] [worker #11] Bootstrap tree #364, logLikelihood: -2564.062419
[00:00:07] [worker #21] Bootstrap tree #374, logLikelihood: -2589.953794
[00:00:07] [worker #22] Bootstrap tree #375, logLikelihood: -2503.159171
[00:00:07] [worker #25] Bootstrap tree #378, logLikelihood: -2488.273707
[00:00:07] [worker #0] Bootstrap tree #353, logLikelihood: -2571.424617
[00:00:08] [worker #4] Bootstrap tree #389, logLikelihood: -2507.485241
[00:00:08] [worker #1] Bootstrap tree #386, logLikelihood: -2493.123115
[00:00:08] [worker #29] Bootstrap tree #414, logLikelihood: -2524.897838
[00:00:08] [worker #26] Bootstrap tree #411, logLikelihood: -2429.524483
[00:00:08] [worker #31] Bootstrap tree #416, logLikelihood: -2518.834588
[00:00:08] [worker #18] Bootstrap tree #403, logLikelihood: -2581.068432
[00:00:08] [worker #22] Bootstrap tree #407, logLikelihood: -2569.364702
[00:00:08] [worker #25] Bootstrap tree #410, logLikelihood: -2532.470348
[00:00:08] [worker #20] Bootstrap tree #405, logLikelihood: -2516.831595
[00:00:08] [worker #21] Bootstrap tree #406, logLikelihood: -2562.572520
[00:00:08] [worker #8] Bootstrap tree #393, logLikelihood: -2525.685388
00:00:08] [worker #10] Bootstrap tree #395, logLikelihood: -2504.060997
[00:00:08] [worker #17] Bootstrap tree #402, logLikelihood: -2534.674731
[00:00:08] [worker #16] Bootstrap tree #401, logLikelihood: -2520.813625
[00:00:08] [worker #15] Bootstrap tree #400, logLikelihood: -2572.693368
[00:00:08] [worker #30] Bootstrap tree #415, logLikelihood: -2565.558703
00[00::000:00:08] ] [worker #6] Bootstrap tree #Bootstrap tree #391, logLikelihood: , logLikelihood: -2532.602385-2583.511939
00[00::000:00:08] ] [worker #6] Bootstrap tree #Bootstrap tree #391, logLikelihood: , logLikelihood: -2532.602385-2583.511939

[00:00:08] [worker #28] Bootstrap tree #413, logLikelihood: -2501.616481
[00:00:08] [worker #27] Bootstrap tree #412, logLikelihood: -2497.987515
[00:00:08] [worker #14] Bootstrap tree #399, logLikelihood: -2545.235648
[00:00:08] [worker #7] Bootstrap tree #392, logLikelihood: -2483.666573
[00:00:08] [worker #2] Bootstrap tree #387, logLikelihood: -2567.695629
[00:00:08] [worker #23] Bootstrap tree #408, logLikelihood: -2611.445485
[00:00:08] [worker #5] Bootstrap tree #390, logLikelihood: -2496.168172
[00:00:08] [worker #0] Bootstrap tree #385, logLikelihood: -2525.970341
[00:00:08] [worker #19] Bootstrap tree #404, logLikelihood: -2535.221182
[00:00:08] [worker #9] Bootstrap tree #394, logLikelihood: -2505.671482
[00:00:08] [worker #12] Bootstrap tree #397, logLikelihood: -2552.869071
[00:00:08] [worker #13] Bootstrap tree #398, logLikelihood: -2558.092131
[00:00:08] [worker #24] Bootstrap tree #409, logLikelihood: -2562.524605
[00:00:08] [worker #11] Bootstrap tree #396, logLikelihood: -2540.486667
[00:00:08] [worker #26] Bootstrap tree #443, logLikelihood: -2536.624144
[00:00:08] [worker #29] Bootstrap tree #446, logLikelihood: -2592.838752
[00:00:08] [worker #17] Bootstrap tree #434, logLikelihood: -2547.130198
[00:00:08] [worker #22] Bootstrap tree #439, logLikelihood: -2549.524104
[00:00:08] [worker #1] Bootstrap tree #418, logLikelihood: -2563.845434
[00:00:08] [worker #31] Bootstrap tree #448, logLikelihood: -2515.710233
[00:00:08] [worker #21] Bootstrap tree #438, logLikelihood: -2481.773628
[00:00:08] [worker #20] Bootstrap tree #437, logLikelihood: -2563.367970
[00:00:08] [worker #4] Bootstrap tree #421, logLikelihood: -2565.506442
[00:00:08] [worker #10] Bootstrap tree #427, logLikelihood: -2578.295383
[00:00:08] [worker #8] Bootstrap tree #425, logLikelihood: -2540.488482
[00:00:08] [worker #30] Bootstrap tree #447, logLikelihood: -2543.255895
[00:00:08] [worker #14] Bootstrap tree #431, logLikelihood: -2563.354971
[worker #16] Bootstrap tree #433, logLikelihood: -2557.786931
[00:00:08] [worker #15] Bootstrap tree #432, logLikelihood: -2553.064509
[00:00:08] [worker #27] Bootstrap tree #444, logLikelihood: -2492.873046
[00:00:08] [worker #28] Bootstrap tree #445, logLikelihood: -2543.697023
[00:00:08] [worker #25] Bootstrap tree #442, logLikelihood: -2470.551277
[00:00:08] [worker #2] Bootstrap tree #419, logLikelihood: -2539.807039
[00:00:08] [worker #12] Bootstrap tree #429, logLikelihood: -2526.923490
[00:00:08] [worker #18] Bootstrap tree #435, logLikelihood: -2561.343635
[00:00:08] [worker #3] Bootstrap tree #420, logLikelihood: -2512.111699
[00:00:08] [worker #9] Bootstrap tree #426, logLikelihood: -2541.214583
[00:00:08] [worker #5] Bootstrap tree #422, logLikelihood: -2534.323043
[worker #7] Bootstrap tree #424, logLikelihood: -2533.480281
[00:00:08] [worker #6] Bootstrap tree #423, logLikelihood: -2476.010140
[00:00:08] [worker #23] Bootstrap tree #440, logLikelihood: -2552.371595
[00:00:08] [worker #13] Bootstrap tree #430, logLikelihood: -2475.694773
[00:00:08] [worker #0] Bootstrap tree #417, logLikelihood: -2559.141486
[00:00:08] [worker #11] Bootstrap tree #428, logLikelihood: -2450.871981
[00:00:08] [worker #24] Bootstrap tree #441, logLikelihood: -2548.362041
[00:00:08] [worker #19] Bootstrap tree #436, logLikelihood: -2491.903943
[00:00:09] [worker #13] Bootstrap tree #462, logLikelihood: -2523.349318
[00:00:09] [worker #28] Bootstrap tree #[77,, logLikelihood: 00:00:09] [worker #2] Bootstrap tree #451, logLikelihood: -2503.962418
[worker #7] worker #28] Bootstrap tree #[77,, logLikelihood: 00:00:09] [worker #2] Bootstrap tree #451, logLikelihood: -2503.962418
-2542.659013
456, logLikelihood: -2545.972767
[00:00:09] [worker #14] Bootstrap tree #463, logLikelihood: -2481.132864
[00:00:09] [worker #1] Bootstrap tree #450, logLikelihood: -2607.105500
[00:00:09] [worker #15] Bootstrap tree #464, logLikelihood: -2541.535546
[00:00:09] [worker #11] Bootstrap tree #460, logLikelihood: -2497.482995
[00:00:09] [worker #31] Bootstrap tree #480, logLikelihood: -2572.288302
[00:00:09] [worker #3] Bootstrap tree #452, logLikelihood: -2503.048436
[00:00:09] [worker #29] Bootstrap tree #478, logLikelihood: -2536.299549
[00:00:09] [worker #18] Bootstrap tree #467, logLikelihood: -2462.614686
[00:00:09] [worker #16] Bootstrap tree #465, logLikelihood: -2529.060818
[00:00:09] [worker #9] Bootstrap tree #458, logLikelihood: -2504.962937
[00:00:09] [worker #5] Bootstrap tree #454, logLikelihood: -2554.238687
[00:00:09] [worker #22] Bootstrap tree #471, logLikelihood: -2512.167192
[00:00:09] [worker #10] Bootstrap tree #459, logLikelihood: [-2557.43954700
[00:00:09] [worker #10] Bootstrap tree #459, logLikelihood: [-2557.43954700
:00:09] [worker #25] Bootstrap tree #474, logLikelihood: -2520.585340
[00:00:09] [worker #27] Bootstrap tree #476, logLikelihood: -2450.623239
[00:00:09] [worker #20] Bootstrap tree #469, logLikelihood: -2525.159718
[00:00:09] [worker #26] Bootstrap tree #475, logLikelihood: -2540.109182
[[00:00:09] [worker #24] Bootstrap tree #473, logLikelihood: 00:00:09] [worker #6] Bootstrap tree #455, logLikelihood: -2519.256188-2523.629047
[[00:00:09] [worker #24] Bootstrap tree #473, logLikelihood: 00:00:09] [worker #6] Bootstrap tree #455, logLikelihood: -2519.256188-2523.629047

[00:00:09] [worker #4] Bootstrap tree #453, logLikelihood: -2546.364562
[00:00:09] [worker #19] Bootstrap tree #468, logLikelihood: -2555.348879
[00:00:09] [worker #0] Bootstrap tree #449, logLikelihood: -2479.148398
[00:00:09] [worker #17] Bootstrap tree #466, logLikelihood: -2519.129968
[00:00:09] [worker #23] Bootstrap tree #472, logLikelihood: -2517.514260
[00:00:09] [worker #21] Bootstrap tree #470, logLikelihood: -2603.803129
[00:00:09] [worker #30] Bootstrap tree #479, logLikelihood: -2590.030567
[00:00:09] [worker #8] Bootstrap tree #457, logLikelihood: -2642.699714
[00:00:09] [worker #12] Bootstrap tree #461, logLikelihood: -2556.443853
[00:00:09] [worker #11] Bootstrap tree #492, logLikelihood: -2544.859806
[00:00:09] [worker #28] Bootstrap tree #509, logLikelihood: -2569.689702
[00:00:09] [worker #3] Bootstrap tree #484, logLikelihood: -2510.515403
[00:00:09] [worker #15] Bootstrap tree #496, logLikelihood: -2542.665345
[00:00:09] [worker #13] Bootstrap tree #494, logLikelihood: -2586.625005
[00:00:09] [worker #10] Bootstrap tree #491, logLikelihood: -2532.688605
[00:00:09] [worker #1] Bootstrap tree #482, logLikelihood: -2524.279798
[00:00:09] [worker #9] Bootstrap tree #490, logLikelihood: -2634.163312
[00:00:09] [worker #19] Bootstrap tree #500, logLikelihood: -2583.427705
[00:00:09] [worker #16] Bootstrap tree #497, logLikelihood: -2516.534619
[00:00:09] [worker #22] Bootstrap tree #503, logLikelihood: -2553.167838
[00:00:09] [worker #8] Bootstrap tree #489, logLikelihood: -2570.789283
[00:00:09] [worker #23] Bootstrap tree #504, logLikelihood: -2487.268929
[00:00:09] [worker #29] Bootstrap tree #510, logLikelihood: -2490.660621
[00:00:09] [worker #12] Bootstrap tree #493, logLikelihood: -2582.122905
[00:00:09] [worker #18] Bootstrap tree #499, logLikelihood: -2495.946645
[00:00:09] [worker #5] Bootstrap tree #486, logLikelihood: -2499.497436
[00:00:09] [worker #20] Bootstrap tree #501, logLikelihood: -2579.254142
[00:00:09] [worker #21] Bootstrap tree #502, logLikelihood: -2570.400938
[00:00:09] [worker #7] Bootstrap tree #488, logLikelihood: -2555.696810
[00:00:09] [worker #24] Bootstrap tree #505, logLikelihood: -2515.586056
[00:00:09] [worker #25] Bootstrap tree #506, logLikelihood: -2501.973561
00[:00:09] [worker #27] Bootstrap tree #508, logLikelihood: -2567.73047300
-2504.631556
[00:00:09] [worker #26] Bootstrap tree #507, logLikelihood: -2540.031080
[00:00:09] [worker #4] Bootstrap tree #485, logLikelihood: -2516.308436
[00:00:09] [worker #30] Bootstrap tree #511, logLikelihood: -2529.270874
[00:00:09] [worker #17] Bootstrap tree #498, logLikelihood: -2599.074980
[00:00:10] [worker #14] Bootstrap tree #495, logLikelihood: -2527.328732
[00:00:10] [worker #31] Bootstrap tree #512, logLikelihood: -2551.907389
[00:00:10] [worker #0] Bootstrap tree #481, logLikelihood: [2543.8454309
-2576.920720
[00:00:10] [worker #31] Bootstrap tree #544, logLikelihood: -2482.144043
[00:00:11] [worker #20] Bootstrap tree #533, logLikelihood: -2528.917099
[00:00:11] [worker #18] Bootstrap tree #531, logLikelihood: -2547.561903
[00:00:11] [worker #24] Bootstrap tree #537, logLikelihood: -2547.885237
[00:00:11] [worker #11] Bootstrap tree #524, logLikelihood: -2558.264516
[00:00:11] [worker #25] Bootstrap tree #538, logLikelihood: -2535.438005
[00:00:11] [worker #16] Bootstrap tree #529, logLikelihood: -2558.916601
[00:00:11] [worker #9] Bootstrap tree #522, logLikelihood: -2567.473237
[00:00:11] [worker #5] Bootstrap tree #518, logLikelihood: -2515.713248
[00:00:11] [worker #15] Bootstrap tree #528, logLikelihood: -2475.859257
[00:00:11] [worker #21] Bootstrap tree #534, logLikelihood: -2558.168271
[00:00:11] [worker #28] Bootstrap tree #541, logLikelihood: -2523.968939
[00:00:11] [worker #22] Bootstrap tree #535, logLikelihood: -2536.097858
[00:00:11] [worker #8] Bootstrap tree #521, logLikelihood: -2541.280988
[00:00:11] [worker #1] Bootstrap tree #514, logLikelihood: -2473.272645
[00:00:11] [worker #17] Bootstrap tree #530, logLikelihood: -2549.488107
[00:00:11] [worker #23] Bootstrap tree #536, logLikelihood: -2472.156381
[00:00:11] [worker #4] Bootstrap tree #517, logLikelihood: -2548.890295
[00:00:11] [worker #27] Bootstrap tree #540, logLikelihood: -2552.533629
[00:00:11] [worker #3] Bootstrap tree #516, logLikelihood: -2540.134351
[00:00:11] [worker #7] Bootstrap tree #520, logLikelihood: -2570.397742
[00:00:11] [worker #26] Bootstrap tree #539, logLikelihood: -2563.072862
-2536.683529[[
:0036.683529[[
00:00:11] [worker #31] Bootstrap tree #576, logLikelihood: -2505.469526
:11] [worker #10] Bootstrap tree #523, logLikelihood: -2477.451118
[00:00:11] [worker #6] Bootstrap tree #519, logLikelihood: -2503.102241
[00:00:11] [worker #2] Bootstrap tree #515, logLikelihood: -2511.917799
[00:00:11] [worker #30] Bootstrap tree #543, logLikelihood: -2508.040654
[00:00:11] [worker #29] Bootstrap tree #542, logLikelihood: -2562.716025
[00:00:11] [worker #13] Bootstrap tree #526, logLikelihood: -2499.692522
[00:00:11] [worker #19] Bootstrap tree #532, logLikelihood: -2533.879507
[00:00:11] [worker #12] Bootstrap tree #525, logLikelihood: -2547.134807
[00:00:11] [worker #0] Bootstrap tree #513, logLikelihood: -2523.608804
[00:00:11] [worker #24] Bootstrap tree #569, logLikelihood: -2561.348174
[00:00:11] [worker #20] Bootstrap tree #565, logLikelihood: -2559.961096
[00:00:11] [worker #16] Bootstrap tree #561, logLikelihood: -2546.764242
[00:00:11] [worker #18] Bootstrap tree #563, logLikelihood: -2553.368253
[00:00:11] [worker #11] Bootstrap tree #556, logLikelihood: -2453.267609
[00:00:11] [worker #25] Bootstrap tree #570, logLikelihood: -2602.061839
[00:00:11] [worker #1] Bootstrap tree #546, logLikelihood: -2490.950570
[00:00:11] [worker #17] Bootstrap tree #562, logLikelihood: -2598.197179
[00:00:11] [worker #15] Bootstrap tree #560, logLikelihood: -2547.280914
[00:00:11] [worker #2] Bootstrap tree #547, logLikelihood: -2595.916570
[00:00:11] [worker #28] Bootstrap tree #573, logLikelihood: -2552.632794
[00:00:11] [worker #5] Bootstrap tree #550, logLikelihood: -2540.403399
[00:00:11] [worker #23] Bootstrap tree #568, logLikelihood: -2493.307406
[00:00:11] [worker #10] Bootstrap tree #555, logLikelihood: -2486.719718
[00:00:11] [worker #3] Bootstrap tree #548, logLikelihood: -2578.414940
[00:00:11] [worker #6] Bootstrap tree #551, logLikelihood: -2525.869979
[00:00:11] [worker #30] Bootstrap tree #575, logLikelihood: -2546.816089
[00:00:11] [worker #14] Bootstrap tree #559, logLikelihood: -2489.249067
[00:00:11] [worker #29] Bootstrap tree #574, logLikelihood: -2516.811334
[00:00:11] [worker #9] Bootstrap tree #554, logLikelihood: -2592.512976
[00:00:11] [worker #4] Bootstrap tree #549, logLikelihood: -2495.945481
[00:00:11] [worker #21] Bootstrap tree #566, logLikelihood: -2561.863491
[00:00:11] [worker #8] Bootstrap tree #553, logLikelihood: -2524.582203
[00:00:11] [worker #13] Bootstrap tree #558, logLikelihood: -2543.297221
[00:00:11] [worker #22] Bootstrap tree #567, logLikelihood: -2504.147252
[00:00:11] [worker #26] Bootstrap tree #571, logLikelihood: -2557.867311
[00:00:11] [worker #27] Bootstrap tree #572, logLikelihood: -2509.683647
[00:00:11] [worker #12] Bootstrap tree #557, logLikelihood: -2498.022512
[00:00:11] [worker #7] Bootstrap tree #552, logLikelihood: -2508.168092
[00:00:11] [worker #19] Bootstrap tree #564, logLikelihood: -2535.852282
[00:00:11] [worker #0] Bootstrap tree #545, logLikelihood: -2523.325360
[00:00:12] [worker #14] Bootstrap tree #591, logLikelihood: -2499.812278
[00:00:12] [worker #7] Bootstrap tree #584, logLikelihood: -2607.680698
[00:00:12] [worker #12] Bootstrap tree #589, logLikelihood: -2526.561421
[00:00:12] [worker #13] Bootstrap tree #590, logLikelihood: -2476.618481
[00:00:12] [worker #31] Bootstrap tree #608, logLikelihood: -2452.707414
[00:00:12] [worker #26] Bootstrap tree #603, logLikelihood: -2541.759318
[00:00:13] [worker #18] Bootstrap tree #595, logLikelihood: -2505.848580
[00:00:13] [worker #20] Bootstrap tree #597, logLikelihood: -2482.343216
[00:00:13] [worker #14] Bootstrap tree #623, logLikelihood: -2519.189889
[00:00:13] [worker #4] Bootstrap tree #581, logLikelihood: -2495.626840
[00:00:13] [worker #30] Bootstrap tree #607, logLikelihood: -2559.180064
[00:00:13] [worker #15] Bootstrap tree #592, logLikelihood: -2473.984898
[00:00:13] [worker #9] Bootstrap tree #586, logLikelihood: -2530.506272
[00:00:13] [worker #8] Bootstrap tree #585, logLikelihood: -2517.003165
[00:00:13] [worker #29] Bootstrap tree #606, logLikelihood: -2517.235605
[00:00:13] [worker #28] Bootstrap tree #605, logLikelihood: -2589.272210
[00:00:13] [worker #11] Bootstrap tree #588, logLikelihood: -2547.227975
[00:00:13] [worker #27] Bootstrap tree #604, logLikelihood: -2476.110231
[00:00:13] [worker #23] Bootstrap tree #600, logLikelihood: -2567.168192
[00:00:13] [worker #5] Bootstrap tree #582, logLikelihood: -2537.675533
[00:00:13] [worker #16] Bootstrap tree #593, logLikelihood: -2556.171825
[00:00:13] [worker #25] Bootstrap tree #602, logLikelihood: -2584.049188
[00:00:13] [worker #1] Bootstrap tree #578, logLikelihood: -2547.397726
[00:00:13] [worker #22] Bootstrap tree #599, logLikelihood: -2562.261922
[00:00:13] [worker #10] Bootstrap tree #587, logLikelihood: -2531.473844
[00:00:13] [worker #12] Bootstrap tree #621, logLikelihood: -2526.723786
[00:00:13] [worker #6] Bootstrap tree #583, logLikelihood: -2633.479324
[00:00:13] [worker #2] Bootstrap tree #579, logLikelihood: -2545.671207
[00:00:13] [worker #24] Bootstrap tree #601, logLikelihood: -2543.396395
[00:00:13] [worker #19] Bootstrap tree #596, logLikelihood: -2533.286895
[00:00:13] [worker #17] Bootstrap tree #594, logLikelihood: -2561.480583
[00:00:13] [worker #0] Bootstrap tree #577, logLikelihood: -2531.264161
[00:00:13] [worker #3] Bootstrap tree #580, logLikelihood: -2506.081163
[00:00:13] [worker #21] Bootstrap tree #598, logLikelihood: -2496.999988
[00:00:13] [worker #7] Bootstrap tree #616, logLikelihood: -2581.018746
[00:00:13] [worker #31] Bootstrap tree #640, logLikelihood: -2557.570944
[00:00:13] [worker #11] Bootstrap tree #620, logLikelihood: -2570.490483
[00:00:13] [worker #30] Bootstrap tree #639, logLikelihood: -2482.044865
[00:00:13] [worker #29] Bootstrap tree #638, logLikelihood: -2522.651209
[00:00:13] [worker #10] Bootstrap tree #619, logLikelihood: -2491.702358
[00:00:13] [worker #23] Bootstrap tree #632, logLikelihood: -2542.309632
[00:00:13] [worker #8] Bootstrap tree #617, logLikelihood: -2554.387693
[00:00:13] [worker #13] Bootstrap tree #622, logLikelihood: -2524.085951
[00:00:13] [worker #25] Bootstrap tree #634, logLikelihood: -2598.299045
[00:00:13] [worker #28] Bootstrap tree #637, logLikelihood: -2508.761690
[00:00:13] [worker #9] Bootstrap tree #618, logLikelihood: -2545.310335
[00:00:13] [worker #20] Bootstrap tree #629, logLikelihood: -2471.571214
[00:00:13] [worker #18] Bootstrap tree #627, logLikelihood: -2565.772647
[00:00:13] [worker #4] Bootstrap tree #613, logLikelihood: -2566.797254
[00:00:13] [worker #16] Bootstrap tree #625, logLikelihood: -2551.044629
[00:00:13] [worker #16] Bootstrap tree #625, logLikelihood: -2551.044629
[00:00:13] [worker #26] Bootstrap tree #635, logLikelihood: -2540.438505
[00:00:13] [worker #24] Bootstrap tree #633, logLikelihood: -2533.802028
[00:00:13] [worker #5] Bootstrap tree #614, logLikelihood: -2501.429511
[00:00:13] [worker #1] Bootstrap tree #610, logLikelihood: -2567.171293
[00:00:13] [worker #15] Bootstrap tree #624, logLikelihood: -2594.044400
[00:00:13] [worker #17] Bootstrap tree #626, logLikelihood: -2516.135017
[00:00:13] [worker #22] Bootstrap tree #631, logLikelihood: -2549.791286
[00:00:13] [worker #2] Bootstrap tree #611, logLikelihood: -2532.470891
[00:00:13] [worker #6] Bootstrap tree #615, logLikelihood: -2541.305675
00:13] [worker #27] Bootstrap tree #636, logLikelihood: -2462.752897
[00:00:13] [worker #19] Bootstrap tree #628, logLikelihood: -2570.524510
[00:00:13] [worker #21] Bootstrap tree #630, logLikelihood: -2496.079140
[00:00:13] [worker #0] Bootstrap tree #609, logLikelihood: -2535.553803
[00:00:13] [worker #3] Bootstrap tree #612, logLikelihood: -2548.556610
[00:00:14] [worker #22] Bootstrap tree #663, logLikelihood: -2506.412613
[00:00:14] [worker #19] Bootstrap tree #660, logLikelihood: -2521.114161
[00:00:14] [worker #8] Bootstrap tree #649, logLikelihood: [-2554.1198560
[00:00:14] [worker #8] Bootstrap tree #649, logLikelihood: [-2554.1198560
00:14] [worker #11] Bootstrap tree #652, logLikelihood: -2536.808526
[00:00:14] [worker #28] Bootstrap tree #669, logLikelihood: -2513.679743
[00:00:14] [worker #17] Bootstrap tree #658, logLikelihood: 00:00:14] [worker #6] Bootstrap tree #647, logLikelihood: -2496.488395-2487.466574
[00:00:14] [worker #17] Bootstrap tree #658, logLikelihood: 00:00:14] [worker #6] Bootstrap tree #647, logLikelihood: -2496.488395-2487.466574

[00:00:14] [worker #30] Bootstrap tree #671, logLikelihood: -2503.159726
[00:00:14] [worker #2] Bootstrap tree #643, logLikelihood: -2559.429494
[00:00:14] [worker #10] Bootstrap tree #651, logLikelihood: -2555.317395
[00:00:14] [worker #23] Bootstrap tree #664, logLikelihood: -2531.138430
[00:00:15] [worker #21] Bootstrap tree #662, logLikelihood: -2532.978108
[00:00:15] [worker #0] Bootstrap tree #641, logLikelihood: -2559.848270
[00:00:15] [worker #14] Bootstrap tree #655, logLikelihood: -2532.549220
[00:00:15] [worker #9] Bootstrap tree #650, logLikelihood: -2623.460384
[00:00:15] [worker #13] Bootstrap tree #654, logLikelihood: -2573.640965
[00:00:15] [worker #12] Bootstrap tree #653, logLikelihood: -2581.945811
[00:00:15] [worker #24] Bootstrap tree #665, logLikelihood: -2503.983589
[00:00:15] [worker #18] Bootstrap tree #659, logLikelihood: -2526.607845
-2516.286717
[00:00:15] [worker #31] Bootstrap tree #672, logLikelihood: -2521.154442
[00:00:15] [worker #27] Bootstrap tree #668, logLikelihood: -2566.511658
[00:00:15] [worker #7] Bootstrap tree #648, logLikelihood: -2535.656897
[00:00:15] [worker #3] Bootstrap tree #644, logLikelihood: -2561.663109
[00:00:15] [worker #26] Bootstrap tree #667, logLikelihood: -2556.593865
[00:00:15] [worker #4] Bootstrap tree #645, logLikelihood: -2574.840822
[00:00:15] [worker #4] Bootstrap tree #645, logLikelihood: -2574.840822
[00:00:15] [worker #25] Bootstrap tree #666, logLikelihood: -2561.388116
[00:00:15] [worker #20] Bootstrap tree #661, logLikelihood: -2530.737313
[00:00:15] [worker #29] Bootstrap tree #670, logLikelihood: -2542.449236
[00:00:15] [worker #1] Bootstrap tree #642, logLikelihood: -2536.891697
[00:00:15] [worker #5] Bootstrap tree #646, logLikelihood: -2519.087369
[00:00:15] [worker #15] Bootstrap tree #656, logLikelihood: -2544.866795
[00:00:15] [worker #11] Bootstrap tree #684, logLikelihood: -2472.000627
[00:00:15] [worker #22] Bootstrap tree #695, logLikelihood: -2496.916005
[00:00:15] [worker #30] Bootstrap tree #703, logLikelihood: -2526.671415
[00:00:15] [worker #8] Bootstrap tree #681, logLikelihood: -2554.598679
[00:00:15] [worker #28] Bootstrap tree #701, logLikelihood: -2574.131376
[00:00:15] [worker #6] Bootstrap tree #679, logLikelihood: -2571.839349
[00:00:15] [worker #21] Bootstrap tree #694, logLikelihood: -2562.750313
[00:00:15] [worker #23] Bootstrap tree #696, logLikelihood: -2504.830317
[00:00:15] [worker #14] Bootstrap tree #687, logLikelihood: -2556.318347
[00:00:15] [worker #10] Bootstrap tree #683, logLikelihood: -2502.720653
[00:00:15] [worker #9] Bootstrap tree #682, logLikelihood: -2483.947849
[00:00:15] [worker #13] Bootstrap tree #686, logLikelihood: -2549.731794
[00:00:15] [worker #17] Bootstrap tree #690, logLikelihood: -2530.436100
[00:00:15] [worker #3] Bootstrap tree #676, logLikelihood: -2533.845433
[00:00:15] [worker #4] Bootstrap tree #677, logLikelihood: -2517.348366
[00:00:15] [worker #26] Bootstrap tree #699, logLikelihood: -2521.869785
[00:00:15] [worker #19] Bootstrap tree #692, logLikelihood: -2562.954148
[00:00:15] [worker #29] Bootstrap tree #702, logLikelihood: -2428.858109
[00:00:15] [worker #7] Bootstrap tree #680, logLikelihood: -2492.802866
[00:00:15] [worker #2] Bootstrap tree #675, logLikelihood: -2539.095545
[00:00:15] [worker #0] Bootstrap tree #673, logLikelihood: -2546.089859
[00:00:15] [worker #31] Bootstrap tree #704, logLikelihood: -2556.154774
[00:00:15] [worker #12] Bootstrap tree #685, logLikelihood: -2534.964322
[00:00:15] [worker #27] Bootstrap tree #700, logLikelihood: -2489.684918
[00:00:15] [worker #25] Bootstrap tree #698, logLikelihood: -2485.488201
[00:00:15] [worker #16] Bootstrap tree #689, logLikelihood: -2512.926337
691, logLikelihood: -2606.066403
[00:00:15] [worker #15] Bootstrap tree #688, logLikelihood: -2477.333408
[00:00:15] [worker #24] Bootstrap tree #697, logLikelihood: -2536.485762
[00:00:15] [worker #5] Bootstrap tree #678, logLikelihood: -2615.851536
[00:00:15] [worker #1] Bootstrap tree #674, logLikelihood: -2550.852069
[00:00:15] [worker #20] Bootstrap tree #693, logLikelihood: -2525.936520
[00:00:16] [worker #23] Bootstrap tree #728, logLikelihood: -2536.085348
[00:00:16] [worker #20] Bootstrap tree #725, logLikelihood: -2501.056769
[00:00:16] [worker #4] Bootstrap tree #709, logLikelihood: -2505.604190
[00:00:16] [worker #29] Bootstrap tree #734, logLikelihood: -2490.478457
[00:00:16] [worker #24] Bootstrap tree #729, logLikelihood: -2511.979450
[00:00:16] [worker #7] Bootstrap tree #712, logLikelihood: -2442.486319
[00:00:16] [worker #11] Bootstrap tree #716, logLikelihood: -2464.597927[
-2477.179988[[
00-2520.306073:00:16] [worker #21] Bootstrap tree #726, logLikelihood: 
00-2520.306073:00:16] [worker #21] Bootstrap tree #726, logLikelihood: 
-2507.691806
[00:00:16] [worker #6] Bootstrap tree #711, logLikelihood: -2506.620455
[00:00:16] [worker #17] Bootstrap tree #722, logLikelihood: -2553.089348
[00:00:16] [worker #8] Bootstrap tree #713, logLikelihood: -2589.044502
[00:00:16] [worker #27] Bootstrap tree #732, logLikelihood: -2513.900122
[00:00:16] [worker #19] Bootstrap tree #724, logLikelihood: -2467.891484
[00:00:16] [worker #15] Bootstrap tree #720, logLikelihood: -2516.996984
[00:00:16] [worker #28] Bootstrap tree #733, logLikelihood: -2521.994767
[00:00:16] [worker #31] Bootstrap tree #736, logLikelihood: -2476.319704
[00:00:16] [worker #14] Bootstrap tree #719, logLikelihood: -2527.747668
[00:00:16] [worker #30] Bootstrap tree #735, logLikelihood: -2517.926018
[00:00:16] [worker #3] Bootstrap tree #708, logLikelihood: -2523.368081
[00:00:16] [worker #26] Bootstrap tree #731, logLikelihood: -2562.257246
[00:00:16] [worker #10] Bootstrap tree #715, logLikelihood: -2518.474351
[00:00:16] [worker #22] Bootstrap tree #727, logLikelihood: 0:00:16] [worker #5] Bootstrap tree #710, logLikelihood: -2578.941696
[00:00:16] [worker #22] Bootstrap tree #727, logLikelihood: 0:00:16] [worker #5] Bootstrap tree #710, logLikelihood: -2578.941696
-2530.430956
[00:00:16] [worker #25] Bootstrap tree #730, logLikelihood: -2596.524647
[00:00:16] [worker #0] Bootstrap tree #705, logLikelihood: -2536.471546
[00:00:16] [worker #16] Bootstrap tree #721, logLikelihood: -2498.285888
[00:00:16] [worker #13] Bootstrap tree #718, logLikelihood: -2546.329084
[00:00:16] [worker #1] Bootstrap tree #706, logLikelihood: -2548.763780
[00:00:16] [worker #12] Bootstrap tree #717, logLikelihood: -2533.321966
[00:00:16] [worker #18] Bootstrap tree #723, logLikelihood: -2556.705418
[00:00:16] [worker #23] Bootstrap tree #760, logLikelihood: -2480.453693
[00:00:16] [worker #11] Bootstrap tree #748, logLikelihood: -2438.731422
[00:00:16] [worker #24] Bootstrap tree #761, logLikelihood: -2521.495714
[00:00:16] [worker #9] Bootstrap tree #746, logLikelihood: -2469.460402
[00:00:16] [worker #17] Bootstrap tree #754, logLikelihood: -2536.641075
[00:00:16] [worker #28] Bootstrap tree #765, logLikelihood: -2541.100039
[00:00:16] [worker #7] Bootstrap tree #744, logLikelihood: -2547.638174
[00:00:16] [worker #2] Bootstrap tree #739, logLikelihood: -2581.783794
[00:00:16] [worker #4] Bootstrap tree #741, logLikelihood: -2524.214012
[00:00:16] [worker #21] Bootstrap tree #758, logLikelihood: -2574.942618
[00:00:16] [worker #27] Bootstrap tree #764, logLikelihood: -2576.061645
[00:00:16] [worker #15] Bootstrap tree #752, logLikelihood: -2531.899674
[00:00:17] [worker #31] Bootstrap tree #768, logLikelihood: -2524.696939
[00:00:17] [worker #29] Bootstrap tree #766, logLikelihood: -2487.779055
[00:00:17] [worker #8] Bootstrap tree #745, logLikelihood: -2551.042826
[00:00:17] [worker #6] Bootstrap tree #743, logLikelihood: -2516.526741
[00:00:17] [worker #22] Bootstrap tree #759, logLikelihood: -2485.993703
[00:00:17] [worker #13] Bootstrap tree #750, logLikelihood: -2540.126419
[00:00:17] [worker #25] Bootstrap tree #762, logLikelihood: -2480.843941
[00:00:17] [worker #30] Bootstrap tree #767, logLikelihood: -2579.998821
[00:00:17] [worker #12] Bootstrap tree #749, logLikelihood: -2479.555018
[00:00:17] [worker #14] Bootstrap tree #751, logLikelihood: -2488.789629
[00:00:17] [worker #0] Bootstrap tree #737, logLikelihood: -2513.270169
[00:00:17] [worker #20] Bootstrap tree #757, logLikelihood: -2542.363990
[00:00:17] [worker #10] Bootstrap tree #747, logLikelihood: -2468.685144
[00:00:17] [worker #3] Bootstrap tree #740, logLikelihood: -2546.107002
[00:00:17] [worker #18] Bootstrap tree #755, logLikelihood: -2534.652918
[00:00:17] [[worker #5] Bootstrap tree #7420, logLikelihood: :00:17] -2536.221525[worker #16] Bootstrap tree #753
-2499.646911
[00:00:17] [worker #1] Bootstrap tree #738, logLikelihood: -2572.840788
[00:00:17] [worker #26] Bootstrap tree #763, logLikelihood: -2635.402454
[00:00:17] [worker #19] Bootstrap tree #756, logLikelihood: -2574.886493
[00:00:18] [worker #23] Bootstrap tree #792, logLikelihood: -2543.754721
[00:00:18] [worker #4] Bootstrap tree #773, logLikelihood: -2497.517261
[00:00:18] [worker #19] Bootstrap tree #788, logLikelihood: -2521.239967
[00:00:18] [worker #15] Bootstrap tree #784, logLikelihood: -2494.476152
[00:00:18] [worker #25] Bootstrap tree #794, logLikelihood: -2617.082585
[00:00:18] [worker #7] Bootstrap tree #776, logLikelihood: -2457.962212
[00:00:18] [worker #17] Bootstrap tree #786, logLikelihood: -2628.909633
[00:00:18] [worker #8] Bootstrap tree #777, logLikelihood: -2590.810545
[00:00:18] [worker #24] Bootstrap tree #793, logLikelihood: -2527.463955
[00:00:18] [worker #1] Bootstrap tree #770, logLikelihood: -2555.415774
[00:00:18] [worker #11] Bootstrap tree #780, logLikelihood: -2526.168580
[00:00:18] [worker #26] Bootstrap tree #795, logLikelihood: -2543.309109
[00:00:18] [worker #6] Bootstrap tree #775, logLikelihood: -2559.535233
[00:00:18] [worker #5] Bootstrap tree #774, logLikelihood: -2486.824641
18] [worker #18] Bootstrap tree #787, logLikelihood: -2553.596777
[00:00:18] [worker #22] Bootstrap tree #791, logLikelihood: -2556.602360
:18] [worker #10] Bootstrap tree #779, logLikelihood: -2511.278651
[00:00:18] [worker #31] Bootstrap tree #800, logLikelihood: -2543.071709
[00:00:18] [worker #9] Bootstrap tree #778, logLikelihood: -2477.535829
[00:00:18] [worker #28] Bootstrap tree #797, logLikelihood: -2504.974288
[00:00:18] [worker #0] Bootstrap tree #769, logLikelihood: -2576.484726
[00:00:18] [worker #27] Bootstrap tree #796, logLikelihood: -2606.723942
[00:00:18] [worker #29] Bootstrap tree #798, logLikelihood: -2507.760053
[00:00:18] [worker #3] Bootstrap tree #772, logLikelihood: -2566.840988
[00:00:18] [worker #12] Bootstrap tree #781, logLikelihood: -2552.019176
[00:00:18] [worker #20] Bootstrap tree #789, logLikelihood: -2534.575092
[00:00:18] [worker #13] Bootstrap tree #782, logLikelihood: -2559.130482
[00:00:18] [worker #2] Bootstrap tree #771, logLikelihood: -2487.613446
[00:00:18] [worker #30] Bootstrap tree #799, logLikelihood: -2499.352824
[00:00:18] [worker #14] Bootstrap tree #783, logLikelihood: -2549.402730
[00:00:18] [worker #21] Bootstrap tree #790, logLikelihood: -2468.532963
[00:00:18] [worker #16] Bootstrap tree #785, logLikelihood: -2581.817707
[00:00:18] [worker #4] Bootstrap tree #805, logLikelihood: -2472.756467
[00:00:18] [worker #7] Bootstrap tree #808, logLikelihood: -2480.070633
[00:00:18] [worker #15] Bootstrap tree #816, logLikelihood: -2546.584841
[00:00:18] [worker #17] Bootstrap tree #818, logLikelihood: -2569.376037
[00:00:18] [worker #19] Bootstrap tree #820, logLikelihood: -2510.997712
[00:00:18] [worker #23] Bootstrap tree #824, logLikelihood: -2544.586039
[00:00:18] [worker #1] Bootstrap tree #802, logLikelihood: -2517.589304
[00:00:18] [worker #22] Bootstrap tree #823, logLikelihood: -2507.890717
[00:00:18] [worker #25] Bootstrap tree #826, logLikelihood: -2502.831971
[00:00:18] [worker #3] Bootstrap tree #804, logLikelihood: -2517.994926
[00:00:18] [worker #8] Bootstrap tree #809, logLikelihood: -2528.584731
[00:00:18] [worker #27] Bootstrap tree #828, logLikelihood: -2494.190624
[00:00:18] [worker #24] Bootstrap tree #825, logLikelihood: -2548.324832
[00:00:18] [worker #11] Bootstrap tree #812, logLikelihood: -2526.306976
[00:00:18] [worker #26] Bootstrap tree #827, logLikelihood: -2496.959963
[00:00:18] [worker #10] Bootstrap tree #811, logLikelihood: -2571.381522
[00:00:18] [worker #18] Bootstrap tree #819, logLikelihood: -2543.983387
[00:00:18] [worker #6] Bootstrap tree #807, logLikelihood: -2571.095620
[00:00:18] [worker #20] Bootstrap tree #821, logLikelihood: -2529.957059
[00:00:18] [worker #13] Bootstrap tree #814, logLikelihood: -2564.121134
[00:00:18] [worker #5] Bootstrap tree #806, logLikelihood: -2507.360319
[00:00:18] [worker #9] Bootstrap tree #810, logLikelihood: -2565.348800
[00:00:18] [worker #12] Bootstrap tree #813, logLikelihood: -2490.724577
[00:00:18] [worker #29] Bootstrap tree #830, logLikelihood: -2553.563976
[00:00:18] [worker #30] Bootstrap tree #831, logLikelihood: -2522.023183
[00:00:18] [worker #31] Bootstrap tree #832, logLikelihood: -2565.546005
[00:00:18] [worker #21] Bootstrap tree #822, logLikelihood: -2499.250715
[00:00:19] [worker #28] Bootstrap tree #829, logLikelihood: -2519.489228
[00:00:19] [worker #14] Bootstrap tree #815, logLikelihood: -2566.577040
[00:00:19] [worker #2] Bootstrap tree #803, logLikelihood: -2513.200592
[00:00:19] [worker #16] Bootstrap tree #817, logLikelihood: -2529.306697
[00:00:19] [worker #0] Bootstrap tree #801, logLikelihood: -2482.214357
[00:00:20] [worker #3] Bootstrap tree #836, logLikelihood: -2539.574886
[00:00:20] [worker #13] Bootstrap tree #846, logLikelihood: -2547.380615
[00:00:20] [worker #1] Bootstrap tree #834, logLikelihood: -2556.127804
[00:00:20] [worker #27] Bootstrap tree #860, logLikelihood: -2569.223353
[00:00:20] [worker #31] Bootstrap tree #864, logLikelihood: -2616.824372
[00:00:20] [worker #18] Bootstrap tree #851, logLikelihood: -2477.044893
[[00:00:20] [worker #14] Bootstrap tree #847, logLikelihood: -2528.645773
[-2545.09821100:00:20] [worker #4] Bootstrap tree #837, logLikelihood: 
[-2545.09821100:00:20] [worker #4] Bootstrap tree #837, logLikelihood: 
-2466.253377
[00:00:20] [worker #9] Bootstrap tree #842, logLikelihood: -2551.290136
[00:00:20] [worker #25] Bootstrap tree #858, logLikelihood: -2568.555605
[00:00:20] [worker #20] Bootstrap tree #853, logLikelihood: -2562.837253
[00:00:20] [worker #17] Bootstrap tree #850, logLikelihood: -2554.778529
[00:00:20] [worker #26] Bootstrap tree #859, logLikelihood: -2526.013712
[00:00:20] [worker #28] Bootstrap tree #861, logLikelihood: -2574.786530
[00:00:20] [worker #10] Bootstrap tree #843, logLikelihood: -2542.425080
[00:00:20] [worker #22] Bootstrap tree #855, logLikelihood: -2568.173651
[00:00:20] [worker #19] Bootstrap tree #852, logLikelihood: -2498.254741
[00:00:20] [worker #11] Bootstrap tree #844, logLikelihood: -2535.350127
[00:00:20] [worker #12] Bootstrap tree #845, logLikelihood: -2558.339381
[00:00:20] [worker #8] Bootstrap tree #841, logLikelihood: -2573.778700
[00:00:20] [worker #8] Bootstrap tree #841, logLikelihood: -2573.778700
[00:00:20] [worker #15] Bootstrap tree #848, logLikelihood: -2541.865261
[00:00:20] [worker #16] Bootstrap tree #849, logLikelihood: -2570.033664
[00:00:20] [worker #7] Bootstrap tree #840, logLikelihood: -2555.982808
[00:00:20] [worker #30] Bootstrap tree #863, logLikelihood: -2465.870873
[00:00:20] [worker #24] Bootstrap tree #857, logLikelihood: -2527.466546
[00:00:20] [worker #2] Bootstrap tree #835, logLikelihood: -2502.294700
[00:00:20] [worker #5] Bootstrap tree #838, logLikelihood: -2625.935677
[00:00:20] [worker #21] Bootstrap tree #854, logLikelihood: -2546.799820
[00:00:20] [worker #0] Bootstrap tree #833, logLikelihood: -2511.925766
[00:00:20] [worker #6] Bootstrap tree #839, logLikelihood: -2545.537297
[00:00:20] [worker #3] Bootstrap tree #868, logLikelihood: -2507.263388
[00:00:20] [worker #13] Bootstrap tree #878, logLikelihood: -2539.661139
[00:00:20] [worker #9] Bootstrap tree #874, logLikelihood: -2529.082146
[00:00:20] [worker #27] Bootstrap tree #892, logLikelihood: -2512.231161
[00:00:20] [worker #15] Bootstrap tree #880, logLikelihood: -2537.747078
[00:00:20] [worker #31] Bootstrap tree #896, logLikelihood: -2563.534280
[00:00:20] [worker #29] Bootstrap tree #862, logLikelihood: -2554.660556
[00:00:20] [worker #26] Bootstrap tree #891, logLikelihood: -2538.944936
[00:00:20] [worker #18] Bootstrap tree #883, logLikelihood: -2506.021251
[00:00:20] [worker #14] Bootstrap tree #879, logLikelihood: -2526.660183
[00:00:21] [worker #12] Bootstrap tree #877, logLikelihood: -2527.600544
[00:00:21] [worker #19] Bootstrap tree #884, logLikelihood: -2522.183606
[00:00:21] [worker #5] Bootstrap tree #870, logLikelihood: -2540.049455
[[00:00:21] [worker #22] Bootstrap tree #887, logLikelihood: -2569.276261
00:00:21] [worker #20] Bootstrap tree #885, logLikelihood: -2535.419972
[00:00:21] [worker #17] Bootstrap tree #882, logLikelihood: -2527.938934
[00:00:21] [worker #23] Bootstrap tree #888, logLikelihood: -2487.295871
[00:00:21] [worker #10] Bootstrap tree #875, logLikelihood: -2472.431982
[00:00:21] [worker #25] Bootstrap tree #890, logLikelihood: -2502.352521
[00:00:21] [worker #1] Bootstrap tree #866, logLikelihood: -2521.592288
[00:00:21] [worker #11] Bootstrap tree #876, logLikelihood: -2513.998594
[00:00:21] [worker #8] Bootstrap tree #873, logLikelihood: -2535.003431
[00:00:21] [worker #30] Bootstrap tree #895, logLikelihood: -2531.449397
[00:00:21] [worker #7] Bootstrap tree #872, logLikelihood: -2537.430650
[00:00:21] [worker #2] Bootstrap tree #867, logLikelihood: -2511.684488
[00:00:21] [worker #21] Bootstrap tree #886, logLikelihood: -2526.912326
[00:00:21] [worker #16] Bootstrap tree #881, logLikelihood: -2541.039648
[00:00:21] [worker #28] Bootstrap tree #893, logLikelihood: -2550.269344
[00:00:21] [worker #0] Bootstrap tree #865, logLikelihood: -2560.441134
[00:00:21] [worker #4] Bootstrap tree #869, logLikelihood: -2503.581264
[00:00:21] [worker #24] Bootstrap tree #889, logLikelihood: -2494.711985
[00:00:21] [worker #6] Bootstrap tree #871, logLikelihood: -2544.267872
[00:00:21] [worker #29] Bootstrap tree #894, logLikelihood: -2487.213592
[00:00:22] [worker #3] Bootstrap tree #900, logLikelihood: -2541.473409
[00:00:22] [worker #8] Bootstrap tree #905, logLikelihood: -2491.568109
[00:00:22] [worker #9] Bootstrap tree #906, logLikelihood: -2473.218731
[00:00:22] [worker #26] Bootstrap tree #923, logLikelihood: -2504.559802
[00:00:22] [worker #7] Bootstrap tree #904, logLikelihood: -2561.345781
[00:00:22] [worker #29] Bootstrap tree #926, logLikelihood: -2526.587843
[00:00:22] [worker #5] Bootstrap tree #902, logLikelihood: -2541.548118
[00:00:22] [worker #25] Bootstrap tree #922, logLikelihood: -2532.696224
[00:00:22] [worker #21] Bootstrap tree #918, logLikelihood: -2523.000792
[00:00:22] [worker #28] Bootstrap tree #925, logLikelihood: -2497.587600
[00:00:22] [worker #13] Bootstrap tree #910, logLikelihood: -2537.021466
[00:00:22] [worker #14] Bootstrap tree #911, logLikelihood: -2498.183335
[00:00:22] [worker #6] Bootstrap tree #903, logLikelihood: -2583.610793
[00:00:22] [worker #4] Bootstrap tree #901, logLikelihood: -2478.113126
[00:00:22] [worker #22] Bootstrap tree #919, logLikelihood: -2522.844773
[00:00:22] [worker #10] Bootstrap tree #907, logLikelihood: -2568.070637
[00:00:22] [worker #12] Bootstrap tree #909, logLikelihood: -2563.434785
[00:00:22] [worker #19] Bootstrap tree #916, logLikelihood: -2599.561700
[00:00:22] [worker #15] Bootstrap tree #912, logLikelihood: -2495.370165[
-2565.695558
[00:00:22] [worker #16] Bootstrap tree #913, logLikelihood: -2539.062815
[[[00:00:22] [worker #24] Bootstrap tree #921, logLikelihood: -2504.706104

:00:22] [worker #18] Bootstrap tree #915, logLikelihood: -2562.549889
[00:00:22] [worker #30] Bootstrap tree #927, logLikelihood: -2547.876199
[00:00:22] [worker #2] Bootstrap tree #899, logLikelihood: -2554.272945
[00:00:22] [worker #17] Bootstrap tree #914, logLikelihood: -2520.189218
[00:00:22] [worker #11] Bootstrap tree #908, logLikelihood: -2513.611205
[00:00:22] [worker #27] Bootstrap tree #924, logLikelihood: -2608.699086
[00:00:22] [worker #1] Bootstrap tree #898, logLikelihood: -2584.925951
[00:00:23] [worker #7] Bootstrap tree #936, logLikelihood: -2442.229125
[00:00:23] [worker #9] Bootstrap tree #938, logLikelihood: -2490.324120
[00:00:23] [worker #20] Bootstrap tree #917, logLikelihood: -2532.343244
[00:00:23] [worker #0] Bootstrap tree #897, logLikelihood: -2549.047769
[00:00:23] [worker #26] Bootstrap tree #955, logLikelihood: -2521.328033
[00:00:23] [worker #3] Bootstrap tree #932, logLikelihood: -2586.273832
[00:00:23] [worker #5] Bootstrap tree #934, logLikelihood: -2541.312411
[00:00:23] [worker #25] Bootstrap tree #954, logLikelihood: -2512.482889
[00:00:23] [worker #4] Bootstrap tree #933, logLikelihood: -2517.465871
[00:00:23] [worker #8] Bootstrap tree #937, logLikelihood: -2512.138347
[00:00:23] [worker #22] Bootstrap tree #951, logLikelihood: -2582.196334
[00:00:23] [worker #28] Bootstrap tree #957, logLikelihood: -2478.921939
[00:00:23] [worker #6] Bootstrap tree #935, logLikelihood: -2504.544191
[00:00:23] [worker #29] Bootstrap tree #958, logLikelihood: -2548.867549
[00:00:23] [worker #13] Bootstrap tree #942, logLikelihood: -2537.547467
[00:00:23] [worker #1] Bootstrap tree #930, logLikelihood: -2585.797258
[00:00:23] [worker #16] Bootstrap tree #945, logLikelihood: -2524.498419
[00:00:23] [worker #30] Bootstrap tree #959, logLikelihood: -2541.106274
[00:00:23] [worker #20] Bootstrap tree #949, logLikelihood: -2585.649900
[00:00:23] [worker #19] Bootstrap tree #948, logLikelihood: -2567.983920
[00:00:23] [worker #23] Bootstrap tree #952, logLikelihood: -2577.223605
[00:00:23] [worker #23] Bootstrap tree #952, logLikelihood: -2577.223605
[00:00:23] [worker #21] Bootstrap tree #950, logLikelihood: -2549.157894
[00:00:23] [worker #17] Bootstrap tree #946, logLikelihood: -2542.194568
[00:00:23] [worker #15] Bootstrap tree #944, logLikelihood: -2556.106418
[00:00:23] [worker #2] Bootstrap tree #931, logLikelihood: -2544.614256
[00:00:23] [worker #18] Bootstrap tree #947, logLikelihood: -2546.929823
[00:00:23] [worker #14] Bootstrap tree #943, logLikelihood: -2574.192651
[00:00:23] [worker #10] Bootstrap tree #939, logLikelihood: -2595.145408
[00:00:23] [worker #31] Bootstrap tree #960, logLikelihood: -2603.211165
[00:00:23] [worker #12] Bootstrap tree #941, logLikelihood: -2489.152270
[00:00:23] [worker #11] Bootstrap tree #940, logLikelihood: -2574.210374
[00:00:23] [worker #24] Bootstrap tree #953, logLikelihood: -2606.065999
[00:00:23] [worker #27] Bootstrap tree #956, logLikelihood: -2571.599215
[00:00:23] [worker #0] Bootstrap tree #929, logLikelihood: -2548.669909
[00:00:25] [worker #4] Bootstrap tree #965, logLikelihood: -2515.134527
[00:00:25] [worker #22] Bootstrap tree #983, logLikelihood: -2652.095896
[00:00:25] [worker #10] Bootstrap tree #971, logLikelihood: -2522.467581
[00:00:25] [worker #11] Bootstrap tree #972, logLikelihood: -2522.178767
[00:00:25] [worker #7] Bootstrap tree #968, logLikelihood: -2559.214058
[00:00:25] [worker #8] Bootstrap tree #969, logLikelihood: -2492.591851
[00:00:25] [worker #15] Bootstrap tree #976, logLikelihood: [-2490.6976910:0[00:00:25] [worker #15] Bootstrap tree #976, logLikelihood: [-2490.6976910:00:25] [worker #28] Bootstrap tree #989, logLikelihood: -2480.224154
[00:00:25] [worker #5] Bootstrap tree #966, logLikelihood: -2472.762140
:00:25] [worker #27] Bootstrap tree #988, logLikelihood: -2585.062774
[00:00:25] [worker #19] Bootstrap tree #980, logLikelihood: -2576.375941
[00:00:25] [worker #30] Bootstrap tree #991, logLikelihood: -2544.442880
[00:00:25] [worker #31] Bootstrap tree #992, logLikelihood: -2539.138929
[00:00:25] [worker #18] Bootstrap tree #979, logLikelihood: -2528.820117
[00:00:25] [worker #23] Bootstrap tree #984, logLikelihood: -2598.081508
[00:00:25] [worker #9] Bootstrap tree #970, logLikelihood: -2603.666477
[00:00:25] [worker #24] Bootstrap tree #985, logLikelihood: -2516.621269
[00:00:25] [worker #17] Bootstrap tree #978, logLikelihood: -2494.405612
[00:00:25] [worker #20] Bootstrap tree #981, logLikelihood: -2552.644193
[00:00:25] [worker #6] Bootstrap tree #967, logLikelihood: -2532.163560
[00:00:25] [worker #16] Bootstrap tree #977, logLikelihood: -2545.081316
[00:00:25] [worker #25] Bootstrap tree #986, logLikelihood: -2494.097924
[00:00:25] [worker #14] Bootstrap tree #975, logLikelihood: -2594.787323
[00:00:25] [worker #12] Bootstrap tree #973, logLikelihood: -2527.666819
[00:00:25] [worker #0] Bootstrap tree #961, logLikelihood: -2480.290642
[00:00:25] [worker #3] Bootstrap tree #964, logLikelihood: -2572.349283
[00:00:25] [worker #13] Bootstrap tree #974, logLikelihood: -2514.619426
[00:00:25] [worker #4] Bootstrap tree #997, logLikelihood: -2524.308518
[00:00:25] [worker #1] Bootstrap tree #962, logLikelihood: -2578.701694
[00:00:25] [worker #21] Bootstrap tree #982, logLikelihood: -2599.691835
[00:00:25] [worker #29] Bootstrap tree #990, logLikelihood: -2519.245075
[00:00:25] [worker #5] Bootstrap tree #998, logLikelihood: -2504.840873
[00:00:26] [worker #26] Bootstrap tree #987, logLikelihood: -2579.358327
[00:00:26] [worker #2] Bootstrap tree #963, logLikelihood: -2524.253691
[00:00:26] [worker #7] Bootstrap tree #1000, logLikelihood: -2571.071156
[00:00:26] [worker #6] Bootstrap tree #999, logLikelihood: -2501.536099
[00:00:26] [worker #1] Bootstrap tree #994, logLikelihood: -2535.246661
[00:00:26] [worker #3] Bootstrap tree #996, logLikelihood: -2538.260061
[00:00:26] [worker #2] Bootstrap tree #995, logLikelihood: -2518.768499
[00:00:26] [worker #0] Bootstrap tree #993, logLikelihood: -2519.531652

Optimized model parameters:

   Partition 0: noname
   Rate heterogeneity: GAMMA (4 cats, mean),  alpha: 99.846366 (ML),  weights&rates: (0.250000,0.875813) (0.250000,0.964710) (0.250000,1.029570) (0.250000,1.129908) 
   Base frequencies (ML): 0.408277 0.113220 0.147278 0.331224 
   Substitution rates (ML): 1.578606 1.624385 0.179601 0.001000 4.554097 1.000000 


Final LogLikelihood: -2542.010393

AIC score: 5152.020786 / AICc score: 5153.291475 / BIC score: 5340.850355
Free parameters (model + branch lengths): 34

WARNING: Best ML tree contains 6 near-zero branches!

Best ML tree with collapsed near-zero branches saved to: /mnt/lustre/RDS-live/downing/LSDV/GTPV_SPPV/results_GTPV/LSDV084.raxml.bestTreeCollapsed
Best ML tree saved to: /mnt/lustre/RDS-live/downing/LSDV/GTPV_SPPV/results_GTPV/LSDV084.raxml.bestTree
All ML trees saved to: /mnt/lustre/RDS-live/downing/LSDV/GTPV_SPPV/results_GTPV/LSDV084.raxml.mlTrees
Best ML tree with Felsenstein bootstrap (FBP) support values saved to: /mnt/lustre/RDS-live/downing/LSDV/GTPV_SPPV/results_GTPV/LSDV084.raxml.supportFBP
Best ML tree with Transfer bootstrap (TBE) support values saved to: /mnt/lustre/RDS-live/downing/LSDV/GTPV_SPPV/results_GTPV/LSDV084.raxml.supportTBE
Optimized model saved to: /mnt/lustre/RDS-live/downing/LSDV/GTPV_SPPV/results_GTPV/LSDV084.raxml.bestModel
Bootstrap trees saved to: /mnt/lustre/RDS-live/downing/LSDV/GTPV_SPPV/results_GTPV/LSDV084.raxml.bootstraps

Execution log saved to: /mnt/lustre/RDS-live/downing/LSDV/GTPV_SPPV/results_GTPV/LSDV084.raxml.log

Analysis started: 24-Nov-2025 14:52:55 / finished: 24-Nov-2025 14:53:23

Elapsed time: 28.080 seconds

