
RAxML-NG v. 1.2.2 released on 11.04.2024 by The Exelixis Lab.
Developed by: Alexey M. Kozlov and Alexandros Stamatakis.
Contributors: Diego Darriba, Tomas Flouri, Benoit Morel, Sarah Lutteropp, Ben Bettisworth, Julia Haag, Anastasis Togkousidis.
Latest version: https://github.com/amkozlov/raxml-ng
Questions/problems/suggestions? Please visit: https://groups.google.com/forum/#!forum/raxml

System: AMD EPYC 7543P 32-Core Processor, 32 cores, 995 GB RAM

RAxML-NG was called at 24-Nov-2025 17:31:47 as follows:

raxml-ng --all --msa region_LSDV087.aln --model GTR+G --prefix LSDV087 --seed 123 --bs-metric fbp,tbe --redo

Analysis options:
  run mode: ML tree search + bootstrapping (Felsenstein Bootstrap + Transfer Bootstrap)
  start tree(s): random (10) + parsimony (10)
  bootstrap replicates: parsimony (max: 1000) + bootstopping (autoMRE, cutoff: 0.030000)
  random seed: 123
  tip-inner: OFF
  pattern compression: ON
  per-rate scalers: OFF
  site repeats: ON
  logLH epsilon: general: 10.000000, brlen-triplet: 1000.000000
  fast spr radius: AUTO
  spr subtree cutoff: 1.000000
  fast CLV updates: ON
  branch lengths: proportional (ML estimate, algorithm: NR-FAST)
  SIMD kernels: AVX2
  parallelization: coarse-grained (auto), PTHREADS (auto)

WARNING: Running in REDO mode: existing checkpoints are ignored, and all result files will be overwritten!

[00:00:00] Reading alignment from file: region_LSDV087.aln
[00:00:00] Loaded alignment with 30 taxa and 762 sites

WARNING: Sequences PV167793.1 and PV434148.1 are exactly identical!
WARNING: Sequences PV167793.1 and PQ014465.1 are exactly identical!
WARNING: Sequences PV167793.1 and OQ434239.1 are exactly identical!
WARNING: Sequences PV167793.1 and OQ434238.1 are exactly identical!
WARNING: Sequences PV167793.1 and OQ434237.1 are exactly identical!
WARNING: Sequences PV167793.1 and OQ434236.1 are exactly identical!
WARNING: Sequences PV167793.1 and OQ434235.1 are exactly identical!
WARNING: Sequences PV167793.1 and OR239060.1 are exactly identical!
WARNING: Sequences PV167793.1 and NC_004002.1 are exactly identical!
WARNING: Sequences PV167793.1 and ON961657.1 are exactly identical!
WARNING: Sequences PV167793.1 and ON961656.1 are exactly identical!
WARNING: Sequences PV167793.1 and ON961655.1 are exactly identical!
WARNING: Sequences PV167793.1 and MT137384.1 are exactly identical!
WARNING: Sequences PV167793.1 and MW167070.1 are exactly identical!
WARNING: Sequences PV167793.1 and MW020571.1 are exactly identical!
WARNING: Sequences PV167793.1 and MN072631.1 are exactly identical!
WARNING: Sequences PV167793.1 and MN072630.1 are exactly identical!
WARNING: Sequences PV167793.1 and MN072629.1 are exactly identical!
WARNING: Sequences PV167793.1 and MN072628.1 are exactly identical!
WARNING: Sequences PV167793.1 and MN072627.1 are exactly identical!
WARNING: Sequences PV167793.1 and MN072626.1 are exactly identical!
WARNING: Sequences PV167793.1 and AY077832.1 are exactly identical!
WARNING: Sequences PV167793.1 and AY077834.1 are exactly identical!
WARNING: Sequences PV167793.1 and AY077833.1 are exactly identical!
WARNING: Sequences PP886239.1 and PP886238.1 are exactly identical!
WARNING: Sequences PP886239.1 and PP886237.1 are exactly identical!
WARNING: Sequences PP886239.1 and PP886236.1 are exactly identical!
WARNING: Sequences PP886239.1 and MW167071.1 are exactly identical!
WARNING: Duplicate sequences found: 28

NOTE: Reduced alignment (with duplicates and gap-only sites/taxa removed) 
NOTE: was saved to: /mnt/lustre/RDS-live/downing/LSDV/GTPV_SPPV/results_SPPV/LSDV087.raxml.reduced.phy

Alignment comprises 1 partitions and 5 patterns

Partition 0: noname
Model: GTR+FO+G4m
Alignment sites / patterns: 762 / 5
Gaps: 0.00 %
Invariant sites: 99.87 %


NOTE: Binary MSA file created: LSDV087.raxml.rba

Parallelization scheme autoconfig: 32 worker(s) x 1 thread(s)

[00:00:00] Generating 10 random starting tree(s) with 30 taxa
[00:00:00] Generating 10 parsimony starting tree(s) with 30 taxa
Parallel parsimony with 32 threads
Parallel reduction/worker buffer size: 1 KB  / 0 KB

[00:00:00] Data distribution: max. partitions/sites/weight per thread: 1 / 5 / 80
[00:00:00] Data distribution: max. searches per worker: 33

Starting ML tree search with 20 distinct starting trees

[00:00:00] [worker #14] ML tree search #15, logLikelihood: -955.028983
[00:00:00] [worker #5] ML tree search #6, logLikelihood: -955.016511
[00:00:00] [worker #2] ML tree search #3, logLikelihood: -955.013439
[00:00:00] [worker #18] ML tree search #19, logLikelihood: -955.028984
[00:00:00] [worker #12] ML tree search #13, logLikelihood: -955.028984
[00:00:00] [worker #1] ML tree search #2, logLikelihood: -955.015572
[00:00:00] [worker #9] ML tree search #10, logLikelihood: -955.013444
[00:00:00] [worker #17] ML tree search #18, logLikelihood: -955.028982
[00:00:00] [worker #15] ML tree search #16, logLikelihood: -955.028982
[00:00:00] [worker #7] ML tree search #8, logLikelihood: -955.013440
[00:00:00] [worker #4] ML tree search #5, logLikelihood: -955.013447
[00:00:00] [worker #11] ML tree search #12, logLikelihood: -955.028983
[00:00:00] [worker #13] ML tree search #14, logLikelihood: -955.028981
[00:00:00] [worker #19] ML tree search #20, logLikelihood: -955.028984
[00:00:00] [worker #16] ML tree search #17, logLikelihood: -955.028984
[00:00:00] [worker #10] ML tree search #11, logLikelihood: -955.028984
[00:00:00] [worker #8] ML tree search #9, logLikelihood: -955.013443
[00:00:00] [worker #3] ML tree search #4, logLikelihood: -955.013438
[00:00:00] [worker #6] ML tree search #7, logLikelihood: -955.013440
[00:00:00] [worker #0] ML tree search #1, logLikelihood: -955.013440

[00:00:00] ML tree search completed, best tree logLH: -955.013438

[00:00:00] Starting bootstrapping analysis with 1000 replicates.

[00:00:00] [worker #28] Bootstrap tree #29, logLikelihood: -945.876062
[00:00:00] [worker #10] Bootstrap tree #11, logLikelihood: -946.500415
[00:00:00] [worker #31] Bootstrap tree #32, logLikelihood: -955.028983
[00:00:00] [worker #30] Bootstrap tree #31, logLikelihood: -936.342318
[00:00:00] [worker #11] Bootstrap tree #12, logLikelihood: -955.028984
[00:00:00] [worker #1] Bootstrap tree #2, logLikelihood: -955.028982
[00:00:00] [worker #6] Bootstrap tree #7, logLikelihood: -939.213736
[00:00:00] [worker #26] Bootstrap tree #27, logLikelihood: -955.028983
[00:00:00] [worker #7] Bootstrap tree #8, logLikelihood: -939.869818
[00:00:00] [worker #23] Bootstrap tree #24, logLikelihood: -956.645524
[00:00:00] [worker #18] Bootstrap tree #19, logLikelihood: -955.028982
[00:00:00] [worker #14] Bootstrap tree #15, logLikelihood: -955.028981
[00:00:00] [worker #9] Bootstrap tree #10, logLikelihood: -955.028984
[00:00:00] [worker #29] Bootstrap tree #30, logLikelihood: -955.028983
[00:00:00] [worker #16] Bootstrap tree #17, logLikelihood: -955.028982
[00:00:00] [worker #4] Bootstrap tree #5, logLikelihood: -955.028982
[00:00:00] [worker #22] Bootstrap tree #23, logLikelihood: -955.028984
[00:00:00] [worker #19] Bootstrap tree #20, logLikelihood: -955.028984
-955.028984[
00:00:00] [worker #25] Bootstrap tree #26, logLikelihood: -955.028982
[00:00:00] [worker #8] Bootstrap tree #9, logLikelihood: -955.028984
[00:00:00] [worker #17] Bootstrap tree #18, logLikelihood: -972.989838
[00:00:00] [worker #15] Bootstrap tree #16, logLikelihood: -955.028983
[00:00:00] [worker #27] Bootstrap tree #28, logLikelihood: -933.630853
[00:00:00] [worker #5] Bootstrap tree #6, logLikelihood: -955.028983
[00:00:00] [worker #12] Bootstrap tree #13, logLikelihood: -955.028983
[00:00:00] [worker #21] Bootstrap tree #22, logLikelihood: -955.028983
[00:00:00] [worker #24] Bootstrap tree #25, logLikelihood: -955.028983
[00:00:00] [worker #2] Bootstrap tree #3, logLikelihood: -955.028983
[00:00:00] [worker #3] Bootstrap tree #4, logLikelihood: -955.028983
[00:00:00] [worker #13] Bootstrap tree #14, logLikelihood: -960.457033
[00:00:00] [worker #0] Bootstrap tree #1, logLikelihood: -955.028984
[00:00:00] [worker #31] Bootstrap tree #64, logLikelihood: -955.028983
[00:00:00] [worker #28] Bootstrap tree #61, logLikelihood: -955.028981
[00:00:00] [worker #11] Bootstrap tree #44, logLikelihood: -955.028982
[00:00:00] [worker #1] Bootstrap tree #34, logLikelihood: -955.028984
-931.896223
[00:00:00] [worker #4] Bootstrap tree #37, logLikelihood: -947.190846
[00:00:00] [worker #26] Bootstrap tree #59, logLikelihood: -933.836150
[00:00:00] [worker #9] Bootstrap tree #42, logLikelihood: -939.800469
[00:00:00] [worker #30] Bootstrap tree #63, logLikelihood: -930.787137
[00:00:00] [worker #6] Bootstrap tree #39, logLikelihood: -960.446765
[00:00:00] [worker #10] Bootstrap tree #43, logLikelihood: -955.028983
[00:00:00] [worker #23] Bootstrap tree #56, logLikelihood: -954.550959
[00:00:00] [worker #14] Bootstrap tree #47, logLikelihood: -955.028981
[00:00:00] [worker #25] Bootstrap tree #58, logLikelihood: -954.201315
[00:00:00] [worker #7] Bootstrap tree #40, logLikelihood: [-955.02898300
[-955.02898400:00:00] [worker #22] Bootstrap tree #55, logLikelihood: -955.028984
[-955.02898400:00:00] [worker #22] Bootstrap tree #55, logLikelihood: -955.028984

[00:00:00] [worker #29] Bootstrap tree #62, logLikelihood: -955.028983
[00:00:00] [worker #18] Bootstrap tree #51, logLikelihood: -963.641074
[00:00:00] [worker #16] Bootstrap tree #49, logLikelihood: -955.028983
[00:00:00] [worker #17] Bootstrap tree #50, logLikelihood: -949.165904
[00:00:00] [worker #2] Bootstrap tree #35, logLikelihood: -955.028984
[00:00:00] [worker #8] Bootstrap tree #41, logLikelihood: -955.028984
[00:00:00] [worker #5] Bootstrap tree #38, logLikelihood: -947.897271
[00:00:00] [worker #21] Bootstrap tree #54, logLikelihood: -955.028983
[00:00:00] [worker #19] Bootstrap tree #52, logLikelihood: -955.028983
[00:00:00] [worker #27] Bootstrap tree #60, logLikelihood: -955.028984
[00:00:00] [worker #13] Bootstrap tree #46, logLikelihood: -955.028983
] [worker #3] Bootstrap tree #36, logLikelihood: -955.028983
[00:00:00] [worker #12] Bootstrap tree #45, logLikelihood: -955.028984
[00:00:00] [worker #24] Bootstrap tree #57, logLikelihood: -955.028982
[00:00:01] [worker #0] Bootstrap tree #33, logLikelihood: -955.028984
[00:00:02] [worker #2] Bootstrap tree #67, logLikelihood: -951.604302
[00:00:02] [worker #1] Bootstrap tree #66, logLikelihood: -945.039930
[00:00:02] [worker #29] Bootstrap tree #94, logLikelihood: -955.028984
[00:00:02] [worker #15] Bootstrap tree #80, logLikelihood: -955.028984
[00:00:02] [worker #8] Bootstrap tree #73, logLikelihood: -955.028983
[00:00:02] [worker #10] Bootstrap tree #75, logLikelihood: [00:00:02] [worker #12] Bootstrap tree #77, logLikelihood: -955.028984
[00:00:02] [worker #10] Bootstrap tree #75, logLikelihood: [00:00:02] [worker #12] Bootstrap tree #77, logLikelihood: -955.028984
-938.251612
[00:00:02] [worker #7] Bootstrap tree #72, logLikelihood: -955.028984
[00:00:02] [worker #30] Bootstrap tree #95, logLikelihood: -955.028984
-955.028984
[00:00:02] [worker #31] Bootstrap tree #96, logLikelihood: -955.028984
-955.028984
[00:00:02] [worker #5] Bootstrap tree #70, logLikelihood: -955.028984
[00:00:02] [worker #27] Bootstrap tree #92, logLikelihood: -939.642997
[00:00:02] [worker #14] Bootstrap tree #79, logLikelihood: -955.028984
[00:00:02] [worker #6] Bootstrap tree #71, logLikelihood: -955.028983[0[00:00:02] [worker #6] Bootstrap tree #71, logLikelihood: -955.028983[00:00:02] [worker #25] Bootstrap tree #90, logLikelihood: -955.028982
[00:00:02] [worker #19] Bootstrap tree #84, logLikelihood: -955.028983
[00:00:02] [worker #4] Bootstrap tree #69, logLikelihood: -955.028984
[00:00:02] [worker #16] Bootstrap tree #81, logLikelihood: -955.028983
[00:00:02] [worker #23] Bootstrap tree #88, logLikelihood: -955.028984
[00:00:02] [worker #26] Bootstrap tree #91, logLikelihood: -955.028984
[00:00:02] [worker #9] Bootstrap tree #74, logLikelihood: -955.028982
[00:00:02] [worker #17] Bootstrap tree #82, logLikelihood: -955.028984
[00:00:02] [worker #20] Bootstrap tree #85, logLikelihood: -955.028982
[00:00:02] [worker #28] Bootstrap tree #93, logLikelihood: -960.392985
[00:00:02] [worker #24] Bootstrap tree #89, logLikelihood: -943.294625
[00:00:02] [worker #21] Bootstrap tree #86, logLikelihood: -955.028984
[00:00:02] [worker #18] Bootstrap tree #83, logLikelihood: -955.028981
[00:00:02] [worker #3] Bootstrap tree #68, logLikelihood: -955.028984
[00:00:02] [worker #1] Bootstrap tree #98, logLikelihood: -976.421161
[00:00:02] [worker #13] Bootstrap tree #78, logLikelihood: -955.028984
[00:00:02] [worker #7] Bootstrap tree #104, logLikelihood: -937.810226
[00:00:02] [worker #25] Bootstrap tree #122, logLikelihood: -946.201611
[00:00:02] [worker #29] Bootstrap tree #126, logLikelihood: -955.028982
[00:00:02] [worker #2] Bootstrap tree #99, logLikelihood: -955.028984
[00:00:02] [worker #15] Bootstrap tree #112, logLikelihood: -948.900716
[00:00:02] [worker #22] Bootstrap tree #119, logLikelihood: -948.770107
[00:00:02] [worker #11] Bootstrap tree #108, logLikelihood: -923.409877
[00:00:02] [worker #8] Bootstrap tree #105, logLikelihood: -955.028984
[00:00:02] [worker #20] Bootstrap tree #117, logLikelihood: -955.028983
[00:00:02] [worker #0] Bootstrap tree #65, logLikelihood: -955.028983
[00:00:02] [worker #6] Bootstrap tree #103, logLikelihood: -937.852758
[00:00:02] [worker #21] Bootstrap tree #118, logLikelihood: -955.353388
[00:00:02] [worker #30] Bootstrap tree #127, logLikelihood: -955.028983
[00:00:02] [worker #14] Bootstrap tree #111, logLikelihood: -945.079284
[00:00:02] [worker #10] Bootstrap tree #107, logLikelihood: -955.028984
[00:00:02] [worker #19] Bootstrap tree #116, logLikelihood: -951.274958
[00:00:02] [worker #16] Bootstrap tree #113, logLikelihood: -955.028982
[00:00:02] [worker #23] Bootstrap tree #120, logLikelihood: -955.028983
[00:00:02] [worker #9] Bootstrap tree #106, logLikelihood: -955.028984
[00:00:02] [worker #5] Bootstrap tree #102, logLikelihood: -951.111002
[00:00:02] [worker #17] Bootstrap tree #114, logLikelihood: -955.028984
[00:00:02] [worker #31] Bootstrap tree #128, logLikelihood: -955.028983
[00:00:02] [worker #28] Bootstrap tree #125, logLikelihood: -955.028984
00:00:02] [worker #18] Bootstrap tree #115, logLikelihood: -960.411488
[00:00:02] [worker #26] Bootstrap tree #123, logLikelihood: -955.028982
[00:00:02] [worker #4] Bootstrap tree #101, logLikelihood: -955.028983
[00:00:02] [worker #27] Bootstrap tree #124, logLikelihood: -955.028981
[00:00:02] [worker #12] Bootstrap tree #109, logLikelihood: -955.028983
[00:00:02] [worker #24] Bootstrap tree #121, logLikelihood: -955.028983
[00:00:02] [worker #13] Bootstrap tree #110, logLikelihood: -929.213190
[00:00:02] [worker #3] Bootstrap tree #100, logLikelihood: -955.028983
[00:00:02] [worker #0] Bootstrap tree #97, logLikelihood: -955.028984
[00:00:06] [worker #23] Bootstrap tree #152, logLikelihood: -957.188694
[00:00:07] [worker #25] Bootstrap tree #154, logLikelihood: -954.815685
[00:00:07] [worker #4] Bootstrap tree #133, logLikelihood: -949.376701
[00:00:07] [worker #20] Bootstrap tree #149, logLikelihood: -942.139475
[00:00:07] [worker #2] Bootstrap tree #131, logLikelihood: -924.765064
[00:00:07] [worker #17] Bootstrap tree #146, logLikelihood: -948.827268
[00:00:07] [worker #27] Bootstrap tree #156, logLikelihood: [00:00:07] [worker #30] Bootstrap tree #159, logLikelihood: 
[00:00:07] [worker #27] Bootstrap tree #156, logLikelihood: [00:00:07] [worker #30] Bootstrap tree #159, logLikelihood: 
-924.556886
[00:00:07] [worker #16] Bootstrap tree #145, logLikelihood: [-955.02898400
[00:00:07] [worker #16] Bootstrap tree #145, logLikelihood: [-955.02898400
:00:07] [worker #6] Bootstrap tree #135, logLikelihood: -955.028983
00:00:07] [worker #21] Bootstrap tree #150, logLikelihood: -928.951116
[00:00:07] [worker #9] Bootstrap tree #138, logLikelihood: -955.028983
-955.028984[00:00:07] [worker #19] Bootstrap tree #148, logLikelihood: -955.028984
-955.028984[00:00:07] [worker #19] Bootstrap tree #148, logLikelihood: -955.028984

[00:00:07] [worker #18] Bootstrap tree #147, logLikelihood: -950.192854
[00:00[07] [worker #5] Bootstrap tree #134, logLikelihood: :00:07] [worker #22] Bootstrap tree #151, logLikelihood: -946.837331
[00:00[07] [worker #5] Bootstrap tree #134, logLikelihood: :00:07] [worker #22] Bootstrap tree #151, logLikelihood: -946.837331
-955.028984
[00:00:07] [worker #15] Bootstrap tree #144, logLikelihood: -964.765378
[00:00:07] [worker #1] Bootstrap tree #130, logLikelihood: -955.028984
[00:00:07] [worker #14] Bootstrap tree #143, logLikelihood: -955.028984
[00:00:07] [worker #11] Bootstrap tree #140, logLikelihood: -955.028983
[00:00:07] [worker #28] Bootstrap tree #157, logLikelihood: -955.028983
[00:00:07] [worker #29] Bootstrap tree #158, logLikelihood: -955.028984
[00:00:07] [worker #31] Bootstrap tree #160, logLikelihood: -955.028984
[00:00:07] [worker #8] Bootstrap tree #137, logLikelihood: -955.028984
[00:00:07] [worker #12] Bootstrap tree #141, logLikelihood: -954.788003
[00:00:07] [worker #24] Bootstrap tree #153, logLikelihood: -953.424668
[00:00:07] [worker #26] Bootstrap tree #155, logLikelihood: -955.028984
[00:00:07] [worker #10] Bootstrap tree #139, logLikelihood: -955.028984
[00:00:07] [worker #3] Bootstrap tree #132, logLikelihood: -955.028983
[00:00:07] [worker #13] Bootstrap tree #142, logLikelihood: -955.028984
[00:00:07] [worker #17] Bootstrap tree #178, logLikelihood: -955.028984
[00:00:07] [worker #27] Bootstrap tree #188, logLikelihood: -955.028984
[00:00:07] [worker #5] Bootstrap tree #166, logLikelihood: -955.028983
[00:00:07] [worker #31] Bootstrap tree #192, logLikelihood: -955.061629
[00:00:07] [worker #16] Bootstrap tree #177, logLikelihood: -968.421169
[00:00:07] [worker #1] Bootstrap tree #162, logLikelihood: -940.710807
[00:00:07] [worker #22] Bootstrap tree #183, logLikelihood: -950.536984
[00:00:07] [worker #8] Bootstrap tree #169, logLikelihood: -912.416874
[worker #6] Bootstrap tree #167, logLikelihood: -954.504060
[00:00:07] [worker #23] Bootstrap tree #184, logLikelihood: -955.028984
[00:00:07] [worker #0] Bootstrap tree #129, logLikelihood: -949.428369
[00:00:07] [worker #20] Bootstrap tree #181, logLikelihood: -968.319454
[00:00:07] [worker #21] Bootstrap tree #182, logLikelihood: -955.028982
[00:00:07] [worker #15] Bootstrap tree #176, logLikelihood: -955.028983
[00:00:07] [worker #25] Bootstrap tree #186, logLikelihood: -955.028983
[00:00:07] [worker #9] Bootstrap tree #170, logLikelihood: -955.028984
[00:00:07] [worker #30] Bootstrap tree #191, logLikelihood: -955.028984
[00:00:07] [worker #19] Bootstrap tree #180, logLikelihood: -955.028984
[00:00:07] [worker #4] Bootstrap tree #165, logLikelihood: -955.028984
[00:00:07] [worker #14] Bootstrap tree #175, logLikelihood: -955.028983
-955.028983
[00:00:07] [worker #26] Bootstrap tree #187, logLikelihood: -955.028984
[00:00:07] [worker #28] Bootstrap tree #189, logLikelihood: -955.028982
[00:00:07] [worker #29] Bootstrap tree #190, logLikelihood: -955.028984
[00:00:07] [worker #2] Bootstrap tree #163, logLikelihood: -955.028981
[00:00:07] [worker #7] Bootstrap tree #168, logLikelihood: -955.028983
[00:00:07] [worker #10] Bootstrap tree #171, logLikelihood: -955.028983
[00:00:07] [worker #18] Bootstrap tree #179, logLikelihood: -954.160022
[00:00:07] [worker #12] Bootstrap tree #173, logLikelihood: -927.400143
[00:00:07] [worker #24] Bootstrap tree #185, logLikelihood: -922.999734
[00:00:07] [worker #3] Bootstrap tree #164, logLikelihood: -948.540638
[00:00:07] [worker #13] Bootstrap tree #174, logLikelihood: -974.142498
[00:00:07] [worker #0] Bootstrap tree #161, logLikelihood: -955.028984
[00:00:14] [worker #6] Bootstrap tree #199, logLikelihood: -935.985680
[00:00:14] [worker #19] Bootstrap tree #212, logLikelihood: -943.901595
[00:00:14] [worker #29] Bootstrap tree #222, logLikelihood: -955.028984
[00:00:14] [worker #14] Bootstrap tree #207, logLikelihood: -948.047898
[00:00:14] [worker #30] Bootstrap tree #223, logLikelihood: -980.060330
[00:00:14] [worker #3] Bootstrap tree #196, logLikelihood: -913.806119
[00:00:14] [worker #18] Bootstrap tree #211, logLikelihood: -955.028984
[00:00:14] [worker #0] Bootstrap tree #193, logLikelihood: -935.812127
[00:00:14] [worker #23] Bootstrap tree #216, logLikelihood: -941.652081
[00:00:14] [worker #21] Bootstrap tree #214, logLikelihood: -955.028984
[00:00:14] [worker #22] Bootstrap tree #215, logLikelihood: -930.298609
[00:00:14] [worker #22] Bootstrap tree #215, logLikelihood: -930.298609
[00:00:14] [worker #5] Bootstrap tree #198, logLikelihood: -955.028984
[00:00:14] [worker #26] Bootstrap tree #219, logLikelihood: -955.028984
[00:00:14] [worker #25] Bootstrap tree #218, logLikelihood: -945.247724
[00:00:14] [worker #31] Bootstrap tree #224, logLikelihood: -955.028982
[00:00:14] [worker #27] Bootstrap tree #220, logLikelihood: -939.244421
[00:00:14] [worker #17] Bootstrap tree #210, logLikelihood: -955.028983
[00:00:14] [worker #28] Bootstrap tree #221, logLikelihood: -955.028983
[00:00:14] [worker #24] Bootstrap tree #217, logLikelihood: -948.835828
[00:00:14] [worker #4] Bootstrap tree #197, logLikelihood: -955.028982
[00:00:14] [worker #13] Bootstrap tree #206, logLikelihood: -937.992545
[00:00:14] [worker #16] Bootstrap tree #209, logLikelihood: -955.028983
[00:00:14] [worker #1] Bootstrap tree #194, logLikelihood: -959.436233
[00:00:14] [worker #7] Bootstrap tree #200, logLikelihood: -955.028983
[00:00:14] [worker #10] Bootstrap tree #203, logLikelihood: -955.028981
[00:00:14] [worker #15] Bootstrap tree #208, logLikelihood: -955.028983
[00:00:14] [worker #2] Bootstrap tree #195, logLikelihood: -955.028982
[00:00:14] [worker #9] Bootstrap tree #202, logLikelihood: -955.028984
[00:00:14] [worker #8] Bootstrap tree #201, logLikelihood: -955.028982
[00:00:14] [worker #11] Bootstrap tree #204, logLikelihood: -955.028983
[00:00:14] [worker #20] Bootstrap tree #213, logLikelihood: -955.028982
[00:00:14] [worker #12] Bootstrap tree #205, logLikelihood: -955.028984
[00:00:14] [worker #6] Bootstrap tree #231, logLikelihood: -955.028984
[00:00:14] [worker #14] Bootstrap tree #239, logLikelihood: -937.097603
[00:00:14] [worker #19] Bootstrap tree #244, logLikelihood: -955.028983
[00:00:14] [worker #30] Bootstrap tree #255, logLikelihood: -955.028984
[00:00:14] [worker #29] Bootstrap tree #254, logLikelihood: -932.282325
[00:00:14] [worker #22] Bootstrap tree #247, logLikelihood: -955.028983
[00:00:14] [worker #31] Bootstrap tree #256, logLikelihood: -955.028983
[00:00:14] [worker #5] Bootstrap tree #230, logLikelihood: -967.974373
[00:00:14] [worker #25] Bootstrap tree #250, logLikelihood: -955.028984
[00:00:14] [worker #4] Bootstrap tree #229, logLikelihood: -955.028984
[00:00:14] [worker #26] Bootstrap tree #251, logLikelihood: -934.047974
[00:00:14] [worker #7] Bootstrap tree #232, logLikelihood: -947.897269
[00:00:14] [worker #28] Bootstrap tree #253, logLikelihood: -955.028984
[00:00:14] [worker #18] Bootstrap tree #243, logLikelihood: -955.028983
[00:00:14] [worker #15] Bootstrap tree #240, logLikelihood: -942.286052
[00:00:14] [worker #27] Bootstrap tree #252, logLikelihood: -949.893647
[00:00:14] [worker #16] Bootstrap tree #241, logLikelihood: -942.163920
[00:00:14] [worker #23] Bootstrap tree #248, logLikelihood: -955.028984
[00:00:14] [worker #21] Bootstrap tree #246, logLikelihood: -955.028981
[00:00:14] [worker #1] Bootstrap tree #226, logLikelihood: -959.216794
[00:00:14] [worker #11] Bootstrap tree #236, logLikelihood: -954.291331
[00:00:14] [worker #0] Bootstrap tree #225, logLikelihood: -973.104045
[00:00:14] [worker #10] Bootstrap tree #235, logLikelihood: -955.028983
[00:00:14] [worker #24] Bootstrap tree #249, logLikelihood: -944.675517
[00:00:14] [worker #13] Bootstrap tree #238, logLikelihood: -952.652559
[00:00:14] [worker #8] Bootstrap tree #233, logLikelihood: -955.028983
[00:00:14] [worker #3] Bootstrap tree #228, logLikelihood: -949.695095
[00:00:14] [worker #9] Bootstrap tree #234, logLikelihood: -955.028984
[00:00:14] [worker #17] Bootstrap tree #242, logLikelihood: -952.067004
[00:00:14] [worker #20] Bootstrap tree #245, logLikelihood: -955.028984
[00:00:14] [worker #12] Bootstrap tree #237, logLikelihood: -930.890454
[00:00:14] [worker #2] Bootstrap tree #227, logLikelihood: -955.028983
[00:00:21] [worker #21] Bootstrap tree #278, logLikelihood: -935.125658
[00:00:21] [worker #29] Bootstrap tree #286, logLikelihood: -964.114046
[00:00:21] [worker #10] Bootstrap tree #267, logLikelihood: -926.866962
[00:00:21] [worker #6] Bootstrap tree #263, logLikelihood: -960.462844
[00:00:21] [worker #13] Bootstrap tree #270, logLikelihood: -944.322089
[00:00:21] [worker #31] Bootstrap tree #288, logLikelihood: -942.376524
[00:00:21] [worker #7] Bootstrap tree #264, logLikelihood: -926.629090
[00:00:21] [worker #5] Bootstrap tree #262, logLikelihood: -955.028982
[00:00:21] [worker #4] Bootstrap tree #261, logLikelihood: -959.579891
[00:00:21] [worker #27] Bootstrap tree #284, logLikelihood: -955.028984
00:00:21] [worker #30] Bootstrap tree #287, logLikelihood: -955.028983
[00:00:21] [worker #19] Bootstrap tree #276, logLikelihood: -955.028984
[00:00:21] [worker #14] Bootstrap tree #271, logLikelihood: -955.028983
[00:00:21] [worker #15] Bootstrap tree #272, logLikelihood: -955.028984
[00:00:21] [worker #28] Bootstrap tree #285, logLikelihood: -955.028983
[00:00:21] [worker #11] Bootstrap tree #268, logLikelihood: -955.028982
[00:00:21] [worker #12] Bootstrap tree #269, logLikelihood: -948.478487
[00:00:21] [worker #26] Bootstrap tree #283, logLikelihood: -944.347154
[00:00:21] [worker #20] Bootstrap tree #277, logLikelihood: -955.028981
[00:00:21] [worker #24] Bootstrap tree #281, logLikelihood: -955.028984
[00:00:21] [worker #16] Bootstrap tree #273, logLikelihood: -938.710199
[00:00:21] [worker #2] Bootstrap tree #259, logLikelihood: -950.885683
[00:00:21] [worker #0] Bootstrap tree #257, logLikelihood: -932.217330
[00:00:21] [worker #9] Bootstrap tree #266, logLikelihood: -955.028983
[00:00:21] [worker #25] Bootstrap tree #282, logLikelihood: -961.164904
[00:00:21] [worker #25] Bootstrap tree #282, logLikelihood: -961.164904
[00:00:21] [worker #8] Bootstrap tree #265, logLikelihood: -955.028984
[00:00:21] [worker #22] Bootstrap tree #279, logLikelihood: -955.028984
[00:00:21] [worker #23] Bootstrap tree #280, logLikelihood: -938.182945
[00:00:21] [worker #18] Bootstrap tree #275, logLikelihood: -955.028984
[00:00:21] [worker #3] Bootstrap tree #260, logLikelihood: -967.245727
[00:00:21] [worker #17] Bootstrap tree #274, logLikelihood: -955.028984
[00:00:21] [worker #10] Bootstrap tree #299, logLikelihood: -946.124452
[00:00:21] [worker #1] Bootstrap tree #258, logLikelihood: -960.690939
[00:00:21] [worker #29] Bootstrap tree #318, logLikelihood: -955.028982
[00:00:21] [worker #27] Bootstrap tree #316, logLikelihood: -953.087557
[00:00:21] [worker #21] Bootstrap tree #310, logLikelihood: -955.028984
[00:00:21] [worker #5] Bootstrap tree #294, logLikelihood: -955.028984
[00:00:21] [worker #6] Bootstrap tree #295, logLikelihood: -955.028982
[00:00:21] [worker #31] Bootstrap tree #320, logLikelihood: -955.028984
[00:00:21] [worker #13] Bootstrap tree #302, logLikelihood: -929.744284
[00:00:21] [worker #4] Bootstrap tree #293, logLikelihood: -955.028983
[00:00:21] [worker #7] Bootstrap tree #296, logLikelihood: -955.028983
[00:00:21] [worker #28] Bootstrap tree #317, logLikelihood: -955.028984
[00:00:21] [worker #14] Bootstrap tree #303, logLikelihood: -955.028984
-955.028982
[00:00:21] [worker #12] Bootstrap tree #301, logLikelihood: -941.957528
[00:00:21] [worker #24] Bootstrap tree #313, logLikelihood: -958.150955
[00:00:21] [worker #23] Bootstrap tree #312, logLikelihood: -955.028982
[00:00:21] [worker #19] Bootstrap tree #308, logLikelihood: -955.028982
[00:00:21] [worker #26] Bootstrap tree #315, logLikelihood: -955.028983
[00:00:21] [worker #22] Bootstrap tree #311, logLikelihood: -955.028982
[00:00:21] [worker #9] Bootstrap tree #298, logLikelihood: -955.028982
[00:00:21] [worker #30] Bootstrap tree #319, logLikelihood: -955.028984
[00:00:21] [worker #2] Bootstrap tree #291, logLikelihood: -955.028983
[00:00:21] [worker #11] Bootstrap tree #300, logLikelihood: -955.028984
[00:00:21] [worker #20] Bootstrap tree #309, logLikelihood: -955.028983
[00:00:21] [worker #16] Bootstrap tree #305, logLikelihood: -955.028982
[00:00:21] [worker #3] Bootstrap tree #292, logLikelihood: -955.028984
[00:00:21] [worker #0] Bootstrap tree #289, logLikelihood: -955.028984
[00:00:21] [worker #18] Bootstrap tree #307, logLikelihood: -955.028983
[00:00:21] [worker #8] Bootstrap tree #297, logLikelihood: -955.028984
[00:00:21] [worker #25] Bootstrap tree #314, logLikelihood: -955.028982
[00:00:21] [worker #17] Bootstrap tree #306, logLikelihood: -955.028984
[00:00:21] [worker #1] Bootstrap tree #290, logLikelihood: -955.028983
[00:00:32] [worker #5] Bootstrap tree #326, logLikelihood: -955.028981
[00:00:32] [worker #27] Bootstrap tree #348, logLikelihood: -926.187669
[00:00:32] [worker #18] Bootstrap tree #339, logLikelihood: -933.437518
[00:00:32] [worker #4] Bootstrap tree #325, logLikelihood: -956.803418
[00:00:32] [worker #1] Bootstrap tree #322, logLikelihood: -916.929557
[00:00:32] [worker #9] Bootstrap tree #330, logLikelihood: -955.028983
[00:00:32] [worker #19] Bootstrap tree #340, logLikelihood: -945.551397
[00:00:32] [worker #12] Bootstrap tree #333, logLikelihood: -958.858352
[00:00:32] [worker #13] Bootstrap tree #334, logLikelihood: -934.034271
[00:00:32] [worker #28] Bootstrap tree #349, logLikelihood: -957.153007
[00:00:32] [worker #3] Bootstrap tree #324, logLikelihood: -954.676275
[00:00:32] [worker #20] Bootstrap tree #341, logLikelihood: -943.277646
[00:00:32] [worker #14] Bootstrap tree #335, logLikelihood: -955.028983
[00:00:32] [worker #15] Bootstrap tree #336, logLikelihood: -965.293872
[00:00:33] [worker #11] Bootstrap tree #332, logLikelihood: -955.028983
[00:00:33] [worker #22] Bootstrap tree #343, logLikelihood: -955.028983
[00:00:33] [worker #23] Bootstrap tree #344, logLikelihood: -955.028984
[00:00:33] [worker #24] Bootstrap tree #345, logLikelihood: -955.028983
[00:00:33] [worker #0] Bootstrap tree #321, logLikelihood: -955.028984
[00:00:33] [worker #17] Bootstrap tree #338, logLikelihood: -955.028984
[00:00:33] [worker #25] Bootstrap tree #346, logLikelihood: -955.028984
[00:00:33] [worker #31] Bootstrap tree #352, logLikelihood: -955.028982
[00:00:33] [worker #6] Bootstrap tree #327, logLikelihood: -955.028982
[00:00:33] [worker #8] Bootstrap tree #329, logLikelihood: -955.028984
[00:00:33] [worker #29] Bootstrap tree #350, logLikelihood: -955.028981
[00:00:33] [worker #10] Bootstrap tree #331, logLikelihood: -955.028984
[00:00:33] [worker #21] Bootstrap tree #342, logLikelihood: -955.028984
[00:00:33] [worker #7] Bootstrap tree #328, logLikelihood: -955.028983
[00:00:33] [worker #16] Bootstrap tree #337, logLikelihood: -955.028983
[00:00:33] [worker #26] Bootstrap tree #347, logLikelihood: -955.028983
[00:00:33] [worker #30] Bootstrap tree #351, logLikelihood: -955.028984
[00:00:33] [worker #2] Bootstrap tree #323, logLikelihood: -955.028984
[00:00:33] [worker #5] Bootstrap tree #358, logLikelihood: -955.028984
[00:00:33] [worker #19] Bootstrap tree #372, logLikelihood: -955.028981
00:00:33] [worker #9] Bootstrap tree #362, logLikelihood: -960.565173
[00:00:33] [worker #1] Bootstrap tree #354, logLikelihood: -955.028983
[00:00:33] [worker #27] Bootstrap tree #380, logLikelihood: -952.055173
[00:00:33] [worker #18] Bootstrap tree #371, logLikelihood: -955.028983
[00:00:33] [worker #4] Bootstrap tree #357, logLikelihood: -951.838031
[00:00:33] [worker #13] Bootstrap tree #366, logLikelihood: -955.028983
[00:00:33] [worker #28] Bootstrap tree #381, logLikelihood: -955.028983
[00:00:33] [worker #14] Bootstrap tree #367, logLikelihood: -943.790009
[00:00:33] [worker #12] Bootstrap tree #365, logLikelihood: -955.028981
[00:00:33] [worker #17] Bootstrap tree #370, logLikelihood: -942.149645
[00:00:33] [worker #24] Bootstrap tree #377, logLikelihood: -948.454416
[00:00:33] [worker #3] Bootstrap tree #356, logLikelihood: -955.028983
[00:00:33] [worker #20] Bootstrap tree #373, logLikelihood: -961.952918
[00:00:33] [worker #25] Bootstrap tree #378, logLikelihood: -939.578033
[00:00:33] [worker #31] Bootstrap tree #384, logLikelihood: -955.028984
[00:00:33] [worker #22] Bootstrap tree #375, logLikelihood: -955.028984
[00:00:33] [worker #10] Bootstrap tree #363, logLikelihood: -955.028984
[00:00:33] [worker #0] Bootstrap tree #353, logLikelihood: -962.571613
[00:00:33] [worker #2] Bootstrap tree #355, logLikelihood: -955.028984
[00:00:33] [worker #2] Bootstrap tree #355, logLikelihood: -955.028984
[00:00:33] [worker #29] Bootstrap tree #382, logLikelihood: -924.414160
[00:00:33] [worker #7] Bootstrap tree #360, logLikelihood: -940.619126
[00:00:33] [worker #8] Bootstrap tree #361, logLikelihood: -959.891380
[00:00:33] [worker #15] Bootstrap tree #368, logLikelihood: -955.028984
[00:00:33] [worker #16] Bootstrap tree #369, logLikelihood: -955.028983
[00:00:33] [worker #21] Bootstrap tree #374, logLikelihood: -925.759828
[00:00:33] [worker #26] Bootstrap tree #379, logLikelihood: -927.107990
[00:00:33] [worker #6] Bootstrap tree #359, logLikelihood: -955.028984
[00:00:33] [worker #11] Bootstrap tree #364, logLikelihood: -955.028983
[00:00:33] [worker #23] Bootstrap tree #376, logLikelihood: -955.028981
[00:00:33] [worker #30] Bootstrap tree #383, logLikelihood: -955.028982
[00:00:48] [worker #1] Bootstrap tree #386, logLikelihood: -943.974363
[00:00:48] [worker #2] Bootstrap tree #387, logLikelihood: -951.592139
[00:00:48] [worker #28] Bootstrap tree #413, logLikelihood: -939.291494
[00:00:48] [worker #9] Bootstrap tree #394, logLikelihood: -947.590041
[00:00:48] [worker #3] Bootstrap tree #388, logLikelihood: -971.437541
[00:00:48] [worker #8] Bootstrap tree #393, logLikelihood: -955.028982
[00:00:48] [worker #10] Bootstrap tree #395, logLikelihood: -971.376678
[00:00:48] [worker #13] Bootstrap tree #398, logLikelihood: -955.028982
[00:00:48] [worker #24] Bootstrap tree #409, logLikelihood: -955.028983
[00:00:48] [worker #20] Bootstrap tree #405, logLikelihood: -946.370315
[00:00:48] [worker #31] Bootstrap tree #416, logLikelihood: -930.582517
[00:00:48] [worker #4] Bootstrap tree #389, logLikelihood: -955.028983
[00:00:48] [worker #6] Bootstrap tree #391, logLikelihood: -955.028983
[00:00:48] [worker #14] Bootstrap tree #399, logLikelihood: -955.725245
[00:00:48] [worker #14] Bootstrap tree #399, logLikelihood: -955.725245
[00:00:48] [worker #16] Bootstrap tree #401, logLikelihood: -955.001813
[00:00:48] [worker #19] Bootstrap tree #404, logLikelihood: -928.504633
[00:00:48] [worker #29] Bootstrap tree #414, logLikelihood: -955.028984
[00:00:48] [worker #15] Bootstrap tree #400, logLikelihood: -969.707898
[00:00:48] [worker #11] Bootstrap tree #396, logLikelihood: -955.028984
[00:00:48] [worker #30] Bootstrap tree #415, logLikelihood: -943.490176
[00:00:48] [worker #22] Bootstrap tree #407, logLikelihood: -955.028982
[00:00:48] [worker #23] Bootstrap tree #408, logLikelihood: -955.028984
[00:00:48] [worker #27] Bootstrap tree #412, logLikelihood: -955.028982
[00:00:48] [worker #26] Bootstrap tree #411, logLikelihood: -955.028984
[00:00:48] [worker #5] Bootstrap tree #390, logLikelihood: -955.028984
[00:00:48] [worker #12] Bootstrap tree #397, logLikelihood: -955.028984
[00:00:48] [worker #21] Bootstrap tree #406, logLikelihood: -955.028984
[00:00:48] [worker #25] Bootstrap tree #410, logLikelihood: -955.028983
[00:00:48] [worker #18] Bootstrap tree #403, logLikelihood: -955.028984
[00:00:48] [worker #7] Bootstrap tree #392, logLikelihood: -955.028982
[00:00:48] [worker #17] Bootstrap tree #402, logLikelihood: -955.028982
[00:00:48] [worker #0] Bootstrap tree #385, logLikelihood: -955.028984
[00:00:48] [worker #1] Bootstrap tree #418, logLikelihood: -955.028983
[00:00:48] [worker #28] Bootstrap tree #445, logLikelihood: -956.628174
[00:00:48] [worker #2] Bootstrap tree #419, logLikelihood: -955.028983
[00:00:48] [worker #9] Bootstrap tree #426, logLikelihood: -955.028983
[00:00:48] [worker #13] Bootstrap tree #430, logLikelihood: -955.028982
[00:00:48] [worker #3] Bootstrap tree #420, logLikelihood: -955.028984
[00:00:48] [worker #24] Bootstrap tree #441, logLikelihood: -945.611093
[00:00:48] [worker #20] Bootstrap tree #437, logLikelihood: -955.028983
[00:00:48] [worker #10] Bootstrap tree #427, logLikelihood: -955.028981
[00:00:48] [worker #23] Bootstrap tree #440, logLikelihood: -930.877554
[00:00:48] [worker #19] Bootstrap tree #436, logLikelihood: -955.028984
[00:00:48] [worker #31] Bootstrap tree #448, logLikelihood: -955.028984
[00:00:48] [worker #31] Bootstrap tree #448, logLikelihood: -955.028984
[00:00:48] [worker #14] Bootstrap tree #431, logLikelihood: -955.028983
[00:00:48] [worker #17] Bootstrap tree #434, logLikelihood: -954.102703
[00:00:48] [worker #7] Bootstrap tree #424, logLikelihood: -941.201586
[00:00:48] [worker #11] Bootstrap tree #428, logLikelihood: -952.291802
[00:00:48] [worker #25] Bootstrap tree #442, logLikelihood: -955.028983
:00:48] [worker #4] Bootstrap tree #421, logLikelihood: -952.344055
[00:00:48] [worker #16] Bootstrap tree #433, logLikelihood: -955.028982
48] [worker #27] Bootstrap tree #444, logLikelihood: -955.028984
[00:00:48] [worker #15] Bootstrap tree #432, logLikelihood: -955.028984
[00:00:48] [worker #18] Bootstrap tree #435, logLikelihood: -955.028983
[00:00:48] [worker #12] Bootstrap tree #429, logLikelihood: -955.028982
[00:00:48] [worker #26] Bootstrap tree #443, logLikelihood: -962.885661
[00:00:48] [worker #30] Bootstrap tree #447, logLikelihood: -955.028982
[00:00:48] [worker #29] Bootstrap tree #446, logLikelihood: -955.028984
[00:00:48] [worker #8] Bootstrap tree #425, logLikelihood: -955.028984
:[00:00:48] [worker #6] Bootstrap tree #423, logLikelihood: 00:48] [worker #21] Bootstrap tree #438, logLikelihood: 
:[00:00:48] [worker #6] Bootstrap tree #423, logLikelihood: 00:48] [worker #21] Bootstrap tree #438, logLikelihood: 
-955.028984
[00:00:48] [worker #22] Bootstrap tree #439, logLikelihood: -964.703001
[00:00:48] [worker #5] Bootstrap tree #422, logLikelihood: -947.533006
[00:00:48] [worker #0] Bootstrap tree #417, logLikelihood: -955.028984
[00:01:08] [worker #15] Bootstrap tree #464, logLikelihood: -954.207512
[00:01:08] [worker #28] Bootstrap tree #477, logLikelihood: -955.028983
[00:01:08] [worker #2] Bootstrap tree #451, logLikelihood: -985.619001
[00:01:08] [worker #20] Bootstrap tree #469, logLikelihood: -969.848366
[00:01:08] [worker #12] Bootstrap tree #461, logLikelihood: -955.028982
[00:01:08] [worker #14] Bootstrap tree #463, logLikelihood: -948.319997
[00:01:08] [worker #22] Bootstrap tree #471, logLikelihood: -944.238341
[00:01:08] [worker #18] Bootstrap tree #467, logLikelihood: -951.142572
[00:01:08] [worker #16] Bootstrap tree #465, logLikelihood: -932.886018
[00:01:08] [worker #4] Bootstrap tree #453, logLikelihood: -952.886046
[00:01:08] [worker #10] Bootstrap tree #459, logLikelihood: -955.028983
[00:01:08] [worker #13] Bootstrap tree #462, logLikelihood: -955.028981
[00:01:08] [worker #25] Bootstrap tree #474, logLikelihood: -955.028982
[00:01:08] [worker #11] Bootstrap tree #460, logLikelihood: -923.895173
[00:01:08] [worker #19] Bootstrap tree #468, logLikelihood: -955.028983
[00:01:08] [worker #3] Bootstrap tree #452, logLikelihood: -955.028984
[00:01:08] [worker #8] Bootstrap tree #457, logLikelihood: -955.028984
[00:01:08] [worker #31] Bootstrap tree #480, logLikelihood: -955.028983
[00:01:08] [worker #27] Bootstrap tree #476, logLikelihood: -941.878644
[00:01:08] [worker #1] Bootstrap tree #450, logLikelihood: -955.028981
[00:01:08] [worker #0] Bootstrap tree #449, logLikelihood: -955.028984
[00:01:08] [worker #5] Bootstrap tree #454, logLikelihood: -955.028984
[00:01:08] [worker #24] Bootstrap tree #473, logLikelihood: -955.028983
[00:01:08] [worker #6] Bootstrap tree #455, logLikelihood: -955.028983
[00:01:08] [worker #30] Bootstrap tree #479, logLikelihood: -955.028984
[00:01:08] [worker #21] Bootstrap tree #470, logLikelihood: -955.028985
[00:01:08] [worker #7] Bootstrap tree #456, logLikelihood: -955.028982
[00:01:08] [worker #29] Bootstrap tree #478, logLikelihood: -963.224059
[00:01:08] [worker #9] Bootstrap tree #458, logLikelihood: -955.028981
[00:01:08] [worker #17] Bootstrap tree #466, logLikelihood: -955.028984
[00:01:08] [worker #26] Bootstrap tree #475, logLikelihood: -955.028983
[00:01:08] [worker #23] Bootstrap tree #472, logLikelihood: -955.028984
[00:01:08] [worker #28] Bootstrap tree #509, logLikelihood: -955.028984
[00:01:08] [worker #15] Bootstrap tree #496, logLikelihood: -945.865436
[00:01:08] [worker #12] Bootstrap tree #493, logLikelihood: -955.028984
[00:01:08] [worker #2] Bootstrap tree #483, logLikelihood: -955.028983
[00:01:08] [worker #14] Bootstrap tree #495, logLikelihood: -924.476207
[00:01:08] [worker #18] Bootstrap tree #499, logLikelihood: -955.028983
[00:01:08] [worker #20] Bootstrap tree #501, logLikelihood: -955.028984
[00:01:08] [worker #10] Bootstrap tree #491, logLikelihood: -955.028984
[00:01:08] [worker #4] Bootstrap tree #485, logLikelihood: -939.044001
[00:01:08] [worker #13] Bootstrap tree #494, logLikelihood: -955.028982
[00:01:08] [worker #11] Bootstrap tree #492, logLikelihood: -955.028984
[00:01:08] [worker #16] Bootstrap tree #497, logLikelihood: -955.028984
[00:01:08] [worker #19] Bootstrap tree #500, logLikelihood: -955.028983
[00:01:08] [worker #5] Bootstrap tree #486, logLikelihood: -951.875951
[00:01:08] [worker #22] Bootstrap tree #503, logLikelihood: -944.136970
[00:01:08] [worker #25] Bootstrap tree #506, logLikelihood: -955.028984
[00:01:08] [worker #8] Bootstrap tree #489, logLikelihood: -955.028984
[00:01:08] [worker #31] Bootstrap tree #512, logLikelihood: -955.028984
[00:01:08] [worker #27] Bootstrap tree #508, logLikelihood: -953.399680
[00:01:08] [worker #7] Bootstrap tree #488, logLikelihood: -955.028982
[00:01:08] [worker #21] Bootstrap tree #502, logLikelihood: -955.028983
-955.028982
[00:01:09] [worker #30] Bootstrap tree #511, logLikelihood: -942.149646
[00:01:09] [worker #24] Bootstrap tree #505, logLikelihood: -963.098437
[00:01:09] [worker #17] Bootstrap tree #498, logLikelihood: -948.466138
[00:01:09] [worker #26] Bootstrap tree #507, logLikelihood: -955.028984
[00:01:09] [worker #1] Bootstrap tree #482, logLikelihood: -955.028983
[00:01:09] [worker #6] Bootstrap tree #487, logLikelihood: -955.028984
[00:01:09] [worker #9] Bootstrap tree #490, logLikelihood: -940.868490
[00:01:09] [worker #29] Bootstrap tree #510, logLikelihood: -952.812185
[00:01:09] [worker #23] Bootstrap tree #504, logLikelihood: -939.267971
[00:01:09] [worker #0] Bootstrap tree #481, logLikelihood: -951.280248
[00:01:33] [worker #1] Bootstrap tree #514, logLikelihood: -931.237235
[00:01:33] [worker #27] Bootstrap tree #540, logLikelihood: -935.639659
[000[:01:33] 0:[worker #2] 01:ootstrap tree #33] 515, logLikelihood: [worker #26] Bootstrap tree #539, logLikelihood: -955.028982-955.028983
[000[:01:33] 0:[worker #2] 01:ootstrap tree #33] 515, logLikelihood: [worker #26] Bootstrap tree #539, logLikelihood: -955.028982-955.028983
[00:01:33] [worker #4] Bootstrap tree #517, logLikelihood: [-955.0289820:01:[00:01:33] [worker #4] Bootstrap tree #517, logLikelihood: [-955.0289820:01:33] [worker #9] Bootstrap tree #522, logLikelihood: -955.028984
00:01:33] [worker #14] Bootstrap tree #527, logLikelihood: -955.028983
[00:01:33] [worker #12] Bootstrap tree #525, logLikelihood: [-948.8963350:01:33] 
[00:01:33] [worker #12] Bootstrap tree #525, logLikelihood: [-948.8963350:01:33] 
[worker #22] Bootstrap tree #535, logLikelihood: -950.227724

[00:01:33] [worker #15] Bootstrap tree #528, logLikelihood: -936.648168
:01:33] [worker #24] Bootstrap tree #537, logLikelihood: -925.759828
[00:01:33] [worker #31] Bootstrap tree #544, logLikelihood: -955.028983
[00:01:33] [worker #19] Bootstrap tree #532, logLikelihood: -930.281237
[00:01:33] [worker #11] Bootstrap tree #524, logLikelihood: -958.547480
[00:01:33] [worker #17] Bootstrap tree #530, logLikelihood: -934.629136
[00:01:33] [worker #21] Bootstrap tree #534, logLikelihood: -946.551950
[00:01:33] [worker #3] Bootstrap tree #516, logLikelihood: -955.028983
[00:01:33] [worker #20] Bootstrap tree #533, logLikelihood: -966.766492
[00:01:33] [worker #8] Bootstrap tree #521, logLikelihood: -955.028981
[00:01:33] [worker #30] Bootstrap tree #543, logLikelihood: -955.028983
[00:01:33] [worker #28] Bootstrap tree #541, logLikelihood: -932.037953
[00:01:34] [worker #6] Bootstrap tree #519, logLikelihood: -935.447379
[00:01:34] [worker #23] Bootstrap tree #536, logLikelihood: -955.028983
[00:01:34] [worker #18] Bootstrap tree #531, logLikelihood: -955.028984
[00:01:34] [worker #13] Bootstrap tree #526, logLikelihood: -955.028984
[00:01:34] [worker #7] Bootstrap tree #520, logLikelihood: -955.028983
[
00:01:34] [worker #16] Bootstrap tree #529, logLikelihood: -955.028984
[00:01:34] [worker #25] Bootstrap tree #538, logLikelihood: -955.028983
[00:01:34] [worker #29] Bootstrap tree #542, logLikelihood: -970.947589
[00:01:34] [worker #2] Bootstrap tree #547, logLikelihood: -951.724062
[00:01:34] [worker #1] Bootstrap tree #546, logLikelihood: -966.004368
[00:01:34] [worker #26] Bootstrap tree #571, logLikelihood: -956.127605
[00:01:34] [worker #0] Bootstrap tree #513, logLikelihood: -955.028983
[00:01:34] [worker #27] Bootstrap tree #572, logLikelihood: -955.028983
[00:01:34] [worker #11] Bootstrap tree #556, logLikelihood: -925.209578
[00:01:34] [worker #14] Bootstrap tree #559, logLikelihood: -955.028981
[00:01:34] [worker #22] Bootstrap tree #567, logLikelihood: -955.933854
[00:01:34] [worker #24] Bootstrap tree #569, logLikelihood: -955.028984
[00:01:34] [worker #5] Bootstrap tree #550, logLikelihood: -955.028983
[worker #19] Bootstrap tree #564, logLikelihood: -955.028984[
-955.028983
[00:01:34] [worker #12] Bootstrap tree #557, logLikelihood: -955.028984
00:01:34] [worker #30] Bootstrap tree #575, logLikelihood: -955.028984
[00:01:34] [worker #3] Bootstrap tree #548, logLikelihood: -959.939053
[00:01:34] [worker #8] Bootstrap tree #553, logLikelihood: -941.235501
[00:01:34] [worker #21] Bootstrap tree #566, logLikelihood: -955.028984
[00:01:34] [worker #16] Bootstrap tree #561, logLikelihood: -942.002058
[00:01:34] [worker #23] Bootstrap tree #568, logLikelihood: -955.028984
[00:01:34] [worker #4] Bootstrap tree #549, logLikelihood: -955.028983
[00:01:34] [worker #15] Bootstrap tree #560, logLikelihood: -955.028982
[00:01:34] [worker #28] Bootstrap tree #573, logLikelihood: -956.185351
[00:01:34] [worker #20] Bootstrap tree #565, logLikelihood: -941.722369
[00:01:34] [worker #9] Bootstrap tree #554, logLikelihood: -955.028983
[00:01:34] [worker #18] Bootstrap tree #563, logLikelihood: -955.028981
[00:01:34] [worker #17] Bootstrap tree #562, logLikelihood: -955.028984
[00:01:34] [worker #25] Bootstrap tree #570, logLikelihood: -941.911675
[00:01:34] [worker #10] Bootstrap tree #555, logLikelihood: -955.028984
[00:01:34] [worker #13] Bootstrap tree #558, logLikelihood: -955.028983
[00:01:34] [worker #29] Bootstrap tree #574, logLikelihood: -955.036042
[00:01:34] [worker #6] Bootstrap tree #551, logLikelihood: -955.028981
[00:01:34] [worker #7] Bootstrap tree #552, logLikelihood: -955.028984
[00:01:34] [worker #0] Bootstrap tree #545, logLikelihood: -955.028983
[00:02:11] [worker #1] Bootstrap tree #578, logLikelihood: -950.867709
[00:02:11] [worker #13] Bootstrap tree #590, logLikelihood: -929.353151
[00:02:11] [worker #22] Bootstrap tree #599, logLikelihood: -968.619114
[00:02:11] [worker #28] Bootstrap tree #605, logLikelihood: -953.959262
[00:02:11] [worker #27] Bootstrap tree #604, logLikelihood: -955.028984
[00:02:11] [worker #14] Bootstrap tree #591, logLikelihood: -925.462392
[00:02:11] [worker #12] Bootstrap tree #589, logLikelihood: -938.368168
[00:02:11] [worker #3] Bootstrap tree #580, logLikelihood: -955.028984
[00:02:11] [worker #21] Bootstrap tree #598, logLikelihood: [-948.6830180:02:11[00:02:11] [worker #21] Bootstrap tree #598, logLikelihood: [-948.6830180:02:11] [worker #5] Bootstrap tree #582, logLikelihood: -955.028983
[00:02:11] [worker #7] Bootstrap tree #584, logLikelihood: -959.424534
[00:02:11] [worker #11] Bootstrap tree #588, logLikelihood: -955.028984
[00:02:11] [worker #19] Bootstrap tree #596, logLikelihood: -937.902640
[00:02:11] [worker #8] Bootstrap tree #585, logLikelihood: -955.028982
[00:02:11] [worker #18] Bootstrap tree #595, logLikelihood: -955.028982
[00:02:11] [worker #15] Bootstrap tree #592, logLikelihood: -955.028982
[00:02:11] [worker #0] Bootstrap tree #577, logLikelihood: -951.994031
[00:02:11] [worker #26] Bootstrap tree #603, logLikelihood: -955.028983
[00:02:11] [worker #20] Bootstrap tree #597, logLikelihood: -955.028983
[00:02:11] [worker #16] Bootstrap tree #593, logLikelihood: -964.422588
[00:02:11] [worker #6] Bootstrap tree #583, logLikelihood: -955.028981
[00:02:11] [worker #23] Bootstrap tree #600, logLikelihood: -955.028983
[00:02:11] [worker #10] Bootstrap tree #587, logLikelihood: -955.873244
[00:02:11] [worker #29] Bootstrap tree #606, logLikelihood: -940.858684
[00:02:11] [worker #31] Bootstrap tree #608, logLikelihood: -955.028984
[00:02:11] [worker #9] Bootstrap tree #586, logLikelihood: -944.075358
[00:02:11] [worker #2] Bootstrap tree #579, logLikelihood: -955.028983
[00:02:11] [worker #24] Bootstrap tree #601, logLikelihood: -955.028983
[00:02:11] [worker #4] Bootstrap tree #581, logLikelihood: -955.028983
[00:02:11] [worker #25] Bootstrap tree #602, logLikelihood: -955.028984[
[00:02:11] [worker #25] Bootstrap tree #602, logLikelihood: -955.028984[
00:02:11] [worker #30] Bootstrap tree #607, logLikelihood: -955.028981
[00:02:11] [worker #17] Bootstrap tree #594, logLikelihood: -955.028984
[00:02:11] [worker #1] Bootstrap tree #610, logLikelihood: -950.012999
[00:02:12] [worker #22] Bootstrap tree #631, logLikelihood: -955.028983
[00:02:12] [worker #28] Bootstrap tree #637, logLikelihood: -955.028983
[00:02:12] [worker #21] Bootstrap tree #630, logLikelihood: -955.028984
[00:02:12] [worker #7] Bootstrap tree #616, logLikelihood: -957.974340
[00:02:12] [worker #2] Bootstrap tree #611, logLikelihood: -951.866270
[00:02:12] [worker #13] Bootstrap tree #622, logLikelihood: -955.028984
[00:02:12] [worker #27] Bootstrap tree #636, logLikelihood: -955.028983
[00:02:12] [worker #12] Bootstrap tree #621, logLikelihood: -955.028983
[00:02:12] [worker #8] Bootstrap tree #617, logLikelihood: [-948.11464300:02
[00:02:12] [worker #8] Bootstrap tree #617, logLikelihood: [-948.11464300:02
:12] [worker #5] Bootstrap tree #614, logLikelihood: -955.028983
[00:02:12] [worker #18] Bootstrap tree #627, logLikelihood: -955.028983
[00:02:12] [worker #23] Bootstrap tree #632, logLikelihood: -937.250011
[00:02:12] [worker #30] Bootstrap tree #639, logLikelihood: -936.305601
[00:02:12] [worker #9] Bootstrap tree #618, logLikelihood: -952.414526
[00:02:12] [worker #11] Bootstrap tree #620, logLikelihood: -955.028982
[00:02:12] [worker #19] Bootstrap tree #628, logLikelihood: -955.028984
[00:02:12] [worker #31] Bootstrap tree #640, logLikelihood: -955.028984
[00:02:12] [worker #14] Bootstrap tree #623, logLikelihood: -955.028984
[00:02:12] [worker #6] Bootstrap tree #615, logLikelihood: -955.028983
[00:02:12] [worker #16] Bootstrap tree #625, logLikelihood: -955.028984
[00:02:12] [worker #0] Bootstrap tree #609, logLikelihood: -936.395036
[00:02:12] [worker #3] Bootstrap tree #612, logLikelihood: -955.028983
[00:02:12] [worker #25] Bootstrap tree #634, logLikelihood: -955.028984
[00:02:12] [worker #10] Bootstrap tree #619, logLikelihood: -955.028982
[00:02:12] [worker #24] Bootstrap tree #633, logLikelihood: -955.028983
[00:02:12] [worker #26] Bootstrap tree #635, logLikelihood: -955.028984
[00:02:12] [worker #20] Bootstrap tree #629, logLikelihood: -955.028983
[00:02:12] [worker #29] Bootstrap tree #638, logLikelihood: -955.028983
[00:02:12] [worker #15] Bootstrap tree #624, logLikelihood: -929.940741
[00:02:12] [worker #17] Bootstrap tree #626, logLikelihood: -955.028984
[00:02:12] [worker #4] Bootstrap tree #613, logLikelihood: -955.028981
[00:02:55] [worker #19] Bootstrap tree #660, logLikelihood: -942.122681
[00:02:55] [worker #17] Bootstrap tree #658, logLikelihood: -916.319551
[00:02:55] [worker #13] Bootstrap tree #654, logLikelihood: -963.493129
[00:02:55] [worker #31] Bootstrap tree #672, logLikelihood: -955.028984
[00:02:55] [worker #5] Bootstrap tree #646, logLikelihood: -955.028983
[00:02:55] [worker #10] Bootstrap tree #651, logLikelihood: -955.028983
[00:02:55] [worker #28] Bootstrap tree #669, logLikelihood: -955.028984
[00:02:55] [worker #11] Bootstrap tree #652, logLikelihood: -955.028983
[00:02:55] [worker #3] Bootstrap tree #644, logLikelihood: -943.702860
[00:02:55] [worker #29] Bootstrap tree #670, logLikelihood: -955.028982
[00:02:55] [worker #6] Bootstrap tree #647, logLikelihood: -955.028983
[00:02:55] [worker #21] Bootstrap tree #662, logLikelihood: -955.028984
[00:02:55] [worker #27] Bootstrap tree #668, logLikelihood: -955.028983
[00:02:55] [worker #22] Bootstrap tree #663, logLikelihood: [00-944.510974:02:55] 
[00:02:55] [worker #22] Bootstrap tree #663, logLikelihood: [00-944.510974:02:55] 
[worker #25] Bootstrap tree #666, logLikelihood: -955.028984
[00:02:55] [worker #20] Bootstrap tree #661, logLikelihood: -955.028983
[00:02:55] [worker #1] Bootstrap tree #642, logLikelihood: -955.028983
[00:02:55] 0[worker #4] :Bootstrap tree #02645:, logLikelihood: 55] [worker #23] Bootstrap tree #664, logLikelihood: -955.028982
[00:02:55] 0[worker #4] :Bootstrap tree #02645:, logLikelihood: 55] [worker #23] Bootstrap tree #664, logLikelihood: -955.028982
-955.028983
[00:02:55] [worker #15] Bootstrap tree #656, logLikelihood: -955.028982
[00:02:55] [worker #2] Bootstrap tree #643, logLikelihood: -955.028982
[00:02:55] [worker #16] Bootstrap tree #657, logLikelihood: -955.028983
[00:02:55] [worker #26] Bootstrap tree #667, logLikelihood: -955.028983
[00:02:55] [worker #12] Bootstrap tree #653, logLikelihood: -955.028983
[00:02:55] [worker #24] Bootstrap tree #665, logLikelihood: -955.028982
[00:02:55] [worker #9] Bootstrap tree #650, logLikelihood: -955.028983
[00:02:55] [worker #7] Bootstrap tree #648, logLikelihood: -955.028981
[00:02:55] [worker #30] Bootstrap tree #671, logLikelihood: -938.651524
[00:02:55] [worker #18] Bootstrap tree #659, logLikelihood: -955.028982
[00:02:55] [worker #14] Bootstrap tree #655, logLikelihood: -955.028984
[00:02:55] [worker #8] Bootstrap tree #649, logLikelihood: -955.028983
[00:02:55] [worker #31] Bootstrap tree #704, logLikelihood: -950.380937
[00:02:55] [worker #0] Bootstrap tree #641, logLikelihood: -955.028983
[00:02:55] [worker #10] Bootstrap tree #683, logLikelihood: -955.028984
[00:02:55] [worker #3] Bootstrap tree #676, logLikelihood: -960.006220
[00:02:55] [worker #22] Bootstrap tree #695, logLikelihood: -951.768875
[00:02:55] [worker #17] Bootstrap tree #690, logLikelihood: -955.028983
[00:02:55] [worker #27] Bootstrap tree #700, logLikelihood: -955.028983
[00:02:55] [worker #13] Bootstrap tree #686, logLikelihood: -955.028984
[worker #19] Bootstrap tree #692, logLikelihood: -955.028983
[00:02:55] [worker #5] Bootstrap tree #678, logLikelihood: -955.028983
[00:02:55] [worker #21] Bootstrap tree #694, logLikelihood: -955.028983
[00:02:55] [worker #28] Bootstrap tree #701, logLikelihood: -970.675202
[00:02:55] [worker #6] Bootstrap tree #679, logLikelihood: -955.028984
[00:02:55] [worker #11] Bootstrap tree #684, logLikelihood: -968.769592
[00:02:55] [worker #23] Bootstrap tree #696, logLikelihood: -953.630301
[00:02:55] [worker #12] Bootstrap tree #685, logLikelihood: -955.028983
[00:02:55] [worker #9] Bootstrap tree #682, logLikelihood: -951.134238
:55] [worker #29] Bootstrap tree #702, logLikelihood: -974.999047
[00:02:55] [worker #7] Bootstrap tree #680, logLikelihood: -955.028984
[00:02:55] [worker #16] Bootstrap tree #689, logLikelihood: -955.028984
[00:02:55] [worker #15] Bootstrap tree #688, logLikelihood: -953.693328
[00:02:55] [worker #8] Bootstrap tree #681, logLikelihood: -955.028984
[00:02:55] [worker #20] Bootstrap tree #693, logLikelihood: -941.617366
[00:02:55] [worker #1] Bootstrap tree #674, logLikelihood: -955.028982
[00:02:55] [worker #4] Bootstrap tree #677, logLikelihood: -955.028984
-955.028983
[00:02:55] [worker #25] Bootstrap tree #698, logLikelihood: -955.028984
[00:02:55] [worker #24] Bootstrap tree #697, logLikelihood: -955.028983
[00:02:55] [worker #14] Bootstrap tree #687, logLikelihood: -955.028984
[00:02:55] [worker #18] Bootstrap tree #691, logLikelihood: -955.028983
[00:02:55] [worker #2] Bootstrap tree #675, logLikelihood: -955.028983
[00:02:55] [worker #2] Bootstrap tree #675, logLikelihood: -955.028983
[00:02:55] [worker #30] Bootstrap tree #703, logLikelihood: -955.028983
[00:02:56] [worker #0] Bootstrap tree #673, logLikelihood: -935.389891
[00:03:41] [worker #7] Bootstrap tree #712, logLikelihood: -925.005317
[00:03:41] [worker #10] Bootstrap tree #715, logLikelihood: -942.220162
[00:03:41] [worker #25] Bootstrap tree #730, logLikelihood: -964.104617
[00:03:41] [worker #3] Bootstrap tree #708, logLikelihood: -951.252382
[00:03:41] [worker #14] Bootstrap tree #719, logLikelihood: [-961.767728

[00:03:41] [worker #30] Bootstrap tree #735, logLikelihood: -967.885127
[00:03:41] [worker #11] Bootstrap tree #716, logLikelihood: -958.153087
[00:03:41] [worker #18] Bootstrap tree #723, logLikelihood: -955.028983
[00:03:41] [worker #29] Bootstrap tree #734, logLikelihood: -955.028984
[00:03:41] [worker #16] Bootstrap tree #721, logLikelihood: -955.028983
[00:03:41] [worker #27] Bootstrap tree #732, logLikelihood: -955.028982
[00:03:41] [worker #2] Bootstrap tree #707, logLikelihood: -955.028984
[00:03:41] [worker #24] Bootstrap tree #729, logLikelihood: -955.028984
-955.028982[
:03:41] [worker #1] Bootstrap tree #706, logLikelihood: -955.028983
[00:03:41] [worker #4] Bootstrap tree #709, logLikelihood: -955.028983
[00:03:41] [worker #17] Bootstrap tree #722, logLikelihood: -955.028983
[00:03:41] [worker #8] Bootstrap tree #713, logLikelihood: -955.028983
[00:03:41] [worker #13] Bootstrap tree #718, logLikelihood: -959.740180
[00:03:41] [worker #31] Bootstrap tree #736, logLikelihood: -955.028984
[00:03:41] [worker #20] Bootstrap tree #725, logLikelihood: -955.028983
[00:03:41] [worker #26] Bootstrap tree #731, logLikelihood: -955.028984
[00:03:41] [worker #23] Bootstrap tree #728, logLikelihood: -925.758574
[00:03:41] [worker #19] Bootstrap tree #724, logLikelihood: -955.028984
[00:03:41] [worker #9] Bootstrap tree #714, logLikelihood: -955.028983
[00:03:41] [worker #5] Bootstrap tree #710, logLikelihood: -955.028983
[00:03:41] [worker #15] Bootstrap tree #720, logLikelihood: -955.028983
[00:03:41] [worker #22] Bootstrap tree #727, logLikelihood: -955.028984
[00:03:41] [worker #28] Bootstrap tree #733, logLikelihood: -955.028984
[00:03:41] [worker #12] Bootstrap tree #717, logLikelihood: -955.028984
[00:03:41] [worker #3] Bootstrap tree #740, logLikelihood: -946.775318
[00:03:41] [worker #0] Bootstrap tree #705, logLikelihood: -955.028984
[00:03:41] [worker #21] Bootstrap tree #758, logLikelihood: -955.028985
[00:03:41] [worker #18] Bootstrap tree #755, logLikelihood: -955.028984
[00:03:41] [worker #25] Bootstrap tree #762, logLikelihood: -955.028982
[00:03:41] [worker #30] Bootstrap tree #767, logLikelihood: -955.028983
[00:03:41] [worker #2] Bootstrap tree #739, logLikelihood: -955.028984
[00:03:41] [worker #11] Bootstrap tree #748, logLikelihood: -955.028983
[00:03:41] [worker #7] Bootstrap tree #744, logLikelihood: -942.999283
[00:03:41] [worker #14] Bootstrap tree #751, logLikelihood: -955.028983
[00:03:41] [worker #10] Bootstrap tree #747, logLikelihood: -955.028982
[00:03:41] [worker #27] Bootstrap tree #764, logLikelihood: -928.354734
[00:03:41] [worker #17] Bootstrap tree #754, logLikelihood: -962.536053
[00:03:41] [worker #8] Bootstrap tree #745, logLikelihood: -955.028983
[00:03:41] [worker #4] Bootstrap tree #741, logLikelihood: -955.028983
[00:03:41] [worker #15] Bootstrap tree #752, logLikelihood: -955.028984
[00:03:41] [worker #20] Bootstrap tree #757, logLikelihood: -955.028984
[00:03:41] [worker #6] Bootstrap tree #743, logLikelihood: -955.028983
[00:03:41] [worker #24] Bootstrap tree #761, logLikelihood: -955.028983
[00:03:41] [worker #31] Bootstrap tree #768, logLikelihood: -959.092232
[00:03:41] [worker #9] Bootstrap tree #746, logLikelihood: -955.028983
[00:03:41] [worker #23] Bootstrap tree #760, logLikelihood: -954.595887
[00:03:41] [worker #22] Bootstrap tree #759, logLikelihood: -955.028982
[00:03:41] [worker #19] Bootstrap tree #756, logLikelihood: -955.028983
[00:03:41] [worker #5] Bootstrap tree #742, logLikelihood: -955.028984
[00:03:41] [worker #29] Bootstrap tree #766, logLikelihood: -946.322326
[00:03:41] [worker #1] Bootstrap tree #738, logLikelihood: -955.028983
[00:03:41] [worker #16] Bootstrap tree #753, logLikelihood: -955.028981
[00:03:41] [worker #28] Bootstrap tree #765, logLikelihood: -955.028984
[00:03:41] [worker #13] Bootstrap tree #750, logLikelihood: -955.028983
[00:03:41] [worker #26] Bootstrap tree #763, logLikelihood: -955.028983
[00:03:41] [worker #12] Bootstrap tree #749, logLikelihood: -955.028983
[00:03:41] [worker #0] Bootstrap tree #737, logLikelihood: -940.131557
[00:04:33] [worker #22] Bootstrap tree #791, logLikelihood: -967.581776
[00:04:33] [worker #13] Bootstrap tree #782, logLikelihood: -962.025541
[00:04:33] [worker #29] Bootstrap tree #798, logLikelihood: -943.353023
[00:04:33] [worker #20] Bootstrap tree #789, logLikelihood: -943.935399
[00:04:33] [worker #28] Bootstrap tree #797, logLikelihood: -935.100027
[00:04:33] [worker #9] Bootstrap tree #778, logLikelihood: -966.083653
[00:04:33] [worker #26] Bootstrap tree #795, logLikelihood: -938.997179
[00:04:33] [worker #11] Bootstrap tree #780, logLikelihood: -950.319831
[00:04:33] [worker #21] Bootstrap tree #790, logLikelihood: -955.028983
[00:04:33] [worker #12] Bootstrap tree #781, logLikelihood: [00:04:33] -955.028983[worker #5] Bootstrap tree #774, logLikelihood: 
[00:04:33] [worker #12] Bootstrap tree #781, logLikelihood: [00:04:33] -955.028983[worker #5] Bootstrap tree #774, logLikelihood: 
-955.028984
[00:04::33] 04[worker #4] :33] [worker #25] Bootstrap tree #794, logLikelihood: Bootstrap tree #773, logLikelihood: -955.028984
000:04::33] 04[worker #4] :33] [worker #25] Bootstrap tree #794, logLikelihood: Bootstrap tree #773, logLikelihood: -955.028984
-955.028984
:04:33] [worker #7] Bootstrap tree #776, logLikelihood: -929.738178
[00:04:33] [worker #14] Bootstrap tree #783, logLikelihood: -955.028984
[00:04:33] [worker #16] Bootstrap tree #785, logLikelihood: -955.028983
[00:04:33] [worker #2] Bootstrap tree #771, logLikelihood: -955.028982
[00:04:33] [worker #31] Bootstrap tree #800, logLikelihood: -955.028983

[00:04:33] [worker #6] Bootstrap tree #775, logLikelihood: -955.028982
[00:04:33] [worker #15] Bootstrap tree #784, logLikelihood: -925.061710
[00:04:33] [worker #3] Bootstrap tree #772, logLikelihood: -955.028984
[00:04:33] [worker #17] Bootstrap tree #786, logLikelihood: -955.028982
[00:04:33] [worker #10] Bootstrap tree #779, logLikelihood: -955.028983
[00:04:33] [worker #0] Bootstrap tree #769, logLikelihood: -955.028984
[00:04:33] [worker #23] Bootstrap tree #792, logLikelihood: -955.937604
[00:04:33] [worker #1] Bootstrap tree #770, logLikelihood: -955.028984
[00:04:33] [worker #27] Bootstrap tree #796, logLikelihood: -939.528254
[00:04:33] [worker #24] Bootstrap tree #793, logLikelihood: -955.028982
[00:04:33] [worker #19] Bootstrap tree #788, logLikelihood: -948.817906
[00:04:33] [worker #30] Bootstrap tree #799, logLikelihood: -955.028984
[00:04:33] [worker #8] Bootstrap tree #777, logLikelihood: -955.028982
[00:04:33] [worker #20] Bootstrap tree #821, logLikelihood: -955.028982
[00:04:33] [worker #22] Bootstrap tree #823, logLikelihood: -955.028984
[00:04:33] [worker #13] Bootstrap tree #814, logLikelihood: -953.885181
[00:04:33] [worker #26] Bootstrap tree #827, logLikelihood: -935.923867
[00:04:33] [worker #29] Bootstrap tree #830, logLikelihood: -955.028983
[00:04:33] [worker #5] Bootstrap tree #806, logLikelihood: -935.953670
[00:04:33] [worker #4] Bootstrap tree #805, logLikelihood: -955.028983
[00:04:33] [worker #25] Bootstrap tree #826, logLikelihood: -955.028983
[00:04:33] [worker #21] Bootstrap tree #822, logLikelihood: -955.028981
[00:04:33] [worker #31] Bootstrap tree #832, logLikelihood: -955.028983
[00:04:33] [worker #9] Bootstrap tree #810, logLikelihood: -955.028983
[00:04:33] [worker #28] Bootstrap tree #829, logLikelihood: -955.028983
[00:04:33] [worker #11] Bootstrap tree #812, logLikelihood: -955.028984
[00:04:33] [worker #6] Bootstrap tree #807, logLikelihood: -951.107478
[00:04:33] [worker #18] Bootstrap tree #819, logLikelihood: -943.265092
[00:04:33] [worker #16] Bootstrap tree #817, logLikelihood: -955.028981
[00:04:33] [worker #12] Bootstrap tree #813, logLikelihood: -955.028984
[00:04:33] [worker #17] Bootstrap tree #818, logLikelihood: -943.453362
[00:04:33] [worker #14] Bootstrap tree #815, logLikelihood: -944.458220
[00:04:33] [worker #3] Bootstrap tree #804, logLikelihood: -929.820701
[00:04:33] [worker #10] Bootstrap tree #811, logLikelihood: -955.028982
[00:04:33] [worker #15] Bootstrap tree #816, logLikelihood: -961.394223
[00:04:33] [worker #27] Bootstrap tree #828, logLikelihood: -955.028984
[00:04:33] [worker #2] Bootstrap tree #803, logLikelihood: -955.028982
[00:04:33] [worker #7] Bootstrap tree #808, logLikelihood: -951.366098
[00:04:33] [worker #30] Bootstrap tree #831, logLikelihood: -955.028984
[00:04:33] [worker #1] Bootstrap tree #802, logLikelihood: -955.028983
[00:04:33] [worker #0] Bootstrap tree #801, logLikelihood: -965.531359
[00:04:33] [worker #23] Bootstrap tree #824, logLikelihood: -946.458038
[00:04:33] [worker #24] Bootstrap tree #825, logLikelihood: -955.028982
[00:04:33] [worker #19] Bootstrap tree #820, logLikelihood: -955.028984
[00:04:33] [worker #8] Bootstrap tree #809, logLikelihood: -955.028983
[00:05:37] [worker #18] Bootstrap tree #851, logLikelihood: -916.318989
[00:05:37] [worker #12] Bootstrap tree #845, logLikelihood: -918.095850
[00:05:37] [worker #1] Bootstrap tree #834, logLikelihood: -955.028983
[00:05:37] [worker #24] Bootstrap tree #857, logLikelihood: -955.028983
[00:05:37] [worker #5] Bootstrap tree #838, logLikelihood: -966.373092
[00:05:37] [worker #28] Bootstrap tree #861, logLikelihood: -973.529261
[00:05:37] [worker #16] Bootstrap tree #849, logLikelihood: -963.680375
[00:05:37] [worker #9] Bootstrap tree #842, logLikelihood: -948.253160
[00:05:37] [worker #4] Bootstrap tree #837, logLikelihood: -945.202814
[00:05:37] [worker #25] Bootstrap tree #858, logLikelihood: -955.028984
[00:05:37] [worker #14] Bootstrap tree #847, logLikelihood: -955.028984
[00:05:37] [worker #21] Bootstrap tree #854, logLikelihood: -935.809125
[00:05:37] [worker #19] Bootstrap tree #852, logLikelihood: -955.028982
[00:05:37] [worker #15] Bootstrap tree #848, logLikelihood: -955.028982
[00:05:37] [worker #2] Bootstrap tree #835, logLikelihood: -955.028984
[00:05:37] [worker #27] Bootstrap tree #860, logLikelihood: -955.028983
[00:05:37] [worker #20] Bootstrap tree #853, logLikelihood: -961.038556
[00:05:37] [worker #8] Bootstrap tree #841, logLikelihood: -962.710251
[00:05:37] [worker #31] Bootstrap tree #864, logLikelihood: -955.028982
[00:05:37] [worker #29] Bootstrap tree #862, logLikelihood: -955.028984
[[00:05:37] [worker #6] Bootstrap tree #839, logLikelihood: -955.0289840:
[[00:05:37] [worker #30] Bootstrap tree #863, logLikelihood: -955.028983
[00:05:37] [worker #3] Bootstrap tree #836, logLikelihood: -955.028984
[00:05:37] [worker #17] Bootstrap tree #850, logLikelihood: -955.028983
[00:05:37] [worker #10] Bootstrap tree #843, logLikelihood: -955.028983
[00:05:37] [worker #13] Bootstrap tree #846, logLikelihood: -955.028984
[00:05:37] [worker #22] Bootstrap tree #855, logLikelihood: -937.159868
[00:05:37] [worker #0] Bootstrap tree #833, logLikelihood: -955.028983
[00:05:37] [worker #7] Bootstrap tree #840, logLikelihood: -955.028983
[00:05:37] [worker #11] Bootstrap tree #844, logLikelihood: -955.028983
[00:05:37] [worker #23] Bootstrap tree #856, logLikelihood: -955.028984
[00:05:37] [worker #5] Bootstrap tree #870, logLikelihood: -955.028984
[00:05:37] [worker #12] Bootstrap tree #877, logLikelihood: -941.397967
[00:05:37] [worker #18] Bootstrap tree #883, logLikelihood: -942.027660
[00:05:37] [worker #21] Bootstrap tree #886, logLikelihood: -955.028983
[00:05:37] [worker #25] Bootstrap tree #890, logLikelihood: -955.028983
[00:05:37] [worker #9] Bootstrap tree #874, logLikelihood: -955.028983
[00:05:37] [worker #24] Bootstrap tree #889, logLikelihood: -955.028983
[00:05:37] [worker #4] Bootstrap tree #869, logLikelihood: -955.028984
[00:05:37] [worker #28] Bootstrap tree #893, logLikelihood: -955.028982
[00:05:37] [worker #19] Bootstrap tree #884, logLikelihood: -955.028982
[00:05:37] [worker #16] Bootstrap tree #881, logLikelihood: -955.028984
[00:05:37] [worker #14] Bootstrap tree #879, logLikelihood: -941.513616
[00:05:37] [worker #15] Bootstrap tree #880, logLikelihood: -959.873066
[00:05:37] [worker #1] Bootstrap tree #866, logLikelihood: -955.028982
[00:05:37] [worker #8] Bootstrap tree #873, logLikelihood: -955.028982
[00:05:37] [worker #26] Bootstrap tree #891, logLikelihood: -955.028984
[00:05:37] [worker #17] Bootstrap tree #882, logLikelihood: -955.028984
[00:05:37] [worker #27] Bootstrap tree #892, logLikelihood: -955.028983
[00:05:37] [worker #2] Bootstrap tree #867, logLikelihood: -955.028983
] [worker #29] Bootstrap tree #894, logLikelihood: -955.028983
[00:05:37] [worker #6] Bootstrap tree #871, logLikelihood: -955.028983
[00:05:37] [worker #23] Bootstrap tree #888, logLikelihood: -955.028983
[00:05:37] [worker #10] Bootstrap tree #875, logLikelihood: -921.623969
[worker #3] Bootstrap tree #868, logLikelihood: -951.686861
[00:05:37] [worker #20] Bootstrap tree #885, logLikelihood: -955.028983
[00:05:37] [worker #31] Bootstrap tree #896, logLikelihood: -955.028984
[00:05:37] [worker #13] Bootstrap tree #878, logLikelihood: -955.028982
[00:05:37] [worker #30] Bootstrap tree #895, logLikelihood: -955.028984
[00:05:37] [worker #22] Bootstrap tree #887, logLikelihood: -955.028984
[00:05:38] [worker #0] Bootstrap tree #865, logLikelihood: -955.028983
[00:05:38] [worker #11] Bootstrap tree #876, logLikelihood: -955.028983
[00:05:38] [worker #7] Bootstrap tree #872, logLikelihood: -955.028984
[00:06:50] [worker #16] Bootstrap tree #913, logLikelihood: -928.403825
[00:06:50] [worker #11] Bootstrap tree #908, logLikelihood: -966.420834
[00:06:50] [worker #1] Bootstrap tree #898, logLikelihood: -955.028983
[00:06:50] [worker #26] Bootstrap tree #923, logLikelihood: -938.200907
[00:06:50] [worker #30] Bootstrap tree #927, logLikelihood: -945.865436
[00:06:50] [worker #3] Bootstrap tree #900, logLikelihood: -955.028983
-946.506271
[00:06:50] [worker #31] Bootstrap tree #928, logLikelihood: -955.028984
[00:06:50] [worker #14] Bootstrap tree #911, logLikelihood: [-955.0289840:06:50][00:06:50] [worker #14] Bootstrap tree #911, logLikelihood: [-955.0289840:06:50] [worker #21] Bootstrap tree #918, logLikelihood: -966.816631
[00:06:50] [worker #7] Bootstrap tree #904, logLikelihood: -955.028983
[00:06:50] [worker #17] Bootstrap tree #914, logLikelihood: -955.028984
[00:06:50] [worker #13] Bootstrap tree #910, logLikelihood: -955.028983
[00:06:50] [worker #10] Bootstrap tree #907, logLikelihood: -955.028984
[00:06:50] [worker #10] Bootstrap tree #907, logLikelihood: -955.028984
[00:06:50] [worker #2] Bootstrap tree #899, logLikelihood: -969.534439
[00:06:50] [worker #28] Bootstrap tree #925, logLikelihood: -954.532672
[00:06:50] [worker #19] Bootstrap tree #916, logLikelihood: -963.742762
[00:06:50] [worker #9] Bootstrap tree #906, logLikelihood: -930.082321
[00:06:50] [worker #24] Bootstrap tree #921, logLikelihood: -955.028984
[00:06:50] [worker #8] Bootstrap tree #905, logLikelihood: -955.028984
[00:06:50] [worker #20] Bootstrap tree #917, logLikelihood: -955.028983
[00:06:50] [worker #12] Bootstrap tree #909, logLikelihood: -955.028984
[00:06:50] [worker #0] Bootstrap tree #897, logLikelihood: -955.028984
[00:06:50] [worker #29] Bootstrap tree #926, logLikelihood: -955.028983
[00:06:50] [worker #4] Bootstrap tree #901, logLikelihood: -955.028982
[00:06:50] [worker #5] Bootstrap tree #902, logLikelihood: -955.028983
[00:06:50] [worker #25] Bootstrap tree #922, logLikelihood: -955.028984
[00:06:50] [worker #22] Bootstrap tree #919, logLikelihood: -941.498542
[00:06:50] [worker #27] Bootstrap tree #924, logLikelihood: -955.028984
[00:06:50] [worker #23] Bootstrap tree #920, logLikelihood: -955.028984
[00:06:50] [worker #15] Bootstrap tree #912, logLikelihood: -955.028984
[00:06:50] [worker #18] Bootstrap tree #915, logLikelihood: -955.028983
[00:06:51] [worker #3] Bootstrap tree #932, logLikelihood: -937.605558
[00:06:51] [worker #16] Bootstrap tree #945, logLikelihood: -950.921404
[00:06:51] [worker #11] Bootstrap tree #940, logLikelihood: -944.169461
[00:06:51] [worker #26] Bootstrap tree #955, logLikelihood: -955.028984
[00:06:51] [worker #1] Bootstrap tree #930, logLikelihood: -955.028983
[00:06:51] [worker #6] Bootstrap tree #935, logLikelihood: -955.028982
[00:06:51] [worker #17] Bootstrap tree #946, logLikelihood: -955.028981
[00:06:51] [worker #13] Bootstrap tree #942, logLikelihood: -927.808975
[00:06:51] [worker #2] Bootstrap tree #931, logLikelihood: -955.028984
[00:06:51] [worker #21] Bootstrap tree #950, logLikelihood: -955.028984
[00:06:51] [worker #10] Bootstrap tree #939, logLikelihood: -953.425115
00:06:51] [worker #30] Bootstrap tree #959, logLikelihood: -955.028984
[00:06:51] [worker #14] Bootstrap tree #943, logLikelihood: -955.028984
[00:06:51] [worker #8] Bootstrap tree #937, logLikelihood: -955.028984
[00:06:51] [worker #24] Bootstrap tree #953, logLikelihood: -955.028983
[00:06:51] [worker #31] Bootstrap tree #960, logLikelihood: -955.028982
[00:06:51] [worker #31] Bootstrap tree #960, logLikelihood: -955.028982
[00:06:51] [worker #19] Bootstrap tree #948, logLikelihood: -955.028983
[00:06:51] [worker #20] Bootstrap tree #949, logLikelihood: -955.028984
[00:06:51] [worker #9] Bootstrap tree #938, logLikelihood: -955.028984
[00:06:51] [worker #7] Bootstrap tree #936, logLikelihood: -911.759469
[00:06:51] [worker #15] Bootstrap tree #944, logLikelihood: -955.028983
[00:06:51] [worker #27] Bootstrap tree #956, logLikelihood: -955.028983
[00:06:51] [worker #28] Bootstrap tree #957, logLikelihood: -955.028984
[00:06:51] [worker #29] Bootstrap tree #958, logLikelihood: -955.028984
[00:06:51] [worker #5] Bootstrap tree #934, logLikelihood: -955.028983
[00:06:51] [worker #4] Bootstrap tree #933, logLikelihood: -955.028982
[00:06:51] [worker #12] Bootstrap tree #941, logLikelihood: -941.247194
[00:06:51] [worker #18] Bootstrap tree #947, logLikelihood: -955.028984
[00:06:51] [worker #23] Bootstrap tree #952, logLikelihood: -955.028984
[00:06:51] [worker #22] Bootstrap tree #951, logLikelihood: -955.028983
[00:06:51] [worker #25] Bootstrap tree #954, logLikelihood: -955.028983
[00:06:51] [worker #0] Bootstrap tree #929, logLikelihood: -935.313913
[00:08:09] [worker #13] Bootstrap tree #974, logLikelihood: -953.343108
[00:08:09] [worker #8] Bootstrap tree #969, logLikelihood: -955.028984
[00:08:09] [worker #27] Bootstrap tree #988, logLikelihood: -955.028983
[00:08:09] [worker #23] Bootstrap tree #984, logLikelihood: -945.286428
[00:08:09] [worker #4] Bootstrap tree #965, logLikelihood: -933.588738
[00:08:09] [worker #10] Bootstrap tree #971, logLikelihood: -960.480495
[worker #2] [Bootstrap tree #963, logLikelihood: 00[08:09] [worker #3] Bootstrap tree #964, logLikelihood: -955.028983-955.028983
[worker #2] [Bootstrap tree #963, logLikelihood: 00[08:09] [worker #3] Bootstrap tree #964, logLikelihood: -955.028983-955.028983

-955.028984
[00:08:09] [worker #7] Bootstrap tree #968, logLikelihood: -955.028982
[00:08:09] [worker #15] Bootstrap tree #976, logLikelihood: -953.793342
[00:08:09] [worker #26] Bootstrap tree #987, logLikelihood: -955.028982
[00:08:09] [worker #21] Bootstrap tree #982, logLikelihood: -955.028983
[00:08:10] [worker #30] Bootstrap tree #991, logLikelihood: -955.028984
[00:08:10] [worker #14] Bootstrap tree #975, logLikelihood: -955.028984
[00:08:10] [worker #25] Bootstrap tree #986, logLikelihood: -955.028983
[00:08:10] [worker #5] Bootstrap tree #966, logLikelihood: -908.259203
[00:08:10] [worker #29] Bootstrap tree #990, logLikelihood: -953.522527
[00:08:10] [worker #11] Bootstrap tree #972, logLikelihood: -955.028983
[00:08:10] [worker #1] Bootstrap tree #962, logLikelihood: -955.028984
[00:08:10] [worker #18] Bootstrap tree #979, logLikelihood: -949.824176
[00:08:10] [worker #31] Bootstrap tree #992, logLikelihood: -955.028984
08:10] [worker #9] Bootstrap tree #970, logLikelihood: -955.028984
[00:08:10] [worker #12] Bootstrap tree #973, logLikelihood: -955.028983
[00:08:10] [worker #6] Bootstrap tree #967, logLikelihood: -955.028983
[00:08:10] [worker #17] Bootstrap tree #978, logLikelihood: -955.028983
[00:08:10] [worker #28] Bootstrap tree #989, logLikelihood: -955.028983
[00:08:10] [worker #20] Bootstrap tree #981, logLikelihood: -955.028984
[00:08:10] [worker #19] Bootstrap tree #980, logLikelihood: -955.028984
[00:08:10] [worker #16] Bootstrap tree #977, logLikelihood: -931.176664
[00:08:10] [worker #24] Bootstrap tree #985, logLikelihood: -955.028981
[00:08:10] [worker #0] Bootstrap tree #961, logLikelihood: -958.154849
[00:08:10] [worker #4] Bootstrap tree #997, logLikelihood: -938.241591
[00:08:10] [worker #7] Bootstrap tree #1000, logLikelihood: -955.028984
[00:08:10] [worker #2] Bootstrap tree #995, logLikelihood: -955.028982
[00:08:10] [worker #5] Bootstrap tree #998, logLikelihood: -951.694603
[00:08:10] [worker #1] Bootstrap tree #994, logLikelihood: -955.028983
[00:08:10] [worker #3] Bootstrap tree #996, logLikelihood: -944.448032
[00:08:10] [worker #6] Bootstrap tree #999, logLikelihood: -955.028983
[00:08:10] [worker #0] Bootstrap tree #993, logLikelihood: -957.941486

Optimized model parameters:

   Partition 0: noname
   Rate heterogeneity: GAMMA (4 cats, mean),  alpha: 0.020139 (ML),  weights&rates: (0.250000,0.000000) (0.250000,0.000000) (0.250000,0.000001) (0.250000,3.999999) 
   Base frequencies (ML): 0.340593 0.122035 0.121408 0.415964 
   Substitution rates (ML): 0.001000 93.751022 0.001000 0.001000 0.001000 1.000000 


Final LogLikelihood: -955.013438

AIC score: 2042.026877 / AICc score: 2054.752056 / BIC score: 2347.999349
Free parameters (model + branch lengths): 66

WARNING: Best ML tree contains 26 near-zero branches!

Best ML tree with collapsed near-zero branches saved to: /mnt/lustre/RDS-live/downing/LSDV/GTPV_SPPV/results_SPPV/LSDV087.raxml.bestTreeCollapsed
Best ML tree saved to: /mnt/lustre/RDS-live/downing/LSDV/GTPV_SPPV/results_SPPV/LSDV087.raxml.bestTree
All ML trees saved to: /mnt/lustre/RDS-live/downing/LSDV/GTPV_SPPV/results_SPPV/LSDV087.raxml.mlTrees
Best ML tree with Felsenstein bootstrap (FBP) support values saved to: /mnt/lustre/RDS-live/downing/LSDV/GTPV_SPPV/results_SPPV/LSDV087.raxml.supportFBP
Best ML tree with Transfer bootstrap (TBE) support values saved to: /mnt/lustre/RDS-live/downing/LSDV/GTPV_SPPV/results_SPPV/LSDV087.raxml.supportTBE
Optimized model saved to: /mnt/lustre/RDS-live/downing/LSDV/GTPV_SPPV/results_SPPV/LSDV087.raxml.bestModel
Bootstrap trees saved to: /mnt/lustre/RDS-live/downing/LSDV/GTPV_SPPV/results_SPPV/LSDV087.raxml.bootstraps

Execution log saved to: /mnt/lustre/RDS-live/downing/LSDV/GTPV_SPPV/results_SPPV/LSDV087.raxml.log

Analysis started: 24-Nov-2025 17:31:47 / finished: 24-Nov-2025 17:41:23

Elapsed time: 575.210 seconds

