
RAxML-NG v. 1.2.2 released on 11.04.2024 by The Exelixis Lab.
Developed by: Alexey M. Kozlov and Alexandros Stamatakis.
Contributors: Diego Darriba, Tomas Flouri, Benoit Morel, Sarah Lutteropp, Ben Bettisworth, Julia Haag, Anastasis Togkousidis.
Latest version: https://github.com/amkozlov/raxml-ng
Questions/problems/suggestions? Please visit: https://groups.google.com/forum/#!forum/raxml

System: AMD EPYC 7543P 32-Core Processor, 32 cores, 995 GB RAM

RAxML-NG was called at 24-Nov-2025 18:56:27 as follows:

raxml-ng --all --msa region_LSDV131.aln --model GTR+G --prefix LSDV131 --seed 123 --bs-metric fbp,tbe --redo

Analysis options:
  run mode: ML tree search + bootstrapping (Felsenstein Bootstrap + Transfer Bootstrap)
  start tree(s): random (10) + parsimony (10)
  bootstrap replicates: parsimony (max: 1000) + bootstopping (autoMRE, cutoff: 0.030000)
  random seed: 123
  tip-inner: OFF
  pattern compression: ON
  per-rate scalers: OFF
  site repeats: ON
  logLH epsilon: general: 10.000000, brlen-triplet: 1000.000000
  fast spr radius: AUTO
  spr subtree cutoff: 1.000000
  fast CLV updates: ON
  branch lengths: proportional (ML estimate, algorithm: NR-FAST)
  SIMD kernels: AVX2
  parallelization: coarse-grained (auto), PTHREADS (auto)

WARNING: Running in REDO mode: existing checkpoints are ignored, and all result files will be overwritten!

[00:00:00] Reading alignment from file: region_LSDV131.aln
[00:00:00] Loaded alignment with 30 taxa and 466 sites

WARNING: Sequences PV167793.1 and PV434148.1 are exactly identical!
WARNING: Sequences PV167793.1 and MT137384.1 are exactly identical!
WARNING: Sequences PP886239.1 and PP886238.1 are exactly identical!
WARNING: Sequences PP886239.1 and PP886237.1 are exactly identical!
WARNING: Sequences PP886239.1 and PP886236.1 are exactly identical!
WARNING: Sequences PP886239.1 and NC_004002.1 are exactly identical!
WARNING: Sequences PP886239.1 and MW167071.1 are exactly identical!
WARNING: Sequences PP886239.1 and AY077832.1 are exactly identical!
WARNING: Sequences OQ434239.1 and OQ434238.1 are exactly identical!
WARNING: Sequences OQ434239.1 and OQ434237.1 are exactly identical!
WARNING: Sequences OQ434239.1 and ON961657.1 are exactly identical!
WARNING: Sequences OQ434239.1 and ON961656.1 are exactly identical!
WARNING: Sequences OQ434239.1 and ON961655.1 are exactly identical!
WARNING: Sequences OR239060.1 and MN072629.1 are exactly identical!
WARNING: Sequences MW020571.1 and AY077834.1 are exactly identical!
WARNING: Sequences MW020571.1 and AY077833.1 are exactly identical!
WARNING: Sequences MN072631.1 and MN072630.1 are exactly identical!
WARNING: Duplicate sequences found: 17

NOTE: Reduced alignment (with duplicates and gap-only sites/taxa removed) 
NOTE: was saved to: /mnt/lustre/RDS-live/downing/LSDV/GTPV_SPPV/results_SPPV/LSDV131.raxml.reduced.phy

Alignment comprises 1 partitions and 21 patterns

Partition 0: noname
Model: GTR+FO+G4m
Alignment sites / patterns: 466 / 21
Gaps: 0.97 %
Invariant sites: 97.85 %


NOTE: Binary MSA file created: LSDV131.raxml.rba

Parallelization scheme autoconfig: 32 worker(s) x 1 thread(s)

[00:00:00] Generating 10 random starting tree(s) with 30 taxa
[00:00:00] Generating 10 parsimony starting tree(s) with 30 taxa
Parallel parsimony with 32 threads
Parallel reduction/worker buffer size: 1 KB  / 0 KB

[00:00:00] Data distribution: max. partitions/sites/weight per thread: 1 / 21 / 336
[00:00:00] Data distribution: max. searches per worker: 33

Starting ML tree search with 20 distinct starting trees

[00:00:00] [worker #10] ML tree search #11, logLikelihood: -645.345732
[00:00:00] [worker #11] ML tree search #12, logLikelihood: -645.345767
[00:00:00] [worker #5] ML tree search #6, logLikelihood: -645.345779
[00:00:00] [worker #14] ML tree search #15, logLikelihood: -645.345740
[00:00:00] [worker #13] ML tree search #14, logLikelihood: -645.345736
[00:00:00] [worker #16] ML tree search #17, logLikelihood: -645.345732
[00:00:00] [worker #18] ML tree search #19, logLikelihood: -645.345764
[00:00:00] [worker #19] ML tree search #20, logLikelihood: -645.345731
[00:00:00] [worker #7] ML tree search #8, logLikelihood: -645.345754
[00:00:00] [worker #6] ML tree search #7, logLikelihood: -645.345738
[00:00:00] [worker #15] ML tree search #16, logLikelihood: -645.345743
[00:00:00] [worker #12] ML tree search #13, logLikelihood: -645.345733
[00:00:00] [worker #1] ML tree search #2, logLikelihood: -645.345734
[00:00:00] [worker #8] ML tree search #9, logLikelihood: -645.345742
[00:00:00] [worker #17] ML tree search #18, logLikelihood: -645.345731
[00:00:00] [worker #2] ML tree search #3, logLikelihood: -645.345775
[00:00:00] [worker #4] ML tree search #5, logLikelihood: -645.345761
[00:00:00] [worker #3] ML tree search #4, logLikelihood: -645.345734
[00:00:00] [worker #9] ML tree search #10, logLikelihood: -645.345733
[00:00:00] [worker #0] ML tree search #1, logLikelihood: -645.345728

[00:00:00] ML tree search completed, best tree logLH: -645.345728

[00:00:00] Starting bootstrapping analysis with 1000 replicates.

[00:00:00] [worker #31] Bootstrap tree #32, logLikelihood: -640.938254
[00:00:00] [worker #10] Bootstrap tree #11, logLikelihood: -629.688149
[00:00:00] [worker #15] Bootstrap tree #16, logLikelihood: -609.686063
[00:00:00] [worker #25] Bootstrap tree #26, logLikelihood: -593.061717
[00:00:00] [worker #11] Bootstrap tree #12, logLikelihood: -612.258861
[00:00:00] [worker #2] Bootstrap tree #3, logLikelihood: -651.798570
[00:00:00] [worker #8] Bootstrap tree #9, logLikelihood: -566.608153
[00:00:00] [worker #6] Bootstrap tree #7, logLikelihood: -590.799173
[00:00:00] [worker #29] Bootstrap tree #30, logLikelihood: -624.862804
[00:00:00] [worker #23] Bootstrap tree #24, logLikelihood: -602.275469
[00:00:00] [worker #17] Bootstrap tree #18, logLikelihood: -683.061271
[00:00:00] [worker #4] Bootstrap tree #5, logLikelihood: -607.553725
[00:00:00] [worker #30] Bootstrap tree #31, logLikelihood: -582.839600
[00:00:00] [worker #26] Bootstrap tree #27, logLikelihood: -618.691870
[00:00:00] [worker #13] Bootstrap tree #14, logLikelihood: -658.113076
[00:00:00] [worker #16] Bootstrap tree #17, logLikelihood: -622.445568
[00:00:00] [worker #19] Bootstrap tree #20, logLikelihood: -643.881482
[00:00:00] [worker #14] Bootstrap tree #15, logLikelihood: -656.778124
[00:00:01] [worker #27] Bootstrap tree #28, logLikelihood: -641.002358
[00:00:01] [worker #24] Bootstrap tree #25, logLikelihood: -634.086069
[00:00:01] [worker #28] Bootstrap tree #29, logLikelihood: -619.437423
[00:00:01] [worker #31] Bootstrap tree #64, logLikelihood: -606.172685
[00:00:01] [worker #18] Bootstrap tree #19, logLikelihood: -680.502863
[00:00:01] [worker #25] Bootstrap tree #58, logLikelihood: -593.335618
[00:00:01] [worker #5] Bootstrap tree #6, logLikelihood: -621.100904
[00:00:01] [worker #10] Bootstrap tree #43, logLikelihood: -632.423553
[00:00:01] [worker #9] Bootstrap tree #10, logLikelihood: -693.445489
[00:00:01] [worker #22] Bootstrap tree #23, logLikelihood: -657.315483
[00:00:01] [worker #6] Bootstrap tree #39, logLikelihood: -664.676651
[00:00:01] [worker #2] Bootstrap tree #35, logLikelihood: -660.603278
[00:00:01] [worker #15] Bootstrap tree #48, logLikelihood: -649.927058
[00:00:01] [worker #7] Bootstrap tree #8, logLikelihood: -622.453576
[00:00:01] [worker #29] Bootstrap tree #62, logLikelihood: -698.833288
[00:00:01] [worker #8] Bootstrap tree #41, logLikelihood: -670.497987
[00:00:01] [worker #23] Bootstrap tree #56, logLikelihood: -607.323224
[00:00:01] [worker #3] Bootstrap tree #4, logLikelihood: -603.724669
[00:00:01] [worker #21] Bootstrap tree #22, logLikelihood: -664.137929
[00:00:01] [worker #12] Bootstrap tree #13, logLikelihood: -619.020725
[00:00:01] [worker #11] Bootstrap tree #44, logLikelihood: -643.268525
[00:00:01] [worker #20] Bootstrap tree #21, logLikelihood: -604.127463
[00:00:01] [worker #1] Bootstrap tree #2, logLikelihood: -636.614938
[00:00:01] [worker #17] Bootstrap tree #50, logLikelihood: -641.830694
[00:00:01] [worker #14] Bootstrap tree #47, logLikelihood: -677.372056
[00:00:01] [worker #0] Bootstrap tree #1, logLikelihood: -658.779838
[00:00:01] [worker #16] Bootstrap tree #49, logLikelihood: -645.812531
[00:00:01] [worker #24] Bootstrap tree #57, logLikelihood: -630.396065
[00:00:01] [worker #4] Bootstrap tree #37, logLikelihood: -638.602550
[00:00:01] [worker #27] Bootstrap tree #60, logLikelihood: -634.913422
[00:00:01] [worker #5] Bootstrap tree #38, logLikelihood: -629.853897
[00:00:01] [worker #28] Bootstrap tree #61, logLikelihood: -680.751733
[00:00:01] [worker #18] Bootstrap tree #51, logLikelihood: -623.547044
[00:00:01] [worker #9] Bootstrap tree #42, logLikelihood: -602.277407
[00:00:01] [worker #30] Bootstrap tree #63, logLikelihood: -653.126523
[00:00:01] [worker #26] Bootstrap tree #59, logLikelihood: -613.935901
[00:00:01] [worker #19] Bootstrap tree #52, logLikelihood: -642.610477
[00:00:01] [worker #22] Bootstrap tree #55, logLikelihood: -712.579775
[00:00:01] [worker #3] Bootstrap tree #36, logLikelihood: -636.420671
[00:00:01] [worker #21] Bootstrap tree #54, logLikelihood: -632.340862
[00:00:01] [worker #7] Bootstrap tree #40, logLikelihood: -638.844881
[00:00:01] [worker #1] Bootstrap tree #34, logLikelihood: -608.965935
[00:00:01] [worker #13] Bootstrap tree #46, logLikelihood: -627.003048
[00:00:01] [worker #20] Bootstrap tree #53, logLikelihood: -610.318502
[00:00:01] [worker #12] Bootstrap tree #45, logLikelihood: -668.239215
[00:00:01] [worker #0] Bootstrap tree #33, logLikelihood: -632.604087
[00:00:02] [worker #21] Bootstrap tree #86, logLikelihood: -595.141417
[00:00:02] [worker #5] Bootstrap tree #70, logLikelihood: -608.294443
[worker #25] Bootstrap tree #90, logLikelihood: -629.541868
[00:00:02] [worker #8] Bootstrap tree #73, logLikelihood: -602.618441
[00:00:02] [worker #31] Bootstrap tree #96, logLikelihood: -579.611957
[00:00:02] [worker #13] Bootstrap tree #78, logLikelihood: -599.718914
[00:00:02] [worker #23] Bootstrap tree #88, logLikelihood: -630.016592
[00:00:02] [worker #14] Bootstrap tree #79, logLikelihood: -609.074840
[00:00:02] [worker #4] Bootstrap tree #69, logLikelihood: -594.285953
[00:00:02] [worker #20] Bootstrap tree #85, logLikelihood: -606.678831
[00:00:02] [worker #10] Bootstrap tree #75, logLikelihood: -635.464340
[00:00:02] [worker #30] Bootstrap tree #95, logLikelihood: -637.866874
[00:00:02] [worker #7] Bootstrap tree #72, logLikelihood: -619.328703
[00:00:02] [worker #26] Bootstrap tree #91, logLikelihood: -650.385865
[00:00:02] [worker #15] Bootstrap tree #80, logLikelihood: -614.775403
[00:00:02] [worker #17] Bootstrap tree #82, logLikelihood: -594.991724
[00:00:02] [worker #28] Bootstrap tree #93, logLikelihood: -677.548079
[00:00:02] [worker #9] Bootstrap tree #74, logLikelihood: -655.163780
[00:00:02] [worker #2] Bootstrap tree #67, logLikelihood: -650.493308
[00:00:02] [worker #29] Bootstrap tree #94, logLikelihood: -591.176054
[00:00:02] [worker #18] Bootstrap tree #83, logLikelihood: -616.654721
[00:00:02] [worker #1] Bootstrap tree #66, logLikelihood: -602.772722
[00:00:02] [worker #27] Bootstrap tree #92, logLikelihood: -668.728126
[00:00:02] [worker #12] Bootstrap tree #77, logLikelihood: -633.354774
[00:00:02] [worker #21] Bootstrap tree #118, logLikelihood: -623.108857
[00:00:02] [worker #8] Bootstrap tree #105, logLikelihood: -600.810507
[00:00:02] [worker #6] Bootstrap tree #71, logLikelihood: -669.287880
[00:00:02] [worker #24] Bootstrap tree #89, logLikelihood: -686.085804
[00:00:02] [worker #13] Bootstrap tree #110, logLikelihood: -632.421971
[00:00:02] [worker #22] Bootstrap tree #87, logLikelihood: -634.141777
[00:00:02] [worker #25] Bootstrap tree #122, logLikelihood: -611.949824
[00:00:02] [worker #26] Bootstrap tree #123, logLikelihood: -569.053877
[00:00:02] [worker #3] Bootstrap tree #68, logLikelihood: -644.435353
[00:00:02] [worker #30] Bootstrap tree #127, logLikelihood: -623.583373
[00:00:02] [worker #14] Bootstrap tree #111, logLikelihood: -633.010783
[00:00:02] [worker #11] Bootstrap tree #76, logLikelihood: -608.207779
[00:00:02] [worker #20] Bootstrap tree #117, logLikelihood: -597.251965
[00:00:02] [worker #10] Bootstrap tree #107, logLikelihood: -654.242578
[00:00:02] [worker #15] Bootstrap tree #112, logLikelihood: -594.531585
[00:00:02] [worker #5] Bootstrap tree #102, logLikelihood: -602.334819
[00:00:02] [worker #4] Bootstrap tree #101, logLikelihood: -620.041379
[00:00:02] [worker #19] Bootstrap tree #84, logLikelihood: -688.215105
[00:00:02] [worker #0] Bootstrap tree #65, logLikelihood: -707.631048
[00:00:02] [worker #31] Bootstrap tree #128, logLikelihood: -626.156215
[00:00:02] [worker #28] Bootstrap tree #125, logLikelihood: -632.251554
[00:00:02] [worker #16] Bootstrap tree #81, logLikelihood: -663.529167
[00:00:02] [worker #2] Bootstrap tree #99, logLikelihood: -675.393382
[00:00:02] [worker #7] Bootstrap tree #104, logLikelihood: -617.336854
[00:00:02] [worker #23] Bootstrap tree #120, logLikelihood: -640.061431
[00:00:02] [worker #17] Bootstrap tree #114, logLikelihood: -629.866237
[00:00:02] [worker #27] Bootstrap tree #124, logLikelihood: -618.502897
[00:00:02] [worker #12] Bootstrap tree #109, logLikelihood: -649.161533
[00:00:02] [worker #18] Bootstrap tree #115, logLikelihood: -627.851864
[00:00:02] [worker #9] Bootstrap tree #106, logLikelihood: -681.534182
[00:00:02] [worker #22] Bootstrap tree #119, logLikelihood: -670.321497
[00:00:02] [worker #29] Bootstrap tree #126, logLikelihood: -646.927055
[00:00:02] [worker #24] Bootstrap tree #121, logLikelihood: -622.236633
[00:00:03] [worker #1] Bootstrap tree #98, logLikelihood: -631.611867
[00:00:03] [worker #16] Bootstrap tree #113, logLikelihood: -606.776577
[00:00:03] [worker #19] Bootstrap tree #116, logLikelihood: -612.257463
[00:00:03] [worker #3] Bootstrap tree #100, logLikelihood: -699.417686
[00:00:03] [worker #0] Bootstrap tree #97, logLikelihood: -645.524142
[00:00:03] [worker #11] Bootstrap tree #108, logLikelihood: -645.803934
[00:00:03] [worker #6] Bootstrap tree #103, logLikelihood: -675.229470
[00:00:04] [worker #15] Bootstrap tree #144, logLikelihood: -616.895159
[00:00:04] [worker #9] Bootstrap tree #138, logLikelihood: -578.488025
[00:00:04] [worker #28] Bootstrap tree #157, logLikelihood: -610.234985
[00:00:04] [worker #2] Bootstrap tree #131, logLikelihood: -612.337804
[00:00:04] [worker #4] Bootstrap tree #133, logLikelihood: -616.412505
[00:00:04] [worker #11] Bootstrap tree #140, logLikelihood: -587.520082
[00:00:04] [worker #1] Bootstrap tree #130, logLikelihood: -621.438106
[00:00:04] [worker #20] Bootstrap tree #149, logLikelihood: -702.490242
[00:00:04] [worker #19] Bootstrap tree #148, logLikelihood: -568.045454
[00:00:04] [worker #8] Bootstrap tree #137, logLikelihood: -650.720670
[00:00:04] [worker #5] Bootstrap tree #134, logLikelihood: -664.026008
[00:00:04] [worker #16] Bootstrap tree #145, logLikelihood: -629.230285
[00:00:04] [worker #23] Bootstrap tree #152, logLikelihood: -637.423695
[00:00:04] [worker #25] Bootstrap tree #154, logLikelihood: -615.485844
[00:00:04] [worker #17] Bootstrap tree #146, logLikelihood: -641.438800
[00:00:04] [worker #13] Bootstrap tree #142, logLikelihood: -639.543768
[00:00:04] [worker #31] Bootstrap tree #160, logLikelihood: -665.629183
[00:00:04] [worker #21] Bootstrap tree #150, logLikelihood: -653.731155
[00:00:04] [worker #26] Bootstrap tree #155, logLikelihood: -628.210958
[00:00:04] [worker #6] Bootstrap tree #135, logLikelihood: -680.781325
[00:00:04] [worker #30] Bootstrap tree #159, logLikelihood: -652.722754
[00:00:04] [worker #10] Bootstrap tree #139, logLikelihood: -622.561292
[00:00:04] [worker #7] Bootstrap tree #136, logLikelihood: -610.684747
[00:00:04] [worker #24] Bootstrap tree #153, logLikelihood: -612.258008
[00:00:04] [worker #14] Bootstrap tree #143, logLikelihood: -638.286115
[00:00:04] [worker #27] Bootstrap tree #156, logLikelihood: -638.170516
[00:00:04] [worker #0] Bootstrap tree #129, logLikelihood: -617.725936
[00:00:04] [worker #29] Bootstrap tree #158, logLikelihood: -639.757382
[00:00:04] [worker #3] Bootstrap tree #132, logLikelihood: -662.740299
[00:00:04] [worker #22] Bootstrap tree #151, logLikelihood: -648.055475
[00:00:04] [worker #12] Bootstrap tree #141, logLikelihood: -668.079934
[00:00:04] [worker #9] Bootstrap tree #170, logLikelihood: -579.928585
[00:00:04] [worker #11] Bootstrap tree #172, logLikelihood: -628.262345
[00:00:04] [worker #8] Bootstrap tree #169, logLikelihood: -624.294927
[00:00:04] [worker #2] Bootstrap tree #163, logLikelihood: -636.789022
[00:00:04] [worker #18] Bootstrap tree #147, logLikelihood: -637.967746
[00:00:04] [worker #15] Bootstrap tree #176, logLikelihood: -608.356258
[00:00:04] [worker #30] Bootstrap tree #191, logLikelihood: -608.185120
[00:00:04] [worker #4] Bootstrap tree #165, logLikelihood: -610.699325
[00:00:04] [worker #20] Bootstrap tree #181, logLikelihood: -730.681944
[00:00:04] [worker #1] Bootstrap tree #162, logLikelihood: -572.618057
[00:00:04] [worker #16] Bootstrap tree #177, logLikelihood: -650.886674
[00:00:04] [worker #21] Bootstrap tree #182, logLikelihood: -614.254787
[00:00:04] [worker #7] Bootstrap tree #168, logLikelihood: -628.268965
[00:00:04] [worker #25] Bootstrap tree #186, logLikelihood: -636.978405
[00:00:04] [worker #17] Bootstrap tree #178, logLikelihood: -671.341369
[00:00:04] [worker #13] Bootstrap tree #174, logLikelihood: -661.637725
[00:00:04] [worker #24] Bootstrap tree #185, logLikelihood: -618.977290
[00:00:04] [worker #31] Bootstrap tree #192, logLikelihood: -606.600193
[00:00:04] [worker #28] Bootstrap tree #189, logLikelihood: -674.094605
[00:00:04] [worker #27] Bootstrap tree #188, logLikelihood: -641.945590
[00:00:04] [worker #23] Bootstrap tree #184, logLikelihood: -676.275547
[00:00:04] [worker #6] Bootstrap tree #167, logLikelihood: -686.129076
[00:00:04] [worker #26] Bootstrap tree #187, logLikelihood: -665.294181
[00:00:04] [worker #5] Bootstrap tree #166, logLikelihood: -611.185126
[00:00:04] [worker #22] Bootstrap tree #183, logLikelihood: -636.421201
[00:00:04] [worker #10] Bootstrap tree #171, logLikelihood: -629.630753
[00:00:04] [worker #12] Bootstrap tree #173, logLikelihood: -585.492832
[00:00:04] [worker #3] Bootstrap tree #164, logLikelihood: -632.975466
[00:00:04] [worker #14] Bootstrap tree #175, logLikelihood: -606.258046
[00:00:04] [worker #19] Bootstrap tree #180, logLikelihood: -657.620558
[00:00:04] [worker #0] Bootstrap tree #161, logLikelihood: -613.599929
[00:00:04] [worker #29] Bootstrap tree #190, logLikelihood: -624.585987
[00:00:04] [worker #18] Bootstrap tree #179, logLikelihood: -654.154417
[00:00:06] [worker #28] Bootstrap tree #221, logLikelihood: -618.747809
[00:00:06] [worker #25] Bootstrap tree #218, logLikelihood: -623.539033
[00:00:06] [worker #12] Bootstrap tree #205, logLikelihood: -611.970908
[00:00:06] [worker #30] Bootstrap tree #223, logLikelihood: -631.863093
[00:00:06] [worker #13] Bootstrap tree #206, logLikelihood: -646.336105
[00:00:06] [worker #10] Bootstrap tree #203, logLikelihood: -615.704246
[00:00:06] [worker #31] Bootstrap tree #224, logLikelihood: -648.726322
[00:00:06] [worker #22] Bootstrap tree #215, logLikelihood: -619.670003
[00:00:06] [worker #27] Bootstrap tree #220, logLikelihood: -581.350965
[00:00:06] [worker #7] Bootstrap tree #200, logLikelihood: -636.528109
[00:00:06] [worker #24] Bootstrap tree #217, logLikelihood: -626.208743
[00:00:06] [worker #21] Bootstrap tree #214, logLikelihood: -616.285100
[00:00:06] [worker #11] Bootstrap tree #204, logLikelihood: -599.507502
[00:00:06] [worker #1] Bootstrap tree #194, logLikelihood: -583.261775
[00:00:06] [worker #2] Bootstrap tree #195, logLikelihood: -612.986224
[00:00:06] [worker #2] Bootstrap tree #195, logLikelihood: -612.986224
[00:00:06] [worker #16] Bootstrap tree #209, logLikelihood: -614.927970
[00:00:06] [worker #4] Bootstrap tree #197, logLikelihood: -639.613428
[00:00:06] [worker #6] Bootstrap tree #199, logLikelihood: -597.599233
[00:00:06] [worker #20] Bootstrap tree #213, logLikelihood: -644.243668
[00:00:06] [worker #9] Bootstrap tree #202, logLikelihood: -637.721415
[00:00:06] [worker #3] Bootstrap tree #196, logLikelihood: -600.073011
[00:00:06] [worker #29] Bootstrap tree #222, logLikelihood: -612.967360
[00:00:06] [worker #26] Bootstrap tree #219, logLikelihood: -605.140333
[00:00:06] [worker #18] Bootstrap tree #211, logLikelihood: -590.682336
[00:00:06] [worker #17] Bootstrap tree #210, logLikelihood: -600.529649
[00:00:06] [worker #0] Bootstrap tree #193, logLikelihood: -628.261617
[00:00:06] [worker #5] Bootstrap tree #198, logLikelihood: -645.819810
[00:00:06] [worker #23] Bootstrap tree #216, logLikelihood: -654.069761
[00:00:06] [worker #28] Bootstrap tree #253, logLikelihood: -569.852262
[00:00:06] [worker #14] Bootstrap tree #207, logLikelihood: -617.811167
[00:00:06] [worker #8] Bootstrap tree #201, logLikelihood: -678.281269
[00:00:06] [worker #25] Bootstrap tree #250, logLikelihood: -582.971288
[00:00:06] [worker #15] Bootstrap tree #208, logLikelihood: -627.719064
[00:00:06] [worker #19] Bootstrap tree #212, logLikelihood: -660.918699
[00:00:06] [worker #31] Bootstrap tree #256, logLikelihood: -631.653820
[00:00:06] [worker #30] Bootstrap tree #255, logLikelihood: -612.778474
[00:00:06] [worker #12] Bootstrap tree #237, logLikelihood: -647.135314
[00:00:06] [worker #1] Bootstrap tree #226, logLikelihood: -645.863926
[00:00:06] [worker #7] Bootstrap tree #232, logLikelihood: -604.790206
[00:00:06] [worker #27] Bootstrap tree #252, logLikelihood: -676.833207
[00:00:06] [worker #20] Bootstrap tree #245, logLikelihood: -602.805398
[00:00:06] [worker #24] Bootstrap tree #249, logLikelihood: -670.060763
[00:00:06] [worker #11] Bootstrap tree #236, logLikelihood: -658.781964
[00:00:06] [worker #3] Bootstrap tree #228, logLikelihood: -573.721278
[00:00:06] [worker #22] Bootstrap tree #247, logLikelihood: -655.600412
[00:00:06] [worker #6] Bootstrap tree #231, logLikelihood: -612.264720
[00:00:06] [worker #16] Bootstrap tree #241, logLikelihood: -643.984505
[00:00:06] [worker #21] Bootstrap tree #246, logLikelihood: -642.661724
[00:00:06] [worker #13] Bootstrap tree #238, logLikelihood: -647.598178
[00:00:06] [worker #26] Bootstrap tree #251, logLikelihood: -608.645973
[00:00:06] [worker #10] Bootstrap tree #235, logLikelihood: -635.954936
[00:00:06] [worker #4] Bootstrap tree #229, logLikelihood: -660.440756
[00:00:06] [worker #9] Bootstrap tree #234, logLikelihood: -638.877778
[00:00:06] [worker #2] Bootstrap tree #227, logLikelihood: -616.330283
[00:00:06] [worker #18] Bootstrap tree #243, logLikelihood: -619.704677
[00:00:06] [worker #8] Bootstrap tree #233, logLikelihood: -610.697023
[00:00:06] [worker #29] Bootstrap tree #254, logLikelihood: -662.241424
[00:00:06] [worker #17] Bootstrap tree #242, logLikelihood: -668.200681
[00:00:06] [worker #14] Bootstrap tree #239, logLikelihood: -609.892966
[00:00:06] [worker #23] Bootstrap tree #248, logLikelihood: -617.712451
[00:00:06] [worker #0] Bootstrap tree #225, logLikelihood: -618.808025
[00:00:06] [worker #5] Bootstrap tree #230, logLikelihood: -636.588638
[00:00:06] [worker #15] Bootstrap tree #240, logLikelihood: -631.183346
[00:00:06] [worker #19] Bootstrap tree #244, logLikelihood: -683.278615
[00:00:09] [worker #31] Bootstrap tree #288, logLikelihood: -682.291925
[00:00:09] [worker #18] Bootstrap tree #275, logLikelihood: -675.667482
[00:00:09] [worker #27] Bootstrap tree #284, logLikelihood: -619.096386
[00:00:09] [worker #7] Bootstrap tree #264, logLikelihood: -607.884248
[00:00:09] [worker #13] Bootstrap tree #270, logLikelihood: -643.845220
[00:00:09] [worker #6] Bootstrap tree #263, logLikelihood: -608.658975
[00:00:09] [worker #20] Bootstrap tree #277, logLikelihood: -603.777881
[00:00:09] [worker #30] Bootstrap tree #287, logLikelihood: -644.748024
[00:00:09] [worker #21] Bootstrap tree #278, logLikelihood: -619.581595
[00:00:09] [worker #24] Bootstrap tree #281, logLikelihood: -621.115710
[00:00:09] [worker #23] Bootstrap tree #280, logLikelihood: -569.164074
[00:00:09] [worker #11] Bootstrap tree #268, logLikelihood: -601.116977
[00:00:09] [worker #9] Bootstrap tree #266, logLikelihood: -649.600679
[00:00:09] [worker #4] Bootstrap tree #261, logLikelihood: -607.088713
[00:00:09] [worker #14] Bootstrap tree #271, logLikelihood: -632.578351
[00:00:09] [worker #1] Bootstrap tree #258, logLikelihood: -637.184069
[00:00:09] [worker #28] Bootstrap tree #285, logLikelihood: -607.724774
[00:00:09] [worker #19] Bootstrap tree #276, logLikelihood: -597.404752
[00:00:09] [worker #12] Bootstrap tree #269, logLikelihood: -643.236618
[00:00:09] [worker #22] Bootstrap tree #279, logLikelihood: -632.139311
[00:00:09] [worker #3] Bootstrap tree #260, logLikelihood: -677.890339
[00:00:09] [worker #8] Bootstrap tree #265, logLikelihood: -604.823924
[00:00:09] [worker #2] Bootstrap tree #259, logLikelihood: -595.332983
[00:00:09] [worker #0] Bootstrap tree #257, logLikelihood: -556.612672
[00:00:09] [worker #26] Bootstrap tree #283, logLikelihood: -634.887973
[00:00:09] [worker #25] Bootstrap tree #282, logLikelihood: -700.592265
[00:00:09] [worker #17] Bootstrap tree #274, logLikelihood: -654.913327
[00:00:09] [worker #16] Bootstrap tree #273, logLikelihood: -621.433818
[00:00:09] [worker #15] Bootstrap tree #272, logLikelihood: -630.924100
[00:00:09] [worker #29] Bootstrap tree #286, logLikelihood: -654.650041
[00:00:09] [worker #18] Bootstrap tree #307, logLikelihood: -646.597292
[00:00:09] [worker #31] Bootstrap tree #320, logLikelihood: -615.855502
[00:00:09] [worker #10] Bootstrap tree #267, logLikelihood: -592.444259
[00:00:09] [worker #5] Bootstrap tree #262, logLikelihood: -607.668945
[00:00:09] [worker #6] Bootstrap tree #295, logLikelihood: -614.599706
[00:00:09] [worker #24] Bootstrap tree #313, logLikelihood: -625.633710
[00:00:09] [worker #4] Bootstrap tree #293, logLikelihood: -593.958103
[00:00:09] [worker #7] Bootstrap tree #296, logLikelihood: -613.354623
[00:00:09] [worker #30] Bootstrap tree #319, logLikelihood: -642.895261
[00:00:09] [worker #20] Bootstrap tree #309, logLikelihood: -656.059733
[00:00:09] [worker #27] Bootstrap tree #316, logLikelihood: -677.976985
[00:00:09] [worker #8] Bootstrap tree #297, logLikelihood: -636.197656
[00:00:09] [worker #1] Bootstrap tree #290, logLikelihood: -639.038107
[00:00:09] [worker #14] Bootstrap tree #303, logLikelihood: -567.391680
00:00:09] [worker #13] Bootstrap tree #302, logLikelihood: -630.911708
[00:00:09] [worker #16] Bootstrap tree #305, logLikelihood: -611.546898
[00:00:09] [worker #23] Bootstrap tree #312, logLikelihood: -651.774616
[00:00:09] [worker #3] Bootstrap tree #292, logLikelihood: -630.636437
[00:00:09] [worker #12] Bootstrap tree #301, logLikelihood: -632.289793
[00:00:09] [worker #21] Bootstrap tree #310, logLikelihood: -629.141582
[00:00:09] [worker #9] Bootstrap tree #298, logLikelihood: -634.473221
[00:00:09] [worker #28] Bootstrap tree #317, logLikelihood: -648.081166
[00:00:09] [worker #17] Bootstrap tree #306, logLikelihood: -638.861156
[00:00:09] [worker #11] Bootstrap tree #300, logLikelihood: -649.051518
[00:00:09] [worker #0] Bootstrap tree #289, logLikelihood: -598.130173
[00:00:09] [worker #22] Bootstrap tree #311, logLikelihood: -655.141724
[00:00:09] [worker #26] Bootstrap tree #315, logLikelihood: -652.671896
[00:00:09] [worker #19] Bootstrap tree #308, logLikelihood: -581.641164
[00:00:09] [worker #15] Bootstrap tree #304, logLikelihood: -579.909806
[00:00:09] [worker #2] Bootstrap tree #291, logLikelihood: -607.310425
[00:00:09] [worker #10] Bootstrap tree #299, logLikelihood: -721.600330
[00:00:09] [worker #25] Bootstrap tree #314, logLikelihood: -674.513394
[00:00:09] [worker #29] Bootstrap tree #318, logLikelihood: -662.463650
[00:00:09] [worker #5] Bootstrap tree #294, logLikelihood: -643.375130
[00:00:13] [worker #12] Bootstrap tree #333, logLikelihood: -590.408499
[00:00:13] [worker #18] Bootstrap tree #339, logLikelihood: -618.438131
[00:00:13] [worker #6] Bootstrap tree #327, logLikelihood: -604.454224
[00:00:13] [worker #2] Bootstrap tree #323, logLikelihood: -607.794480
00:00:13] [worker #3] Bootstrap tree #324, logLikelihood: -607.588054
[00:00:13] [worker #21] Bootstrap tree #342, logLikelihood: -582.150885
[00:00:13] [worker #24] Bootstrap tree #345, logLikelihood: -594.012070
[00:00:13] [worker #22] Bootstrap tree #343, logLikelihood: -616.956279
[00:00:13] [worker #30] Bootstrap tree #351, logLikelihood: -627.972871
[00:00:13] [worker #10] Bootstrap tree #331, logLikelihood: -627.885432
[00:00:13] [worker #31] Bootstrap tree #352, logLikelihood: -603.861592
[00:00:13] [worker #8] Bootstrap tree #329, logLikelihood: -629.814888
[00:00:13] [worker #26] Bootstrap tree #347, logLikelihood: -618.095854
[00:00:13] [worker #25] Bootstrap tree #346, logLikelihood: -612.048961
[00:00:13] [worker #20] Bootstrap tree #341, logLikelihood: -637.122523
[00:00:13] [worker #28] Bootstrap tree #349, logLikelihood: -666.495566
[00:00:13] [worker #4] Bootstrap tree #325, logLikelihood: -635.469770
[00:00:13] [worker #27] Bootstrap tree #348, logLikelihood: -604.816266
[00:00:13] [worker #1] Bootstrap tree #322, logLikelihood: -613.609256
[00:00:13] [worker #14] Bootstrap tree #335, logLikelihood: -655.728813
[00:00:13] [worker #0] Bootstrap tree #321, logLikelihood: -608.978030
[00:00:13] [worker #19] Bootstrap tree #340, logLikelihood: -646.273215
[00:00:13] [worker #11] Bootstrap tree #332, logLikelihood: -636.043799
[00:00:13] [worker #29] Bootstrap tree #350, logLikelihood: -602.265181
[00:00:13] [worker #7] Bootstrap tree #328, logLikelihood: -653.817051
[00:00:13] [worker #9] Bootstrap tree #330, logLikelihood: -680.730639
[00:00:13] [worker #23] Bootstrap tree #344, logLikelihood: -647.022036
[00:00:13] [worker #15] Bootstrap tree #336, logLikelihood: -635.829569
[00:00:13] [worker #13] Bootstrap tree #334, logLikelihood: -608.111473
[00:00:13] [worker #16] Bootstrap tree #337, logLikelihood: -633.662608
[00:00:13] [worker #12] Bootstrap tree #365, logLikelihood: -616.888463
[00:00:13] [worker #17] Bootstrap tree #338, logLikelihood: -654.307868
[00:00:13] [worker #18] Bootstrap tree #371, logLikelihood: -622.111735
[00:00:13] [worker #5] Bootstrap tree #326, logLikelihood: -628.954100
[00:00:13] [worker #26] Bootstrap tree #379, logLikelihood: -646.904747
[00:00:13] [worker #2] Bootstrap tree #355, logLikelihood: -663.111382
[00:00:13] [worker #1] Bootstrap tree #354, logLikelihood: -618.503201
[00:00:13] [worker #22] Bootstrap tree #375, logLikelihood: -654.301077
[00:00:13] [worker #3] Bootstrap tree #356, logLikelihood: -606.387425
[00:00:13] [worker #21] Bootstrap tree #374, logLikelihood: -661.199761
[00:00:13] [worker #30] Bootstrap tree #383, logLikelihood: -606.427789
[00:00:13] [worker #28] Bootstrap tree #381, logLikelihood: -601.639022
[00:00:13] [worker #31] Bootstrap tree #384, logLikelihood: -700.638852
[00:00:13] [worker #8] Bootstrap tree #361, logLikelihood: -696.006658
[00:00:13] [worker #6] Bootstrap tree #359, logLikelihood: -602.060705
[00:00:13] [worker #10] Bootstrap tree #363, logLikelihood: -627.300658
[00:00:13] [worker #4] Bootstrap tree #357, logLikelihood: -628.613511
[00:00:13] [worker #27] Bootstrap tree #380, logLikelihood: -603.707575
[00:00:13] [worker #24] Bootstrap tree #377, logLikelihood: -639.052482
[00:00:13] [worker #25] Bootstrap tree #378, logLikelihood: -640.391190
[00:00:13] [worker #19] Bootstrap tree #372, logLikelihood: -631.109963
[00:00:13] [worker #14] Bootstrap tree #367, logLikelihood: -642.209779
[00:00:13] [worker #20] Bootstrap tree #373, logLikelihood: -634.049889
[00:00:13] [worker #7] Bootstrap tree #360, logLikelihood: -631.010858
[00:00:13] [worker #23] Bootstrap tree #376, logLikelihood: -661.863081
[00:00:13] [worker #9] Bootstrap tree #362, logLikelihood: -644.653316
[00:00:13] [worker #29] Bootstrap tree #382, logLikelihood: -609.783468
[00:00:13] [worker #15] Bootstrap tree #368, logLikelihood: -583.570366
[00:00:13] [worker #0] Bootstrap tree #353, logLikelihood: -655.893187
[00:00:13] [worker #13] Bootstrap tree #366, logLikelihood: -646.046355
[00:00:13] [worker #11] Bootstrap tree #364, logLikelihood: -642.590644
[00:00:13] [worker #5] Bootstrap tree #358, logLikelihood: -638.492589
[00:00:13] [worker #16] Bootstrap tree #369, logLikelihood: -628.146193
[00:00:13] [worker #17] Bootstrap tree #370, logLikelihood: -620.463399
[00:00:16] [worker #12] Bootstrap tree #397, logLikelihood: -612.861267
[00:00:16] [worker #27] Bootstrap tree #412, logLikelihood: -556.122137
[00:00:16] [worker #26] Bootstrap tree #411, logLikelihood: -652.924271
[00:00:16] [worker #1] Bootstrap tree #386, logLikelihood: -598.909907
[00:00:16] [worker #2] Bootstrap tree #387, logLikelihood: -605.544795
[00:00:16] [worker #20] Bootstrap tree #405, logLikelihood: -630.141398
[00:00:16] [worker #28] Bootstrap tree #413, logLikelihood: -586.338846
[00:00:16] [worker #21] Bootstrap tree #406, logLikelihood: -624.895806
[00:00:16] [worker #31] Bootstrap tree #416, logLikelihood: -652.320057
[00:00:16] [worker #24] Bootstrap tree #409, logLikelihood: -666.247216
[00:00:16] [worker #29] Bootstrap tree #414, logLikelihood: -639.119804
[00:00:16] [worker #14] Bootstrap tree #399, logLikelihood: -625.440425
[00:00:16] [worker #10] Bootstrap tree #395, logLikelihood: -612.047854
[00:00:16] [worker #8] Bootstrap tree #393, logLikelihood: -649.797753
[00:00:16] [worker #19] Bootstrap tree #404, logLikelihood: -632.357415
[00:00:16] [worker #6] Bootstrap tree #391, logLikelihood: -678.685723
[00:00:16] [worker #25] Bootstrap tree #410, logLikelihood: -636.732510
[00:00:16] [worker #9] Bootstrap tree #394, logLikelihood: -604.852295
[00:00:16] [worker #18] Bootstrap tree #403, logLikelihood: -609.717713
[00:00:16] [worker #22] Bootstrap tree #407, logLikelihood: -623.091746
[00:00:16] [worker #7] Bootstrap tree #392, logLikelihood: -669.267655
[00:00:16] [worker #11] Bootstrap tree #396, logLikelihood: -583.899723
[00:00:16] [worker #3] Bootstrap tree #388, logLikelihood: -669.034813
[00:00:16] [worker #16] Bootstrap tree #401, logLikelihood: -669.450552
[00:00:16] [worker #13] Bootstrap tree #398, logLikelihood: -627.363683
[00:00:16] [worker #17] Bootstrap tree #402, logLikelihood: -621.113021
[00:00:16] [worker #4] Bootstrap tree #389, logLikelihood: -682.372063
[00:00:16] [worker #12] Bootstrap tree #429, logLikelihood: -595.218528
[00:00:16] [worker #23] Bootstrap tree #408, logLikelihood: -667.603485
[00:00:16] [worker #15] Bootstrap tree #400, logLikelihood: -654.426777
[00:00:16] [worker #0] Bootstrap tree #385, logLikelihood: -663.841211
[00:00:16] [worker #5] Bootstrap tree #390, logLikelihood: -614.805979
[00:00:16] [worker #30] Bootstrap tree #415, logLikelihood: -716.478725
[00:00:16] [worker #20] Bootstrap tree #437, logLikelihood: -634.697003
[00:00:16] [worker #8] Bootstrap tree #425, logLikelihood: -600.746042
[00:00:16] [worker #21] Bootstrap tree #438, logLikelihood: -619.026196
[00:00:16] [worker #27] Bootstrap tree #444, logLikelihood: -622.997428
[00:00:16] [worker #2] Bootstrap tree #419, logLikelihood: -623.045294
[00:00:16] [worker #26] Bootstrap tree #443, logLikelihood: -634.248396
[00:00:16] [worker #31] Bootstrap tree #448, logLikelihood: -631.745952
[00:00:16] [worker #1] Bootstrap tree #418, logLikelihood: -656.495717
[00:00:16] [worker #14] Bootstrap tree #431, logLikelihood: -647.391857
[00:00:16] [worker #29] Bootstrap tree #446, logLikelihood: -619.736577
[00:00:16] [worker #18] Bootstrap tree #435, logLikelihood: -619.314795
[00:00:16] [worker #7] Bootstrap tree #424, logLikelihood: -607.450529
[00:00:16] [worker #24] Bootstrap tree #441, logLikelihood: -637.735607
[00:00:16] [worker #28] Bootstrap tree #445, logLikelihood: -666.361064
[00:00:16] [worker #10] Bootstrap tree #427, logLikelihood: -638.171513
[00:00:16] [worker #25] Bootstrap tree #442, logLikelihood: -634.338799
[00:00:16] [worker #6] Bootstrap tree #423, logLikelihood: -590.456073
[00:00:16] [worker #9] Bootstrap tree #426, logLikelihood: -627.565255
[00:00:16] [worker #19] Bootstrap tree #436, logLikelihood: -677.829711
[00:00:16] [worker #4] Bootstrap tree #421, logLikelihood: -676.707286
[00:00:16] [worker #13] Bootstrap tree #430, logLikelihood: -598.726865
[00:00:17] [worker #23] Bootstrap tree #440, logLikelihood: -616.196254
[00:00:17] [worker #16] Bootstrap tree #433, logLikelihood: -626.266346
[00:00:17] [worker #5] Bootstrap tree #422, logLikelihood: -634.162749
[00:00:17] [worker #11] Bootstrap tree #428, logLikelihood: -629.934821
[00:00:17] [worker #15] Bootstrap tree #432, logLikelihood: -671.207984
[00:00:17] [worker #3] Bootstrap tree #420, logLikelihood: -660.373678
[00:00:17] [worker #17] Bootstrap tree #434, logLikelihood: -635.945722
[00:00:17] [worker #22] Bootstrap tree #439, logLikelihood: -653.603866
[00:00:17] [worker #30] Bootstrap tree #447, logLikelihood: -618.905539
[00:00:17] [worker #0] Bootstrap tree #417, logLikelihood: -687.954310
[00:00:20] [worker #6] Bootstrap tree #455, logLikelihood: -631.194098
[00:00:20] [worker #11] Bootstrap tree #460, logLikelihood: -598.328513
[00:00:20] [worker #7] Bootstrap tree #456, logLikelihood: -651.369452
[00:00:20] [worker #9] Bootstrap tree #458, logLikelihood: -601.105590
[00:00:20] [worker #14] Bootstrap tree #463, logLikelihood: -614.141787
[00:00:21] [worker #22] Bootstrap tree #471, logLikelihood: -649.055508
00:00:21] [worker #2] Bootstrap tree #451, logLikelihood: -641.257136
[00:00:21] [worker #28] Bootstrap tree #477, logLikelihood: -654.254452
[00:00:21] [worker #3] Bootstrap tree #452, logLikelihood: [-623.9439980:00:21] 
[00:00:21] [worker #3] Bootstrap tree #452, logLikelihood: [-623.9439980:00:21] 
[worker #24] Bootstrap tree #473, logLikelihood: -633.137568
[00:00:21] [worker #30] Bootstrap tree #479, logLikelihood: -629.467868
[00:00:21] [worker #13] Bootstrap tree #462, logLikelihood: -599.726470
[00:00:21] [worker #27] Bootstrap tree #476, logLikelihood: -607.200271
[00:00:21] [worker #20] Bootstrap tree #469, logLikelihood: -605.291707
[00:00:21] [worker #8] Bootstrap tree #457, logLikelihood: -668.874994
[00:00:21] [worker #18] Bootstrap tree #467, logLikelihood: -579.374778
[00:00:21] [worker #31] Bootstrap tree #480, logLikelihood: -650.669792
[00:00:21] [worker #15] Bootstrap tree #464, logLikelihood: -649.148229
[00:00:21] [worker #5] Bootstrap tree #454, logLikelihood: -675.424559
[00:00:21] [worker #19] Bootstrap tree #468, logLikelihood: -663.697423
[00:00:21] [worker #29] Bootstrap tree #478, logLikelihood: -607.115059
[00:00:21] [worker #1] Bootstrap tree #450, logLikelihood: -698.155965
[00:00:21] [worker #26] Bootstrap tree #475, logLikelihood: -694.107993
[00:00:21] [worker #17] Bootstrap tree #466, logLikelihood: -622.921853
[00:00:21] [worker #12] Bootstrap tree #461, logLikelihood: -618.990838
[00:00:21] [worker #10] Bootstrap tree #459, logLikelihood: -596.979530
[00:00:21] [worker #16] Bootstrap tree #465, logLikelihood: -629.345820
[00:00:21] [worker #0] Bootstrap tree #449, logLikelihood: -619.876099
[00:00:21] [worker #25] Bootstrap tree #474, logLikelihood: -654.829006
[00:00:21] [worker #21] Bootstrap tree #470, logLikelihood: -670.798698
[00:00:21] [worker #4] Bootstrap tree #453, logLikelihood: -608.694313
[00:00:21] [worker #23] Bootstrap tree #472, logLikelihood: -649.998876
[00:00:21] [worker #11] Bootstrap tree #492, logLikelihood: -630.893046
[00:00:21] [worker #9] Bootstrap tree #490, logLikelihood: -622.759551
[00:00:21] [worker #14] Bootstrap tree #495, logLikelihood: -610.492512
[00:00:21] [worker #30] Bootstrap tree #511, logLikelihood: -603.480829
[00:00:21] [worker #6] Bootstrap tree #487, logLikelihood: -627.130537
[00:00:21] [worker #20] Bootstrap tree #501, logLikelihood: -634.976066
[00:00:21] [worker #24] Bootstrap tree #505, logLikelihood: -668.316580
[00:00:21] [worker #18] Bootstrap tree #499, logLikelihood: -632.367051
[00:00:21] [worker #28] Bootstrap tree #509, logLikelihood: -617.997940
[00:00:21] [worker #19] Bootstrap tree #500, logLikelihood: -666.339065[
-614.459445
[00:00:21] [worker #13] Bootstrap tree #494, logLikelihood: -634.060820
[00:00:21] [worker #27] Bootstrap tree #508, logLikelihood: -632.881466
[00:00:21] [worker #26] Bootstrap tree #507, logLikelihood: -594.463630
[00:00:21] [worker #15] Bootstrap tree #496, logLikelihood: -625.194281
[00:00:21] [worker #7] Bootstrap tree #488, logLikelihood: -660.443736
[00:00:21] [worker #8] Bootstrap tree #489, logLikelihood: -668.436899
[00:00:21] [worker #2] Bootstrap tree #483, logLikelihood: -643.495322
[00:00:21] [worker #5] Bootstrap tree #486, logLikelihood: -641.667192
[00:00:21] [worker #3] Bootstrap tree #484, logLikelihood: -647.781128
[00:00:21] [worker #31] Bootstrap tree #512, logLikelihood: -595.146472
[00:00:21] [worker #22] Bootstrap tree #503, logLikelihood: -620.792269
[00:00:21] [worker #1] Bootstrap tree #482, logLikelihood: -668.210613
[00:00:21] [worker #16] Bootstrap tree #497, logLikelihood: -665.839160
[00:00:21] [worker #4] Bootstrap tree #485, logLikelihood: -627.465219
[00:00:21] [worker #10] Bootstrap tree #491, logLikelihood: -650.302089
[00:00:21] [worker #29] Bootstrap tree #510, logLikelihood: -601.058789
[00:00:21] [worker #12] Bootstrap tree #493, logLikelihood: -662.256152
[00:00:21] [worker #21] Bootstrap tree #502, logLikelihood: -597.179543
[00:00:21] [worker #23] Bootstrap tree #504, logLikelihood: -604.161413
[00:00:21] [worker #25] Bootstrap tree #506, logLikelihood: -634.991229
[00:00:21] [worker #0] Bootstrap tree #481, logLikelihood: -611.088213
[00:00:26] [worker #26] Bootstrap tree #539, logLikelihood: -671.543867
[00:00:26] [worker #17] Bootstrap tree #530, logLikelihood: -630.711403
[00:00:26] [worker #19] Bootstrap tree #532, logLikelihood: -606.332200
[00:00:26] [worker #9] Bootstrap tree #522, logLikelihood: -627.272250
[00:00:26] [worker #16] Bootstrap tree #529, logLikelihood: -644.413985
[00:00:26] [worker #4] Bootstrap tree #517, logLikelihood: -610.388351
[00:00:26] [worker #1] Bootstrap tree #514, logLikelihood: -612.962115
[00:00:26] [worker #11] Bootstrap tree #524, logLikelihood: -623.905429
[00:00:26] [worker #13] Bootstrap tree #526, logLikelihood: -592.590445
[00:00:26] [worker #22] Bootstrap tree #535, logLikelihood: -691.995876
[00:00:26] [worker #23] Bootstrap tree #536, logLikelihood: -565.280468
[00:00:26] [worker #21] Bootstrap tree #534, logLikelihood: -640.238184
[00:00:26] [worker #8] Bootstrap tree #521, logLikelihood: -601.138027
[00:00:26] [worker #14] Bootstrap tree #527, logLikelihood: -589.109309
[00:00:26] [worker #27] Bootstrap tree #540, logLikelihood: -672.808579
[00:00:26] [worker #20] Bootstrap tree #533, logLikelihood: -668.918938
[00:00:26] [worker #30] Bootstrap tree #543, logLikelihood: -626.177081
[00:00:26] [worker #28] Bootstrap tree #541, logLikelihood: -636.125584
[00:00:26] [worker #3] Bootstrap tree #516, logLikelihood: -664.100422
[00:00:26] [worker #2] Bootstrap tree #515, logLikelihood: -647.094062
[00:00:26] [worker #6] Bootstrap tree #519, logLikelihood: -632.304112
[00:00:26] [worker #31] Bootstrap tree #544, logLikelihood: -657.686531
[00:00:26] [worker #25] Bootstrap tree #538, logLikelihood: -661.384997
[00:00:26] [worker #15] Bootstrap tree #528, logLikelihood: -653.316064
[00:00:26] [worker #18] Bootstrap tree #531, logLikelihood: -680.546840
[00:00:26] [worker #24] Bootstrap tree #537, logLikelihood: -644.108809
[00:00:26] [worker #5] Bootstrap tree #518, logLikelihood: -647.652897
[00:00:26] [worker #29] Bootstrap tree #542, logLikelihood: -655.442486
[00:00:26] [worker #7] Bootstrap tree #520, logLikelihood: -708.048518
[00:00:26] [worker #10] Bootstrap tree #523, logLikelihood: -657.847119
[00:00:26] [worker #12] Bootstrap tree #525, logLikelihood: -640.260965
[00:00:26] [worker #17] Bootstrap tree #562, logLikelihood: -602.843240
[00:00:26] [worker #0] Bootstrap tree #513, logLikelihood: -651.851885
[00:00:26] [worker #13] Bootstrap tree #558, logLikelihood: -621.040263
[00:00:26] [worker #4] Bootstrap tree #549, logLikelihood: -592.379451
[00:00:26] [worker #9] Bootstrap tree #554, logLikelihood: -640.407102
[00:00:26] [worker #11] Bootstrap tree #556, logLikelihood: -619.143693
[00:00:26] [worker #2] Bootstrap tree #547, logLikelihood: -643.491332
[00:00:26] [worker #30] Bootstrap tree #575, logLikelihood: -614.604526
[00:00:26] [worker #6] Bootstrap tree #551, logLikelihood: -617.818049
[00:00:26] [worker #19] Bootstrap tree #564, logLikelihood: -678.279698
[00:00:26] [worker #3] Bootstrap tree #548, logLikelihood: -607.710315
[00:00:26] [worker #21] Bootstrap tree #566, logLikelihood: -631.504299
[00:00:26] [worker #1] Bootstrap tree #546, logLikelihood: -711.897610
[00:00:26] [worker #16] Bootstrap tree #561, logLikelihood: -600.097224
[00:00:26] [worker #8] Bootstrap tree #553, logLikelihood: -618.444395
[00:00:26] [worker #27] Bootstrap tree #572, logLikelihood: -624.204544
[00:00:26] [worker #26] Bootstrap tree #571, logLikelihood: -643.619448
[00:00:26] [worker #31] Bootstrap tree #576, logLikelihood: -685.434768
[00:00:26] [worker #20] Bootstrap tree #565, logLikelihood: -632.804086
[00:00:26] [worker #14] Bootstrap tree #559, logLikelihood: -617.058546
[00:00:26] [worker #5] Bootstrap tree #550, logLikelihood: -609.456501
[00:00:26] [worker #28] Bootstrap tree #573, logLikelihood: -693.690246
[00:00:26] [worker #18] Bootstrap tree #563, logLikelihood: -636.346798
[00:00:26] [worker #22] Bootstrap tree #567, logLikelihood: -686.297184
[00:00:27] [worker #23] Bootstrap tree #568, logLikelihood: -634.066622
[00:00:27] [worker #10] Bootstrap tree #555, logLikelihood: -603.783780
[00:00:27] [worker #7] Bootstrap tree #552, logLikelihood: -666.477343
[00:00:27] [worker #15] Bootstrap tree #560, logLikelihood: -663.749601
[00:00:27] [worker #24] Bootstrap tree #569, logLikelihood: -684.282819
[00:00:27] [worker #25] Bootstrap tree #570, logLikelihood: -633.285585
[00:00:27] [worker #12] Bootstrap tree #557, logLikelihood: -599.299648
[00:00:27] [worker #29] Bootstrap tree #574, logLikelihood: -640.460740
[00:00:27] [worker #0] Bootstrap tree #545, logLikelihood: -591.208027
[00:00:31] [worker #4] Bootstrap tree #581, logLikelihood: -607.378068
[00:00:32] [worker #9] Bootstrap tree #586, logLikelihood: -614.003596
[00:00:32] [worker #28] Bootstrap tree #605, logLikelihood: -579.451890
[00:00:32] [worker #5] Bootstrap tree #582, logLikelihood: -603.863823
[00:00:32] [worker #6] Bootstrap tree #583, logLikelihood: -631.588509
[00:00:32] [worker #26] Bootstrap tree #603, logLikelihood: -623.114015
[00:00:32] [worker #17] Bootstrap tree #594, logLikelihood: -637.708267
[00:00:32] [worker #13] Bootstrap tree #590, logLikelihood: -603.529933
[00:00:32] [worker #14] Bootstrap tree #591, logLikelihood: -611.582313
[00:00:32] [worker #11] Bootstrap tree #588, logLikelihood: -605.392005
[00:00:32] [worker #30] Bootstrap tree #607, logLikelihood: -629.642683
[00:00:32] [worker #7] Bootstrap tree #584, logLikelihood: -697.225028
[00:00:32] [worker #18] Bootstrap tree #595, logLikelihood: -592.244967
[00:00:32] [worker #2] Bootstrap tree #579, logLikelihood: -627.114966
[00:00:32] [worker #1] Bootstrap tree #578, logLikelihood: -619.725490
[00:00:32] [worker #22] Bootstrap tree #599, logLikelihood: -638.150059
[00:00:32] [worker #0] Bootstrap tree #577, logLikelihood: -637.639939
[00:00:32] [worker #20] Bootstrap tree #597, logLikelihood: -613.162217
[00:00:32] [worker #3] Bootstrap tree #580, logLikelihood: -617.777445
[00:00:32] [worker #27] Bootstrap tree #604, logLikelihood: -625.318225
[00:00:32] [worker #16] Bootstrap tree #593, logLikelihood: -659.029794
[00:00:32] [worker #19] Bootstrap tree #596, logLikelihood: -647.229527
[00:00:32] [worker #10] Bootstrap tree #587, logLikelihood: -617.330983
[00:00:32] [worker #24] Bootstrap tree #601, logLikelihood: -685.436200
[00:00:32] [worker #31] Bootstrap tree #608, logLikelihood: -630.255156
[00:00:32] [worker #15] Bootstrap tree #592, logLikelihood: -584.720078
[00:00:32] [worker #21] Bootstrap tree #598, logLikelihood: -694.964722
[00:00:32] [worker #8] Bootstrap tree #585, logLikelihood: -614.275952
[00:00:32] [worker #25] Bootstrap tree #602, logLikelihood: -629.744979
[00:00:32] [worker #12] Bootstrap tree #589, logLikelihood: -626.826979
[00:00:32] [worker #29] Bootstrap tree #606, logLikelihood: -634.297956
[00:00:32] [worker #4] Bootstrap tree #613, logLikelihood: -618.698537
[00:00:32] [worker #23] Bootstrap tree #600, logLikelihood: -646.907367
[00:00:32] [worker #9] Bootstrap tree #618, logLikelihood: -677.351205
[00:00:32] [worker #16] Bootstrap tree #625, logLikelihood: -597.282144
[00:00:32] [worker #13] Bootstrap tree #622, logLikelihood: -641.959211
[00:00:32] [worker #5] Bootstrap tree #614, logLikelihood: -604.089248
[00:00:32] [worker #30] Bootstrap tree #639, logLikelihood: -593.256253
[00:00:32] [worker #6] Bootstrap tree #615, logLikelihood: -661.211438
[00:00:32] [worker #26] Bootstrap tree #635, logLikelihood: -585.405036
[00:00:32] [worker #28] Bootstrap tree #637, logLikelihood: -666.065359
[00:00:32] [worker #18] Bootstrap tree #627, logLikelihood: -636.846685
[00:00:32] [worker #20] Bootstrap tree #629, logLikelihood: -604.420129
[00:00:32] [worker #17] Bootstrap tree #626, logLikelihood: -642.507982
[00:00:32] [worker #1] Bootstrap tree #610, logLikelihood: -632.620350
[00:00:32] [worker #2] Bootstrap tree #611, logLikelihood: -645.779297
[00:00:32] [worker #8] Bootstrap tree #617, logLikelihood: -641.777379
[00:00:32] [worker #24] Bootstrap tree #633, logLikelihood: -654.184555
[00:00:32] [worker #7] Bootstrap tree #616, logLikelihood: -637.141754
[00:00:32] [worker #3] Bootstrap tree #612, logLikelihood: -642.340413
[00:00:32] [worker #19] Bootstrap tree #628, logLikelihood: -658.734622
[00:00:32] [worker #27] Bootstrap tree #636, logLikelihood: -599.923001
[00:00:32] [worker #31] Bootstrap tree #640, logLikelihood: -615.020824
[00:00:32] [worker #10] Bootstrap tree #619, logLikelihood: -627.396544
[00:00:32] [worker #21] Bootstrap tree #630, logLikelihood: -609.673523
[00:00:32] [worker #11] Bootstrap tree #620, logLikelihood: -621.387645
[00:00:32] [worker #14] Bootstrap tree #623, logLikelihood: -644.336174
[00:00:32] [worker #29] Bootstrap tree #638, logLikelihood: -626.939470
[00:00:32] [worker #25] Bootstrap tree #634, logLikelihood: -587.865577
[00:00:32] [worker #15] Bootstrap tree #624, logLikelihood: -661.221388
[00:00:32] [worker #22] Bootstrap tree #631, logLikelihood: -644.081675
[00:00:32] [worker #0] Bootstrap tree #609, logLikelihood: -595.163589
[00:00:32] [worker #12] Bootstrap tree #621, logLikelihood: -669.633567
[00:00:32] [worker #23] Bootstrap tree #632, logLikelihood: -636.384971
[00:00:38] [worker #18] Bootstrap tree #659, logLikelihood: -619.335017
[00:00:38] [worker #23] Bootstrap tree #664, logLikelihood: -614.457647
[00:00:38] [worker #13] Bootstrap tree #654, logLikelihood: -606.295759

[00:00:38] [worker #27] Bootstrap tree #668, logLikelihood: -649.230013
[00:00:38] [worker #28] Bootstrap tree #669, logLikelihood: -613.890912
[0[worker #16] Bootstrap tree #657, logLikelihood: -618.117430
[00:00:38] [worker #15] Bootstrap tree #656, logLikelihood: -630.684024
[00:00:38] [worker #29] Bootstrap tree #670, logLikelihood: -573.145939
[00:00:38] [worker #26] Bootstrap tree #667, logLikelihood: -668.517631
[00:00:38] [worker #1] Bootstrap tree #642, logLikelihood: -606.266358
[00:00:38] [worker #11] Bootstrap tree #652, logLikelihood: -589.898182
[00:00:38] [worker #4] Bootstrap tree #645, logLikelihood: -671.705946
[00:00:38] [worker #8] Bootstrap tree #649, logLikelihood: -624.064772
[00:00:38] [worker #6] Bootstrap tree #647, logLikelihood: -625.504455
[00:00:38] [worker #30] Bootstrap tree #671, logLikelihood: -607.604175
[00:00:38] [worker #12] Bootstrap tree #653, logLikelihood: -651.314263
[00:00:38] [worker #24] Bootstrap tree #665, logLikelihood: -651.183099
[00:00:38] [worker #17] Bootstrap tree #658, logLikelihood: -593.089662
[00:00:38] [worker #31] Bootstrap tree #672, logLikelihood: -646.061532
[00:00:38] [worker #0] Bootstrap tree #641, logLikelihood: -605.500580
[00:00:38] [worker #21] Bootstrap tree #662, logLikelihood: -630.921769
[00:00:38] [worker #22] Bootstrap tree #663, logLikelihood: -622.989967
[00:00:38] [worker #9] Bootstrap tree #650, logLikelihood: -691.503482
[00:00:38] [worker #10] Bootstrap tree #651, logLikelihood: -642.826106
[00:00:38] [worker #7] Bootstrap tree #648, logLikelihood: -650.267622
[00:00:38] [worker #19] Bootstrap tree #660, logLikelihood: -648.710985
[00:00:38] [worker #2] Bootstrap tree #643, logLikelihood: -640.848822
[00:00:38] [worker #20] Bootstrap tree #661, logLikelihood: -648.802076
[00:00:38] [worker #14] Bootstrap tree #655, logLikelihood: -659.733376
[00:00:38] [worker #3] Bootstrap tree #644, logLikelihood: -660.910594
[00:00:38] [worker #25] Bootstrap tree #666, logLikelihood: -646.284194
[00:00:38] [worker #13] Bootstrap tree #686, logLikelihood: -627.631602
[00:00:38] [worker #16] Bootstrap tree #689, logLikelihood: -632.944672
[00:00:38] [worker #28] Bootstrap tree #701, logLikelihood: -641.219157
[00:00:38] [worker #18] Bootstrap tree #691, logLikelihood: -641.926497
[00:00:38] [worker #27] Bootstrap tree #700, logLikelihood: -669.777756
[00:00:38] [worker #5] Bootstrap tree #678, logLikelihood: -626.207737
[00:00:38] [worker #15] Bootstrap tree #688, logLikelihood: -635.261483
[00:00:38] [worker #23] Bootstrap tree #696, logLikelihood: -602.739123
[00:00:38] [worker #4] Bootstrap tree #677, logLikelihood: -583.151698
[00:00:38] [worker #1] Bootstrap tree #674, logLikelihood: -630.526542
[00:00:38] [worker #6] Bootstrap tree #679, logLikelihood: -650.494601
[00:00:38] [worker #17] Bootstrap tree #690, logLikelihood: -587.342980
[00:00:38] [worker #11] Bootstrap tree #684, logLikelihood: -635.269953
[00:00:38] [worker #12] Bootstrap tree #685, logLikelihood: -629.787201
[00:00:38] [worker #31] Bootstrap tree #704, logLikelihood: -621.679498
[00:00:38] [worker #10] Bootstrap tree #683, logLikelihood: -606.067892
[00:00:38] [worker #8] Bootstrap tree #681, logLikelihood: -630.842494
[00:00:38] [worker #26] Bootstrap tree #699, logLikelihood: -642.833575
[00:00:38] [worker #20] Bootstrap tree #693, logLikelihood: -614.431992
[00:00:38] [worker #21] Bootstrap tree #694, logLikelihood: -641.336680
[00:00:38] [worker #9] Bootstrap tree #682, logLikelihood: -647.021490
[00:00:38] [worker #2] Bootstrap tree #675, logLikelihood: -624.452430
[00:00:38] [worker #19] Bootstrap tree #692, logLikelihood: -606.732943
[00:00:38] [worker #24] Bootstrap tree #697, logLikelihood: -637.886652
[00:00:38] [worker #30] Bootstrap tree #703, logLikelihood: -642.872991
[00:00:38] [worker #29] Bootstrap tree #702, logLikelihood: -641.434322
[00:00:38] [worker #22] Bootstrap tree #695, logLikelihood: -685.900340
[00:00:38] [worker #7] Bootstrap tree #680, logLikelihood: -646.717908
[00:00:38] [worker #14] Bootstrap tree #687, logLikelihood: -664.294043
[00:00:38] [worker #25] Bootstrap tree #698, logLikelihood: -612.774662
:38] [worker #3] Bootstrap tree #676, logLikelihood: -648.626840
[00:00:38] [worker #0] Bootstrap tree #673, logLikelihood: -616.687264
[00:00:45] [worker #12] Bootstrap tree #717, logLikelihood: -590.787489
[00:00:45] [worker #14] Bootstrap tree #719, logLikelihood: -618.908263
[00:00:45] [worker #9] Bootstrap tree #714, logLikelihood: -588.683476
[00:00:45] [worker #4] Bootstrap tree #709, logLikelihood: -600.506195
[00:00:45] [worker #13] Bootstrap tree #718, logLikelihood: -650.575001
[00:00:45] [worker #11] Bootstrap tree #716, logLikelihood: -598.203356
[00:00:45] [worker #29] Bootstrap tree #734, logLikelihood: -592.945116
[00:00:45] [worker #31] Bootstrap tree #736, logLikelihood: -629.641441
[00:00:45] [worker #28] Bootstrap tree #733, logLikelihood: -586.153969
[00:00:45] [worker #10] Bootstrap tree #715, logLikelihood: -586.219527
[00:00:45] [worker #24] Bootstrap tree #729, logLikelihood: -596.011259
[00:00:45] [worker #23] Bootstrap tree #728, logLikelihood: -588.154915
-597.000669
[00:00:45] [worker #7] Bootstrap tree #712, logLikelihood: -581.295372
[00:00:45] [worker #19] Bootstrap tree #724, logLikelihood: -624.307862
[00:00:45] [worker #20] Bootstrap tree #725, logLikelihood: -649.786433
[00:00:45] [worker #8] Bootstrap tree #713, logLikelihood: -680.808262
[00:00:45] [worker #5] Bootstrap tree #710, logLikelihood: -649.681264
[00:00:45] [worker #30] Bootstrap tree #735, logLikelihood: -642.263142
[00:00:45] [worker #26] Bootstrap tree #731, logLikelihood: -599.853367
[00:00:45] [worker #27] Bootstrap tree #732, logLikelihood: -638.326606
[00:00:45] [worker #21] Bootstrap tree #726, logLikelihood: -641.893260
[00:00:45] [worker #15] Bootstrap tree #720, logLikelihood: -605.913240
[00:00:45] [worker #1] Bootstrap tree #706, logLikelihood: -628.892863
[00:00:45] [worker #16] Bootstrap tree #721, logLikelihood: -651.310235
[00:00:45] [worker #25] Bootstrap tree #730, logLikelihood: -634.312756
[00:00:45] [worker #2] Bootstrap tree #707, logLikelihood: -668.408688
[00:00:45] [worker #18] Bootstrap tree #723, logLikelihood: -638.757770
[00:00:45] [worker #12] Bootstrap tree #749, logLikelihood: -565.524355
[00:00:45] [worker #28] Bootstrap tree #765, logLikelihood: -647.353216
[00:00:45] [worker #17] Bootstrap tree #722, logLikelihood: -635.329814
[00:00:45] [worker #3] Bootstrap tree #708, logLikelihood: -654.750392
[00:00:45] [worker #29] Bootstrap tree #766, logLikelihood: -626.110363
[00:00:45] [worker #23] Bootstrap tree #760, logLikelihood: -605.767780
[00:00:45] [worker #11] Bootstrap tree #748, logLikelihood: -583.315975
[00:00:45] [worker #14] Bootstrap tree #751, logLikelihood: -592.114013
[00:00:45] [worker #31] Bootstrap tree #768, logLikelihood: -643.739183
[00:00:45] [worker #4] Bootstrap tree #741, logLikelihood: -620.371227
[00:00:45] [worker #0] Bootstrap tree #705, logLikelihood: -670.068839
[00:00:45] [worker #22] Bootstrap tree #727, logLikelihood: -664.514054
[00:00:45] [worker #19] Bootstrap tree #756, logLikelihood: -606.955711
[00:00:45] [worker #24] Bootstrap tree #761, logLikelihood: -602.384577
[00:00:45] [worker #5] Bootstrap tree #742, logLikelihood: -584.613463
[00:00:45] [worker #8] Bootstrap tree #745, logLikelihood: -624.659579
[00:00:45] [worker #21] Bootstrap tree #758, logLikelihood: -615.004781
[00:00:45] [worker #13] Bootstrap tree #750, logLikelihood: -635.480451
[00:00:45] [worker #1] Bootstrap tree #738, logLikelihood: -620.604415
[00:00:45] [worker #10] Bootstrap tree #747, logLikelihood: -632.351659
[00:00:45] [worker #9] Bootstrap tree #746, logLikelihood: -628.924631
[00:00:45] [worker #15] Bootstrap tree #752, logLikelihood: -628.099844
[00:00:45] [worker #6] Bootstrap tree #743, logLikelihood: -614.559292
[00:00:45] [worker #2] Bootstrap tree #739, logLikelihood: -636.191251
[00:00:45] [worker #7] Bootstrap tree #744, logLikelihood: -647.793591
[00:00:45] [worker #30] Bootstrap tree #767, logLikelihood: -686.789450
[00:00:45] [worker #18] Bootstrap tree #755, logLikelihood: -631.616838
[00:00:45] [worker #26] Bootstrap tree #763, logLikelihood: -631.194207
[00:00:45] [worker #16] Bootstrap tree #753, logLikelihood: -614.050820
[00:00:45] [worker #17] Bootstrap tree #754, logLikelihood: -612.510693
[00:00:45] [worker #27] Bootstrap tree #764, logLikelihood: -645.524087
[00:00:45] [worker #20] Bootstrap tree #757, logLikelihood: -658.699435
[00:00:45] [worker #25] Bootstrap tree #762, logLikelihood: -678.322620
[00:00:45] [worker #3] Bootstrap tree #740, logLikelihood: -661.883039
[00:00:45] [worker #22] Bootstrap tree #759, logLikelihood: -619.379719
[00:00:46] [worker #0] Bootstrap tree #737, logLikelihood: -623.262913
[00:00:53] [worker #21] Bootstrap tree #790, logLikelihood: -618.347318
[00:00:53] [worker #8] Bootstrap tree #777, logLikelihood: -668.491818
[00:00:53] [worker #4] Bootstrap tree #773, logLikelihood: -627.886610
[00:00:53] [worker #25] Bootstrap tree #794, logLikelihood: [-662.262215


[00:00:53] [worker #13] Bootstrap tree #782, logLikelihood: -637.152037
-629.837001[00:00:53] [worker #28] Bootstrap tree #797, logLikelihood: -631.876912
-629.837001[00:00:53] [worker #28] Bootstrap tree #797, logLikelihood: -631.876912

[00:00:53] [worker #30] Bootstrap tree #799, logLikelihood: -575.087849
[00:00:53] [worker #22] Bootstrap tree #791, logLikelihood: -633.266108
[00:00:53] [worker #27] Bootstrap tree #796, logLikelihood: -642.225635
[00:00:53] [worker #20] Bootstrap tree #789, logLikelihood: -594.871062
[00:00:53] [worker #24] Bootstrap tree #793, logLikelihood: -619.066376[
[00:00:53] [worker #24] Bootstrap tree #793, logLikelihood: -619.066376[
00:00:53] [worker #29] Bootstrap tree #798, logLikelihood: -600.582163
[00:00:53] [worker #10] Bootstrap tree #779, logLikelihood: -658.825661
[00:00:53] [worker #23] Bootstrap tree #792, logLikelihood: -641.655898
[00:00:53] [worker #18] Bootstrap tree #787, logLikelihood: -620.555546
[00:00:53] [worker #26] Bootstrap tree #795, logLikelihood: -653.134062
[00:00:53] [worker #17] Bootstrap tree #786, logLikelihood: -666.971367
[00:00:53] [worker #6] Bootstrap tree #775, logLikelihood: -671.677537
[00:00:53] [worker #19] Bootstrap tree #788, logLikelihood: -645.200927
[00:00:53] [worker #7] Bootstrap tree #776, logLikelihood: -631.897544
[00:00:53] [worker #12] Bootstrap tree #781, logLikelihood: -666.819746
[00:00:53] [worker #11] Bootstrap tree #780, logLikelihood: -664.600554
[00:00:53] [worker #16] Bootstrap tree #785, logLikelihood: -654.650218
[00:00:53] [worker #5] Bootstrap tree #774, logLikelihood: -586.333172
[00:00:53] [worker #15] Bootstrap tree #784, logLikelihood: -575.438894
[00:00:53] [worker #14] Bootstrap tree #783, logLikelihood: -674.673872
[00:00:53] [worker #1] Bootstrap tree #770, logLikelihood: -625.287995
[00:00:53] [worker #8] Bootstrap tree #809, logLikelihood: -593.191762
[00:00:53] [worker #13] Bootstrap tree #814, logLikelihood: -630.341980
[00:00:53] [worker #28] Bootstrap tree #829, logLikelihood: -628.993889
[00:00:53] [worker #3] Bootstrap tree #772, logLikelihood: -672.345506
[00:00:53] [worker #25] Bootstrap tree #826, logLikelihood: -640.849645
[00:00:53] [worker #4] Bootstrap tree #805, logLikelihood: -620.059588
[00:00:53] [worker #0] Bootstrap tree #769, logLikelihood: -641.318883
[00:00:53] [worker #20] Bootstrap tree #821, logLikelihood: -618.444100
[00:00:53] [worker #27] Bootstrap tree #828, logLikelihood: -652.017302
[00:00:53] [worker #30] Bootstrap tree #831, logLikelihood: -612.198640
[00:00:53] [worker #31] Bootstrap tree #832, logLikelihood: -653.447788
[00:00:53] [worker #21] Bootstrap tree #822, logLikelihood: -617.626374
[00:00:53] [worker #19] Bootstrap tree #820, logLikelihood: -564.997669
[00:00:53] [worker #9] Bootstrap tree #810, logLikelihood: -653.227748
[00:00:53] [worker #23] Bootstrap tree #824, logLikelihood: -622.869449
[00:00:53] [worker #2] Bootstrap tree #803, logLikelihood: -640.306532
[00:00:53] [worker #7] Bootstrap tree #808, logLikelihood: -610.738366
[00:00:53] [worker #12] Bootstrap tree #813, logLikelihood: -640.631122
[00:00:53] [worker #6] Bootstrap tree #807, logLikelihood: -632.133549
[00:00:53] [worker #24] Bootstrap tree #825, logLikelihood: -623.344378
[00:00:53] [worker #5] Bootstrap tree #806, logLikelihood: -569.050312
[00:00:53] [worker #11] Bootstrap tree #812, logLikelihood: -604.534707
[00:00:53] [worker #22] Bootstrap tree #823, logLikelihood: -655.788661
[00:00:53] [worker #17] Bootstrap tree #818, logLikelihood: -651.791800
[00:00:53] [worker #10] Bootstrap tree #811, logLikelihood: -634.761900
[00:00:53] [worker #26] Bootstrap tree #827, logLikelihood: -597.139593
[00:00:53] [worker #18] Bootstrap tree #819, logLikelihood: -619.527331
[00:00:53] [worker #29] Bootstrap tree #830, logLikelihood: -675.788686
[00:00:53] [worker #1] Bootstrap tree #802, logLikelihood: -609.381635
[00:00:53] [worker #16] Bootstrap tree #817, logLikelihood: -625.606324
[00:00:53] [worker #14] Bootstrap tree #815, logLikelihood: -633.715117
[00:00:53] [worker #15] Bootstrap tree #816, logLikelihood: -651.012262
[00:00:53] [worker #3] Bootstrap tree #804, logLikelihood: -634.823691
[00:00:53] [worker #0] Bootstrap tree #801, logLikelihood: -613.420496
[00:01:01] [worker #3] Bootstrap tree #836, logLikelihood: -609.821025
[00:01:01] [worker #31] Bootstrap tree #864, logLikelihood: -625.289171
[00:01:01] [worker #25] Bootstrap tree #858, logLikelihood: -648.854904
[00:01:01] [worker #28] Bootstrap tree #861, logLikelihood: -689.948666
[00:01:01] [worker #2] Bootstrap tree #835, logLikelihood: -573.236417
-601.809136
[00:01:01] [worker #15] Bootstrap tree #848, logLikelihood: -633.662464
[00:01:01] [worker #29] Bootstrap tree #862, logLikelihood: -593.681943
[00:01:01] [worker #30] Bootstrap tree #863, logLikelihood: -595.391399
[00:01:01] [worker #18] Bootstrap tree #851, logLikelihood: -582.620320
[00:01:01] [worker #8] Bootstrap tree #841, logLikelihood: -621.649103
[00:01:01] [worker #12] Bootstrap tree #845, logLikelihood: -622.755480
[00:01:01] [worker #14] Bootstrap tree #847, logLikelihood: -632.871379
[00:01:01] [worker #1] Bootstrap tree #834, logLikelihood: -615.214800
[00:01:01] [worker #24] Bootstrap tree #857, logLikelihood: -612.345236
[00:01:01] [worker #5] Bootstrap tree #838, logLikelihood: -669.287517
[00:01:01] [worker #21] Bootstrap tree #854, logLikelihood: -647.065353
[00:01:01] [worker #6] Bootstrap tree #839, logLikelihood: -623.871864
[00:01:01] [worker #20] Bootstrap tree #853, logLikelihood: -679.154770
[00:01:01] [worker #9] Bootstrap tree #842, logLikelihood: -640.832003
[00:01:01] [worker #17] Bootstrap tree #850, logLikelihood: -659.930150
[00:01:01] [worker #13] Bootstrap tree #846, logLikelihood: -668.817965
[00:01:01] [worker #22] Bootstrap tree #855, logLikelihood: -619.035664
[00:01:01] [worker #27] Bootstrap tree #860, logLikelihood: -634.429439
[00:01:01] [worker #16] Bootstrap tree #849, logLikelihood: -661.573820
[00:01:01] [worker #26] Bootstrap tree #859, logLikelihood: -673.960864
[00:01:01] [worker #23] Bootstrap tree #856, logLikelihood: -697.826103
[00:01:01] [worker #19] Bootstrap tree #852, logLikelihood: -649.758042
[00:01:01] [worker #7] Bootstrap tree #840, logLikelihood: -628.336519
[00:01:01] [worker #11] Bootstrap tree #844, logLikelihood: -586.682684
[00:01:01] [worker #31] Bootstrap tree #896, logLikelihood: -596.764903
[00:01:01] [worker #10] Bootstrap tree #843, logLikelihood: -622.872184
[00:01:01] [worker #3] Bootstrap tree #868, logLikelihood: -641.052893
[00:01:01] [worker #0] Bootstrap tree #833, logLikelihood: -632.380443
[00:01:01] [worker #18] Bootstrap tree #883, logLikelihood: -630.761100
[00:01:01] [worker #28] Bootstrap tree #893, logLikelihood: -647.750295
[00:01:01] [worker #8] Bootstrap tree #873, logLikelihood: -612.875513
[00:01:01] [worker #2] Bootstrap tree #867, logLikelihood: -649.009067
[00:01:01] [worker #24] Bootstrap tree #889, logLikelihood: -648.499029
[00:01:01] [worker #4] Bootstrap tree #869, logLikelihood: -575.515237
[00:01:01] [worker #15] Bootstrap tree #880, logLikelihood: -663.458132
[00:01:01] [worker #14] Bootstrap tree #879, logLikelihood: -677.391694
[00:01:01] [worker #6] Bootstrap tree #871, logLikelihood: -680.404654
[00:01:01] [worker #21] Bootstrap tree #886, logLikelihood: -643.279888
[00:01:01] [worker #1] Bootstrap tree #866, logLikelihood: -597.270756
[00:01:01] [worker #5] Bootstrap tree #870, logLikelihood: -621.886528
[00:01:01] [worker #9] Bootstrap tree #874, logLikelihood: -573.638138
[00:01:01] [worker #12] Bootstrap tree #877, logLikelihood: -635.809321
[00:01:01] [worker #25] Bootstrap tree #890, logLikelihood: -622.706432
[00:01:01] [worker #17] Bootstrap tree #882, logLikelihood: -644.664396
[00:01:01] [worker #13] Bootstrap tree #878, logLikelihood: -626.818404
[00:01:01] [worker #30] Bootstrap tree #895, logLikelihood: -651.804973
[00:01:01] [worker #29] Bootstrap tree #894, logLikelihood: -671.893321
[00:01:01] [worker #20] Bootstrap tree #885, logLikelihood: -673.082539
[00:01:01] [worker #27] Bootstrap tree #892, logLikelihood: -648.257170
[00:01:01] [worker #26] Bootstrap tree #891, logLikelihood: -590.512266
[00:01:01] [worker #23] Bootstrap tree #888, logLikelihood: -619.149821
[00:01:01] [worker #22] Bootstrap tree #887, logLikelihood: -650.249448
[00:01:01] [worker #16] Bootstrap tree #881, logLikelihood: -626.030375
[00:01:01] [worker #19] Bootstrap tree #884, logLikelihood: -607.868841
[00:01:01] [worker #11] Bootstrap tree #876, logLikelihood: -646.281670
[00:01:01] [worker #10] Bootstrap tree #875, logLikelihood: -608.499232
[00:01:01] [worker #7] Bootstrap tree #872, logLikelihood: -640.795547
[00:01:01] [worker #0] Bootstrap tree #865, logLikelihood: -594.269683
[00:01:11] [worker #16] Bootstrap tree #913, logLikelihood: -602.490325
[00:01:11] [worker #2] Bootstrap tree #899, logLikelihood: -654.382358
[00:01:11] [worker #4] Bootstrap tree #901, logLikelihood: -590.458486
[00:01:11] [worker #5] Bootstrap tree #902, logLikelihood: -663.167704
[00:01:11] [worker #21] Bootstrap tree #918, logLikelihood: -629.590577
[00:01:11] [worker #31] Bootstrap tree #928, logLikelihood: -610.738787
[00:01:11] [worker #18] Bootstrap tree #915, logLikelihood: -631.739777
[00:01:11] [worker #26] Bootstrap tree #923, logLikelihood: -661.621001
[00:01:11] [worker #8] Bootstrap tree #905, logLikelihood: -594.857906
[00:01:11] [worker #23] Bootstrap tree #920, logLikelihood: -683.216925
[00:01:11] [worker #28] Bootstrap tree #925, logLikelihood: -638.433523
[00:01:11] [worker #29] Bootstrap tree #926, logLikelihood: -627.370072
[00:01:11] [worker #24] Bootstrap tree #921, logLikelihood: -634.413230
[00:01:11] [worker #6] Bootstrap tree #903, logLikelihood: -634.720083
[00:01:11] [worker #15] Bootstrap tree #912, logLikelihood: -645.724216
[00:01:11] [worker #25] Bootstrap tree #922, logLikelihood: -604.077955
[00:01:11] [worker #11] Bootstrap tree #908, logLikelihood: -614.563332
[00:01:11] [worker #22] Bootstrap tree #919, logLikelihood: -603.422329
[00:01:11] [worker #1] Bootstrap tree #898, logLikelihood: -615.841758
[00:01:11] [worker #3] Bootstrap tree #900, logLikelihood: -723.331894
[00:01:11] [worker #12] Bootstrap tree #909, logLikelihood: -627.346045
[00:01:11] [worker #19] Bootstrap tree #916, logLikelihood: -676.024092
[00:01:11] [worker #20] Bootstrap tree #917, logLikelihood: -632.367186
[00:01:11] [worker #13] Bootstrap tree #910, logLikelihood: -681.684551
[00:01:11] [worker #17] Bootstrap tree #914, logLikelihood: -642.663843
[00:01:11] [worker #27] Bootstrap tree #924, logLikelihood: -605.506512
[00:01:11] [worker #9] Bootstrap tree #906, logLikelihood: -619.944107
[00:01:11] [worker #14] Bootstrap tree #911, logLikelihood: -630.819008
[00:01:11] [worker #10] Bootstrap tree #907, logLikelihood: -674.720239
[00:01:11] [worker #7] Bootstrap tree #904, logLikelihood: -650.651545
[00:01:11] [worker #16] Bootstrap tree #945, logLikelihood: -664.876980
[00:01:11] [worker #30] Bootstrap tree #927, logLikelihood: -615.417097
[00:01:11] [worker #5] Bootstrap tree #934, logLikelihood: -628.133923
[00:01:11] [worker #0] Bootstrap tree #897, logLikelihood: -643.340489
[00:01:11] [worker #31] Bootstrap tree #960, logLikelihood: -622.806063
[00:01:11] [worker #18] Bootstrap tree #947, logLikelihood: -683.261707
[00:01:11] [worker #21] Bootstrap tree #950, logLikelihood: -684.979249
[00:01:11] [worker #26] Bootstrap tree #955, logLikelihood: -580.949199
[00:01:11] [worker #23] Bootstrap tree #952, logLikelihood: -611.229728
[00:01:11] [worker #4] Bootstrap tree #933, logLikelihood: -625.297457
[00:01:11] [worker #2] Bootstrap tree #931, logLikelihood: -627.828436
[00:01:12] [worker #22] Bootstrap tree #951, logLikelihood: -657.011837
[00:01:12] [worker #25] Bootstrap tree #954, logLikelihood: -630.643296
[00:01:12] [worker #11] Bootstrap tree #940, logLikelihood: -669.017200
[00:01:12] [worker #24] Bootstrap tree #953, logLikelihood: -684.713678
[00:01:12] [worker #29] Bootstrap tree #958, logLikelihood: -618.528680
[00:01:12] [worker #6] Bootstrap tree #935, logLikelihood: -634.271566
[00:01:12] [worker #3] Bootstrap tree #932, logLikelihood: -633.195110
[00:01:12] [worker #8] Bootstrap tree #937, logLikelihood: -610.903211
[00:01:12] [worker #28] Bootstrap tree #957, logLikelihood: -648.302810
[00:01:12] [worker #1] Bootstrap tree #930, logLikelihood: -603.479060
[00:01:12] [worker #20] Bootstrap tree #949, logLikelihood: -658.460804
[00:01:12] [worker #19] Bootstrap tree #948, logLikelihood: -661.023382
[00:01:12] [worker #17] Bootstrap tree #946, logLikelihood: -640.389442
[00:01:12] [worker #15] Bootstrap tree #944, logLikelihood: -670.280137
[00:01:12] [worker #9] Bootstrap tree #938, logLikelihood: -600.880502
[00:01:12] [worker #30] Bootstrap tree #959, logLikelihood: -609.676241
[00:01:12] [worker #12] Bootstrap tree #941, logLikelihood: -608.683877
[00:01:12] [worker #13] Bootstrap tree #942, logLikelihood: -631.420835
[00:01:12] [worker #7] Bootstrap tree #936, logLikelihood: -612.778710
[00:01:12] [worker #10] Bootstrap tree #939, logLikelihood: -629.680336
[00:01:12] [worker #14] Bootstrap tree #943, logLikelihood: -585.902881
[00:01:12] [worker #27] Bootstrap tree #956, logLikelihood: -645.774111
[00:01:12] [worker #0] Bootstrap tree #929, logLikelihood: -629.135358
[00:01:21] [worker #30] Bootstrap tree #991, logLikelihood: -601.448383
[00:01:21] [worker #5] Bootstrap tree #966, logLikelihood: -625.254145
[00:01:21] [worker #20] Bootstrap tree #981, logLikelihood: -635.778030
[00:01:21] [worker #11] Bootstrap tree #972, logLikelihood: -573.563066
[00:01:21] [worker #6] Bootstrap tree #967, logLikelihood: -584.658805
[00:01:21] [worker #4] Bootstrap tree #965, logLikelihood: -644.160201
[00:01:21] [worker #26] Bootstrap tree #987, logLikelihood: -623.682517
[00:01:21] [worker #16] Bootstrap tree #977, logLikelihood: -618.974690
[00:01:21] [worker #28] Bootstrap tree #989, logLikelihood: -606.275290
[00:01:21] [worker #25] Bootstrap tree #986, logLikelihood: -635.902492
[00:01:21] [worker #19] Bootstrap tree #980, logLikelihood: -613.991721
[00:01:21] [worker #24] Bootstrap tree #985, logLikelihood: -590.497660
[00:01:21] [worker #18] Bootstrap tree #979, logLikelihood: -601.895693
[00:01:21] [worker #29] Bootstrap tree #990, logLikelihood: -641.463718
[00:01:21] [worker #9] Bootstrap tree #970, logLikelihood: -647.155382
[00:01:21] [worker #2] Bootstrap tree #963, logLikelihood: -670.718867
[00:01:21] [worker #23] Bootstrap tree #984, logLikelihood: -650.052600
[00:01:21] [worker #13] Bootstrap tree #974, logLikelihood: -647.584492
01:21] [worker #31] Bootstrap tree #992, logLikelihood: -620.083374
[00:01:21] [worker #1] Bootstrap tree #962, logLikelihood: -636.944568
[00:01:21] [worker #0] Bootstrap tree #961, logLikelihood: -608.456035
[00:01:21] [worker #8] Bootstrap tree #969, logLikelihood: -592.930427
[00:01:21] [worker #10] Bootstrap tree #971, logLikelihood: -654.838543
[00:01:21] [worker #27] Bootstrap tree #988, logLikelihood: -653.602388
[00:01:21] [worker #7] Bootstrap tree #968, logLikelihood: -649.770215
[00:01:21] [worker #3] Bootstrap tree #964, logLikelihood: -641.309606
[00:01:22] [worker #17] Bootstrap tree #978, logLikelihood: -608.906815
[00:01:22] [worker #12] Bootstrap tree #973, logLikelihood: -697.597786
[00:01:22] [worker #22] Bootstrap tree #983, logLikelihood: -639.979742
[00:01:22] [worker #21] Bootstrap tree #982, logLikelihood: -683.639421
[00:01:22] [worker #14] Bootstrap tree #975, logLikelihood: -647.145932
[00:01:22] [worker #15] Bootstrap tree #976, logLikelihood: -676.805667
[00:01:22] [worker #5] Bootstrap tree #998, logLikelihood: -661.081550
[00:01:22] [worker #1] Bootstrap tree #994, logLikelihood: -626.620670
[00:01:22] [worker #6] Bootstrap tree #999, logLikelihood: -634.376005
[00:01:22] [worker #4] Bootstrap tree #997, logLikelihood: -644.548174
[00:01:22] [worker #3] Bootstrap tree #996, logLikelihood: -619.966809
[00:01:22] [worker #2] Bootstrap tree #995, logLikelihood: -632.180812
[00:01:22] [worker #7] Bootstrap tree #1000, logLikelihood: -660.194116
[00:01:22] [worker #0] Bootstrap tree #993, logLikelihood: -675.833047

Optimized model parameters:

   Partition 0: noname
   Rate heterogeneity: GAMMA (4 cats, mean),  alpha: 0.020137 (ML),  weights&rates: (0.250000,0.000000) (0.250000,0.000000) (0.250000,0.000001) (0.250000,3.999999) 
   Base frequencies (ML): 0.416032 0.086404 0.123302 0.374263 
   Substitution rates (ML): 1.775212 0.899341 0.142064 1.988953 1.311845 1.000000 


Final LogLikelihood: -645.345728

AIC score: 1422.691456 / AICc score: 1444.856870 / BIC score: 1696.207708
Free parameters (model + branch lengths): 66

WARNING: Best ML tree contains 21 near-zero branches!

Best ML tree with collapsed near-zero branches saved to: /mnt/lustre/RDS-live/downing/LSDV/GTPV_SPPV/results_SPPV/LSDV131.raxml.bestTreeCollapsed
Best ML tree saved to: /mnt/lustre/RDS-live/downing/LSDV/GTPV_SPPV/results_SPPV/LSDV131.raxml.bestTree
All ML trees saved to: /mnt/lustre/RDS-live/downing/LSDV/GTPV_SPPV/results_SPPV/LSDV131.raxml.mlTrees
Best ML tree with Felsenstein bootstrap (FBP) support values saved to: /mnt/lustre/RDS-live/downing/LSDV/GTPV_SPPV/results_SPPV/LSDV131.raxml.supportFBP
Best ML tree with Transfer bootstrap (TBE) support values saved to: /mnt/lustre/RDS-live/downing/LSDV/GTPV_SPPV/results_SPPV/LSDV131.raxml.supportTBE
Optimized model saved to: /mnt/lustre/RDS-live/downing/LSDV/GTPV_SPPV/results_SPPV/LSDV131.raxml.bestModel
Bootstrap trees saved to: /mnt/lustre/RDS-live/downing/LSDV/GTPV_SPPV/results_SPPV/LSDV131.raxml.bootstraps

Execution log saved to: /mnt/lustre/RDS-live/downing/LSDV/GTPV_SPPV/results_SPPV/LSDV131.raxml.log

Analysis started: 24-Nov-2025 18:56:27 / finished: 24-Nov-2025 18:57:59

Elapsed time: 92.361 seconds

