
RAxML-NG v. 1.2.2 released on 11.04.2024 by The Exelixis Lab.
Developed by: Alexey M. Kozlov and Alexandros Stamatakis.
Contributors: Diego Darriba, Tomas Flouri, Benoit Morel, Sarah Lutteropp, Ben Bettisworth, Julia Haag, Anastasis Togkousidis.
Latest version: https://github.com/amkozlov/raxml-ng
Questions/problems/suggestions? Please visit: https://groups.google.com/forum/#!forum/raxml

System: AMD EPYC 7543P 32-Core Processor, 32 cores, 995 GB RAM

RAxML-NG was called at 24-Nov-2025 14:31:12 as follows:

raxml-ng --all --msa region_LSDV061.aln --model GTR+G --prefix LSDV061 --seed 123 --bs-metric fbp,tbe --redo

Analysis options:
  run mode: ML tree search + bootstrapping (Felsenstein Bootstrap + Transfer Bootstrap)
  start tree(s): random (10) + parsimony (10)
  bootstrap replicates: parsimony (max: 1000) + bootstopping (autoMRE, cutoff: 0.030000)
  random seed: 123
  tip-inner: OFF
  pattern compression: ON
  per-rate scalers: OFF
  site repeats: ON
  logLH epsilon: general: 10.000000, brlen-triplet: 1000.000000
  fast spr radius: AUTO
  spr subtree cutoff: 1.000000
  fast CLV updates: ON
  branch lengths: proportional (ML estimate, algorithm: NR-FAST)
  SIMD kernels: AVX2
  parallelization: coarse-grained (auto), PTHREADS (auto)

WARNING: Running in REDO mode: existing checkpoints are ignored, and all result files will be overwritten!

[00:00:00] Reading alignment from file: region_LSDV061.aln
[00:00:00] Loaded alignment with 14 taxa and 279 sites

WARNING: Sequences PV167794.1 and NC_004003.1 are exactly identical!
WARNING: Sequences PV167794.1 and MW020570.1 are exactly identical!
WARNING: Sequences PV167794.1 and MN072622.1 are exactly identical!
WARNING: Sequences PV167794.1 and MN072621.1 are exactly identical!
WARNING: Sequences PV167794.1 and MN072620.1 are exactly identical!
WARNING: Sequences PV167794.1 and KX576657.1 are exactly identical!
WARNING: Sequences PV167794.1 and KC951854.1 are exactly identical!
WARNING: Sequences PV167794.1 and AY077836.1 are exactly identical!
WARNING: Sequences PV167794.1 and AY077835.1 are exactly identical!
WARNING: Sequences MN072625.1 and MN072623.1 are exactly identical!
WARNING: Duplicate sequences found: 10

NOTE: Reduced alignment (with duplicates and gap-only sites/taxa removed) 
NOTE: was saved to: /mnt/lustre/RDS-live/downing/LSDV/GTPV_SPPV/results_GTPV/LSDV061.raxml.reduced.phy

Alignment comprises 1 partitions and 8 patterns

Partition 0: noname
Model: GTR+FO+G4m
Alignment sites / patterns: 279 / 8
Gaps: 0.00 %
Invariant sites: 98.57 %


NOTE: Binary MSA file created: LSDV061.raxml.rba

Parallelization scheme autoconfig: 32 worker(s) x 1 thread(s)

[00:00:00] Generating 10 random starting tree(s) with 14 taxa
[00:00:00] Generating 10 parsimony starting tree(s) with 14 taxa
Parallel parsimony with 32 threads
Parallel reduction/worker buffer size: 1 KB  / 0 KB

[00:00:00] Data distribution: max. partitions/sites/weight per thread: 1 / 8 / 128
[00:00:00] Data distribution: max. searches per worker: 33

Starting ML tree search with 20 distinct starting trees

[00:00:00] [worker #17] ML tree search #18, logLikelihood: -377.313160
[00:00:00] [worker #10] ML tree search #11, logLikelihood: -377.313156
[00:00:00] [worker #18] ML tree search #19, logLikelihood: -377.312395
[00:00:00] [worker #14] ML tree search #15, logLikelihood: -377.312414
[00:00:00] [worker #7] ML tree search #8, logLikelihood: -377.364827
[00:00:00] [worker #16] ML tree search #17, logLikelihood: -377.312875
[00:00:00] [worker #0] ML tree search #1, logLikelihood: -377.365650
[00:00:00] [worker #12] ML tree search #13, logLikelihood: -377.313265
[00:00:00] [worker #1] ML tree search #2, logLikelihood: -377.365309
[00:00:01] [worker #13] ML tree search #14, logLikelihood: -377.313206
[00:00:01] [worker #15] ML tree search #16, logLikelihood: -377.313103
[00:00:01] [worker #2] ML tree search #3, logLikelihood: -377.299528
[00:00:01] [worker #11] ML tree search #12, logLikelihood: -377.313314
[00:00:01] [worker #4] ML tree search #5, logLikelihood: -377.365481
[00:00:01] [worker #19] ML tree search #20, logLikelihood: -377.313325
[00:00:01] [worker #5] ML tree search #6, logLikelihood: -377.372356
[00:00:01] [worker #8] ML tree search #9, logLikelihood: -377.364296
[00:00:01] [worker #3] ML tree search #4, logLikelihood: -377.366657
[00:00:01] [worker #6] ML tree search #7, logLikelihood: -377.365637
[00:00:01] [worker #9] ML tree search #10, logLikelihood: -377.365302

[00:00:01] ML tree search completed, best tree logLH: -377.299528

[00:00:01] Starting bootstrapping analysis with 1000 replicates.

[00:00:01] [worker #9] Bootstrap tree #10, logLikelihood: -377.313000
[00:00:01] [worker #5] Bootstrap tree #6, logLikelihood: -361.216556
[00:00:01] [worker #21] Bootstrap tree #22, logLikelihood: -382.979506
[00:00:01] [worker #14] Bootstrap tree #15, logLikelihood: -371.372354
00:00:01] [worker #27] Bootstrap tree #28, logLikelihood: -377.313181
[00:00:01] [worker #28] Bootstrap tree #29, logLikelihood: -369.679938
[00:00:01] [worker #16] Bootstrap tree #17, logLikelihood: -369.307850
[00:00:01] [worker #13] Bootstrap tree #14, logLikelihood: -362.129110
[00:00:01] [worker #11] Bootstrap tree #12, logLikelihood: -363.884316
[00:00:01] [worker #20] Bootstrap tree #21, logLikelihood: -365.002645
[00:00:01] [worker #0] Bootstrap tree #1, logLikelihood: -361.694215
[00:00:01] [worker #7] Bootstrap tree #8, logLikelihood: -360.292601
[00:00:01] [worker #3] Bootstrap tree #4, logLikelihood: -365.001816
[00:00:01] [worker #22] Bootstrap tree #23, logLikelihood: -375.214269
[00:00:01] [worker #1] Bootstrap tree #2, logLikelihood: -379.838410
[00:00:01] [worker #19] Bootstrap tree #20, logLikelihood: -380.223790
01] [worker #30] Bootstrap tree #31, logLikelihood: -357.035529
[00:00:01] [worker #23] Bootstrap tree #24, logLikelihood: -348.402468
[00:00:01] [worker #12] Bootstrap tree #13, logLikelihood: -377.313314
[00:00:01] [worker #10] Bootstrap tree #11, logLikelihood: -360.896020
[00:00:01] [worker #25] Bootstrap tree #26, logLikelihood: -362.418678
[00:00:01] [worker #4] Bootstrap tree #5, logLikelihood: -377.313024
00:00:01] [worker #8] Bootstrap tree #9, logLikelihood: -365.638951
[00:00:01] [worker #29] Bootstrap tree #30, logLikelihood: -380.746134
[00:00:01] [worker #17] Bootstrap tree #18, logLikelihood: -387.605064
[00:00:01] [worker #18] Bootstrap tree #19, logLikelihood: -363.563436
[00:00:01] [worker #31] Bootstrap tree #32, logLikelihood: -369.256879
[00:00:01] [worker #15] Bootstrap tree #16, logLikelihood: -379.033527
[00:00:01] [worker #24] Bootstrap tree #25, logLikelihood: -378.089816
[00:00:01] [worker #26] Bootstrap tree #27, logLikelihood: -375.932973
[00:00:01] [worker #2] Bootstrap tree #3, logLikelihood: -377.160721
[00:00:01] [worker #6] Bootstrap tree #7, logLikelihood: -382.585280
[00:00:01] [worker #28] Bootstrap tree #61, logLikelihood: -367.837684
[00:00:01] [worker #23] Bootstrap tree #56, logLikelihood: -386.102273
[00:00:01] [worker #9] Bootstrap tree #42, logLikelihood: -356.908795
[00:00:01] [worker #5] Bootstrap tree #38, logLikelihood: -368.192868
[00:00:01] [worker #25] Bootstrap tree #58, logLikelihood: -343.990273
[00:00:01] [worker #14] Bootstrap tree #47, logLikelihood: -381.044107
[00:00:01] [worker #13] Bootstrap tree #46, logLikelihood: -384.942717
[00:00:01] [worker #10] Bootstrap tree #43, logLikelihood: -336.593714
[00:00:01] [worker #30] Bootstrap tree #63, logLikelihood: -345.383389
[00:00:01] [worker #11] Bootstrap tree #44, logLikelihood: -370.891849
[00:00:01] [worker #8] Bootstrap tree #41, logLikelihood: -358.210474
[00:00:01] [worker #4] Bootstrap tree #37, logLikelihood: -383.625099
[00:00:01] [worker #3] Bootstrap tree #36, logLikelihood: -366.848080
[00:00:01] [worker #22] Bootstrap tree #55, logLikelihood: -377.313156
[00:00:01] [worker #27] Bootstrap tree #60, logLikelihood: -365.903691
[00:00:01] [worker #18] Bootstrap tree #51, logLikelihood: -359.207478
[00:00:01] [worker #21] Bootstrap tree #54, logLikelihood: -369.014440
[00:00:01] [worker #20] Bootstrap tree #53, logLikelihood: -377.312410
[00:00:01] [worker #16] Bootstrap tree #49, logLikelihood: -363.567097
[00:00:01] [worker #24] Bootstrap tree #57, logLikelihood: [-381.513855
-363.426919[00:00:01] [worker #26] Bootstrap tree #59, logLikelihood: -350.527285

[00:00:01] [worker #2] Bootstrap tree #35, logLikelihood: -377.313357
[00:00:01] [worker #6] Bootstrap tree #39, logLikelihood: -377.313227
[00:00:01] [worker #19] Bootstrap tree #52, logLikelihood: -372.672963
[00:00:01] [worker #12] Bootstrap tree #45, logLikelihood: -377.313017
[00:00:01] [worker #29] Bootstrap tree #62, logLikelihood: -362.433724
[00:00:01] [worker #31] Bootstrap tree #64, logLikelihood: -378.090890
[00:00:01] [worker #1] Bootstrap tree #34, logLikelihood: -377.312860
[00:00:01] [worker #0] Bootstrap tree #33, logLikelihood: -362.913730
[00:00:02] [worker #17] Bootstrap tree #50, logLikelihood: -362.128737
[00:00:02] [worker #7] Bootstrap tree #40, logLikelihood: -367.729034
[00:00:02] [worker #4] Bootstrap tree #69, logLikelihood: -351.586875
[00:00:02] [worker #29] Bootstrap tree #94, logLikelihood: -357.373363
[00:00:02] [worker #31] [ootstrap tree #96, logLikelihood: 00:00:02] [worker #24] Bootstrap tree #89, logLikelihood: -348.496123
[00:00:02] [worker #31] [ootstrap tree #96, logLikelihood: 00:00:02] [worker #24] Bootstrap tree #89, logLikelihood: -348.496123
-382.514003
[00:00:02] [worker #12] Bootstrap tree #77, logLikelihood: -366.484981
[00:00:02] [worker #23] Bootstrap tree #88, logLikelihood: -381.093461
[00:00:02] [worker #15] Bootstrap tree #80, logLikelihood: -357.210736
[00:00:02] [worker #6] Bootstrap tree #71, logLikelihood: -363.171025
[00:00:02] [worker #14] Bootstrap tree #79, logLikelihood: -343.258998
[00:00:02] [worker #17] Bootstrap tree #82, logLikelihood: -365.262792
[00:00:02] [worker #21] Bootstrap tree #86, logLikelihood: -368.533283
[00:00:02] [worker #27] Bootstrap tree #92, logLikelihood: -380.234833
[00:00:02] [worker #3] Bootstrap tree #68, logLikelihood: -371.766226
[00:00:02] [worker #26] Bootstrap tree #91, logLikelihood: -373.757820
[00:00:02] [worker #25] Bootstrap tree #90, logLikelihood: -366.882067
[00:00:02] [worker #5] Bootstrap tree #70, logLikelihood: -370.241897
[00:00:02] [worker #20] Bootstrap tree #85, logLikelihood: -341.060776
[00:00:02] [worker #22] Bootstrap tree #87, logLikelihood: -365.844446
[00:00:02] [worker #11] Bootstrap tree #76, logLikelihood: -377.313331
[00:00:02] [worker #0] Bootstrap tree #65, logLikelihood: -387.121308
[00:00:02] [worker #18] Bootstrap tree #83, logLikelihood: -392.199807
[00:00:02] [worker #10] Bootstrap tree #75, logLikelihood: -364.999033
[00:00:02] [worker #9] Bootstrap tree #74, logLikelihood: -385.279082
[00:00:02] [worker #28] Bootstrap tree #93, logLikelihood: -377.313019
[00:00:02] [worker #30] Bootstrap tree #95, logLikelihood: -366.662289
[00:00:02] [worker #13] Bootstrap tree #78, logLikelihood: -376.045297
[00:00:02] [worker #1] Bootstrap tree #66, logLikelihood: -364.139787
[00:00:02] [worker #8] Bootstrap tree #73, logLikelihood: -377.313884
[00:00:02] [worker #19] Bootstrap tree #84, logLikelihood: -390.862446
[00:00:02] [worker #7] Bootstrap tree #72, logLikelihood: -393.050839
[00:00:02] [worker #16] Bootstrap tree #81, logLikelihood: -372.301850
[00:00:02] [worker #2] Bootstrap tree #67, logLikelihood: -353.645013
[00:00:02] [worker #4] Bootstrap tree #101, logLikelihood: -377.313321
[00:00:02] [worker #23] Bootstrap tree #120, logLikelihood: -384.582328
[00:00:03] [worker #5] Bootstrap tree #102, logLikelihood: -356.169790
[00:00:03] [worker #11] Bootstrap tree #108, logLikelihood: -377.313233
[00:00:03] [worker #24] Bootstrap tree #121, logLikelihood: -352.714101
[00:00:03] [worker #15] Bootstrap tree #112, logLikelihood: -377.313193
[00:00:03] [worker #31] Bootstrap tree #128, logLikelihood: -358.036542
[00:00:03] [worker #22] Bootstrap tree #119, logLikelihood: -373.986266
[00:00:03] [worker #9] Bootstrap tree #106, logLikelihood: -360.340722
[00:00:03] [worker #29] Bootstrap tree #126, logLikelihood: -378.848203
[00:00:03] [worker #20] Bootstrap tree #117, logLikelihood: -377.312882
[00:00:03] [worker #6] Bootstrap tree #103, logLikelihood: -381.811833
[00:00:03] [worker #12] Bootstrap tree #109, logLikelihood: -405.643735
[00:00:03] [worker #25] Bootstrap tree #122, logLikelihood: -365.505407
[00:00:03] [worker #14] Bootstrap tree #111, logLikelihood: -375.997400
[00:00:03] [worker #30] Bootstrap tree #127, logLikelihood: -377.312988
[00:00:03] [worker #26] Bootstrap tree #123, logLikelihood: -361.249676
[00:00:03] [worker #27] Bootstrap tree #124, logLikelihood: [00:00:03] [worker #18] 
Bootstrap tree #
[105, logLikelihood: -359.622110
00:00:03] [worker #10] Bootstrap tree #107, logLikelihood: -391.526691
[00:00:03] [worker #2] Bootstrap tree #99, logLikelihood: -379.745211
[00:00:03] [worker #17] Bootstrap tree #114, logLikelihood: -358.592333
[00:00:03] [worker #3] Bootstrap tree #100, logLikelihood: -395.252226
[00:00:03] [worker #28] Bootstrap tree #125, logLikelihood: -377.313017
[00:00:03] [worker #7] Bootstrap tree #104, logLikelihood: -379.263591
[00:00:03] [worker #19] Bootstrap tree #116, logLikelihood: -370.718004
[00:00:03] [worker #13] Bootstrap tree #110, logLikelihood: -365.081755
[00:00:03] [worker #21] Bootstrap tree #118, logLikelihood: -396.335343
[00:00:03] [worker #16] Bootstrap tree #113, logLikelihood: -381.565901
[00:00:03] [worker #1] Bootstrap tree #98, logLikelihood: -368.438767
[00:00:03] [worker #0] Bootstrap tree #97, logLikelihood: -366.518857
[00:00:05] [worker #27] Bootstrap tree #156, logLikelihood: -366.331134
[00:00:05] [worker #22] Bootstrap tree #151, logLikelihood: -367.734380
[00:00:05] [worker #14] Bootstrap tree #143, logLikelihood: -356.941099
[00:00:05] [worker #29] Bootstrap tree #158, logLikelihood: -377.937729
[00:00:05] [worker #8] Bootstrap tree #137, logLikelihood: -362.430173
[00:00:05] [worker #17] Bootstrap tree #146, logLikelihood: -351.148028
[00:00:05] [worker #5] Bootstrap tree #134, logLikelihood: -377.312977
[00:00:05] [worker #31] Bootstrap tree #160, logLikelihood: -370.178495
[00:00:05] [worker #7] Bootstrap tree #136, logLikelihood: -360.665453
[00:00:05] [worker #2] Bootstrap tree #131, logLikelihood: -362.714223
[00:00:05] [worker #6] Bootstrap tree #135, logLikelihood: -373.953941
[worker #23] Bootstrap tree #152, logLikelihood: -377.312979
[00:00:05] [worker #28] Bootstrap tree #157, logLikelihood: -384.809273
[00:00:05] [worker #13] Bootstrap tree #142, logLikelihood: -381.756651
[00:00:05] [worker #20] Bootstrap tree #149, logLikelihood: -405.158281
[00:00:05] [worker #11] Bootstrap tree #140, logLikelihood: -374.120572
05] [[worker #25] Bootstrap tree #154, logLikelihood: -368.1815360:00:05
05] [[worker #25] Bootstrap tree #154, logLikelihood: -368.1815360:00:05
] [worker #26] Bootstrap tree #155, logLikelihood: -343.252445
[00:00:05] [worker #10] Bootstrap tree #139, logLikelihood: -348.755424
[00:00:05] [worker #9] Bootstrap tree #138, logLikelihood: -370.005310
[00:00:05] [worker #16] Bootstrap tree #145, logLikelihood: -377.312425
[00:00:05] [worker #1] Bootstrap tree #130, logLikelihood: -360.539793
[00:00:05] [worker #12] Bootstrap tree #141, logLikelihood: -377.759383
[00:00:05] [worker #4] Bootstrap tree #133, logLikelihood: -385.299012
[00:00:05] [worker #24] Bootstrap tree #153, logLikelihood: -361.117425
[00:00:05] [worker #3] Bootstrap tree #132, logLikelihood: -377.312460
[00:00:05] [worker #30] Bootstrap tree #159, logLikelihood: -377.311714
[00:00:05] [worker #21] Bootstrap tree #150, logLikelihood: -366.748692
[00:00:05] [worker #15] Bootstrap tree #144, logLikelihood: -377.091863
[00:00:05] [worker #19] Bootstrap tree #148, logLikelihood: -352.066714
[00:00:05] [worker #27] Bootstrap tree #188, logLikelihood: -373.740214
[00:00:05] [worker #0] Bootstrap tree #129, logLikelihood: -364.113513
[00:00:05] [worker #18] Bootstrap tree #147, logLikelihood: -380.521479
[00:00:05] [worker #22] Bootstrap tree #183, logLikelihood: -377.313275
[00:00:05] [worker #14] Bootstrap tree #175, logLikelihood: -377.313007
[00:00:05] [worker #15] Bootstrap tree #176, logLikelihood: -350.667674
[00:00:05] [worker #7] Bootstrap tree #168, logLikelihood: -377.313375
[00:00:05] [worker #29] Bootstrap tree #190, logLikelihood: -377.313178
[00:00:05] [worker #1] Bootstrap tree #162, logLikelihood: -356.773255
[00:00:05] [worker #17] Bootstrap tree #178, logLikelihood: -389.354674
[00:00:05] [worker #26] Bootstrap tree #187, logLikelihood: -367.600841
[00:00:05] [worker #8] Bootstrap tree #169, logLikelihood: -341.446935
[00:00:05] [worker #13] Bootstrap tree #174, logLikelihood: -360.584265
[00:00:05] [worker #23] Bootstrap tree #184, logLikelihood: -382.675863
[[00:00:05] [worker #19] Bootstrap tree #180, logLikelihood: -377.313000
00:00:05] [worker #21] Bootstrap tree #182, logLikelihood: -375.453331
[00:00:05] [worker #30] Bootstrap tree #191, logLikelihood: -398.996710
[00:00:05] [worker #2] Bootstrap tree #163, logLikelihood: -367.846658
[00:00:05] [worker #24] Bootstrap tree #185, logLikelihood: -367.811154
[00:00:05] [worker #25] Bootstrap tree #186, logLikelihood: -360.126006
[00:00:05] [worker #11] Bootstrap tree #172, logLikelihood: -368.720492
[00:00:05] [worker #18] Bootstrap tree #179, logLikelihood: -356.481403
[00:00:05] [worker #28] Bootstrap tree #189, logLikelihood: -357.570968
-376.062453
[00:00:05] [worker #10] Bootstrap tree #171, logLikelihood: -377.313275
[00:00:05] [worker #12] Bootstrap tree #173, logLikelihood: -377.592844
[00:00:05] [worker #6] Bootstrap tree #167, logLikelihood: -378.032428
[00:00:05] [worker #31] Bootstrap tree #192, logLikelihood: -372.674462
[00:00:05] [worker #4] Bootstrap tree #165, logLikelihood: -375.531900
[00:00:05] [worker #20] Bootstrap tree #181, logLikelihood: -377.311696
[00:00:05] [worker #3] Bootstrap tree #164, logLikelihood: -376.449512
[00:00:05] [worker #5] Bootstrap tree #166, logLikelihood: -372.903816
[00:00:05] [worker #9] Bootstrap tree #170, logLikelihood: -363.771748
[00:00:05] [worker #0] Bootstrap tree #161, logLikelihood: -367.214654
[00:00:09] [worker #4] Bootstrap tree #197, logLikelihood: -362.593943
[00:00:09] [worker #21] Bootstrap tree #214, logLikelihood: -363.963470
[00:00:09] [worker #23] Bootstrap tree #216, logLikelihood: -369.041380
[00:00:09] [worker #5] Bootstrap tree #198, logLikelihood: -377.564676
[00:00:09] [worker #3] Bootstrap tree #196, logLikelihood: -347.333092
[00:00:09] [worker #29] Bootstrap tree #222, logLikelihood: -359.160081
[00:00:09] [worker #22] Bootstrap tree #215, logLikelihood: -362.934130
[00:00:09] [worker #11] Bootstrap tree #204, logLikelihood: -351.263363
[00:00:09] [worker #6] Bootstrap tree #199, logLikelihood: -377.312910
[00:00:09] [worker #26] Bootstrap tree #219, logLikelihood: -365.580069
[00:00:09] [worker #19] Bootstrap tree #212, logLikelihood: -365.548109
[00:00:09] [worker #18] Bootstrap tree #211, logLikelihood: -377.312972
-352.738253
[00:00:09] [worker #20] Bootstrap tree #213, logLikelihood: -384.541715
[00:00:09] [worker #16] Bootstrap tree #209, logLikelihood: -356.113475
[00:00:09] [worker #13] Bootstrap tree #206, logLikelihood: -370.450145
[00:00:09] [worker #7] Bootstrap tree #200, logLikelihood: -390.206451
[[[00:00:09] [worker #1] Bootstrap tree #194, logLikelihood: -377.313331
-357.8096850
[worker #31] Bootstrap tree #224, logLikelihood: -377.311665
[00:00:09] [worker #27] Bootstrap tree #220, logLikelihood: -362.869333
[00:00:09] [worker #12] Bootstrap tree #205, logLikelihood: -380.701188
[00:00:09] [worker #30] Bootstrap tree #223, logLikelihood: -374.436568
[00:00:09] [worker #8] Bootstrap tree #201, logLikelihood: -377.143088
[00:00:09] [worker #0] Bootstrap tree #193, logLikelihood: -377.312448
[00:00:09] [worker #28] Bootstrap tree #221, logLikelihood: -402.493004
[00:00:09] [worker #2] Bootstrap tree #195, logLikelihood: -364.463374
[00:00:09] [worker #24] Bootstrap tree #217, logLikelihood: -377.313183
[00:00:09] [worker #15] Bootstrap tree #208, logLikelihood: -383.592750
[00:00:09] [worker #21] Bootstrap tree #246, logLikelihood: -354.759020
[00:00:09] [worker #4] Bootstrap tree #229, logLikelihood: -377.313416
[00:00:09] [worker #14] Bootstrap tree #207, logLikelihood: -360.720166
[00:00:09] [worker #25] Bootstrap tree #218, logLikelihood: -377.312444
[00:00:09] [worker #17] Bootstrap tree #210, logLikelihood: -378.575740
[00:00:09] [worker #6] Bootstrap tree #231, logLikelihood: -350.300749
[00:00:09] [worker #20] Bootstrap tree #245, logLikelihood: -369.046578
[00:00:09] [worker #29] Bootstrap tree #254, logLikelihood: -377.312438
[00:00:09] [worker #23] Bootstrap tree #248, logLikelihood: -368.091232
[00:00:09] [worker #3] Bootstrap tree #228, logLikelihood: -389.201415
[00:00:09] [worker #16] Bootstrap tree #241, logLikelihood: -373.624368
[00:00:09] [worker #26] Bootstrap tree #251, logLikelihood: -359.177425
[00:00:09] [worker #22] Bootstrap tree #247, logLikelihood: -385.050224
[00:00:09] [worker #11] Bootstrap tree #236, logLikelihood: -380.007661
[00:00:09] [worker #31] Bootstrap tree #256, logLikelihood: -377.473911
[00:00:09] [worker #10] Bootstrap tree #235, logLikelihood: -377.313389
[00:00:09] [worker #5] Bootstrap tree #230, logLikelihood: -384.892593
[00:00:09] [worker #18] Bootstrap tree #243, logLikelihood: -377.942063
[00:00:09] [worker #24] Bootstrap tree #249, logLikelihood: -357.708776
[00:00:09] [worker #30] Bootstrap tree #255, logLikelihood: -354.142499
[00:00:09] [worker #13] Bootstrap tree #238, logLikelihood: -377.313185
[00:00:09] [worker #8] Bootstrap tree #233, logLikelihood: -364.241121
[00:00:09] [worker #27] Bootstrap tree #252, logLikelihood: -377.492399
[00:00:09] [worker #19] Bootstrap tree #244, logLikelihood: -380.477639
[00:00:09] [worker #9] Bootstrap tree #234, logLikelihood: -377.312936
[00:00:09] [worker #2] Bootstrap tree #227, logLikelihood: -374.252000
[00:00:09] [worker #12] Bootstrap tree #237, logLikelihood: -365.254273
[00:00:09] [worker #1] Bootstrap tree #226, logLikelihood: -363.581210
[00:00:09] [worker #15] Bootstrap tree #240, logLikelihood: -364.534481
[00:00:09] [worker #28] Bootstrap tree #253, logLikelihood: -335.560847
[00:00:09] [worker #25] Bootstrap tree #250, logLikelihood: -349.971058
[00:00:09] [worker #14] Bootstrap tree #239, logLikelihood: -359.619377
[00:00:09] [worker #7] Bootstrap tree #232, logLikelihood: -377.314240
[00:00:09] [worker #17] Bootstrap tree #242, logLikelihood: -377.310096
[00:00:09] [worker #0] Bootstrap tree #225, logLikelihood: -399.152059
[00:00:14] [worker #13] Bootstrap tree #270, logLikelihood: -371.419031
[00:00:14] [worker #20] Bootstrap tree #277, logLikelihood: -373.532088
[00:00:14] [worker #25] Bootstrap tree #282, logLikelihood: -377.585403
[00:00:14] [worker #1] Bootstrap tree #258, logLikelihood: -377.313176
[00:00:14] [worker #3] Bootstrap tree #260, logLikelihood: -385.717262
[00:00:14] [worker #16] Bootstrap tree #273, logLikelihood: -368.944760
-361.881625[
-36, logLikelihood: -377.309727
[00:00:14] [worker #21] Bootstrap tree #278, logLikelihood: -377.313229
[00:00:14] [worker #12] Bootstrap tree #269, logLikelihood: -363.701831
[00:00:14] [worker #28] Bootstrap tree #285, logLikelihood: -372.700255
[00:00:14] [worker #27] Bootstrap tree #284, logLikelihood: -377.626760
[00:00:14] [worker #31] Bootstrap tree #288, logLikelihood: -377.820180
[00:00:14] [worker #7] Bootstrap tree #264, logLikelihood: -354.901220
[00:00:14] [worker #2] Bootstrap tree #259, logLikelihood: -370.677733
[00:00:14] [worker #8] Bootstrap tree #265, logLikelihood: -365.548305
[00:00:14] [worker #29] Bootstrap tree #286, logLikelihood: -383.710771
[00:00:14] [worker #14] Bootstrap tree #271, logLikelihood: -371.087290
[00:00:14] [worker #19] Bootstrap tree #276, logLikelihood: -383.084012
[00:00:14] [worker #6] Bootstrap tree #263, logLikelihood: -372.130783
[00:00:14] [worker #26] Bootstrap tree #283, logLikelihood: -377.313296
[00:00:14] [worker #0] Bootstrap tree #257, logLikelihood: -366.964881
[00:00:14] [worker #15] Bootstrap tree #272, logLikelihood: -367.741491
[00:00:14] [worker #23] Bootstrap tree #280, logLikelihood: -377.313257
[00:00:14] [worker #9] Bootstrap tree #266, logLikelihood: -363.902063[

[00:00:14] [worker #4] Bootstrap tree #261, logLikelihood: -380.447629
[00:00:14] [worker #13] Bootstrap tree #302, logLikelihood: -359.364304
[00:00:15] [worker #18] Bootstrap tree #275, logLikelihood: -391.319513
[00:00:15] [worker #10] Bootstrap tree #267, logLikelihood: -347.958506
[00:00:15] [worker #17] Bootstrap tree #274, logLikelihood: -371.379739
[00:00:15] [worker #5] Bootstrap tree #262, logLikelihood: -363.961164
[00:00:15] [worker #11] Bootstrap tree #268, logLikelihood: -383.233102
[00:00:15] [worker #16] Bootstrap tree #305, logLikelihood: -376.419579
[00:00:15] [worker #1] Bootstrap tree #290, logLikelihood: -377.313285
[00:00:15] [worker #22] Bootstrap tree #311, logLikelihood: -377.480845
[00:00:15] [worker #20] Bootstrap tree #309, logLikelihood: -377.313008
[00:00:15] [worker #3] Bootstrap tree #292, logLikelihood: -382.085398
[00:00:15] [worker #7] Bootstrap tree #296, logLikelihood: -348.929779
[00:00:15] [worker #31] Bootstrap tree #320, logLikelihood: -347.563047
[00:00:15] [worker #8] Bootstrap tree #297, logLikelihood: -381.888390
-377.315679[
00:00:15] [worker #4] Bootstrap tree #293, logLikelihood: -355.751764
[00:00:15] [worker #28] Bootstrap tree #317, logLikelihood: -371.592042
[00:00:15] [worker #27] Bootstrap tree #316, logLikelihood: -377.313331
[00:00:15] [worker #21] Bootstrap tree #310, logLikelihood: -377.313296
[00:00:15] [worker #2] Bootstrap tree #291, logLikelihood: -377.313279
[00:00:15] [worker #0] Bootstrap tree #289, logLikelihood: -356.937528
[00:00:15] [worker #26] Bootstrap tree #315, logLikelihood: -347.288910
[00:00:15] [worker #19] Bootstrap tree #308, logLikelihood: -350.723784
[00:00:15] [worker #11] Bootstrap tree #300, logLikelihood: -369.614447
[00:00:15] [worker #25] Bootstrap tree #314, logLikelihood: -365.561255
[00:00:15] [worker #10] Bootstrap tree #299, logLikelihood: -369.827603
[00:00:15] [worker #14] Bootstrap tree #303, logLikelihood: -352.240449
[00:00:15] [worker #15] Bootstrap tree #304, logLikelihood: -377.313017
00-383.826866:00:15] [worker #30] Bootstrap tree #319, logLikelihood: 
00-383.826866:00:15] [worker #30] Bootstrap tree #319, logLikelihood: 
-398.804622
[00:00:15] [worker #12] Bootstrap tree #301, logLikelihood: -361.988084
[00:00:15] [worker #18] Bootstrap tree #307, logLikelihood: -379.808039
[00:00:15] [worker #23] Bootstrap tree #312, logLikelihood: [-392.980411
00-377.313134
[00:00:15] [worker #29] Bootstrap tree #318, logLikelihood: -383.621168
[00:00:15] [worker #17] Bootstrap tree #306, logLikelihood: -373.973700
[00:00:15] [worker #6] Bootstrap tree #295, logLikelihood: -377.313291
[00:00:22] [worker #8] Bootstrap tree #329, logLikelihood: [00:00:22] -369.067470[worker #22] Bootstrap tree #343
[00:00:22] [worker #8] Bootstrap tree #329, logLikelihood: [00:00:22] -369.067470[worker #22] Bootstrap tree #343
, logLikelihood: -372.013434
[00:00:22] [worker #8] Bootstrap tree #329, logLikelihood: [00:00:22] -369.067470[worker #22] Bootstrap tree #343
, logLikelihood: -372.013434
[00:00:22] [worker #18] Bootstrap tree #339, logLikelihood: -381.183729
[00:00:22] [worker #17] Bootstrap tree #338, logLikelihood: -370.756078
[00:00:22] [worker #9] Bootstrap tree #330, logLikelihood: -379.364214
[00:00:22] [worker #4] Bootstrap tree #325, logLikelihood: -355.229558
[00:00:22] [worker #29] Bootstrap tree #350, logLikelihood: -377.313231
[00:00:22] [worker #27] Bootstrap tree #348, logLikelihood: -358.432613
[00:00:22] [worker #19] Bootstrap tree #340, logLikelihood: -377.313153
[00:00:22] [worker #21] Bootstrap tree #342, logLikelihood: -352.716286
[[[[00:00:22] [worker #20] Bootstrap tree #34100:00:22] [worker #2] , logLikelihood: 323, logLikelihood: 0356.933855l:00
00[[00:00:22] [worker #20] Bootstrap tree #34100:00:22] [worker #2] , logLikelihood: 323, logLikelihood: 0356.933855l:00
:
:22] [worker #30] Bootstrap tree #351, logLikelihood: -381.729266
-380.866905
[00:00:22] [worker #26] Bootstrap tree #347, logLikelihood: -349.012308
[00:00:22] [worker #13] Bootstrap tree #334, logLikelihood: -354.263520
[00:00:22] [worker #14] Bootstrap tree #335, logLikelihood: -383.498530
[00:00:22] [worker #10] Bootstrap tree #331, logLikelihood: -392.401050
[00:00:22] [worker #1] Bootstrap tree #322, logLikelihood: -354.863701
[00:00:22] [worker #31] Bootstrap tree #352, logLikelihood: -380.286548
[00:00:22] [worker #15] Bootstrap tree #336, logLikelihood: -358.860106
[00:00:22] [worker #25] Bootstrap tree #346, logLikelihood: -387.722034
[00:00:22] [worker #3] Bootstrap tree #324, logLikelihood: -377.312980
00:00:22] [worker #24] Bootstrap tree #345, logLikelihood: -365.469884
[00:00:22] [worker #23] Bootstrap tree #344, logLikelihood: -386.552460
[00:00:22] [worker #7] Bootstrap tree #328, logLikelihood: -378.547863
[00:00:22] [worker #11] Bootstrap tree #332, logLikelihood: -364.878783
[00:00:22] [worker #28] Bootstrap tree #349, logLikelihood: -376.915768
[00:00:22] [worker #16] Bootstrap tree #337, logLikelihood: -381.689161
[00:00:22] [worker #5] Bootstrap tree #326, logLikelihood: -371.710282
[00:00:22] [worker #0] Bootstrap tree #321, logLikelihood: -384.503426
[00:00:22] [worker #18] Bootstrap tree #371, logLikelihood: -369.178445
[00:00:22] [worker #12] Bootstrap tree #333, logLikelihood: -377.311690
[00:00:22] [worker #4] Bootstrap tree #357, logLikelihood: -376.490869
[00:00:22] [worker #17] Bootstrap tree #370, logLikelihood: -362.949018
[00:00:22] [worker #22] Bootstrap tree #375, logLikelihood: -380.654018
[00:00:22] [worker #8] Bootstrap tree #361, logLikelihood: -380.474551
[00:00:22] [worker #27] Bootstrap tree #380, logLikelihood: -363.348581
[00:00:22] [worker #9] Bootstrap tree #362, logLikelihood: -377.313339
[00:00:22] [worker #19] Bootstrap tree #372, logLikelihood: -384.473842
[00:00:22] [worker #14] Bootstrap tree #367, logLikelihood: -374.072734
[00:00:22] [worker #26] Bootstrap tree #379, logLikelihood: -391.568439
[00:00:22] [worker #15] Bootstrap tree #368, logLikelihood: -368.258516
[00:00:22] [worker #21] Bootstrap tree #374, logLikelihood: -389.848417
[00:00:22] [worker #13] Bootstrap tree #366, logLikelihood: -377.312434
[00:00:22] [worker #2] Bootstrap tree #355, logLikelihood: -371.152758
[00:00:22] [worker #29] Bootstrap tree #382, logLikelihood: -346.544165
[00:00:22] [worker #10] Bootstrap tree #363, logLikelihood: -361.127699
[00:00:22] [worker #6] Bootstrap tree #359, logLikelihood: -346.266673
[00:00:22] [worker #30] Bootstrap tree #383, logLikelihood: -363.300952
[00:00:22] [worker #20] Bootstrap tree #373, logLikelihood: -376.106606
[00:00:22] [worker #24] Bootstrap tree #377, logLikelihood: -374.405173
[00:00:22] [worker #31] Bootstrap tree #384, logLikelihood: -377.179784
[00:00:22] [worker #7] Bootstrap tree #360, logLikelihood: -357.614222
[00:00:22] [worker #28] Bootstrap tree #381, logLikelihood: -377.811029
[00:00:22] [worker #1] Bootstrap tree #354, logLikelihood: -375.546495
[00:00:22] [worker #5] Bootstrap tree #358, logLikelihood: -385.763602
[00:00:22] [worker #12] Bootstrap tree #365, logLikelihood: -353.356332
[00:00:22] [worker #16] Bootstrap tree #369, logLikelihood: -378.026696
[00:00:22] [worker #23] Bootstrap tree #376, logLikelihood: -381.143584
[00:00:22] [worker #25] Bootstrap tree #378, logLikelihood: -384.165246
[00:00:22] [worker #11] Bootstrap tree #364, logLikelihood: -381.301258
[00:00:22] [worker #3] Bootstrap tree #356, logLikelihood: -372.749946
[00:00:22] [worker #0] Bootstrap tree #353, logLikelihood: -376.162234
[00:00:31] Bootstrapping converged after 384 replicates.

Optimized model parameters:

   Partition 0: noname
   Rate heterogeneity: GAMMA (4 cats, mean),  alpha: 99.846278 (ML),  weights&rates: (0.250000,0.875813) (0.250000,0.964710) (0.250000,1.029570) (0.250000,1.129908) 
   Base frequencies (ML): 0.367401 0.143459 0.112966 0.376175 
   Substitution rates (ML): 317.631894 0.001000 0.001000 1000.000000 654.432093 1.000000 


Final LogLikelihood: -377.299528

AIC score: 822.599055 / AICc score: 832.353154 / BIC score: 946.060256
Free parameters (model + branch lengths): 34

WARNING: Best ML tree contains 9 near-zero branches!

Best ML tree with collapsed near-zero branches saved to: /mnt/lustre/RDS-live/downing/LSDV/GTPV_SPPV/results_GTPV/LSDV061.raxml.bestTreeCollapsed
Best ML tree saved to: /mnt/lustre/RDS-live/downing/LSDV/GTPV_SPPV/results_GTPV/LSDV061.raxml.bestTree
All ML trees saved to: /mnt/lustre/RDS-live/downing/LSDV/GTPV_SPPV/results_GTPV/LSDV061.raxml.mlTrees
Best ML tree with Felsenstein bootstrap (FBP) support values saved to: /mnt/lustre/RDS-live/downing/LSDV/GTPV_SPPV/results_GTPV/LSDV061.raxml.supportFBP
Best ML tree with Transfer bootstrap (TBE) support values saved to: /mnt/lustre/RDS-live/downing/LSDV/GTPV_SPPV/results_GTPV/LSDV061.raxml.supportTBE
Optimized model saved to: /mnt/lustre/RDS-live/downing/LSDV/GTPV_SPPV/results_GTPV/LSDV061.raxml.bestModel
Bootstrap trees saved to: /mnt/lustre/RDS-live/downing/LSDV/GTPV_SPPV/results_GTPV/LSDV061.raxml.bootstraps

Execution log saved to: /mnt/lustre/RDS-live/downing/LSDV/GTPV_SPPV/results_GTPV/LSDV061.raxml.log

Analysis started: 24-Nov-2025 14:31:12 / finished: 24-Nov-2025 14:31:44

Elapsed time: 31.199 seconds

