
RAxML-NG v. 1.2.2 released on 11.04.2024 by The Exelixis Lab.
Developed by: Alexey M. Kozlov and Alexandros Stamatakis.
Contributors: Diego Darriba, Tomas Flouri, Benoit Morel, Sarah Lutteropp, Ben Bettisworth, Julia Haag, Anastasis Togkousidis.
Latest version: https://github.com/amkozlov/raxml-ng
Questions/problems/suggestions? Please visit: https://groups.google.com/forum/#!forum/raxml

System: AMD EPYC 7543P 32-Core Processor, 32 cores, 995 GB RAM

RAxML-NG was called at 24-Nov-2025 14:41:46 as follows:

raxml-ng --all --msa region_LSDV072.aln --model GTR+G --prefix LSDV072 --seed 123 --bs-metric fbp,tbe --redo

Analysis options:
  run mode: ML tree search + bootstrapping (Felsenstein Bootstrap + Transfer Bootstrap)
  start tree(s): random (10) + parsimony (10)
  bootstrap replicates: parsimony (max: 1000) + bootstopping (autoMRE, cutoff: 0.030000)
  random seed: 123
  tip-inner: OFF
  pattern compression: ON
  per-rate scalers: OFF
  site repeats: ON
  logLH epsilon: general: 10.000000, brlen-triplet: 1000.000000
  fast spr radius: AUTO
  spr subtree cutoff: 1.000000
  fast CLV updates: ON
  branch lengths: proportional (ML estimate, algorithm: NR-FAST)
  SIMD kernels: AVX2
  parallelization: coarse-grained (auto), PTHREADS (auto)

WARNING: Running in REDO mode: existing checkpoints are ignored, and all result files will be overwritten!

[00:00:00] Reading alignment from file: region_LSDV072.aln
[00:00:00] Loaded alignment with 14 taxa and 516 sites

WARNING: Sequences PV167794.1 and MW020570.1 are exactly identical!
WARNING: Sequences PV167794.1 and MN072621.1 are exactly identical!
WARNING: Sequences PV167794.1 and MN072620.1 are exactly identical!
WARNING: Sequences PV167794.1 and MH381810.1 are exactly identical!
WARNING: Sequences PV167794.1 and KC951854.1 are exactly identical!
WARNING: Sequences NC_004003.1 and MN072622.1 are exactly identical!
WARNING: Sequences NC_004003.1 and KX576657.1 are exactly identical!
WARNING: Sequences NC_004003.1 and AY077836.1 are exactly identical!
WARNING: Sequences NC_004003.1 and AY077835.1 are exactly identical!
WARNING: Sequences MN072625.1 and MN072623.1 are exactly identical!
WARNING: Duplicate sequences found: 10

NOTE: Reduced alignment (with duplicates and gap-only sites/taxa removed) 
NOTE: was saved to: /mnt/lustre/RDS-live/downing/LSDV/GTPV_SPPV/results_GTPV/LSDV072.raxml.reduced.phy

Alignment comprises 1 partitions and 11 patterns

Partition 0: noname
Model: GTR+FO+G4m
Alignment sites / patterns: 516 / 11
Gaps: 0.00 %
Invariant sites: 98.45 %


NOTE: Binary MSA file created: LSDV072.raxml.rba

Parallelization scheme autoconfig: 32 worker(s) x 1 thread(s)

[00:00:00] Generating 10 random starting tree(s) with 14 taxa
[00:00:00] Generating 10 parsimony starting tree(s) with 14 taxa
Parallel parsimony with 32 threads
Parallel reduction/worker buffer size: 1 KB  / 0 KB

[00:00:00] Data distribution: max. partitions/sites/weight per thread: 1 / 11 / 176
[00:00:00] Data distribution: max. searches per worker: 33

Starting ML tree search with 20 distinct starting trees

[00:00:00] [worker #15] ML tree search #16, logLikelihood: -707.144786
[00:00:00] [worker #0] ML tree search #1, logLikelihood: -707.144779
[00:00:00] [worker #7] ML tree search #8, logLikelihood: -707.144779
[00:00:00] [worker #13] ML tree search #14, logLikelihood: -707.144786
[00:00:00] [worker #1] ML tree search #2, logLikelihood: -707.144807
[00:00:00] [worker #2] ML tree search #3, logLikelihood: -707.144802
[00:00:00] [worker #16] ML tree search #17, logLikelihood: -707.144786
[00:00:00] [worker #8] ML tree search #9, logLikelihood: -707.144785
[00:00:01] [worker #3] ML tree search #4, logLikelihood: -707.144796
[00:00:01] [worker #18] ML tree search #19, logLikelihood: -707.144786
[00:00:01] [worker #9] ML tree search #10, logLikelihood: -707.144780
[00:00:01] [worker #10] ML tree search #11, logLikelihood: -707.144786
[00:00:01] [worker #14] ML tree search #15, logLikelihood: -707.144786
[00:00:01] [worker #4] ML tree search #5, logLikelihood: -707.144785
[00:00:01] [worker #5] ML tree search #6, logLikelihood: -707.144780
[00:00:01] [worker #19] ML tree search #20, logLikelihood: -707.144786
[00:00:01] [worker #12] ML tree search #13, logLikelihood: -707.144786
[00:00:01] [worker #6] ML tree search #7, logLikelihood: -707.144791
[00:00:01] [worker #11] ML tree search #12, logLikelihood: -707.144786
[00:00:01] [worker #17] ML tree search #18, logLikelihood: -707.144786

[00:00:01] ML tree search completed, best tree logLH: -707.144779

[00:00:01] Starting bootstrapping analysis with 1000 replicates.

[00:00:01] [worker #10] Bootstrap tree #11, logLikelihood: -678.536563
[00:00:01] [worker #11] Bootstrap tree #12, logLikelihood: -672.427724
[00:00:01] [worker #12] Bootstrap tree #13, logLikelihood: -681.953036
[00:00:01] [worker #15] Bootstrap tree #16, logLikelihood: -711.668628
[00:00:01] [worker #14] Bootstrap tree #15, logLikelihood: -698.712138
[00:00:01] [worker #23] Bootstrap tree #24, logLikelihood: -715.005867
[00:00:01] [worker #17] Bootstrap tree #18, logLikelihood: -715.850581
[00:00:01] [worker #31] Bootstrap tree #32, logLikelihood: -707.144786
[00:00:01] [worker #9] Bootstrap tree #10, logLikelihood: -722.649669
[00:00:01] [worker #21] Bootstrap tree #22, logLikelihood: -708.477141
[00:00:01] [worker #20] Bootstrap tree #21, logLikelihood: -695.170257
[00:00:01] [worker #3] Bootstrap tree #4, logLikelihood: -733.008171
[00:00:01] [worker #16] Bootstrap tree #17, logLikelihood: -721.759628
[[00:00:01] [worker #19] Bootstrap tree #20, logLikelihood: -729.924645
-699.943767
[00:00:01] [worker #2] Bootstrap tree #3, logLikelihood: -723.581389
[00:00:01] [worker #6] Bootstrap tree #7, logLikelihood: -690.945479
[00:00:01] [worker #28] Bootstrap tree #29, logLikelihood: -680.723888
[00:00:01] [worker #29] Bootstrap tree #30, logLikelihood: -724.914341
[00:00:01] [worker #7] Bootstrap tree #8, logLikelihood: -705.315828
[00:00:01] [worker #22] Bootstrap tree #23, logLikelihood: -726.723327
[00:00:01] [worker #13] Bootstrap tree #14, logLikelihood: -710.342388
[00:00:01] [worker #27] Bootstrap tree #28, logLikelihood: -658.276367
[00:00:01] [worker #30] Bootstrap tree #31, logLikelihood: -686.922363
[00:00:01] [worker #0] Bootstrap tree #1, logLikelihood: -722.707331
[00:00:01] [worker #1] Bootstrap tree #2, logLikelihood: -711.429443
[00:00:01] [worker #25] Bootstrap tree #26, logLikelihood: -709.884429
[00:00:01] [worker #24] Bootstrap tree #25, logLikelihood: -694.485028
[00:00:01] [worker #18] Bootstrap tree #19, logLikelihood: -702.246797
[00:00:01] [worker #4] Bootstrap tree #5, logLikelihood: -726.774933
[00:00:01] [worker #5] Bootstrap tree #6, logLikelihood: -707.950391
[00:00:01] [worker #26] Bootstrap tree #27, logLikelihood: -697.098739
[00:00:01] [worker #11] Bootstrap tree #44, logLikelihood: -713.040840
[00:00:01] [worker #10] Bootstrap tree #43, logLikelihood: -727.668292
[00:00:01] [worker #23] Bootstrap tree #56, logLikelihood: -725.846203
[00:00:01] [worker #12] Bootstrap tree #45, logLikelihood: -732.016331
[00:00:01] [worker #14] Bootstrap tree #47, logLikelihood: -718.150860
[00:00:01] [worker #31] Bootstrap tree #64, logLikelihood: -704.140970
[00:00:01] [worker #15] Bootstrap tree #48, logLikelihood: -717.544339
[00:00:01] [worker #19] Bootstrap tree #52, logLikelihood: -671.717657
[00:00:01] [worker #6] Bootstrap tree #39, logLikelihood: -693.082943
[00:00:01] [[worker #29] Bootstrap tree #062, logLikelihood: :00:01] [worker #17] Bootstrap tree #50, logLikelihood: -704.420407
010:00:01] [[worker #29] Bootstrap tree #062, logLikelihood: :00:01] [worker #17] Bootstrap tree #50, logLikelihood: -704.420407
-706.644748
] [worker #16] Bootstrap tree #49, logLikelihood: -673.463353
[00:00:01] [worker #7] Bootstrap tree #40, logLikelihood: -714.466757
[00:00:01] [worker #9] Bootstrap tree #42, logLikelihood: -684.085511
[00:00:01] [worker #27] Bootstrap tree #60, logLikelihood: -698.964944
[00:00:01] [worker #8] Bootstrap tree #41, logLikelihood: -713.415968
[00:00:01] [worker #20] Bootstrap tree #53, logLikelihood: -673.113184
[00:00:01] [worker #13] Bootstrap tree #46, logLikelihood: -679.109673
[00:00:01] [worker #13] Bootstrap tree #46, logLikelihood: -679.109673
[00:00:01] [worker #21] Bootstrap tree #54, logLikelihood: -707.144786
[00:00:01] [worker #18] Bootstrap tree #51, logLikelihood: -696.626524
[00:00:01] [worker #2] Bootstrap tree #35, logLikelihood: -713.019698
[00:00:01] [worker #1] Bootstrap tree #34, logLikelihood: -707.454437
[00:00:01] [worker #5] Bootstrap tree #38, logLikelihood: -715.056961
[00:00:01] [worker #3] Bootstrap tree #36, logLikelihood: -698.342991
[00:00:01] [worker #26] Bootstrap tree #59, logLikelihood: -693.118796
[00:00:01] [worker #22] Bootstrap tree #55, logLikelihood: -698.380748
[00:00:01] [worker #24] Bootstrap tree #57, logLikelihood: -716.769712
[00:00:01] [worker #0] Bootstrap tree #33, logLikelihood: -697.037245
[00:00:01] [worker #4] Bootstrap tree #37, logLikelihood: -703.284913
[00:00:01] [worker #28] Bootstrap tree #61, logLikelihood: -712.779252
[00:00:01] [worker #25] Bootstrap tree #58, logLikelihood: -707.144786
[00:00:01] [worker #30] Bootstrap tree #63, logLikelihood: -701.149187
[00:00:02] [worker #14] Bootstrap tree #79, logLikelihood: -675.117657
[00:00:02] [worker #23] Bootstrap tree #88, logLikelihood: -690.700437
[00:00:02] [worker #18] Bootstrap tree #83, logLikelihood: -703.241470
[00:00:02] [worker #26] Bootstrap tree #91, logLikelihood: -668.841322
[00:00:02] [worker #30] Bootstrap tree #95, logLikelihood: -701.256537
00:00:02] [worker #16] Bootstrap tree #81, logLikelihood: -714.143288
[00:00:02] [worker #1] Bootstrap tree #66, logLikelihood: -692.570223
[00:00:02] [worker #19] Bootstrap tree #84, logLikelihood: -723.602202
[00:00:02] [worker #11] Bootstrap tree #76, logLikelihood: -673.380033
[00:00:02] [worker #5] Bootstrap tree #70, logLikelihood: -670.006522
[00:00:02] [worker #2] Bootstrap tree #67, logLikelihood: -697.645396
[00:00:02] [worker #31] Bootstrap tree #96, logLikelihood: -713.089678
[00:00:02] [worker #8] Bootstrap tree #73, logLikelihood: -727.915394
[00:00:02] [worker #24] Bootstrap tree #89, logLikelihood: -717.505968
[00:00:02] [worker #22] Bootstrap tree #87, logLikelihood: -707.144786
[00:00:02] [worker #7] Bootstrap tree #72, logLikelihood: -690.302285
[00:00:02] [worker #15] Bootstrap tree #80, logLikelihood: -683.942100
[00:00:02] [worker #12] Bootstrap tree #77, logLikelihood: -669.791067
[00:00:02] [worker #0] Bootstrap tree #65, logLikelihood: -738.312086
[00:00:02] [worker #28] Bootstrap tree #93, logLikelihood: -714.831541
[00:00:02] [worker #21] Bootstrap tree #86, logLikelihood: -697.160360
[00:00:02] [worker #17] Bootstrap tree #82, logLikelihood: -696.195432
[00:00:02] [worker #20] Bootstrap tree #85, logLikelihood: -693.143568
[00:00:02] [worker #9] Bootstrap tree #74, logLikelihood: -693.744472
[00:00:02] [worker #29] Bootstrap tree #94, logLikelihood: -700.568734
[00:00:02] [worker #27] Bootstrap tree #92, logLikelihood: -687.667103
[00:00:02] [worker #4] Bootstrap tree #69, logLikelihood: -679.582658
[00:00:02] [worker #25] Bootstrap tree #90, logLikelihood: -719.759076
[00:00:02] [worker #3] Bootstrap tree #68, logLikelihood: -698.608447
[00:00:02] [worker #14] Bootstrap tree #111, logLikelihood: -694.546356
[00:00:02] [worker #13] Bootstrap tree #78, logLikelihood: -725.636794
[00:00:02] [worker #10] Bootstrap tree #75, logLikelihood: -719.129374
[00:00:02] [worker #23] Bootstrap tree #120, logLikelihood: -678.523775
[00:00:02] [worker #30] Bootstrap tree #127, logLikelihood: -721.016342
[00:00:02] [worker #6] Bootstrap tree #71, logLikelihood: -734.567152
[00:00:02] [worker #26] Bootstrap tree #123, logLikelihood: -682.199845
[00:00:02] [worker #18] Bootstrap tree #115, logLikelihood: -694.325991
[00:00:02] [worker #16] Bootstrap tree #113, logLikelihood: -687.760066
[00:00:02] [worker #1] Bootstrap tree #98, logLikelihood: -684.175402
[00:00:02] [worker #22] Bootstrap tree #119, logLikelihood: -700.410904
[00:00:02] [worker #24] Bootstrap tree #121, logLikelihood: -674.455094
[00:00:02] [worker #11] Bootstrap tree #108, logLikelihood: -697.913974
[00:00:02] [worker #5] Bootstrap tree #102, logLikelihood: -678.882409
[00:00:02] [worker #19] Bootstrap tree #116, logLikelihood: -711.670256
[00:00:02] [worker #12] Bootstrap tree #109, logLikelihood: -722.728320
[00:00:02] [worker #2] Bootstrap tree #99, logLikelihood: -727.080085
[00:00:02] [worker #4] Bootstrap tree #101, logLikelihood: -707.144780
[00:00:02] [worker #21] Bootstrap tree #118, logLikelihood: -707.144780
[00:00:02] [worker #31] Bootstrap tree #128, logLikelihood: -669.753416
[00:00:02] [worker #28] Bootstrap tree #125, logLikelihood: -705.341965
[00:00:02] [worker #27] Bootstrap tree #124, logLikelihood: -694.662479
[00:00:02] [worker #20] Bootstrap tree #117, logLikelihood: -739.923361
[00:00:02] [worker #8] Bootstrap tree #105, logLikelihood: -696.262403
[00:00:02] [worker #25] Bootstrap tree #122, logLikelihood: -704.294662
[00:00:02] [worker #10] Bootstrap tree #107, logLikelihood: -709.414924
[00:00:02] [worker #3] Bootstrap tree #100, logLikelihood: -677.829823
[00:00:02] [worker #9] Bootstrap tree #106, logLikelihood: -693.251581
[00:00:02] [worker #0] Bootstrap tree #97, logLikelihood: -714.351551
[00:00:02] [worker #7] Bootstrap tree #104, logLikelihood: -719.907311
[00:00:02] [worker #6] Bootstrap tree #103, logLikelihood: -701.930109
[00:00:02] [worker #29] Bootstrap tree #126, logLikelihood: -679.320760
[00:00:02] [worker #17] Bootstrap tree #114, logLikelihood: -723.133308
[00:00:02] [worker #15] Bootstrap tree #112, logLikelihood: -657.325262
[00:00:02] [worker #13] Bootstrap tree #110, logLikelihood: -707.144780
[00:00:03] [worker #13] Bootstrap tree #142, logLikelihood: -686.156062
[00:00:03] [worker #7] Bootstrap tree #136, logLikelihood: -702.437407
[00:00:03] [worker #21] Bootstrap tree #150, logLikelihood: -717.996373
[00:00:03] [worker #1] Bootstrap tree #130, logLikelihood: -691.114370
[00:00:03] [worker #9] Bootstrap tree #138, logLikelihood: -695.867367
[00:00:03] [worker #11] Bootstrap tree #140, logLikelihood: -700.129752
[00:00:03] [worker #25] Bootstrap tree #154, logLikelihood: -690.730797
[00:00:03] [worker #4] Bootstrap tree #133, logLikelihood: -707.144786
[00:00:03] [worker #26] Bootstrap tree #155, logLikelihood: -701.796971
[00:00:03] [worker #27] Bootstrap tree #156, logLikelihood: -699.610760
[00:00:03] [worker #3] Bootstrap tree #132, logLikelihood: -695.364069
[00:00:03] [worker #19] Bootstrap tree #148, logLikelihood: -671.755817
[00:00:03] [worker #16] Bootstrap tree #145, logLikelihood: -695.279084
[00:00:03] [worker #10] Bootstrap tree #139, logLikelihood: -727.362284
[00:00:03] [worker #24] Bootstrap tree #153, logLikelihood: -735.659592
[00:00:03] [worker #28] Bootstrap tree #157, logLikelihood: -700.244643
[00:00:03] [worker #12] Bootstrap tree #141, logLikelihood: -711.595069
[00:00:03] [worker #6] Bootstrap tree #135, logLikelihood: -727.388247
[00:00:03] [worker #2] Bootstrap tree #131, logLikelihood: -676.549633
[00:00:03] [worker #8] Bootstrap tree #137, logLikelihood: -692.979585
[[00:00:03] [worker #23] Bootstrap tree #152, logLikelihood: -717.085569
00:00:03] [worker #30] Bootstrap tree #159, logLikelihood: -695.228756
[00:00:03] [worker #31] Bootstrap tree #160, logLikelihood: -710.008871
[00:00:03] [worker #20] Bootstrap tree #149, logLikelihood: -755.511708
[00:00:03[[worker #17] Bootstrap tree #146, logLikelihood: :00:03] [worker #29] Bootstrap tree #158, logLikelihood: -706.923528
[00:00:03[[worker #17] Bootstrap tree #146, logLikelihood: :00:03] [worker #29] Bootstrap tree #158, logLikelihood: -706.923528
-691.488319
[00:00:03] [worker #5] Bootstrap tree #134, logLikelihood: -745.504702
[00:00:03] [worker #15] Bootstrap tree #144, logLikelihood: -692.647867
[00:00:03] [worker #14] Bootstrap tree #143, logLikelihood: -690.603452
[00:00:03] [worker #18] Bootstrap tree #147, logLikelihood: -688.468411
[00:00:03] [worker #0] Bootstrap tree #129, logLikelihood: -707.144786
[00:00:03] [worker #22] Bootstrap tree #151, logLikelihood: -724.943350
[00:00:03] [worker #13] Bootstrap tree #174, logLikelihood: -728.423102
[00:00:03] [worker #9] Bootstrap tree #170, logLikelihood: -666.110726
[00:00:03] [worker #19] Bootstrap tree #180, logLikelihood: -715.604214
[00:00:03] [worker #16] Bootstrap tree #177, logLikelihood: -707.804503
00[:00:03] [worker #21] Bootstrap tree #182, logLikelihood: -696.70125200:00
00[:00:03] 
[00:00:03] [worker #10] Bootstrap tree #171, logLikelihood: -687.669209
[00:00:03] [worker #11] Bootstrap tree #172, logLikelihood: -701.165777
[00:00:03] [worker #26] Bootstrap tree #187, logLikelihood: -716.856005
[00:00:03] [worker #27] Bootstrap tree #188, logLikelihood: -700.525721
[00:00:03] [worker #7] Bootstrap tree #168, logLikelihood: -704.332176
[00:00:03] [worker #1] Bootstrap tree #162, logLikelihood: -694.790503
[00:00:03] [worker #23] Bootstrap tree #184, logLikelihood: -714.893430
[00:00:03] [worker #12] Bootstrap tree #173, logLikelihood: -692.517066
00:00:03] [worker #29] Bootstrap tree #190, logLikelihood: -694.054162
[00:00:03] [worker #30] Bootstrap tree #191, logLikelihood: -707.669756[
-678.693659
[00:00:03] [worker #3] Bootstrap tree #164, logLikelihood: -698.217569
[00:00:03] [worker #6] Bootstrap tree #167, logLikelihood: -724.594564
[00:00:03] [worker #20] Bootstrap tree #181, logLikelihood: -728.018974
[00:00:03] [worker #22] Bootstrap tree #183, logLikelihood: -706.812516
00:00:03] [worker #4] Bootstrap tree #165, logLikelihood: -707.144786
186, logLikelihood: -689.501674
[00:00:03] [worker #17] Bootstrap tree #178, logLikelihood: -694.777215
[00:00:03] [worker #18] Bootstrap tree #179, logLikelihood: -698.084027
[00:00:03] [worker #0] Bootstrap tree #161, logLikelihood: -700.994448
[00:00:03] [worker #2] Bootstrap tree #163, logLikelihood: -711.306987
[00:00:03] [worker #28] Bootstrap tree #189, logLikelihood: -679.982119
[00:00:03] [worker #14] Bootstrap tree #175, logLikelihood: -682.738821
[00:00:03] [worker #5] Bootstrap tree #166, logLikelihood: -673.900106
[00:00:03] [worker #31] Bootstrap tree #192, logLikelihood: -700.732482
[00:00:03] [worker #15] Bootstrap tree #176, logLikelihood: -677.638645
[00:00:04] [worker #21] Bootstrap tree #214, logLikelihood: -727.101999
[00:00:04] [worker #1] Bootstrap tree #194, logLikelihood: -718.407960
[00:00:04] [worker #29] Bootstrap tree #222, logLikelihood: -654.961819
[00:00:04] [worker #2] Bootstrap tree #195, logLikelihood: -695.978343
[00:00:04] [worker #10] Bootstrap tree #203, logLikelihood: -676.797988
[00:00:04] [worker #7] Bootstrap tree #200, logLikelihood: -681.889727
[00:00:04] [worker #3] Bootstrap tree #196, logLikelihood: -673.730509
[00:00:04] [worker #19] Bootstrap tree #212, logLikelihood: -696.910120
[00:00:04] [worker #16] Bootstrap tree #209, logLikelihood: -720.801366
[00:00:04] [worker #11] Bootstrap tree #204, logLikelihood: -705.098653
[00:00:04] [worker #8] Bootstrap tree #201, logLikelihood: -709.478936
[00:00:04] [worker #20] Bootstrap tree #213, logLikelihood: -734.519392
[00:00:04] [worker #9] Bootstrap tree #202, logLikelihood: -692.040281
[00:00:04] [worker #15] Bootstrap tree #208, logLikelihood: -710.051061
[00:00:04] [worker #22] Bootstrap tree #215, logLikelihood: -707.144786
[00:00:04] [worker #23] Bootstrap tree #216, logLikelihood: -707.144786
[00:00:04] [worker #18] Bootstrap tree #211, logLikelihood: -706.519888
[00:00:04] [worker #4] Bootstrap tree #197, logLikelihood: -707.144780
[00:00:04] [worker #6] Bootstrap tree #199, logLikelihood: -662.917301
[00:00:04] [worker #12] Bootstrap tree #205, logLikelihood: -724.604180
[00:00:04] [worker #28] Bootstrap tree #221, logLikelihood: -721.161000
[00:00:04] [worker #31] Bootstrap tree #224, logLikelihood: -707.144786
[00:00:04] [worker #25] Bootstrap tree #218, logLikelihood: -692.074161
[00:00:04] [worker #27] Bootstrap tree #220, logLikelihood: -718.257920
[00:00:04] [worker #5] Bootstrap tree #198, logLikelihood: -707.144786
[00:00:04] [worker #14] Bootstrap tree #207, logLikelihood: -674.570367
[00:00:04] [worker #30] Bootstrap tree #223, logLikelihood: -732.466752
[00:00:04] [worker #17] Bootstrap tree #210, logLikelihood: -698.879022
[00:00:04] [worker #13] Bootstrap tree #206, logLikelihood: -721.402062
[00:00:04] [worker #2] Bootstrap tree #227, logLikelihood: -722.450731
[00:00:04] [worker #24] Bootstrap tree #217, logLikelihood: -712.558166
[00:00:04] [worker #0] Bootstrap tree #193, logLikelihood: -700.818594
[00:00:04] [worker #29] Bootstrap tree #254, logLikelihood: -688.266223
[00:00:04] [worker #26] Bootstrap tree #219, logLikelihood: -675.771143
[00:00:04] [worker #21] Bootstrap tree #246, logLikelihood: -689.818044
[00:00:04] [worker #10] Bootstrap tree #235, logLikelihood: -719.520020
[00:00:04] [worker #1] Bootstrap tree #226, logLikelihood: -708.484318
[00:00:04] [worker #3] Bootstrap tree #228, logLikelihood: -700.120923
[00:00:04] [worker #11] Bootstrap tree #236, logLikelihood: -702.858784
[00:00:04] [worker #18] Bootstrap tree #243, logLikelihood: -754.155672
[00:00:04] [worker #7] Bootstrap tree #232, logLikelihood: -681.407890
[00:00:04] [worker #9] Bootstrap tree #234, logLikelihood: -746.596584
[00:00:04] [worker #6] Bootstrap tree #231, logLikelihood: -707.144786
[00:00:04] [worker #8] Bootstrap tree #233, logLikelihood: -700.440990
[[00:00:04] [worker #12] Bootstrap tree #237, logLikelihood: 00:00:04] [worker #31] Bootstrap tree #256, logLikelihood: -683.405566
[[00:00:04] [worker #12] Bootstrap tree #237, logLikelihood: 00:00:04] [worker #31] Bootstrap tree #256, logLikelihood: -683.405566
-703.908009
[00:00:04] [worker #5] Bootstrap tree #230, logLikelihood: -722.120876
[00:00:04] [worker #22] Bootstrap tree #247, logLikelihood: -711.419204
[00:00:04] [worker #16] Bootstrap tree #241, logLikelihood: -707.144786
[00:00:04] [worker #20] Bootstrap tree #245, logLikelihood: -691.903586
[00:00:04] [worker #14] Bootstrap tree #239, logLikelihood: -682.505403
[00:00:04] [worker #15] Bootstrap tree #240, logLikelihood: -714.935626
[00:00:04] [worker #23] Bootstrap tree #248, logLikelihood: -688.371161
[00:00:04] [worker #30] Bootstrap tree #255, logLikelihood: -693.108961
[00:00:04] [worker #4] Bootstrap tree #229, logLikelihood: -727.097424
[00:00:04] [worker #19] Bootstrap tree #244, logLikelihood: -709.429200
[[00:00:04] [worker #28] Bootstrap tree #253, logLikelihood: -661.347775
00:00:04] [worker #25] Bootstrap tree #250, logLikelihood: -673.043237
[00:00:04] [worker #17] Bootstrap tree #242, logLikelihood: -700.634669
[00:00:04] [worker #24] Bootstrap tree #249, logLikelihood: -726.895088
[00:00:04] [worker #27] Bootstrap tree #252, logLikelihood: -713.002204
[00:00:04] [worker #0] Bootstrap tree #225, logLikelihood: -702.862465
[00:00:04] [worker #13] Bootstrap tree #238, logLikelihood: -699.703194
[00:00:04] [worker #26] Bootstrap tree #251, logLikelihood: -700.084752
[00:00:05] [worker #14] Bootstrap tree #271, logLikelihood: -714.542640
[00:00:05] [worker #11] Bootstrap tree #268, logLikelihood: -691.314769
[00:00:05] [worker #10] Bootstrap tree #267, logLikelihood: -674.971750
[00:00:05] [worker #8] Bootstrap tree #265, logLikelihood: -705.001689
[00:00:05] [worker #12] Bootstrap tree #269, logLikelihood: -722.148049
[00:00:05] [worker #13] Bootstrap tree #270, logLikelihood: -712.394440
[00:00:05] [worker #4] Bootstrap tree #261, logLikelihood: -705.420681
[00:00:05] [worker #6] Bootstrap tree #263, logLikelihood: -693.625031
[00:00:05] [worker #18] Bootstrap tree #275, logLikelihood: -708.184905
[00:00:05] [worker #22] Bootstrap tree #279, logLikelihood: -686.974793
[00:00:05] [worker #24] Bootstrap tree #281, logLikelihood: -692.459643
[00:00:05] [worker #5] Bootstrap tree #262, logLikelihood: -738.064476
[00:00:05] [worker #7] Bootstrap tree #264, logLikelihood: -707.289456
[00:00:05] [worker #28] Bootstrap tree #285, logLikelihood: -705.292175
[00:00:05] [worker #16] Bootstrap tree #273, logLikelihood: -659.087207
[00:00:05] [worker #0] Bootstrap tree #257, logLikelihood: -663.216654
[00:00:05] [worker #20] Bootstrap tree #277, logLikelihood: -684.723047
[00:00:05] [worker #3] Bootstrap tree #260, logLikelihood: -681.342447
[00:00:05] [worker #21] Bootstrap tree #278, logLikelihood: -725.099913
[00:00:05] [worker #17] Bootstrap tree #274, logLikelihood: -692.054716
[00:00:05] [worker #25] Bootstrap tree #282, logLikelihood: -703.154277
[00:00:05] [worker #9] Bootstrap tree #266, logLikelihood: -682.722629
[00:00:05] [worker #31] Bootstrap tree #288, logLikelihood: -687.943074
[00:00:05] [worker #1] Bootstrap tree #258, logLikelihood: -707.726503
[00:00:05] [worker #27] Bootstrap tree #284, logLikelihood: -675.704014
[00:00:05] [worker #23] Bootstrap tree #280, logLikelihood: -679.130823
[00:00:05] [worker #15] Bootstrap tree #272, logLikelihood: -713.082851
[00:00:05] [worker #29] Bootstrap tree #286, logLikelihood: -698.456459
[00:00:05] [worker #19] Bootstrap tree #276, logLikelihood: -707.144786
[00:00:05] [worker #26] Bootstrap tree #283, logLikelihood: -724.331537
[00:00:05] [worker #30] Bootstrap tree #287, logLikelihood: -690.267614
[00:00:05] [worker #2] Bootstrap tree #259, logLikelihood: -688.126521
[00:00:05] [worker #14] Bootstrap tree #303, logLikelihood: -675.670468
[00:00:06] [worker #10] Bootstrap tree #299, logLikelihood: -718.254294
[00:00:06] [worker #8] Bootstrap tree #297, logLikelihood: -719.216900
[00:00:06] [worker #4] Bootstrap tree #293, logLikelihood: -712.797032
[00:00:06] [worker #6] Bootstrap tree #295, logLikelihood: -701.426387
[00:00:06] [worker #12] Bootstrap tree #301, logLikelihood: -703.836376
[00:00:06] [worker #24] Bootstrap tree #313, logLikelihood: -714.923135
[00:00:06] [worker #13] Bootstrap tree #302, logLikelihood: -668.741559
[00:00:06] [worker #22] Bootstrap tree #311, logLikelihood: -691.697223
[00:00:06] [worker #25] Bootstrap tree #314, logLikelihood: -700.135441
[00:00:06] [worker #5] Bootstrap tree #294, logLikelihood: -707.367435
[00:00:06] [worker #11] Bootstrap tree #300, logLikelihood: -715.748187
[00:00:06] [worker #18] Bootstrap tree #307, logLikelihood: -711.986242
[00:00:06] [worker #16] Bootstrap tree #305, logLikelihood: -736.507338
[00:00:06] [worker #2] Bootstrap tree #291, logLikelihood: -677.718016
[00:00:06] [worker #28] Bootstrap tree #317, logLikelihood: -703.051143
[00:00:06] [worker #26] Bootstrap tree #315, logLikelihood: -691.655025
[00:00:06] [worker #7] Bootstrap tree #296, logLikelihood: -683.757783
[00:00:06] [worker #29] Bootstrap tree #318, logLikelihood: -725.080305
[00:00:06] [worker #30] Bootstrap tree #319, logLikelihood: -734.842215
[00:00:06] [worker #27] Bootstrap tree #316, logLikelihood: -688.567836
[00:00:06] [worker #3] Bootstrap tree #292, logLikelihood: -752.980139
[00:00:06] [worker #9] Bootstrap tree #298, logLikelihood: -707.144786
[00:00:06] [worker #23] Bootstrap tree #312, logLikelihood: -702.249541
[00:00:06] [worker #19] Bootstrap tree #308, logLikelihood: -662.718739
[00:00:06] [worker #20] Bootstrap tree #309, logLikelihood: -703.730174
[00:00:06] [worker #17] Bootstrap tree #306, logLikelihood: -703.121902
00:00:06] [worker #1] Bootstrap tree #290, logLikelihood: -709.860817
[00:00:06] [worker #0] Bootstrap tree #289, logLikelihood: -704.011889
[00:00:06] [worker #15] Bootstrap tree #304, logLikelihood: -659.616639
[00:00:06] [worker #21] Bootstrap tree #310, logLikelihood: -680.284594
[00:00:06] [worker #31] Bootstrap tree #320, logLikelihood: -703.351806
[00:00:07] [worker #1] Bootstrap tree #322, logLikelihood: -702.260680
[00:00:07] [worker #25] Bootstrap tree #346, logLikelihood: -702.690857
[00:00:07] [worker #23] Bootstrap tree #344, logLikelihood: -715.155786
[00:00:07] [worker #14] Bootstrap tree #335, logLikelihood: -718.260936
[00:00:07] [worker #5] Bootstrap tree #326, logLikelihood: -707.144786
[00:00:07] [worker #30] Bootstrap tree #351, logLikelihood: -706.118467
[00:00:07] [worker #29] Bootstrap tree #350, logLikelihood: -679.319944
[00:00:07] [worker #28] Bootstrap tree #349, logLikelihood: -749.970931
[00:00:07] [worker #12] Bootstrap tree #333, logLikelihood: -691.826870
[00:00:07] [worker #10] Bootstrap tree #331, logLikelihood: [00:00:07] [worker #21] Bootstrap tree #342, logLikelihood: -723.570504-693.934345

[00:00:07] [worker #10] Bootstrap tree #331, logLikelihood: [00:00:07] [worker #21] Bootstrap tree #342, logLikelihood: -723.570504-693.934345
[00:00:07] [worker #17] Bootstrap tree #338, logLikelihood: -687.771671
[00:00:07] [worker #11] Bootstrap tree #332, logLikelihood: -685.361352
[00:00:07] [worker #22] Bootstrap tree #343, logLikelihood: -705.927085
[00:00:07] [worker #19] Bootstrap tree #340, logLikelihood: -667.467153
[00:00:07] [worker #0] Bootstrap tree #321, logLikelihood: -708.152611
[00:00:07] [worker #18] Bootstrap tree #339, logLikelihood: -686.832399
[00:00:07] [worker #26] Bootstrap tree #347, logLikelihood: -731.606089
[00:00:07] [worker #3] Bootstrap tree #324, logLikelihood: -713.351285
[00:00:07] [worker #24] Bootstrap tree #345, logLikelihood: -706.508926
[00:00:07] [worker #15] Bootstrap tree #336, logLikelihood: -687.942253
[00:00:07] [worker #6] Bootstrap tree #327, logLikelihood: -690.873755
[00:00:07] [worker #20] Bootstrap tree #341, logLikelihood: -691.215299
[00:00:07] [worker #16] Bootstrap tree #337, logLikelihood: -712.840670
[00:00:07] [worker #2] Bootstrap tree #323, logLikelihood: -711.659115
[00:00:07] [worker #9] Bootstrap tree #330, logLikelihood: -696.000415
[00:00:07] [worker #8] Bootstrap tree #329, logLikelihood: -691.887504
[00:00:07] [worker #7] Bootstrap tree #328, logLikelihood: -691.768214
[00:00:07] [worker #27] Bootstrap tree #348, logLikelihood: -693.214764
[00:00:07] [worker #31] Bootstrap tree #352, logLikelihood: -699.633336
[00:00:07] [worker #4] Bootstrap tree #325, logLikelihood: -683.754784
[00:00:07] [worker #13] Bootstrap tree #334, logLikelihood: -691.836926
[00:00:07] [worker #25] Bootstrap tree #378, logLikelihood: -725.706383
[00:00:07] [worker #21] Bootstrap tree #374, logLikelihood: -707.144786
[00:00:07] [worker #5] Bootstrap tree #358, logLikelihood: -711.241413
[00:00:07] [worker #14] Bootstrap tree #367, logLikelihood: -700.928235
[00:00:07] [worker #17] Bootstrap tree #370, logLikelihood: -698.139880
[00:00:07] [worker #15] Bootstrap tree #368, logLikelihood: -669.478091
[00:00:07] [worker #10] Bootstrap tree #363, logLikelihood: -688.674031
[00:00:07] [worker #30] Bootstrap tree #383, logLikelihood: -674.799416
[00:00:07] [worker #28] Bootstrap tree #381, logLikelihood: -671.418286
[00:00:07] [worker #23] Bootstrap tree #376, logLikelihood: -747.927396
[00:00:07] [worker #18] Bootstrap tree #371, logLikelihood: -698.396719
[00:00:07] [worker #12] Bootstrap tree #365, logLikelihood: -727.315286
[00:00:07] [worker #29] Bootstrap tree #382, logLikelihood: -707.144786
[00:00:07] [worker #6] Bootstrap tree #359, logLikelihood: [00:00:685.149621e07] [worker #7] Bootstrap tree #360,[00:00:07] [worker #6] Bootstrap tree #359, logLikelihood: [00:00:685.149621e07] [worker #7] Bootstrap tree #360, logLikelihood: -695.057109
00:00:07] [worker #26] Bootstrap tree #379, logLikelihood: -720.794344
[00:00:07] [worker #9] Bootstrap tree #362, logLikelihood: -740.073523
[00:00:07] [worker #2] Bootstrap tree #355, logLikelihood: -707.144780
[00:00:07] [worker #11] Bootstrap tree #364, logLikelihood: -703.739929
[00:00:07] [worker #0] Bootstrap tree #353, logLikelihood: -724.128079
[00:00:07] [worker #22] Bootstrap tree #375, logLikelihood: -707.001211
[00:00:07] [worker #16] Bootstrap tree #369, logLikelihood: -708.393952
[00:00:07] [worker #27] Bootstrap tree #380, logLikelihood: -711.956309
[00:00:07] [worker #24] Bootstrap tree #377, logLikelihood: -686.355226
[00:00:07] [worker #8] Bootstrap tree #361, logLikelihood: -739.160146
[00:00:07] [worker #31] Bootstrap tree #384, logLikelihood: -705.130961
[00:00:07] [worker #3] Bootstrap tree #356, logLikelihood: -681.031144
[00:00:07] [worker #19] Bootstrap tree #372, logLikelihood: -696.644834
[00:00:07] [worker #1] Bootstrap tree #354, logLikelihood: -699.389750
[00:00:07] [worker #4] Bootstrap tree #357, logLikelihood: -727.487462
[00:00:07] [worker #13] Bootstrap tree #366, logLikelihood: -689.327907
[00:00:07] [worker #20] Bootstrap tree #373, logLikelihood: -732.006616
[00:00:08] [worker #20] Bootstrap tree #405, logLikelihood: -694.689802
[00:00:08] [worker #13] Bootstrap tree #398, logLikelihood: -706.104240
[00:00:08] [worker #7] Bootstrap tree #392, logLikelihood: -672.755412
[00:00:08] [worker #6] Bootstrap tree #391, logLikelihood: -716.128017
[00:00:08] [worker #3] Bootstrap tree #388, logLikelihood: -719.515779
00:00:08] [worker #14] Bootstrap tree #399, logLikelihood: -685.020995
[00:00:08] [worker #10] Bootstrap tree #395, logLikelihood: -689.662238
[00:00:08] [worker #12] Bootstrap tree #397, logLikelihood: -713.171759
[00:00:08] [worker #29] Bootstrap tree #414, logLikelihood: -698.044001
[00:00:08] [worker #26] Bootstrap tree #411, logLikelihood: -693.123629
[00:00:08] [worker #8] Bootstrap tree #393, logLikelihood: -725.808563
[00:00:08] [worker #17] Bootstrap tree #402, logLikelihood: -715.585648
[00:00:08] [worker #2] Bootstrap tree #387, logLikelihood: -679.859739
[00:00:08] [worker #0] Bootstrap tree #385, logLikelihood: -712.097888
[00:00:08] [worker #25] Bootstrap tree #410, logLikelihood: -724.188539
[00:00:08] [worker #15] Bootstrap tree #400, logLikelihood: -745.197762
[00:00:08] [worker #28] Bootstrap tree #413, logLikelihood: -686.812538
[00:00:08] [worker #22] Bootstrap tree #407, logLikelihood: -695.003454
[00:00:08] [worker #24] Bootstrap tree #409, logLikelihood: -716.287236
[00:00:08] [worker #30] Bootstrap tree #415, logLikelihood: -683.047018
[00:00:08] [worker #9] Bootstrap tree #394, logLikelihood: -738.342425
[00:00:08] [worker #18] Bootstrap tree #403, logLikelihood: -700.035177
[00:00:08] [worker #11] Bootstrap tree #396, logLikelihood: -688.214287
[00:00:08] [worker #5] Bootstrap tree #390, logLikelihood: -680.266337
[00:00:08] [worker #16] Bootstrap tree #401, logLikelihood: -710.092325
[00:00:08] [worker #27] Bootstrap tree #412, logLikelihood: -680.855098
[00:00:08] [worker #23] Bootstrap tree #408, logLikelihood: -698.396972
[00:00:08] [worker #19] Bootstrap tree #404, logLikelihood: -686.306606
[00:00:09] [worker #4] Bootstrap tree #389, logLikelihood: -692.610085
[00:00:09] [worker #31] Bootstrap tree #416, logLikelihood: -733.151517
[00:00:09] [worker #1] Bootstrap tree #386, logLikelihood: -679.600226
[00:00:09] [worker #21] Bootstrap tree #406, logLikelihood: -700.710854
[00:00:09] [worker #20] Bootstrap tree #437, logLikelihood: -688.273195
[00:00:09] [worker #7] Bootstrap tree #424, logLikelihood: -701.628958
[00:00:09] [worker #19] Bootstrap tree #436, logLikelihood: -693.078089
[00:00:09] [worker #22] Bootstrap tree #439, logLikelihood: -699.949088
[00:00:09] [worker #3] Bootstrap tree #420, logLikelihood: -719.049009
[00:00:09] [worker #24] Bootstrap tree #441, logLikelihood: -708.920494
[00:00:09] [worker #23] Bootstrap tree #440, logLikelihood: -676.962345
[00:00:09] [worker #13] Bootstrap tree #430, logLikelihood: -703.817371
[00:00:09] [worker #9] Bootstrap tree #426, logLikelihood: -688.957357
[00:00:09] [worker #29] Bootstrap tree #446, logLikelihood: -719.357658
[00:00:09] [worker #6] Bootstrap tree #423, logLikelihood: -684.661718
[00:00:09] [worker #25] Bootstrap tree #442, logLikelihood: -659.535764
[[[00:00:09] [worker #26] Bootstrap tree #443, logLikelihood: 000:00-710.032322::
, logLikelihood: , logLikelihood: -705.895022-699.556784

[00:00:09] [worker #1] Bootstrap tree #418, logLikelihood: -669.898813
[00:00:09] [worker #5] Bootstrap tree #422, logLikelihood: -693.554595
[00:00:09] [worker #12] Bootstrap tree #429, logLikelihood: -700.574402
[00:00:09] [worker #2] Bootstrap tree #419, logLikelihood: -695.557556
[00:00:09] [worker #15] Bootstrap tree #432, logLikelihood: -731.335278
[00:00:09] [worker #14] Bootstrap tree #431, logLikelihood: -718.884927
[00:00:09] [worker #28] Bootstrap tree #445, logLikelihood: -678.209476
[00:00:09] [worker #27] Bootstrap tree #444, logLikelihood: -699.965397
[00:00:09] [worker #17] Bootstrap tree #434, logLikelihood: -682.665208
[00:00:09] [worker #11] Bootstrap tree #428, logLikelihood: -696.336507
[00:00:09] [worker #16] Bootstrap tree #433, logLikelihood: -716.742700
[00:00:09] [worker #4] Bootstrap tree #421, logLikelihood: -714.550836
[00:00:09] [worker #21] Bootstrap tree #438, logLikelihood: -666.378963
[00:00:09] [worker #18] Bootstrap tree #435, logLikelihood: -677.366386
[00:00:09] [worker #0] Bootstrap tree #417, logLikelihood: -730.739767
[00:00:09] [worker #30] Bootstrap tree #447, logLikelihood: -700.906140
[00:00:09] [worker #31] Bootstrap tree #448, logLikelihood: -713.251355
[00:00:10] [worker #20] Bootstrap tree #469, logLikelihood: -720.307022
[00:00:10] [worker #13] Bootstrap tree #462, logLikelihood: -686.523967
[00:00:10] [worker #2] Bootstrap tree #451, logLikelihood: -694.081773
[00:00:10] [worker #7] Bootstrap tree #456, logLikelihood: -703.218078
[00:00:10] [worker #29] Bootstrap tree #478, logLikelihood: -723.431060
[00:00:10] [worker #9] Bootstrap tree #458, logLikelihood: -675.012351
[00:00:10] [worker #30] Bootstrap tree #479, logLikelihood: -707.144786
[00:00:10] [worker #5] Bootstrap tree #454, logLikelihood: -707.656948
[00:00:10] [worker #12] Bootstrap tree #461, logLikelihood: -674.607464
[00:00:10] [worker #11] Bootstrap tree #460, logLikelihood: -698.598954
[00:00:10] [worker #15] Bootstrap tree #464, logLikelihood: -719.172063
[00:00:10] [worker #24] Bootstrap tree #473, logLikelihood: -713.754475
[00:00:10] [worker #19] Bootstrap tree #468, logLikelihood: -722.785461
[00:00:10] [worker #28] Bootstrap tree #477, logLikelihood: -707.144786
[00:00:10] [worker #22] Bootstrap tree #471, logLikelihood: -710.453886
[00:00:10] [worker #25] Bootstrap tree #474, logLikelihood: -713.960821
[00:00:10] [worker #3] Bootstrap tree #452, logLikelihood: -732.995275
[[00:00:10] [worker #31] Bootstrap tree #480, logLikelihood: 00:00:10] [worker #17] Bootstrap tree #466, logLikelihood: -707.144786
[[00:00:10] [worker #31] Bootstrap tree #480, logLikelihood: 00:00:10] [worker #17] Bootstrap tree #466, logLikelihood: -707.144786
-675.421470
[00:00:10] [worker #4] Bootstrap tree #453, logLikelihood: -725.498401
[00:00:10] [worker #26] Bootstrap tree #475, logLikelihood: -714.367136
[00:00:10] [worker #21] Bootstrap tree #470, logLikelihood: -724.616814
[00:00:10] [worker #16] Bootstrap tree #465, logLikelihood: -684.410258
[00:00:10] [worker #10] Bootstrap tree #459, logLikelihood: -714.415603
[00:00:10] [worker #23] Bootstrap tree #472, logLikelihood: -693.951374
[00:00:10] [worker #18] Bootstrap tree #467, logLikelihood: -650.392575
[00:00:10] [worker #6] Bootstrap tree #455, logLikelihood: -722.971138
[00:00:10] [worker #0] Bootstrap tree #449, logLikelihood: -690.465438
[00:00:10] [worker #14] Bootstrap tree #463, logLikelihood: -718.568419
[00:00:10] [worker #1] Bootstrap tree #450, logLikelihood: -688.624536
[00:00:10] [worker #8] Bootstrap tree #457, logLikelihood: -707.144786
[00:00:11] [worker #27] Bootstrap tree #476, logLikelihood: -651.524093
[00:00:11] [worker #20] Bootstrap tree #501, logLikelihood: -730.173855
[00:00:11] [worker #2] Bootstrap tree #483, logLikelihood: -698.389697
[00:00:11] [worker #13] Bootstrap tree #494, logLikelihood: -707.144786
[00:00:11] [worker #5] Bootstrap tree #486, logLikelihood: -711.097129
[00:00:11] [worker #22] Bootstrap tree #503, logLikelihood: -656.037386
[00:00:11] [worker #25] Bootstrap tree #506, logLikelihood: -658.337423
[00:00:11] [worker #24] Bootstrap tree #505, logLikelihood: -701.590647
[00:00:11] [worker #7] Bootstrap tree #488, logLikelihood: -688.668617
[00:00:11] [worker #28] Bootstrap tree #509, logLikelihood: -730.561556
[00:00:11] [worker #30] Bootstrap tree #511, logLikelihood: -656.998949
[00:00:11] [worker #8] Bootstrap tree #489, logLikelihood: -694.322976
[00:00:11] [worker #3] Bootstrap tree #484, logLikelihood: -706.680536
[00:00:11] [worker #18] Bootstrap tree #499, logLikelihood: -686.119490
[00:00:11] [worker #19] Bootstrap tree #500, logLikelihood: [00-720.72895900:11] 

00:00:11] [worker #15] Bootstrap tree #496, logLikelihood: -712.195246
[00:00:11] [worker #29] Bootstrap tree #510, logLikelihood: -696.631598
[00:00:11] [worker #9] Bootstrap tree #490, logLikelihood: -707.144786
[00:00:11] [worker #12] Bootstrap tree #493, logLikelihood: -702.486758
[00:00:11] [worker #1] Bootstrap tree #482, logLikelihood: -678.654347
[00:00:11] [worker #31] Bootstrap tree #512, logLikelihood: -698.384337
[00:00:11] [worker #26] Bootstrap tree #507, logLikelihood: -712.373285
[00:00:11] [worker #23] Bootstrap tree #504, logLikelihood: -696.169912
[00:00:11] [worker #4] Bootstrap tree #485, logLikelihood: -707.458631
[00:00:11] [worker #27] Bootstrap tree #508, logLikelihood: -695.066660
[00:00:11] [worker #17] Bootstrap tree #498, logLikelihood: -707.144786
[00:00:11] [worker #16] Bootstrap tree #497, logLikelihood: -693.822404
[00:00:11] [worker #0] Bootstrap tree #481, logLikelihood: -701.475865
[00:00:11] [worker #21] Bootstrap tree #502, logLikelihood: -701.373998
[00:00:11] [worker #6] Bootstrap tree #487, logLikelihood: -693.935237
[00:00:11] [worker #10] Bootstrap tree #491, logLikelihood: -766.494322
[00:00:11] [worker #14] Bootstrap tree #495, logLikelihood: -695.554627
[00:00:12] [worker #17] Bootstrap tree #530, logLikelihood: -674.483468
[00:00:12] [worker #29] Bootstrap tree #542, logLikelihood: -712.727710
[00:00:12] [worker #12] Bootstrap tree #525, logLikelihood: -699.767056
[00:00:12] [worker #23] Bootstrap tree #536, logLikelihood: -670.179847
[00:00:12] [worker #21] Bootstrap tree #534, logLikelihood: -714.806621
[00:00:12] [worker #19] Bootstrap tree #532, logLikelihood: -668.300508
[[00:00:12] [worker #1] Bootstrap tree #514, logLikelihood: 00:00:12] -708.446916[worker #22] Bootstrap tree #535, logLikelihood: 
[[00:00:12] [worker #1] Bootstrap tree #514, logLikelihood: 00:00:12] -708.446916[worker #22] Bootstrap tree #535, logLikelihood: 
-740.272908
[00:00:12] [worker #18] Bootstrap tree #531, logLikelihood: -723.537726
[00:00:12] [worker #0] Bootstrap tree #513, logLikelihood: -704.975851
[00:00:12] [worker #8] Bootstrap tree #521, logLikelihood: -688.794114
[00:00:12] [worker #13] Bootstrap tree #526, logLikelihood: -690.472453
[00:00:12] [worker #24] Bootstrap tree #537, logLikelihood: -723.584373
[00:00:12] [worker #27] Bootstrap tree #540, logLikelihood: -696.702150
[00:00:12] [worker #7] Bootstrap tree #520, logLikelihood: -713.588272
[00:00:12] [worker #2] Bootstrap tree #515, logLikelihood: -736.791105
[00:00:12] [worker #4] Bootstrap tree #517, logLikelihood: -678.978900
[00:00:12] [worker #14] Bootstrap tree #527, logLikelihood: -669.815150
[00:00:12] [worker #10] Bootstrap tree #523, logLikelihood: -725.086986
[00:00:12] [worker #15] Bootstrap tree #528, logLikelihood: -704.547464
[00:00:12] [worker #25] Bootstrap tree #538, logLikelihood: -683.150888
[00:00:12] [worker #28] Bootstrap tree #541, logLikelihood: -681.310385
[00:00:12] [worker #3] Bootstrap tree #516, logLikelihood: -702.587678
[00:00:12] [worker #5] Bootstrap tree #518, logLikelihood: -731.138306
[00:00:12] [worker #9] Bootstrap tree #522, logLikelihood: -701.745095
[00:00:12] [worker #16] Bootstrap tree #529, logLikelihood: -695.857462
[00:00:12] [worker #6] Bootstrap tree #519, logLikelihood: -701.003682
[00:00:12] [worker #20] Bootstrap tree #533, logLikelihood: -724.117472
[00:00:12] [worker #30] Bootstrap tree #543, logLikelihood: -709.891216
[00:00:12] [worker #11] Bootstrap tree #524, logLikelihood: -707.144786
[00:00:13] [worker #26] Bootstrap tree #539, logLikelihood: -733.477509
[00:00:13] [worker #31] Bootstrap tree #544, logLikelihood: -713.994603
[00:00:13] [worker #17] Bootstrap tree #562, logLikelihood: -690.395591
[00:00:13] [worker #28] Bootstrap tree #573, logLikelihood: -692.540179
[00:00:13] [worker #19] Bootstrap tree #564, logLikelihood: -699.452710
[00:00:13] [worker #25] Bootstrap tree #570, logLikelihood: -730.191185
[00:00:13] [worker #22] Bootstrap tree #567, logLikelihood: -707.144786
[00:00:13] [worker #29] Bootstrap tree #574, logLikelihood: -718.515808
[00:00:13] [worker #0] Bootstrap tree #545, logLikelihood: -682.400511
[00:00:13] [worker #12] Bootstrap tree #557, logLikelihood: -687.878184
[00:00:13] [worker #23] Bootstrap tree #568, logLikelihood: -718.757943
[00:00:13] [worker #15] Bootstrap tree #560, logLikelihood: -701.374108
[00:00:13] [worker #18] Bootstrap tree #563, logLikelihood: -719.181525
[00:00:13] [worker #24] Bootstrap tree #569, logLikelihood: -692.205241
[00:00:13] [worker #1] Bootstrap tree #546, logLikelihood: -715.987194
[00:00:13] [worker #4] Bootstrap tree #549, logLikelihood: -719.210245
[00:00:13] [worker #8] Bootstrap tree #553, logLikelihood: -676.419950
[00:00:13] [worker #2] Bootstrap tree #547, logLikelihood: -703.971619
[00:00:13] [worker #27] Bootstrap tree #572, logLikelihood: -697.091289
[00:00:13] [worker #10] Bootstrap tree #555, logLikelihood: -678.881442
[00:00:13] [worker #14] Bootstrap tree #559, logLikelihood: -704.259649
[00:00:13] [worker #16] Bootstrap tree #561, logLikelihood: -712.621478
[00:00:13] [worker #13] Bootstrap tree #558, logLikelihood: -693.040168
[00:00:13] [worker #7] Bootstrap tree #552, logLikelihood: -741.396173
[00:00:13] [worker #20] Bootstrap tree #565, logLikelihood: -712.384166
[00:00:13] [worker #21] Bootstrap tree #566, logLikelihood: -739.061994
[00:00:13] [worker #5] Bootstrap tree #550, logLikelihood: -706.534870
[00:00:13] [worker #3] Bootstrap tree #548, logLikelihood: -687.414912
[00:00:13] [worker #30] Bootstrap tree #575, logLikelihood: -680.749001
[00:00:13] [worker #6] Bootstrap tree #551, logLikelihood: -704.187554
[00:00:13] [worker #31] Bootstrap tree #576, logLikelihood: -686.241110
[00:00:13] [worker #11] Bootstrap tree #556, logLikelihood: -663.489849
[00:00:13] [worker #26] Bootstrap tree #571, logLikelihood: -681.736049
[00:00:13] [worker #9] Bootstrap tree #554, logLikelihood: -701.574196
[00:00:15] [worker #2] Bootstrap tree #579, logLikelihood: -712.029768
[00:00:15] [worker #5] Bootstrap tree #582, logLikelihood: -713.933609
[00:00:15] [worker #18] Bootstrap tree #595, logLikelihood: -689.615245
[00:00:15] [worker #4] Bootstrap tree #581, logLikelihood: -713.254841
[00:00:15] [worker #30] Bootstrap tree #607, logLikelihood: -697.053825
[00:00:15] [worker #6] Bootstrap tree #583, logLikelihood: -709.103065
[00:00:15] [worker #31] Bootstrap tree #608, logLikelihood: -679.720167
[00:00:15] [worker #9] Bootstrap tree #586, logLikelihood: -718.481445
[[00:00:15] [worker #15] Bootstrap tree #592, logLikelihood: -689.705280
00:00:15] [worker #25] Bootstrap tree #602, logLikelihood: -704.782754
[00:00:15] [worker #26] Bootstrap tree #603, logLikelihood: -707.144780
[[00:00:15] [worker #26] Bootstrap tree #603, logLikelihood: -707.144780
[00:00:15] [worker #13] Bootstrap tree #590, logLikelihood: -662.494149
[00:00:15] [worker #23] Bootstrap tree #600, logLikelihood: -692.500900
:[00:00:15] [worker #3] Bootstrap tree #580, logLikelihood: -696.215197
15] [worker #22] Bootstrap tree #599, logLikelihood: -737.214179
[00:00:15] [worker #17] Bootstrap tree #594, logLikelihood: -706.417326
[00:00:15] [worker #16] Bootstrap tree #593, logLikelihood: -706.892229
[00:00:15] [worker #27] Bootstrap tree #604, logLikelihood: -695.433663
[00:00:15] [worker #11] Bootstrap tree #588, logLikelihood: -692.647335
00:00:15] [worker #21] Bootstrap tree #598, logLikelihood: -703.239593
[00:00:15] [worker #12] Bootstrap tree #589, logLikelihood: -727.766987
[00:00:15] [worker #8] Bootstrap tree #585, logLikelihood: -730.087103
[00:00:15] [worker #29] Bootstrap tree #606, logLikelihood: -689.742009
[00:00:15] [worker #24] Bootstrap tree #601, logLikelihood: -692.167001
[00:00:15] [worker #14] Bootstrap tree #591, logLikelihood: -708.734090
[00:00:15] [worker #28] Bootstrap tree #605, logLikelihood: -692.558673
[00:00:15] [worker #0] Bootstrap tree #577, logLikelihood: -687.649265
[00:00:15] [worker #20] Bootstrap tree #597, logLikelihood: -700.921332
[00:00:15] [worker #7] Bootstrap tree #584, logLikelihood: -726.708884
[00:00:15] [worker #4] Bootstrap tree #613, logLikelihood: -683.536391
[00:00:15] [worker #5] Bootstrap tree #614, logLikelihood: -696.019554
[00:00:15] [worker #1] Bootstrap tree #578, logLikelihood: -680.944655
[00:00:15] [worker #2] Bootstrap tree #611, logLikelihood: -709.305680
[00:00:15] [worker #17] Bootstrap tree #626, logLikelihood: -688.221165
[00:00:15] [worker #10] Bootstrap tree #587, logLikelihood: -703.400589
[00:00:15] [worker #3] Bootstrap tree #612, logLikelihood: -679.102648
[00:00:15] [worker #19] Bootstrap tree #596, logLikelihood: -752.794311
[00:00:15] [worker #6] Bootstrap tree #615, logLikelihood: -694.060400
[00:00:15] [worker #26] Bootstrap tree #635, logLikelihood: -672.951119
[00:00:15] [worker #18] Bootstrap tree #627, logLikelihood: -704.843977
[00:00:15] [worker #29] Bootstrap tree #638, logLikelihood: -697.571375
[00:00:15] [worker #13] Bootstrap tree #622, logLikelihood: -719.006338
[00:00:15] [worker #11] Bootstrap tree #620, logLikelihood: -702.527928
[00:00:15] [worker #15] Bootstrap tree #624, logLikelihood: -704.638857
[00:00:15] [worker #28] Bootstrap tree #637, logLikelihood: -717.128411
[00:00:15] [worker #9] Bootstrap tree #618, logLikelihood: -690.228878
[00:00:15] [worker #25] Bootstrap tree #634, logLikelihood: -688.402768
[00:00:15] [worker #22] Bootstrap tree #631, logLikelihood: -718.389329
[00:00:15] [worker #1] Bootstrap tree #610, logLikelihood: -684.964108
[00:00:15] [worker #8] Bootstrap tree #617, logLikelihood: -715.390538
[00:00:15] [worker #27] Bootstrap tree #636, logLikelihood: -678.920107
[00:00:15] [worker #31] Bootstrap tree #640, logLikelihood: -711.400709
[00:00:15] [worker #24] Bootstrap tree #633, logLikelihood: -689.732063
[00:00:15] [worker #7] Bootstrap tree #616, logLikelihood: -697.756169
[00:00:15] [worker #0] Bootstrap tree #609, logLikelihood: -703.180775
[00:00:15] [worker #14] Bootstrap tree #623, logLikelihood: -702.777914
[00:00:15] [worker #23] Bootstrap tree #632, logLikelihood: -703.325660
[00:00:15] [worker #30] Bootstrap tree #639, logLikelihood: -684.730394
[00:00:15] [worker #20] Bootstrap tree #629, logLikelihood: -678.319703
[00:00:15] [worker #16] Bootstrap tree #625, logLikelihood: -709.091040
[00:00:15] [worker #21] Bootstrap tree #630, logLikelihood: -707.144786
[00:00:15] [worker #12] Bootstrap tree #621, logLikelihood: -724.086278
[00:00:15] [worker #10] Bootstrap tree #619, logLikelihood: -695.437108
[00:00:15] [worker #19] Bootstrap tree #628, logLikelihood: -723.398284
[00:00:17] [worker #16] Bootstrap tree #657, logLikelihood: -710.312639
[00:00:17] [worker #20] Bootstrap tree #661, logLikelihood: -724.956902
[00:00:17] [worker #10] Bootstrap tree #651, logLikelihood: -712.214648
[00:00:17] [worker #23] Bootstrap tree #664, logLikelihood: [00:00:17] [worker #4] -686.093257Bootstrap tree #645, logLikelihood: 
[worker #22] Bootstrap tree #trap tree #664, logLikelihood: [00:00:17] [worker #4] -686.093257Bootstrap tree #645, logLikelihood: 
[-720.69509300
[663, logLikelihood: -695.851473
00:00:17] [worker #5] Bootstrap tree #646, logLikelihood: -696.834528
[00:00:17] [worker #28] Bootstrap tree #669, logLikelihood: -681.392774
[00:00:17] [worker #8] Bootstrap tree #649, logLikelihood: -722.969752
[00:00:17] [worker #1] Bootstrap tree #642, logLikelihood: -697.551478
[00:00:17] [worker #11] Bootstrap tree #652, logLikelihood: -678.593129
[00:00:17] [worker #18] Bootstrap tree #659, logLikelihood: -685.876515
[00:00:17] [worker #24] Bootstrap tree #665, logLikelihood: -669.095361
-720.920231
[00:00:17] [worker #3] Bootstrap tree #644, logLikelihood: -714.141841
[00:00:17] [worker #15] Bootstrap tree #656, logLikelihood: -691.323859
[00:00:17] [worker #2] Bootstrap tree #643, logLikelihood: -690.304566
[00:00:17] [worker #27] Bootstrap tree #668, logLikelihood: -712.312386
[00:00:17] [worker #26] Bootstrap tree #667, logLikelihood: -717.850475
[00:00:17] [worker #12] Bootstrap tree #653, logLikelihood: -707.144786
[00:00:17] [worker #25] Bootstrap tree #666, logLikelihood: -688.072814
[00:00:17] [worker #6] Bootstrap tree #647, logLikelihood: -677.090116
[00:00:17] [worker #19] Bootstrap tree #660, logLikelihood: -692.304487
[00:00:17] [worker #31] Bootstrap tree #672, logLikelihood: -700.260891
[00:00:17] [worker #7] Bootstrap tree #648, logLikelihood: -689.490761
[00:00:17] [worker #17] Bootstrap tree #658, logLikelihood: -691.202543
[00:00:17] [worker #29] Bootstrap tree #670, logLikelihood: -690.309804
[00:00:17] [worker #0] Bootstrap tree #641, logLikelihood: -699.963132
[00:00:17] [worker #14] Bootstrap tree #655, logLikelihood: -714.742516
[00:00:17] [worker #13] Bootstrap tree #654, logLikelihood: -696.146257
[00:00:17] [worker #9] Bootstrap tree #650, logLikelihood: -720.697346
[00:00:17] [worker #21] Bootstrap tree #662, logLikelihood: -697.287629
[00:00:17] [worker #10] Bootstrap tree #683, logLikelihood: -710.191693
[00:00:17] [worker #18] Bootstrap tree #691, logLikelihood: -722.121497
[00:00:17] [worker #24] Bootstrap tree #697, logLikelihood: -691.155258
[00:00:17] [worker #3] Bootstrap tree #676, logLikelihood: -704.269996
[00:00:17] [worker #22] Bootstrap tree #695, logLikelihood: -738.192929
[00:00:17] [worker #23] Bootstrap tree #696, logLikelihood: -695.155219
[00:00:17] [worker #20] Bootstrap tree #693, logLikelihood: -700.551262
[00:00:17] [worker #16] Bootstrap tree #689, logLikelihood: -707.763210
[00:00:18] [worker #26] Bootstrap tree #699, logLikelihood: -687.603798
[00:00:18] [worker #8] Bootstrap tree #681, logLikelihood: -690.228938
[00:00:18] [worker #14] Bootstrap tree #687, logLikelihood: -699.865159
[00:00:18] [worker #9] Bootstrap tree #682, logLikelihood: -672.527333
-715.188982
[00:00:18] [worker #6] Bootstrap tree #679, logLikelihood: -684.117587
[00:00:18] [worker #2] Bootstrap tree #675, logLikelihood: -704.511431
[00:00:18] [worker #29] Bootstrap tree #702, logLikelihood: -697.111331
[00:00:18] [worker #4] Bootstrap tree #677, logLikelihood: -694.050521
[00:00:18] [worker #25] Bootstrap tree #698, logLikelihood: -684.280736
[00:00:18] [worker #1] Bootstrap tree #674, logLikelihood: -703.340423
[00:00:18] [worker #27] Bootstrap tree #700, logLikelihood: -694.224730
[00:00:18] [worker #28] Bootstrap tree #701, logLikelihood: -707.144780
[00:00:18] [worker #30] Bootstrap tree #703, logLikelihood: -726.876911
[00:00:18] [worker #5] Bootstrap tree #678, logLikelihood: -707.144786
[00:00:18] [worker #15] Bootstrap tree #688, logLikelihood: -690.013967
[00:00:18] [worker #31] Bootstrap tree #704, logLikelihood: -722.892747
[00:00:18] [worker #12] Bootstrap tree #685, logLikelihood: -712.757086
[00:00:18] [worker #17] Bootstrap tree #690, logLikelihood: -669.616341
[00:00:18] [worker #7] Bootstrap tree #680, logLikelihood: -712.853057
[00:00:18] [worker #13] Bootstrap tree #686, logLikelihood: -680.041734
[00:00:18] [worker #0] Bootstrap tree #673, logLikelihood: -698.460559
[00:00:18] [worker #19] Bootstrap tree #692, logLikelihood: -686.100533
[00:00:18] [worker #21] Bootstrap tree #694, logLikelihood: -726.889166
[00:00:20] [worker #31] Bootstrap tree #736, logLikelihood: -714.879246
[00:00:20] [worker #9] Bootstrap tree #714, logLikelihood: -677.949039
[00:00:20] [worker #4] Bootstrap tree #709, logLikelihood: -714.544755
[00:00:20] [worker #27] Bootstrap tree #732, logLikelihood: -725.509645
[00:00:20] [worker #12] Bootstrap tree #717, logLikelihood: -683.698779
[00:00:20] [worker #28] Bootstrap tree #733, logLikelihood: -678.037732
[00:00:20] [worker #19] Bootstrap tree #724, logLikelihood: -685.078609
[00:00:20] [worker #10] Bootstrap tree #715, logLikelihood: -652.348631
[00:00:20] [worker #15] Bootstrap tree #720, logLikelihood: -670.969377
[00:00:20] [worker #26] Bootstrap tree #731, logLikelihood: -672.206741
[00:00:20] [worker #16] Bootstrap tree #721, logLikelihood: -688.020255
[00:00:20] [worker #5] Bootstrap tree #710, logLikelihood: -690.815083
-666.184154
[00:00:20] [worker #8] Bootstrap tree #713, logLikelihood: -707.534844
[00:00:20] [worker #7] Bootstrap tree #712, logLikelihood: -659.944868
[00:00:20] [worker #29] Bootstrap tree #734, logLikelihood: -666.985473
[00:00:20] [worker #13] Bootstrap tree #718, logLikelihood: -720.154460
[00:00:20] [worker #2] Bootstrap tree #707, logLikelihood: -724.218787
[00:00:20] [worker #22] Bootstrap tree #727, logLikelihood: -732.983884
[00:00:20] [worker #11] Bootstrap tree #716, logLikelihood: -715.834303
[00:00:20] [worker #21] Bootstrap tree #726, logLikelihood: -665.455074
[00:00:20] [worker #25] Bootstrap tree #730, logLikelihood: -715.539285
[00:00:20] [worker #1] Bootstrap tree #706, logLikelihood: -707.946896
[00:00:20] [worker #30] Bootstrap tree #735, logLikelihood: -707.009638
[00:00:20] [worker #6] Bootstrap tree #711, logLikelihood: -691.186881
[00:00:20] [worker #18] Bootstrap tree #723, logLikelihood: -682.459759
[00:00:20] [worker #23] Bootstrap tree #728, logLikelihood: -677.625504
[00:00:20] [worker #3] Bootstrap tree #708, logLikelihood: -728.318918
[00:00:20] [worker #20] Bootstrap tree #725, logLikelihood: -723.401711
[00:00:20] [worker #31] Bootstrap tree #768, logLikelihood: -687.349036
[00:00:20] [worker #24] Bootstrap tree #729, logLikelihood: -691.889577
[00:00:20] [worker #14] Bootstrap tree #719, logLikelihood: -720.988034
[00:00:20] [worker #0] Bootstrap tree #705, logLikelihood: -739.498338
[00:00:20] [worker #9] Bootstrap tree #746, logLikelihood: -681.932387
[00:00:20] [worker #19] Bootstrap tree #756, logLikelihood: -705.952221
[00:00:20] [worker #4] Bootstrap tree #741, logLikelihood: -696.610758
[00:00:20] [worker #28] Bootstrap tree #765, logLikelihood: -724.447400
[00:00:20] [worker #29] Bootstrap tree #766, logLikelihood: -694.138015
[00:00:20] [worker #17] Bootstrap tree #754, logLikelihood: -696.994335
[00:00:20] [worker #7] Bootstrap tree #744, logLikelihood: -708.079465
[00:00:20] [worker #26] Bootstrap tree #763, logLikelihood: -709.558384
[00:00:20] [worker #27] Bootstrap tree #764, logLikelihood: -698.204320
[00:00:20] [worker #8] Bootstrap tree #745, logLikelihood: -694.918816
[00:00:20] [worker #15] Bootstrap tree #752, logLikelihood: -715.579396
[00:00:20] [worker #10] Bootstrap tree #747, logLikelihood: -701.544409
[00:00:20] [worker #12] Bootstrap tree #749, logLikelihood: -668.110406
[00:00:20] [worker #22] Bootstrap tree #759, logLikelihood: -712.366017
[00:00:20] [worker #21] Bootstrap tree #758, logLikelihood: -708.600406
[00:00:20] [worker #16] Bootstrap tree #753, logLikelihood: -698.246811
[00:00:20] [worker #23] Bootstrap tree #760, logLikelihood: -721.929373
[00:00:20] [worker #30] Bootstrap tree #767, logLikelihood: -745.269648
[00:00:20] [worker #13] Bootstrap tree #750, logLikelihood: -727.602520
[00:00:20] [worker #5] Bootstrap tree #742, logLikelihood: -679.527521
[worker #20] Bootstrap tree #757, logLikelihood: -697.457989
[00:00:20] [worker #24] Bootstrap tree #761, logLikelihood: -696.561009
[00:00:20] [worker #18] Bootstrap tree #755, logLikelihood: -692.871673
[00:00:20] [worker #2] Bootstrap tree #739, logLikelihood: -699.394754
[00:00:20] [worker #1] Bootstrap tree #738, logLikelihood: -715.569586
[00:00:20] [worker #25] Bootstrap tree #762, logLikelihood: -700.251942
[00:00:20] [worker #3] Bootstrap tree #740, logLikelihood: -705.361359
[00:00:20] [worker #14] Bootstrap tree #751, logLikelihood: -702.867551
[00:00:21] [worker #0] Bootstrap tree #737, logLikelihood: -696.549898
[00:00:21] [worker #11] Bootstrap tree #748, logLikelihood: -680.428342
[00:00:21] [worker #6] Bootstrap tree #743, logLikelihood: -689.719058
[00:00:23] [worker #6] Bootstrap tree #775, logLikelihood: [-730.739889
[00:00:23] [worker #6] Bootstrap tree #775, logLikelihood: [-730.739889
00:00:23] [worker #26] Bootstrap tree #795, logLikelihood: -681.179464
[00:00:23] [worker #18] Bootstrap tree #787, logLikelihood: -692.423043
[00:00:23] [worker #16] Bootstrap tree #785, logLikelihood: -707.127253
[00:00:23] [worker #13] Bootstrap tree #782, logLikelihood: -722.262759
[00:00:23] [worker #2] Bootstrap tree #771, logLikelihood: -669.123589
[00:00:23] [worker #27] Bootstrap tree #796, logLikelihood: -704.069595
[00:00:23] [worker #7] Bootstrap tree #776, logLikelihood: -684.779598
[00:00:23] [worker #14] Bootstrap tree #783, logLikelihood: -735.703772
[00:00:23] [worker #15] Bootstrap tree #784, logLikelihood: -645.672249
[00:00:23] [worker #4] Bootstrap tree #773, logLikelihood: -671.560657
[00:00:23] [worker #24] Bootstrap tree #793, logLikelihood: -715.760979
[00:00:23] [worker #28] Bootstrap tree #797, logLikelihood: -698.783325
[00:00:23] [worker #23] Bootstrap tree #792, logLikelihood: -689.137207
[00:00:23] [worker #10] Bootstrap tree #779, logLikelihood: -710.322948
[00:00:23] [worker #19] Bootstrap tree #788, logLikelihood: -710.238401
[00:00:23] [worker #22] Bootstrap tree #791, logLikelihood: -723.809883
[00:00:23] [worker #21] Bootstrap tree #790, logLikelihood: -673.539482
[00:00:23] [worker #12] Bootstrap tree #781, logLikelihood: -711.124012
[00:00:23] [worker #5] Bootstrap tree #774, logLikelihood: -675.465287
[00:00:23] [worker #3] Bootstrap tree #772, logLikelihood: -727.643037
[00:00:23] [worker #29] Bootstrap tree #798, logLikelihood: -704.068510
[00:00:23] [worker #20] Bootstrap tree #789, logLikelihood: -680.436596
[00:00:23] [worker #11] Bootstrap tree #780, logLikelihood: -696.665136
[00:00:23] [worker #25] Bootstrap tree #794, logLikelihood: -687.923340
[00:00:23] [worker #31] Bootstrap tree #800, logLikelihood: -694.207460
00:00:23] [worker #1] Bootstrap tree #770, logLikelihood: -664.621929
[00:00:23] [worker #30] Bootstrap tree #799, logLikelihood: -674.008978
[00:00:23] [worker #17] Bootstrap tree #786, logLikelihood: -730.672553
[00:00:23] [worker #9] Bootstrap tree #778, logLikelihood: -686.389546
[00:00:23] [worker #28] Bootstrap tree #829, logLikelihood: -706.859374
[00:00:23] [worker #6] Bootstrap tree #807, logLikelihood: -678.958266
[00:00:23] [worker #0] Bootstrap tree #769, logLikelihood: -730.274755
[00:00:23] [worker #14] Bootstrap tree #815, logLikelihood: -707.144786
[00:00:23] [worker #10] Bootstrap tree #811, logLikelihood: -701.041191
[00:00:23] [worker #13] Bootstrap tree #814, logLikelihood: -722.428014
[00:00:23] [worker #26] Bootstrap tree #827, logLikelihood: -665.803343
[00:00:23] [worker #8] Bootstrap tree #777, logLikelihood: -744.576464
[00:00:23] [worker #23] Bootstrap tree #824, logLikelihood: -733.601971
[00:00:23] [worker #27] Bootstrap tree #828, logLikelihood: -701.291877
[00:00:23] [worker #16] Bootstrap tree #817, logLikelihood: -689.408721
[00:00:23] [worker #3] Bootstrap tree #804, logLikelihood: -668.055083
[00:00:23] [worker #1] Bootstrap tree #802, logLikelihood: -693.438060
[00:00:23] [worker #24] Bootstrap tree #825, logLikelihood: -720.646646
[00:00:23] [worker #4] Bootstrap tree #805, logLikelihood: -689.436899
[00:00:23] [worker #7] Bootstrap tree #808, logLikelihood: -714.314744
[00:00:23] [worker #31] Bootstrap tree #832, logLikelihood: -722.276989
[00:00:23] [worker #5] Bootstrap tree #806, logLikelihood: -707.144786
[00:00:23] [worker #30] Bootstrap tree #831, logLikelihood: -701.896060
[00:00:23] [worker #2] Bootstrap tree #803, logLikelihood: -709.873175
[[00:00:23] [worker #19] Bootstrap tree #820, logLikelihood: -669.533592
00:00:23] [worker #15] Bootstrap tree #816, logLikelihood: -709.002222
[00:00:23] [worker #17] Bootstrap tree #818, logLikelihood: -698.035814
[00:00:23] [worker #11] Bootstrap tree #812, logLikelihood: -695.348246
[00:00:23] [worker #21] Bootstrap tree #822, logLikelihood: -675.177680
[00:00:23] [worker #29] Bootstrap tree #830, logLikelihood: -707.144786
[00:00:23] [worker #18] Bootstrap tree #819, logLikelihood: -706.028127
[00:00:23] [worker #22] Bootstrap tree #823, logLikelihood: -722.010178
[00:00:23] [worker #25] Bootstrap tree #826, logLikelihood: -704.850227
[00:00:23] [worker #20] Bootstrap tree #821, logLikelihood: -675.818684
[00:00:23] [worker #12] Bootstrap tree #813, logLikelihood: -719.327491
[00:00:23] [worker #9] Bootstrap tree #810, logLikelihood: -704.615658
[00:00:24] [worker #0] Bootstrap tree #801, logLikelihood: -669.405784
[00:00:24] [worker #8] Bootstrap tree #809, logLikelihood: -708.020852
[00:00:26] [worker #10] Bootstrap tree #843, logLikelihood: -682.988582
[00:00:26] [worker #21] Bootstrap tree #854, logLikelihood: -703.148422
[00:00:26] [worker #15] Bootstrap tree #848, logLikelihood: -707.122338
[00:00:26] [worker #7] Bootstrap tree #840, logLikelihood: -696.159711
[00:00:26] [worker #26] Bootstrap tree #859, logLikelihood: -710.405013
[00:00:26] [worker #12] Bootstrap tree #845, logLikelihood: -692.709388
[00:00:26] [worker #28] Bootstrap tree #861, logLikelihood: -724.420638
[00:00:26] [worker #30] Bootstrap tree #863, logLikelihood: -698.410569
[00:00:26] [worker #5] Bootstrap tree #838, logLikelihood: -722.176941
[00:00:26] [worker #24] Bootstrap tree #857, logLikelihood: -686.323083
[00:00:26] [worker #22] Bootstrap tree #855, logLikelihood: -714.207810
[00:00:26] [worker #27] Bootstrap tree #860, logLikelihood: -712.744442
[00:00:26] [worker #3] Bootstrap tree #836, logLikelihood: -703.377510
[00:00:26] [worker #19] Bootstrap tree #852, logLikelihood: -705.992679
[00:00:26] [worker #20] Bootstrap tree #853, logLikelihood: -702.815436
[00:00:26] [worker #25] Bootstrap tree #858, logLikelihood: -698.676796
[00:00:26] [worker #13] Bootstrap tree #846, logLikelihood: -718.529318
[00:00:26] [worker #16] Bootstrap tree #849, logLikelihood: -739.397507
[00:00:26] [worker #17] Bootstrap tree #850, logLikelihood: -715.029476
[00:00:26] [worker #1] Bootstrap tree #834, logLikelihood: -698.818178
[00:00:26] [worker #4] Bootstrap tree #837, logLikelihood: -684.229382
[00:00:26] [worker #6] Bootstrap tree #839, logLikelihood: -713.801377
[00:00:26] [worker #8] Bootstrap tree #841, logLikelihood: -705.424980
[worker #29] [00:00:26] [worker #2] Bootstrap tree #835Bootstrap tree #, logLikelihood: 862, logLikelihood: -707.144786-689.946942
[worker #29] [00:00:26] [worker #2] Bootstrap tree #835Bootstrap tree #, logLikelihood: 862, logLikelihood: -707.144786-689.946942

[00:00:26] [worker #9] Bootstrap tree #842, logLikelihood: -673.056940
[00:00:26] [worker #0] Bootstrap tree #833, logLikelihood: -707.144780
[00:00:26] [worker #23] Bootstrap tree #856, logLikelihood: -681.714529
[00:00:26] [worker #18] Bootstrap tree #851, logLikelihood: -668.853360
[00:00:26] [worker #31] Bootstrap tree #864, logLikelihood: -710.990198
[00:00:26] [worker #24] Bootstrap tree #889, logLikelihood: -700.445441
[00:00:26] [worker #14] Bootstrap tree #847, logLikelihood: -707.144786
[00:00:26] [worker #11] Bootstrap tree #844, logLikelihood: -666.838182
[00:00:26] [worker #28] Bootstrap tree #893, logLikelihood: -687.373549
[00:00:26] [worker #20] Bootstrap tree #885, logLikelihood: -659.638236
[00:00:26] [worker #10] Bootstrap tree #875, logLikelihood: -677.269156
[00:00:26] [worker #15] Bootstrap tree #880, logLikelihood: -723.592275
[00:00:26] [worker #30] Bootstrap tree #895, logLikelihood: -715.492001
[00:00:26] [worker #5] Bootstrap tree #870, logLikelihood: -727.322790
[00:00:26] [worker #7] Bootstrap tree #872, logLikelihood: -708.326466
[00:00:26] [worker #21] Bootstrap tree #886, logLikelihood: -732.353935
[00:00:26] [worker #19] Bootstrap tree #884, logLikelihood: -707.144786
[00:00:26] [worker #4] Bootstrap tree #869, logLikelihood: -649.447386
[00:00:26] [worker #13] Bootstrap tree #878, logLikelihood: -698.495329[
-711.767058
[00:00:26] [worker #8] Bootstrap tree #873, logLikelihood: -674.833025
[00:00:26] [worker #25] Bootstrap tree #890, logLikelihood: -704.074332
[00:00:27] [worker #27] Bootstrap tree #892, logLikelihood: -699.457853
[00:00:27] [worker #22] Bootstrap tree #887, logLikelihood: -689.838041
[00:00:27] [worker #6] Bootstrap tree #871, logLikelihood: -712.485150
[[00:00:27] [worker #17] Bootstrap tree #882, logLikelihood: -681.932089
00:00:27] [worker #12] Bootstrap tree #877, logLikelihood: -723.213590
[00:00:27] [worker #1] Bootstrap tree #866, logLikelihood: -668.315484
[00:00:27] [worker #26] Bootstrap tree #891, logLikelihood: -691.152787
[00:00:27] [worker #18] Bootstrap tree #883, logLikelihood: -707.381631
[00:00:27] [worker #9] Bootstrap tree #874, logLikelihood: -707.144786
[00:00:27] [worker #3] Bootstrap tree #868, logLikelihood: -709.189263
[00:00:27] [worker #29] Bootstrap tree #894, logLikelihood: -707.144786
[00:00:27] [worker #0] Bootstrap tree #865, logLikelihood: -686.092659
[00:00:27] [worker #14] Bootstrap tree #879, logLikelihood: -724.940936
[00:00:27] [worker #31] Bootstrap tree #896, logLikelihood: -696.422948
[00:00:27] [worker #16] Bootstrap tree #881, logLikelihood: -694.579731
[00:00:27] [worker #23] Bootstrap tree #888, logLikelihood: -687.396882
[00:00:27] [worker #11] Bootstrap tree #876, logLikelihood: -693.791811
[00:00:30] [worker #4] Bootstrap tree #901, logLikelihood: -693.847493
[00:00:30] [worker #18] Bootstrap tree #915, logLikelihood: -704.620915
[00:00:30] [worker #22] Bootstrap tree #919, logLikelihood: -705.925249
[00:00:30] [worker #16] Bootstrap tree #913, logLikelihood: -691.722258
[00:00:30] [worker #31] Bootstrap tree #928, logLikelihood: -731.016041
[00:00:30] [worker #13] Bootstrap tree #910, logLikelihood: -690.502729
[00:00:30] [worker #14] Bootstrap tree #911, logLikelihood: -710.586025
[00:00:30] [worker #2] Bootstrap tree #899, logLikelihood: -697.490033
[00:00:30] [worker #21] Bootstrap tree #918, logLikelihood: -693.608857
[00:00:30] [worker #26] Bootstrap tree #923, logLikelihood: -682.808175
[00:00:30] [worker #5] Bootstrap tree #902, logLikelihood: -702.409256
[00:00:30] [worker #28] Bootstrap tree #925, logLikelihood: -704.446583
[00:00:30] [worker #8] Bootstrap tree #905, logLikelihood: -699.078248
[00:00:30] [worker #1] Bootstrap tree #898, logLikelihood: -716.829272
[00:00:30] [worker #17] Bootstrap tree #914, logLikelihood: -700.450484
[00:00:30] [worker #9] Bootstrap tree #906, logLikelihood: -674.472126
[00:00:30] [worker #6] Bootstrap tree #903, logLikelihood: -732.571909
[00:00:30] [worker #3] Bootstrap tree #900, logLikelihood: -707.144780
[00:00:30] [worker #29] Bootstrap tree #926, logLikelihood: -691.264890
[00:00:30] [worker #4] Bootstrap tree #933, logLikelihood: -684.969476
[00:00:30] [worker #20] Bootstrap tree #917, logLikelihood: -691.741946
[00:00:30] [worker #24] Bootstrap tree #921, logLikelihood: -732.207504
[00:00:30] [worker #18] Bootstrap tree #947, logLikelihood: -711.002953
[00:00:30] [worker #15] Bootstrap tree #912, logLikelihood: -716.275183
[00:00:30] [worker #25] Bootstrap tree #922, logLikelihood: -690.234605
[00:00:30] [worker #12] Bootstrap tree #909, logLikelihood: -720.509621
[00:00:30] [worker #19] Bootstrap tree #916, logLikelihood: -744.627076
[00:00:30] [worker #7] Bootstrap tree #904, logLikelihood: -690.077706
[00:00:30] [worker #11] Bootstrap tree #908, logLikelihood: -700.206666
[00:00:30] [worker #16] Bootstrap tree #945, logLikelihood: -701.857685
[00:00:30] [worker #27] Bootstrap tree #924, logLikelihood: -721.400446
[00:00:30] [worker #30] Bootstrap tree #927, logLikelihood: -707.766868
[00:00:30] [worker #23] Bootstrap tree #920, logLikelihood: -701.829415
[00:00:30] [worker #10] Bootstrap tree #907, logLikelihood: -695.350851
[00:00:30] [worker #0] Bootstrap tree #897, logLikelihood: -711.184560
[00:00:30] [worker #14] Bootstrap tree #943, logLikelihood: -707.144780
[00:00:30] [worker #21] Bootstrap tree #950, logLikelihood: -726.318201
[00:00:30] [worker #31] Bootstrap tree #960, logLikelihood: -714.105196
[00:00:30] [worker #22] Bootstrap tree #951, logLikelihood: -702.628354
[00:00:30] [worker #1] Bootstrap tree #930, logLikelihood: -683.389559
[00:00:30] [worker #28] Bootstrap tree #957, logLikelihood: -714.482708
[00:00:30] [worker #2] Bootstrap tree #931, logLikelihood: -700.981417
[00:00:30] [worker #5] Bootstrap tree #934, logLikelihood: -707.596709
[00:00:30] [worker #20] Bootstrap tree #949, logLikelihood: -721.524525
[00:00:30] [worker #29] Bootstrap tree #958, logLikelihood: -688.123802
[00:00:30] [worker #26] Bootstrap tree #955, logLikelihood: -707.144786
[00:00:30] [worker #3] Bootstrap tree #932, logLikelihood: -708.517403
[00:00:30] [worker #8] Bootstrap tree #937, logLikelihood: -674.885214
[00:00:30] [worker #13] Bootstrap tree #942, logLikelihood: -678.451753
[00:00:30] [worker #24] Bootstrap tree #953, logLikelihood: -703.260516
[00:00:30] [worker #7] Bootstrap tree #936, logLikelihood: -694.573821
[00:00:30] [worker #25] Bootstrap tree #954, logLikelihood: -700.824949
[00:00:30] [worker #9] Bootstrap tree #938, logLikelihood: -681.967890
[00:00:30] [worker #17] Bootstrap tree #946, logLikelihood: -707.300666
[00:00:30] [worker #15] Bootstrap tree #944, logLikelihood: -705.917869
[00:00:30] [worker #6] Bootstrap tree #935, logLikelihood: -707.144786
[00:00:30] [worker #19] Bootstrap tree #948, logLikelihood: -708.563153
[00:00:30] [worker #12] Bootstrap tree #941, logLikelihood: -715.866853
[00:00:30] [worker #30] Bootstrap tree #959, logLikelihood: -695.085965
[00:00:30] [worker #11] Bootstrap tree #940, logLikelihood: -714.315184
[00:00:30] [worker #27] Bootstrap tree #956, logLikelihood: -710.137471
[00:00:30] [worker #0] Bootstrap tree #929, logLikelihood: -678.717565
[00:00:30] [worker #10] Bootstrap tree #939, logLikelihood: -702.461344
[00:00:30] [worker #23] Bootstrap tree #952, logLikelihood: -708.279122
[00:00:33] [worker #24] Bootstrap tree #985, logLikelihood: -671.442992
[00:00:33] [worker #26] Bootstrap tree #987, logLikelihood: -705.355356
[00:00:33] [worker #29] Bootstrap tree #990, logLikelihood: -686.716604
[00:00:33] [worker #27] Bootstrap tree #988, logLikelihood: -696.097672
[[00:00:3300:00:33] ] [worker #13] [worker #21] Bootstrap tree #.097672

00:00:2982, logLikelihood: tra, logLikelihood: -700.061771-711.621120
[[00:00:3300:00:33] ] [worker #13] [worker #21] Bootstrap tree #.097672

00:00:2982, logLikelihood: tra, logLikelihood: -700.061771-711.621120
[00:00:33] [worker #17] Bootstrap tree #978, logLikelihood: -696.628422
[00:00:33] [worker #9] Bootstrap tree #970, logLikelihood: -694.203796
[00:00:33] [worker #14] Bootstrap tree #975, logLikelihood: -699.679365
] [worker #7] [00:00:33] [worker #11] Bootstrap tree #972, logLikelihood: -660.760576
-701.904803
[00:00:33] [worker #12] Bootstrap tree #973, logLikelihood: -715.075465
[00:00:33] [worker #30] Bootstrap tree #991, logLikelihood: -707.144786
[00:00:34] [worker #0] Bootstrap tree #961, logLikelihood: -690.134372
[00:00:34] [worker #23] Bootstrap tree #984, logLikelihood: -724.164805
[00:00:34] [worker #18] Bootstrap tree #979, logLikelihood: -703.371987
[00:00:34] [worker #19] Bootstrap tree #980, logLikelihood: -691.853321
[00:00:34] [worker #3] Bootstrap tree #964, logLikelihood: -687.270731
[00:00:34] [worker #15] Bootstrap tree #976, logLikelihood: -707.185812
[00:00:34] [worker #6] Bootstrap tree #967, logLikelihood: -679.165800
[00:00:34] [worker #28] Bootstrap tree #989, logLikelihood: -683.708321
[00:00:34] [worker #5] Bootstrap tree #966, logLikelihood: -684.373446
[00:00:34] [worker #16] Bootstrap tree #977, logLikelihood: -674.814419
[00:00:34] [worker #10] Bootstrap tree #971, logLikelihood: -750.852380
[00:00:34] [worker #22] Bootstrap tree #983, logLikelihood: -707.466285
[00:00:34] [worker #31] Bootstrap tree #992, logLikelihood: -732.007317
[00:00:34] [worker #1] Bootstrap tree #962, logLikelihood: -724.980227
[00:00:34] [worker #4] Bootstrap tree #965, logLikelihood: -712.059140
[00:00:34] [worker #2] Bootstrap tree #963, logLikelihood: -720.646962
[00:00:34] [worker #20] Bootstrap tree #981, logLikelihood: -707.144786
[00:00:34] [worker #25] Bootstrap tree #986, logLikelihood: -693.304437
[00:00:34] [worker #7] Bootstrap tree #1000, logLikelihood: -687.634552
[00:00:34] [worker #8] Bootstrap tree #969, logLikelihood: -707.789162
[00:00:34] [worker #6] Bootstrap tree #999, logLikelihood: -681.870168
[00:00:34] [worker #1] Bootstrap tree #994, logLikelihood: -709.529701
[00:00:34] [worker #4] Bootstrap tree #997, logLikelihood: -699.752618
[00:00:34] [worker #3] Bootstrap tree #996, logLikelihood: -703.204594
[00:00:34] [worker #0] Bootstrap tree #993, logLikelihood: -722.636567
[worker #2] Bootstrap tree #995, logLikelihood: -701.702041
[00:00:34] [worker #5] Bootstrap tree #998, logLikelihood: -714.932941

Optimized model parameters:

   Partition 0: noname
   Rate heterogeneity: GAMMA (4 cats, mean),  alpha: 99.846218 (ML),  weights&rates: (0.250000,0.875813) (0.250000,0.964710) (0.250000,1.029570) (0.250000,1.129908) 
   Base frequencies (ML): 0.407978 0.118239 0.156954 0.316828 
   Substitution rates (ML): 0.001000 2.339133 0.001000 0.001000 5.315091 1.000000 


Final LogLikelihood: -707.144779

AIC score: 1482.289557 / AICc score: 1487.237582 / BIC score: 1626.657187
Free parameters (model + branch lengths): 34

WARNING: Best ML tree contains 8 near-zero branches!

Best ML tree with collapsed near-zero branches saved to: /mnt/lustre/RDS-live/downing/LSDV/GTPV_SPPV/results_GTPV/LSDV072.raxml.bestTreeCollapsed
Best ML tree saved to: /mnt/lustre/RDS-live/downing/LSDV/GTPV_SPPV/results_GTPV/LSDV072.raxml.bestTree
All ML trees saved to: /mnt/lustre/RDS-live/downing/LSDV/GTPV_SPPV/results_GTPV/LSDV072.raxml.mlTrees
Best ML tree with Felsenstein bootstrap (FBP) support values saved to: /mnt/lustre/RDS-live/downing/LSDV/GTPV_SPPV/results_GTPV/LSDV072.raxml.supportFBP
Best ML tree with Transfer bootstrap (TBE) support values saved to: /mnt/lustre/RDS-live/downing/LSDV/GTPV_SPPV/results_GTPV/LSDV072.raxml.supportTBE
Optimized model saved to: /mnt/lustre/RDS-live/downing/LSDV/GTPV_SPPV/results_GTPV/LSDV072.raxml.bestModel
Bootstrap trees saved to: /mnt/lustre/RDS-live/downing/LSDV/GTPV_SPPV/results_GTPV/LSDV072.raxml.bootstraps

Execution log saved to: /mnt/lustre/RDS-live/downing/LSDV/GTPV_SPPV/results_GTPV/LSDV072.raxml.log

Analysis started: 24-Nov-2025 14:41:46 / finished: 24-Nov-2025 14:42:24

Elapsed time: 38.299 seconds

