
RAxML-NG v. 1.2.2 released on 11.04.2024 by The Exelixis Lab.
Developed by: Alexey M. Kozlov and Alexandros Stamatakis.
Contributors: Diego Darriba, Tomas Flouri, Benoit Morel, Sarah Lutteropp, Ben Bettisworth, Julia Haag, Anastasis Togkousidis.
Latest version: https://github.com/amkozlov/raxml-ng
Questions/problems/suggestions? Please visit: https://groups.google.com/forum/#!forum/raxml

System: AMD EPYC 7543P 32-Core Processor, 32 cores, 995 GB RAM

RAxML-NG was called at 24-Nov-2025 15:41:44 as follows:

raxml-ng --all --msa region_LSDV143.aln --model GTR+G --prefix LSDV143 --seed 123 --bs-metric fbp,tbe --redo

Analysis options:
  run mode: ML tree search + bootstrapping (Felsenstein Bootstrap + Transfer Bootstrap)
  start tree(s): random (10) + parsimony (10)
  bootstrap replicates: parsimony (max: 1000) + bootstopping (autoMRE, cutoff: 0.030000)
  random seed: 123
  tip-inner: OFF
  pattern compression: ON
  per-rate scalers: OFF
  site repeats: ON
  logLH epsilon: general: 10.000000, brlen-triplet: 1000.000000
  fast spr radius: AUTO
  spr subtree cutoff: 1.000000
  fast CLV updates: ON
  branch lengths: proportional (ML estimate, algorithm: NR-FAST)
  SIMD kernels: AVX2
  parallelization: coarse-grained (auto), PTHREADS (auto)

WARNING: Running in REDO mode: existing checkpoints are ignored, and all result files will be overwritten!

[00:00:00] Reading alignment from file: region_LSDV143.aln
[00:00:00] Loaded alignment with 14 taxa and 909 sites

WARNING: Sequences PV167794.1 and MW020570.1 are exactly identical!
WARNING: Sequences PV167794.1 and MN072620.1 are exactly identical!
WARNING: Sequences PV167794.1 and MH381810.1 are exactly identical!
WARNING: Sequences PV167794.1 and KC951854.1 are exactly identical!
WARNING: Sequences NC_004003.1 and MN072622.1 are exactly identical!
WARNING: Sequences NC_004003.1 and AY077836.1 are exactly identical!
WARNING: Sequences NC_004003.1 and AY077835.1 are exactly identical!
WARNING: Duplicate sequences found: 7

NOTE: Reduced alignment (with duplicates and gap-only sites/taxa removed) 
NOTE: was saved to: /mnt/lustre/RDS-live/downing/LSDV/GTPV_SPPV/results_GTPV/LSDV143.raxml.reduced.phy

Alignment comprises 1 partitions and 27 patterns

Partition 0: noname
Model: GTR+FO+G4m
Alignment sites / patterns: 909 / 27
Gaps: 3.94 %
Invariant sites: 97.69 %


NOTE: Binary MSA file created: LSDV143.raxml.rba

Parallelization scheme autoconfig: 32 worker(s) x 1 thread(s)

[00:00:00] Generating 10 random starting tree(s) with 14 taxa
[00:00:00] Generating 10 parsimony starting tree(s) with 14 taxa
Parallel parsimony with 32 threads
Parallel reduction/worker buffer size: 1 KB  / 0 KB

[00:00:00] Data distribution: max. partitions/sites/weight per thread: 1 / 27 / 432
[00:00:00] Data distribution: max. searches per worker: 33

Starting ML tree search with 20 distinct starting trees

[00:00:00] [worker #16] ML tree search #17, logLikelihood: -1221.723269
[00:00:00] [worker #5] ML tree search #6, logLikelihood: -1221.723264
[00:00:00] [worker #14] ML tree search #15, logLikelihood: -1221.723269
[00:00:00] [worker #12] ML tree search #13, logLikelihood: -1221.724173
[00:00:00] [worker #0] ML tree search #1, logLikelihood: -1221.723266
[00:00:00] [worker #8] ML tree search #9, logLikelihood: -1221.724168
[00:00:01] [worker #19] ML tree search #20, logLikelihood: -1221.723269
[00:00:01] [worker #13] ML tree search #14, logLikelihood: -1221.724170
[00:00:01] [worker #7] ML tree search #8, logLikelihood: -1221.723262
[00:00:01] [worker #9] ML tree search #10, logLikelihood: -1221.724166
[00:00:01] [worker #17] ML tree search #18, logLikelihood: -1221.723260
[00:00:01] [worker #11] ML tree search #12, logLikelihood: -1221.723261
[00:00:01] [worker #15] ML tree search #16, logLikelihood: -1221.723264
[00:00:01] [worker #10] ML tree search #11, logLikelihood: -1221.723267
[00:00:01] [worker #3] ML tree search #4, logLikelihood: -1221.723262
[00:00:01] [worker #18] ML tree search #19, logLikelihood: -1221.723259
[00:00:01] [worker #6] ML tree search #7, logLikelihood: -1221.723267
[00:00:01] [worker #1] ML tree search #2, logLikelihood: -1221.724175
[00:00:01] [worker #4] ML tree search #5, logLikelihood: -1221.723266
[00:00:01] [worker #2] ML tree search #3, logLikelihood: -1221.723262

[00:00:01] ML tree search completed, best tree logLH: -1221.723259

[00:00:01] Starting bootstrapping analysis with 1000 replicates.

[00:00:01] [worker #28] Bootstrap tree #29, logLikelihood: -1187.650731
[00:00:01] [worker #20] Bootstrap tree #21, logLikelihood: -1256.178345
[00:00:01] [worker #22] Bootstrap tree #23, logLikelihood: -1250.712266
[00:00:02] [worker #1] Bootstrap tree #2, logLikelihood: -1239.003526
[00:00:02] [worker #21] Bootstrap tree #22, logLikelihood: -1227.359875
00:00:02] [worker #3] Bootstrap tree #4, logLikelihood: -1212.865716
[00:00:02] [worker #27] Bootstrap tree #28, logLikelihood: -1205.991385
[00:00:02] [worker #16] Bootstrap tree #17, logLikelihood: -1200.233820
[00:00:02] [worker #2] Bootstrap tree #3, logLikelihood: -1223.589276
[00:00:02] [worker #12] Bootstrap tree #13, logLikelihood: -1215.635347
[00:00:02] [worker #15] Bootstrap tree #16, logLikelihood: -1195.257120
[00:00:02] [worker #25] Bootstrap tree #26, logLikelihood: -1227.010390
[00:00:02] [worker #5] Bootstrap tree #6, logLikelihood: -1208.979722
00:00:02] [worker #6] Bootstrap tree #7, logLikelihood: -1181.666276
[00:00:02] [worker #9] Bootstrap tree #10, logLikelihood: -1254.881825
[00:00:02] [worker #17] Bootstrap tree #18, logLikelihood: -1255.657936
[00:00:02] [worker #7] Bootstrap tree #8, logLikelihood: -1192.362722
[00:00:02] [worker #4] Bootstrap tree #5, logLikelihood: -1214.701290
[00:00:02] [worker #31] Bootstrap tree #32, logLikelihood: -1186.090677
[00:00:02] [worker #30] Bootstrap tree #31, logLikelihood: -1196.637413
[00:00:02] [worker #11] Bootstrap tree #12, logLikelihood: -1223.212178
[00:00:02] [worker #24] Bootstrap tree #25, logLikelihood: -1198.253731
[[00:00:02] [worker #23] Bootstrap tree #24, logLikelihood: -1236.146770
[00:00:02] [worker #14] Bootstrap tree #15, logLikelihood: -1204.048412
00:00:02] [worker #13] Bootstrap tree #14, logLikelihood: -1214.811266
[00:00:02] [worker #19] Bootstrap tree #20, logLikelihood: -1216.354520
[00:00:02] [worker #28] Bootstrap tree #61, logLikelihood: -1217.829309
[00:00:02] [worker #0] Bootstrap tree #1, logLikelihood: -1218.321227
[[[00:00:02] [worker #10] Bootstrap tree #11, logLikelihood: -1207.939205
[00:00:02] [worker #29] Bootstrap tree #30, logLikelihood: -1226.826742
[00:00:02] [worker #18] Bootstrap tree #19, logLikelihood: -1194.347055
00:00:02] [worker #8] Bootstrap tree #9, logLikelihood: -1159.744486
00:00:02] [worker #22] Bootstrap tree #55, logLikelihood: -1225.104372
[00:00:02] [worker #26] Bootstrap tree #27, logLikelihood: -1273.505720
[00:00:02] [worker #16] Bootstrap tree #49, logLikelihood: -1195.863338
[00:00:02] [worker #1] Bootstrap tree #34, logLikelihood: [00:-1210.26641000:02] 
[worker #2] [00:00:02] [worker #1] Bootstrap tree #34, logLikelihood: [00:-1210.26641000:02] 
[worker #2] Bootstrap tree #35, logLikelihood: -1207.302702
[00:00:02] [worker #27] Bootstrap tree #60, logLikelihood: -1241.124437
[00:00:02] [worker #21] Bootstrap tree #54, logLikelihood: -1212.747448
[00:00:02] [worker #20] Bootstrap tree #53, logLikelihood: -1172.866734
[00:00:02] [worker #3] Bootstrap tree #36, logLikelihood: -1182.855306
[00:00:02] [worker #25] Bootstrap tree #58, logLikelihood: -1202.743911
[00:00:02] [worker #19] Bootstrap tree #52, logLikelihood: -1212.543475
[00:00:02] [worker #6] Bootstrap tree #39, logLikelihood: -1197.330183
[00:00:02] [worker #23] Bootstrap tree #56, logLikelihood: -1234.482114
[00:00:02] [worker #12] Bootstrap tree #45, logLikelihood: -1200.747463
[00:00:02] [worker #15] Bootstrap tree #48, logLikelihood: -1199.833103
[00:00:02] [worker #24] Bootstrap tree #57, logLikelihood: -1253.437966
[00:00:02] [worker #18] Bootstrap tree #51, logLikelihood: -1207.162416
[00:00:02] [worker #30] Bootstrap tree #63, logLikelihood: -1203.028254
[00:00:02] [worker #11] Bootstrap tree #44, logLikelihood: -1268.234047
[00:00:02] [worker #31] Bootstrap tree #64, logLikelihood: -1217.956790
[00:00:02] [worker #5] Bootstrap tree #38, logLikelihood: -1211.987326
[00:00:02] [worker #9] Bootstrap tree #42, logLikelihood: -1179.114874
[00:00:02] [worker #13] Bootstrap tree #46, logLikelihood: -1187.409233
[00:00:02] [worker #14] Bootstrap tree #47, logLikelihood: -1130.711521
[00:00:02] [worker #7] Bootstrap tree #40, logLikelihood: -1147.180549
[00:00:02] [worker #26] Bootstrap tree #59, logLikelihood: -1243.153387
[00:00:02] [worker #8] Bootstrap tree #41, logLikelihood: -1227.179419
[00:00:02] [worker #0] Bootstrap tree #33, logLikelihood: -1217.593280
[00:00:02] [worker #4] Bootstrap tree #37, logLikelihood: -1211.979655
[00:00:02] [worker #29] Bootstrap tree #62, logLikelihood: -1236.220712
[00:00:02] [worker #10] Bootstrap tree #43, logLikelihood: -1181.710998
[00:00:02] [worker #17] Bootstrap tree #50, logLikelihood: -1181.450483
[00:00:02] [worker #19] Bootstrap tree #84, logLikelihood: -1209.427141
[00:00:02] [worker #13] Bootstrap tree #78, logLikelihood: -1213.759572
[00:00:02] [worker #2] Bootstrap tree #67, logLikelihood: -1154.191549
[00:00:02] [worker #22] Bootstrap tree #87, logLikelihood: -1175.489520
[00:00:02] [worker #23] Bootstrap tree #88, logLikelihood: -1145.422512
[00:00:02] [worker #3] Bootstrap tree #68, logLikelihood: -1195.435490
00[00:00:02] [worker #12] Bootstrap tree #77, logLikelihood: -1182.187520
[00:00:02] [worker #21] Bootstrap tree #86, logLikelihood: -1180.356568
:00:02] [worker #5] Bootstrap tree #70, logLikelihood: -1133.094799
[00:00:02] [worker #25] Bootstrap tree #90, logLikelihood: -1158.214587
[00:00:02] [worker #6] Bootstrap tree #71, logLikelihood: -1197.682671
[00:00:02] [worker #26] Bootstrap tree #91, logLikelihood: -1148.206143
[00:00:03] [worker #1] Bootstrap tree #66, logLikelihood: -1237.276242
[00:00:03] [worker #9] Bootstrap tree #74, logLikelihood: [-1238.63576400
[00:00:03] [worker #9] Bootstrap tree #74, logLikelihood: [-1238.63576400
:00:03] [worker #31] Bootstrap tree #96, logLikelihood: -1232.645805
[00:00:03] [worker #17] Bootstrap tree #82, logLikelihood: -1241.723131
[00:00:03] [worker #20] Bootstrap tree #85, logLikelihood: [00:00:03] [worker #18] Bootstrap tree #83, logLikelihood: 
[00:00:03] [worker #20] Bootstrap tree #85, logLikelihood: [00:00:03] [worker #18] Bootstrap tree #83, logLikelihood: 
-1259.831313
[00:00:03] [worker #28] Bootstrap tree #93, logLikelihood: -1250.624371
[00:00:03] [worker #8] Bootstrap tree #73, logLikelihood: -1211.781759
[00:00:03] [worker #30] Bootstrap tree #95, logLikelihood: -1220.539384
[worker #16] Bootstrap tree #81, logLikelihood: -1212.136708
[00:00:03] [worker #14] Bootstrap tree #79, logLikelihood: -1155.815788
[00:00:03] [worker #27] Bootstrap tree #92, logLikelihood: -1199.868011
[00:00:03] [worker #11] Bootstrap tree #76, logLikelihood: -1222.354711
[00:00:03] [worker #24] Bootstrap tree #89, logLikelihood: -1232.500133
[00:00:03] [worker #4] Bootstrap tree #69, logLikelihood: -1257.986119
[00:00:03] [worker #7] Bootstrap tree #72, logLikelihood: -1155.795588
[00:00:03] [worker #10] Bootstrap tree #75, logLikelihood: -1233.740288
[00:00:03] [worker #15] Bootstrap tree #80, logLikelihood: -1236.854939
[00:00:03] [worker #29] Bootstrap tree #94, logLikelihood: -1176.947585
[00:00:03] [worker #19] Bootstrap tree #116, logLikelihood: -1260.586017
[00:00:03] [worker #0] Bootstrap tree #65, logLikelihood: -1248.898239
[00:00:03] [worker #23] Bootstrap tree #120, logLikelihood: -1167.165332
[00:00:03] [worker #13] Bootstrap tree #110, logLikelihood: -1153.561728
[00:00:03] [worker #6] Bootstrap tree #103, logLikelihood: -1191.133156
[00:00:03] [worker #25] Bootstrap tree #122, logLikelihood: -1188.457535
[00:00:03] [worker #12] Bootstrap tree #109, logLikelihood: -1256.243182
[00:00:03] [worker #21] Bootstrap tree #118, logLikelihood: -1233.300440
[00:00:03] [worker #3] Bootstrap tree #100, logLikelihood: -1205.470069
[00:00:03] [worker #2] Bootstrap tree #99, logLikelihood: -1220.835255
[00:00:03] [worker #31] Bootstrap tree #128, logLikelihood: -1182.985609
[00:00:03] [worker #22] Bootstrap tree #119, logLikelihood: -1257.819433
[00:00:03] [worker #27] Bootstrap tree #124, logLikelihood: -1223.002924
[00:00:03] [worker #5] Bootstrap tree #102, logLikelihood: -1207.721537
[00:00:03] [worker #10] Bootstrap tree #107, logLikelihood: -1225.431715
[00:00:03] [worker #30] Bootstrap tree #127, logLikelihood: -1197.778003
[00:00:03] [worker #18] Bootstrap tree #115, logLikelihood: -1243.439762
[00:00:03] [worker #16] Bootstrap tree #113, logLikelihood: -1239.502576
[00:00:03] [worker #14] Bootstrap tree #111, logLikelihood: -1211.284925
[00:00:03] [worker #20] Bootstrap tree #117, logLikelihood: -1247.466147
[00:00:03] [worker #28] Bootstrap tree #125, logLikelihood: -1221.168316
[00:00:03] [worker #1] Bootstrap tree #98, logLikelihood: -1277.733633
[00:0[:03] [worker #26] Bootstrap tree #:123, logLikelihood: 00:03] [worker #9] Bootstrap tree #106, logLikelihood: -1148.096435-1156.729736
000:0[:03] [worker #26] Bootstrap tree #:123, logLikelihood: 00:03] [worker #9] Bootstrap tree #106, logLikelihood: -1148.096435-1156.729736

:00:03] [worker #11] Bootstrap tree #108, logLikelihood: -1209.195689
[00:00:03] [worker #8] Bootstrap tree #105, logLikelihood: -1170.024186
[00:00:03] [worker #17] Bootstrap tree #114, logLikelihood: -1185.237188
[00:00:03] [worker #4] Bootstrap tree #101, logLikelihood: -1241.418748
[00:00:03] [worker #7] Bootstrap tree #104, logLikelihood: -1173.749786
[00:00:03] [worker #29] Bootstrap tree #126, logLikelihood: -1281.630844
[00:00:03] [worker #15] Bootstrap tree #112, logLikelihood: -1244.868499
[00:00:03] [worker #24] Bootstrap tree #121, logLikelihood: -1180.732017
[00:00:03] [worker #0] Bootstrap tree #97, logLikelihood: -1274.581771
[00:00:04] [worker #17] Bootstrap tree #146, logLikelihood: -1255.456403
[00:00:04] [worker #25] Bootstrap tree #154, logLikelihood: -1167.675713
[00:00:04] [worker #15] Bootstrap tree #144, logLikelihood: -1210.325153
[00:00:04] [worker #10] Bootstrap tree #139, logLikelihood: -1178.998338
[00:00:04] [worker #7] Bootstrap tree #136, logLikelihood: -1139.926748
[00:00:04] [worker #6] Bootstrap tree #135, logLikelihood: -1225.564966
[00:00:04] [worker #3] Bootstrap tree #132, logLikelihood: -1200.669221
[00:00:04] [worker #28] Bootstrap tree #157, logLikelihood: -1170.219914
130[, logLikelihood: -1221.937021
-1176.338018
[00:00:04] [worker #23] Bootstrap tree #152, logLikelihood: -1237.038103
[00:00:04] [worker #27] Bootstrap tree #156, logLikelihood: -1205.724493
[00:00:04] [worker #9] Bootstrap tree #138, logLikelihood: -1225.167259
[00:00:04] [worker #11] Bootstrap tree #140, logLikelihood: -1217.582668
[00:00:04] [worker #5] Bootstrap tree #134, logLikelihood: -1224.471158
[00:00:04] [worker #14] Bootstrap tree #143, logLikelihood: -1133.181447
[00:00:04] [worker #13] Bootstrap tree #142, logLikelihood: -1215.607096
[00:00:04] [worker #29] Bootstrap tree #158, logLikelihood: -1248.582558
[00:00:04] [worker #24] Bootstrap tree #153, logLikelihood: -1227.575255
[00:00:04] [worker #20] Bootstrap tree #149, logLikelihood: -1256.259152
00[00:00:04] [worker #16] Bootstrap tree #145, logLikelihood: :-1226.64828200:04

[00:00:04] [worker #22] Bootstrap tree #151, logLikelihood: -1269.821287
[00:00:04] [worker #31] Bootstrap tree #160, logLikelihood: -1247.621142
[00:00:04] [worker #30] Bootstrap tree #159, logLikelihood: -1238.211627
[00:00:04] [worker #4] Bootstrap tree #133, logLikelihood: -1211.217221
[00:00:04] [worker #8] Bootstrap tree #137, logLikelihood: -1221.939099
[00:00:04] [worker #12] Bootstrap tree #141, logLikelihood: -1181.659070
[00:00:04] [worker #21] Bootstrap tree #150, logLikelihood: -1241.270033
[00:00:04] [worker #18] Bootstrap tree #147, logLikelihood: -1238.933445
[00:00:04] [worker #0] Bootstrap tree #129, logLikelihood: -1233.760555
[00:00:04] [worker #26] Bootstrap tree #155, logLikelihood: -1234.106593
[00:00:04] [worker #28] Bootstrap tree #189, logLikelihood: -1228.706365
[00:00:04] [worker #13] Bootstrap tree #174, logLikelihood: -1232.102992
[00:00:04] [worker #19] Bootstrap tree #180, logLikelihood: -1189.508438
[00:00:04] [worker #9] Bootstrap tree #170, logLikelihood: -1155.244880
[00:00:04] [worker #11] Bootstrap tree #172, logLikelihood: -1247.906609
[00:00:04] [worker #6] Bootstrap tree #167, logLikelihood: -1294.830687
[00:00:04] [worker #25] Bootstrap tree #186, logLikelihood: -1224.516388
[00:00:04] [worker #17] Bootstrap tree #178, logLikelihood: -1239.597158[
-1236.174039
[00:00:04] [worker #1] Bootstrap tree #162, logLikelihood: -1171.387975
[00:00:04] [worker #5] Bootstrap tree #166, logLikelihood: -1204.084074
[00:00:04] [worker #7] Bootstrap tree #168, logLikelihood: -1203.728621
[00:00:04] [worker #20] Bootstrap tree #181, logLikelihood: -1321.129328
[00:00:04] [worker #3] Bootstrap tree #164, logLikelihood: -1232.954789
[00:00:04] [worker #8] Bootstrap tree #169, logLikelihood: -1153.031315
00:[00:00:04] [worker #4] Bootstrap tree #165, logLikelihood: -1231.341231
-1144.191432
[00:00:04] [worker #12] Bootstrap tree #173, logLikelihood: -1126.381580
[00:00:04] [worker #27] Bootstrap tree #188, logLikelihood: -1228.955494
[00:00:04] [worker #2] Bootstrap tree #163, logLikelihood: -1202.621553
[00:00:04] [worker #10] Bootstrap tree #171, logLikelihood: -1214.645162
[00:00:04] [worker #18] Bootstrap tree #179, logLikelihood: -1239.950752
[00:00:04] [worker #30] Bootstrap tree #191, logLikelihood: -1317.894973
[00:00:04] [worker #14] Bootstrap tree #175, logLikelihood: -1212.637376
[00:00:04] [worker #15] Bootstrap tree #176, logLikelihood: -1212.549944
:00:04] [worker #29] Bootstrap tree #190, logLikelihood: -1258.700140
[00:00:04] [worker #22] Bootstrap tree #183, logLikelihood: -1208.058175
[00:00:04] [worker #26] Bootstrap tree #187, logLikelihood: -1159.130912
[00:00:04] [worker #16] Bootstrap tree #177, logLikelihood: -1279.121417
[00:00:04] [worker #21] Bootstrap tree #182, logLikelihood: -1266.960977
[00:00:04] [worker #31] Bootstrap tree #192, logLikelihood: -1234.117963
[00:00:05] [worker #0] Bootstrap tree #161, logLikelihood: -1232.786597
[00:00:05] [worker #25] Bootstrap tree #218, logLikelihood: -1127.102626
[00:00:05] [worker #31] Bootstrap tree #224, logLikelihood: -1164.962137
[[00:00:05] [worker #29] Bootstrap tree #222, logLikelihood: 00:00:05] [worker #12] Bootstrap tree #205, logLikelihood: 
[[00:00:05] [worker #29] Bootstrap tree #222, logLikelihood: 00:00:05] [worker #12] Bootstrap tree #205, logLikelihood: 
-1193.459347
[00:00:05] [worker #4] Bootstrap tree #197, logLikelihood: -1195.594924
-1202.575150
[00:00:05] [worker #21] Bootstrap tree #214, logLikelihood: -1214.657157
[00:00:05] [worker #8] Bootstrap tree #201, logLikelihood: -1203.513611
[00:00:05] [worker #13] Bootstrap tree #206, logLikelihood: -1226.590674
[00:00:05] [worker #10] Bootstrap tree #203, logLikelihood: -1194.099968
[00:00:05] [worker #23] Bootstrap tree #216, logLikelihood: -1215.643398
[00:00:05] [worker #14] Bootstrap tree #207, logLikelihood: -1258.470154
[00:00:05] [worker #2] Bootstrap tree #195, logLikelihood: -1218.339220
[00:00:05] [worker #22] Bootstrap tree #215, logLikelihood: -1198.100580
[00:00:05] [worker #9] Bootstrap tree #202, logLikelihood: -1185.308702
[00:00:05] [worker #17] Bootstrap tree #210, logLikelihood: -1175.789698
[00:00:05] [worker #15] Bootstrap tree #208, logLikelihood: -1210.315768
[00:00:05] [worker #7] Bootstrap tree #200, logLikelihood: -1287.802593
[00:00:05] [worker #5] Bootstrap tree #198, logLikelihood: -1212.026516
[00:00:05] [worker #16] Bootstrap tree #209, logLikelihood: -1194.062520
[00:00:05] [worker #24] Bootstrap tree #217, logLikelihood: -1222.350719
[00:00:05] [worker #19] Bootstrap tree #212, logLikelihood: -1205.255972
[00:00:05] [worker #28] Bootstrap tree #221, logLikelihood: -1207.906828
[00:00:05] [worker #1] Bootstrap tree #194, logLikelihood: -1182.717557
[00:00:05] [worker #20] Bootstrap tree #213, logLikelihood: -1258.495878
[00:00:05] [worker #11] Bootstrap tree #204, logLikelihood: -1194.444702
[00:00:05] [worker #30] Bootstrap tree #223, logLikelihood: -1283.318915
[00:00:05] [worker #26] Bootstrap tree #219, logLikelihood: -1199.453780
[00:00:05] [worker #6] Bootstrap tree #199, logLikelihood: -1215.219410
[00:00:05] [worker #18] Bootstrap tree #211, logLikelihood: -1201.654954
[00:00:05] [worker #31] Bootstrap tree #256, logLikelihood: -1231.220322
[00:00:05] [worker #22] Bootstrap tree #247, logLikelihood: -1196.651695
[00:00:05] [worker #25] Bootstrap tree #250, logLikelihood: -1174.878222
[00:00:05] [worker #7] Bootstrap tree #232, logLikelihood: -1197.404643
[00:00:05] [worker #3] Bootstrap tree #196, logLikelihood: -1136.061667
[00:00:05] [worker #0] Bootstrap tree #193, logLikelihood: -1206.399421
[00:00:05] [worker #10] Bootstrap tree #235, logLikelihood: -1213.394199
[00:00:05] [worker #13] Bootstrap tree #238, logLikelihood: -1231.202431
[00:00:05] [worker #8] Bootstrap tree #233, logLikelihood: -1160.469280
[00:00:05] [worker #21] Bootstrap tree #246, logLikelihood: -1249.318053
[00:00:05] [worker #23] Bootstrap tree #248, logLikelihood: -1207.400402
[00:00:05] [worker #11] Bootstrap tree #236, logLikelihood: -1235.780972
[00:00:05] [worker #12] Bootstrap tree #237, logLikelihood: -1197.553608
[00:00:05] [worker #2] Bootstrap tree #227, logLikelihood: -1227.296287
[00:00:05] [worker #29] Bootstrap tree #254, logLikelihood: -1251.678305
[00:00:05] [worker #14] Bootstrap tree #239, logLikelihood: -1214.289804
[00:00:05] [worker #4] Bootstrap tree #229, logLikelihood: -1236.456528
[00:00:05] [worker #20] Bootstrap tree #245, logLikelihood: -1218.838494
[00:00:05] [worker #16] Bootstrap tree #241, logLikelihood: -1187.049688
[00:00:05] [worker #5] Bootstrap tree #230, logLikelihood: -1265.614517
[00:00:05] [worker #27] Bootstrap tree #252, logLikelihood: -1196.856295
[00:00:06] [worker #18] Bootstrap tree #243, logLikelihood: -1274.966232
[00:00:06] [worker #19] Bootstrap tree #244, logLikelihood: -1196.070656
[00:00:06] [worker #6] Bootstrap tree #231, logLikelihood: -1168.481270
[00:00:06] [worker #15] Bootstrap tree #240, logLikelihood: -1220.284931
[00:00:06] [worker #1] Bootstrap tree #226, logLikelihood: -1219.414531
[00:00:06] [worker #28] Bootstrap tree #253, logLikelihood: -1153.702860
[00:00:06] [worker #3] Bootstrap tree #228, logLikelihood: -1249.463110
[00:00:06] [worker #24] Bootstrap tree #249, logLikelihood: -1222.103999
[00:00:06] [worker #17] Bootstrap tree #242, logLikelihood: [-1263.361297
-1209.731699
[00:00:06] [worker #26] Bootstrap tree #251, logLikelihood: -1225.506051
[00:00:06] [worker #9] Bootstrap tree #234, logLikelihood: -1237.755077
[00:00:06] [worker #0] Bootstrap tree #225, logLikelihood: -1241.332029
[00:00:07] [worker #3] Bootstrap tree #260, logLikelihood: -1216.192780
[00:00:07] [worker #25] Bootstrap tree #282, logLikelihood: -1242.224252
[00:00:07] [worker #17] Bootstrap tree #274, logLikelihood: -1276.373034
[00:00:07] [worker #5] Bootstrap tree #262, logLikelihood: -1245.085784
[00:00:07] [worker #19] Bootstrap tree #276, logLikelihood: -1197.696939
[00:00:07] [worker #10] Bootstrap tree #267, logLikelihood: -1169.745211
[00:00:07] [worker #9] Bootstrap tree #266, logLikelihood: -1227.251668
[00:00:07] [worker #31] Bootstrap tree #288, logLikelihood: -1183.030729
[00:00:07] [worker #4] Bootstrap tree #261, logLikelihood: -1201.513157
[00:00:07] [worker #18] Bootstrap tree #275, logLikelihood: -1313.311876
[00:00:07] [worker #11] Bootstrap tree #268, logLikelihood: -1191.601375
[00:00:07] [worker #12] Bootstrap tree #269, logLikelihood: -1231.140726
[00:00:07] [worker #7] Bootstrap tree #264, logLikelihood: -1218.131079
[00:00:07] [worker #30] Bootstrap tree #287, logLikelihood: -1216.594880
[00:00:07] [worker #24] Bootstrap tree #281, logLikelihood: -1227.992633
[00:00:07] [worker #8] Bootstrap tree #265, logLikelihood: -1216.415336
[00:00:07] [worker #29] Bootstrap tree #286, logLikelihood: -1237.123857
[00:00:07] [worker #14] Bootstrap tree #271, logLikelihood: -1246.580049
[00:00:07] [worker #28] Bootstrap tree #285, logLikelihood: -1151.447854
[00:00:07] [worker #2] Bootstrap tree #259, logLikelihood: -1205.546251
[00:00:07] [worker #16] Bootstrap tree #273, logLikelihood: -1165.591392
[00:00:07] [worker #6] Bootstrap tree #263, logLikelihood: -1230.443830
[00:00:07] [worker #6] Bootstrap tree #263, logLikelihood: -1230.443830
[00:00:07] [worker #21] Bootstrap tree #278, logLikelihood: -1198.395145
[00:00:07] [worker #13] Bootstrap tree #270, logLikelihood: -1177.745932
[00:00:07] [worker #1] Bootstrap tree #258, logLikelihood: -1263.181514
[00:00:07] [worker #23] Bootstrap tree #280, logLikelihood: -1178.174529
[00:00:07] [worker #15] Bootstrap tree #272, logLikelihood: -1252.605866
[00:00:07] [worker #20] Bootstrap tree #277, logLikelihood: -1215.357431
[00:00:07] [worker #26] Bootstrap tree #283, logLikelihood: -1228.987809
[00:00:07] [worker #22] Bootstrap tree #279, logLikelihood: -1215.693443
[00:00:07] [worker #27] Bootstrap tree #284, logLikelihood: -1254.047834
[00:00:07] [worker #25] Bootstrap tree #314, logLikelihood: -1217.454139
[00:00:07] [worker #0] Bootstrap tree #257, logLikelihood: -1197.470290
[00:00:07] [worker #17] Bootstrap tree #306, logLikelihood: -1222.112627
[00:00:07] [worker #19] Bootstrap tree #308, logLikelihood: -1173.293981
[00:00:07] [worker #7] Bootstrap tree #296, logLikelihood: -1192.932449
[00:00:07] [worker #3] Bootstrap tree #292, logLikelihood: -1229.494926
[00:00:07] [worker #10] Bootstrap tree #299, logLikelihood: -1201.005304
[00:00:07] [worker #9] Bootstrap tree #298, logLikelihood: -1188.834966
[00:00:07] [worker #12] Bootstrap tree #301, logLikelihood: -1209.358915
[00:00:07] [worker #5] Bootstrap tree #294, logLikelihood: -1227.769464
[00:00:07] [worker #31] Bootstrap tree #320, logLikelihood: -1199.525463
[00:00:07] [worker #4] Bootstrap tree #293, logLikelihood: -1246.426344
[00:00:07] [worker #21] Bootstrap tree #310, logLikelihood: -1191.017948
[00:00:07] [worker #6] Bootstrap tree #295, logLikelihood: -1142.014150
[00:00:07] [worker #24] Bootstrap tree #313, logLikelihood: -1198.849094
[00:00:07] [worker #18] Bootstrap tree #307, logLikelihood: -1211.943095
[00:00:07] [worker #2] Bootstrap tree #291, logLikelihood: -1174.549629
[00:00:07] [worker #1] Bootstrap tree #290, logLikelihood: -1210.568163
[00:00:07] [worker #11] Bootstrap tree #300, logLikelihood: -1214.813496
[00:00:07] [worker #23] Bootstrap tree #312, logLikelihood: -1200.252161
[00:00:07] [worker #26] Bootstrap tree #315, logLikelihood: -1201.102659
[00:00:07] [worker #8] Bootstrap tree #297, logLikelihood: -1275.988441
[00:00:07] [worker #28] Bootstrap tree #317, logLikelihood: -1267.097822
-1220.761983
[00:00:07] [worker #22] Bootstrap tree #311, logLikelihood: -1225.884761
[00:00:07] [worker #30] Bootstrap tree #319, logLikelihood: -1224.275977
[00:00:07] [worker #13] Bootstrap tree #302, logLikelihood: -1195.069410
[00:00:07] [worker #20] Bootstrap tree #309, logLikelihood: -1246.127261
[00:00:07] [worker #15] Bootstrap tree #304, logLikelihood: -1190.238222
[00:00:07] [worker #14] Bootstrap tree #303, logLikelihood: -1207.492459
07] [worker #29] Bootstrap tree #318, logLikelihood: -1247.301462
[00:00:07] [worker #27] Bootstrap tree #316, logLikelihood: -1244.435367
[00:00:08] [worker #0] Bootstrap tree #289, logLikelihood: -1217.275799
[00:00:09] [worker #29] Bootstrap tree #350, logLikelihood: -1189.710608
[00:00:09] [worker #7] Bootstrap tree #328, logLikelihood: -1208.518565
[00:00:09] [worker #23] Bootstrap tree #344, logLikelihood: -1212.686182
[00:00:09] [worker #18] Bootstrap tree #339, logLikelihood: -1233.041229
[00:00:09] [worker #1] Bootstrap tree #322, logLikelihood: -1230.126166
[00:00:09] [worker #15] Bootstrap tree #336, logLikelihood: -1233.749556
[00:00:09] [worker #24] Bootstrap tree #345, logLikelihood: -1192.895558
00:00:09] [worker #30] Bootstrap tree #351, logLikelihood: -1231.523738
[00:00:09] [worker #10] Bootstrap tree #331, logLikelihood: -1175.047900
[00:00:09] [worker #28] Bootstrap tree #349, logLikelihood: -1232.549655
[00:00:09] [worker #27] Bootstrap tree #348, logLikelihood: -1172.185034
[00:00:09] [worker #22] Bootstrap tree #343, logLikelihood: -1234.260051
[00:00:09] [worker #12] Bootstrap tree #333, logLikelihood: -1266.024688
[00:00:09] [worker #21] Bootstrap tree #342, logLikelihood: -1205.024868
[00:00:09] [worker #5] Bootstrap tree #326, logLikelihood: -1171.260994
[00:00:09] [worker #25] Bootstrap tree #346, logLikelihood: -1233.021492
[00:00:09] [worker #6] Bootstrap tree #327, logLikelihood: -1260.045926
[00:00:09] [worker #11] Bootstrap tree #332, logLikelihood: -1213.365551
-1236.895971
[00:00:09] [worker #20] Bootstrap tree #341, logLikelihood: -1244.251983
[00:00:09] [worker #17] Bootstrap tree #338, logLikelihood: -1184.695803
[00:00:09] [worker #14] Bootstrap tree #335, logLikelihood: -1205.785952
[00:00:09] [worker #19] Bootstrap tree #340, logLikelihood: -1134.441932
[00:00:09] [worker #9] Bootstrap tree #330, logLikelihood: -1219.685967
[00:00:09] [worker #3] Bootstrap tree #324, logLikelihood: -1189.729136
[00:00:09] [worker #2] Bootstrap tree #323, logLikelihood: -1257.111661
[00:00:09] [worker #13] Bootstrap tree #334, logLikelihood: -1214.226309
[00:00:09] [worker #0] Bootstrap tree #321, logLikelihood: -1198.636418
-1187.280634
[00:00:09] [worker #4] Bootstrap tree #325, logLikelihood: -1221.212235
[00:00:09] [worker #31] Bootstrap tree #352, logLikelihood: -1189.544819
[00:00:09] [worker #16] Bootstrap tree #337, logLikelihood: -1205.959678
[00:00:09] [worker #7] Bootstrap tree #360, logLikelihood: -1207.759239
[00:00:09] [worker #23] Bootstrap tree #376, logLikelihood: -1257.101254
[00:00:09] [worker #12] Bootstrap tree #365, logLikelihood: -1226.526259
[00:00:09] [worker #5] Bootstrap tree #358, logLikelihood: -1227.144333
[00:00:09] [worker #1] Bootstrap tree #354, logLikelihood: -1190.033528
[00:00:09] [worker #18] Bootstrap tree #371, logLikelihood: -1191.659987
[00:00:09] [worker #22] Bootstrap tree #375, logLikelihood: -1244.022525
[00:00:09] [worker #30] Bootstrap tree #383, logLikelihood: -1195.031865
[00:00:09] [worker #15] Bootstrap tree #368, logLikelihood: -1180.045348
[00:00:09] [worker #24] Bootstrap tree #377, logLikelihood: -1222.950718
[00:00:09] [worker #14] Bootstrap tree #367, logLikelihood: -1190.406105
[00:00:09] [worker #27] Bootstrap tree #380, logLikelihood: -1206.700702
[00:00:09] [worker #10] Bootstrap tree #363, logLikelihood: -1182.512178
[00:00:09] [worker #21] Bootstrap tree #374, logLikelihood: -1213.388125
[00:00:09] [worker #13] Bootstrap tree #366, logLikelihood: -1173.143306
[00:00:09] [worker #29] Bootstrap tree #382, logLikelihood: -1223.343070
[00:00:09] [worker #20] Bootstrap tree #373, logLikelihood: -1192.380586
[00:00:09] [worker #6] Bootstrap tree #359, logLikelihood: -1207.609008
[00:00:09] [worker #11] Bootstrap tree #364, logLikelihood: -1212.464817
[00:00:09] [worker #25] Bootstrap tree #378, logLikelihood: -1205.069982
[00:00:09] [worker #31] Bootstrap tree #384, logLikelihood: -1215.954836
[00:00:09] [worker #8] Bootstrap tree #361, logLikelihood: -1283.949524
[00:00:09] [worker #17] Bootstrap tree #370, logLikelihood: -1247.601066
00:00:09] [worker #9] Bootstrap tree #362, logLikelihood: -1218.668133
[00:00:09] [worker #19] Bootstrap tree #372, logLikelihood: -1160.856330
[00:00:09] [worker #4] Bootstrap tree #357, logLikelihood: -1215.962555
[00:00:09] [worker #28] Bootstrap tree #381, logLikelihood: -1220.218417
[00:00:09] [worker #26] Bootstrap tree #379, logLikelihood: -1232.400402
[00:00:09] [worker #3] Bootstrap tree #356, logLikelihood: -1215.912096
[00:00:09] [worker #2] Bootstrap tree #355, logLikelihood: -1278.383020
[00:00:09] [worker #0] Bootstrap tree #353, logLikelihood: -1210.620107
[00:00:09] [worker #16] Bootstrap tree #369, logLikelihood: -1217.303386
[00:00:10] [worker #11] Bootstrap tree #396, logLikelihood: -1178.269391
[00:00:10] [worker #12] Bootstrap tree #397, logLikelihood: -1148.030110
[00:00:10] [worker #3] Bootstrap tree #388, logLikelihood: -1244.395483
[00:00:11] [worker #27] Bootstrap tree #412, logLikelihood: -1158.299333
[00:0:11] [worker #4] Bootstrap tree #389, logLikelihood: 0:00:11] [worker #14] Bootstrap tree #399, logLikelihood: -1206.162410
00[:0:11] [worker #4] Bootstrap tree #389, logLikelihood: 0:00:11] [worker #14] Bootstrap tree #399, logLikelihood: -1206.162410
-1238.692646
:00:11] [worker #9] Bootstrap tree #394, logLikelihood: -1221.907960
-1226.427362
[00:00:11] [worker #5] Bootstrap tree #390, logLikelihood: -1167.200243
[00:00:11] [worker #13] Bootstrap tree #398, logLikelihood: -1207.217442
[00:00:11] [worker #25] Bootstrap tree #410, logLikelihood: -1234.352443
[00:00:11] [worker #15] Bootstrap tree #400, logLikelihood: -1237.297407
[00:00:11] [worker #21] Bootstrap tree #406, logLikelihood: -1190.750067
[00:00:11] [worker #22] Bootstrap tree #407, logLikelihood: -1235.345858
[00:00:11] [worker #31] Bootstrap tree #416, logLikelihood: -1172.863229
[00:00:11] [worker #10] Bootstrap tree #395, logLikelihood: -1223.503959
[00:00:11] [worker #30] Bootstrap tree #415, logLikelihood: -1188.634397
[00:00:11] [worker #20] Bootstrap tree #405, logLikelihood: -1226.232308
[00:00:11] [worker #26] Bootstrap tree #411, logLikelihood: -1239.697713
[00:00:11] [worker #19] Bootstrap tree #404, logLikelihood: -1179.915917
[[[00:00:11] [worker #16] Bootstrap tree #401, logLikelihood: -1205.488786
-1180.170352 [worker #16] Bootstrap tree #401, logLikelihood: -1205.488786
:00:11] [worker #6] Bootstrap tree #391, logLikelihood: 0:00:11] [worker #28] Bootstrap tree #413, logLikelihood: -1191.637424

[00:00:11] [worker #1] Bootstrap tree #386, logLikelihood: -1216.473090
[00:00:11] [worker #18] Bootstrap tree #403, logLikelihood: -1185.775464
[00:00:11] [worker #0] Bootstrap tree #385, logLikelihood: -1233.899962
[00:00:11] [worker #29] Bootstrap tree #414, logLikelihood: -1197.980556
[00:00:11] [worker #7] Bootstrap tree #392, logLikelihood: -1184.794453
[00:00:11] [worker #23] Bootstrap tree #408, logLikelihood: -1257.251434
[00:00:11] [worker #12] Bootstrap tree #429, logLikelihood: -1216.943502
[00:00:11] [worker #24] Bootstrap tree #409, logLikelihood: -1238.198295
[00:00:11] [worker #11] Bootstrap tree #428, logLikelihood: -1192.476649
[00:00:11] [worker #17] Bootstrap tree #402, logLikelihood: -1225.684406
[00:00:11] [worker #2] Bootstrap tree #387, logLikelihood: -1260.432253
[00:00:11] [worker #3] Bootstrap tree #420, logLikelihood: -1272.371531
[00:00:11] [worker #26] Bootstrap tree #443, logLikelihood: -1181.758129
[00:00:11] [worker #15] Bootstrap tree #432, logLikelihood: -1247.987566
[00:00:11] [worker #27] Bootstrap tree #444, logLikelihood: -1195.583059
[00:00:11] [worker #10] Bootstrap tree #427, logLikelihood: -1271.110533
[00:00:11] [worker #22] Bootstrap tree #439, logLikelihood: -1193.898408
[00:00:11] [worker #13] Bootstrap tree #430, logLikelihood: -1236.409817
[00:00:11] [worker #20] Bootstrap tree #437, logLikelihood: -1259.174963
[00:00:11] [worker #4] Bootstrap tree #421, logLikelihood: -1253.326502
[00:00:11] [worker #24] Bootstrap tree #441, logLikelihood: -1200.440861
[00:00:11] [worker #21] Bootstrap tree #438, logLikelihood: -1181.610826
[00:00:11] [worker #5] Bootstrap tree #422, logLikelihood: -1239.820181
[00:00:11] [worker #9] Bootstrap tree #426, logLikelihood: -1264.168141
[00:00:11] [worker #7] Bootstrap tree #424, logLikelihood: -1215.776578
[00:00:11] [worker #31] Bootstrap tree #448, logLikelihood: -1223.890014
[00:00:11] [worker #25] Bootstrap tree #442, logLikelihood: -1188.752225
[00:00:11] [worker #19] Bootstrap tree #436, logLikelihood: -1226.595037
[00:00:11] [worker #8] Bootstrap tree #425, logLikelihood: -1174.805702
[00:00:11] [worker #30] Bootstrap tree #447, logLikelihood: -1237.124013
[00:00:11] [worker #14] Bootstrap tree #431, logLikelihood: -1235.610656
[00:00:11] [worker #6] Bootstrap tree #423, logLikelihood: -1235.702486
[00:00:11] [worker #28] Bootstrap tree #445, logLikelihood: -1237.803768
[00:00:11] [worker #29] Bootstrap tree #446, logLikelihood: -1201.165180
[00:00:11] [worker #1] Bootstrap tree #418, logLikelihood: -1211.234950
[00:00:11] [worker #18] Bootstrap tree #435, logLikelihood: -1218.177114
[00:00:11] [worker #16] Bootstrap tree #433, logLikelihood: -1160.759459
[00:00:11] [worker #23] Bootstrap tree #440, logLikelihood: -1238.987302
[00:00:11] [worker #17] Bootstrap tree #434, logLikelihood: -1151.710568
[00:00:11] [worker #2] Bootstrap tree #419, logLikelihood: -1231.957626
[00:00:11] [worker #0] Bootstrap tree #417, logLikelihood: -1246.240110
[00:00:12] [worker #15] Bootstrap tree #464, logLikelihood: -1198.842121
[00:00:13] [worker #5] Bootstrap tree #454, logLikelihood: -1197.199130
[00:00:13] [worker #31] Bootstrap tree #480, logLikelihood: -1227.531171
[00:00:13] [worker #9] Bootstrap tree #458, logLikelihood: -1157.198200
[00:00:13] [worker #1] Bootstrap tree #450, logLikelihood: -1245.711088
-1243.972945[
00:00:13] [worker #10] Bootstrap tree #459, logLikelihood: -1282.552915
[00:00:13] [worker #27] Bootstrap tree #476, logLikelihood: -1160.694574
[00:00:13] [worker #20] Bootstrap tree #469, logLikelihood: -1266.824889
[00:00:13] [worker #26] Bootstrap tree #475, logLikelihood: -1268.226689
[00:00:13] [worker #29] Bootstrap tree #478, logLikelihood: -1231.045719
[00:00:13] [worker #3] Bootstrap tree #452, logLikelihood: -1242.551009
[00:00:13] [worker #11] Bootstrap tree #460, logLikelihood: -1188.933873
[00:00:13] [worker #30] Bootstrap tree #479, logLikelihood: -1186.666129
[00:00:13] [worker #12] Bootstrap tree #461, logLikelihood: -1195.121764
[00:00:13] [worker #28] Bootstrap tree #477, logLikelihood: -1191.459638
[00:00:13] [worker #8] Bootstrap tree #457, logLikelihood: -1197.242981
[[00:00:13] [worker #17] Bootstrap tree #466, logLikelihood: -1193.842583
, logLikelihood: -1197.546790
[00:00:13] [worker #19] Bootstrap tree #468, logLikelihood: -1244.046981
[00:00:13] [worker #24] Bootstrap tree #473, logLikelihood: -1258.207311
-1199.402462
[00:00:13] [worker #0] Bootstrap tree #449, logLikelihood: -1203.703779
[00:00:13] [worker #23] Bootstrap tree #472, logLikelihood: -1207.268400
[00:00:13] [worker #16] Bootstrap tree #465, logLikelihood: -1188.861074
[00:00:13] [worker #25] Bootstrap tree #474, logLikelihood: -1197.287025
[00:00:13] [worker #6] Bootstrap tree #455, logLikelihood: -1268.026054
[00:00:13] [worker #13] Bootstrap tree #462, logLikelihood: -1163.897706
[00:00:13] [worker #14] Bootstrap tree #463, logLikelihood: -1233.413914
[00:00:13] [worker #2] Bootstrap tree #451, logLikelihood: -1246.612053
[00:00:13] [worker #15] Bootstrap tree #496, logLikelihood: -1162.504298
[00:00:13] [worker #5] Bootstrap tree #486, logLikelihood: -1221.430632
[00:00:13] [worker #7] Bootstrap tree #456, logLikelihood: -1246.198745
[00:00:13] [worker #22] Bootstrap tree #471, logLikelihood: -1233.120228
[00:00:13] [worker #27] Bootstrap tree #508, logLikelihood: -1215.679432
[00:00:13] [worker #31] Bootstrap tree #512, logLikelihood: -1247.042212
[00:00:13] [worker #10] Bootstrap tree #491, logLikelihood: -1236.795158
[00:00:13] [worker #4] Bootstrap tree #485, logLikelihood: -1183.839299
[00:00:13] [worker #21] Bootstrap tree #502, logLikelihood: -1235.562766
[00:00:13] [worker #29] Bootstrap tree #510, logLikelihood: -1210.575566
[00:00:13] [worker #8] Bootstrap tree #489, logLikelihood: -1237.376561
[00:0[:13] 00[worker #11] Bootstrap tree #00:13] [worker #30] Bootstrap tree #511, logLikelihood: -1209.466465
[00:0[:13] 00[worker #11] Bootstrap tree #00:13] [worker #30] Bootstrap tree #511, logLikelihood: -1209.466465
, logLikelihood: -1184.787688
[00:00:13] [worker #1] Bootstrap tree #482, logLikelihood: -1239.860008
[00:00:13] [worker #26] Bootstrap tree #507, logLikelihood: -1205.620792
[00:00:13] [worker #12] Bootstrap tree #493, logLikelihood: -1258.489130
[00:00:13] [worker #20] Bootstrap tree #501, logLikelihood: -1230.929239
[00:00:13] [worker #16] Bootstrap tree #497, logLikelihood: -1230.817573
[00:00:13] [worker #13] Bootstrap tree #494, logLikelihood: -1208.092676
[00:00:13] [worker #17] Bootstrap tree #498, logLikelihood: -1225.252727
[00:00:13] [worker #19] Bootstrap tree #500, logLikelihood: -1255.082289
[00:00:13] [worker #9] Bootstrap tree #490, logLikelihood: -1246.453328
[00:00:13] [worker #14] Bootstrap tree #495, logLikelihood: -1216.785500
[[00:00:13] [worker #3] Bootstrap tree #484, logLikelihood: 00:00:13] -1210.558847[worker #23] Bootstrap tree #504, logLikelihood: 
[[00:00:13] [worker #3] Bootstrap tree #484, logLikelihood: 00:00:13] -1210.558847[worker #23] Bootstrap tree #504, logLikelihood: 
-1178.879008
[00:00:13] [worker #18] Bootstrap tree #499, logLikelihood: -1189.698479
[00:00:13] [worker #28] Bootstrap tree #509, logLikelihood: -1221.684795
[00:00:13] [worker #24] Bootstrap tree #505, logLikelihood: -1212.432656
[00:00:13] [worker #25] Bootstrap tree #506, logLikelihood: -1182.210593
[00:00:13] [worker #2] Bootstrap tree #483, logLikelihood: -1206.170841
[00:00:13] [worker #6] Bootstrap tree #487, logLikelihood: -1212.975251
[00:00:13] [worker #22] Bootstrap tree #503, logLikelihood: -1194.071831
[00:00:13] [worker #7] Bootstrap tree #488, logLikelihood: -1213.817718
[00:00:13] [worker #0] Bootstrap tree #481, logLikelihood: -1232.300437
[00:00:15] [worker #13] Bootstrap tree #526, logLikelihood: -1184.336431
[00:00:15] [worker #16] Bootstrap tree #529, logLikelihood: -1145.081861
[00:00:15] [worker #7] Bootstrap tree #520, logLikelihood: -1233.713997
[00:00:15] [worker #15] Bootstrap tree #528, logLikelihood: -1184.564713
[00:00:15] [worker #2] Bootstrap tree #515, logLikelihood: -1228.908295
[00:00:15] [worker #28] Bootstrap tree #541, logLikelihood: -1113.997904
[00:00:15] [worker #1] Bootstrap tree #514, logLikelihood: -1180.795817
[00:00:15] [worker #19] Bootstrap tree #532, logLikelihood: -1163.737418
[00:00:15] [worker #22] Bootstrap tree #535, logLikelihood: -1235.897079
[00:00:15] [worker #9] Bootstrap tree #522, logLikelihood: -1186.773161
[00:00:15] [worker #3] Bootstrap tree #516, logLikelihood: -1262.754141
[00:00:15] [worker #26] Bootstrap tree #539, logLikelihood: -1283.897518
[00:00:15] [worker #23] Bootstrap tree #536, logLikelihood: -1119.641567
[00:00:15] [worker #11] Bootstrap tree #524, logLikelihood: -1196.661616
[00:00:15] [worker #8] Bootstrap tree #521, logLikelihood: -1238.557833
[00:00:15] [worker #24] Bootstrap tree #537, logLikelihood: -1215.387292
[00:00:15] [worker #4] Bootstrap tree #517, logLikelihood: -1225.246610
[worker #25] Bootstrap tree #538, logLikelihood: -1270.976712
[00:00:15] [worker #31] Bootstrap tree #544, logLikelihood: -1231.528010
[00:00:15] [worker #21] Bootstrap tree #534, logLikelihood: -1219.481292
[00:00:15] [worker #20] Bootstrap tree #533, logLikelihood: -1261.701411
[00:00:15] [worker #27] Bootstrap tree #540, logLikelihood: -1230.531280
[00:00:15] [worker #29] Bootstrap tree #542, logLikelihood: -1221.844339
[00:00:15] [worker #12] Bootstrap tree #525, logLikelihood: -1226.879201
[00:00:16] [worker #6] Bootstrap tree #519, logLikelihood: -1206.650552
[00:00:16] [worker #30] Bootstrap tree #543, logLikelihood: -1225.100446
[00:00:16] [worker #5] Bootstrap tree #518, logLikelihood: -1203.762943
[00:00:16] [worker #14] Bootstrap tree #527, logLikelihood: -1186.067419
[00:00:16] [worker #17] Bootstrap tree #530, logLikelihood: -1180.039662
[00:00:16] [worker #10] Bootstrap tree #523, logLikelihood: -1222.279920
[00:00:16] [worker #0] Bootstrap tree #513, logLikelihood: -1187.482681
[00:00:16] [worker #18] Bootstrap tree #531, logLikelihood: -1287.780618
[00:00:16] [worker #1] Bootstrap tree #546, logLikelihood: -1208.145830
[00:00:16] [worker #11] Bootstrap tree #556, logLikelihood: -1182.212510
[00:00:16] [worker #16] Bootstrap tree #561, logLikelihood: -1210.042965
[00:00:16] [worker #28] Bootstrap tree #573, logLikelihood: -1226.020940
[00:00:16] [worker #2] Bootstrap tree #547, logLikelihood: -1209.097122
[00:00:16] [worker #7] Bootstrap tree #552, logLikelihood: -1195.720408
[00:00:16] [worker #3] Bootstrap tree #548, logLikelihood: -1271.911756
[00:00:16] [worker #13] Bootstrap tree #558, logLikelihood: -1222.644826
[00:00:16] [worker #15] Bootstrap tree #560, logLikelihood: -1226.617277
[00:00:16] [worker #4] Bootstrap tree #549, logLikelihood: -1200.810056
[00:00:16] [worker #6] Bootstrap tree #551, logLikelihood: -1195.720669
[00:00:16] [worker #8] Bootstrap tree #553, logLikelihood: -1189.438968
[00:00:16] [worker #29] Bootstrap tree #574, logLikelihood: -1188.595602
[00:00:16] [worker #12] Bootstrap tree #557, logLikelihood: -1179.596420
[00:00:16] [worker #26] Bootstrap tree #571, logLikelihood: -1207.236331
[00:00:16] [worker #9] Bootstrap tree #554, logLikelihood: -1283.526434
[00:00:16] [worker #14] Bootstrap tree #559, logLikelihood: -1241.920896
[00:00:16] [worker #19] Bootstrap tree #564, logLikelihood: -1200.680943
[00:00:16] [worker #31] Bootstrap tree #576, logLikelihood: -1242.966917
[00:00:16] [worker #21] Bootstrap tree #566, logLikelihood: -1239.402381
[00:00:16] [worker #23] Bootstrap tree #568, logLikelihood: -1237.491038
[00:00:16] [worker #30] Bootstrap tree #575, logLikelihood: -1186.840800
[00:00:16] [worker #22] Bootstrap tree #567, logLikelihood: -1202.713360
[00:00:16] [worker #25] Bootstrap tree #570, logLikelihood: -1236.967547
[[00:00:16] [worker #5] Bootstrap tree #550, logLikelihood: -1199.662704
00:00:16] [worker #20] Bootstrap tree #565, logLikelihood: -1168.342537
[00:00:16] [worker #27] Bootstrap tree #572, logLikelihood: -1191.176954
[00:00:16] [worker #24] Bootstrap tree #569, logLikelihood: -1231.355457
[00:00:16] [worker #17] Bootstrap tree #562, logLikelihood: -1176.736291
[00:00:16] [worker #10] Bootstrap tree #555, logLikelihood: -1197.700963
[00:00:16] [worker #18] Bootstrap tree #563, logLikelihood: -1227.202211
[00:00:16] [worker #0] Bootstrap tree #545, logLikelihood: -1221.602792
[00:00:18] [worker #2] Bootstrap tree #579, logLikelihood: -1226.170728
[00:00:18] [worker #7] Bootstrap tree #584, logLikelihood: -1303.041303
[00:00:18] [worker #4] Bootstrap tree #581, logLikelihood: -1178.036586
[00:00:18] [worker #5] Bootstrap tree #582, logLikelihood: -1210.217177
[00:00:18] [worker #27] Bootstrap tree #604, logLikelihood: -1189.854297
[00:00:18] [worker #15] Bootstrap tree #592, logLikelihood: -1150.914331
[00:00:18] [worker #3] Bootstrap tree #580, logLikelihood: -1210.909195
[00:00:18] [worker #29] Bootstrap tree #606, logLikelihood: -1201.289422
[00:00:18] [worker #11] Bootstrap tree #588, logLikelihood: -1193.550494
-1139.829869[[
:00:18] [worker #28] Bootstrap tree #605, logLikelihood: -1228.196654
-1221.438261
[00:00:18] [worker #24] Bootstrap tree #601, logLikelihood: -1198.756829
[00:00:18] [worker #14] Bootstrap tree #591, logLikelihood: -1171.722531
[00:00:18] [worker #1] Bootstrap tree #578, logLikelihood: -1238.537163
[00:00:18] [worker #9] Bootstrap tree #586, logLikelihood: -1248.251411
[00:00:18] [worker #22] Bootstrap tree #599, logLikelihood: -1262.579266
[[00:00:18] [worker #19] Bootstrap tree #596, logLikelihood: -1227.782566
[[00:00:18] [worker #19] Bootstrap tree #596, logLikelihood: -1227.782566
00:00:18] [worker #25] Bootstrap tree #602, logLikelihood: -1260.103774
[00:00:18] [worker #21] Bootstrap tree #598, logLikelihood: -1225.955131
[00:00:18] [worker #18] Bootstrap tree #595, logLikelihood: -1182.828424
[00:00:18] [worker #23] Bootstrap tree #600, logLikelihood: -1224.234838
[00:00:18] [worker #26] Bootstrap tree #603, logLikelihood: -1248.497966
00:00:18] [worker #10] Bootstrap tree #587, logLikelihood: -1228.964778
[00:00:18] [worker #12] Bootstrap tree #589, logLikelihood: -1240.088244
[00:00:18] [worker #8] Bootstrap tree #585, logLikelihood: -1208.437514
[00:00:18] [worker #0] Bootstrap tree #577, logLikelihood: -1228.507434
[00:00:18] [worker #16] Bootstrap tree #593, logLikelihood: -1223.135107
[00:00:18] [worker #2] Bootstrap tree #611, logLikelihood: -1184.092348
[00:00:18] [worker #17] Bootstrap tree #594, logLikelihood: -1239.873796
[00:00:19] [worker #20] Bootstrap tree #597, logLikelihood: -1199.237032
[00:00:19] [worker #30] Bootstrap tree #607, logLikelihood: -1262.002973
[00:00:19] [worker #6] Bootstrap tree #583, logLikelihood: -1251.709340
[00:00:19] [worker #21] Bootstrap tree #630, logLikelihood: -1214.354365
[00:00:19] [worker #29] Bootstrap tree #638, logLikelihood: -1221.897700
[00:00:19] [worker #3] Bootstrap tree #612, logLikelihood: -1195.674665
[00:00:19] [worker #4] Bootstrap tree #613, logLikelihood: -1223.542225
[00:00:19] [worker #19] Bootstrap tree #628, logLikelihood: -1196.534986
[00:00:19] [worker #5] Bootstrap tree #614, logLikelihood: -1238.374737
[00:00:19] [worker #15] Bootstrap tree #624, logLikelihood: -1207.282358
[00:00:19] [worker #18] Bootstrap tree #627, logLikelihood: -1228.711475
[00:00:19] [worker #7] Bootstrap tree #616, logLikelihood: -1194.571308
[00:00:19] [worker #28] Bootstrap tree #637, logLikelihood: -1229.434350
[00:00:19] [worker #27] Bootstrap tree #636, logLikelihood: -1272.825673
[00:00:19] [worker #25] Bootstrap tree #634, logLikelihood: -1237.545383
[00:00:19] [worker #22] Bootstrap tree #631, logLikelihood: -1265.608524
[00:00:19] [worker #24] Bootstrap tree #633, logLikelihood: -1207.474560
[00:00:19] [worker #26] Bootstrap tree #635, logLikelihood: -1163.565168
[00:00:19] [worker #23] Bootstrap tree #632, logLikelihood: -1113.111005
[00:00:19] [worker #31] Bootstrap tree #640, logLikelihood: -1214.980206
[00:00:19] [worker #10] Bootstrap tree #619, logLikelihood: -1175.845988
[00:00:19] [worker #14] Bootstrap tree #623, logLikelihood: -1207.259830
[00:00:19] [worker #11] Bootstrap tree #620, logLikelihood: -1203.590178
[00:00:19] [worker #1] Bootstrap tree #610, logLikelihood: -1195.846191
[00:00:19] [worker #13] Bootstrap tree #622, logLikelihood: -1192.508701
[00:00:19] [worker #9] Bootstrap tree #618, logLikelihood: -1267.974044
[00:00:19] [worker #17] Bootstrap tree #626, logLikelihood: -1210.803369
[00:00:19] [worker #16] Bootstrap tree #625, logLikelihood: -1212.450398
[00:00:19] [worker #8] Bootstrap tree #617, logLikelihood: -1217.845194
[00:00:19] [worker #12] Bootstrap tree #621, logLikelihood: -1290.667112
[00:00:19] [worker #20] Bootstrap tree #629, logLikelihood: -1199.548390
[00:00:19] [worker #6] Bootstrap tree #615, logLikelihood: -1197.478973
[00:00:19] [worker #30] Bootstrap tree #639, logLikelihood: -1225.779878
[00:00:19] [worker #0] Bootstrap tree #609, logLikelihood: -1204.350554
[00:00:21] [worker #25] Bootstrap tree #666, logLikelihood: -1146.721941
[00:00:21] [worker #19] Bootstrap tree #660, logLikelihood: -1163.562126
[00:00:21] [worker #27] Bootstrap tree #668, logLikelihood: -1187.304654
[00:00:21] [worker #4] Bootstrap tree #645, logLikelihood: -1226.649757
[00:00:21] [worker #9] Bootstrap tree #650, logLikelihood: -1235.113916
00:00:21] [worker #28] Bootstrap tree #669, logLikelihood: -1179.488734
[00:00:21] [worker #13] Bootstrap tree #654, logLikelihood: -1242.003406
[00:00:21] [worker #12] Bootstrap tree #653, logLikelihood: -1205.841600
[00:00:21] [worker #7] Bootstrap tree #648, logLikelihood: -1204.223111
[00:00:21] [worker #15] Bootstrap tree #656, logLikelihood: -1206.095659
[00:00:21] [worker #3] Bootstrap tree #644, logLikelihood: -1272.023369
[00:00:21] [worker #24] Bootstrap tree #665, logLikelihood: -1205.930468
[00:00:21] [worker #14] Bootstrap tree #655, logLikelihood: -1187.170032
[00:00:21] [worker #22] Bootstrap tree #663, logLikelihood: -1162.412633
[00:00:21] [worker #8] Bootstrap tree #649, logLikelihood: -1245.409419
[00:00:21] [worker #11] Bootstrap tree #652, logLikelihood: -1214.965045
[00:00:21] [worker #16] Bootstrap tree #657, logLikelihood: -1204.782725
[00:00:21] [worker #1] Bootstrap tree #642, logLikelihood: -1234.066930
[00:00:21] [worker #30] Bootstrap tree #671, logLikelihood: -1221.260991
[00:00:21] [worker #2] Bootstrap tree #643, logLikelihood: -1215.869613
[00:00:21] [worker #23] Bootstrap tree #664, logLikelihood: -1196.684631
[00:00:21] [worker #29] Bootstrap tree #670, logLikelihood: -1258.865297
[00:00:21] [worker #26] Bootstrap tree #667, logLikelihood: -1244.511172
[00:00:21] [worker #10] Bootstrap tree #651, logLikelihood: -1232.764658
[00:00:21] [worker #6] Bootstrap tree #647, logLikelihood: -1214.146768
[00:00:21] [worker #17] Bootstrap tree #658, logLikelihood: -1189.480303
[00:00:21] [worker #20] Bootstrap tree #661, logLikelihood: -1230.105466
[00:00:21] [worker #18] Bootstrap tree #659, logLikelihood: -1190.583209
[00:00:21] [worker #21] Bootstrap tree #662, logLikelihood: -1232.571409
[00:00:21] [worker #5] Bootstrap tree #646, logLikelihood: -1193.313727
[00:00:21] [worker #0] Bootstrap tree #641, logLikelihood: -1215.644416
[00:00:21] [worker #31] Bootstrap tree #672, logLikelihood: -1207.842980
[00:00:21] [worker #19] Bootstrap tree #692, logLikelihood: -1200.687025
[00:00:21] [worker #25] Bootstrap tree #698, logLikelihood: -1196.799837
[00:00:21] [worker #4] Bootstrap tree #677, logLikelihood: -1223.497003
[00:00:21] [worker #27] Bootstrap tree #700, logLikelihood: -1213.117507
[00:00:21] [worker #1] Bootstrap tree #674, logLikelihood: -1201.446671
[00:00:21] [worker #28] Bootstrap tree #701, logLikelihood: -1248.072730
[00:00:21] [worker #8] Bootstrap tree #681, logLikelihood: -1239.515565
[00:00:21] [worker #22] Bootstrap tree #695, logLikelihood: -1189.035812
[00:00:21] [worker #23] Bootstrap tree #696, logLikelihood: -1147.396982
[00:00:21] [worker #7] Bootstrap tree #680, logLikelihood: -1154.466647
[00:00:21] [worker #13] Bootstrap tree #686, logLikelihood: -1180.463662
[00:00:21] [worker #9] Bootstrap tree #682, logLikelihood: -1189.750101
[00:00:21] [worker #14] Bootstrap tree #687, logLikelihood: -1215.464228
[00:00:21] [worker #17] Bootstrap tree #690, logLikelihood: -1208.412117
[00:00:21] [worker #10] Bootstrap tree #683, logLikelihood: -1167.013107
[00:00:21] [worker #26] Bootstrap tree #699, logLikelihood: -1220.566360
[00:00:21] [worker #11] Bootstrap tree #684, logLikelihood: -1256.394889
00:00:21] [worker #24] Bootstrap tree #697, logLikelihood: -1188.953239
[00:00:21] [worker #21] Bootstrap tree #694, logLikelihood: -1198.124428
[00:00:21] [worker #29] Bootstrap tree #702, logLikelihood: -1193.453427
[00:00:21] [worker #15] Bootstrap tree #688, logLikelihood: -1208.351959
[00:00:21] [worker #20] Bootstrap tree #693, logLikelihood: -1210.695641
[00:00:21] [worker #16] Bootstrap tree #689, logLikelihood: -1284.374808
[00:00:21] [worker #30] Bootstrap tree #703, logLikelihood: -1244.836374
[00:00:21] [worker #18] Bootstrap tree #691, logLikelihood: -1283.320646
[00:00:21] [worker #6] Bootstrap tree #679, logLikelihood: -1203.349479
[00:00:21] [worker #2] Bootstrap tree #675, logLikelihood: -1256.905935
[00:00:21] [worker #12] Bootstrap tree #685, logLikelihood: -1200.974397
[00:00:21] [worker #5] Bootstrap tree #678, logLikelihood: -1264.400048
[00:00:21] [worker #3] Bootstrap tree #676, logLikelihood: -1281.505389
[00:00:21] [worker #0] Bootstrap tree #673, logLikelihood: -1182.531158
[00:00:21] [worker #31] Bootstrap tree #704, logLikelihood: -1214.351602
[00:00:24] [worker #21] Bootstrap tree #726, logLikelihood: -1189.178801
[00:00:24] [worker #25] Bootstrap tree #730, logLikelihood: -1198.362180
[00:00:24] [worker #11] Bootstrap tree #716, logLikelihood: -1234.971489
[00:00:24] [worker #17] Bootstrap tree #722, logLikelihood: -1152.267999
[00:00:24] [worker #13] Bootstrap tree #718, logLikelihood: -1228.064236
[[00:00:24] [worker #26] Bootstrap tree #731, logLikelihood: -1222.060153:00:24] 
[[00:00:24] [worker #26] Bootstrap tree #731, logLikelihood: -1222.060153:00:24] 
[worker #9] Bootstrap tree #714, logLikelihood: -1177.817739
[00:00:24] [worker #5] Bootstrap tree #710, logLikelihood: -1264.609622
[00:00:24] [worker #30] Bootstrap tree #735, logLikelihood: -1182.871984
[00:00:24] [worker #31] Bootstrap tree #736, logLikelihood: -1168.164735
[00:00:24] [worker #29] Bootstrap tree #734, logLikelihood: -1259.840579
[00:00:24] [worker #22] Bootstrap tree #727, logLikelihood: -1230.890530
[00:00:24] [worker #10] Bootstrap tree #715, logLikelihood: -1250.697198
[[00:00:24] [worker #8] Bootstrap tree #713, logLikelihood: -1262.308855
-1224.211038[00:00:24] [worker #27] Bootstrap tree #732, logLikelihood: [00
-1163.434777[00:00:24] [worker #27] Bootstrap tree #732, logLikelihood: [00
:0:24] [worker #16] 

[00:00:24] [worker #24] Bootstrap tree #729, logLikelihood: -1192.307597
[00:00:24] [worker #14] Bootstrap tree #719, logLikelihood: -1211.809330
[00:00:24] [worker #4] Bootstrap tree #709, logLikelihood: -1240.484586
[00:00:24] [worker #6] Bootstrap tree #711, logLikelihood: -1184.648654
[00:00:24] [worker #12] Bootstrap tree #717, logLikelihood: -1214.881340
[00:00:24] [worker #7] Bootstrap tree #712, logLikelihood: -1161.450935
[00:00:24] [worker #23] Bootstrap tree #728, logLikelihood: -1209.652245
[00:00:24] [worker #18] Bootstrap tree #723, logLikelihood: -1212.324979
[00:00:24] [worker #2] Bootstrap tree #707, logLikelihood: -1276.008730
[00:00:24] [worker #20] Bootstrap tree #725, logLikelihood: -1257.170634
[00:00:24] [worker #28] Bootstrap tree #733, logLikelihood: -1152.511273
[00:00:24] [worker #1] Bootstrap tree #706, logLikelihood: -1198.479079
[00:00:24] [worker #3] Bootstrap tree #708, logLikelihood: -1207.496036
[00:00:24] [worker #15] Bootstrap tree #720, logLikelihood: -1141.763262
[00:00:24] [worker #22] Bootstrap tree #759, logLikelihood: -1192.136134
[00:00:24] [worker #30] Bootstrap tree #767, logLikelihood: -1227.764399
[00:00:24] [worker #17] Bootstrap tree #754, logLikelihood: -1210.257934
[00:00:24] [worker #13] Bootstrap tree #750, logLikelihood: -1184.549199
[00:00:24] [worker #0] Bootstrap tree #705, logLikelihood: -1232.859809
[00:00:24] [worker #11] Bootstrap tree #748, logLikelihood: -1161.899885
[00:00:24] [worker #25] Bootstrap tree #762, logLikelihood: -1192.320373
[00:00:24] [worker #27] Bootstrap tree #764, logLikelihood: -1229.415651
[00:00:24] [worker #9] Bootstrap tree #746, logLikelihood: -1156.220207
[00:00:24] [worker #29] Bootstrap tree #766, logLikelihood: -1237.590126
[00:00:24] [worker #12] Bootstrap tree #749, logLikelihood: -1201.782240
[00:00:24] [worker #31] Bootstrap tree #768, logLikelihood: -1185.754978
[00:00:24] [worker #24] Bootstrap tree #761, logLikelihood: -1247.182131
[00:00:24] [worker #18] Bootstrap tree #755, logLikelihood: -1197.752260
[00:00:24] [worker #14] Bootstrap tree #751, logLikelihood: -1209.987279
[00:00:24] [worker #26] Bootstrap tree #763, logLikelihood: -1249.646818
[00:00:24] [worker #21] Bootstrap tree #758, logLikelihood: -1208.782263
[00:00:24] [worker #5] Bootstrap tree #742, logLikelihood: -1191.304050
[00:00:24] [worker #19] Bootstrap tree #756, logLikelihood: -1272.004784
[00:00:24] [worker #7] Bootstrap tree #744, logLikelihood: -1212.457516
[00:00:24] [worker #8] Bootstrap tree #745, logLikelihood: -1276.210131
[00:00:24] [worker #10] Bootstrap tree #747, logLikelihood: -1219.423137
[00:00:24] [worker #4] Bootstrap tree #741, logLikelihood: -1229.448214
[00:00:24] [worker #2] Bootstrap tree #739, logLikelihood: -1263.656346
[00:00:24] [worker #3] Bootstrap tree #740, logLikelihood: -1267.547256
[00:00:24] [worker #23] Bootstrap tree #760, logLikelihood: -1216.275224
-1240.271985
[00:00:24] [worker #16] Bootstrap tree #753, logLikelihood: -1185.475627
[00:00:24] [worker #6] Bootstrap tree #743, logLikelihood: -1165.944208
[00:00:24] [worker #28] Bootstrap tree #765, logLikelihood: -1241.571667
[00:00:24] [worker #1] Bootstrap tree #738, logLikelihood: -1223.041296
[00:00:24] [worker #15] Bootstrap tree #752, logLikelihood: -1183.664979
[00:00:25] [worker #0] Bootstrap tree #737, logLikelihood: -1206.834251
[00:00:27] [worker #22] Bootstrap tree #791, logLikelihood: -1235.056724
[00:00:27] [worker #14] Bootstrap tree #783, logLikelihood: -1194.373886
[00:00:27] [worker #19] Bootstrap tree #788, logLikelihood: -1182.618298
00:00:27] [worker #25] Bootstrap tree #794, logLikelihood: -1237.075402
[00:00:27] [worker #7] Bootstrap tree #776, logLikelihood: -1139.330271
[00:00:27] [worker #4] Bootstrap tree #773, logLikelihood: -1209.762500
[00:00:27] [worker #5] Bootstrap tree #774, logLikelihood: -1150.669718
[00:00:27] [worker #16] Bootstrap tree #785, logLikelihood: -1177.310994
[00:00:27] [worker #23] Bootstrap tree #792, logLikelihood: -1237.697470
[00:00:27] [worker #18] Bootstrap tree #787, logLikelihood: -1173.942548
[00:00:27] [worker #11] Bootstrap tree #780, logLikelihood: -1224.699759
[00:00:27] [worker #8] Bootstrap tree #777, logLikelihood: -1267.298622
[00:00:27] [worker #30] Bootstrap tree #799, logLikelihood: -1170.669690
[00:00:27] [worker #28] Bootstrap tree #797, logLikelihood: -1227.480124
[00:00:27] [worker #21] Bootstrap tree #790, logLikelihood: -1137.931674
[00:00:27] [worker #24] Bootstrap tree #793, logLikelihood: -1277.358444
[00:00:27] [worker #20] Bootstrap tree #789, logLikelihood: -1177.723780
[00:00:27] [worker #31] Bootstrap tree #800, logLikelihood: -1253.348661
[00:00:27] [worker #3] Bootstrap tree #772, logLikelihood: -1214.451350
[00:00:27] [worker #9] Bootstrap tree #778, logLikelihood: -1212.625873
[00:00:27] [worker #15] Bootstrap tree #784, logLikelihood: -1211.921996[
-1268.745586
[00:00:27] [worker #13] Bootstrap tree #782, logLikelihood: -1201.481209
-1245.485151[00:00:27] [worker #1] Bootstrap tree #770, logLikelihood: 
-1245.485151[00:00:27] [worker #1] Bootstrap tree #770, logLikelihood: 
-1209.611243
[00:00:27] [worker #0] Bootstrap tree #769, logLikelihood: -1250.492929
[00:00:27] [worker #6] Bootstrap tree #775, logLikelihood: -1219.446713
[00:00:28] [worker #26] Bootstrap tree #795, logLikelihood: -1206.719684
[00:00:28] [worker #29] Bootstrap tree #798, logLikelihood: -1176.821567
[00:00:28] [worker #17] Bootstrap tree #786, logLikelihood: -1260.696926
[00:00:28] [worker #10] Bootstrap tree #779, logLikelihood: -1214.590436
[00:00:28] [worker #2] Bootstrap tree #771, logLikelihood: -1236.458643
[00:00:28] [worker #16] Bootstrap tree #817, logLikelihood: -1200.557347
[00:00:28] [worker #19] Bootstrap tree #820, logLikelihood: -1197.617730
[00:00:28] [worker #30] Bootstrap tree #831, logLikelihood: -1213.451812
[00:00:28] [worker #22] Bootstrap tree #823, logLikelihood: -1216.897022
[[00:00:28] [worker #4] Bootstrap tree #805, logLikelihood: -1181.765232
00:00:28] [worker #25] Bootstrap tree #826, logLikelihood: -1206.495632
[00:00:28] [worker #7] Bootstrap tree #808, logLikelihood: -1187.223588
[00:00:28] [worker #14] Bootstrap tree #815, logLikelihood: -1219.130924
[00:00:28] [worker #5] Bootstrap tree #806, logLikelihood: -1215.205059
[00:00:28] [worker #1] Bootstrap tree #802, logLikelihood: -1213.920469
[00:00:28] [worker #12] Bootstrap tree #813, logLikelihood: -1198.454962
[00:00:28] [worker #20] Bootstrap tree #821, logLikelihood: -1152.767767
[00:00:28] [worker #23] Bootstrap tree #824, logLikelihood: -1153.844124
[00:00:28] [worker #8] Bootstrap tree #809, logLikelihood: -1198.085256
[00:00:28] [worker #18] Bootstrap tree #819, logLikelihood: -1244.547362
[00:00:28] [worker #24] Bootstrap tree #825, logLikelihood: -1247.926104
[00:00:28] [worker #21] Bootstrap tree #822, logLikelihood: -1239.773926
[00:00:28] [worker #31] Bootstrap tree #832, logLikelihood: -1201.656531
[00:00:28] [worker #11] Bootstrap tree #812, logLikelihood: -1208.928730
[00:00:28] [worker #13] Bootstrap tree #814, logLikelihood: -1226.587493
[00:00:28] [worker #9] Bootstrap tree #810, logLikelihood: -1261.746876
[00:00:28] [worker #3] Bootstrap tree #804, logLikelihood: -1214.700981
[00:00:28] [worker #26] Bootstrap tree #827, logLikelihood: -1207.574924
[00:00:28] [worker #27] Bootstrap tree #828, logLikelihood: -1214.112976
[00:00:28] [worker #29] Bootstrap tree #830, logLikelihood: -1213.185905
[00:00:28] [worker #15] Bootstrap tree #816, logLikelihood: -1264.116560
[00:00:28] [worker #10] Bootstrap tree #811, logLikelihood: -1189.086358
[00:00:28] [worker #28] Bootstrap tree #829, logLikelihood: -1237.305652
[00:00:28] [worker #17] Bootstrap tree #818, logLikelihood: -1215.971651
[00:00:28] [worker #0] Bootstrap tree #801, logLikelihood: -1229.750262
[00:00:28] [worker #2] Bootstrap tree #803, logLikelihood: -1236.855889
[00:00:28] [worker #6] Bootstrap tree #807, logLikelihood: -1231.692665
[00:00:30] [worker #22] Bootstrap tree #855, logLikelihood: -1258.825203
[00:00:30] [worker #27] Bootstrap tree #860, logLikelihood: -1201.743471
[00:00:30] [worker #14] Bootstrap tree #847, logLikelihood: -1220.772478
[00:00:30] [worker #28] Bootstrap tree #861, logLikelihood: -1215.658968
[00:00:30] [worker #20] Bootstrap tree #853, logLikelihood: -1220.920821
[00:00:30] [worker #5] Bootstrap tree #838, logLikelihood: -1207.367845
[00:00:30] [worker #24] Bootstrap tree #857, logLikelihood: -1171.854098
[00:00:30] [worker #19] Bootstrap tree #852, logLikelihood: -1221.713072
[00:00:30] [worker #12] Bootstrap tree #845, logLikelihood: -1187.897483
[00:00:30] [worker #15] Bootstrap tree #848, logLikelihood: -1235.513630
[00:00:30] [worker #15] Bootstrap tree #848, logLikelihood: -1235.513630
[00:00:30] [worker #9] Bootstrap tree #842, logLikelihood: -1138.858023
[00:00:30] [worker #11] Bootstrap tree #844, logLikelihood: -1184.487663
[00:00:30] [worker #6] Bootstrap tree #839, logLikelihood: [00:00-1219.463655:30] [worker #30] 
[00:00:30] [worker #6] Bootstrap tree #839, logLikelihood: [00:00-1219.463655:30] [worker #30] 
Bootstrap tree #863, logLikelihood: -1230.619775
[00:00:30] [worker #1] Bootstrap tree #834, logLikelihood: -1183.880864
[00:00:30] [worker #18] Bootstrap tree #851, logLikelihood: -1190.650135
[00:00:30] [worker #8] Bootstrap tree #841, logLikelihood: -1252.117784
[00:00:30] [worker #23] Bootstrap tree #856, logLikelihood: -1189.151886
[00:00:30] [worker #26] Bootstrap tree #859, logLikelihood: -1249.341637
[00:00:30] [worker #31] Bootstrap tree #864, logLikelihood: -1247.291344
[00:00:30] [worker #16] Bootstrap tree #849, logLikelihood: -1270.744984
[00:00:30] [worker #29] Bootstrap tree #862, logLikelihood: -1206.409429
[00:00:30] [worker #21] Bootstrap tree #854, logLikelihood: -1248.321180
[00:00:30] [worker #2] Bootstrap tree #835, logLikelihood: -1210.396821
[00:00:30] [worker #3] Bootstrap tree #836, logLikelihood: -1155.474776
[00:00:30] [worker #13] Bootstrap tree #846, logLikelihood: -1237.752031
[00:00:30] [worker #4] Bootstrap tree #837, logLikelihood: -1225.270810
[00:00:31] [worker #25] Bootstrap tree #858, logLikelihood: -1262.652031
[00:00:31] [worker #7] Bootstrap tree #840, logLikelihood: -1196.786040
[00:00:31] [worker #17] Bootstrap tree #850, logLikelihood: -1190.277712
[00:00:31] [worker #22] Bootstrap tree #887, logLikelihood: -1209.858530
[00:00:31] [worker #10] Bootstrap tree #843, logLikelihood: -1186.233471
[00:00:31] [worker #0] Bootstrap tree #833, logLikelihood: -1221.561539
[00:00:31] [worker #27] Bootstrap tree #892, logLikelihood: -1210.865529
[00:00:31] [worker #14] Bootstrap tree #879, logLikelihood: -1234.753074
[00:00:31] [worker #12] Bootstrap tree #877, logLikelihood: -1195.282548
[00:00:31] [worker #19] Bootstrap tree #884, logLikelihood: -1254.798011
[00:00:31] [worker #20] Bootstrap tree #885, logLikelihood: -1192.262985
[00:00:31] [worker #23] Bootstrap tree #888, logLikelihood: -1204.756277
[00:00:31] [worker #15] Bootstrap tree #880, logLikelihood: -1244.953941
[00:00:31] [worker #24] Bootstrap tree #889, logLikelihood: -1190.734125
[00:00:31] [worker #1] Bootstrap tree #866, logLikelihood: -1175.538735
[00:00:31] [worker #5] Bootstrap tree #870, logLikelihood: -1243.509936
[00:00:31] [worker #8] Bootstrap tree #873, logLikelihood: -1236.218764
[00:00:31] [worker #21] Bootstrap tree #886, logLikelihood: -1170.943900
[00:00:31] [worker #2] Bootstrap tree #867, logLikelihood: -1205.630254
[00:00:31] [worker #11] Bootstrap tree #876, logLikelihood: -1263.761270
[00:00:31] [worker #26] Bootstrap tree #891, logLikelihood: -1177.460709
[00:00:31] [worker #6] Bootstrap tree #871, logLikelihood: -1230.345857
[00:00:31] [worker #18] Bootstrap tree #883, logLikelihood: -1172.437168
[00:00:31] [worker #16] Bootstrap tree #881, logLikelihood: -1174.891063
[00:00:31] [worker #31] Bootstrap tree #896, logLikelihood: -1216.895619
[00:00:31] [worker #28] Bootstrap tree #893, logLikelihood: -1227.310523
[00:00:31] [worker #17] Bootstrap tree #882, logLikelihood: -1171.919949
[00:00:31] [worker #9] Bootstrap tree #874, logLikelihood: -1191.428721
[00:00:31] [worker #30] Bootstrap tree #895, logLikelihood: -1261.445606
[00:00:31] [worker #10] Bootstrap tree #875, logLikelihood: -1103.314591
[00:00:31] [worker #3] Bootstrap tree #868, logLikelihood: -1231.708501
[00:00:31] [worker #13] Bootstrap tree #878, logLikelihood: -1222.333102
[00:00:31] [worker #7] Bootstrap tree #872, logLikelihood: -1224.306529
[00:00:31] [worker #25] Bootstrap tree #890, logLikelihood: -1189.071248
[00:00:31] [worker #29] Bootstrap tree #894, logLikelihood: -1203.134648
[00:00:31] [worker #4] Bootstrap tree #869, logLikelihood: -1204.057854
[00:00:31] [worker #0] Bootstrap tree #865, logLikelihood: -1210.452796
[00:00:34] [worker #14] Bootstrap tree #911, logLikelihood: -1201.182671
-1228.077613[00:00:34] [worker #17] Bootstrap tree #914, logLikelihood: -1228.077613[00:00:34] [worker #17] Bootstrap tree #914, logLikelihood: -1199.657331
[00:00:34] [worker #3] Bootstrap tree #900, logLikelihood: -1234.066011
[00:00:34] [worker #5] Bootstrap tree #902, logLikelihood: -1154.033602
[00:00:34] [worker #26] Bootstrap tree #923, logLikelihood: -1157.544006
[00:00:34] [worker #11] Bootstrap tree #908, logLikelihood: -1229.801366
[00:00:34] [worker #4] Bootstrap tree #901, logLikelihood: -1242.804966
[00:00:34] [worker #29] Bootstrap tree #926, logLikelihood: -1185.439985
[00:00:34] [worker #19] Bootstrap tree #916, logLikelihood: -1280.543606
[00:00:34] [worker #16] Bootstrap tree #913, logLikelihood: -1141.958513
[00:00:34] [worker #22] Bootstrap tree #919, logLikelihood: -1252.407305
[00:00:34] [worker #27] Bootstrap tree #924, logLikelihood: -1257.596082
[00:00:34] [worker #15] Bootstrap tree #912, logLikelihood: -1182.717240
[00:00:34] [worker #30] Bootstrap tree #927, logLikelihood: -1190.477664
[00:00:34] [worker #28] Bootstrap tree #925, logLikelihood: -1259.706539
[00:00:34] [worker #6] Bootstrap tree #903, logLikelihood: -1242.788819
[00:00:34] [worker #21] Bootstrap tree #918, logLikelihood: -1197.442460
[00:00:34] [worker #9] Bootstrap tree #906, logLikelihood: -1166.159962
[00:00:34] [worker #13] Bootstrap tree #910, logLikelihood: -1246.118801
[00:00:34] [worker #2] Bootstrap tree #899, logLikelihood: -1269.104562
[00:00:34] [worker #20] Bootstrap tree #917, logLikelihood: -1166.559116
[00:00:34] [worker #25] Bootstrap tree #922, logLikelihood: -1175.395593
[00:00:34] [worker #7] Bootstrap tree #904, logLikelihood: -1218.781154
[00:00:34] [worker #24] Bootstrap tree #921, logLikelihood: -1248.591375
[00:00:34] [worker #1] Bootstrap tree #898, logLikelihood: -1221.678195
[00:00:34] [worker #31] Bootstrap tree #928, logLikelihood: -1215.572849
[00:00:34] [worker #18] Bootstrap tree #915, logLikelihood: -1233.283441
[00:00:34] [worker #5] Bootstrap tree #934, logLikelihood: -1163.885356
[00:00:34] [worker #8] Bootstrap tree #905, logLikelihood: -1141.447885
[00:00:34] [worker #10] Bootstrap tree #907, logLikelihood: -1180.278038
[00:00:34] [worker #12] Bootstrap tree #909, logLikelihood: -1270.283592
[00:00:34] [worker #26] Bootstrap tree #955, logLikelihood: -1202.145059
[00:00:34] [worker #4] Bootstrap tree #933, logLikelihood: -1214.834644
[00:00:34] [worker #27] Bootstrap tree #956, logLikelihood: -1203.655390
[00:00:34] [worker #0] Bootstrap tree #897, logLikelihood: -1239.422981
[00:00:34] [worker #15] Bootstrap tree #944, logLikelihood: -1169.888541
[00:00:34] [worker #23] Bootstrap tree #952, logLikelihood: -1231.167788
[00:00:34] [worker #28] Bootstrap tree #957, logLikelihood: -1177.399485
[00:00:34] [worker #3] Bootstrap tree #932, logLikelihood: -1247.573705
[00:00:34] [worker #14] Bootstrap tree #943, logLikelihood: -1216.461741
[00:00:34] [worker #16] Bootstrap tree #945, logLikelihood: -1218.670838
[00:00:34] [worker #30] Bootstrap tree #959, logLikelihood: -1168.005188
[00:00:34] [worker #24] Bootstrap tree #953, logLikelihood: -1258.728111
[00:00:34] [worker #21] Bootstrap tree #950, logLikelihood: -1229.230037
[00:00:34] [worker #8] Bootstrap tree #937, logLikelihood: -1167.992540
[00:00:34] [worker #22] Bootstrap tree #951, logLikelihood: -1207.066304
[00:00:34] [worker #17] Bootstrap tree #946, logLikelihood: -1229.350764
[00:00:34] [worker #29] Bootstrap tree #958, logLikelihood: -1244.823884
[00:00:34] [worker #9] Bootstrap tree #938, logLikelihood: -1159.806659
[00:00:34] [worker #20] Bootstrap tree #949, logLikelihood: -1190.823724
[00:00:34] [worker #19] Bootstrap tree #948, logLikelihood: -1200.254398
[00:00:34] [worker #25] Bootstrap tree #954, logLikelihood: -1174.270515
[00:00:34] [worker #6] Bootstrap tree #935, logLikelihood: -1214.638504
[00:00:34] [worker #13] Bootstrap tree #942, logLikelihood: -1199.536904
[00:00:34] [worker #11] Bootstrap tree #940, logLikelihood: -1244.527488
[00:00:34] [worker #7] Bootstrap tree #936, logLikelihood: -1177.171961
[00:00:34] [worker #10] Bootstrap tree #939, logLikelihood: -1259.224711
[00:00:34] [worker #31] Bootstrap tree #960, logLikelihood: -1235.263842
[00:00:34] [worker #1] Bootstrap tree #930, logLikelihood: -1171.620788
[00:00:34] [worker #12] Bootstrap tree #941, logLikelihood: -1207.209699
[00:00:34] [worker #2] Bootstrap tree #931, logLikelihood: -1251.147289
[worker #18] Bootstrap tree #947, logLikelihood: -1275.870804
[00:00:35] [worker #0] Bootstrap tree #929, logLikelihood: -1202.986764
[00:00:37] [worker #25] Bootstrap tree #986, logLikelihood: -1166.923807
[00:00:37] [worker #1] Bootstrap tree #962, logLikelihood: -1209.384391
[00:00:37] [worker #2] Bootstrap tree #963, logLikelihood: -1231.344065
[00:00:37] [worker #5] Bootstrap tree #966, logLikelihood: -1207.605185
[00:00:37] [worker #27] Bootstrap tree #988, logLikelihood: -1253.542959
[00:00:37] [worker #18] Bootstrap tree #979, logLikelihood: -1199.562770
[00:00:37] [worker #26] Bootstrap tree #987, logLikelihood: -1238.884830
[00:00:37] [worker #12] Bootstrap tree #973, logLikelihood: -1223.676137
[00:00:38] [worker #11] Bootstrap tree #972, logLikelihood: -1183.402454
[00:00:38] [worker #15] Bootstrap tree #976, logLikelihood: -1172.070323
[00:00:38] [worker #8] Bootstrap tree #969, logLikelihood: -1188.528510
[00:00:38] [worker #19] Bootstrap tree #980, logLikelihood: -1238.657605
[00:00:38] [worker #20] Bootstrap tree #981, logLikelihood: -1155.791651
[00:00:38] [worker #6] Bootstrap tree #967, logLikelihood: -1186.523904
[00:00:38] [worker #9] Bootstrap tree #970, logLikelihood: -1271.571764
[00:00:38] [worker #23] Bootstrap tree #984, logLikelihood: -1197.094466
[00:00:38] [worker #14] Bootstrap tree #975, logLikelihood: -1192.429176
[00:00:38] [worker #13] Bootstrap tree #974, logLikelihood: -1236.860008
[00:00:38] [worker #30] Bootstrap tree #991, logLikelihood: -1179.207609
[00:00:38] [worker #28] Bootstrap tree #989, logLikelihood: -1214.739727
[00:00:38] [worker #29] Bootstrap tree #990, logLikelihood: -1215.137191
[00:00:38] [worker #16] Bootstrap tree #977, logLikelihood: -1213.300608
[00:00:38] [worker #0] Bootstrap tree #961, logLikelihood: -1203.280360
[00:00:38] [worker #24] Bootstrap tree #985, logLikelihood: -1226.576232
[00:00:38] [worker #17] Bootstrap tree #978, logLikelihood: -1144.904610
[00:00:38] [worker #7] Bootstrap tree #968, logLikelihood: -1250.920404
[00:00:38] [worker #31] Bootstrap tree #992, logLikelihood: -1247.728448
[00:00:38] [worker #4] Bootstrap tree #965, logLikelihood: -1220.322393
[00:00:38] [worker #22] Bootstrap tree #983, logLikelihood: -1235.669630
[00:00:38] [worker #3] Bootstrap tree #964, logLikelihood: -1211.381643
[00:00:38] [worker #10] Bootstrap tree #971, logLikelihood: -1244.795033
[00:00:38] [worker #2] Bootstrap tree #995, logLikelihood: -1200.428860
[00:00:38] [worker #21] Bootstrap tree #982, logLikelihood: -1227.708789
[00:00:38] [worker #5] Bootstrap tree #998, logLikelihood: -1246.721506
[00:00:38] [worker #1] Bootstrap tree #994, logLikelihood: -1222.874271
[00:00:38] [worker #6] Bootstrap tree #999, logLikelihood: -1206.475511
[00:00:38] [worker #3] Bootstrap tree #996, logLikelihood: -1204.665597
[00:00:38] [worker #4] Bootstrap tree #997, logLikelihood: -1205.833328
[00:00:38] [worker #7] Bootstrap tree #1000, logLikelihood: -1243.490738
[00:00:39] [worker #0] Bootstrap tree #993, logLikelihood: -1243.867737

Optimized model parameters:

   Partition 0: noname
   Rate heterogeneity: GAMMA (4 cats, mean),  alpha: 0.075792 (ML),  weights&rates: (0.250000,0.000000) (0.250000,0.000118) (0.250000,0.037484) (0.250000,3.962398) 
   Base frequencies (ML): 0.428925 0.091366 0.106357 0.373352 
   Substitution rates (ML): 1.700142 2.287691 0.054286 0.001000 1.958469 1.000000 


Final LogLikelihood: -1221.723259

AIC score: 2511.446518 / AICc score: 2514.169630 / BIC score: 2675.066251
Free parameters (model + branch lengths): 34

WARNING: Best ML tree contains 8 near-zero branches!

Best ML tree with collapsed near-zero branches saved to: /mnt/lustre/RDS-live/downing/LSDV/GTPV_SPPV/results_GTPV/LSDV143.raxml.bestTreeCollapsed
Best ML tree saved to: /mnt/lustre/RDS-live/downing/LSDV/GTPV_SPPV/results_GTPV/LSDV143.raxml.bestTree
All ML trees saved to: /mnt/lustre/RDS-live/downing/LSDV/GTPV_SPPV/results_GTPV/LSDV143.raxml.mlTrees
Best ML tree with Felsenstein bootstrap (FBP) support values saved to: /mnt/lustre/RDS-live/downing/LSDV/GTPV_SPPV/results_GTPV/LSDV143.raxml.supportFBP
Best ML tree with Transfer bootstrap (TBE) support values saved to: /mnt/lustre/RDS-live/downing/LSDV/GTPV_SPPV/results_GTPV/LSDV143.raxml.supportTBE
Optimized model saved to: /mnt/lustre/RDS-live/downing/LSDV/GTPV_SPPV/results_GTPV/LSDV143.raxml.bestModel
Bootstrap trees saved to: /mnt/lustre/RDS-live/downing/LSDV/GTPV_SPPV/results_GTPV/LSDV143.raxml.bootstraps

Execution log saved to: /mnt/lustre/RDS-live/downing/LSDV/GTPV_SPPV/results_GTPV/LSDV143.raxml.log

Analysis started: 24-Nov-2025 15:41:44 / finished: 24-Nov-2025 15:42:27

Elapsed time: 42.778 seconds

