
RAxML-NG v. 1.2.2 released on 11.04.2024 by The Exelixis Lab.
Developed by: Alexey M. Kozlov and Alexandros Stamatakis.
Contributors: Diego Darriba, Tomas Flouri, Benoit Morel, Sarah Lutteropp, Ben Bettisworth, Julia Haag, Anastasis Togkousidis.
Latest version: https://github.com/amkozlov/raxml-ng
Questions/problems/suggestions? Please visit: https://groups.google.com/forum/#!forum/raxml

System: AMD EPYC 7543P 32-Core Processor, 32 cores, 995 GB RAM

RAxML-NG was called at 24-Nov-2025 17:14:13 as follows:

raxml-ng --all --msa region_LSDV079.aln --model GTR+G --prefix LSDV079 --seed 123 --bs-metric fbp,tbe --redo

Analysis options:
  run mode: ML tree search + bootstrapping (Felsenstein Bootstrap + Transfer Bootstrap)
  start tree(s): random (10) + parsimony (10)
  bootstrap replicates: parsimony (max: 1000) + bootstopping (autoMRE, cutoff: 0.030000)
  random seed: 123
  tip-inner: OFF
  pattern compression: ON
  per-rate scalers: OFF
  site repeats: ON
  logLH epsilon: general: 10.000000, brlen-triplet: 1000.000000
  fast spr radius: AUTO
  spr subtree cutoff: 1.000000
  fast CLV updates: ON
  branch lengths: proportional (ML estimate, algorithm: NR-FAST)
  SIMD kernels: AVX2
  parallelization: coarse-grained (auto), PTHREADS (auto)

WARNING: Running in REDO mode: existing checkpoints are ignored, and all result files will be overwritten!

[00:00:00] Reading alignment from file: region_LSDV079.aln
[00:00:00] Loaded alignment with 30 taxa and 2529 sites

WARNING: Sequences PV167793.1 and MW167070.1 are exactly identical!
WARNING: Sequences PV434148.1 and PQ014465.1 are exactly identical!
WARNING: Sequences PV434148.1 and OQ434239.1 are exactly identical!
WARNING: Sequences PV434148.1 and OQ434238.1 are exactly identical!
WARNING: Sequences PV434148.1 and OQ434237.1 are exactly identical!
WARNING: Sequences PV434148.1 and OQ434236.1 are exactly identical!
WARNING: Sequences PV434148.1 and ON961657.1 are exactly identical!
WARNING: Sequences PV434148.1 and ON961656.1 are exactly identical!
WARNING: Sequences PV434148.1 and ON961655.1 are exactly identical!
WARNING: Sequences PV434148.1 and MT137384.1 are exactly identical!
WARNING: Sequences PV434148.1 and MW020571.1 are exactly identical!
WARNING: Sequences PV434148.1 and MN072631.1 are exactly identical!
WARNING: Sequences PV434148.1 and MN072630.1 are exactly identical!
WARNING: Sequences PV434148.1 and AY077834.1 are exactly identical!
WARNING: Sequences PV434148.1 and AY077833.1 are exactly identical!
WARNING: Sequences PP886239.1 and NC_004002.1 are exactly identical!
WARNING: Sequences PP886239.1 and MW167071.1 are exactly identical!
WARNING: Sequences PP886239.1 and AY077832.1 are exactly identical!
WARNING: Sequences PP886238.1 and PP886237.1 are exactly identical!
WARNING: Sequences PP886238.1 and PP886236.1 are exactly identical!
WARNING: Sequences MN072627.1 and MN072626.1 are exactly identical!
WARNING: Duplicate sequences found: 21

NOTE: Reduced alignment (with duplicates and gap-only sites/taxa removed) 
NOTE: was saved to: /mnt/lustre/RDS-live/downing/LSDV/GTPV_SPPV/results_SPPV/LSDV079.raxml.reduced.phy

Alignment comprises 1 partitions and 14 patterns

Partition 0: noname
Model: GTR+FO+G4m
Alignment sites / patterns: 2529 / 14
Gaps: 0.00 %
Invariant sites: 99.60 %


NOTE: Binary MSA file created: LSDV079.raxml.rba

Parallelization scheme autoconfig: 32 worker(s) x 1 thread(s)

[00:00:00] Generating 10 random starting tree(s) with 30 taxa
[00:00:00] Generating 10 parsimony starting tree(s) with 30 taxa
Parallel parsimony with 32 threads
Parallel reduction/worker buffer size: 1 KB  / 0 KB

[00:00:00] Data distribution: max. partitions/sites/weight per thread: 1 / 14 / 224
[00:00:00] Data distribution: max. searches per worker: 33

Starting ML tree search with 20 distinct starting trees

[00:00:00] [worker #14] ML tree search #15, logLikelihood: -3273.533300
[00:00:00] [worker #13] ML tree search #14, logLikelihood: -3273.533293
[00:00:00] [worker #15] ML tree search #16, logLikelihood: -3273.533295
[00:00:00] [worker #19] ML tree search #20, logLikelihood: -3273.533290
[00:00:00] [worker #12] ML tree search #13, logLikelihood: -3273.533299
[00:00:00] [worker #11] ML tree search #12, logLikelihood: -3273.533276
[00:00:00] [worker #18] ML tree search #19, logLikelihood: -3273.533294
[00:00:00] [worker #2] ML tree search #3, logLikelihood: -3273.494252
[00:00:00] [worker #17] ML tree search #18, logLikelihood: -3273.533295
[00:00:00] [worker #16] ML tree search #17, logLikelihood: -3273.533294
[00:00:00] [worker #9] ML tree search #10, logLikelihood: -3273.493959
[00:00:00] [worker #4] ML tree search #5, logLikelihood: -3273.491531
[00:00:00] [worker #1] ML tree search #2, logLikelihood: -3273.509145
[00:00:00] [worker #5] ML tree search #6, logLikelihood: -3273.494428
[00:00:00] [worker #0] ML tree search #1, logLikelihood: -3273.492839
[00:00:00] [worker #8] ML tree search #9, logLikelihood: -3273.494452
[00:00:00] [worker #10] ML tree search #11, logLikelihood: -3273.533291
[00:00:00] [worker #7] ML tree search #8, logLikelihood: -3273.489768
[00:00:00] [worker #6] ML tree search #7, logLikelihood: -3273.504756
[00:00:00] [worker #3] ML tree search #4, logLikelihood: -3273.493753

[00:00:00] ML tree search completed, best tree logLH: -3273.489768

[00:00:00] Starting bootstrapping analysis with 1000 replicates.

[00:00:00] [worker #13] Bootstrap tree #14, logLikelihood: -3254.785904
[00:00:00] [worker #20] Bootstrap tree #21, logLikelihood: -3253.540046
[00:00:00] [worker #31] Bootstrap tree #32, logLikelihood: -3243.855420
[00:00:00] [worker #22] Bootstrap tree #23, logLikelihood: -3243.668621
[00:00:00] [worker #21] Bootstrap tree #22, logLikelihood: -3206.500185
[00:00:00] [worker #14] Bootstrap tree #15, logLikelihood: -3276.294893
[00:00:00] [worker #28] Bootstrap tree #29, logLikelihood: -3209.101200
[00:00:00] [worker #18] Bootstrap tree #19, logLikelihood: -3240.023742
[00:00:00] [worker #6] Bootstrap tree #7, logLikelihood: -3247.290274
[00:00:00] [worker #2] Bootstrap tree #3, logLikelihood: -3279.220580
[00:00:00] [worker #26] Bootstrap tree #27, logLikelihood: -3260.970969
[00:00:00] [worker #7] Bootstrap tree #8, logLikelihood: -3309.683937
[00:00:00] [worker #24] Bootstrap tree #25, logLikelihood: -3283.506610
[00:00:00] [worker #19] Bootstrap tree #20, logLikelihood: -3267.574294
[00:00:00] [worker #25] Bootstrap tree #26, logLikelihood: -3230.747391
[00:00:00] [worker #5] Bootstrap tree #6, logLikelihood: -3276.573882
[00:00:00] [worker #30] Bootstrap tree #31, logLikelihood: -3225.706550
[00:00:00] [worker #16] Bootstrap tree #17, logLikelihood: -3205.512049
[00:00:00] [worker #9] Bootstrap tree #10, logLikelihood: -3283.696125
[00:00:00] [worker #15] Bootstrap tree #16, logLikelihood: -3221.427726
[00:00:00] [worker #11] Bootstrap tree #12, logLikelihood: -3298.263173
[00:00:00] [worker #10] Bootstrap tree #11, logLikelihood: -3272.127111
[00:00:00] [worker #17] Bootstrap tree #18, logLikelihood: -3216.159590
[00:00:00] [worker #3] Bootstrap tree #4, logLikelihood: -3311.240933
[00:00:00] [worker #29] Bootstrap tree #30, logLikelihood: -3318.824321
[00:00:00] [worker #23] Bootstrap tree #24, logLikelihood: -3251.818628
[00:00:00] [worker #4] Bootstrap tree #5, logLikelihood: -3262.230352
[00:00:00] [worker #20] Bootstrap tree #53, logLikelihood: -3229.368706
[00:00:00] [worker #1] Bootstrap tree #2, logLikelihood: -3255.085946
[00:00:00] [worker #12] Bootstrap tree #13, logLikelihood: -3312.618312
[00:00:00] [worker #8] Bootstrap tree #9, logLikelihood: -3288.206517
[00:00:00] [worker #27] Bootstrap tree #28, logLikelihood: -3222.199219
[00:00:00] [worker #31] Bootstrap tree #64, logLikelihood: -3293.333453
[00:00:00] [worker #18] Bootstrap tree #51, logLikelihood: -3229.302048
[00:00:00] [worker #21] Bootstrap tree #54, logLikelihood: -3309.536073
[00:00:00] [worker #28] Bootstrap tree #61, logLikelihood: -3192.503900
[00:00:00] [worker #0] Bootstrap tree #1, logLikelihood: -3203.595899
[00:00:00] [worker #6] Bootstrap tree #39, logLikelihood: -3248.253350
[00:00:00] [worker #22] Bootstrap tree #55, logLikelihood: -3253.975618
[00:00:00] [worker #13] Bootstrap tree #46, logLikelihood: -3312.635185
[00:00:00] [worker #26] Bootstrap tree #59, logLikelihood: -3265.481218
[00:00:00] [worker #24] Bootstrap tree #57, logLikelihood: -3313.952825
[00:00:00] [worker #2] Bootstrap tree #35, logLikelihood: -3300.973957
[00:00:00] [worker #5] Bootstrap tree #38, logLikelihood: -3231.268547
[00:00:00] [worker #25] Bootstrap tree #58, logLikelihood: -3263.725003
[00:00:00] [worker #14] Bootstrap tree #47, logLikelihood: -3288.095598
[00:00:00] [worker #7] Bootstrap tree #40, logLikelihood: -3372.001260
[00:00:00] [worker #19] Bootstrap tree #52, logLikelihood: -3293.370878
[00:00:00] [worker #16] Bootstrap tree #49, logLikelihood: -3274.658470
[00:00:00] [worker #30] Bootstrap tree #63, logLikelihood: -3226.942988
[00:00:00] [worker #4] Bootstrap tree #37, logLikelihood: -3176.678231
[00:00:00] [worker #11] Bootstrap tree #44, logLikelihood: -3260.561965
[00:00:00] [worker #15] Bootstrap tree #48, logLikelihood: -3284.714898
[00:00:01] [worker #9] Bootstrap tree #42, logLikelihood: -3225.222247
[00:00:01] [worker #12] Bootstrap tree #45, logLikelihood: -3312.788056
[00:00:01] [worker #27] Bootstrap tree #60, logLikelihood: -3234.691388
[00:00:01] [worker #8] Bootstrap tree #41, logLikelihood: -3279.980638
[00:00:01] [worker #17] Bootstrap tree #50, logLikelihood: -3280.614293
[00:00:01] [worker #29] Bootstrap tree #62, logLikelihood: -3279.778967
[00:00:01] [worker #3] Bootstrap tree #36, logLikelihood: -3240.165441
[00:00:01] [worker #10] Bootstrap tree #43, logLikelihood: -3330.302771
[00:00:01] [worker #23] Bootstrap tree #56, logLikelihood: -3258.640569
[00:00:01] [worker #1] Bootstrap tree #34, logLikelihood: -3345.773958
[00:00:01] [worker #0] Bootstrap tree #33, logLikelihood: -3268.170915
[00:00:02] [worker #4] Bootstrap tree #69, logLikelihood: -3269.414903
[00:00:02] [worker #22] Bootstrap tree #87, logLikelihood: -3206.023405
[00:00:02] [worker #20] Bootstrap tree #85, logLikelihood: -3269.599875
[00:00:02] [worker #17] Bootstrap tree #82, logLikelihood: -3244.256203
[00:00:02] [worker #14] Bootstrap tree #79, logLikelihood: -3211.126396
[00:00:02] [worker #10] Bootstrap tree #75, logLikelihood: -3271.413889
[00:00:02] [worker #6] Bootstrap tree #71, logLikelihood: -3280.419359
[00:00:02] [worker #13] Bootstrap tree #78, logLikelihood: -3330.340105
[00:00:02] [worker #9] Bootstrap tree #74, logLikelihood: -3273.150608
[00:00:02] [worker #27] Bootstrap tree #92, logLikelihood: -3232.630796
[00:00:02] [worker #19] Bootstrap tree #84, logLikelihood: -3279.067524
[00:00:02] [worker #25] Bootstrap tree #90, logLikelihood: [-3265.730396
[00:00:02] [worker #25] Bootstrap tree #90, logLikelihood: [-3265.730396
00:00:02] [worker #7] Bootstrap tree #72, logLikelihood: -3187.239333
[00:00:02] [worker #2] Bootstrap tree #67, logLikelihood: -3253.462496
[00:00:02] [worker #1] Bootstrap tree #66, logLikelihood: -3261.529774
[00:00:02] [worker #29] Bootstrap tree #94, logLikelihood: -3259.397216
[00:00:02] [worker #5] Bootstrap tree #70, logLikelihood: -3236.835578
[00:00:02] [worker #31] Bootstrap tree #96, logLikelihood: -3233.087591
[00:00:02] [worker #15] Bootstrap tree #80, logLikelihood: -3286.654508
[00:00:02] [worker #18] Bootstrap tree #83, logLikelihood: -3262.300565
[00:00:02] [worker #3] Bootstrap tree #68, logLikelihood: -3235.385946
[00:00:02] [worker #28] Bootstrap tree #93, logLikelihood: -3284.505002
[00:00:02] [worker #11] Bootstrap tree #76, logLikelihood: -3323.379718
[00:00:02] [worker #12] Bootstrap tree #77, logLikelihood: -3220.926550
[00:00:02] [worker #21] Bootstrap tree #86, logLikelihood: -3243.999406
[00:00:02] [worker #8] Bootstrap tree #73, logLikelihood: -3315.346640
[00:00:02] [worker #23] Bootstrap tree #88, logLikelihood: -3231.775242
[00:00:02] [worker #30] Bootstrap tree #95, logLikelihood: -3301.040821
[00:00:02] [worker #26] Bootstrap tree #91, logLikelihood: -3197.798288
[00:00:02] [worker #24] Bootstrap tree #89, logLikelihood: -3342.211382
[00:00:02] [worker #16] Bootstrap tree #81, logLikelihood: -3334.105856
[00:00:02] [worker #4] Bootstrap tree #101, logLikelihood: -3266.954155
[00:00:02] [worker #20] Bootstrap tree #117, logLikelihood: -3242.016257
[00:00:02] [worker #14] Bootstrap tree #111, logLikelihood: -3304.181101
[00:00:02] [worker #6] Bootstrap tree #103, logLikelihood: -3311.747169
[00:00:02] [worker #9] Bootstrap tree #106, logLikelihood: -3278.106799
[00:00:02] [worker #17] Bootstrap tree #114, logLikelihood: -3273.201050
[00:00:02] [worker #2] Bootstrap tree #99, logLikelihood: -3327.990590
[00:00:02] [worker #13] Bootstrap tree #110, logLikelihood: -3223.661987
[00:00:02] [worker #10] Bootstrap tree #107, logLikelihood: -3287.038550
[00:00:02] [worker #0] Bootstrap tree #65, logLikelihood: -3227.865894
[00:00:02] [worker #15] Bootstrap tree #112, logLikelihood: -3258.858118
[00:00:02] [worker #28] Bootstrap tree #125, logLikelihood: -3236.655301
[00:00:02] [worker #25] Bootstrap tree #122, logLikelihood: [-3282.04755700

[00:00:02] [worker #19] Bootstrap tree #116, logLikelihood: -3281.980277
[00:00:02] [worker #31] Bootstrap tree #128, logLikelihood: -3259.554211
[00:00:02] [worker #27] Bootstrap tree #124, logLikelihood: -3243.249121
[00:00:02] [worker #7] Bootstrap tree #104, logLikelihood: -3294.696804
[00:00:02] [worker #29] Bootstrap tree #126, logLikelihood: -3270.339286
[00:00:02] [worker #22] Bootstrap tree #119, logLikelihood: -3299.128742
[00:00:02] [worker #18] Bootstrap tree #115, logLikelihood: -3342.863771
[00:00:02] [worker #1] Bootstrap tree #98, logLikelihood: -3272.958816
[00:00:02] [worker #3] Bootstrap tree #100, logLikelihood: -3292.827398
[00:00:02] [worker #11] Bootstrap tree #108, logLikelihood: -3232.729788
[00:00:02] [worker #12] Bootstrap tree #109, logLikelihood: -3269.830204
[00:00:02] [worker #8] Bootstrap tree #105, logLikelihood: -3272.218503
[00:00:02] [worker #26] Bootstrap tree #123, logLikelihood: -3193.783921
[00:00:02] [worker #23] Bootstrap tree #120, logLikelihood: -3205.928797
00:00:02] [worker #21] Bootstrap tree #118, logLikelihood: -3278.061119
[00:00:02] [worker #16] Bootstrap tree #113, logLikelihood: -3296.969482
[00:00:02] [worker #30] Bootstrap tree #127, logLikelihood: -3297.782228
[00:00:02] [worker #24] Bootstrap tree #121, logLikelihood: -3198.665256
[00:00:02] [worker #0] Bootstrap tree #97, logLikelihood: -3310.936259
[00:00:05] [worker #8] Bootstrap tree #137, logLikelihood: -3219.925638
[00:00:05] [worker #13] Bootstrap tree #142, logLikelihood: -3254.787238
[00:00:05] [worker #5] Bootstrap tree #134, logLikelihood: -3277.116563
[00:00:05] [worker #27] Bootstrap tree #156, logLikelihood: -3221.435169
[00:00:05] [worker #26] Bootstrap tree #155, logLikelihood: -3242.153224
[00:00:05] [worker #18] Bootstrap tree #147, logLikelihood: -3191.872483
[00:00:05] [worker #15] Bootstrap tree #144, logLikelihood: -3235.236077
[00:00:05] [worker #7] Bootstrap tree #136:, logLikelihood: 00:05] [worker #29] Bootstrap tree #158, logLikelihood: -3215.222897
-3260.623079
[00:00:05] [worker #2] Bootstrap tree #131, logLikelihood: -3230.063672
00:00:05] [worker #9] Bootstrap tree #138, logLikelihood: -3254.192437
[00:00:05] [worker #10] Bootstrap tree #139, logLikelihood: -3244.451222
[00:00:05] [worker #31] Bootstrap tree #160, logLikelihood: -3302.873911
[00:00:05] [worker #22] Bootstrap tree #151, logLikelihood: -3312.247593
[00:00:05] [worker #28] Bootstrap tree #157, logLikelihood: -3236.378538
[00:00:05] [worker #23] Bootstrap tree #152, logLikelihood: -3260.266170
[00:00:05] [worker #30] Bootstrap tree #159, logLikelihood: -3253.276822
[00:00:05] [worker #6] Bootstrap tree #135, logLikelihood: -3279.951057
[00:00:05] [worker #1] Bootstrap tree #130, logLikelihood: -3278.329807
[00:00:05] [worker #24] Bootstrap tree #153, logLikelihood: -3297.283861
[00:00:05] [worker #3] Bootstrap tree #132, logLikelihood: -3289.029907
[00:00:05] [worker #19] Bootstrap tree #148, logLikelihood: -3221.929339
[00:00:05] [worker #17] Bootstrap tree #146, logLikelihood: -3237.036997
[00:00:05] [worker #4] Bootstrap tree #133, logLikelihood: -3272.957344
[00:00:05] [worker #21] Bootstrap tree #150, logLikelihood: -3273.499420
[00:00:05] [worker #20] Bootstrap tree #149, logLikelihood: -3348.175326
[00:00:05] [worker #14] Bootstrap tree #143, logLikelihood: -3268.833922
[00:00:05] [worker #12] Bootstrap tree #141, logLikelihood: -3260.403685
[00:00:05] [worker #25] Bootstrap tree #154, logLikelihood: -3292.752474
[00:00:05] [worker #0] Bootstrap tree #129, logLikelihood: -3322.832442
[00:00:05] [worker #11] Bootstrap tree #140, logLikelihood: -3287.482587
[00:00:05] [worker #16] Bootstrap tree #145, logLikelihood: -3265.446081
[00:00:05] [worker #26] Bootstrap tree #187, logLikelihood: -3313.359432
[00:00:05] [worker #13] Bootstrap tree #174, logLikelihood: -3268.986657
[00:00:05] [worker #27] Bootstrap tree #188, logLikelihood: -3252.835861
[00:00:05] [worker #9] Bootstrap tree #170, logLikelihood: -3259.547098
[00:00:05] [worker #18] Bootstrap tree #179, logLikelihood: -3226.087034
[00:00:05] [worker #15] Bootstrap tree #176, logLikelihood: -3276.052263
[[00:00:05] [worker #31] Bootstrap tree #192, logLikelihood: 0:00:05] [worker #2] Bootstrap tree #163, logLikelihood: -3230.863759
[[00:00:05] [worker #31] Bootstrap tree #192, logLikelihood: 0:00:05] [worker #2] Bootstrap tree #163, logLikelihood: -3230.863759
-3227.364477
[00:00:05] [worker #5] Bootstrap tree #166, logLikelihood: -3295.470507
[00:00:05] [worker #28] Bootstrap tree #189, logLikelihood: -3293.254239
[00:00:05] [worker #4] Bootstrap tree #165, logLikelihood: -3250.531755
[00:00:05] [worker #8] Bootstrap tree #169, logLikelihood: -3237.741632
[00:00:05] [worker #6] Bootstrap tree #167, logLikelihood: -3278.437882
[00:00:05] [worker #7] Bootstrap tree #168, logLikelihood: -3271.536277
[00:00:05] [worker #29] Bootstrap tree #190, logLikelihood: -3283.850452
[00:00:05] [worker #24] Bootstrap tree #185, logLikelihood: -3188.905441
[00:00:05] [worker #19] Bootstrap tree #180, logLikelihood: -3231.680841
[00:00:05] [worker #23] Bootstrap tree #184, logLikelihood: -3272.095389
[00:00:05] [worker #22] Bootstrap tree #183, logLikelihood: -3258.874724
[00:00:05] [worker #1] Bootstrap tree #162, logLikelihood: -3271.854430
[00:00:05] [worker #20] Bootstrap tree #181, logLikelihood: -3340.548544
[00:00:05] [worker #3] Bootstrap tree #164, logLikelihood: -3263.847093
[00:00:05] [worker #21] Bootstrap tree #182, logLikelihood: -3247.709431
[00:00:05] [worker #10] Bootstrap tree #171, logLikelihood: -3264.016675
[00:00:05] [worker #14] Bootstrap tree #175, logLikelihood: -3277.809215
[00:00:05] [worker #25] Bootstrap tree #186, logLikelihood: -3249.960466
[00:00:05] [worker #17] Bootstrap tree #178, logLikelihood: -3315.534384
[00:00:05] [worker #30] Bootstrap tree #191, logLikelihood: -3262.721140
[00:00:05] [worker #12] Bootstrap tree #173, logLikelihood: -3206.868939
[00:00:05] [worker #16] Bootstrap tree #177, logLikelihood: -3295.106518
[00:00:05] [worker #0] Bootstrap tree #161, logLikelihood: -3204.765908
[00:00:05] [worker #11] Bootstrap tree #172, logLikelihood: -3214.819444
[00:00:07] [worker #21] Bootstrap tree #214, logLikelihood: -3233.753289
[00:00:07] [worker #26] Bootstrap tree #219, logLikelihood: -3245.984491
[00:00:07] [worker #24] Bootstrap tree #217, logLikelihood: -3256.358044
[00:00:07] [worker #13] Bootstrap tree #206, logLikelihood: -3237.929579
[00:00:08] [worker #14] Bootstrap tree #207, logLikelihood: -3286.008338
[00:00:08] [worker #28] Bootstrap tree #221, logLikelihood: -3266.571108
[00:00:08] [worker #2] Bootstrap tree #195, logLikelihood: -3323.441820
[00:00:08] [worker #6] Bootstrap tree #199, logLikelihood: -3235.435678
[00:00:08] [worker #23] Bootstrap tree #216, logLikelihood: -3304.794046
[00:00:08] [worker #27] Bootstrap tree #220, logLikelihood: -3196.263961
[00:00:08] [worker #15] Bootstrap tree #208, logLikelihood: -3268.069904
[00:00:08] [worker #10] Bootstrap tree #203, logLikelihood: -3292.097878
[00:00:08] [worker #1] Bootstrap tree #194, logLikelihood: -3287.037934
[00:00:08] [worker #30] Bootstrap tree #223, logLikelihood: -3318.083365
[00:00:08] [worker #3] Bootstrap tree #196, logLikelihood: -3233.143977
[00:00:08] [worker #25] Bootstrap tree #218, logLikelihood: -3260.539893
[00:00:08] [worker #9] Bootstrap tree #202, logLikelihood: -3267.824712
[00:00:08] [worker #29] Bootstrap tree #222, logLikelihood: -3351.121829
[00:00:08] [worker #22] Bootstrap tree #215, logLikelihood: -3266.931810
[00:00:08] [worker #31] Bootstrap tree #224, logLikelihood: -3246.748013
[00:00:08] [worker #20] Bootstrap tree #213, logLikelihood: -3272.529975
[00:00:08] [worker #0] Bootstrap tree #193, logLikelihood: -3266.654712
[00:00:08] [worker #18] Bootstrap tree #211, logLikelihood: -3266.405615
[00:00:08] [worker #8] Bootstrap tree #201, logLikelihood: -3279.657616
[00:00:08] [worker #4] Bootstrap tree #197, logLikelihood: -3265.473817
[00:00:08] [worker #19] Bootstrap tree #212, logLikelihood: -3280.255078
[00:00:08] [worker #5] Bootstrap tree #198, logLikelihood: -3320.354064
[00:00:08] [worker #7] Bootstrap tree #200, logLikelihood: -3280.214595
[00:00:08] [worker #16] Bootstrap tree #209, logLikelihood: -3256.807097
[00:00:08] [worker #12] Bootstrap tree #205, logLikelihood: -3266.656119
[00:00:08] [worker #11] Bootstrap tree #204, logLikelihood: -3216.973336
[00:00:08] [worker #17] Bootstrap tree #210, logLikelihood: -3181.281989
[00:00:08] [worker #24] Bootstrap tree #249, logLikelihood: -3233.207427
[00:00:08] [worker #21] Bootstrap tree #246, logLikelihood: -3306.324222
[00:00:08] [worker #30] Bootstrap tree #255, logLikelihood: -3177.353416
[00:00:08] [worker #2] Bootstrap tree #227, logLikelihood: -3290.344227
[00:00:08] [worker #23] Bootstrap tree #248, logLikelihood: -3252.336075
00:00:08] [worker #13] Bootstrap tree #238, logLikelihood: -3190.964336
[00:00:08] [worker #27] Bootstrap tree #252, logLikelihood: -3239.737685
[00:00:08] [worker #6] Bootstrap tree #231, logLikelihood: -3223.025377
[00:00:08] [worker #22] Bootstrap tree #247, logLikelihood: -3230.836272
[00:00:08] [worker #15] Bootstrap tree #240, logLikelihood: -3269.326457
[00:00:08] [worker #28] Bootstrap tree #253, logLikelihood: -3148.727943
[00:00:08] [worker #10] Bootstrap tree #235, logLikelihood: -3261.313292
[00:00:08] [worker #26] Bootstrap tree #251, logLikelihood: -3226.489203
[00:00:08] [worker #29] Bootstrap tree #254, logLikelihood: -3240.410746
[00:00:08] [worker #20] Bootstrap tree #245, logLikelihood: -3236.727393
[00:00:08] [worker #3] Bootstrap tree #228, logLikelihood: -3275.533495
[00:00:08] [worker #9] Bootstrap tree #234, logLikelihood: -3266.303963
[00:00:08] [worker #4] Bootstrap tree #229, logLikelihood: -3245.705258
[00:00:08] [worker #14] Bootstrap tree #239, logLikelihood: -3269.620745
[00:00:08] [worker #31] Bootstrap tree #256, logLikelihood: -3320.137780
[00:00:08] [worker #8] Bootstrap tree #233, logLikelihood: -3230.107298
[00:00:08] [worker #25] Bootstrap tree #250, logLikelihood: -3236.657317
[00:00:08] [worker #5] Bootstrap tree #230, logLikelihood: -3310.509398
[00:00:08] [worker #1] Bootstrap tree #226, logLikelihood: -3225.097739
[00:00:08] [worker #18] Bootstrap tree #243, logLikelihood: -3310.834965
[00:00:08] [worker #19] Bootstrap tree #244, logLikelihood: -3282.955267
[00:00:08] [worker #7] Bootstrap tree #232, logLikelihood: -3249.642050
[00:00:08] [worker #0] Bootstrap tree #225, logLikelihood: -3267.129755
[00:00:08] [worker #11] Bootstrap tree #236, logLikelihood: -3271.407773
[00:00:08] [worker #16] Bootstrap tree #241, logLikelihood: -3300.356741
[00:00:08] [worker #17] Bootstrap tree #242, logLikelihood: -3248.871146
[00:00:08] [worker #12] Bootstrap tree #237, logLikelihood: -3290.521619
[00:00:12] [worker #19] Bootstrap tree #276, logLikelihood: -3194.014148
[00:00:12] [worker #24] Bootstrap tree #281, logLikelihood: -3250.795880
[00:00:12] [worker #12] Bootstrap tree #269, logLikelihood: -3237.156973
[00:00:12] [worker #5] Bootstrap tree #262, logLikelihood: -3256.266938
[00:00:12] [worker #3] Bootstrap tree #260, logLikelihood: -3262.145240
[00:00:12] [worker #18] Bootstrap tree #275, logLikelihood: -3293.386101
[00:00:12] [worker #28] Bootstrap tree #285, logLikelihood: -3277.354406
[00:00:12] [worker #21] Bootstrap tree #278, logLikelihood: -3265.261234
[00:00:12] [worker #21] Bootstrap tree #278, logLikelihood: -3265.261234
[00:00:12] [worker #17] Bootstrap tree #274, logLikelihood: -3296.564872
[00:00:12] [worker #21] Bootstrap tree #278, logLikelihood: -3265.261234
[00:00:12] [worker #17] Bootstrap tree #274, logLikelihood: -3296.564872
[00:00:12] [worker #31] Bootstrap tree #288, logLikelihood: -3218.812318
[00:00:12] [worker #8] Bootstrap tree #265, logLikelihood: -3281.084070
00:00:12] [worker #10] Bootstrap tree #267, logLikelihood: [-3309.857996

[00:00:12] [worker #2] Bootstrap tree #259, logLikelihood: -3240.016582
[00:00:12] [worker #25] Bootstrap tree #282, logLikelihood: -3357.718854
[00:00:12] [worker #29] Bootstrap tree #286, logLikelihood: -3272.910738
[00:00:12] [worker #13] Bootstrap tree #270, logLikelihood: -3296.002049
[00:00:12] [worker #9] Bootstrap tree #266, logLikelihood: -3259.854935
[00:00:12] [worker #27] Bootstrap tree #284, logLikelihood: -3262.348091
[00:00:12] [worker #0] Bootstrap tree #257, logLikelihood: -3239.629776
[00:00:12] [worker #7] Bootstrap tree #264, logLikelihood: -3292.335534
[00:00:12] [worker #20] Bootstrap tree #277, logLikelihood: -3246.797881
[00:00:12] [worker #15] Bootstrap tree #272, logLikelihood: -3297.592353
[00:00:12] [worker #22] Bootstrap tree #279, logLikelihood: -3259.951812
[00:00:12] [worker #26] Bootstrap tree #283, logLikelihood: -3254.915112
[00:00:12] [worker #6] Bootstrap tree #263, logLikelihood: -3288.587477
[00:00:12] [worker #30] Bootstrap tree #287, logLikelihood: -3240.185756
[00:00:12] [worker #11] Bootstrap tree #268, logLikelihood: -3316.464335
[00:00:12] [worker #16] Bootstrap tree #273, logLikelihood: -3249.877367
[00:00:12] [worker #14] Bootstrap tree #271, logLikelihood: -3330.480200
[00:00:12] [worker #23] Bootstrap tree #280, logLikelihood: -3233.539733
[00:00:12] [worker #1] Bootstrap tree #258, logLikelihood: -3300.266988
[00:00:12] [worker #19] Bootstrap tree #308, logLikelihood: -3223.160240
[00:00:12] [worker #24] Bootstrap tree #313, logLikelihood: -3266.010910
[00:00:12] [worker #5] Bootstrap tree #294, logLikelihood: -3292.968010
[00:00:12] [worker #12] Bootstrap tree #301, logLikelihood: -3293.737443
[00:00:12] [worker #8] Bootstrap tree #297, logLikelihood: -3233.567562
[00:00:12] [worker #21] Bootstrap tree #310, logLikelihood: -3225.764221
[00:00:12] [worker #17] Bootstrap tree #306, logLikelihood: -3273.411062
[00:00:12] [worker #28] Bootstrap tree #317, logLikelihood: -3264.566615
[00:00:12] [worker #2] Bootstrap tree #291, logLikelihood: -3239.027311
00:00:12] [worker #10] Bootstrap tree #299, logLikelihood: -3273.960079
[00:00:12] [worker #25] Bootstrap tree #314, logLikelihood: -3297.430738
[00:00:12] [worker #18] Bootstrap tree #307, logLikelihood: -3298.206241
[00:00:12] [worker #13] Bootstrap tree #302, logLikelihood: -3248.357034
[00:00:12] [worker #4] Bootstrap tree #293, logLikelihood: -3281.697602
[00:00:12] [worker #3] Bootstrap tree #292, logLikelihood: -3265.800675
[00:00:12] [worker #9] Bootstrap tree #298, logLikelihood: -3267.455365
[00:00:12] [worker #31] Bootstrap tree #320, logLikelihood: -3226.885539
[00:00:12] [worker #27] Bootstrap tree #316, logLikelihood: -3272.477524
[00:00:12] [worker #29] Bootstrap tree #318, logLikelihood: -3257.244463
[00:00:12] [worker #20] Bootstrap tree #309, logLikelihood: -3292.741491
[00:00:12] [worker #6] Bootstrap tree #295, logLikelihood: -3240.595117
[00:00:12] [worker #7] Bootstrap tree #296, logLikelihood: -3292.373313
[00:00:12] [worker #15] Bootstrap tree #304, logLikelihood: -3303.382779
[00:00:12] [worker #22] Bootstrap tree #311, logLikelihood: -3300.483552
[00:00:12] [worker #26] Bootstrap tree #315, logLikelihood: -3332.053258
[00:00:12] [worker #0] Bootstrap tree #289, logLikelihood: -3249.652359
[00:00:12] [worker #11] Bootstrap tree #300, logLikelihood: -3306.500684
[00:00:12] [worker #16] Bootstrap tree #305, logLikelihood: -3278.633814
[00:00:12] [worker #1] Bootstrap tree #290, logLikelihood: -3250.157300
[00:00:12] [worker #23] Bootstrap tree #312, logLikelihood: -3239.169105
[00:00:12] [worker #14] Bootstrap tree #303, logLikelihood: -3264.284913
[00:00:12] [worker #30] Bootstrap tree #319, logLikelihood: -3251.266741
[00:00:18] [worker #24] Bootstrap tree #345, logLikelihood: -3243.667109
[00:00:18] [worker #16] Bootstrap tree #337, logLikelihood: -3232.289521
[00:00:18] [worker #2] Bootstrap tree #323, logLikelihood: -3243.247882
[00:00:18] [worker #31] Bootstrap tree #352, logLikelihood: -3240.119243
[00:00:18] [worker #28] Bootstrap tree #349, logLikelihood: -3214.680386
[00:00:18] [worker #17] Bootstrap tree #338, logLikelihood: -3256.326623
[00:00:18] [worker #19] Bootstrap tree #340, logLikelihood: -3255.160068
[00:00:18] [worker #23] Bootstrap tree #344, logLikelihood: -3276.741417
[00:00:18] [worker #20] Bootstrap tree #341, logLikelihood: -3255.583851
[00:00:18] [worker #18] Bootstrap tree #339, logLikelihood: -3248.488169
[00:00:18] [worker #11] Bootstrap tree #332, logLikelihood: -3262.636954
[00:00:18] [worker #3] Bootstrap tree #324, logLikelihood: -3283.796166
[00:00:18] [worker #10] Bootstrap tree #331, logLikelihood: -3299.152557
[00:00:18] [worker #5] Bootstrap tree #326, logLikelihood: -3240.671641
[00:00:18] [worker #12] Bootstrap tree #333, logLikelihood: -3247.023278
[00:00:18] [worker #25] Bootstrap tree #346, logLikelihood: -3300.860746
[00:00:18] [worker #27] Bootstrap tree #348, logLikelihood: -3228.086545
[00:00:18] [worker #22] Bootstrap tree #343, logLikelihood: -3308.437992
[00:00:18] [worker #15] Bootstrap tree #336, logLikelihood: -3284.938713
[00:00:18] [worker #4] Bootstrap tree #325, logLikelihood: -3277.128194
[00:00:18] [worker #7] Bootstrap tree #328, logLikelihood: -3261.294033
[00:00:18] [worker #13] Bootstrap tree #334, logLikelihood: -3270.152478
330, logLikelihood: -3273.775090
[00:00:18] [worker #30] Bootstrap tree #351, logLikelihood: -3243.112238
[00:00:18] [worker #6] Bootstrap tree #327, logLikelihood: -3276.402263
[00:00:18] [worker #8] Bootstrap tree #329, logLikelihood: -3218.277271
[00:00:18] [worker #21] Bootstrap tree #342, logLikelihood: -3253.047475
[00:00:18] [worker #0] Bootstrap tree #321, logLikelihood: -3243.629462
[00:00:18] [worker #29] Bootstrap tree #350, logLikelihood: -3304.057304
[00:00:18] [worker #1] Bootstrap tree #322, logLikelihood: -3267.158918
[00:00:18] [worker #26] Bootstrap tree #347, logLikelihood: -3249.724432
[00:00:18] [worker #16] Bootstrap tree #369, logLikelihood: -3324.881742
[00:00:18] [worker #14] Bootstrap tree #335, logLikelihood: -3270.160794
[00:00:18] [worker #2] Bootstrap tree #355, logLikelihood: -3304.337192
[00:00:18] [worker #24] Bootstrap tree #377, logLikelihood: -3271.484336
[00:00:18] [worker #20] Bootstrap tree #373, logLikelihood: -3255.904565
[00:00:18] [worker #3] Bootstrap tree #356, logLikelihood: -3233.363107
[00:00:18] [worker #18] Bootstrap tree #371, logLikelihood: -3263.820492
[00:00:18] [worker #19] Bootstrap tree #372, logLikelihood: -3269.867221
[00:00:18] [worker #17] Bootstrap tree #370, logLikelihood: -3265.122167
[00:00:18] [worker #23] Bootstrap tree #376, logLikelihood: -3295.600322
[00:00:18] [worker #28] Bootstrap tree #381, logLikelihood: -3275.212677
[00:00:18] [worker #31] Bootstrap tree #384, logLikelihood: -3301.757322
[00:00:18] [worker #11] Bootstrap tree #364, logLikelihood: -3283.852259
[00:00:18] [worker #10] Bootstrap tree #363, logLikelihood: -3235.493728
[00:00:18] [worker #7] Bootstrap tree #360, logLikelihood: -3255.479537
[00:00:18] [worker #12] Bootstrap tree #365, logLikelihood: -3301.215710
[00:00:18] [worker #25] Bootstrap tree #378, logLikelihood: -3267.564052
[[00:00:18] 00[worker #5] Bootstrap tree #:358, logLikelihood: :18] [worker #13] Bootstrap tree #366, logLikelihood: -3286.124066
[[00:00:18] 00[worker #5] Bootstrap tree #:358, logLikelihood: :18] [worker #13] Bootstrap tree #366, logLikelihood: -3286.124066
-3289.672846
[00:00:18] [worker #22] Bootstrap tree #375, logLikelihood: -3210.692182
[00:00:18] [worker #27] Bootstrap tree #380, logLikelihood: -3263.130197
[00:00:18] [worker #4] Bootstrap tree #357, logLikelihood: -3348.905554
[00:00:18] [worker #9] Bootstrap tree #362, logLikelihood: -3255.397290
[00:00:18] [worker #30] Bootstrap tree #383, logLikelihood: -3218.744363
[00:00:18] [worker #21] Bootstrap tree #374, logLikelihood: -3264.531436
[00:00:18] [worker #6] Bootstrap tree #359, logLikelihood: -3231.437529
[00:00:18] [worker #29] Bootstrap tree #382, logLikelihood: -3196.377108
[00:00:18] [worker #15] Bootstrap tree #368, logLikelihood: -3276.901569
[00:00:18] [worker #8] Bootstrap tree #361, logLikelihood: -3297.011031
[00:00:18] [worker #26] Bootstrap tree #379, logLikelihood: -3207.225004
[00:00:18] [worker #0] Bootstrap tree #353, logLikelihood: -3268.241042
[00:00:18] [worker #14] Bootstrap tree #367, logLikelihood: -3252.036570
[00:00:18] [worker #1] Bootstrap tree #354, logLikelihood: -3214.412380
[00:00:26] [worker #3] Bootstrap tree #388, logLikelihood: -3313.935989
[00:00:26] [worker #5] Bootstrap tree #390, logLikelihood: -3165.673680
[00:00:26] [worker #24] Bootstrap tree #409, logLikelihood: -3253.620071
[00:00:26] [worker #19] Bootstrap tree #404, logLikelihood: -3245.436730
[00:00:26] [worker #28] Bootstrap tree #413, logLikelihood: -3271.123008
[00:00:26] [worker #14] Bootstrap tree #399, logLikelihood: -3257.615871
[00:00:26] [worker #9] Bootstrap tree #394, logLikelihood: -3231.945934
[00:00:26] [worker #30] Bootstrap tree #415, logLikelihood: -3244.577186
[00:00:26] [worker #4] Bootstrap tree #389, logLikelihood: -3241.023002
[00:00:26] [worker #17] Bootstrap tree #402, logLikelihood: -3327.645169
[00:00:26] [worker #27] Bootstrap tree #412, logLikelihood: -3182.794479
[00:00:26] [worker #21] Bootstrap tree #406, logLikelihood: -3231.028433[
[00:00:26] [worker #21] Bootstrap tree #406, logLikelihood: -3231.028433[
00:00:26] [worker #18] Bootstrap tree #403, logLikelihood: -3287.424425
[00:00:26] [worker #23] Bootstrap tree #408, logLikelihood: -3264.399643
[00:00:26] [worker #10] Bootstrap tree #395, logLikelihood: -3229.213475
[00:00:26] [worker #12] Bootstrap tree #397, logLikelihood: -3233.010274
:00[00:00::26] 26] [worker #31] Bootstrap tree #416Bootstrap tree #, logLikelihood: 400, logLikelihood: -3285.622582-3319.398917
:00[00:00::26] 26] [worker #31] Bootstrap tree #416Bootstrap tree #, logLikelihood: 400, logLikelihood: -3285.622582-3319.398917

[00:00:26] [worker #29] Bootstrap tree #414, logLikelihood: -3222.644300
[00:00:26] [worker #7] Bootstrap tree #392, logLikelihood: -3197.394686
[00:00:26] [worker #25] Bootstrap tree #410, logLikelihood: -3306.586219
[00:00:26] [worker #20] Bootstrap tree #405, logLikelihood: -3254.425958
[00:00:26] [worker #2] Bootstrap tree #387, logLikelihood: -3279.380334
[00:00:26] [worker #11] Bootstrap tree #396, logLikelihood: -3256.908477
[00:00:26] [worker #26] Bootstrap tree #411, logLikelihood: -3273.923377
[00:00:26] [worker #13] Bootstrap tree #398, logLikelihood: -3309.846617
[00:00:26] [worker #1] Bootstrap tree #386, logLikelihood: -3204.097638
[00:00:26] [worker #8] Bootstrap tree #393, logLikelihood: -3253.869083
[00:00:26] [worker #22] Bootstrap tree #407, logLikelihood: -3236.993255
[00:00:26] [worker #16] Bootstrap tree #401, logLikelihood: -3283.750703
[00:00:26] [worker #3] Bootstrap tree #420, logLikelihood: -3214.954902
[00:00:26] [worker #6] Bootstrap tree #391, logLikelihood: -3302.238926
[00:00:26] [worker #0] Bootstrap tree #385, logLikelihood: -3326.924160
[00:00:26] [worker #5] Bootstrap tree #422, logLikelihood: -3345.820841
[00:00:26] [worker #19] Bootstrap tree #436, logLikelihood: -3249.958981
[00:00:26] [worker #24] Bootstrap tree #441, logLikelihood: -3250.753822
[00:00:26] [worker #4] Bootstrap tree #421, logLikelihood: -3283.992958
[00:00:26] [worker #30] Bootstrap tree #447, logLikelihood: -3289.213682
[00:00:26] [worker #9] Bootstrap tree #426, logLikelihood: -3307.993795
[00:00:26] [worker #28] Bootstrap tree #445, logLikelihood: -3278.816390
[00:00:26] [worker #27] Bootstrap tree #444, logLikelihood: -3240.855019
[00:00:26] [worker #14] Bootstrap tree #431, logLikelihood: -3259.719977
[00:00:26] [worker #23] Bootstrap tree #440, logLikelihood: -3349.374427
[00:00:26] [worker #31] Bootstrap tree #448, logLikelihood: -3259.946741
[00:00:26] [worker #17] Bootstrap tree #434, logLikelihood: -3306.374993
[00:00:26] [worker #12] Bootstrap tree #429, logLikelihood: -3269.011519
[00:00:26] [worker #10] Bootstrap tree #427, logLikelihood: -3287.306150
[00:00:26] [worker #15] Bootstrap tree #432, logLikelihood: -3289.028314
438, logLikelihood: [-3212.98760600

[00:00:26] [worker #20] Bootstrap tree #437, logLikelihood: -3252.064463
[00:00:26] [worker #29] Bootstrap tree #446, logLikelihood: -3273.533287
[00:00:26] [worker #2] Bootstrap tree #419, logLikelihood: -3259.951807
[00:00:26] [worker #18] Bootstrap tree #435, logLikelihood: -3291.105788
[00:00:26] [worker #26] Bootstrap tree #443, logLikelihood: -3270.435766
[00:00:26] [worker #16] Bootstrap tree #433, logLikelihood: -3247.725944
[00:00:26] [worker #7] Bootstrap tree #424, logLikelihood: -3256.378331
[00:00:26] [worker #8] Bootstrap tree #425, logLikelihood: -3251.864232
[00:00:26] [worker #11] Bootstrap tree #428, logLikelihood: -3240.999253
[00:00:26] [worker #25] Bootstrap tree #442, logLikelihood: -3223.151196
[00:00:26] [worker #22] Bootstrap tree #439, logLikelihood: -3206.360587
[00:00:26] [worker #1] Bootstrap tree #418, logLikelihood: -3301.535366
[00:00:26] [worker #6] Bootstrap tree #423, logLikelihood: -3225.759398
[00:00:27] [worker #0] Bootstrap tree #417, logLikelihood: -3277.380343
[00:00:36] [worker #4] Bootstrap tree #453, logLikelihood: -3234.834920
[00:00:36] [worker #2] Bootstrap tree #451, logLikelihood: -3286.809305
[00:00:36] [worker #11] Bootstrap tree #460, logLikelihood: -3245.926766
[00:00:36] [worker #19] Bootstrap tree #468, logLikelihood: -3267.875133
[00:00:36] [worker #26] Bootstrap tree #475, logLikelihood: -3260.861571
[00:00:37] [worker #29] Bootstrap tree #478, logLikelihood: -3249.802695
[00:00:37] [worker #27] Bootstrap tree #476, logLikelihood: -3242.485453
[00:00:37] [worker #20] Bootstrap tree #469, logLikelihood: -3230.500012
[00:00:37] [worker #25] Bootstrap tree #474, logLikelihood: -3263.819493
[00:00:37] [worker #0] Bootstrap tree #449, logLikelihood: -3178.932208
[00:00:37] [worker #1] Bootstrap tree #450, logLikelihood: -3325.884553
[00:00:37] [worker #22] Bootstrap tree #471, logLikelihood: -3245.366017
00:00:37] [worker #17] Bootstrap tree #466, logLikelihood: -3301.160830[00:00:37] [worker #5] Bootstrap tree #
454, logLikelihood: 00:00:37] [worker #17] Bootstrap tree #466, logLikelihood: -3301.160830[00:00:37] [worker #5] Bootstrap tree #
454, logLikelihood: -3267.216394
[00:00:37] [worker #28] Bootstrap tree #477, logLikelihood: -3224.419676
[00:00:37] [worker #31] Bootstrap tree #480, logLikelihood: -3281.624916
[00:00:37] [worker #12] Bootstrap tree #461, logLikelihood: -3275.892253
[00:00:37] [worker #24] Bootstrap tree #473, logLikelihood: -3318.117427
[00:00:37] [worker #18] Bootstrap tree #467, logLikelihood: -3182.762393
[00:00:37] [worker #6] Bootstrap tree #455, logLikelihood: -3282.039144
[00:00:37] [worker #15] Bootstrap tree #464, logLikelihood: -3278.265839
[00:00:37] [worker #30] Bootstrap tree #479, logLikelihood: -3256.618087
[00:00:37] [worker #16] Bootstrap tree #465, logLikelihood: -3243.500288
[00:00:37] [worker #10] Bootstrap tree #459, logLikelihood: -3283.344878
[00:00:37] [worker #3] Bootstrap tree #452, logLikelihood: -3230.164963
[00:00:37] [worker #13] Bootstrap tree #462, logLikelihood: -3206.942119
-3268.171462
[00:00:37] [worker #14] Bootstrap tree #463, logLikelihood: -3325.217194
[00:00:37] [worker #23] Bootstrap tree #472, logLikelihood: -3259.946078
[00:00:37] [worker #7] Bootstrap tree #456, logLikelihood: -3253.499960
[00:00:37] [worker #21] Bootstrap tree #470, logLikelihood: -3282.235388
[00:00:37] [worker #8] Bootstrap tree #457, logLikelihood: -3321.438344
[00:00:37] [worker #25] Bootstrap tree #506, logLikelihood: -3191.730134
[00:00:37] [worker #1] Bootstrap tree #482, logLikelihood: -3287.723067
[00:00:37] [worker #4] Bootstrap tree #485, logLikelihood: -3229.915214
[00:00:37] [worker #26] Bootstrap tree #507, logLikelihood: -3267.258396
[00:00:37] [worker #20] Bootstrap tree #501, logLikelihood: -3262.718942
[00:00:37] [worker #29] Bootstrap tree #510, logLikelihood: -3217.684510
[00:00:37] [worker #31] Bootstrap tree #512, logLikelihood: -3294.619693
[00:00:37] [worker #23] Bootstrap tree #504, logLikelihood: -3254.955058
[00:00:37] [worker #22] Bootstrap tree #503, logLikelihood: -3263.968763
[00:00:37] [worker #28] Bootstrap tree #509, logLikelihood: -3259.533088
[00:00:37] [worker #27] Bootstrap tree #508, logLikelihood: -3230.575163
[00:00:37] [worker #19] Bootstrap tree #500, logLikelihood: -3275.085105
[00:00:37] [worker #11] Bootstrap tree #492, logLikelihood: -3231.556653
[00:00:37] [worker #9] Bootstrap tree #490, logLikelihood: -3258.537228
[00:00:37] [worker #14] Bootstrap tree #495, logLikelihood: -3252.855112
[00:00:37] [worker #2] Bootstrap tree #483, logLikelihood: -3289.414798
[00:00:37] [worker #3] Bootstrap tree #484, logLikelihood: -3238.738100
[00:00:37] [worker #10] Bootstrap tree #491, logLikelihood: -3331.663549
[00:00:37] [worker #5] Bootstrap tree #486, logLikelihood: -3274.246283
[00:00:37] [worker #24] Bootstrap tree #505, logLikelihood: -3290.040840
[00:00:37] [worker #7] Bootstrap tree #488, logLikelihood: -3279.997566
[00:00:37] [worker #17] Bootstrap tree #498, logLikelihood: -3309.115604
[00:00:37] [worker #12] Bootstrap tree #493, logLikelihood: -3285.031879
[00:00:37] [worker #16] Bootstrap tree #497, logLikelihood: -3230.638315
[00:00:37] [worker #15] Bootstrap tree #496, logLikelihood: -3286.266371
[00:00:37] [worker #0] Bootstrap tree #481, logLikelihood: -3304.781276
[00:00:37] [worker #6] Bootstrap tree #487, logLikelihood: -3232.733755
[00:00:37] [worker #18] Bootstrap tree #499, logLikelihood: -3292.121999
[00:00:37] [worker #30] Bootstrap tree #511, logLikelihood: -3255.446153
[00:00:37] [worker #13] Bootstrap tree #494, logLikelihood: -3315.294232
[00:00:37] [worker #8] Bootstrap tree #489, logLikelihood: -3257.743895
[00:00:37] [worker #21] Bootstrap tree #502, logLikelihood: -3273.533290
[00:00:49] [worker #24] Bootstrap tree #537, logLikelihood: -3240.402240
[00:00:49] [worker #7] Bootstrap tree #520, logLikelihood: -3234.364276
[00:00:49] [worker #12] Bootstrap tree #525, logLikelihood: -3190.657903
[00:00:49] [worker #16] Bootstrap tree #529, logLikelihood: -3281.165147
[00:00:49] [worker #25] Bootstrap tree #538, logLikelihood: [00:00:49] 
[00:00:49] [worker #25] Bootstrap tree #538, logLikelihood: [00:00:49] 
[worker #22] Bootstrap tree #535, logLikelihood: -3273.533279
[00:00:49] [worker #30] Bootstrap tree #543, logLikelihood: -3235.703318
00:00:49] [worker #28] Bootstrap tree #541, logLikelihood: -3234.469555
[00:00:49] [worker #18] Bootstrap tree #531, logLikelihood: -3295.357508
[00:00:49] [worker #13] Bootstrap tree #526, logLikelihood: -3262.771419
[00:00:49] [worker #1] Bootstrap tree #514, logLikelihood: -3241.117400
[00:00:49] [worker #6] Bootstrap tree #519, logLikelihood: -3316.106468
[00:00:49] [worker #5] Bootstrap tree #518, logLikelihood: -3244.396942
[00:00:49] [worker #10] Bootstrap tree #523, logLikelihood: -3283.932610
[00:00:49] [worker #19] Bootstrap tree #532, logLikelihood: -3263.566727
[00:00:49] [worker #29] Bootstrap tree #542, logLikelihood: -3332.713442
[00:00:49] [worker #4] Bootstrap tree #517, logLikelihood: -3297.932366
[00:00:49] [worker #21] Bootstrap tree #534, logLikelihood: -3295.536691
[00:00:49] [worker #27] Bootstrap tree #540, logLikelihood: -3242.014730
[00:00:49] [worker #23] Bootstrap tree #536, logLikelihood: -3179.017086
[00:00:49] [worker #14] Bootstrap tree #527, logLikelihood: -3318.489863
[00:00:49] [worker #17] Bootstrap tree #530, logLikelihood: -3252.463999
[00:00:49] [worker #31] Bootstrap tree #544, logLikelihood: -3230.773499
[00:00:49] [worker #8] Bootstrap tree #521, logLikelihood: -3280.617457
[00:00:49] [worker #26] Bootstrap tree #539, logLikelihood: -3278.776571
[00:00:49] [worker #2] Bootstrap tree #515, logLikelihood: -3261.207462
[00:00:49] [worker #11] Bootstrap tree #524, logLikelihood: -3286.036448
[00:00:49] [worker #20] Bootstrap tree #533, logLikelihood: -3281.062377
[worker #15] Bootstrap tree #528, logLikelihood: -3205.171838
[00:00:49] [worker #9] Bootstrap tree #522, logLikelihood: -3264.553364
[00:00:49] [worker #3] Bootstrap tree #516, logLikelihood: -3275.533586
[00:00:49] [worker #0] Bootstrap tree #513, logLikelihood: -3266.491353
[00:00:49] [worker #28] Bootstrap tree #573, logLikelihood: -3248.196604
[00:00:49] [worker #10] Bootstrap tree #555, logLikelihood: -3239.369032
[00:00:49] [worker #30] Bootstrap tree #575, logLikelihood: -3300.602880
[00:00:49] [worker #22] Bootstrap tree #567, logLikelihood: -3217.488301
[00:00:49] [worker #29] Bootstrap tree #574, logLikelihood: -3201.854999
[00:00:49] [worker #7] Bootstrap tree #552, logLikelihood: -3296.612457
[00:00:49] [worker #6] Bootstrap tree #551, logLikelihood: -3238.753532
00:00:49] [worker #12] Bootstrap tree #557, logLikelihood: -3270.704077
[00:00:49] [worker #13] Bootstrap tree #558, logLikelihood: -3285.357061
[00:00:49] [worker #1] Bootstrap tree #546, logLikelihood: -3270.539921
[00:00:49] [worker #19] Bootstrap tree #564, logLikelihood: -3259.295680
[00:00:49] [worker #16] Bootstrap tree #561, logLikelihood: -3253.338519
[00:00:49] [worker #4] Bootstrap tree #549, logLikelihood: -3225.227525
[00:00:49] [worker #24] Bootstrap tree #569, logLikelihood: -3318.292142
[00:00:49] [worker #21] Bootstrap tree #566, logLikelihood: -3288.423603
[00:00:49] [worker #18] Bootstrap tree #563, logLikelihood: -3325.721303
[00:00:49] [worker #17] Bootstrap tree #562, logLikelihood: -3267.094242
[00:00:49] [worker #23] Bootstrap tree #568, logLikelihood: -3216.480440
[00:00:49] [worker #26] Bootstrap tree #571, logLikelihood: -3300.811462
[00:00:49] [worker #3] Bootstrap tree #548, logLikelihood: -3229.052393
[00:00:49] [worker #5] Bootstrap tree #550, logLikelihood: -3254.457316
[00:00:49] [worker #2] Bootstrap tree #547, logLikelihood: -3251.530390
[00:00:49] [worker #8] Bootstrap tree #553, logLikelihood: -3220.956549
[00:00:49] [worker #14] Bootstrap tree #559, logLikelihood: -3298.560172
[00:00:49] [worker #31] Bootstrap tree #576, logLikelihood: -3287.636276
[00:00:49] [worker #25] Bootstrap tree #570, logLikelihood: -3260.192984
[00:00:49] [worker #27] Bootstrap tree #572, logLikelihood: -3259.240595
[00:00:49] [worker #9] Bootstrap tree #554, logLikelihood: -3283.289037
[00:00:49] [worker #20] Bootstrap tree #565, logLikelihood: -3280.757191
[00:00:50] [worker #11] Bootstrap tree #556, logLikelihood: -3249.614745
[00:00:50] [worker #15] Bootstrap tree #560, logLikelihood: -3272.378768
[00:00:50] [worker #0] Bootstrap tree #545, logLikelihood: -3259.500639
[00:01:05] [worker #31] Bootstrap tree #608, logLikelihood: -3172.864956
[00:01:05] [worker #29] Bootstrap tree #606, logLikelihood: -3266.100059
[00:01:05] [worker #10] Bootstrap tree #587, logLikelihood: -3252.694889
[00:01:05] [worker #19] Bootstrap tree #596, logLikelihood: -3189.332862
[00:01:05] [worker #23] Bootstrap tree #600, logLikelihood: -3234.379021
[00:01:05] [worker #26] Bootstrap tree #603, logLikelihood: -3244.672350
[00:01:05] [worker #20] Bootstrap tree #597, logLikelihood: -3254.888249
[00:01:05] [worker #18] Bootstrap tree #595, logLikelihood: -3208.582975
[00:01:05] [worker #2] Bootstrap tree #579, logLikelihood: -3301.219315
[00:01:05] [worker #7] Bootstrap tree #584, logLikelihood: -3290.764875
[00:01:05] [worker #16] Bootstrap tree #593, logLikelihood: -3267.369376
[00:01:05] [worker #11] Bootstrap tree #588, logLikelihood: -3260.692897
[00:01:05] [worker #30] Bootstrap tree #607, logLikelihood: -3283.156693
[00:01:05] [worker #9] Bootstrap tree #586, logLikelihood: -3302.091956
[00:01:05] [worker #14] Bootstrap tree #591, logLikelihood: -3233.295987
[00:01:05] [worker #6] Bootstrap tree #583, logLikelihood: -3281.044804
[00:01:05] [worker #25] Bootstrap tree #602, logLikelihood: -3262.149594
[00:01:05] [worker #8] Bootstrap tree #585, logLikelihood: -3200.109521
[00:01:05] [worker #12] Bootstrap tree #589, logLikelihood: -3285.781404
[00:01:05] [worker #27] Bootstrap tree #604, logLikelihood: -3242.662458
[00:01:05] [worker #13] Bootstrap tree #590, logLikelihood: -3257.895288
[00:01:05] [worker #22] Bootstrap tree #599, logLikelihood: -3266.755336
[00:01:05] [worker #24] Bootstrap tree #601, logLikelihood: -3252.234207
[00:01:05] [worker #3] Bootstrap tree #580, logLikelihood: -3199.043041
[00:01:05] [worker #0] Bootstrap tree #577, logLikelihood: -3248.109644
[00:01:05] [worker #1] Bootstrap tree #578, logLikelihood: -3241.951750
[00:01:05] [worker #28] Bootstrap tree #605, logLikelihood: -3319.006860
[00:01:05] [worker #15] Bootstrap tree #592, logLikelihood: -3225.498365
[00:01:05] [worker #17] Bootstrap tree #594, logLikelihood: -3259.961752
[00:01:05] [worker #4] Bootstrap tree #581, logLikelihood: -3259.882395
[00:01:05] [worker #21] Bootstrap tree #598, logLikelihood: -3244.969100
[00:01:05] [worker #5] Bootstrap tree #582, logLikelihood: -3273.533291
[00:01:05] [worker #31] Bootstrap tree #640, logLikelihood: -3305.548793
[00:01:05] [worker #29] Bootstrap tree #638, logLikelihood: -3300.357819
[00:01:05] [worker #20] Bootstrap tree #629, logLikelihood: -3288.708057
[00:01:05] [worker #10] Bootstrap tree #619, logLikelihood: -3290.212795
[00:01:05] [worker #7] Bootstrap tree #616, logLikelihood: -3293.682078
[00:01:05] [worker #19] Bootstrap tree #628, logLikelihood: -3316.035997
[00:01:05] [worker #8] Bootstrap tree #617, logLikelihood: -3293.462219
[00:01:05] [worker #26] Bootstrap tree #635, logLikelihood: -3242.313498
[00:01:05] [worker #2] Bootstrap tree #611, logLikelihood: -3258.469199
[00:01:05] [worker #25] Bootstrap tree #634, logLikelihood: -3316.315590
[00:01:05] [worker #6] Bootstrap tree #615, logLikelihood: -3312.925679
[00:01:05] [worker #23] Bootstrap tree #632, logLikelihood: -3326.392665
[00:01:05] [worker #13] Bootstrap tree #622, logLikelihood: -3244.630702
[00:01:05] [worker #16] Bootstrap tree #625, logLikelihood: -3284.648701
[00:01:05] [worker #14] Bootstrap tree #623, logLikelihood: -3235.923301
[00:01:05] [worker #27] Bootstrap tree #636, logLikelihood: -3244.461879
[00:01:05] [worker #3] Bootstrap tree #612, logLikelihood: -3244.040026
[00:01:05] [worker #18] Bootstrap tree #627, logLikelihood: -3236.334074
[00:01:05] [worker #30] Bootstrap tree #639, logLikelihood: -3214.964872
[00:01:05] [worker #12] Bootstrap tree #621, logLikelihood: -3295.250315
[00:01:05] [worker #9] Bootstrap tree #618, logLikelihood: -3276.445498
[00:01:05] [worker #11] Bootstrap tree #620, logLikelihood: -3234.476957
[00:01:05] [worker #24] Bootstrap tree #633, logLikelihood: -3243.710967
[00:01:05] [worker #22] Bootstrap tree #631, logLikelihood: -3260.365371
[00:01:05] [worker #15] Bootstrap tree #624, logLikelihood: -3237.107159
[00:01:05] [worker #4] Bootstrap tree #613, logLikelihood: -3360.238097
[00:01:05] [worker #28] Bootstrap tree #637, logLikelihood: -3267.668501
[00:01:05] [worker #21] Bootstrap tree #630, logLikelihood: -3263.550607
[00:01:05] [worker #0] Bootstrap tree #609, logLikelihood: -3245.346734
[00:01:05] [worker #17] Bootstrap tree #626, logLikelihood: -3263.627033
[00:01:05] [worker #5] Bootstrap tree #614, logLikelihood: -3260.022378
[00:01:05] [worker #1] Bootstrap tree #610, logLikelihood: -3264.285351
[00:01:28] [worker #31] Bootstrap tree #672, logLikelihood: -3283.661338
[00:01:28] [worker #17] Bootstrap tree #658, logLikelihood: -3219.461345
[00:01:28] [worker #12] Bootstrap tree #653, logLikelihood: -3245.850960
[00:01:28] [worker #26] Bootstrap tree #667, logLikelihood: -3255.931318
[00:01:28] [worker #21] Bootstrap tree #662, logLikelihood: -3214.202069
[00:01:28] [worker #8] Bootstrap tree #649, logLikelihood: -3316.494009
[00:01:28] [worker #7] Bootstrap tree #648, logLikelihood: -3240.630280
[00:01:28] [worker #3] Bootstrap tree #644, logLikelihood: -3325.018063
[00:01:28] [worker #29] Bootstrap tree #670, logLikelihood: -3300.393096
[00:01:28] [worker #11] Bootstrap tree #652, logLikelihood: -3307.538955
[00:01:28] [worker #1] Bootstrap tree #642, logLikelihood: -3202.334726
[00:01:28] [worker #15] Bootstrap tree #656, logLikelihood: -3266.302267
[00:01:28] [worker #25] Bootstrap tree #666, logLikelihood: -3314.983894
[00:01:28] [worker #27] Bootstrap tree #668, logLikelihood: -3270.889018
[00:01:28] [worker #24] Bootstrap tree #665, logLikelihood: -3202.563316
[00:01:28] [worker #22] Bootstrap tree #663, logLikelihood: -3273.374699
[00:01:28] [worker #30] Bootstrap tree #671, logLikelihood: -3297.840182
[00:01:28] [worker #23] Bootstrap tree #664, logLikelihood: -3278.922753
[00:01:28] [worker #13] Bootstrap tree #654, logLikelihood: -3328.491393
[00:01:28] [worker #9] Bootstrap tree #650, logLikelihood: -3303.690772
[00:01:28] [worker #14] Bootstrap tree #655, logLikelihood: -3272.440972
[00:01:28] [worker #5] Bootstrap tree #646, logLikelihood: -3247.605504
[00:01:28] [worker #10] Bootstrap tree #651, logLikelihood: -3311.311597
[00:01:28] [worker #2] Bootstrap tree #643, logLikelihood: -3273.533297
[00:01:28] [worker #28] Bootstrap tree #669, logLikelihood: -3248.620627
[00:01:28] [worker #18] Bootstrap tree #659, logLikelihood: -3273.533284
[00:01:28] [worker #6] Bootstrap tree #647, logLikelihood: -3277.747009
[00:01:28] [worker #19] Bootstrap tree #660, logLikelihood: -3242.164941
[00:01:28] [worker #0] Bootstrap tree #641, logLikelihood: -3296.068565
[00:01:28] [worker #20] Bootstrap tree #661, logLikelihood: -3234.738779
[00:01:28] [worker #4] Bootstrap tree #645, logLikelihood: -3305.901035
[00:01:28] [worker #16] Bootstrap tree #657, logLikelihood: -3251.411488
[00:01:28] [worker #27] Bootstrap tree #700, logLikelihood: -3279.077175
[00:01:28] [worker #11] Bootstrap tree #684, logLikelihood: -3209.256239
[00:01:28] [worker #7] Bootstrap tree #680, logLikelihood: -3308.919313
[00:01:28] [worker #12] Bootstrap tree #685, logLikelihood: -3307.084537
[00:01:28] [worker #26] Bootstrap tree #699, logLikelihood: -3291.582659
[00:01:28] [worker #25] Bootstrap tree #698, logLikelihood: -3180.836973
[00:01:28] [worker #31] Bootstrap tree #704, logLikelihood: -3284.260220
[00:01:28] [worker #17] Bootstrap tree #690, logLikelihood: -3282.434999
[00:01:28] [worker #22] Bootstrap tree #695, logLikelihood: -3256.029297
[00:01:28] [worker #5] Bootstrap tree #678, logLikelihood: -3255.902633
[00:01:28] [worker #1] Bootstrap tree #674, logLikelihood: -3233.457858
[00:01:28] [worker #29] Bootstrap tree #702, logLikelihood: -3244.303557
[00:01:28] [worker #14] Bootstrap tree #687, logLikelihood: -3268.691200
[00:01:28] [worker #8] Bootstrap tree #681, logLikelihood: -3254.922231
[00:01:28] [worker #23] Bootstrap tree #696, logLikelihood: -3239.319631
[00:01:28] [worker #2] Bootstrap tree #675, logLikelihood: -3291.164056
[00:01:28] [worker #24] Bootstrap tree #697, logLikelihood: -3249.567914
[00:01:28] [worker #3] Bootstrap tree #676, logLikelihood: -3255.020888
[00:01:28] [worker #13] Bootstrap tree #686, logLikelihood: -3260.414159
[00:01:28] [worker #9] Bootstrap tree #682, logLikelihood: -3286.276230
[00:01:28] [worker #10] Bootstrap tree #683, logLikelihood: -3223.160376
[00:01:28] [worker #6] Bootstrap tree #679, logLikelihood: -3275.308309
[00:01:28] [worker #21] Bootstrap tree #694, logLikelihood: -3294.989880
[00:01:28] [worker #15] Bootstrap tree #688, logLikelihood: -3200.131492
[00:01:28] [worker #28] Bootstrap tree #701, logLikelihood: -3279.474416
[00:01:28] [worker #30] Bootstrap tree #703, logLikelihood: -3329.556488
[00:01:28] [worker #18] Bootstrap tree #691, logLikelihood: -3309.000750
[00:01:28] [worker #4] Bootstrap tree #677, logLikelihood: -3312.245447
[00:01:28] [worker #20] Bootstrap tree #693, logLikelihood: -3211.635842
[00:01:28] [worker #19] Bootstrap tree #692, logLikelihood: -3248.565128
[00:01:28] [worker #0] Bootstrap tree #673, logLikelihood: -3296.586523
[00:01:28] [worker #16] Bootstrap tree #689, logLikelihood: -3274.930971
[00:01:50] [worker #5] Bootstrap tree #710, logLikelihood: -3218.406825
[00:01:50] [worker #27] Bootstrap tree #732, logLikelihood: -3229.440174
[00:01:50] [worker #7] Bootstrap tree #712, logLikelihood: -3189.768105
[00:01:50] [worker #16] Bootstrap tree #721, logLikelihood: -3233.200831
[00:01:50] [worker #29] Bootstrap tree #734, logLikelihood: -3257.512179
[00:01:50] [worker #2] Bootstrap tree #707, logLikelihood: -3269.893251
[00:01:50] [worker #23] Bootstrap tree #728, logLikelihood: -3237.791886
[00:01:50] [worker #9] Bootstrap tree #714, logLikelihood: -3216.952172
[00:01:50] [worker #31] Bootstrap tree #736, logLikelihood: -3282.591287
[00:01:50] [worker #13] Bootstrap tree #718, logLikelihood: -3253.447278
[00:01:50] [worker #15] Bootstrap tree #720, logLikelihood: -3226.303477
[00:01:50] [worker #1] Bootstrap tree #706, logLikelihood: -3224.790718
[00:01:50] [worker #4] Bootstrap tree #709, logLikelihood: -3211.814912
[00:01:50] [worker #30] Bootstrap tree #735, logLikelihood: -3230.313551
[00:01:50] [worker #10] Bootstrap tree #715, logLikelihood: -3304.100276
[00:01:50] [worker #19] Bootstrap tree #724, logLikelihood: -3264.260765
[00:01:50] [worker #0] Bootstrap tree #705, logLikelihood: -3228.983705
[00:01:50] [worker #12] Bootstrap tree #717, logLikelihood: -3259.050359
[00:01:50] [worker #3] Bootstrap tree #708, logLikelihood: -3237.945366
[00:01:50] [worker #14] Bootstrap tree #719, logLikelihood: -3254.855541
[00:01:50] [worker #17] Bootstrap tree #722, logLikelihood: -3237.020821
[00:01:50] [worker #25] Bootstrap tree #730, logLikelihood: -3335.749255
[00:01:50] [worker #6] Bootstrap tree #711, logLikelihood: -3283.616724
[00:01:50] [worker #22] Bootstrap tree #727, logLikelihood: -3256.482249
[00:01:50] [worker #11] Bootstrap tree #716, logLikelihood: -3247.162675
[00:01:50] [worker #28] Bootstrap tree #733, logLikelihood: -3244.419556
[00:01:50] [worker #8] Bootstrap tree #713, logLikelihood: -3367.720746
[00:01:50] [worker #20] Bootstrap tree #725, logLikelihood: -3262.165634
[00:01:50] [worker #26] Bootstrap tree #731, logLikelihood: -3226.456143
[00:01:50] [worker #18] Bootstrap tree #723, logLikelihood: -3245.430186
[00:01:50] [worker #24] Bootstrap tree #729, logLikelihood: -3279.334294
[00:01:50] [worker #21] Bootstrap tree #726, logLikelihood: -3273.101534
[00:01:50] [worker #5] Bootstrap tree #742, logLikelihood: -3267.786588
[00:01:50] [worker #2] Bootstrap tree #739, logLikelihood: -3322.257387
[00:01:50] [worker #16] Bootstrap tree #753, logLikelihood: -3246.838571
[00:01:50] [worker #31] Bootstrap tree #768, logLikelihood: -3247.912402
[00:01:50] [worker #27] Bootstrap tree #764, logLikelihood: -3233.905632
[00:01:50] [worker #7] Bootstrap tree #744, logLikelihood: -3269.971220
[00:01:50] [worker #9] Bootstrap tree #746, logLikelihood: -3213.406245
[00:01:50] [worker #29] Bootstrap tree #766, logLikelihood: -3303.739021
[00:01:50] [worker #15] Bootstrap tree #752, logLikelihood: -3293.034600
[00:01:50] [worker #19] Bootstrap tree #756, logLikelihood: -3283.293849
[00:01:50] [worker #13] Bootstrap tree #750, logLikelihood: -3262.692884
[00:01:50] [worker #14] Bootstrap tree #751, logLikelihood: -3228.331115
[00:01:50] [worker #23] Bootstrap tree #760, logLikelihood: -3304.821627
[00:01:50] [worker #10] Bootstrap tree #747, logLikelihood: -3234.488003
[00:01:50] [worker #1] Bootstrap tree #738, logLikelihood: -3204.190871
[00:01:50] [worker #4] Bootstrap tree #741, logLikelihood: -3249.930260
[00:01:50] [worker #30] Bootstrap tree #767, logLikelihood: -3320.817640
[00:01:50] [worker #3] Bootstrap tree #740, logLikelihood: -3263.321205
[00:01:50] [worker #11] Bootstrap tree #748, logLikelihood: -3190.603423
[00:01:50] [worker #22] Bootstrap tree #759, logLikelihood: -3288.484592
[00:01:50] [worker #26] Bootstrap tree #763, logLikelihood: -3361.500919
[00:01:50] [worker #21] Bootstrap tree #758, logLikelihood: -3206.754143
[00:01:50] [worker #24] Bootstrap tree #761, logLikelihood: -3251.198452
[00:01:50] [worker #20] Bootstrap tree #757, logLikelihood: -3205.624416
[00:01:50] [worker #28] Bootstrap tree #765, logLikelihood: -3278.881828
[00:01:50] [worker #8] Bootstrap tree #745, logLikelihood: -3224.093426
[00:01:50] [worker #6] Bootstrap tree #743, logLikelihood: -3242.938210
[00:01:50] [worker #0] Bootstrap tree #737, logLikelihood: -3212.320114
[00:01:50] [worker #18] Bootstrap tree #755, logLikelihood: -3234.059763
[00:01:50] [worker #25] Bootstrap tree #762, logLikelihood: -3195.602282
[00:01:50] [worker #17] Bootstrap tree #754, logLikelihood: -3279.607754
[00:01:50] [worker #12] Bootstrap tree #749, logLikelihood: -3263.646121
[00:02:19] [worker #9] Bootstrap tree #778, logLikelihood: -3238.512522
[00:02:19] [worker #16] Bootstrap tree #785, logLikelihood: -3232.925433
[00:02:19] [worker #27] Bootstrap tree #796, logLikelihood: -3249.228745
[00:02:19] [worker #21] Bootstrap tree #790, logLikelihood: -3242.085981
[00:02:19] [worker #31] Bootstrap tree #800, logLikelihood: -3257.933075
[00:02:19] [worker #3] Bootstrap tree #772, logLikelihood: -3295.932695
[00:02:19] [worker #6] Bootstrap tree #775, logLikelihood: -3292.871590
[00:02:19] [worker #8] Bootstrap tree #777, logLikelihood: -3269.378684
[00:02:19] [worker #30] Bootstrap tree #799, logLikelihood: -3249.386246
[00:02:19] [worker #15] Bootstrap tree #784, logLikelihood: -3247.246818
[00:02:19] [worker #10] Bootstrap tree #779, logLikelihood: -3263.775317
[00:02:19] [worker #17] Bootstrap tree #786, logLikelihood: -3309.139087
[00:02:19] [worker #25] Bootstrap tree #794, logLikelihood: -3292.530234
[00:02:19] [worker #19] Bootstrap tree #788, logLikelihood: -3256.511088
[00:02:19] [worker #4] Bootstrap tree #773, logLikelihood: -3249.033862
[00:02:19] [worker #7] Bootstrap tree #776, logLikelihood: -3194.762746
[00:02:19] [worker #26] Bootstrap tree #795, logLikelihood: -3288.805261
[00:02:19] [worker #11] Bootstrap tree #780, logLikelihood: -3230.118061
[00:02:19] [worker #13] Bootstrap tree #782, logLikelihood: -3261.133351
[00:02:19] [worker #28] Bootstrap tree #797, logLikelihood: -3277.941282
[00:02:19] [worker #14] Bootstrap tree #783, logLikelihood: -3310.568857
[00:02:19] [worker #22] Bootstrap tree #791, logLikelihood: -3277.358260
[00:02:19] [worker #5] Bootstrap tree #774, logLikelihood: -3217.689641
[00:02:19] [worker #20] Bootstrap tree #789, logLikelihood: -3212.421236
[00:02:19] [worker #18] Bootstrap tree #787, logLikelihood: -3278.012889
[00:02:19] [worker #23] Bootstrap tree #792, logLikelihood: -3324.928793
[00:02:19] [worker #24] Bootstrap tree #793, logLikelihood: -3279.523922
[00:02:19] [worker #12] Bootstrap tree #781, logLikelihood: -3273.873470
[00:02:19] [worker #0] Bootstrap tree #769, logLikelihood: -3283.679558
[00:02:19] [worker #1] Bootstrap tree #770, logLikelihood: -3264.065247
[00:02:19] [worker #29] Bootstrap tree #798, logLikelihood: -3256.155106
[00:02:19] [worker #2] Bootstrap tree #771, logLikelihood: -3296.261714
[00:02:19] [worker #9] Bootstrap tree #810, logLikelihood: -3288.113452
-3260.799741
[00:02:19] [worker #3] Bootstrap tree #804, logLikelihood: -3234.735320
[00:02:19] [worker #8] Bootstrap tree #809, logLikelihood: -3264.074277
[00:02:19] [worker #19] Bootstrap tree #820, logLikelihood: -3239.680461
[00:02:19] [worker #6] Bootstrap tree #807, logLikelihood: -3265.440755
[00:02:19] [worker #10] Bootstrap tree #811, logLikelihood: -3217.714581
[00:02:19] [worker #17] Bootstrap tree #818, logLikelihood: -3238.180824
[00:02:19] [worker #21] Bootstrap tree #822, logLikelihood: -3273.533277
[00:02:19] [worker #15] Bootstrap tree #816, logLikelihood: -3272.647949
[00:02:19] [worker #25] Bootstrap tree #826, logLikelihood: -3248.968345
[00:02:19] [worker #26] Bootstrap tree #827, logLikelihood: -3198.952158
[00:02:19] [worker #31] Bootstrap tree #832, logLikelihood: -3306.970842
[00:02:19] [worker #4] Bootstrap tree #805, logLikelihood: -3262.255433
[00:02:20] [worker #27] Bootstrap tree #828, logLikelihood: -3279.328837
[00:02:20] [worker #23] Bootstrap tree #824, logLikelihood: -3266.485983
[00:02:20] [worker #14] Bootstrap tree #815, logLikelihood: -3230.556995
[00:02:20] [worker #7] Bootstrap tree #808, logLikelihood: -3348.204916
[00:02:20] [worker #20] Bootstrap tree #821, logLikelihood: -3302.456048
[00:02:20] [worker #18] Bootstrap tree #819, logLikelihood: -3230.822797
[00:02:20] [worker #11] Bootstrap tree #812, logLikelihood: -3285.903024
[00:02:20] [worker #30] Bootstrap tree #831, logLikelihood: -3250.214207
[00:02:20] [worker #22] Bootstrap tree #823, logLikelihood: -3241.223235
[00:02:20] [worker #24] Bootstrap tree #825, logLikelihood: -3272.963311
[00:02:20] [worker #28] Bootstrap tree #829, logLikelihood: -3266.840469
[00:02:20] [worker #12] Bootstrap tree #813, logLikelihood: -3299.952586
[00:02:20] [worker #13] Bootstrap tree #814, logLikelihood: -3273.533277
[00:02:20] [worker #5] Bootstrap tree #806, logLikelihood: -3230.965968
[00:02:20] [worker #2] Bootstrap tree #803, logLikelihood: -3305.676062
[00:02:20] [worker #0] Bootstrap tree #801, logLikelihood: -3254.163510
[00:02:20] [worker #29] Bootstrap tree #830, logLikelihood: -3242.200374
[00:02:20] [worker #1] Bootstrap tree #802, logLikelihood: -3247.229470
[00:02:49] [worker #24] Bootstrap tree #857, logLikelihood: -3235.283832
[00:02:49] [worker #12] Bootstrap tree #845, logLikelihood: -3256.938116
[00:02:49] [worker #1] Bootstrap tree #834, logLikelihood: -3238.858828
[00:02:49] [worker #25] Bootstrap tree #858, logLikelihood: -3253.541781
[00:02:49] [worker #8] Bootstrap tree #841, logLikelihood: -3270.305756
[00:02:49] [worker #2] Bootstrap tree #835, logLikelihood: -3282.856048
[00:02:49] [worker #5] Bootstrap tree #838, logLikelihood: -3297.088902
[00:02:49] [worker #0] Bootstrap tree #833, logLikelihood: -3237.841412
[00:02:49] [worker #6] Bootstrap tree #839, logLikelihood: -3309.739046
[00:02:49] [worker #21] Bootstrap tree #854, logLikelihood: -3320.116368
[00:02:49] [worker #14] Bootstrap tree #847, logLikelihood: -3276.441423
[00:02:49] [worker #18] Bootstrap tree #851, logLikelihood: -3217.206075
[00:02:49] [worker #17] Bootstrap tree #850, logLikelihood: -3275.707362
[00:02:49] [worker #7] Bootstrap tree #840, logLikelihood: -3304.276556
[00:02:49] [worker #30] Bootstrap tree #863, logLikelihood: -3256.229229
[00:02:49] [worker #15] Bootstrap tree #848, logLikelihood: -3243.261957
[00:02:49] [worker #13] Bootstrap tree #846, logLikelihood: -3272.012104
[00:02:49] [worker #4] Bootstrap tree #837, logLikelihood: -3171.796505
[00:02:49] [worker #16] Bootstrap tree #849, logLikelihood: -3320.554562
[00:02:49] [worker #31] Bootstrap tree #864, logLikelihood: -3270.045692
[00:02:49] [worker #26] Bootstrap tree #859, logLikelihood: -3285.591158
[00:02:49] [worker #29] Bootstrap tree #862, logLikelihood: -3303.627870
[00:02:49] [worker #28] Bootstrap tree #861, logLikelihood: -3277.618771
[00:02:49] [worker #22] Bootstrap tree #855, logLikelihood: -3249.049173
[00:02:49] [worker #23] Bootstrap tree #856, logLikelihood: -3232.096187
[00:02:49] [worker #20] Bootstrap tree #853, logLikelihood: -3299.377755
[00:02:49] [worker #19] Bootstrap tree #852, logLikelihood: -3271.009439
[00:02:49] [worker #11] Bootstrap tree #844, logLikelihood: -3268.199254
[00:02:49] [worker #9] Bootstrap tree #842, logLikelihood: -3260.968385
[00:02:49] [worker #3] Bootstrap tree #836, logLikelihood: -3206.700283
[00:02:49] [worker #27] Bootstrap tree #860, logLikelihood: -3312.832964
[00:02:49] [worker #10] Bootstrap tree #843, logLikelihood: -3273.533285
[00:02:49] [worker #2] Bootstrap tree #867, logLikelihood: -3228.334670
[00:02:49] [worker #25] Bootstrap tree #890, logLikelihood: -3236.550968
[00:02:49] [worker #12] Bootstrap tree #877, logLikelihood: -3259.405093
[00:02:49] [worker #24] Bootstrap tree #889, logLikelihood: -3250.512340
[00:02:49] [worker #27] Bootstrap tree #892, logLikelihood: -3307.069466
[00:02:49] [worker #26] Bootstrap tree #891, logLikelihood: -3195.675189
[00:02:49] [worker #17] Bootstrap tree #882, logLikelihood: -3230.761672
[00:02:49] [worker #15] Bootstrap tree #880, logLikelihood: -3325.459996
[00:02:49] [worker #30] Bootstrap tree #895, logLikelihood: -3220.152969
[00:02:49] [worker #1] Bootstrap tree #866, logLikelihood: -3276.247810
[00:02:49] [worker #8] Bootstrap tree #873, logLikelihood: -3279.636643
[00:02:49] [worker #20] Bootstrap tree #885, logLikelihood: -3230.676346
[00:02:49] [worker #16] Bootstrap tree #881, logLikelihood: -3301.336244
[00:02:49] [worker #6] Bootstrap tree #871, logLikelihood: -3333.292026
[00:02:49] [worker #3] Bootstrap tree #868, logLikelihood: -3266.679542
[00:02:49] [worker #21] Bootstrap tree #886, logLikelihood: -3287.961857
[00:02:49] [worker #31] Bootstrap tree #896, logLikelihood: -3290.292148
[00:02:49] [worker #13] Bootstrap tree #878, logLikelihood: -3259.489275
[00:02:49] [worker #14] Bootstrap tree #879, logLikelihood: -3253.456826
[00:02:49] [worker #7] Bootstrap tree #872, logLikelihood: -3227.618350
[00:02:49] [worker #0] Bootstrap tree #865, logLikelihood: -3248.452256
[00:02:49] [worker #18] Bootstrap tree #883, logLikelihood: -3245.114957
[00:02:49] [worker #29] Bootstrap tree #894, logLikelihood: -3264.034315
[00:02:49] [worker #9] Bootstrap tree #874, logLikelihood: -3265.380717
[00:02:49] [worker #19] Bootstrap tree #884, logLikelihood: -3264.371031
[00:02:49] [worker #5] Bootstrap tree #870, logLikelihood: -3265.355642
[00:02:49] [worker #28] Bootstrap tree #893, logLikelihood: -3297.889302
[00:02:49] [worker #22] Bootstrap tree #887, logLikelihood: -3245.312317
[00:02:49] [worker #23] Bootstrap tree #888, logLikelihood: -3268.194629
[00:02:49] [worker #11] Bootstrap tree #876, logLikelihood: -3296.851274
[00:02:49] [worker #10] Bootstrap tree #875, logLikelihood: -3295.395210
[00:02:49] [worker #4] Bootstrap tree #869, logLikelihood: -3273.533296
[00:03:22] [worker #13] Bootstrap tree #910, logLikelihood: -3249.443988
-3211.676783
[00:03:22] [worker #25] Bootstrap tree #922, logLikelihood: -3213.707614
-3234.795811
[00:03:22] [worker #15] Bootstrap tree #912, logLikelihood: -3248.998341
[00:03:22] [worker #24] Bootstrap tree #921, logLikelihood: -3238.554269
[00:03:22] [worker #12] Bootstrap tree #909, logLikelihood: -3271.584787
[00:03:22] [worker #22] Bootstrap tree #919, logLikelihood: -3233.391261
[00:03:22] [worker #5] Bootstrap tree #902, logLikelihood: -3290.658394
[00:03:22] [worker #30] Bootstrap tree #927, logLikelihood: -3265.040316
[00:03:22] [worker #26] Bootstrap tree #923, logLikelihood: -3260.496681
[00:03:22] [worker #18] Bootstrap tree #915, logLikelihood: -3303.461670
[00:03:22] [worker #20] Bootstrap tree #917, logLikelihood: -3276.060874
[00:03:22] [worker #29] Bootstrap tree #926, logLikelihood: -3321.886319
[00:03:22] [worker #2] Bootstrap tree #899, logLikelihood: -3223.053246
[00:03:22] [worker #28] Bootstrap tree #925, logLikelihood: -3273.369652
[00:03:22] [worker #14] Bootstrap tree #911, logLikelihood: -3246.289047
[00:03:22] [worker #16] Bootstrap tree #913, logLikelihood: -3269.686357
[00:03:22] [worker #0] Bootstrap tree #897, logLikelihood: -3284.186960
[00:03:22] [worker #3] Bootstrap tree #900, logLikelihood: -3321.803811
[00:03:22] [worker #11] Bootstrap tree #908, logLikelihood: -3293.759532
[00:03:22] [worker #6] Bootstrap tree #903, logLikelihood: -3277.633731
[00:03:22] [worker #10] Bootstrap tree #907, logLikelihood: -3277.259006
[00:03:22] [worker #21] Bootstrap tree #918, logLikelihood: -3256.563237
[00:03:22] [worker #9] Bootstrap tree #906, logLikelihood: -3229.628848
[00:03:22] [worker #7] Bootstrap tree #904, logLikelihood: -3321.482529
[00:03:22] [worker #19] Bootstrap tree #916, logLikelihood: -3287.941747
[00:03:22] [worker #31] Bootstrap tree #928, logLikelihood: -3231.110553
[00:03:22] [worker #23] Bootstrap tree #920, logLikelihood: -3305.215232
[00:03:22] [worker #1] Bootstrap tree #898, logLikelihood: -3290.841463
[00:03:22] [worker #27] Bootstrap tree #924, logLikelihood: -3284.672303
[00:03:22] [worker #8] Bootstrap tree #905, logLikelihood: -3273.409987
[00:03:22] [worker #13] Bootstrap tree #942, logLikelihood: -3263.685541
[00:03:22] [worker #4] Bootstrap tree #933, logLikelihood: -3224.068563
[00:03:22] [worker #17] Bootstrap tree #946, logLikelihood: -3303.195603
[00:03:22] [worker #15] Bootstrap tree #944, logLikelihood: -3303.711071
[00:03:22] [worker #5] Bootstrap tree #934, logLikelihood: -3293.620457
[00:03:22] [worker #11] Bootstrap tree #940, logLikelihood: -3284.952519
[00:03:22] [worker #29] Bootstrap tree #958, logLikelihood: -3264.293530
[00:03:22] [worker #22] Bootstrap tree #951, logLikelihood: -3261.645448
[00:03:22] [worker #12] Bootstrap tree #941, logLikelihood: -3269.327561
[00:03:22] [worker #12] Bootstrap tree #941, logLikelihood: -3269.327561
[00:03:22] [worker #9] Bootstrap tree #938, logLikelihood: -3219.554497
[00:03:22] [worker #26] Bootstrap tree #955, logLikelihood: -3302.098255
[00:03:22] [worker #14] Bootstrap tree #943, logLikelihood: -3273.918246
[00:03:22] [worker #24] Bootstrap tree #953, logLikelihood: -3291.982058
[00:03:22] [worker #30] Bootstrap tree #959, logLikelihood: -3264.785529
[00:03:22] [worker #20] Bootstrap tree #949, logLikelihood: -3275.289580
[00:03:22] [worker #18] Bootstrap tree #947, logLikelihood: -3224.544988
00:03:22] [worker #16] Bootstrap tree #945, logLikelihood: -3231.335321
[00:03:22] [worker #21] Bootstrap tree #950, logLikelihood: -3281.400967
[00:03:22] [worker #2] Bootstrap tree #931, logLikelihood: -3284.217649
[00:03:22] [worker #28] Bootstrap tree #957, logLikelihood: -3201.244788
[00:03:22] [worker #6] Bootstrap tree #935, logLikelihood: -3255.979685
[00:03:22] [worker #3] Bootstrap tree #932, logLikelihood: -3318.411485
[00:03:22] [worker #31] Bootstrap tree #960, logLikelihood: -3215.317447
[00:03:22] [worker #7] Bootstrap tree #936, logLikelihood: -3245.869607
[00:03:22] [worker #25] Bootstrap tree #954, logLikelihood: -3272.245073
[00:03:22] [worker #23] Bootstrap tree #952, logLikelihood: -3305.108313
[00:03:22] [worker #10] Bootstrap tree #939, logLikelihood: -3282.374264
[00:03:22] [worker #8] Bootstrap tree #937, logLikelihood: -3221.563808
[00:03:22] [worker #19] Bootstrap tree #948, logLikelihood: -3287.725966
[00:03:22] [worker #27] Bootstrap tree #956, logLikelihood: -3259.549400
[00:03:22] [worker #0] Bootstrap tree #929, logLikelihood: -3208.866311
[00:03:22] [worker #1] Bootstrap tree #930, logLikelihood: -3297.240981
[00:03:59] [worker #3] Bootstrap tree #964, logLikelihood: -3267.490598
[00:03:59] [worker #10] Bootstrap tree #971, logLikelihood: -3295.802159
[00:03:59] [worker #12] Bootstrap tree #973, logLikelihood: -3250.366448
[00:03:59] [worker #23] Bootstrap tree #984, logLikelihood: -3301.626460
[00:03:59] [worker #20] Bootstrap tree #981, logLikelihood: -3252.422200
[00:03:59] [worker #6] Bootstrap tree #967, logLikelihood: -3300.008240
[00:03:59] [worker #14] Bootstrap tree #975, logLikelihood: -3233.355791
[00:03:59] [worker #7] Bootstrap tree #968, logLikelihood: [00:03:59] [worker #1] Bootstrap tree #962, logLikelihood: -3349.997404
[00:03:59] [worker #7] Bootstrap tree #968, logLikelihood: [00:03:59] [worker #1] Bootstrap tree #962, logLikelihood: -3349.997404
-3231.809548
[00:03:59] [worker #22] Bootstrap tree #983, logLikelihood: -3257.614946
[00:03:59] [worker #27] Bootstrap tree #988, logLikelihood: -3311.634730
[00:03:59] [worker #13] Bootstrap tree #974, logLikelihood: -3258.561629
[00:03:59] [worker #11] Bootstrap tree #972, logLikelihood: -3253.787571
[00:03:59] [worker #15] Bootstrap tree #976, logLikelihood: -3259.212776
[00:03:59] [worker #16] Bootstrap tree #977, logLikelihood: -3252.009817
[00:03:59] [worker #9] Bootstrap tree #970, logLikelihood: -3238.836923
[00:03:59] [worker #5] Bootstrap tree #966, logLikelihood: -3177.246933
[00:03:59] [worker #30] Bootstrap tree #991, logLikelihood: -3283.461630
[00:03:59] [worker #4] Bootstrap tree #965, logLikelihood: -3281.543080
[00:03:59] [worker #17] Bootstrap tree #978, logLikelihood: -3253.911369
[00:03:59] [worker #19] Bootstrap tree #980, logLikelihood: -3234.479636
[00:03:59] [worker #24] Bootstrap tree #985, logLikelihood: -3298.041448
[00:03:59] [worker #28] Bootstrap tree #989, logLikelihood: -3228.169502
[00:03:59] [worker #26] Bootstrap tree #987, logLikelihood: -3284.916521
[00:03:59] [worker #2] Bootstrap tree #963, logLikelihood: -3294.002263
[00:03:59] [worker #31] Bootstrap tree #992, logLikelihood: -3282.520237
[00:03:59] [worker #18] Bootstrap tree #979, logLikelihood: -3284.440343
[00:03:59] [worker #29] Bootstrap tree #990, logLikelihood: -3255.651518
[00:03:59] [worker #8] Bootstrap tree #969, logLikelihood: -3255.078331
[00:03:59] [worker #0] Bootstrap tree #961, logLikelihood: -3267.102132
[00:03:59] [worker #21] Bootstrap tree #982, logLikelihood: -3274.380084
[00:03:59] [worker #25] Bootstrap tree #986, logLikelihood: -3277.398156
[00:03:59] [worker #3] Bootstrap tree #996, logLikelihood: -3243.666270
[00:03:59] [worker #6] Bootstrap tree #999, logLikelihood: -3246.884291
[00:03:59] [worker #7] Bootstrap tree #1000, logLikelihood: -3292.345237
[00:03:59] [worker #5] Bootstrap tree #998, logLikelihood: -3226.924162
[00:03:59] [worker #4] Bootstrap tree #997, logLikelihood: -3229.494783
[00:03:59] [worker #1] Bootstrap tree #994, logLikelihood: -3328.002479
[00:03:59] [worker #2] Bootstrap tree #995, logLikelihood: -3235.604657
[00:04:00] [worker #0] Bootstrap tree #993, logLikelihood: -3280.308553

Optimized model parameters:

   Partition 0: noname
   Rate heterogeneity: GAMMA (4 cats, mean),  alpha: 99.846409 (ML),  weights&rates: (0.250000,0.875813) (0.250000,0.964710) (0.250000,1.029570) (0.250000,1.129908) 
   Base frequencies (ML): 0.400569 0.116059 0.140772 0.342600 
   Substitution rates (ML): 69.688860 112.507163 24.206729 0.001000 496.901728 1.000000 


Final LogLikelihood: -3273.489768

AIC score: 6678.979537 / AICc score: 6682.571738 / BIC score: 7064.127767
Free parameters (model + branch lengths): 66

WARNING: Best ML tree contains 22 near-zero branches!

Best ML tree with collapsed near-zero branches saved to: /mnt/lustre/RDS-live/downing/LSDV/GTPV_SPPV/results_SPPV/LSDV079.raxml.bestTreeCollapsed
Best ML tree saved to: /mnt/lustre/RDS-live/downing/LSDV/GTPV_SPPV/results_SPPV/LSDV079.raxml.bestTree
All ML trees saved to: /mnt/lustre/RDS-live/downing/LSDV/GTPV_SPPV/results_SPPV/LSDV079.raxml.mlTrees
Best ML tree with Felsenstein bootstrap (FBP) support values saved to: /mnt/lustre/RDS-live/downing/LSDV/GTPV_SPPV/results_SPPV/LSDV079.raxml.supportFBP
Best ML tree with Transfer bootstrap (TBE) support values saved to: /mnt/lustre/RDS-live/downing/LSDV/GTPV_SPPV/results_SPPV/LSDV079.raxml.supportTBE
Optimized model saved to: /mnt/lustre/RDS-live/downing/LSDV/GTPV_SPPV/results_SPPV/LSDV079.raxml.bestModel
Bootstrap trees saved to: /mnt/lustre/RDS-live/downing/LSDV/GTPV_SPPV/results_SPPV/LSDV079.raxml.bootstraps

Execution log saved to: /mnt/lustre/RDS-live/downing/LSDV/GTPV_SPPV/results_SPPV/LSDV079.raxml.log

Analysis started: 24-Nov-2025 17:14:13 / finished: 24-Nov-2025 17:19:10

Elapsed time: 296.921 seconds

