
RAxML-NG v. 1.2.2 released on 11.04.2024 by The Exelixis Lab.
Developed by: Alexey M. Kozlov and Alexandros Stamatakis.
Contributors: Diego Darriba, Tomas Flouri, Benoit Morel, Sarah Lutteropp, Ben Bettisworth, Julia Haag, Anastasis Togkousidis.
Latest version: https://github.com/amkozlov/raxml-ng
Questions/problems/suggestions? Please visit: https://groups.google.com/forum/#!forum/raxml

System: AMD EPYC 7543P 32-Core Processor, 32 cores, 995 GB RAM

RAxML-NG was called at 24-Nov-2025 13:59:38 as follows:

raxml-ng --all --msa region_LSDV009.aln --model GTR+G --prefix LSDV009 --seed 123 --bs-metric fbp,tbe --redo

Analysis options:
  run mode: ML tree search + bootstrapping (Felsenstein Bootstrap + Transfer Bootstrap)
  start tree(s): random (10) + parsimony (10)
  bootstrap replicates: parsimony (max: 1000) + bootstopping (autoMRE, cutoff: 0.030000)
  random seed: 123
  tip-inner: OFF
  pattern compression: ON
  per-rate scalers: OFF
  site repeats: ON
  logLH epsilon: general: 10.000000, brlen-triplet: 1000.000000
  fast spr radius: AUTO
  spr subtree cutoff: 1.000000
  fast CLV updates: ON
  branch lengths: proportional (ML estimate, algorithm: NR-FAST)
  SIMD kernels: AVX2
  parallelization: coarse-grained (auto), PTHREADS (auto)

WARNING: Running in REDO mode: existing checkpoints are ignored, and all result files will be overwritten!

[00:00:00] Reading alignment from file: region_LSDV009.aln
[00:00:00] Loaded alignment with 14 taxa and 417 sites

WARNING: Sequences NC_004003.1 and KX576657.1 are exactly identical!
WARNING: Sequences NC_004003.1 and AY077836.1 are exactly identical!
WARNING: Sequences NC_004003.1 and AY077835.1 are exactly identical!
WARNING: Sequences MW020570.1 and MN072620.1 are exactly identical!
WARNING: Sequences MW020570.1 and MH381810.1 are exactly identical!
WARNING: Duplicate sequences found: 5

NOTE: Reduced alignment (with duplicates and gap-only sites/taxa removed) 
NOTE: was saved to: /mnt/lustre/RDS-live/downing/LSDV/GTPV_SPPV/results_GTPV/LSDV009.raxml.reduced.phy

Alignment comprises 1 partitions and 34 patterns

Partition 0: noname
Model: GTR+FO+G4m
Alignment sites / patterns: 417 / 34
Gaps: 4.44 %
Invariant sites: 96.16 %


NOTE: Binary MSA file created: LSDV009.raxml.rba

Parallelization scheme autoconfig: 32 worker(s) x 1 thread(s)

[00:00:00] Generating 10 random starting tree(s) with 14 taxa
[00:00:00] Generating 10 parsimony starting tree(s) with 14 taxa
Parallel parsimony with 32 threads
Parallel reduction/worker buffer size: 1 KB  / 0 KB

[00:00:00] Data distribution: max. partitions/sites/weight per thread: 1 / 34 / 544
[00:00:00] Data distribution: max. searches per worker: 33

Starting ML tree search with 20 distinct starting trees

[00:00:00] [worker #14] ML tree search #15, logLikelihood: -605.663822
[00:00:00] [worker #13] ML tree search #14, logLikelihood: -605.663821
[00:00:00] [worker #10] ML tree search #11, logLikelihood: -605.663821
[00:00:00] [worker #2] ML tree search #3, logLikelihood: -605.663825
[00:00:00] [worker #18] ML tree search #19, logLikelihood: -605.663848
[00:00:00] [worker #3] ML tree search #4, logLikelihood: -605.663821
[00:00:00] [worker #15] ML tree search #16, logLikelihood: -605.663822
[00:00:00] [worker #12] ML tree search #13, logLikelihood: -605.663821
[00:00:00] [worker #17] ML tree search #18, logLikelihood: -605.663822
[00:00:00] [worker #4] ML tree search #5, logLikelihood: -605.663822
[00:00:00] [worker #11] ML tree search #12, logLikelihood: -605.663822
[00:00:00] [worker #19] ML tree search #20, logLikelihood: -605.663823
[00:00:00] [worker #1] ML tree search #2, logLikelihood: -605.663821
[00:00:00] [worker #5] ML tree search #6, logLikelihood: -605.663823
[00:00:00] [worker #0] ML tree search #1, logLikelihood: -605.663823
[00:00:00] [worker #6] ML tree search #7, logLikelihood: -605.663822
[00:00:00] [worker #9] ML tree search #10, logLikelihood: -605.663823
[00:00:00] [worker #16] ML tree search #17, logLikelihood: -605.663821
[00:00:00] [worker #7] ML tree search #8, logLikelihood: -605.663821
[00:00:00] [worker #8] ML tree search #9, logLikelihood: -605.663822

[00:00:00] ML tree search completed, best tree logLH: -605.663821

[00:00:00] Starting bootstrapping analysis with 1000 replicates.

[00:00:00] [worker #14] Bootstrap tree #15, logLikelihood: -599.727542
[00:00:00] [worker #2] Bootstrap tree #3, logLikelihood: -615.634732
[00:00:00] [worker #12] Bootstrap tree #13, logLikelihood: -618.661226
[00:00:00] [worker #3] Bootstrap tree #4, logLikelihood: -573.264390
[00:00:00] [worker #17] Bootstrap tree #18, logLikelihood: -660.692610
[00:00:00] [worker #1] Bootstrap tree #2, logLikelihood: -608.573461
[00:00:00] [worker #28] Bootstrap tree #29, logLikelihood: -596.975776
[00:00:00] [worker #16] Bootstrap tree #17, logLikelihood: -568.002618
[00:00:00] [worker #18] Bootstrap tree #19, logLikelihood: -586.734798
[00:00:00] [worker #29] Bootstrap tree #30, logLikelihood: -591.338503
[00:00:00] [worker #27] Bootstrap tree #28, logLikelihood: -588.742773
[00:00:00] [worker #13] Bootstrap tree #14, logLikelihood: -651.621392
[00:00:00] [worker #20] Bootstrap tree #21, logLikelihood: -589.704097
-606.357606
[00:00:00] [worker #22] Bootstrap tree #23, logLikelihood: -602.356536
[00:00:00] [worker #4] Bootstrap tree #5, logLikelihood: -614.574635
[00:00:00] [worker #6] Bootstrap tree #7, logLikelihood: -576.544516
[00:00:00] [worker #24] Bootstrap tree #25, logLikelihood: -606.751996
[00:00:00] [worker #30] Bootstrap tree #31, logLikelihood: -585.226834
[00:00:00] [worker #25] Bootstrap tree #26, logLikelihood: -611.824532
[00:00:00] [worker #11] Bootstrap tree #12, logLikelihood: -605.433357[
[-626.484907
00:00:00] [worker #23] Bootstrap tree #24, logLikelihood: -599.607916
[00:00:00] [worker #8] Bootstrap tree #9, logLikelihood: -573.314544
[00:00:00] [worker #5] Bootstrap tree #6, logLikelihood: -549.330227
[00:00:00] [worker #7] Bootstrap tree #8, logLikelihood: -565.080308
[00:00:00] [worker #9] Bootstrap tree #10, logLikelihood: -599.801213
[00:00:00] [worker #19] Bootstrap tree #20, logLikelihood: -612.105865
[00:00:00] [worker #0] Bootstrap tree #1, logLikelihood: -602.459744
[00:00:00] [worker #15] Bootstrap tree #16, logLikelihood: -586.307460
[00:00:00] [worker #26] Bootstrap tree #27, logLikelihood: -566.890451
[00:00:00] [worker #31] Bootstrap tree #32, logLikelihood: -610.728918
[00:00:00] [worker #2] Bootstrap tree #35, logLikelihood: -592.872662
[00:00:00] [worker #14] Bootstrap tree #47, logLikelihood: -564.507532
[00:00:00] [worker #12] Bootstrap tree #45, logLikelihood: -609.923932
[00:00:00] [worker #3] Bootstrap tree #36, logLikelihood: -572.137507
[00:00:00] [worker #17] Bootstrap tree #50, logLikelihood: -591.643015
[00:00:00] [worker #28] Bootstrap tree #61, logLikelihood: -573.579453
[00:00:00] [worker #18] Bootstrap tree #51, logLikelihood: -583.472079
[00:00:00] [worker #13] Bootstrap tree #46, logLikelihood: -588.157046
[00:00:00] [worker #4] Bootstrap tree #37, logLikelihood: -651.181996
[00:00:00] [worker #8] Bootstrap tree #41, logLikelihood: -613.954284
[00:00:00] [worker #1] Bootstrap tree #34, logLikelihood: -640.803187
[00:00:00] [worker #16] Bootstrap tree #49, logLikelihood: -642.091735
[00:00:00] [worker #27] Bootstrap tree #60, logLikelihood: -607.853517
[00:00:00] [worker #24] Bootstrap tree #57, logLikelihood: -604.944112
[00:00:00] [worker #21] Bootstrap tree #54, logLikelihood: -590.941309
[00:00:00] [worker #10] Bootstrap tree #43, logLikelihood: -603.522537
[00:00:00] [worker #20] Bootstrap tree #53, logLikelihood: -551.966688
[00:00:00] [worker #22] Bootstrap tree #55, logLikelihood: -606.761802
[00:00:00] [worker #30] Bootstrap tree #63, logLikelihood: -596.768330
[00:00:00] [worker #25] Bootstrap tree #58, logLikelihood: -591.371765
[00:00:00] [worker #6] Bootstrap tree #39, logLikelihood: -641.069218
[00:00:00] [worker #29] Bootstrap tree #62, logLikelihood: -643.230606
[00:00:00] [worker #11] Bootstrap tree #44, logLikelihood: -617.455769
[00:00:00] [worker #31] Bootstrap tree #64, logLikelihood: -597.306097
[00:00:00] [worker #7] Bootstrap tree #40, logLikelihood: -543.979145
[00:00:00] [worker #15] Bootstrap tree #48, logLikelihood: -542.064761
[00:00:00] [worker #5] Bootstrap tree #38, logLikelihood: -612.750237
[00:00:00] [worker #23] Bootstrap tree #56, logLikelihood: -628.780697
[00:00:00] [worker #9] Bootstrap tree #42, logLikelihood: -605.749100
-578.196529
[00:00:00] [worker #26] Bootstrap tree #59, logLikelihood: -598.030765
[00:00:00] [worker #0] Bootstrap tree #33, logLikelihood: -587.118199
[00:00:00] [worker #24] Bootstrap tree #89, logLikelihood: -601.170273
[00:00:01] [worker #4] Bootstrap tree #69, logLikelihood: -621.540933
[00:00:01] [worker #3] Bootstrap tree #68, logLikelihood: -636.493111
0000:01] [worker #17] Bootstrap tree #82, logLikelihood: :00:01] [worker #29] Bootstrap tree #94, logLikelihood: -615.014632
0000:01] [worker #17] Bootstrap tree #82, logLikelihood: :00:01] [worker #29] Bootstrap tree #94, logLikelihood: -615.014632
-597.416433
[00:00:01] [worker #30] Bootstrap tree #95, logLikelihood: -614.015975
[00:00:01] [worker #14] Bootstrap tree #79, logLikelihood: -611.902190
[00:00:01] [worker #19] Bootstrap tree #84, logLikelihood: -584.065758
[00:00:01] [worker #11] Bootstrap tree #76, logLikelihood: -555.514695
[00:00:01] [worker #27] Bootstrap tree #92, logLikelihood: -591.211738
[00:00:01] [worker #20] Bootstrap tree #85, logLikelihood: -580.131353
[00:00:01] [worker #26] Bootstrap tree #91, logLikelihood: -592.478081
[00:00:01] [worker #7] Bootstrap tree #72, logLikelihood: -594.195792
[00:00:01] [worker #31] Bootstrap tree #96, logLikelihood: -602.618695
[00:00:01] [worker #10] Bootstrap tree #75, logLikelihood: -586.813356
[00:00:01] [worker #9] Bootstrap tree #74, logLikelihood: -581.107908
[00:00:01] [worker #6] Bootstrap tree #71, logLikelihood: -561.450703
[00:00:01] [worker #0] Bootstrap tree #65, logLikelihood: -605.422774
[00:00:01] [worker #13] Bootstrap tree #78, logLikelihood: -627.414206
[00:00:01] [worker #21] Bootstrap tree #86, logLikelihood: -611.349403
[00:00:01] [worker #28] Bootstrap tree #93, logLikelihood: -580.369332
[00:00:01] [worker #1] Bootstrap tree #66, logLikelihood: -632.452918
[00:00:01] [worker #22] Bootstrap tree #87, logLikelihood: -589.666799
[00:00:01] [worker #22] Bootstrap tree #87, logLikelihood: -589.666799
[00:00:01] [worker #12] Bootstrap tree #77, logLikelihood: -586.372343
[00:00:01] [worker #16] Bootstrap tree #81, logLikelihood: -565.253836
[00:00:01] [worker #2] Bootstrap tree #67, logLikelihood: -624.490501
[00:00:01] [worker #25] Bootstrap tree #90, logLikelihood: -592.565223
[00:00:01] [worker #18] Bootstrap tree #83, logLikelihood: -594.624153
[00:00:01] [worker #23] Bootstrap tree #88, logLikelihood: -603.735563
[00:00:01] [worker #15] Bootstrap tree #80, logLikelihood: -552.419238
[00:00:01] [worker #8] Bootstrap tree #73, logLikelihood: -635.408969
[00:00:01] [worker #5] Bootstrap tree #70, logLikelihood: -596.611697
[00:00:01] [worker #27] Bootstrap tree #124, logLikelihood: -610.624371
[00:00:01] [worker #24] Bootstrap tree #121, logLikelihood: -565.927580
[00:00:01] [worker #20] Bootstrap tree #117, logLikelihood: -536.614403
[00:00:01] [worker #19] Bootstrap tree #116, logLikelihood: -545.285873
[00:00:01] [worker #11] Bootstrap tree #108, logLikelihood: -604.278182
-591.478986
[00:00:01] [worker #10] Bootstrap tree #107, logLikelihood: -646.799215
[00:00:01] [worker #17] Bootstrap tree #114, logLikelihood: -591.890172
[00:00:01] [worker #3] Bootstrap tree #100, logLikelihood: -604.324798
[00:00:01] [worker #4] Bootstrap tree #101, logLikelihood: -606.276180
[00:00:01] [worker #30] Bootstrap tree #127, logLikelihood: -630.861964
[00:00:01] [worker #29] Bootstrap tree #126, logLikelihood: -608.660709
[00:00:01] [worker #7] Bootstrap tree #104, logLikelihood: -637.643568
[00:00:01] [worker #26] Bootstrap tree #123, logLikelihood: -621.707807
[00:00:01] [worker #6] Bootstrap tree #103, logLikelihood: -590.722393
[00:00:01] [worker #23] Bootstrap tree #120, logLikelihood: -615.897114
[00:00:01] [worker #13] Bootstrap tree #110, logLikelihood: -617.515705
[00:00:01] [worker #2] Bootstrap tree #99, logLikelihood: -620.805251
[00:00:01] [worker #2] Bootstrap tree #99, logLikelihood: -620.805251
[00:00:01] [worker #9] Bootstrap tree #106, logLikelihood: -627.092091
[00:00:01] [worker #31] Bootstrap tree #128, logLikelihood: -579.586407
[00:00:01] [worker #21] Bootstrap tree #118, logLikelihood: -635.268116
[00:00:01] [worker #25] Bootstrap tree #122, logLikelihood: -586.309440
[00:00:01] [worker #16] Bootstrap tree #113, logLikelihood: -621.431497
[00:00:01] [worker #1] Bootstrap tree #98, logLikelihood: -626.079651
[00:00:01] [worker #22] Bootstrap tree #119, logLikelihood: -620.647483
[00:00:01] [worker #15] Bootstrap tree #112, logLikelihood: -611.320529
[00:00:01] [worker #12] Bootstrap tree #109, logLikelihood: -642.511530
[00:00:01] [worker #8] Bootstrap tree #105, logLikelihood: -587.638051
[00:00:01] [worker #0] Bootstrap tree #97, logLikelihood: -564.017891
[00:00:01] [worker #28] Bootstrap tree #125, logLikelihood: -625.648625
[00:00:01] [worker #18] Bootstrap tree #115, logLikelihood: -593.013369
[00:00:01] [worker #5] Bootstrap tree #102, logLikelihood: -589.436473
[00:00:01] [worker #2] Bootstrap tree #131, logLikelihood: -612.391175
[00:00:01] [worker #24] Bootstrap tree #153, logLikelihood: -579.652818
[00:00:01] [worker #14] Bootstrap tree #143, logLikelihood: -569.103115
[00:00:01] [worker #15] Bootstrap tree #144, logLikelihood: -635.765353
[00:00:01] [worker #17] Bootstrap tree #146, logLikelihood: -630.689938
[00:00:01] [worker #3] Bootstrap tree #132, logLikelihood: [-604.8356200:00:01
-578.011050[worker #3] Bootstrap tree #132, logLikelihood: [-604.8356200:00:01
] [worker #1] Bootstrap tree #130, logLikelihood: [00:00:01] -605.949174[worker #11] Bootstrap tree #140, logLikelihood: 

[00:00:01] [worker #27] Bootstrap tree #156, logLikelihood: -590.894442[
-583.422676[00:00:01] [worker #30] Bootstrap tree #159, logLikelihood: -565.820020
-583.422676[00:00:01] [worker #30] Bootstrap tree #159, logLikelihood: -565.820020

[00:00:01] [worker #21] Bootstrap tree #150, logLikelihood: -544.744443
[00:00:01] [worker #25] Bootstrap tree #154, logLikelihood: -578.493696
[00:00:01] [worker #23] Bootstrap tree #152, logLikelihood: -631.564927
[00:00:01] [worker #16] Bootstrap tree #145, logLikelihood: -584.886957
[00:00:01] [worker #20] Bootstrap tree #149, logLikelihood: -630.454185
[00:00:01] [worker #26] Bootstrap tree #155, logLikelihood: -581.563408
[00:00:01] [worker #29] Bootstrap tree #158, logLikelihood: -630.794662
[00:00:01] [worker #4] Bootstrap tree #133, logLikelihood: -578.247630
[00:00:01] [worker #22] Bootstrap tree #151, logLikelihood: -596.449122
[00:00:01] [worker #8] Bootstrap tree #137, logLikelihood: -565.247396
[00:00:01] [worker #28] Bootstrap tree #157, logLikelihood: -650.276389
[00:00:01] [worker #7] Bootstrap tree #136, logLikelihood: -629.175975
[00:00:01] [worker #19] Bootstrap tree #148, logLikelihood: -622.616959
[00:00:01] [worker #31] Bootstrap tree #160, logLikelihood: -596.131834
[00:00:01] [worker #6] Bootstrap tree #135, logLikelihood: -637.674778
[00:00:01] [worker #5] Bootstrap tree #134, logLikelihood: -628.035120
[00:00:01] [worker #10] Bootstrap tree #139, logLikelihood: -627.202135
[00:00:01] [worker #18] Bootstrap tree #147, logLikelihood: -603.444138
[00:00:01] [worker #12] Bootstrap tree #141, logLikelihood: -605.081279
[00:00:01] [worker #9] Bootstrap tree #138, logLikelihood: -600.900347
[00:00:01] [worker #2] Bootstrap tree #163, logLikelihood: -613.452691
[00:00:01] [worker #0] Bootstrap tree #129, logLikelihood: -613.882040
[00:00:01] [worker #30] Bootstrap tree #191, logLikelihood: -610.588984
[00:00:01] [worker #13] Bootstrap tree #174, logLikelihood: -615.749596
-631.043896
[00:00:01] [worker #15] Bootstrap tree #176, logLikelihood: -625.451659
[00:00:01] [worker #3] Bootstrap tree #164, logLikelihood: -601.314227
[00:00:01] [worker #24] Bootstrap tree #185, logLikelihood: -573.680528
[00:00:01] [worker #17] Bootstrap tree #178, logLikelihood: -648.945403
[00:00:01] [worker #27] Bootstrap tree #188, logLikelihood: -623.459391
[00:00:01] [worker #25] Bootstrap tree #186, logLikelihood: -599.314161
[00:00:01] [worker #1] Bootstrap tree #162, logLikelihood: -582.047591
[00:00:01] [worker #23] Bootstrap tree #184, logLikelihood: [00:-569.57522600:01] [worker #11] 
[00:00:01] [worker #23] Bootstrap tree #184, logLikelihood: [00:-569.57522600:01] [worker #11] 
Bootstrap tree #172, logLikelihood: -610.850289
[00:00:01] [worker #21] Bootstrap tree #182, logLikelihood: -625.184083
[00:00:01] [worker #20] Bootstrap tree #181, logLikelihood: -617.378974
[00:00:01] [worker #26] Bootstrap tree #187, logLikelihood: -596.457237
[00:00:01] [worker #28] Bootstrap tree #189, logLikelihood: -576.922695
[00:00:01] [worker #31] Bootstrap tree #192, logLikelihood: -583.129109
[00:00:01] [worker #10] Bootstrap tree #171, logLikelihood: -592.103867
[00:00:01] [worker #22] Bootstrap tree #183, logLikelihood: -563.310758
[00:00:01] [worker #8] Bootstrap tree #169, logLikelihood: -577.285447
[00:00:01] [worker #4] Bootstrap tree #165, logLikelihood: -587.422680
-616.382283[00:00:01] [worker #18] Bootstrap tree #179, logLikelihood: 
-616.382283[00:00:01] [worker #18] Bootstrap tree #179, logLikelihood: 
-590.449206
[00:00:01] [worker #5] Bootstrap tree #166, logLikelihood: [-566.318109

[00:00:01] [worker #6] Bootstrap tree #167, logLikelihood: -608.832402
[00:00:01] [worker #7] Bootstrap tree #168, logLikelihood: -611.281580
[00:00:01] [worker #12] Bootstrap tree #173, logLikelihood: -619.548897
[00:00:01] [worker #9] Bootstrap tree #170, logLikelihood: -571.987274
[00:00:01] [worker #29] Bootstrap tree #190, logLikelihood: -633.343633
[00:00:01] [worker #0] Bootstrap tree #161, logLikelihood: -606.577345
[00:00:01] [worker #25] Bootstrap tree #218, logLikelihood: -589.038900
[00:00:01] [worker #22] Bootstrap tree #215, logLikelihood: [-619.177278
-607.679717[00:00:01] [worker #11] Bootstrap tree #204, logLikelihood: -593.361752

[00:00:01] [worker #19] Bootstrap tree #212, logLikelihood: -577.502432
00:00:01] [worker #1] Bootstrap tree #194, logLikelihood: -587.993497
[00:00:01] [worker #29] Bootstrap tree #222, logLikelihood: -597.419838
[00:00:01] [worker #30] Bootstrap tree #223, logLikelihood: -656.257999
[00:00:01] [worker #2] Bootstrap tree #195, logLikelihood: -570.880210
[00:00:01] [worker #20] Bootstrap tree #213, logLikelihood: -643.382837
[00:00:01] [worker #13] Bootstrap tree #206, logLikelihood: -590.417689[
-595.452382[
-595.452382[
00:00:01] [worker #14] Bootstrap tree #207, logLikelihood: -642.925568
[00:00:01] [worker #3] Bootstrap tree #196, logLikelihood: -581.085920
[00:00:01] [worker #4] Bootstrap tree #197, logLikelihood: -614.148695
[00:00:01] [worker #26] Bootstrap tree #219, logLikelihood: -598.464286
[00:00:01] [worker #27] Bootstrap tree #220, logLikelihood: -575.902214
00:00:01] [worker #28] Bootstrap tree #221, logLikelihood: -614.350547
[00:00:01] [worker #10] Bootstrap tree #203, logLikelihood: -615.284169
[00:00:01] [worker #24] Bootstrap tree #217, logLikelihood: -616.509357
[00:00:02] [worker #12] Bootstrap tree #205, logLikelihood: -634.441155
[00:00:02] [worker #8] Bootstrap tree #201, logLikelihood: -596.145161
[00:00:02] [worker #31] Bootstrap tree #224, logLikelihood: -596.431774
[00:00:02] [worker #15] Bootstrap tree #208, logLikelihood: -563.755122
[00:00:02] [worker #5] Bootstrap tree #198, logLikelihood: -623.851858
[00:00:02] [worker #7] Bootstrap tree #200, logLikelihood: -630.087553
[00:00:02] [worker #9] Bootstrap tree #202, logLikelihood: -606.625090
[00:00:02] [worker #6] Bootstrap tree #199, logLikelihood: -560.980316
[00:00:02] [worker #21] Bootstrap tree #214, logLikelihood: -618.830106
[00:00:02] [worker #0] Bootstrap tree #193, logLikelihood: -545.434698
[00:00:02] [worker #23] Bootstrap tree #216, logLikelihood: -619.300665
[00:00:02] [worker #1] Bootstrap tree #226, logLikelihood: -605.677569
[00:00:02] [worker #25] Bootstrap tree #250, logLikelihood: -575.472085
[00:00:02] [worker #19] Bootstrap tree #244, logLikelihood: -581.344205
[00:00:02] [worker #30] Bootstrap tree #255, logLikelihood: -600.822658
[00:00:02] [worker #17] Bootstrap tree #242, logLikelihood: -608.359658
[00:00:02] [worker #16] Bootstrap tree #241, logLikelihood: -600.024853
[00:00:02] [worker #11] Bootstrap tree #236, logLikelihood: -603.080141
-570.952549
[00:00:02] [worker #29] Bootstrap tree #254, logLikelihood: -603.663135
[00:00:02] [worker #22] Bootstrap tree #247, logLikelihood: -635.261540
[00:00:02] [worker #18] Bootstrap tree #243, logLikelihood: -626.948866
[00:00:02] [worker #28] Bootstrap tree #253, logLikelihood: -558.707687
[00:00:02] [worker #13] Bootstrap tree #238, logLikelihood: -616.142816
[00:00:02] [worker #3] Bootstrap tree #228, logLikelihood: -603.405506
[00:00:02] [worker #26] Bootstrap tree #251, logLikelihood: -558.300879
[00:00:02] [worker #4] Bootstrap tree #229, logLikelihood: -578.218953
[00:00:02] [worker #2] Bootstrap tree #227, logLikelihood: -595.312685
[00:00:02] [worker #20] Bootstrap tree #245, logLikelihood: -619.301533
[00:00:02] [worker #27] Bootstrap tree #252, logLikelihood: -610.193544
[00:00:02] [worker #15] Bootstrap tree #240, logLikelihood: -574.367390
[00:00:02] [worker #24] Bootstrap tree #249, logLikelihood: -599.150553
[00:00:02] [worker #8] Bootstrap tree #233, logLikelihood: -569.051817
[00:00:02] [worker #5] Bootstrap tree #230, logLikelihood: -648.370149
[00:00:02] [worker #31] Bootstrap tree #256, logLikelihood: -652.077028
00:00:02] [worker #14] Bootstrap tree #239, logLikelihood: -602.778447
[00:00:02] [worker #12] Bootstrap tree #237, logLikelihood: -603.721528
[00:00:02] [worker #23] Bootstrap tree #248, logLikelihood: -649.898630
[00:00:02] [worker #9] Bootstrap tree #234, logLikelihood: -584.671293
[00:00:02] [worker #6] Bootstrap tree #231, logLikelihood: -590.739713
[00:00:02] [worker #7] Bootstrap tree #232, logLikelihood: -607.216316
[00:00:02] [worker #0] Bootstrap tree #225, logLikelihood: -624.318226
[00:00:02] [worker #21] Bootstrap tree #246, logLikelihood: -565.608878
[00:00:02] [worker #11] Bootstrap tree #268, logLikelihood: -609.258530
[00:00:02] [worker #14] Bootstrap tree #271, logLikelihood: -616.179996
[00:00:02] [worker #3] Bootstrap tree #260, logLikelihood: -597.830262
[00:00:02] [worker #2] Bootstrap tree #259, logLikelihood: -587.686836
[00:00:02] [worker #20] Bootstrap tree #277, logLikelihood: -608.949940
[00:00:02] [worker #10] Bootstrap tree #267, logLikelihood: -583.255869
[00:00:02] [worker #25] Bootstrap tree #282, logLikelihood: -644.030444
[00:00:02] [worker #22] Bootstrap tree #279, logLikelihood: -590.266646
[00:00:02] [worker #30] Bootstrap tree #287, logLikelihood: -569.099372
00:00:02] [worker #17] Bootstrap tree #274, logLikelihood: -601.129095
[00:00:02] [worker #1] Bootstrap tree #258, logLikelihood: -610.878234
[00:00:02] [worker #27] Bootstrap tree #284, logLikelihood: -594.663922
[00:00:02] [worker #29] Bootstrap tree #286, logLikelihood: -633.530800
[00:00:02] [worker #15] Bootstrap tree #272, logLikelihood: -596.096827
[00:00:02] [worker #13] Bootstrap tree #270, logLikelihood: -626.709751
[00:00:02] [worker #4] Bootstrap tree #261, logLikelihood: -586.229633
[00:00:02] [worker #24] Bootstrap tree #281, logLikelihood: -573.035836
[00:00:02] [worker #12] Bootstrap tree #269, logLikelihood: -630.057958
[00:00:02] [worker #6] Bootstrap tree #263, logLikelihood: -576.046657
[00:00:02] [worker #18] Bootstrap tree #275, logLikelihood: -597.388474
[00:00:02] [worker #23] Bootstrap tree #280, logLikelihood: -580.382460
[00:00:02] [worker #19] Bootstrap tree #276, logLikelihood: -631.074345
[00:00:02] [worker #8] Bootstrap tree #265, logLikelihood: -586.924070
[00:00:02] [worker #11] Bootstrap tree #300, logLikelihood: -613.462294
[00:00:02] [worker #9] Bootstrap tree #266, logLikelihood: -627.178255
[00:00:02] [worker #7] Bootstrap tree #264, logLikelihood: -577.888303
[00:00:02] [worker #16] Bootstrap tree #273, logLikelihood: -550.385686
[00:00:02] [worker #26] Bootstrap tree #283, logLikelihood: -611.401033
[00:00:02] [worker #14] Bootstrap tree #303, logLikelihood: [-574.61186400
[00:00:02] [worker #28] Bootstrap tree #285, logLikelihood: -614.912480
[00:00:02] [worker #31] Bootstrap tree #288, logLikelihood: -597.874256
[00:00:02] [worker #25] Bootstrap tree #314, logLikelihood: -586.348891
[00:00:02] [worker #17] Bootstrap tree #306, logLikelihood: -633.662218
[00:00:02] [worker #10] Bootstrap tree #299, logLikelihood: -641.390756
[00:00:02] [worker #21] Bootstrap tree #278, logLikelihood: -589.692474
[00:00:02] [worker #15] Bootstrap tree #304, logLikelihood: -587.696449
[00:00:02] [worker #3] Bootstrap tree #292, logLikelihood: -635.137087
[00:00:02] [worker #0] Bootstrap tree #257, logLikelihood: -561.313864
[00:00:02] [worker #22] Bootstrap tree #311, logLikelihood: -615.284377
[00:00:02] [worker #20] Bootstrap tree #309, logLikelihood: -624.798413
[00:00:02] [worker #13] Bootstrap tree #302, logLikelihood: -601.707501
[00:00:02] [worker #1] Bootstrap tree #290, logLikelihood: -603.199494
[00:00:02] [worker #30] Bootstrap tree #319, logLikelihood: -636.840268
[00:00:02] [worker #27] Bootstrap tree #316, logLikelihood: -628.045318
[00:00:02] [worker #2] Bootstrap tree #291, logLikelihood: -582.677922
[00:00:02] [worker #19] Bootstrap tree #308, logLikelihood: -593.769870
[00:00:02] [worker #24] Bootstrap tree #313, logLikelihood: -583.316689
-594.375714[
[worker #4] Bootstrap tree #293, logLikelihood: -619.349970
[00:00:02] [worker #18] Bootstrap tree #307, logLikelihood: -627.436582
[00:00:02] [worker #29] Bootstrap tree #318, logLikelihood: -646.328077
[00:00:02] [worker #8] Bootstrap tree #297, logLikelihood: -600.215115
[00:00:02] [worker #6] Bootstrap tree #295, logLikelihood: -583.443807
[00:00:02] [worker #7] Bootstrap tree #296, logLikelihood: -564.551406
[00:00:02] [worker #12] Bootstrap tree #301, logLikelihood: -594.528872
[00:00:02] [worker #16] Bootstrap tree #305, logLikelihood: -621.770336
[00:00:02] [worker #9] Bootstrap tree #298, logLikelihood: -575.037033
[00:00:02] [worker #5] Bootstrap tree #294, logLikelihood: -583.749666
[00:00:02] [worker #21] Bootstrap tree #310, logLikelihood: -557.582897
[00:00:02] [worker #28] Bootstrap tree #317, logLikelihood: -627.769920
[00:00:02] [worker #26] Bootstrap tree #315, logLikelihood: -611.877040
[00:00:02] [worker #31] Bootstrap tree #320, logLikelihood: -589.139159
[00:00:02] [worker #0] Bootstrap tree #289, logLikelihood: -614.573679
[00:00:03] [worker #16] Bootstrap tree #337, logLikelihood: -613.129954
[00:00:03] [worker #23] Bootstrap tree #344, logLikelihood: -609.559225
[00:00:03] [worker #3] Bootstrap tree #324, logLikelihood: -563.805551
[00:00:03] [worker #11] Bootstrap tree #332, logLikelihood: -580.317005
[00:00:03] [worker #2] Bootstrap tree #323, logLikelihood: -599.255063
[00:00:03] [worker #19] Bootstrap tree #340, logLikelihood: [-579.154539

[00:00:03] [worker #22] Bootstrap tree #343, logLikelihood: -595.351827
[[00:03] 00[worker #13] :Bootstrap tree #00334:, logLikelihood: 0300:00:03] [worker #12] ] Bootstrap tree #333, logLikelihood: -603.951653Bootstrap tree #325, logLikelihood: 
[00:03] 00[worker #13] :Bootstrap tree #00334:, logLikelihood: 0300:00:03] [worker #12] ] Bootstrap tree #333, logLikelihood: -603.951653Bootstrap tree #325, logLikelihood: -594.643033

[00:03] 00[worker #13] :Bootstrap tree #00334:, logLikelihood: 0300:00:03] [worker #12] ] Bootstrap tree #333, logLikelihood: -603.951653Bootstrap tree #325, logLikelihood: -594.643033
-604.516642[

00:00:03] [worker #10] Bootstrap tree #331, logLikelihood: -597.669957
[00:00:03] [worker #20] Bootstrap tree #341, logLikelihood: -604.459090
[00:00:03] [worker #30] Bootstrap tree #351, logLikelihood: -644.432292
[00:00:03] [worker #29] Bootstrap tree #350, logLikelihood: -568.947713
[worker #18] Bootstrap tree #339, logLikelihood: -624.984540
[00:00:03] [worker #6] Bootstrap tree #327, logLikelihood: -611.007938
[00:00:03] [worker #27] Bootstrap tree #348, logLikelihood: -573.319134
[00:00:03] [worker #24] Bootstrap tree #345, logLikelihood: -593.467007
[00:00:03] [worker #1] Bootstrap tree #322, logLikelihood: -549.959445[
-595.374053
[00:00:03] [worker #8] Bootstrap tree #329, logLikelihood: -568.639489
00:00:03] [worker #5] Bootstrap tree #326, logLikelihood: -587.810706
-607.117428
[00:00:03] [worker #9] Bootstrap tree #330, logLikelihood: -589.854770
[00:00:03] [worker #15] Bootstrap tree #336, logLikelihood: -608.013773
[00:00:03] [worker #21] Bootstrap tree #342, logLikelihood: -560.765269
:00:03] [worker #26] Bootstrap tree #347, logLikelihood: -553.007375
[00:00:03] [worker #31] Bootstrap tree #352, logLikelihood: -595.703080
[00:00:03] [worker #7] Bootstrap tree #328, logLikelihood: -611.476562
[00:00:03] [worker #23] Bootstrap tree #376, logLikelihood: -561.270093
[00:00:03] [worker #16] Bootstrap tree #369, logLikelihood: -612.689038
[00:00:03] [worker #4] Bootstrap tree #357, logLikelihood: -601.518626
[00:00:03] [worker #0] Bootstrap tree #321, logLikelihood: -612.763224
[00:00:03] [worker #19] Bootstrap tree #372, logLikelihood: -588.569255
[00:00:03] [worker #18] Bootstrap tree #371, logLikelihood: -633.570629
[00:00:03] [worker #25] Bootstrap tree #378, logLikelihood: -576.788110
[00:00:03] [worker #11] Bootstrap tree #364, logLikelihood: -536.667590
[00:00:03] [worker #3] Bootstrap tree #356, logLikelihood: -578.462752
[00:00:03] [worker #28] Bootstrap tree #381, logLikelihood: -638.862155
[00:00:03] [worker #9] Bootstrap tree #362, logLikelihood: -652.142980
[00:00:03] [worker #2] Bootstrap tree #355, logLikelihood: -614.181715
[00:00:03] [worker #24] Bootstrap tree #377, logLikelihood: -608.640745
[00:00:03] [worker #6] Bootstrap tree #359, logLikelihood: -591.778423
[00:00:03] [worker #1] Bootstrap tree #354, logLikelihood: -593.438880
[00:00[03] 00:00Bootstrap tree #:36603] [worker #10] Bootstrap tree #363, logLikelihood: -578.190726-589.060581
[00:00[03] 00:00Bootstrap tree #:36603] [worker #10] Bootstrap tree #363, logLikelihood: -578.190726-589.060581

[00:00:03] [worker #27] Bootstrap tree #380, logLikelihood: -607.222482
[00:00:03] [worker #12] Bootstrap tree #365, logLikelihood: -603.884474
[00:00:03] [worker #14] Bootstrap tree #367, logLikelihood: -601.813862
[00:00:03] [worker #21] Bootstrap tree #374, logLikelihood: -572.774773
[00:00:[] [worker #8] Bootstrap tree #3610, logLikelihood: :00:03] [worker #30] Bootstrap tree #383, logLikelihood: -595.783707
[00:00:[] [worker #8] Bootstrap tree #3610, logLikelihood: :00:03] [worker #30] Bootstrap tree #383, logLikelihood: -595.783707
-562.748834
[00:00:03] [worker #29] Bootstrap tree #382, logLikelihood: [00:00:03] [worker #31] Bootstrap tree #384, logLikelihood: 
[00:00:03] [worker #29] Bootstrap tree #382, logLikelihood: [00:00:03] [worker #31] Bootstrap tree #384, logLikelihood: 
-579.260730
[00:00:03] [worker #5] Bootstrap tree #358, logLikelihood: -624.308847
[00:00:03] [worker #17] Bootstrap tree #370, logLikelihood: -608.751290
00:00:03] [worker #20] Bootstrap tree #373, logLikelihood: -578.300121
[00:00:03] [worker #15] Bootstrap tree #368, logLikelihood: -580.532314
[00:00:03] [worker #22] Bootstrap tree #375, logLikelihood: -627.148574
[00:00:03] [worker #7] Bootstrap tree #360, logLikelihood: -521.993454
[00:00:03] [worker #26] Bootstrap tree #379, logLikelihood: -574.712115
[00:00:03] [worker #0] Bootstrap tree #353, logLikelihood: -631.526873
[00:00:04] [worker #8] Bootstrap tree #393, logLikelihood: -607.273804
[00:00:04] [worker #29] Bootstrap tree #414, logLikelihood: -614.620409
[00:00:04] [worker #18] Bootstrap tree #403, logLikelihood: -585.700318
[00:00:04] [worker #31] Bootstrap tree #416, logLikelihood: -565.030909
[00:00:04] [worker #1] Bootstrap tree #386, logLikelihood: -576.066040
[00:00:04] [worker #21] Bootstrap tree #406, logLikelihood: -625.513171
[00:00:04] [worker #9] Bootstrap tree #394[, logLikelihood: 00:00:04] [worker #25] Bootstrap tree #410, logLikelihood: -629.233605-572.086340
[00:00:04] [worker #9] Bootstrap tree #394[, logLikelihood: 00:00:04] [worker #25] Bootstrap tree #410, logLikelihood: -629.233605-572.086340

[00:00:04] [worker #28] Bootstrap tree #413, logLikelihood: -590.206895
[00:00:04] [worker #10] Bootstrap tree #395, logLikelihood: -630.896811
[00:00:04] [worker #27] Bootstrap tree #412, logLikelihood: -526.342952
[00:00:04] [worker #2] Bootstrap tree #387, logLikelihood: -606.705923
[00:00:04] [worker #11] Bootstrap tree #396, logLikelihood: -539.505284
00:00:04] [worker #6] Bootstrap tree #391, logLikelihood: -580.463960
[00:00:04] [worker #20] Bootstrap tree #405, logLikelihood: -576.497670
[00:00:04] [worker #16] Bootstrap tree #401, logLikelihood: -602.206404
[00:00:04] [worker #13] Bootstrap tree #398, logLikelihood: -578.938529
[00:00:04] [worker #4] Bootstrap tree #389, logLikelihood: -560.613798
[00:00:04] [worker #15] Bootstrap tree #400, logLikelihood: -605.787395
[00:00:04] [worker #17] Bootstrap tree #402, logLikelihood: -613.815284
[00:00:04] [worker #30] Bootstrap tree #415, logLikelihood: -626.273474
[00:00:04] [worker #14] Bootstrap tree #399, logLikelihood: -606.145135
[00:00:04] [worker #19] Bootstrap tree #404, logLikelihood: -564.362572
[00:00:04] [worker #22] Bootstrap tree #407, logLikelihood: -611.027622
[00:00:04] [worker #3] Bootstrap tree #388, logLikelihood: -592.002543
[00:00:04] [worker #26] Bootstrap tree #411, logLikelihood: -589.794087
[00:00:04] [worker #23] Bootstrap tree #408, logLikelihood: -623.493114
[00:00:04] [worker #7] Bootstrap tree #392, logLikelihood: -597.484934
[00:00:04] [worker #24] Bootstrap tree #409, logLikelihood: -601.993562
[00:00:04] [worker #12] Bootstrap tree #397, logLikelihood: -607.048491
[00:00:04] [worker #5] Bootstrap tree #390, logLikelihood: -581.467711
[00:00:04] [worker #0] Bootstrap tree #385, logLikelihood: -646.669153
[00:00:04] [worker #8] Bootstrap tree #425, logLikelihood: -567.243978
[00:00:04] [worker #30] Bootstrap tree #447, logLikelihood: -601.390001
[00:00:04] [worker #13] Bootstrap tree #430, logLikelihood: -571.936403
[00:00:04] [worker #21] Bootstrap tree #438, logLikelihood: -596.893815
[00:00:04] [worker #15] Bootstrap tree #432, logLikelihood: -643.642903
[00:00:04] [worker #29] Bootstrap tree #446, logLikelihood: -641.433867
[00:00:04] [worker #9] Bootstrap tree #426, logLikelihood: -594.790454
[00:00:04] [worker #6] Bootstrap tree #423, logLikelihood: 00:00:04] [worker #1] Bootstrap tree #418, logLikelihood: -582.256909
[00:00:04] [worker #6] Bootstrap tree #423, logLikelihood: 00:00:04] [worker #1] Bootstrap tree #418, logLikelihood: -582.256909
-597.463648
[00:00:04] [worker #18] Bootstrap tree #435, logLikelihood: -604.337328
[00:00:04] [worker #10] Bootstrap tree #427, logLikelihood: -595.054073
[00:00:04] [worker #17] Bootstrap tree #434, logLikelihood: -594.962502
[00:00:04] [worker #23] Bootstrap tree #440, logLikelihood: -613.037222
[00:00:04] [worker #28] Bootstrap tree #445, logLikelihood: -576.256969
[00:00:04] [worker #26] Bootstrap tree #443, logLikelihood: -576.398315
[00:00:04] [worker #2] Bootstrap tree #419, logLikelihood: -606.528227
[00:00:04] [worker #16] Bootstrap tree #433, logLikelihood: -589.185576
00[00:00:04] [worker #22] Bootstrap tree #439, logLikelihood: -633.737796
00[00:00:04] [worker #22] Bootstrap tree #439, logLikelihood: -633.737796
:00:04] [worker #14] Bootstrap tree #431, logLikelihood: -614.259279
[00:00:04] [worker #20] Bootstrap tree #437, logLikelihood: -607.131542
[00:00:04] [worker #11] Bootstrap tree #428, logLikelihood: -584.094636
[00:00:04] [worker #31] Bootstrap tree #448, logLikelihood: -647.373099
[00:00:04] [worker #27] Bootstrap tree #444, logLikelihood: -574.851539
[00:00:04] [worker #3] Bootstrap tree #420, logLikelihood: -581.966059
[00:00:04] [worker #7] Bootstrap tree #424, logLikelihood: -608.568188
[00:00:04] [worker #4] Bootstrap tree #421, logLikelihood: -640.294457
[00:00:04] [worker #25] Bootstrap tree #442, logLikelihood: -644.027224
[00:00:04] [worker #19] Bootstrap tree #436, logLikelihood: -584.458828
[00:00:04] [worker #12] Bootstrap tree #429, logLikelihood: -589.215949
[00:00:04] [worker #24] Bootstrap tree #441, logLikelihood: -610.350703
[00:00:04] [worker #5] Bootstrap tree #422, logLikelihood: -547.542483
[00:00:04] [worker #0] Bootstrap tree #417, logLikelihood: -644.066565
[00:00:04] [worker #8] Bootstrap tree #457, logLikelihood: -573.951024
[00:00:04] [worker #17] Bootstrap tree #466, logLikelihood: -601.125334
[00:00:04] [worker #23] Bootstrap tree #472, logLikelihood: -600.500519
[00:00:04] [worker #24] Bootstrap tree #473, logLikelihood: -632.777953
[00:00:04] [worker #21] Bootstrap tree #470, logLikelihood: -585.412981
[worker #10] Bootstrap tree #459, logLikelihood: -620.128567
[00:00:04] [worker #31] Bootstrap tree #480, logLikelihood: -684.875669
[00:00:04] [worker #26] Bootstrap tree #475, logLikelihood: -615.974080[

[00:00:04] [worker #28] Bootstrap tree #477, logLikelihood: -595.143647
[00:00:04] [worker #6] Bootstrap tree #455, logLikelihood: -604.496877
[00:00:04] [worker #1] Bootstrap tree #450, logLikelihood: -589.737897
[00:00:04] [worker #3] Bootstrap tree #452, logLikelihood: -579.292495
[00:00:04] [worker #20] Bootstrap tree #469, logLikelihood: -644.430952
[00:00:04] [worker #9] Bootstrap tree #458, logLikelihood: -596.493469
[00:00:04] [worker #18] Bootstrap tree #467, logLikelihood: -593.428384
[00:00:04] [worker #15] Bootstrap tree #464, logLikelihood: -586.924940
[00:00:04] [worker #14] Bootstrap tree #463, logLikelihood: -610.195043
[00:00:04] [worker #27] Bootstrap tree #476, logLikelihood: -556.828354
[00:00:04] [worker #22] Bootstrap tree #471, logLikelihood: -585.123381
[00:00:04] [worker #7] Bootstrap tree #456, logLikelihood: -630.565844
[00:00:04] [worker #16] Bootstrap tree #465, logLikelihood: -583.001113
[00:00:04] [worker #4] Bootstrap tree #453, logLikelihood: -553.994781
[00:00:04] [worker #5] Bootstrap tree #454, logLikelihood: -623.898748
[00:00:04] [worker #19] Bootstrap tree #468, logLikelihood: -617.638930
[00:00:04] [worker #13] Bootstrap tree #462, logLikelihood: -567.214336
[00:00:04] [worker #2] Bootstrap tree #451, logLikelihood: -628.959258
[00:00:04] [worker #0] Bootstrap tree #449, logLikelihood: -603.066872
[00:00:04] [worker #29] Bootstrap tree #478, logLikelihood: -595.795109
[00:00:04] [worker #25] Bootstrap tree #474, logLikelihood: -604.418238
[00:00:04] [worker #11] Bootstrap tree #460, logLikelihood: -581.741815
[00:00:04] [worker #12] Bootstrap tree #461, logLikelihood: -602.670054
[00:00:04] [worker #28] Bootstrap tree #509, logLikelihood: -595.240340
[00:00:04] [worker #1] Bootstrap tree #482, logLikelihood: -609.735712
[00:00:04] [worker #17] Bootstrap tree #498, logLikelihood: -592.127470
[00:00:05] [worker #20] Bootstrap tree #501, logLikelihood: -592.623756
[00:00:05] [worker #31] Bootstrap tree #512, logLikelihood: -553.560698
[00:00:05] [worker #30] Bootstrap tree #511, logLikelihood: -584.468393
[00:00:05] [worker #9] Bootstrap tree #490, logLikelihood: -544.106498
[00:00:05] [worker #23] Bootstrap tree #504, logLikelihood: -604.018786
[00:00:05] [worker #21] Bootstrap tree #502, logLikelihood: [00:00:05] 
[00:00:05] [worker #21] Bootstrap tree #502, logLikelihood: [00:00:05] 
[worker #8] Bootstrap tree #489, logLikelihood: -589.574140
[00:00:05] [worker #10] Bootstrap tree #491, logLikelihood: -649.696261
[00:00:05] [worker #15] Bootstrap tree #496, logLikelihood: -592.229125
[00:00:05] [worker #26] Bootstrap tree #507, logLikelihood: -570.536389
[00:00:05] [worker #4] Bootstrap tree #485, logLikelihood: -661.231404
[00:00:05] [worker #14] Bootstrap tree #495, logLikelihood: -585.776179
[00:00:05] [worker #6] Bootstrap tree #487, logLikelihood: -604.028514
[00:00:05] [worker #7] Bootstrap tree #488, logLikelihood: -557.517895
[00:00:05] [worker #18] Bootstrap tree #499, logLikelihood: -600.514115
[00:00:05] [worker #5] Bootstrap tree #486, logLikelihood: -602.911915
[00:00:05] [worker #19] Bootstrap tree #500, logLikelihood: -617.365645
00:00:05] [worker #27] Bootstrap tree #508, logLikelihood: [-568.907194
-612.897199
[00:00:05] [worker #3] Bootstrap tree #484, logLikelihood: -627.591335
[00:00:05] [worker #2] Bootstrap tree #483, logLikelihood: -602.436024
[00:00:05] [worker #22] Bootstrap tree #503, logLikelihood: -601.554703
[00:00:05] [worker #13] Bootstrap tree #494, logLikelihood: -617.007328
[00:00:05] [worker #16] Bootstrap tree #497, logLikelihood: -585.164218
[00:00:05] [worker #25] Bootstrap tree #506, logLikelihood: -589.995927
[00:00:05] [worker #29] Bootstrap tree #510, logLikelihood: -574.346574
[00:00:05] [worker #12] Bootstrap tree #493, logLikelihood: -569.865611
[00:00:05] [worker #0] Bootstrap tree #481, logLikelihood: -625.034350
[00:00:05] [worker #11] Bootstrap tree #492, logLikelihood: -595.714232
[00:00:05] [worker #14] Bootstrap tree #527, logLikelihood: -544.073931
[00:00:05] [worker #16] Bootstrap tree #529, logLikelihood: -574.568304
[00:00:05] [worker #12] Bootstrap tree #525, logLikelihood: -604.830902
[00:00:05] [worker #1] Bootstrap tree #514, logLikelihood: -566.351853
[00:00:05] [worker #4] Bootstrap tree #517, logLikelihood: -594.373890
[00:00:05] [worker #30] Bootstrap tree #543, logLikelihood: -588.434718
[00:00:05] [[worker #9] Bootstrap tree #5220:00:05] [worker #15] Bootstrap tree #528, logLikelihood: -631.515073
[00:00:05] [[worker #9] Bootstrap tree #5220:00:05] [worker #15] Bootstrap tree #528, logLikelihood: -631.515073
-604.139148
[00:00:05] [worker #25] Bootstrap tree #538, logLikelihood: -624.794400
[00:00:05] [worker #28] Bootstrap tree #541, logLikelihood: -580.795280
[00:00:05] [worker #10] Bootstrap tree #523, logLikelihood: -571.755161
[00:00:05] [worker #17] Bootstrap tree #530, logLikelihood: -580.987066
[00:00:05] [worker #24] Bootstrap tree #537, logLikelihood: -569.657730
[00:00:05] [worker #6] Bootstrap tree #519, logLikelihood: -595.444184
[00:00:05] [worker #2] Bootstrap tree #515, logLikelihood: -588.472466
[00:00:05] [worker #23] Bootstrap tree #536, logLikelihood: -558.045488
-609.001497
[00:00:05] [worker #26] Bootstrap tree #539, logLikelihood: -617.557395
[00:00:05] [worker #8] Bootstrap tree #521, logLikelihood: -584.157199
[00:00:05] [worker #29] Bootstrap tree #542, logLikelihood: [-579.36586900:00:[00:00:05] [worker #29] Bootstrap tree #542, logLikelihood: [-579.36586900:00:05] [worker #21] Bootstrap tree #534, logLikelihood: -612.691206
:00:05] [worker #20] Bootstrap tree #533, logLikelihood: -651.835310
[00:00:05] [worker #18] Bootstrap tree #531, logLikelihood: -617.389955
[00:00:05] [worker #7] Bootstrap tree #520, logLikelihood: -566.927475
[00:00:05] [worker #27] Bootstrap tree #540, logLikelihood: -597.176977
[00:00:05] [worker #22] Bootstrap tree #535, logLikelihood: -633.086049
[00:00:05] [worker #13] Bootstrap tree #526, logLikelihood: -581.954231
[00:00:05] [worker #4] Bootstrap tree #549, logLikelihood: -611.756384
[00:00:05] [worker #5] Bootstrap tree #518, logLikelihood: -619.188923
[00:00:05] [worker #14] Bootstrap tree #559, logLikelihood: -590.569348
[00:00:05] [worker #19] Bootstrap tree #532, logLikelihood: -604.181568
[00:00:05] [worker #0] Bootstrap tree #513, logLikelihood: -583.948586
[00:00:05] [worker #3] Bootstrap tree #516, logLikelihood: -610.052067
[00:00:05] [worker #11] Bootstrap tree #524, logLikelihood: -599.116217
[00:00:05] [worker #30] Bootstrap tree #575, logLikelihood: -615.732142
[00:00:05] [worker #16] Bootstrap tree #561, logLikelihood: -583.548364
[00:00:05] [worker #15] Bootstrap tree #560, logLikelihood: -591.753860
[00:00:05] [worker #25] Bootstrap tree #570, logLikelihood: -593.832093
00:00:05] [worker #9] Bootstrap tree #554, logLikelihood: -664.906596
[00:00:05] [worker #1] Bootstrap tree #546, logLikelihood: -612.704972
[00:00:05] [worker #23] Bootstrap tree #568, logLikelihood: -609.322962
[00:00:05] [worker #12] Bootstrap tree #557, logLikelihood: -560.466642[-602.372052
[00:00:05] [worker #17] Bootstrap tree #562, logLikelihood: -594.645632
[00:00:05] [worker #24] Bootstrap tree #569, logLikelihood: -639.744908
[00:00:05] [worker #31] Bootstrap tree #576, logLikelihood: -594.794497
[00:00:05] [worker #6] Bootstrap tree #551, logLikelihood: -619.721032
[00:00:05] [worker #28] Bootstrap tree #573, logLikelihood: -610.058360
[00:00:05] [worker #18] Bootstrap tree #563, logLikelihood: -594.302301
[00:00:05] [worker #27] Bootstrap tree #572, logLikelihood: -605.016905
[00:00:05] [worker #13] Bootstrap tree #558, logLikelihood: -639.444973
[worker #8] [Bootstrap tree #553, logLikelihood: -614.352982
-573.109798
[00:00:05] [worker #20] Bootstrap tree #565, logLikelihood: -589.958027
[00:00:05] [worker #20] Bootstrap tree #565, logLikelihood: -589.958027
[00:00:05] [worker #2] Bootstrap tree #547, logLikelihood: -615.512678[[00:00:05] [worker #20] Bootstrap tree #565, logLikelihood: -589.958027
[00:00:05] [worker #2] Bootstrap tree #547, logLikelihood: -615.512678[00:00:05] [worker #29] Bootstrap tree #574, logLikelihood: -620.754634
[00:00:05] [worker #21] Bootstrap tree #566, logLikelihood: -638.678441
[00:00:05] [worker #19] Bootstrap tree #564, logLikelihood: -592.537708
[00:00:05] [worker #11] Bootstrap tree #556, logLikelihood: -598.271967[

[00:00:05] [worker #7] Bootstrap tree #552, logLikelihood: -642.682722
[00:00:05] [worker #5] Bootstrap tree #550, logLikelihood: -562.709799
[00:00:05] [worker #3] Bootstrap tree #548, logLikelihood: -564.601586
[00:00:06] [worker #0] Bootstrap tree #545, logLikelihood: -601.392861
[00:00:06] [worker #11] Bootstrap tree #588, logLikelihood: -592.693514
[00:00:06] [worker #8] Bootstrap tree #585, logLikelihood: -613.285098
[00:00:06] [worker #1] Bootstrap tree #578, logLikelihood: [00:00:06] [worker #21] Bootstrap tree #598, logLikelihood: -592.293464
-571.475540
[00:00:06] [worker #1] Bootstrap tree #578, logLikelihood: [00:00:06] [worker #21] Bootstrap tree #598, logLikelihood: -592.293464
-571.475540[00:00:06] [worker #23] Bootstrap tree #600, logLikelihood: -599.140047
[00:00:06] [worker #24] Bootstrap tree #601, logLikelihood: -596.777909
[00:00:06] [worker #4] Bootstrap tree #581, logLikelihood: [-599.704988
:00:00:06] [worker #4] Bootstrap tree #581, logLikelihood: [-599.704988
00:00:06] [worker #18] Bootstrap tree #595, logLikelihood: [-598.767301
:06] [worker #16] Bootstrap tree #593, logLikelihood: -619.953185
[worker #10] Bootstrap tree #587, logLikelihood: -597.534618
[00:00:06] [worker #7] Bootstrap tree #584, logLikelihood: -602.029419
:00:06] [worker #30] Bootstrap tree #607, logLikelihood: -630.389602
[00:00:06] [worker #27] Bootstrap tree #604, logLikelihood: -592.410442
[00:00:06] [worker #27] Bootstrap tree #604, logLikelihood: -592.410442
[00:00:06] [worker #13] Bootstrap tree #590, logLikelihood: -565.448695
[00:00:06] [worker #20] Bootstrap tree #597, logLikelihood: -630.479465
[00:00:06] [worker #19] Bootstrap tree #596, logLikelihood: -575.809210
[00:00:06] [worker #14] Bootstrap tree #591, logLikelihood: -621.637377
[00:00:06] [worker #28] Bootstrap tree #605, logLikelihood: -564.576402
[00:00:06] [worker #26] Bootstrap tree #603, logLikelihood: -620.766065
[00:00:06] [worker #25] Bootstrap tree #602, logLikelihood: -597.486620[

[00:00:06] [worker #9] Bootstrap tree #586, logLikelihood: -624.792525
[00:00:06] [worker #31] Bootstrap tree #608, logLikelihood: -549.125699
[00:00:06] [worker #15] Bootstrap tree #592, logLikelihood: -583.387188
[00:00:06] [worker #17] Bootstrap tree #594, logLikelihood: -597.081707
[00:00:06] [worker #12] Bootstrap tree #589, logLikelihood: -615.202335
[00:00:06] [worker #5] Bootstrap tree #582, logLikelihood: -598.022607
[00:00:06] [worker #3] Bootstrap tree #580, logLikelihood: -586.052146
[00:00:06] [worker #22] Bootstrap tree #599, logLikelihood: -617.893614
[00:00:06] [worker #2] Bootstrap tree #579, logLikelihood: -601.678037
[00:00:06] [worker #11] Bootstrap tree #620, logLikelihood: -556.275757
[00:00:06] [worker #0] Bootstrap tree #577, logLikelihood: -600.976434
[00:00:06] [worker #6] Bootstrap tree #583, logLikelihood: -595.164465
[00:00:06] [worker #23] Bootstrap tree #632, logLikelihood: -582.267970
[00:00:06] [worker #21] Bootstrap tree #630, logLikelihood: -586.222784
, logLikelihood: -570.106371
[00:00:06] [worker #1] Bootstrap tree #610, logLikelihood: -585.946069
[00:00:06] [worker #14] Bootstrap tree #623, logLikelihood: -579.004318
[00:00:06] [worker #7] Bootstrap tree #616, logLikelihood: -614.739397
[00:00:06] [worker #16] Bootstrap tree #625, logLikelihood: -613.240550
[00:00:06] [worker #4] Bootstrap tree #613, logLikelihood: -584.711201
[00:00:06] [worker #19] Bootstrap tree #628, logLikelihood: -580.454860
[worker #9] Bootstrap tree #618[00:00:06] [worker #27] Bootstrap tree #636, logLikelihood: -569.069554
[worker #9] Bootstrap tree #618[00:00:06] [worker #27] Bootstrap tree #636, logLikelihood: -569.069554
[, logLikelihood: 00:00:06] [worker #8] Bootstrap tree #617, logLikelihood: -640.157806
[worker #9] Bootstrap tree #618[00:00:06] [worker #27] Bootstrap tree #636, logLikelihood: -569.069554
[, logLikelihood: 00:00:06] [worker #8] Bootstrap tree #617, logLikelihood: -640.157806
-638.488335
[00:00:06] [worker #20] Bootstrap tree #629, logLikelihood: -612.063337
00[00:00:06] [worker #13] Bootstrap tree #622, logLikelihood: :00:06] [worker #18] Bootstrap tree #627, logLikelihood: 

[00:00:06] [worker #17] Bootstrap tree #626, logLikelihood: -597.654323
[00:00:06] [worker #10] Bootstrap tree #619, logLikelihood: -582.430588
[00:00:06] [worker #25] Bootstrap tree #634, logLikelihood: -586.057336
[00:00:06] [worker #31] Bootstrap tree #640, logLikelihood: -617.165795
[00:00:06] [worker #30] Bootstrap tree #639, logLikelihood: -594.393021
[00:00:06] [worker #28] Bootstrap tree #637, logLikelihood: -626.910130
[00:00:06] [worker #29] Bootstrap tree #638, logLikelihood: -646.157840
[00:00:06] [worker #26] Bootstrap tree #635, logLikelihood: -559.837417
[00:00:06] [worker #12] Bootstrap tree #621, logLikelihood: -587.724509
[00:00:06] [worker #15] Bootstrap tree #624, logLikelihood: -582.064469
[00:00:06] [worker #6] Bootstrap tree #615, logLikelihood: -603.526139
[00:00:06] [worker #3] Bootstrap tree #612, logLikelihood: -598.731681
[00:00:06] [worker #22] Bootstrap tree #631, logLikelihood: -609.028368
[00:00:06] [worker #2] Bootstrap tree #611, logLikelihood: -622.619637
-550.058955
[00:00:07] [worker #0] Bootstrap tree #609, logLikelihood: -574.347014
[00:00:07] [worker #14] Bootstrap tree #655, logLikelihood: -566.304635
[00:00:07] [worker #27] Bootstrap tree #668, logLikelihood: -572.473904
[00:00:07] [worker #18] Bootstrap tree #659, logLikelihood: -591.396859
[00:00:07] [worker #9] Bootstrap tree #650, logLikelihood: -622.115780
[00:00:07] [worker #5] Bootstrap tree #646, logLikelihood: -585.422531
[00:00:07] [worker #26] Bootstrap tree #667, logLikelihood: -620.415590
[00:00:07] [worker #24] Bootstrap tree #665, logLikelihood: -580.610699
[00:00:07] [worker #2] Bootstrap tree #643, logLikelihood: -580.738345
[00:00:07] [worker #28] Bootstrap tree #669, logLikelihood: -592.337955
[00:00:07] [worker #23] Bootstrap tree #664, logLikelihood: -610.645429
[00:00:07] [worker #12] Bootstrap tree #653, logLikelihood: -597.929659
[00:00:07] [worker #10] Bootstrap tree #651, logLikelihood: -560.017976
[00:00:07] [worker #13] Bootstrap tree #654, logLikelihood: -619.576434
[00:00:07] [worker #21] Bootstrap tree #662, logLikelihood: -676.762372
[00:00:07] [worker #0] Bootstrap tree #641, logLikelihood: -571.474424
[00:00:07] [worker #3] Bootstrap tree #644, logLikelihood: -625.849283
[00:00:07] [worker #1] Bootstrap tree #642, logLikelihood: [00:00:07] [worker #15] Bootstrap tree #656, logLikelihood: -599.783826
-606.670243
[00:00:07] [worker #1] Bootstrap tree #642, logLikelihood: [00:00:07] [worker #15] Bootstrap tree #656, logLikelihood: -599.783826
-606.67024300:00:07] [worker #7] Bootstrap tree #648, logLikelihood: -597.136715
[00:00:07] [worker #31] Bootstrap tree #672, logLikelihood: -597.917231
[00:00:07] [worker #20] Bootstrap tree #661, logLikelihood: -589.951725
[00:00:07] [worker #4] Bootstrap tree #645, logLikelihood: -609.008703
00:00:07] [worker #30] Bootstrap tree #671, logLikelihood: -593.437170
[00:00:07] [worker #6] Bootstrap tree #647, logLikelihood: -558.365416
[00:00:07] [worker #22] Bootstrap tree #663, logLikelihood: -623.385660
[00:00:07] [worker #8] Bootstrap tree #649, logLikelihood: -607.528276
[00:00:07] [worker #17] Bootstrap tree #658, logLikelihood: -559.863440
[00:00:07] [worker #16] Bootstrap tree #657, logLikelihood: -623.805882
[00:00:07] [worker #25] Bootstrap tree #666, logLikelihood: -562.651631
[00:00:07] [worker #11] Bootstrap tree #652, logLikelihood: -597.221479
[00:00:07] [worker #19] Bootstrap tree #660, logLikelihood: -612.453439
[00:00:07] [worker #29] Bootstrap tree #670, logLikelihood: -607.328859
[00:00:07] [worker #14] Bootstrap tree #687, logLikelihood: -583.764728
[00:00:07] [worker #27] Bootstrap tree #700, logLikelihood: -616.602097
[00:00:07] [worker #18] Bootstrap tree #691, logLikelihood: -616.691014
[00:00:07] [worker #5] Bootstrap tree #678, logLikelihood: -573.259703
[00:00:07] [worker #9] Bootstrap tree #682, logLikelihood: -598.215309
[00:00:07] [worker #2] Bootstrap tree #675, logLikelihood: -592.562514
[00:00:07] [worker #26] Bootstrap tree #699, logLikelihood: -610.440945
[00:00:07] [worker #28] Bootstrap tree #701, logLikelihood: -646.520545
[00:00:07] [worker #23] Bootstrap tree #696, logLikelihood: -581.287714
[00:00:07] [worker #10] Bootstrap tree #683, logLikelihood: -597.839015
00:00:07] [worker #24] Bootstrap tree #697, logLikelihood: -580.392606
[00:00:07] [worker #7] Bootstrap tree #680, logLikelihood: -582.665989
[00:00:07] [worker #13] Bootstrap tree #686, logLikelihood: -624.975647
[00:00:07] [worker #20] Bootstrap tree #693, logLikelihood: -597.740100
[00:00:07] [worker #12] Bootstrap tree #685, logLikelihood: -643.413867
[00:00:07] [worker #30] Bootstrap tree #703, logLikelihood: -575.488729
[00:00:07] [worker #15] Bootstrap tree #688, logLikelihood: -610.394089
[00:00:07] [worker #4] Bootstrap tree #677, logLikelihood: -602.706078
[00:00:07] [worker #16] Bootstrap tree #689, logLikelihood: -643.927315
[00:00:07] [worker #1] Bootstrap tree #674, logLikelihood: -606.282273
[00:00:07] [worker #19] Bootstrap tree #692, logLikelihood: -578.051677
[00:00:08] [worker #17] Bootstrap tree #690, logLikelihood: -566.388869
[00:00:08] [worker #22] Bootstrap tree #695, logLikelihood: -616.452976
[00:00:08] [worker #6] Bootstrap tree #679, logLikelihood: -616.045088
[00:00:08] [worker #11] Bootstrap tree #684, logLikelihood: -610.740234
[00:00:08] [worker #3] Bootstrap tree #676, logLikelihood: -620.178577
[00:00:08] [worker #31] Bootstrap tree #704, logLikelihood: -601.976598
[00:00:08] [worker #0] Bootstrap tree #673, logLikelihood: -581.661596
[00:00:08] [worker #25] Bootstrap tree #698, logLikelihood: -608.006897
[00:00:08] [worker #21] Bootstrap tree #694, logLikelihood: -594.649363
[00:00:08] [worker #8] Bootstrap tree #681, logLikelihood: -611.349442
[00:00:08] [worker #29] Bootstrap tree #702, logLikelihood: -619.673570
[00:00:08] [worker #19] Bootstrap tree #724, logLikelihood: -574.159144
[00:00:08] [worker #10] Bootstrap tree #715, logLikelihood: -571.466636
[00:00:08] [worker #15] Bootstrap tree #720, logLikelihood: -576.917957
[00:00:08] [worker #20] Bootstrap tree #725, logLikelihood: -598.797901
[00:00:08] [worker #16] Bootstrap tree #721, logLikelihood: -626.984539
[00:00:08] [worker #7] Bootstrap tree #712, logLikelihood: -561.379240
[00:00:08] [worker #1] Bootstrap tree #706, logLikelihood: -584.492949
[00:00:08] [worker #25] Bootstrap tree #730, logLikelihood: -598.886639
[00:00:08] [worker #30] Bootstrap tree #735, logLikelihood: -594.852828
[00:00:08] [worker #28] Bootstrap tree #733, logLikelihood: -562.918171
[00:00:08] [worker #27] Bootstrap tree #732, logLikelihood: -616.807595
[00:00:08] [worker #4] Bootstrap tree #709, logLikelihood: -558.295158
[00:00:08] [worker #3] Bootstrap tree #708, logLikelihood: -632.513024
[00:00:08] [worker #26] Bootstrap tree #731, logLikelihood: -639.258730
[00:00:08] [worker #5] Bootstrap tree #710, logLikelihood: -622.044304
[00:00:08] [worker #2] Bootstrap tree #707, logLikelihood: -583.745880
[00:00:08] [worker #8] Bootstrap tree #713, logLikelihood: -607.100558
[00:00:08] [worker #14] Bootstrap tree #719, logLikelihood: -613.287747
[00:00:08] [worker #22] Bootstrap tree #727, logLikelihood: -620.723663
[00:00:08] [worker #0] Bootstrap tree #705, logLikelihood: -614.233487
[00:00:08] [worker #18] Bootstrap tree #723, logLikelihood: -569.863350
[00:00:08] [worker #13] Bootstrap tree #718, logLikelihood: -614.470742
[00:00:08] [worker #11] Bootstrap tree #716, logLikelihood: -581.463997
[00:00:08] [worker #9] Bootstrap tree #714, logLikelihood: -559.257273
[00:00:08] [worker #21] Bootstrap tree #726, logLikelihood: -620.016925
[00:00:08] [worker #31] Bootstrap tree #736, logLikelihood: -611.848301
[00:00:08] [worker #17] Bootstrap tree #722, logLikelihood: -597.984812
[00:00:08] [worker #12] Bootstrap tree #717, logLikelihood: -616.836050
[00:00:08] [worker #6] Bootstrap tree #711, logLikelihood: -589.107577
[00:00:08] [worker #29] Bootstrap tree #734, logLikelihood: -608.293774
[00:00:08] [worker #24] Bootstrap tree #729, logLikelihood: -586.165500
[00:00:08] [worker #23] Bootstrap tree #728, logLikelihood: -596.035697
[00:00:08] [worker #10] Bootstrap tree #747, logLikelihood: -547.981651
[00:00:08] [worker #19] Bootstrap tree #756, logLikelihood: -599.961171
[00:00:08] [worker #7] Bootstrap tree #744, logLikelihood: -613.411423
[00:00:08] [worker #15] Bootstrap tree #752, logLikelihood: -620.355259
[00:00:08] [worker #16] Bootstrap tree #753, logLikelihood: -588.545470
[00:00:08] [worker #1] Bootstrap tree #738, logLikelihood: -598.214883
[00:00:08] [worker #20] Bootstrap tree #757, logLikelihood: -622.760320
[00:00:08] [worker #27] Bootstrap tree #764, logLikelihood: -557.578467
[00:00:08] [worker #8] Bootstrap tree #745, logLikelihood: -617.850099
[00:00:08] [worker #18] Bootstrap tree #755, logLikelihood: -596.769550
[worker #26] Bootstrap tree #763, logLikelihood: -553.264803
[00:00:08] [worker #30] Bootstrap tree #767, logLikelihood: -601.248208
[00:00:08] [worker #13] Bootstrap tree #750, logLikelihood: -582.956452
[00:00:08] [worker #5] Bootstrap tree #742, logLikelihood: -602.803317
[00:00:08] [worker #25] Bootstrap tree #762, logLikelihood: -602.315284
[00:00:08] [worker #14] Bootstrap tree #751, logLikelihood: -559.115252
[00:00:08] [worker #4] Bootstrap tree #741, logLikelihood: -578.163480
[00:00:08] [worker #3] Bootstrap tree #740, logLikelihood: -622.076633
[00:00:08] [worker #11] Bootstrap tree #748, logLikelihood: -597.185414
[00:00:08] [worker #28] Bootstrap tree #765, logLikelihood: -635.446206
[00:00:08] [worker #2] Bootstrap tree #739, logLikelihood: -623.624368
[00:00:08] [worker #22] Bootstrap tree #759, logLikelihood: -579.131216
[00:00:08] [worker #21] Bootstrap tree #758, logLikelihood: -611.172900
[00:00:08] [worker #9] Bootstrap tree #746, logLikelihood: -614.929362
[00:00:08] [worker #6] Bootstrap tree #743, logLikelihood: -604.401713
[00:00:08] [worker #31] Bootstrap tree #768, logLikelihood: -588.196471
[00:00:08] [worker #29] Bootstrap tree #766, logLikelihood: -587.280529
[00:00:08] [worker #24] Bootstrap tree #761, logLikelihood: -620.978503
[00:00:08] [worker #0] Bootstrap tree #737, logLikelihood: -583.128191
[00:00:08] [worker #17] Bootstrap tree #754, logLikelihood: -624.387171
[00:00:08] [worker #12] Bootstrap tree #749, logLikelihood: -561.504872
[00:00:08] [worker #23] Bootstrap tree #760, logLikelihood: -588.250518
[00:00:09] [worker #15] Bootstrap tree #784, logLikelihood: -567.005865
[00:00:09] [worker #24] Bootstrap tree #793, logLikelihood: -646.381627
[00:00:09] [worker #14] Bootstrap tree #783, logLikelihood: -604.302354
[00:00:09] [worker #10] Bootstrap tree #779, logLikelihood: -604.350472
[00:00:09] [worker #22] Bootstrap tree #791, logLikelihood: -634.259630
[00:00:09] [worker #13] Bootstrap tree #782, logLikelihood: -602.080891
[00:00:09] [worker #7] Bootstrap tree #776, logLikelihood: -622.238176
[00:00:09] [worker #8] Bootstrap tree #777, logLikelihood: -612.878976
[00:00:09] [worker #1] Bootstrap tree #770, logLikelihood: -580.514091
[00:00:09] [worker #21] Bootstrap tree #790, logLikelihood: -574.469687
[00:00:09] [worker #11] Bootstrap tree #780, logLikelihood: -590.027601
[00:00:09] [worker #20] Bootstrap tree #789, logLikelihood: -584.278095
[00:00:09] [worker #12] Bootstrap tree #781, logLikelihood: -616.063180
[00:00:09] [worker #5] Bootstrap tree #774, logLikelihood: -573.306652
[00:00:09] [worker #17] Bootstrap tree #786, logLikelihood: -657.986826
[00:00:09] [worker #19] Bootstrap tree #788, logLikelihood: -621.795632
[00:00:09] [worker #28] Bootstrap tree #797, logLikelihood: -588.105057
[00:00:09] [worker #18] Bootstrap tree #787, logLikelihood: -592.021375
[00:00:09] [worker #18] Bootstrap tree #787, logLikelihood: -592.021375
[00:00:09] [worker #30] Bootstrap tree #799, logLikelihood: -573.900149
[00:00:09] [worker #26] Bootstrap tree #795, logLikelihood: -585.226906
00:00:09] [worker #16] Bootstrap tree #785, logLikelihood: -591.209282
[00:00:09] [worker #29] Bootstrap tree #798, logLikelihood: -590.531652
[00:00:09] [worker #9] Bootstrap tree #778, logLikelihood: -567.953239
[00:00:09] [worker #2] Bootstrap tree #771, logLikelihood: -587.192982
[00:00:09] [worker #23] Bootstrap tree #792, logLikelihood: -604.990455
[00:00:09] [worker #6] Bootstrap tree #775, logLikelihood: -585.123905
[00:00:09] [worker #27] Bootstrap tree #796, logLikelihood: -570.381189
[00:00:09] [worker #3] Bootstrap tree #772, logLikelihood: -620.134520
[00:00:09] [worker #4] Bootstrap tree #773, logLikelihood: -579.781547
[00:00:09] [worker #25] Bootstrap tree #794, logLikelihood: -622.587522
[00:00:09] [worker #0] Bootstrap tree #769, logLikelihood: -634.142478
[00:00:09] [worker #31] Bootstrap tree #800, logLikelihood: -608.508793
[00:00:09] [worker #15] Bootstrap tree #816, logLikelihood: -629.511578
[00:00:09] [worker #13] Bootstrap tree #814, logLikelihood: -656.094102
[00:00:09] [worker #14] Bootstrap tree #815, logLikelihood: -603.475992
[00:00:09] [worker #24] Bootstrap tree #825, logLikelihood: -632.326584
[00:00:09] [worker #7] Bootstrap tree #808, logLikelihood: -631.405833
[00:00:09] [worker #10] Bootstrap tree #811, logLikelihood: -636.227336
[00:00:09] [worker #8] Bootstrap tree #809, logLikelihood: -590.641277
[00:00:09] [worker #21] Bootstrap tree #822, logLikelihood: -575.133553
[00:00:09] [worker #12] Bootstrap tree #813, logLikelihood: -599.553012
[00:00:09] [worker #20] Bootstrap tree #821, logLikelihood: -568.887522
[00:00:09] [worker #22] Bootstrap tree #823, logLikelihood: -609.555259
[00:00:09] [worker #1] Bootstrap tree #802, logLikelihood: -615.307292
-597.218106[00:00:09] [worker #5] Bootstrap tree #806, logLikelihood: [00:00:09] [worker #11] Bootstrap tree #
-597.218106[00:00:09] [worker #5] Bootstrap tree #806, logLikelihood: [00:00:09] [worker #11] Bootstrap tree #

-597.218106[00:00:09] [worker #5] Bootstrap tree #806, logLikelihood: [00:00:09] [worker #11] Bootstrap tree #

812, logLikelihood: -617.239764
[00:00:09] [worker #26] Bootstrap tree #827, logLikelihood: -575.864835
831, logLikelihood: [-614.925845
-610.788443
[00:00:09] [worker #28] Bootstrap tree #829, logLikelihood: -607.839266
[00:00:09] [worker #19] Bootstrap tree #820, logLikelihood: -604.258879
[00:00:09] [worker #3] Bootstrap tree #804, logLikelihood: -608.739846
[00:00:09] [worker #16] Bootstrap tree #817, logLikelihood: -539.023361
[00:00:09] [worker #27] Bootstrap tree #828, logLikelihood: -598.205921
[00:00:09] [worker #23] Bootstrap tree #824, logLikelihood: -619.792294
[00:00:09] [worker #2] Bootstrap tree #803, logLikelihood: -621.645508
[00:00:09] [worker #17] Bootstrap tree #818, logLikelihood: -609.098099
[00:00:09] [worker #6] Bootstrap tree #807, logLikelihood: -612.834296
[00:00:09] [worker #4] Bootstrap tree #805, logLikelihood: -561.396426
[00:00:09] [worker #29] Bootstrap tree #830, logLikelihood: -574.864082
[00:00:09] [worker #25] Bootstrap tree #826, logLikelihood: -616.098471
[00:00:09] [worker #31] Bootstrap tree #832, logLikelihood: -643.069625
[00:00:09] [worker #0] Bootstrap tree #801, logLikelihood: -568.607897
[00:00:10] [worker #27] Bootstrap tree #860, logLikelihood: -621.474721
[00:00:10] [worker #16] Bootstrap tree #849, logLikelihood: -634.326961
[00:00:10] [worker #30] Bootstrap tree #863, logLikelihood: -553.622720
[00:00:10] [worker #23] Bootstrap tree #856, logLikelihood: -616.838166
[00:00:10] [worker #7] Bootstrap tree #840, logLikelihood: -594.044538
[00:00:10] [worker #13] Bootstrap tree #846, logLikelihood: -640.631406
[00:00:10] [worker #9] Bootstrap tree #842, logLikelihood: -623.266827
[00:00:10] [worker #28] Bootstrap tree #861, logLikelihood: -636.883755
[00:00:10] [worker #15] Bootstrap tree #848, logLikelihood: -609.464361
[00:00:10] [worker #8] Bootstrap tree #841, logLikelihood: [00:00:10] -625.373704[[worker #17] Bootstrap tree #


[00:00:10] [worker #0] Bootstrap tree #833, logLikelihood: -586.079839
[00:00:10] [worker #20] Bootstrap tree #853, logLikelihood: -607.601512
[00:00:10] [worker #14] Bootstrap tree #847, logLikelihood: -594.642671
[00:00:10] [worker #18] Bootstrap tree #851, logLikelihood: -580.124471
[00:00:10] [worker #1] Bootstrap tree #834, logLikelihood: -558.126491
Bootstrap tree #852, logLikelihood: -648.474863[00:00:10] [worker #24] Bootstrap tree #857, logLikelihood: 
Bootstrap tree #852, logLikelihood: -648.474863[00:00:10] [worker #24] Bootstrap tree #857, logLikelihood: 
-622.097024
[00:00:10] [worker #22] Bootstrap tree #855, logLikelihood: -593.782258
[00:00:10] [worker #29] Bootstrap tree #862, logLikelihood: -577.244165
[00:00:10] [worker #6] Bootstrap tree #839, logLikelihood: -618.034626
[00:00:10] [worker #12] Bootstrap tree #845, logLikelihood: -602.319389
[00:00:10] [worker #10] Bootstrap tree #843, logLikelihood: -590.049775
[00:00:10] [worker #11] Bootstrap tree #844, logLikelihood: -544.210426
[00:00:10] [worker #26] Bootstrap tree #859, logLikelihood: -602.678175
[00:00:10] [worker #31] Bootstrap tree #864, logLikelihood: -596.505146
[00:00:10] [worker #25] Bootstrap tree #858, logLikelihood: -619.406591
[00:00:10] [worker #3] Bootstrap tree #836, logLikelihood: -600.733560
[00:00:10] [worker #5] Bootstrap tree #838, logLikelihood: -636.004111
[00:00:10] [worker #2] Bootstrap tree #835, logLikelihood: -599.129261
[00:00:10] [worker #4] Bootstrap tree #837, logLikelihood: -585.262601
[00:00:10] [worker #30] Bootstrap tree #895, logLikelihood: -597.903447
[00:00:10] [worker #27] Bootstrap tree #892, logLikelihood: -609.921907
[00:00:10] [worker #23] Bootstrap tree #888, logLikelihood: -568.009675
[00:00:10] [worker #28] Bootstrap tree #893, logLikelihood: -587.963841
[00:00:10] [worker #7] Bootstrap tree #872, logLikelihood: -610.509473
[00:00:10] [worker #9] Bootstrap tree #874, logLikelihood: -606.818820
[00:00:10] [worker #16] Bootstrap tree #881, logLikelihood: -563.581863
[00:00:10] [worker #13] Bootstrap tree #878, logLikelihood: -588.484006
[00:00:10] [worker #8] Bootstrap tree #873, logLikelihood: -616.376541
[00:00:10] [worker #14] Bootstrap tree #879, logLikelihood: -567.160591
[00:00:10] [worker #20] Bootstrap tree #885, logLikelihood: -573.128457
[00:00:10] [worker #11] Bootstrap tree #876, logLikelihood: -562.776322
[00:00:10] [worker #18] Bootstrap tree #883, logLikelihood: -582.396538
[00:00:11] [worker #19] Bootstrap tree #884, logLikelihood: -616.397440
[00:00:11] [worker #15] Bootstrap tree #880, logLikelihood: -648.243947
[00:00:11] [worker #10] Bootstrap tree #875, logLikelihood: [00:00:11] [worker #1] Bootstrap tree #866, logLikelihood: 
[00:00:11] [worker #10] Bootstrap tree #875, logLikelihood: [00:00:11] [worker #1] Bootstrap tree #866, logLikelihood: 
-619.539425
[00:00:11] [worker #29] Bootstrap tree #894, logLikelihood: -594.288564
[00:00:11] [worker #12] Bootstrap tree #877, logLikelihood: -584.458921
[00:00:11] [worker #21] Bootstrap tree #886, logLikelihood: -623.971050
[00:00:11] [worker #22] Bootstrap tree #887, logLikelihood: -613.456460
[00:00:11] [worker #24] Bootstrap tree #889, logLikelihood: -639.102855
[00:00:11] [worker #17] Bootstrap tree #882, logLikelihood: -622.267589
[00:00:11] [worker #0] Bootstrap tree #865, logLikelihood: -590.748879
[00:00:11] [worker #3] Bootstrap tree #868, logLikelihood: -605.452811
[00:00:11] [worker #2] Bootstrap tree #867, logLikelihood: -559.231787
-625.119601
[00:00:11] [worker #6] Bootstrap tree #871, logLikelihood: [-627.64809800

[00:00:110] :00[worker #31] :Bootstrap tree #11] , logLikelihood: [worker #26] Bootstrap tree #891, logLikelihood: -580.196486
[00:00:110] :00[worker #31] :Bootstrap tree #11] , logLikelihood: [worker #26] Bootstrap tree #891, logLikelihood: -580.196486
-593.813228
[00:00:11] [worker #25] Bootstrap tree #890, logLikelihood: -612.505212
[00:00:11] [worker #8] Bootstrap tree #905, logLikelihood: -554.963883
[00:00:11] [worker #13] Bootstrap tree #910, logLikelihood: -594.401003
[00:00:11] [worker #19] Bootstrap tree #916, logLikelihood: -591.059843
[00:00:11] [worker #30] Bootstrap tree #927, logLikelihood: -566.171408
[00:00:11] [worker #20] Bootstrap tree #917, logLikelihood: -553.956141
[00:00:11] [worker #21] Bootstrap tree #918, logLikelihood: -622.256669
[00:00:11] [worker #18] Bootstrap tree #915, logLikelihood: -622.136264
[00:00:11] [worker #26] Bootstrap tree #923, logLikelihood: -591.240684
[00:00:11] [worker #7] Bootstrap tree #904, logLikelihood: -586.273971[
[00:00:11] [worker #7] Bootstrap tree #904, logLikelihood: -586.273971[
00:00:11] [worker #12] Bootstrap tree #909, logLikelihood: -574.664155
00:00:11] [worker #9] Bootstrap tree #906, logLikelihood: -611.653640
[00:00:11] [worker #3] Bootstrap tree #900, logLikelihood: -636.243178
[00:00:11] [worker #22] Bootstrap tree #919, logLikelihood: -567.134279
[00:00:11] [worker #15] Bootstrap tree #912, logLikelihood: -561.814757
[00:00:11] [worker #1] Bootstrap tree #898, logLikelihood: -579.973148
[00:00:11] [worker #28] Bootstrap tree #925, logLikelihood: -563.191042
[00:00:11] [worker #2] Bootstrap tree #899, logLikelihood: -617.340800
[00:00:11] [worker #17] Bootstrap tree #914, logLikelihood: -587.535463
[00:00:11] [worker #10] Bootstrap tree #907, logLikelihood: -576.993576
[00:00:11] [worker #14] Bootstrap tree #911, logLikelihood: -575.190578
[00:00:11] [worker #24] Bootstrap tree #921, logLikelihood: -583.226027
[00:00:11] [worker #31] Bootstrap tree #928, logLikelihood: -633.359790[

[00:00:11] [worker #11] Bootstrap tree #908, logLikelihood: -583.199287
00:00:11] [worker #27] Bootstrap tree #924, logLikelihood: -656.486193
[00:00:11] [worker #4] Bootstrap tree #901, logLikelihood: -621.232746
[00:00:11] [worker #5] Bootstrap tree #902, logLikelihood: -588.808223
[00:00:11] [worker #25] Bootstrap tree #922, logLikelihood: -577.809272
[00:00:11] [worker #6] Bootstrap tree #903, logLikelihood: -637.043139
[00:00:11] [worker #29] Bootstrap tree #926, logLikelihood: -603.546253
[00:00:11] [worker #16] Bootstrap tree #913, logLikelihood: -591.069569
[00:00:11] [worker #0] Bootstrap tree #897, logLikelihood: -602.492792
[00:00:12] [worker #8] Bootstrap tree #937, logLikelihood: -567.316974
[00:00:12] [worker #21] Bootstrap tree #950, logLikelihood: -627.994215
[00:00:12] [worker #13] Bootstrap tree #942, logLikelihood: -566.641193
[00:00:12] [worker #30] Bootstrap tree #959, logLikelihood: -615.502639
[00:00:12] [worker #9] Bootstrap tree #938, logLikelihood: -547.331028
[00:00:12] [worker #28] Bootstrap tree #957, logLikelihood: -622.925789
[00:00:12] [worker #18] Bootstrap tree #947, logLikelihood: -629.387243
[00:00:12] [worker #12] Bootstrap tree #941, logLikelihood: -569.188279
[00:00:12] [worker #26] Bootstrap tree #955, logLikelihood: -575.101546
[00:00:12] [worker #15] Bootstrap tree #944, logLikelihood: -572.459512
[00:00:12] [worker #10] Bootstrap tree #939, logLikelihood: -577.580224
[00:00:12] [worker #23] Bootstrap tree #952, logLikelihood: -573.653868
00[00:00:12] [worker #22] Bootstrap tree #951, logLikelihood: :00:12] [worker #2] Bootstrap tree #931, logLikelihood: 
00[00:00:12] [worker #22] Bootstrap tree #951, logLikelihood: :00:12] [worker #2] Bootstrap tree #931, logLikelihood: 
-600.137527
[00:00:12] [worker #27] Bootstrap tree #956, logLikelihood: [00:00:12] [worker #7] Bootstrap tree #936, logLikelihood: 
[00:00:12] [worker #27] Bootstrap tree #956, logLikelihood: [00:00:12] [worker #7] Bootstrap tree #936, logLikelihood: 
-562.068508
[00:00:12] [worker #19] Bootstrap tree #948, logLikelihood: -626.958130
[00:00:12] [worker #20] Bootstrap tree #949, logLikelihood: -603.861202
[00:00:12] [worker #11] Bootstrap tree #940, logLikelihood: -599.586681
[00:00:12] [worker #14] Bootstrap tree #943, logLikelihood: -590.152667
[00:00:12] [worker #29] Bootstrap tree #958, logLikelihood: -582.255485
[00:00:12] [worker #24] Bootstrap tree #953, logLikelihood: -591.697405
[00:00:12] [worker #1] Bootstrap tree #930, logLikelihood: -589.430741
[00:00:12] [worker #4] Bootstrap tree #933, logLikelihood: -608.657297
[00:00:12] [worker #31] Bootstrap tree #960, logLikelihood: -637.544007
[00:00:12] [worker #3] Bootstrap tree #932, logLikelihood: -565.344143[00:00e[00:00:12] [worker #3] Bootstrap tree #932, logLikelihood: -565.344143[00:00e:12] [worker #17] Bootstrap tree #946, logLikelihood: -613.089391
[00:00:12] [worker #25] Bootstrap tree #954, logLikelihood: -583.683270
[00:00:12] [worker #6] Bootstrap tree #935, logLikelihood: -606.985476
[00:00:12] [worker #16] Bootstrap tree #945, logLikelihood: -604.652856
[00:00:12] [worker #5] Bootstrap tree #934, logLikelihood: -582.596231
[00:00:12] [worker #0] Bootstrap tree #929, logLikelihood: -616.978858
[00:00:13] [worker #9] Bootstrap tree #970, logLikelihood: -574.051030
[00:00:13] [worker #30] Bootstrap tree #991, logLikelihood: -602.236034
[00:00:13] [worker #15] Bootstrap tree #976, logLikelihood: -632.374516
[00:00:13] [worker #6] Bootstrap tree #967, logLikelihood: -572.412223
[00:00:13] [worker #13] Bootstrap tree #974, logLikelihood: -590.736318
[00:00:13] [worker #25] Bootstrap tree #986, logLikelihood: -583.259180
[00:00:13] [worker #26] Bootstrap tree #987, logLikelihood: -590.202475
[00:00:13] [worker #22] Bootstrap tree #983, logLikelihood: -613.751343
[00:00:13] [worker #29] Bootstrap tree #990, logLikelihood: -553.148799
[00:00:13] [worker #16] Bootstrap tree #977, logLikelihood: -604.215610
[00:00:13] [worker #7] Bootstrap tree #968, logLikelihood: -625.263871
[00:00:13] [worker #18] Bootstrap tree #979, logLikelihood: -578.225763
[00:00:13] [worker #23] Bootstrap tree #984, logLikelihood: -627.129737
[00:00:13] [worker #17] Bootstrap tree #978, logLikelihood: -606.399046
[00:00:13] [worker #28] Bootstrap tree #989, logLikelihood: -584.090129
[00:00:13] [worker #12] Bootstrap tree #973, logLikelihood: -649.558729
[00:00:13] [worker #8] Bootstrap tree #969, logLikelihood: -574.069222
[00:00:13] [worker #0] Bootstrap tree #961, logLikelihood: -608.539887
[00:00:13] [worker #20] Bootstrap tree #981, logLikelihood: -600.064077
[00:00:13] [worker #21] Bootstrap tree #982, logLikelihood: -591.525675
[00:00:13] [worker #2] Bootstrap tree #963, logLikelihood: -595.272918
[00:00:13] [worker #11] Bootstrap tree #972, logLikelihood: -548.524338
[00:00:13] [worker #10] Bootstrap tree #971, logLikelihood: -618.492473
[00:00:13] [worker #24] Bootstrap tree #985, logLikelihood: -590.175432
[00:00:13] [worker #14] Bootstrap tree #975, logLikelihood: -585.974064
[00:00:13] [worker #19] Bootstrap tree #980, logLikelihood: -609.753417
[00:00:13] [worker #3] Bootstrap tree #964, logLikelihood: -591.628392
[00:00:13] [worker #4] Bootstrap tree #965, logLikelihood: -580.381253
[00:00:13] [worker #27] Bootstrap tree #988, logLikelihood: -606.161198
[00:00:13] [worker #5] Bootstrap tree #966, logLikelihood: -603.324078
[00:00:13] [worker #1] Bootstrap tree #962, logLikelihood: -562.713684
[00:00:13] [worker #31] Bootstrap tree #992, logLikelihood: -608.422689
[00:00:13] [worker #6] Bootstrap tree #999, logLikelihood: -581.144696
[00:00:13] [worker #7] Bootstrap tree #1000, logLikelihood: -561.143244
[00:00:13] [worker #0] Bootstrap tree #993, logLikelihood: -588.187522
[00:00:13] [worker #2] Bootstrap tree #995, logLikelihood: -598.448425
[00:00:13] [worker #4] Bootstrap tree #997, logLikelihood: -623.617341
[00:00:13] [worker #5] Bootstrap tree #998, logLikelihood: -610.850113
[00:00:13] [worker #3] Bootstrap tree #996, logLikelihood: -610.095389
[00:00:13] [worker #1] Bootstrap tree #994, logLikelihood: -543.849406

Optimized model parameters:

   Partition 0: noname
   Rate heterogeneity: GAMMA (4 cats, mean),  alpha: 99.862410 (ML),  weights&rates: (0.250000,0.875822) (0.250000,0.964713) (0.250000,1.029567) (0.250000,1.129897) 
   Base frequencies (ML): 0.389583 0.111688 0.096060 0.402669 
   Substitution rates (ML): 0.523463 0.203560 0.249197 0.001000 0.339726 1.000000 


Final LogLikelihood: -605.663821

AIC score: 1279.327642 / AICc score: 1285.558008 / BIC score: 1416.452573
Free parameters (model + branch lengths): 34

WARNING: Best ML tree contains 7 near-zero branches!

Best ML tree with collapsed near-zero branches saved to: /mnt/lustre/RDS-live/downing/LSDV/GTPV_SPPV/results_GTPV/LSDV009.raxml.bestTreeCollapsed
Best ML tree saved to: /mnt/lustre/RDS-live/downing/LSDV/GTPV_SPPV/results_GTPV/LSDV009.raxml.bestTree
All ML trees saved to: /mnt/lustre/RDS-live/downing/LSDV/GTPV_SPPV/results_GTPV/LSDV009.raxml.mlTrees
Best ML tree with Felsenstein bootstrap (FBP) support values saved to: /mnt/lustre/RDS-live/downing/LSDV/GTPV_SPPV/results_GTPV/LSDV009.raxml.supportFBP
Best ML tree with Transfer bootstrap (TBE) support values saved to: /mnt/lustre/RDS-live/downing/LSDV/GTPV_SPPV/results_GTPV/LSDV009.raxml.supportTBE
Optimized model saved to: /mnt/lustre/RDS-live/downing/LSDV/GTPV_SPPV/results_GTPV/LSDV009.raxml.bestModel
Bootstrap trees saved to: /mnt/lustre/RDS-live/downing/LSDV/GTPV_SPPV/results_GTPV/LSDV009.raxml.bootstraps

Execution log saved to: /mnt/lustre/RDS-live/downing/LSDV/GTPV_SPPV/results_GTPV/LSDV009.raxml.log

Analysis started: 24-Nov-2025 13:59:38 / finished: 24-Nov-2025 13:59:52

Elapsed time: 14.599 seconds

