
RAxML-NG v. 1.2.2 released on 11.04.2024 by The Exelixis Lab.
Developed by: Alexey M. Kozlov and Alexandros Stamatakis.
Contributors: Diego Darriba, Tomas Flouri, Benoit Morel, Sarah Lutteropp, Ben Bettisworth, Julia Haag, Anastasis Togkousidis.
Latest version: https://github.com/amkozlov/raxml-ng
Questions/problems/suggestions? Please visit: https://groups.google.com/forum/#!forum/raxml

System: AMD EPYC 7543P 32-Core Processor, 32 cores, 995 GB RAM

RAxML-NG was called at 24-Nov-2025 14:24:16 as follows:

raxml-ng --all --msa region_LSDV049.aln --model GTR+G --prefix LSDV049 --seed 123 --bs-metric fbp,tbe --redo

Analysis options:
  run mode: ML tree search + bootstrapping (Felsenstein Bootstrap + Transfer Bootstrap)
  start tree(s): random (10) + parsimony (10)
  bootstrap replicates: parsimony (max: 1000) + bootstopping (autoMRE, cutoff: 0.030000)
  random seed: 123
  tip-inner: OFF
  pattern compression: ON
  per-rate scalers: OFF
  site repeats: ON
  logLH epsilon: general: 10.000000, brlen-triplet: 1000.000000
  fast spr radius: AUTO
  spr subtree cutoff: 1.000000
  fast CLV updates: ON
  branch lengths: proportional (ML estimate, algorithm: NR-FAST)
  SIMD kernels: AVX2
  parallelization: coarse-grained (auto), PTHREADS (auto)

WARNING: Running in REDO mode: existing checkpoints are ignored, and all result files will be overwritten!

[00:00:00] Reading alignment from file: region_LSDV049.aln
[00:00:00] Loaded alignment with 14 taxa and 2031 sites

WARNING: Sequences NC_004003.1 and KX576657.1 are exactly identical!
WARNING: Sequences NC_004003.1 and AY077836.1 are exactly identical!
WARNING: Sequences NC_004003.1 and AY077835.1 are exactly identical!
WARNING: Sequences MW020570.1 and MN072620.1 are exactly identical!
WARNING: Sequences MN072621.1 and MH381810.1 are exactly identical!
WARNING: Sequences MN072621.1 and KC951854.1 are exactly identical!
WARNING: Duplicate sequences found: 6

NOTE: Reduced alignment (with duplicates and gap-only sites/taxa removed) 
NOTE: was saved to: /mnt/lustre/RDS-live/downing/LSDV/GTPV_SPPV/results_GTPV/LSDV049.raxml.reduced.phy

Alignment comprises 1 partitions and 22 patterns

Partition 0: noname
Model: GTR+FO+G4m
Alignment sites / patterns: 2031 / 22
Gaps: 0.00 %
Invariant sites: 98.57 %


NOTE: Binary MSA file created: LSDV049.raxml.rba

Parallelization scheme autoconfig: 32 worker(s) x 1 thread(s)

[00:00:00] Generating 10 random starting tree(s) with 14 taxa
[00:00:00] Generating 10 parsimony starting tree(s) with 14 taxa
Parallel parsimony with 32 threads
Parallel reduction/worker buffer size: 1 KB  / 0 KB

[00:00:00] Data distribution: max. partitions/sites/weight per thread: 1 / 22 / 352
[00:00:00] Data distribution: max. searches per worker: 33

Starting ML tree search with 20 distinct starting trees

[00:00:00] [worker #18] ML tree search #19, logLikelihood: -2757.903656
[00:00:00] [worker #17] ML tree search #18, logLikelihood: -2757.903671
[00:00:00] [worker #10] ML tree search #11, logLikelihood: -2757.903655
[00:00:00] [worker #14] ML tree search #15, logLikelihood: -2757.903654
[00:00:01] [worker #19] ML tree search #20, logLikelihood: -2757.903654
[00:00:01] [worker #1] ML tree search #2, logLikelihood: -2757.903654
[00:00:01] [worker #7] ML tree search #8, logLikelihood: -2757.903621
[00:00:01] [worker #13] ML tree search #14, logLikelihood: -2757.903656
[00:00:01] [worker #0] ML tree search #1, logLikelihood: -2757.903651
[00:00:01] [worker #15] ML tree search #16, logLikelihood: -2757.903671
[00:00:01] [worker #11] ML tree search #12, logLikelihood: -2757.903671
[00:00:01] [worker #4] ML tree search #5, logLikelihood: -2757.903621
[00:00:01] [worker #12] ML tree search #13, logLikelihood: -2757.903639
[00:00:01] [worker #5] ML tree search #6, logLikelihood: -2757.903653
[00:00:01] [worker #16] ML tree search #17, logLikelihood: -2757.903639
[00:00:01] [worker #3] ML tree search #4, logLikelihood: -2757.903624
[00:00:01] [worker #6] ML tree search #7, logLikelihood: -2757.903632
[00:00:01] [worker #9] ML tree search #10, logLikelihood: -2757.903721
[00:00:01] [worker #8] ML tree search #9, logLikelihood: -2757.903619
[00:00:01] [worker #2] ML tree search #3, logLikelihood: -2757.903623

[00:00:01] ML tree search completed, best tree logLH: -2757.903619

[00:00:01] Starting bootstrapping analysis with 1000 replicates.

[00:00:01] [worker #16] Bootstrap tree #17, logLikelihood: -2693.451542
[00:00:01] [worker #3] Bootstrap tree #4, logLikelihood: -2715.691964
[00:00:01] [worker #8] Bootstrap tree #9, logLikelihood: -2708.666375
[00:00:01] [worker #31] Bootstrap tree #32, logLikelihood: -2713.598979
[00:00:01] [worker #14] Bootstrap tree #15, logLikelihood: -2757.404641
[00:00:01] [worker #24] Bootstrap tree #25, logLikelihood: -2821.951353
[00:00:01] [worker #27] Bootstrap tree #28, logLikelihood: -2693.136311
[00:00:01] [worker #22] Bootstrap tree #23, logLikelihood: -2807.398780
[00:00:01] [worker #15] Bootstrap tree #16, logLikelihood: -2711.453520
[00:00:01] [worker #10] Bootstrap tree #11, logLikelihood: -2729.046406
-2836.402198
[00:00:01] [worker #19] Bootstrap tree #20, logLikelihood: -2784.084765
[00:00:01] [worker #9] Bootstrap tree #10, logLikelihood: -2869.571018
[00:00:01] [worker #11] Bootstrap tree #12, logLikelihood: -2765.886955
[00:00:01] [worker #5] Bootstrap tree #6, logLikelihood: -2838.952476
[00:00:01] [worker #6] Bootstrap tree #7, logLikelihood: -2710.572756
[00:00:01] [worker #13] Bootstrap tree #14, logLikelihood: -2793.376009
[00:00:01] [worker #29] Bootstrap tree #30, logLikelihood: -2762.755064
[00:00:01] [worker #2] Bootstrap tree #3, logLikelihood: -2795.134735
[00:00:01] [worker #4] Bootstrap tree #5, logLikelihood: -2741.476032
[00:00:01] [worker #20] Bootstrap tree #21, logLikelihood: -2771.386013
[00:00:01] [worker #30] Bootstrap tree #31, logLikelihood: -2743.160626[
-2799.295261[00:00:01] [worker #21] Bootstrap tree #22, logLikelihood: 
-2799.295261[00:00:01] [worker #21] Bootstrap tree #22, logLikelihood: 
-2753.317452
[00:00:01] [worker #17] Bootstrap tree #18, logLikelihood: -2751.939547
[00:00:01] [worker #8] Bootstrap tree #41, logLikelihood: -2758.288531
[00:00:01] [worker #23] Bootstrap tree #24, logLikelihood: -2727.676177
01] [[worker #7] Bootstrap tree #00:00:01] [worker #16] Bootstrap tree #49, logLikelihood: , logLikelihood: -2760.551233-2758.516576
01] [[worker #7] Bootstrap tree #00:00:01] [worker #16] Bootstrap tree #49, logLikelihood: , logLikelihood: -2760.551233-2758.516576

[00:00:01] [worker #12] Bootstrap tree #13, logLikelihood: -2668.487141
[00:00:01] [worker #3] Bootstrap tree #36, logLikelihood: -2798.816895
[00:00:01] [worker #26] Bootstrap tree #27, logLikelihood: -2772.095631
[00:00:01] [worker #1] Bootstrap tree #2, logLikelihood: -2759.919048
[00:00:01] [worker #25] Bootstrap tree #26, logLikelihood: -2789.921555
[00:00:01] [worker #0] Bootstrap tree #1, logLikelihood: -2697.669858
[00:00:01] [worker #14] Bootstrap tree #47, logLikelihood: -2781.378346
[00:00:01] [worker #15] Bootstrap tree #48, logLikelihood: -2697.261628
[00:00:01] [worker #27] Bootstrap tree #60, logLikelihood: -2707.589522
[00:00:01] [worker #31] Bootstrap tree #64, logLikelihood: -2788.175911
[00:00:01] [worker #5] Bootstrap tree #38, logLikelihood: -2707.069607
[00:00:01] [worker #24] Bootstrap tree #57, logLikelihood: -2836.158649
[00:00:01] [worker #4] Bootstrap tree #37, logLikelihood: -2671.276644
[00:00:01] [worker #22] Bootstrap tree #55, logLikelihood: -2762.023498
-2753.529464
[00:00:01] [worker #2] Bootstrap tree #35, logLikelihood: -2750.478566
[00:00:01] [worker #11] Bootstrap tree #44, logLikelihood: -2783.888919
[00:00:01] [worker #9] Bootstrap tree #42, logLikelihood: -2738.117254
[00:00:01] [worker #18] Bootstrap tree #51, logLikelihood: -2725.566372
[00:00:01] [worker #28] Bootstrap tree #61, logLikelihood: -2698.504397
[00:00:01] [worker #23] Bootstrap tree #56, logLikelihood: -2752.918890
[00:00:01] [worker #29] Bootstrap tree #62, logLikelihood: -2786.960012
, logLikelihood: -2745.685940
[00:00:01] [worker #25] Bootstrap tree #58, logLikelihood: -2767.768100
[00:00:01] [worker #20] Bootstrap tree #53, logLikelihood: -2708.097005
[00:00:01] [worker #20] Bootstrap tree #53, logLikelihood: -2708.097005
00:00:01] [worker #21] Bootstrap tree #54, logLikelihood: -2823.911234
[00:00:01] [worker #30] Bootstrap tree #63, logLikelihood: -2700.789690
[00:00:01] [worker #10] Bootstrap tree #43, logLikelihood: -2717.609780
[00:00:02] [worker #1] Bootstrap tree #34, logLikelihood: -2739.695708
[00:00:02] [worker #17] Bootstrap tree #50, logLikelihood: -2714.119279
[00:00:02] [worker #12] Bootstrap tree #45, logLikelihood: -2804.877447
[00:00:02] [worker #13] Bootstrap tree #46, logLikelihood: -2750.666469
[00:00:02] [worker #26] Bootstrap tree #59, logLikelihood: -2684.865544
[00:00:02] [worker #7] Bootstrap tree #40, logLikelihood: -2768.268023
[00:00:02] [worker #0] Bootstrap tree #33, logLikelihood: -2717.919236
[00:00:02] [worker #6] Bootstrap tree #71, logLikelihood: -2717.567588
[00:00:02] [worker #14] Bootstrap tree #79, logLikelihood: -2605.837159
[00:00:02] [worker #9] Bootstrap tree #74, logLikelihood: -2714.250028
[00:00:02] [worker #15] Bootstrap tree #80, logLikelihood: -2771.437388
[00:00:02] [worker #19] Bootstrap tree #84, logLikelihood: -2763.479416
[00:00:02] [worker #5] Bootstrap tree #70, logLikelihood: [2699.79228600:00:02] [

[00:00:02] [worker #10] Bootstrap tree #75, logLikelihood: -2692.961492
[00:00:02] [worker #12] Bootstrap tree #77, logLikelihood: -2690.288471
[00:00:02] [worker #22] Bootstrap tree #87, logLikelihood: -2774.230212
[00:00:02] [worker #0] Bootstrap tree #65, logLikelihood: -2745.396216
[00:00:02] [worker #13] Bootstrap tree #78, logLikelihood: -2870.293111
[00:00:02] [worker #26] Bootstrap tree #91, logLikelihood: -2660.323321
[00:00:02] [worker #16] Bootstrap tree #81, logLikelihood: -2807.429055
[00:00:02] [worker #7] Bootstrap tree #72, logLikelihood: -2687.910132
[00:00:02] [worker #23] Bootstrap tree #88, logLikelihood: -2747.281596
[00:00:02] [worker #8] Bootstrap tree #73, logLikelihood: -2797.424846
[00:00:02] [worker #4] Bootstrap tree #69, logLikelihood: -2808.566779
[00:00:02] [worker #2] Bootstrap tree #67, logLikelihood: -2743.158110
[00:00:02] [worker #1] Bootstrap tree #66, logLikelihood: -2728.328342
[00:00:02] [worker #3] Bootstrap tree #68, logLikelihood: -2721.182494
[00:00:02] [worker #25] Bootstrap tree #90, logLikelihood: -2727.611719
[00:00:02] [worker #28] Bootstrap tree #93, logLikelihood: -2754.052695
[00:00:02] [worker #24] Bootstrap tree #89, logLikelihood: -2805.354481
[00:00:02] [worker #30] Bootstrap tree #95, logLikelihood: -2710.095054
[00:00:02] [worker #31] Bootstrap tree #96, logLikelihood: -2752.601842
[00:00:02] [worker #11] Bootstrap tree #76, logLikelihood: -2801.754986
[00:00:02] [worker #21] Bootstrap tree #86, logLikelihood: -2779.335592
[00:00:02] [worker #18] Bootstrap tree #83, logLikelihood: -2798.910608
:02] [worker #27] Bootstrap tree #92, logLikelihood: -2677.711635
[00:00:02] [worker #17] Bootstrap tree #82, logLikelihood: -2752.914087
[00:00:02] [worker #6] Bootstrap tree #103, logLikelihood: -2765.000011
[00:00:02] [worker #14] Bootstrap tree #111, logLikelihood: -2725.799949
[00:00:02] [worker #9] Bootstrap tree #106, logLikelihood: -2724.635969
[00:00:02] [worker #29] Bootstrap tree #126, logLikelihood: -2703.081467
[00:00:02] [worker #15] Bootstrap tree #112, logLikelihood: -2639.055194
[00:00:02] [worker #22] Bootstrap tree #119, logLikelihood: -2741.814965
[00:00:02] [worker #20] Bootstrap tree #117, logLikelihood: -2731.232951
[00:00:02] [worker #12] Bootstrap tree #109, logLikelihood: -2794.363880
[00:00:02] [worker #10] Bootstrap tree #107, logLikelihood: -2740.587136
[00:00:02] [worker #5] Bootstrap tree #102, logLikelihood: -2683.387276
[00:00:02] [worker #19] Bootstrap tree #116, logLikelihood: -2738.389993
[00:00:02] [worker #4] Bootstrap tree #101, logLikelihood: -2753.179557
[00:00:02] [worker #16] Bootstrap tree #113, logLikelihood: -2770.178520
[00:00:02] [worker #13] Bootstrap tree #110, logLikelihood: -2713.468416
[00:00:02] [worker #23] Bootstrap tree #120, logLikelihood: -2755.087267
[00:00:02] [worker #26] Bootstrap tree #123, logLikelihood: -2728.162613
[00:00:02] [worker #11] Bootstrap tree #108, logLikelihood: -2793.692279
[00:00:02] [worker #21] Bootstrap tree #118, logLikelihood: -2759.137891
[00:00:02] [worker #3] Bootstrap tree #100, logLikelihood: -2845.992111
[00:00:02] [worker #25] Bootstrap tree #122, logLikelihood: -2799.595975
[00:00:02] [worker #8] Bootstrap tree #105, logLikelihood: -2733.200248
[00:00:02] [worker #1] Bootstrap tree #98, logLikelihood: -2732.267972
[00:00:02] [worker #17] Bootstrap tree #114, logLikelihood: -2706.685206
[00:00:02] [worker #18] Bootstrap tree #115, logLikelihood: -2775.113616
[00:00:02] [worker #2] Bootstrap tree #99, logLikelihood: -2798.237373
[00:00:02] [worker #31] Bootstrap tree #128, logLikelihood: -2771.761816
[00:00:02] [worker #28] Bootstrap tree #125, logLikelihood: -2717.953181
[00:00:02] [worker #30] Bootstrap tree #127, logLikelihood: -2780.657009
[00:00:02] [worker #7] Bootstrap tree #104, logLikelihood: -2754.905038
[00:00:02] [worker #0] Bootstrap tree #97, logLikelihood: -2772.936946
[00:00:03] [worker #27] Bootstrap tree #124, logLikelihood: -2709.801231
[00:00:03] [worker #24] Bootstrap tree #121, logLikelihood: -2768.452034
[00:00:03] [worker #9] Bootstrap tree #138, logLikelihood: -2706.191337
[00:00:03] [worker #19] Bootstrap tree #148, logLikelihood: -2667.373591
[00:00:03] [worker #14] Bootstrap tree #143, logLikelihood: -2661.420974
[00:00:03] [worker #17] Bootstrap tree #146, logLikelihood: -2718.176785
[00:00:03] [worker #28] Bootstrap tree #157, logLikelihood: -2695.989252
[00:00:03] [worker #15] Bootstrap tree #144, logLikelihood: -2725.618903
[00:00:03] [worker #21] Bootstrap tree #150, logLikelihood: -2739.721625
[00:00:03] [worker #1] Bootstrap tree #130, logLikelihood: -2703.741229
[00:00:03] [worker #27] Bootstrap tree #156, logLikelihood: -2756.154625
[[000::0000:0303] ] [worker #10] Bootstrap tree #133, logLikelihood: Bootstrap tree #139, logLikelihood: 
[[000::0000:0303] ] [worker #10] Bootstrap tree #133, logLikelihood: Bootstrap tree #139, logLikelihood: 
-2719.412199
[00:00:03] [worker #31] Bootstrap tree #160, logLikelihood: -2757.903654
00:00:03] [worker #2] Bootstrap tree #131, logLikelihood: -2760.989009
[00:00:03] [worker #20] Bootstrap tree #149, logLikelihood: -2834.165694
[00:00:03] [worker #8] Bootstrap tree #137, logLikelihood: -2732.178564
[00:00:03] [worker #18] Bootstrap tree #147, logLikelihood: -2744.019108
[00:00:03] [worker #12] Bootstrap tree #141, logLikelihood: -2774.640075
[00:00:03] [worker #5] Bootstrap tree #134, logLikelihood: -2816.820161
[00:00:03] [worker #26] Bootstrap tree #155, logLikelihood: -2710.638156
[00:00:03] [worker #30] Bootstrap tree #159, logLikelihood: -2856.461440
[00:00:03] [worker #24] Bootstrap tree #153, logLikelihood: -2724.241424
[00:00:03] [worker #22] Bootstrap tree #151, logLikelihood: -2727.241405
[00:00:03] [worker #6] Bootstrap tree #135, logLikelihood: -2790.519437[

[00:00:03] [worker #3] Bootstrap tree #132, logLikelihood: -2770.574950
[00:00:03] [worker #16] Bootstrap tree #145, logLikelihood: -2791.531978
[00:00:03] [worker #11] Bootstrap tree #140, logLikelihood: -2765.202797
[00:00:03] [worker #29] Bootstrap tree #158, logLikelihood: -2732.828705
[00:00:03] [worker #0] Bootstrap tree #129, logLikelihood: -2767.761095
[00:00:03] [worker #25] Bootstrap tree #154, logLikelihood: -2743.517038
[00:00:03] [worker #23] Bootstrap tree #152, logLikelihood: -2709.137594
[00:00:03] [worker #13] Bootstrap tree #142, logLikelihood: -2831.627051
[00:00:03] [worker #19] Bootstrap tree #180, logLikelihood: -2781.307709
[00:00:03] [worker #9] Bootstrap tree #170, logLikelihood: -2688.049379
[00:00:03] [worker #14] Bootstrap tree #175, logLikelihood: -2775.151434
[00:00:03] [worker #1] Bootstrap tree #162, logLikelihood: -2758.516304
[00:00:03] [worker #28] Bootstrap tree #189, logLikelihood: -2785.531892
[00:00:03] [worker #21] Bootstrap tree #182, logLikelihood: -2751.768328
[00:00:03] [worker #12] Bootstrap tree #173, logLikelihood: -2706.526333
[00:00:03] [worker #2] Bootstrap tree #163, logLikelihood: -2707.699496
[00:00:03] [worker #8] Bootstrap tree #169, logLikelihood: [00:00:03] 
[00:00:03] [worker #8] Bootstrap tree #169, logLikelihood: [00:00:03] 
[worker #15] Bootstrap tree #176, logLikelihood: -2724.993360
[00:00:03] [worker #31] Bootstrap tree #192, logLikelihood: -2733.906664
:00:03] [worker #16] Bootstrap tree #177, logLikelihood: -2798.608858
[00:00:03] [worker #22] Bootstrap tree #183, logLikelihood: -2813.538625
[00:00:03] [worker #17] Bootstrap tree #178, logLikelihood: -2784.394256
[00:00:03] [worker #26] Bootstrap tree #187, logLikelihood: -2753.731532
[00:00:03] [worker #10] Bootstrap tree #171, logLikelihood: -2704.113306
[00:00:03] [worker #7] Bootstrap tree #168, logLikelihood: -2825.376505
[00:00:03] [worker #30] Bootstrap tree #191, logLikelihood: -2779.140751
00:00:03] [worker #18] Bootstrap tree #179, logLikelihood: -2734.025008
[00:00:03] [worker #6] Bootstrap tree #167, logLikelihood: -2773.915530
[worker #24] Bootstrap tree #185, logLikelihood: -2704.874862
[00:00:03] [worker #20] Bootstrap tree #181, logLikelihood: -2841.649620
[00:00:03] [worker #20] Bootstrap tree #181, logLikelihood: -2841.649620
[00:00:03] [worker #5] Bootstrap tree #166, logLikelihood: -2725.529961
[00:00:03] [worker #4] Bootstrap tree #165, logLikelihood: -2792.925590
[00:00:03] [worker #27] Bootstrap tree #188, logLikelihood: -2777.641117
[00:00:03] [worker #11] Bootstrap tree #172, logLikelihood: -2776.687686
[00:00:03] [worker #23] Bootstrap tree #184, logLikelihood: -2746.707114
[00:00:03] [worker #3] Bootstrap tree #164, logLikelihood: -2731.582590
[00:00:03] [worker #25] Bootstrap tree #186, logLikelihood: -2658.112654
[00:00:03] [worker #13] Bootstrap tree #174, logLikelihood: -2746.391508
[00:00:03] [worker #29] Bootstrap tree #190, logLikelihood: -2740.143817
[00:00:03] [worker #0] Bootstrap tree #161, logLikelihood: -2715.396689
[00:00:04] [worker #17] Bootstrap tree #210, logLikelihood: -2600.031766
[00:00:04] [worker #5] Bootstrap tree #198, logLikelihood: -2744.478189
-2734.158177[0-2734.158177[00:00:04] [worker #1] Bootstrap tree #194, logLikelihood: -2702.200853
[00:00:04] [worker #23] Bootstrap tree #216, logLikelihood: -2770.548915
[00:00:04] [worker #23] Bootstrap tree #216, logLikelihood: -2770.548915
[00:00:04] [worker #10] Bootstrap tree #203, logLikelihood: -2723.597824
[00:00:04] [worker #21] Bootstrap tree #214, logLikelihood: -2704.405247
[00:00:04] [worker #24] Bootstrap tree #217, logLikelihood: -2674.627094
[00:00:04] [worker #2] Bootstrap tree #195, logLikelihood: -2777.480063
[00:00:04] [worker #25] Bootstrap tree #218, logLikelihood: -2748.359030
[00:00:04] [worker #3] Bootstrap tree #196, logLikelihood: -2631.695388
[00:00:04] [worker #28] Bootstrap tree #221, logLikelihood: -2678.503858
[00:00:04] [worker #13] Bootstrap tree #206, logLikelihood: -2712.285824
[00:00:04] [worker #30] Bootstrap tree #223, logLikelihood: -2817.721769
[00:00:04] [worker #7] Bootstrap tree #200, logLikelihood: -2725.749750
[00:00:04] [worker #31] Bootstrap tree #224, logLikelihood: -2777.183186
[00:00:04] [worker #18] Bootstrap tree #211, logLikelihood: -2652.028389
[00:00:04] [worker #15] Bootstrap tree #208, logLikelihood: -2728.859381
[00:00:04] [worker #16] Bootstrap tree #209, logLikelihood: -2724.837465
[00:00:04] [worker #27] Bootstrap tree #220, logLikelihood: -2744.806621
[00:00:04] [worker #11] Bootstrap tree #204, logLikelihood: -2663.419270
[00:00:04] [worker #12] Bootstrap tree #205, logLikelihood: -2729.400120
00:[00:04] [worker #20] Bootstrap tree #213, logLikelihood: -2790.754033
-2785.871033
[00:00:04] [worker #26] Bootstrap tree #219, logLikelihood: -2776.564156
[00:00:04] [worker #29] Bootstrap tree #222, logLikelihood: -2760.961564
[00:00:04] [worker #14] Bootstrap tree #207, logLikelihood: -2722.931258
[00:00:04] [worker #0] Bootstrap tree #193, logLikelihood: -2767.972617
[00:00:04] [worker #4] Bootstrap tree #197, logLikelihood: -2730.560969
[00:00:04] [worker #19] Bootstrap tree #212, logLikelihood: -2818.970012
[00:00:04] [worker #8] Bootstrap tree #201, logLikelihood: -2761.281083
[00:00:04] [worker #6] Bootstrap tree #199, logLikelihood: -2726.045071
[00:00:04] [worker #17] Bootstrap tree #242, logLikelihood: -2781.370794
[00:00:04] [worker #3] Bootstrap tree #228, logLikelihood: -2747.634756
-2716.288461
[00:00:04] [worker #30] Bootstrap tree #255, logLikelihood: -2735.944751
[00:00:04] [worker #7] Bootstrap tree #232, logLikelihood: -2760.214251
[00:00:04] [worker #22] Bootstrap tree #247, logLikelihood: -2730.297802
[00:00:04] [worker #24] Bootstrap tree #249, logLikelihood: -2738.254171[
-2700.066482
[00:00:04] [worker #2] Bootstrap tree #227, logLikelihood: -2787.483551
[00:00:04] [worker #1] Bootstrap tree #226, logLikelihood: -2728.274016
[00:00:04] [worker #23] Bootstrap tree #248, logLikelihood: -2746.975935
[00:00:04] [worker #13] Bootstrap tree #238, logLikelihood: -2708.409974
[00:00:04] [worker #26] Bootstrap tree #251, logLikelihood: -2715.438237
[00:00:04] [worker #28] Bootstrap tree #253, logLikelihood: -2650.904969
[00:00:04] [worker #21] Bootstrap tree #246, logLikelihood: -2781.594440
[00:00:04] [worker #31] Bootstrap tree #256, logLikelihood: -2765.835459
[00:00:04] [worker #29] Bootstrap tree #254, logLikelihood: -2816.019310
[00:00:04] [worker #5] Bootstrap tree #230, logLikelihood: -2766.946583
[00:00:04] [worker #27] Bootstrap tree #252, logLikelihood: -2727.968392
[00:00:04] [worker #15] Bootstrap tree #240, logLikelihood: -2739.287985
[00:00:04] [worker #16] Bootstrap tree #241, logLikelihood: -2734.465095
[00:00:04] [worker #12] Bootstrap tree #237, logLikelihood: -2772.433456
[00:00:04] [worker #20] Bootstrap tree #245, logLikelihood: -2779.769971
[00:00:04] [worker #18] Bootstrap tree #243, logLikelihood: -2766.150064
[00:00:04] [worker #11] Bootstrap tree #236, logLikelihood: -2839.933324
00:00:04] [worker #9] Bootstrap tree #234, logLikelihood: -2782.088277
[00:00:04] [worker #19] Bootstrap tree #244, logLikelihood: -2773.082955
[00:00:04] [worker #14] Bootstrap tree #239, logLikelihood: -2720.389669
[00:00:04] [worker #4] Bootstrap tree #229, logLikelihood: -2760.178170
[00:00:04] [worker #6] Bootstrap tree #231, logLikelihood: -2688.082646
[00:00:04] [worker #8] Bootstrap tree #233, logLikelihood: -2722.320095
[00:00:05] [worker #0] Bootstrap tree #225, logLikelihood: -2723.138930
[00:00:05] [worker #1] Bootstrap tree #258, logLikelihood: -2745.401825
[00:00:05] [worker #16] Bootstrap tree #273, logLikelihood: -2749.064049
[00:00:05] [worker #12] Bootstrap tree #269, logLikelihood: -2702.550005
[00:00:05] [worker #21] Bootstrap tree #278, logLikelihood: -2715.319544
[00:00:05] [worker #29] Bootstrap tree #286, logLikelihood: -2770.093749
-2707.518745
[00:00:05] [worker #30] Bootstrap tree #287, logLikelihood: -2673.527663
[00:00:05] [worker #28] Bootstrap tree #285, logLikelihood: -2717.445159
[00:00:05] [worker #6] Bootstrap tree #263, logLikelihood: -2835.557020
[00:00:05] [worker #31] Bootstrap tree #288, logLikelihood: -2758.271347
[00:00:05] [worker #17] Bootstrap tree #274, logLikelihood: -2841.402824
[00:00:05] [worker #14] Bootstrap tree #271, logLikelihood: -2735.694135
[00:00:05] [worker #20] Bootstrap tree #277, logLikelihood: -2779.091192
[00:00:05] [worker #2] Bootstrap tree #259, logLikelihood: [00:00:05] [worker #9] Bootstrap tree #266-2740.931220, logLikelihood: 
[00:00:05] [worker #2] Bootstrap tree #259, logLikelihood: [00:00:05] [worker #9] Bootstrap tree #266-2740.931220, logLikelihood: 
-2733.248084
[00:00:05] [worker #8] Bootstrap tree #265, logLikelihood: -2829.476129
[00:00:05] [worker #19] Bootstrap tree #276, logLikelihood: -2770.321654
[00:00:05] [worker #7] Bootstrap tree #264, logLikelihood: -2681.664068
[00:00:05] [worker #25] Bootstrap tree #282, logLikelihood: -2783.347759
[00:00:05] [worker #4] Bootstrap tree #261, logLikelihood: -2735.761770
[00:00:05] [worker #13] Bootstrap tree #270, logLikelihood: -2740.119612
[00:00:05] [worker #23] Bootstrap tree #280, logLikelihood: -2706.087581
[00:00:05] [worker #26] Bootstrap tree #283, logLikelihood: -2772.331972
[00:00:05] [worker #10] Bootstrap tree #267, logLikelihood: -2722.654207
[00:00:05] [worker #22] Bootstrap tree #279, logLikelihood: -2723.534343
[00:00:05] [worker #5] Bootstrap tree #262, logLikelihood: -2738.629691
[00:00:05] [worker #11] Bootstrap tree #268, logLikelihood: -2797.984507
[00:00:05] [worker #15] Bootstrap tree #272, logLikelihood: -2755.713207
[00:00:06] [worker #3] Bootstrap tree #260, logLikelihood: -2804.484696
[00:00:06] [worker #1] Bootstrap tree #290, logLikelihood: -2787.524321
[00:00:06] [worker #16] Bootstrap tree #305, logLikelihood: -2728.168876
[00:00:06] [worker #12] Bootstrap tree #301, logLikelihood: -2734.630742
[00:00:06] [worker #0] Bootstrap tree #257, logLikelihood: -2697.949993
[00:00:06] [worker #29] Bootstrap tree #318, logLikelihood: -2681.654877
[00:00:06] [worker #24] Bootstrap tree #281, logLikelihood: -2713.789930
[00:00:06] [worker #18] Bootstrap tree #275, logLikelihood: -2854.232046
[00:00:06] [worker #20] Bootstrap tree #309, logLikelihood: -2797.559520
[00:00:06] [worker #14] Bootstrap tree #303, logLikelihood: -2702.285872
[00:00:06] [worker #21] Bootstrap tree #310, logLikelihood: -2770.658576
[00:00:06] [worker #27] Bootstrap tree #316, logLikelihood: -2732.574804
[00:00:06] [worker #5] Bootstrap tree #294, logLikelihood: -2776.569334
[00:00:06] [worker #13] Bootstrap tree #302, logLikelihood: -2754.890048
[00:00:06] [worker #8] Bootstrap tree #297, logLikelihood: -2746.103200
[00:00:06] [worker #7] Bootstrap tree #296, logLikelihood: -2790.506257
[00:00:06] [worker #19] Bootstrap tree #308, logLikelihood: -2677.714283
[00:00:06] [worker #26] Bootstrap tree #315, logLikelihood: -2707.759040
[00:00:06] [worker #30] Bootstrap tree #319, logLikelihood: -2830.992845
[[00:00:06] [worker #10] Bootstrap tree #299, logLikelihood: -2800.303163
00:00:06] [worker #2] Bootstrap tree #291, logLikelihood: -2666.515381
[00:00:06] [worker #28] Bootstrap tree #317, logLikelihood: -2757.712284
[00:00:06] [worker #9] Bootstrap tree #298, logLikelihood: -2714.200854
[00:00:06] [worker #17] Bootstrap tree #306, logLikelihood: -2785.091619
[00:00:06] [worker #18] Bootstrap tree #307, logLikelihood: -2743.267509
[00:00:06] [worker #3] Bootstrap tree #292, logLikelihood: -2697.222158
[00:00:06] [worker #23] Bootstrap tree #312, logLikelihood: -2703.961769
[00:00:06] [worker #25] Bootstrap tree #314, logLikelihood: -2745.193688
[00:00:06] [worker #4] Bootstrap tree #293, logLikelihood: -2786.719794
[00:00:06] [worker #15] Bootstrap tree #304, logLikelihood: -2710.174563
[00:00:06] [worker #6] Bootstrap tree #295, logLikelihood: -2737.769228
[00:00:06] [worker #22] Bootstrap tree #311, logLikelihood: -2803.191137
[00:00:06] [worker #31] Bootstrap tree #320, logLikelihood: -2728.169226
[00:00:06] [worker #24] Bootstrap tree #313, logLikelihood: -2847.595128
[00:00:06] [worker #11] Bootstrap tree #300, logLikelihood: -2799.797362
[00:00:06] [worker #0] Bootstrap tree #289, logLikelihood: -2794.719178
[00:00:07] [worker #20] Bootstrap tree #341, logLikelihood: -2801.876700
[00:00:07] [worker #29] Bootstrap tree #350, logLikelihood: -2732.729946
[00:00:07] [worker #19] Bootstrap tree #340, logLikelihood: -2687.939825
[00:00:07] [worker #30] Bootstrap tree #351, logLikelihood: [-2737.9083270:00:07] [00:00:07] [worker #30] Bootstrap tree #351, logLikelihood: [-2737.9083270:00:07] [worker #22] Bootstrap tree #343, logLikelihood: -2719.107453
[00:00:07] [worker #27] Bootstrap tree #348, logLikelihood: -2729.203154
[00:00:07] [worker #7] Bootstrap tree #328, logLikelihood: -2777.326383
[00:00:07] [worker #23] Bootstrap tree #344, logLikelihood: -2817.615096
[00:00:07] [worker #0] Bootstrap tree #321, logLikelihood: -2693.353673
[00:00:07] [worker #9] Bootstrap tree #330, logLikelihood: -2839.855903
[00:00:07] [worker #31] Bootstrap tree #352, logLikelihood: -2684.139046
[00:00:07] [worker #8] Bootstrap tree #329, logLikelihood: -2709.629563
[00:00:07] [worker #5] Bootstrap tree #326, logLikelihood: -2719.452833
[00:00:07] [worker #21] Bootstrap tree #342, logLikelihood: -2744.204969
[00:00:07] [worker #3] Bootstrap tree #324, logLikelihood: -2781.319843
[00:00:07] [worker #4] Bootstrap tree #325, logLikelihood: -2789.316454
[00:00:07] [worker #4] Bootstrap tree #325, logLikelihood: -2789.316454
[00:00:07] [worker #16] Bootstrap tree #337, logLikelihood: -2801.713912
[00:00:07] [worker #13] Bootstrap tree #334, logLikelihood: -2703.086583
[00:00:07] [worker #15] Bootstrap tree #336, logLikelihood: -2777.546758
[00:00:07] [worker #18] Bootstrap tree #339, logLikelihood: -2716.810903
[00:00:07] [worker #6] Bootstrap tree #327, logLikelihood: -2803.159292
[00:00:07] [worker #2] Bootstrap tree #323, logLikelihood: -2793.460647
[00:00:07] [worker #25] Bootstrap tree #346, logLikelihood: -2726.720759
[00:00:07] [worker #1] Bootstrap tree #322, logLikelihood: -2787.882517
[00:00:07] [worker #14] Bootstrap tree #335, logLikelihood: -2747.574076
[00:00:07] [worker #10] Bootstrap tree #331, logLikelihood: -2737.561780
[00:00:07] [worker #17] Bootstrap tree #338, logLikelihood: -2741.905795
[00:00:07] [worker #28] Bootstrap tree #349, logLikelihood: -2654.957998
[00:00:07] [worker #12] Bootstrap tree #333, logLikelihood: -2748.430973
[00:00:07] [worker #26] Bootstrap tree #347, logLikelihood: -2770.032020
[00:00:07] [worker #11] Bootstrap tree #332, logLikelihood: -2724.285811
[00:00:07] [worker #24] Bootstrap tree #345, logLikelihood: -2750.667453
[00:00:07] [worker #20] Bootstrap tree #373, logLikelihood: -2776.136937
[00:00:07] [worker #29] Bootstrap tree #382, logLikelihood: -2678.057142
[00:00:07] [worker #27] Bootstrap tree #380, logLikelihood: -2717.339460
[00:00:07] [worker #30] Bootstrap tree #383, logLikelihood: -2747.969216
[00:00:07] [worker #21] Bootstrap tree #374, logLikelihood: -2754.394333
[00:00:07] [worker #7] Bootstrap tree #360, logLikelihood: -2788.303855
[00:00:07] [worker #22] Bootstrap tree #375, logLikelihood: -2704.773104
[00:00:07] [worker #19] Bootstrap tree #372, logLikelihood: -2753.835982
[00:00:07] [worker #5] Bootstrap tree #358, logLikelihood: -2703.197040
[00:00:07] [worker #2] Bootstrap tree #355, logLikelihood: -2813.440851
[00:00:07] [worker #13] Bootstrap tree #366, logLikelihood: -2734.440237
[00:00:07] [worker #6] Bootstrap tree #359, logLikelihood: -2657.893227
[00:00:07] [worker #23] Bootstrap tree #376, logLikelihood: -2804.052788
[00:00:07] [worker #8] Bootstrap tree #361, logLikelihood: -2859.848349
[00:00:07] [worker #26] Bootstrap tree #379, logLikelihood: -2691.162141
[00:00:07] [worker #9] Bootstrap tree #362, logLikelihood: [0:00:07] [worker #12] Bootstrap tree #365, logLikelihood: 
[00:00:07] [worker #9] Bootstrap tree #362, logLikelihood: [0:00:07] [worker #12] Bootstrap tree #365, logLikelihood: 
-2692.139922
[00:00:07] [worker #17] Bootstrap tree #370, logLikelihood: -2726.900141
[00:00:07] [worker #25] Bootstrap tree #378, logLikelihood: -2692.288185
[00:00:07] [worker #31] Bootstrap tree #384, logLikelihood: -2766.810041
[00:00:07] [worker #16] Bootstrap tree #369, logLikelihood: -2783.308943
[00:00:07] [worker #4] Bootstrap tree #357, logLikelihood: -2764.484500
[00:00:07] [worker #1] Bootstrap tree #354, logLikelihood: -2746.586492
[00:00:07] [worker #10] Bootstrap tree #363, logLikelihood: -2712.101260
[00:00:07] [worker #11] Bootstrap tree #364, logLikelihood: -2763.339120
[00:00:07] [worker #15] Bootstrap tree #368, logLikelihood: -2735.969231
[00:00:07] [worker #24] Bootstrap tree #377, logLikelihood: -2863.691098
[00:00:07] [worker #28] Bootstrap tree #381, logLikelihood: -2804.270212
[00:00:07] [worker #14] Bootstrap tree #367, logLikelihood: -2729.605024
[00:00:07] [worker #0] Bootstrap tree #353, logLikelihood: -2755.840024
[00:00:07] [worker #3] Bootstrap tree #356, logLikelihood: -2773.485129
[00:00:07] [worker #18] Bootstrap tree #371, logLikelihood: -2815.249960
[00:00:08] [worker #8] Bootstrap tree #393, logLikelihood: -2713.916572
[00:00:08] [worker #29] Bootstrap tree #414, logLikelihood: -2705.466822
[00:00:08] [worker #12] Bootstrap tree #397, logLikelihood: -2760.196279
[00:00:08] [worker #2] Bootstrap tree #387, logLikelihood: -2726.010909
[00:00:08] [worker #13] Bootstrap tree #398, logLikelihood: -2770.274966
[00:00:08] [worker #5] Bootstrap tree #390, logLikelihood: -2654.740147
[00:00:08] [worker #14] Bootstrap tree #399, logLikelihood: -2775.331284
[00:00:08] [worker #31] Bootstrap tree #416, logLikelihood: -2703.469024
[00:00:08] [worker #16] Bootstrap tree #401, logLikelihood: -2756.036689
[00:00:08] [worker #4] Bootstrap tree #389, logLikelihood: -2725.172645
[00:00:08] [worker #27] Bootstrap tree #412, logLikelihood: -2657.740742
[00:00:08] [worker #9] Bootstrap tree #394, logLikelihood: -2741.076793
[00:00:08] [worker #1] Bootstrap tree #386, logLikelihood: -2721.818639[00

[00:00:08] [worker #22] Bootstrap tree #407, logLikelihood: -2801.646828
[00:00:08] [worker #23] Bootstrap tree #408, logLikelihood: -2819.563989
[00:00:08] [worker #18] Bootstrap tree #403, logLikelihood: -2764.309439
[00:00:08] [worker #11] Bootstrap tree #396, logLikelihood: -2838.229272
[00:00:08] [worker #10] Bootstrap tree #395, logLikelihood: -2756.875970
[00:00:08] [worker #28] Bootstrap tree #413, logLikelihood: -2708.842097
[00:00:08] [worker #25] Bootstrap tree #410, logLikelihood: -2778.298714
[00:00:08] [worker #20] Bootstrap tree #405, logLikelihood: -2730.237750
[00:00:08] [worker #0] Bootstrap tree #385, logLikelihood: -2691.151952
[00:00:08] [worker #6] Bootstrap tree #391, logLikelihood: -2749.424472
[00:00:08] [worker #7] Bootstrap tree #392, logLikelihood: -2768.090386
[00:00:08] [worker #26] Bootstrap tree #411, logLikelihood: -2792.528786
[00:00:08] [worker #15] Bootstrap tree #400, logLikelihood: -2810.669433
[00:00:08] [worker #17] Bootstrap tree #402, logLikelihood: -2724.037090
[00:00:08] [worker #3] Bootstrap tree #388, logLikelihood: -2799.335890
[00:00:08] [worker #21] Bootstrap tree #406, logLikelihood: -2684.733627
[00:00:08] [worker #24] Bootstrap tree #409, logLikelihood: -2757.245412
[00:00:08] [worker #19] Bootstrap tree #404, logLikelihood: -2807.441519
[00:00:08] [worker #2] Bootstrap tree #419, logLikelihood: -2790.163570
[00:00:08] [worker #12] Bootstrap tree #429, logLikelihood: -2794.209149
[00:00:08] [worker #31] Bootstrap tree #448, logLikelihood: -2689.198197
[00:00:08] [worker #29] Bootstrap tree #446, logLikelihood: -2693.449123
[00:00:08] [worker #8] Bootstrap tree #425, logLikelihood: -2700.388958
[00:00:08] [worker #20] Bootstrap tree #437, logLikelihood: -2786.879534
[00:00:08] [worker #18] Bootstrap tree #435, logLikelihood: -2689.385449
[00:00:08] [worker #10] Bootstrap tree #427, logLikelihood: -2837.775389
[00:00:08] [worker #9] Bootstrap tree #426, logLikelihood: -2743.900456
[00:00:08] [worker #23] Bootstrap tree #440, logLikelihood: -2711.092477
[00:00:08] [worker #27] Bootstrap tree #444, logLikelihood: -2736.174826
[00:00:08] [worker #30] Bootstrap tree #447, logLikelihood: -2764.410506
[00:00:08] [worker #13] Bootstrap tree #430, logLikelihood: -2781.682215
[00:00:08] [worker #28] Bootstrap tree #445, logLikelihood: -2673.126112
[00:00:08] [worker #1] Bootstrap tree #418, logLikelihood: -2796.862675
[00:00:08] [worker #14] Bootstrap tree #431, logLikelihood: -2707.502636
-2755.624177
[00:00:08] [worker #11] Bootstrap tree #428, logLikelihood: -2727.393189
[00:00:09] [worker #7] Bootstrap tree #424, logLikelihood: -2727.028340
[00:00:09] [worker #5] Bootstrap tree #422, logLikelihood: -2785.744407
[00:00:09] [worker #22] Bootstrap tree #439, logLikelihood: -2788.845778
[00:00:09] [worker #6] Bootstrap tree #423, logLikelihood: -2750.241396
[00:00:09] [worker #4] Bootstrap tree #421, logLikelihood: -2763.187016
[00:00:09] [worker #21] Bootstrap tree #438, logLikelihood: -2652.125708
[00:00:09] [worker #17] Bootstrap tree #434, logLikelihood: -2686.797018
[00:00:09] [worker #19] Bootstrap tree #436, logLikelihood: -2749.471969
[00:00:09] [worker #15] Bootstrap tree #432, logLikelihood: -2772.133497
[00:00:09] [worker #16] Bootstrap tree #433, logLikelihood: -2700.797778
[00:00:09] [worker #3] Bootstrap tree #420, logLikelihood: -2728.132324
[00:00:09] [worker #25] Bootstrap tree #442, logLikelihood: -2726.680585
[00:00:09] [worker #24] Bootstrap tree #441, logLikelihood: -2739.301325
[00:00:09] [worker #0] Bootstrap tree #417, logLikelihood: -2788.828927
[00:00:10] [worker #2] Bootstrap tree #451, logLikelihood: -2726.039372
[00:00:10] [worker #26] Bootstrap tree #475, logLikelihood: -2742.199419
[00:00:10] [worker #9] Bootstrap tree #458, logLikelihood: -2709.928756
[00:00:10] [worker #20] Bootstrap tree #469, logLikelihood: -2737.974645
[00:00:10] [worker #16] Bootstrap tree #465, logLikelihood: -2814.152416
[00:00:10] [worker #14] Bootstrap tree #463, logLikelihood: -2784.239033
[00:00:10] [worker #12] Bootstrap tree #461, logLikelihood: -2729.238318
[00:00:10] [worker #18] Bootstrap tree #467, logLikelihood: -2701.327783
[00:00:10] [worker #7] Bootstrap tree #456, logLikelihood: -2764.091436
[00:00:10] [worker #11] Bootstrap tree #460, logLikelihood: -2747.539269
[00:00:10] [worker #31] Bootstrap tree #480, logLikelihood: -2806.961284
[00:00:10] [worker #23] Bootstrap tree #472, logLikelihood: -2758.076646
[00:00:10] [worker #25] Bootstrap tree #474, logLikelihood: -2804.818997
[00:00:10] [worker #1] Bootstrap tree #450, logLikelihood: -2772.605261
[00:00:10] [worker #13] Bootstrap tree #462, logLikelihood: -2672.875500
[00:00:10] [worker #22] Bootstrap tree #471, logLikelihood: -2739.524541
[00:00:10] [worker #21] Bootstrap tree #470, logLikelihood: -2779.179667
[00:00:10] [worker #17] Bootstrap tree #466, logLikelihood: -2758.134612
[00:00:10] [worker #6] Bootstrap tree #455, logLikelihood: -2709.175461
[00:00:10] [worker #15] Bootstrap tree #464, logLikelihood: -2763.740332
[00:00:10] [worker #8] Bootstrap tree #457, logLikelihood: -2839.147916
[00:00:10] [worker #29] Bootstrap tree #478, logLikelihood: -2749.146161
[00:00:10] [worker #0] Bootstrap tree #449, logLikelihood: -2736.388639
[00:00:10] [worker #10] Bootstrap tree #459, logLikelihood: -2753.045313
[00:00:10] [worker #27] Bootstrap tree #476, logLikelihood: -2740.558655
[00:00:10] [worker #24] Bootstrap tree #473, logLikelihood: -2778.187899
[00:00:10] [worker #5] Bootstrap tree #454, logLikelihood: -2798.057724
[00:00:10] [worker #28] Bootstrap tree #477, logLikelihood: -2748.103338
[00:00:10] [worker #4] Bootstrap tree #453, logLikelihood: -2782.506351
[00:00:10] [worker #2] Bootstrap tree #483, logLikelihood: -2660.563529
[00:00:10] [worker #3] Bootstrap tree #452, logLikelihood: -2657.301984
[00:00:10] [worker #30] Bootstrap tree #479, logLikelihood: -2718.926695
[00:00:10] [worker #19] Bootstrap tree #468, logLikelihood: -2767.127656
[00:00:10] [worker #9] Bootstrap tree #490, logLikelihood: -2768.120774
[00:00:10] [worker #20] Bootstrap tree #501, logLikelihood: -2723.563220
[00:00:10] [worker #12] Bootstrap tree #493, logLikelihood: -2753.890835
[00:00:10] [worker #21] Bootstrap tree #502, logLikelihood: -2770.112843
[00:00:10] [worker #16] Bootstrap tree #497, logLikelihood: -2737.967785
00[[[[00:00:10] [worker #22] Bootstrap tree #503, logLikelihood: :00:10] [worker #14] Bootstrap tree #
-2789.047921

::00:10:] 10[worker #23] ] Bootstrap tree #504, logLikelihood: Bootstrap tree #488, logLikelihood: -2681.259205-2763.469093
::00:10:] 10[worker #23] ] Bootstrap tree #504, logLikelihood: Bootstrap tree #488, logLikelihood: -2681.259205-2763.469093

[00:00:10] [worker #31] Bootstrap tree #512, logLikelihood: -2788.781543
[00:00:10] [worker #29] Bootstrap tree #510, logLikelihood: -2696.083842
[00:00:10] [work498, logLikelihood: -2768.036276
[00:00:10] [worker #1] Bootstrap tree #482, logLikelihood: -2799.038636
[00:00:10] [worker #26] Bootstrap tree #507, logLikelihood: -2755.079213
[00:00:10] [worker #15] Bootstrap tree #496, logLikelihood: -2810.821426
:[00:00:10] [worker #6] Bootstrap tree #487, logLikelihood: -2727.388487
00:10] [worker #10] Bootstrap tree #491, logLikelihood: -2814.776101
[00:00:10] [worker #25] Bootstrap tree #506, logLikelihood: -2739.796947
[00:00:10] [worker #18] Bootstrap tree #499, logLikelihood: -2741.915426
[00:00:10] [worker #24] Bootstrap tree #505, logLikelihood: -2704.003088
[00:00:10] [worker #11] Bootstrap tree #492, logLikelihood: -2762.719262
[00:00:10] [worker #4] Bootstrap tree #485, logLikelihood: -2748.881764
[00:00:10] [worker #13] Bootstrap tree #494, logLikelihood: -2772.958186
[00:00:10] [worker #27] Bootstrap tree #508, logLikelihood: -2698.491264
[00:00:10] [worker #19] Bootstrap tree #500, logLikelihood: -2773.326393
[00:00:10] [worker #3] Bootstrap tree #484, logLikelihood: -2701.391789
[00:00:10] [worker #30] Bootstrap tree #511, logLikelihood: -2786.828056
[00:00:10] [worker #5] Bootstrap tree #486, logLikelihood: -2772.352756
[00:00:10] [worker #28] Bootstrap tree #509, logLikelihood: -2750.485472
[00:00:10] [worker #0] Bootstrap tree #481, logLikelihood: -2774.028107
[00:00:12] [worker #17] Bootstrap tree #530, logLikelihood: -2699.954281
[00:00:12] [worker #26] Bootstrap tree #539, logLikelihood: -2733.015554
[00:00:12] [worker #20] Bootstrap tree #533, logLikelihood: -2734.648500
[00:00:12] [worker #11] Bootstrap tree #524, logLikelihood: -2739.636848
[00:00:12] [worker #25] Bootstrap tree #538, logLikelihood: -2799.555580
[00:00:12] [worker #31] Bootstrap tree #544, logLikelihood: -2761.484856
[00:00:12] [worker #19] Bootstrap tree #532, logLikelihood: -2701.358466
[00:00:12] [worker #21] Bootstrap tree #534, logLikelihood: -2718.928710
[00:00:12] [worker #22] Bootstrap tree #535, logLikelihood: -2735.450389
[00:00:12] [worker #9] Bootstrap tree #522, logLikelihood: -2707.604914
[00:00:12] [worker #18] Bootstrap tree #531, logLikelihood: -2738.802245
[00:00:12] [worker #14] Bootstrap tree #527, logLikelihood: -2789.340685
[00:00:12] [worker #16] Bootstrap tree #529, logLikelihood: -2660.942698
[00:00:12] [worker #27] Bootstrap tree #540, logLikelihood: -2740.012613
[00:00:12] [worker #28] Bootstrap tree #541, logLikelihood: -2699.750116
[[00:00:1200:00:12] [worker #29] Bootstrap tree #542, logLikelihood: ] [worker #13] Bootstrap tree #526, logLikelihood: -2758.200701
[[00:00:1200:00:12] [worker #29] Bootstrap tree #542, logLikelihood: ] [worker #13] Bootstrap tree #526, logLikelihood: -2758.200701
-2698.508243
[00:00:12] [worker #2] Bootstrap tree #515, logLikelihood: -2725.348085
[00:00:12] [worker #4] Bootstrap tree #517, logLikelihood: -2728.966586
[00:00:12] [worker #24] Bootstrap tree #537, logLikelihood: -2729.577824
[00:00:12] [worker #30] Bootstrap tree #543, logLikelihood: -2743.958896
[00:00:12] [worker #5] Bootstrap tree #518, logLikelihood: -2720.228163
[00:00:12] [worker #12] Bootstrap tree #525, logLikelihood: -2729.562830
[00:00:12] [worker #12] Bootstrap tree #525, logLikelihood: -2729.562830
[00:00:12] [worker #6] Bootstrap tree #519, logLikelihood: -2770.828838
[00:00:12] [worker #1] Bootstrap tree #514, logLikelihood: -2775.674109
[00:00:12] [worker #23] Bootstrap tree #536, logLikelihood: -2701.223577
[00:00:12] [worker #7] Bootstrap tree #520, logLikelihood: -2767.131429
[00:00:12] [worker #10] Bootstrap tree #523, logLikelihood: -2751.296651
[00:00:12] [worker #3] Bootstrap tree #516, logLikelihood: -2848.918574
[00:00:12] [worker #15] Bootstrap tree #528, logLikelihood: -2693.181424
[00:00:12] [worker #8] Bootstrap tree #521, logLikelihood: -2728.134096
[00:00:12] [worker #0] Bootstrap tree #513, logLikelihood: -2725.017315
[00:00:12] [worker #11] Bootstrap tree #556, logLikelihood: -2634.086046
[00:00:12] [worker #26] Bootstrap tree #571, logLikelihood: -2770.467048
[00:00:12] [worker #25] Bootstrap tree #570, logLikelihood: -2738.823572
[00:00:12] [worker #27] Bootstrap tree #572, logLikelihood: -2727.067995
[00:00:12] [worker #17] Bootstrap tree #562, logLikelihood: -2744.028838
[00:00:12] [worker #31] Bootstrap tree #576, logLikelihood: -2736.425252
[00:00:12] [worker #20] Bootstrap tree #565, logLikelihood: -2765.435943
[00:00:12] [worker #22] Bootstrap tree #567, logLikelihood: -2719.709661
[00:00:12] [worker #28] Bootstrap tree #573, logLikelihood: -2689.294929
[00:00:12] [worker #18] Bootstrap tree #563, logLikelihood: -2743.757727
[00:00:12] [worker #9] Bootstrap tree #554, logLikelihood: -2800.336391
[00:00:12] [worker #21] Bootstrap tree #566, logLikelihood: -2818.893049
[00:00:12] [worker #24] Bootstrap tree #569, logLikelihood: -2839.854106
[00:00:12] [worker #30] Bootstrap tree #575, logLikelihood: -2760.072039
[00:00:12] [worker #23] Bootstrap tree #568, logLikelihood: -2690.722702
[[00:00:12] [worker #14] Bootstrap tree #559, logLikelihood: -2775.346762
00:00:12] [worker #4] Bootstrap tree #549, logLikelihood: -2736.997512
[00:00:12] [worker #13] Bootstrap tree #558, logLikelihood: -2845.956772
00:00:12] [worker #12] Bootstrap tree #557, logLikelihood: -2720.562171
[00:00:12] [worker #10] Bootstrap tree #555, logLikelihood: -2794.053038
[00:00:12] [worker #19] Bootstrap tree #564, logLikelihood: -2824.707956
[00:00:12] [worker #6] Bootstrap tree #551, logLikelihood: -2721.736887
[00:00:12] [worker #2] Bootstrap tree #547, logLikelihood: -2710.458826
[00:00:12] [worker #3] Bootstrap tree #548, logLikelihood: -2812.707680
[00:00:12] [worker #5] Bootstrap tree #550, logLikelihood: -2769.898166
[[00:00:12] [worker #7] Bootstrap tree #552, logLikelihood: -2759.823384
00:00:12] [worker #1] Bootstrap tree #546, logLikelihood: -2788.305374
[00:00:12] [worker #8] Bootstrap tree #553, logLikelihood: -2693.246062
[00:00:12] [worker #29] Bootstrap tree #574, logLikelihood: -2743.597739
[00:00:12] [worker #16] Bootstrap tree #561, logLikelihood: -2763.201617
[00:00:12] [worker #15] Bootstrap tree #560, logLikelihood: -2755.884438
[00:00:12] [worker #0] Bootstrap tree #545, logLikelihood: -2767.301997
[00:00:13] [worker #16] Bootstrap tree #593, logLikelihood: -2697.496767
[00:00:13] [worker #12] Bootstrap tree #589, logLikelihood: -2745.547966
[00:00:13] [worker #3] Bootstrap tree #580, logLikelihood: -2661.535480
[00:00:13] [worker #23] Bootstrap tree #600, logLikelihood: -2727.239106
[00:00:13] [worker #10] Bootstrap tree #587, logLikelihood: -2755.381919
[00:00:13] [worker #28] Bootstrap tree #605, logLikelihood: -2726.729051
[00:00:14] [worker #9] Bootstrap tree #586, logLikelihood: -2683.906146
[00:00:14] [worker #20] Bootstrap tree #597, logLikelihood: -2702.399845
[00:00:14] [worker #25] Bootstrap tree #602, logLikelihood: -2745.977960
[00:00:14] [worker #8] Bootstrap tree #585, logLikelihood: -2656.948864
[00:00:14] [worker #5] Bootstrap tree #582, logLikelihood: -2731.920683
[00:00:14] [worker #14] Bootstrap tree #591, logLikelihood: -2737.344276
[00:00:14] [worker #31] Bootstrap tree #608, logLikelihood: -2707.851578
[00:00:14] [worker #21] Bootstrap tree #598, logLikelihood: -2774.362447
[00:00:14] [worker #11] Bootstrap tree #588, logLikelihood: [00:00:14] [worker #7] Bootstrap tree #-2691.271916584, logLikelihood: 
[00:00:14] [worker #11] Bootstrap tree #588, logLikelihood: [00:00:14] [worker #7] Bootstrap tree #-2691.271916584, logLikelihood: 
-2789.700874
[00:00:14] [worker #15] Bootstrap tree #592, logLikelihood: -2691.941030
[00:00:14] [worker #17] Bootstrap tree #594, logLikelihood: -2746.765570
[00:00:14] [worker #27] Bootstrap tree #604, logLikelihood: -2723.990493
[00:00:14] [worker #24] Bootstrap tree #601, logLikelihood: -2734.667350
[00:00:14] [worker #19] Bootstrap tree #596, logLikelihood: -2775.440011
[00:00:14] [worker #29] Bootstrap tree #606, logLikelihood: -2799.726132
[00:00:14] [worker #26] Bootstrap tree #603, logLikelihood: -2762.562897
[00:00:14] [worker #18] Bootstrap tree #595, logLikelihood: -2740.871105
[00:00:14] [worker #22] Bootstrap tree #599, logLikelihood: -2745.797823
[00:00:14] [worker #12] Bootstrap tree #621, logLikelihood: -2781.152171
[00:00:14] [worker #0] Bootstrap tree #577, logLikelihood: -2790.048939
[00:00:14] [worker #30] Bootstrap tree #607, logLikelihood: -2736.410379
[00:00:14] [worker #6] Bootstrap tree #583, logLikelihood: -2861.905899
[00:00:14] [worker #2] Bootstrap tree #579, logLikelihood: -2724.909721
[00:00:14] [worker #4] Bootstrap tree #581, logLikelihood: -2718.062304
[00:00:14] [worker #13] Bootstrap tree #590, logLikelihood: -2701.185405
[00:00:14] [worker #1] Bootstrap tree #578, logLikelihood: -2771.493143
[00:00:14] [worker #9] Bootstrap tree #618, logLikelihood: -2784.328825
[00:00:14] [worker #28] Bootstrap tree #637, logLikelihood: -2697.904314
[00:00:14] [worker #16] Bootstrap tree #625, logLikelihood: -2844.777543
[00:00:14] [worker #15] Bootstrap tree #624, logLikelihood: -2740.999314
[00:00:14] [worker #10] Bootstrap tree #619, logLikelihood: -2747.547864
[00:00:14] [worker #21] Bootstrap tree #630, logLikelihood: -2700.197105
[00:00:14] [worker #23] Bootstrap tree #632, logLikelihood: -2736.820951
[00:00:14] [worker #20] Bootstrap tree #629, logLikelihood: -2750.290269
00-2754.467310:00:14] [worker #8] Bootstrap tree #617, logLikelihood: -2747.727318
00-2754.467310:00:14] [worker #8] Bootstrap tree #617, logLikelihood: -2747.727318

[00:00:14] [worker #7] Bootstrap tree #616, logLikelihood: [
-2777.025462
[00:00:14] [worker #29] Bootstrap tree #638, logLikelihood: -2771.259371
[00:00:14] [worker #3] Bootstrap tree #612, logLikelihood: -2718.642489
[00:00:14] [worker #27] Bootstrap tree #636, logLikelihood: -2735.645066
[00:000[14] 0[worker #24] :Bootstrap tree #00633:, logLikelihood: 14] [worker #11] Bootstrap tree #620, logLikelihood: -2804.423414
[00:000[14] 0[worker #24] :Bootstrap tree #00633:, logLikelihood: 14] [worker #11] Bootstrap tree #620, logLikelihood: -2804.423414
-2687.991054
[00:00:14] [worker #25] Bootstrap tree #634, logLikelihood: -2737.677312
[00:00:14] [worker #17] Bootstrap tree #626, logLikelihood: -2742.030837
[00:00:14] [worker #14] Bootstrap tree #623, logLikelihood: -2767.681850
[00:00:14] [worker #31] Bootstrap tree #640, logLikelihood: -2754.876339
[00:00:14] [worker #1] Bootstrap tree #610, logLikelihood: -2681.640606
[00:00:14] [worker #26] Bootstrap tree #635, logLikelihood: -2701.789378
[00:00:14] [worker #18] Bootstrap tree #627, logLikelihood: -2713.479265
[[00:00:14] [worker #4] Bootstrap tree #613, logLikelihood: -2772.550936:00:14

[00:00:14] [worker #6] Bootstrap tree #615, logLikelihood: -2822.711786
[00:00:14] [worker #30] Bootstrap tree #639, logLikelihood: -2726.505435
[00:00:14] [worker #2] Bootstrap tree #611, logLikelihood: -2827.781977
[00:00:14] [worker #22] Bootstrap tree #631, logLikelihood: -2802.618439
[00:00:14] [worker #0] Bootstrap tree #609, logLikelihood: -2710.363016
[00:00:16] [worker #17] Bootstrap tree #658, logLikelihood: -2648.022832
[00:00:16] [worker #1] Bootstrap tree #642, logLikelihood: -2697.521514
[00:00:16] [worker #10] Bootstrap tree #651, logLikelihood: [00:00:16] [worker #19] Bootstrap tree #660, logLikelihood: 
[00:00:16] [worker #10] Bootstrap tree #651, logLikelihood: [00:00:16] [worker #19] Bootstrap tree #660, logLikelihood: 
-2688.543797
[00:00:16] [worker #16] Bootstrap tree #657, logLikelihood: -2712.078960
[00:00:16] [worker #24] Bootstrap tree #665, logLikelihood: -2764.083304
[00:00:16] [worker #26] Bootstrap tree #667, logLikelihood: -2838.578650
[00:00:16] [worker #27] Bootstrap tree #668, logLikelihood: -2759.939892
[00:00:16] [worker #6] Bootstrap tree #647, logLikelihood: -2674.379712
[00:00:16] [worker #20] Bootstrap tree #661, logLikelihood: -2701.067482
[00:00:16] [worker #14] Bootstrap tree #655, logLikelihood: -2798.578029
[00:00:16] [worker #15] Bootstrap tree #656, logLikelihood: -2731.979447
[00:00:16] [worker #31] Bootstrap tree #672, logLikelihood: -2836.958691
[[00:00:16] [worker #7] Bootstrap tree #648, logLikelihood: -2721.373120
00:00:16] [worker #11] Bootstrap tree #652, logLikelihood: -2803.577742
[00:00:16] [worker #5] Bootstrap tree #646, logLikelihood: -2718.121797
[00:00:16] [worker #4] Bootstrap tree #645, logLikelihood: -2807.330991
[00:00:16] [worker #8] Bootstrap tree #649, logLikelihood: -2787.332133
[00:00:16] [worker #21] Bootstrap tree #662, logLikelihood: -2727.222697
[00:00:16] [worker #13] Bootstrap tree #654, logLikelihood: -2781.334494
[00:00:16] [worker #29] Bootstrap tree #670, logLikelihood: -2757.516239
[00:00:16] [worker #0] Bootstrap tree #641, logLikelihood: -2787.923663
[00:00:16] [worker #18] Bootstrap tree #659, logLikelihood: -2846.019017
[00:00:16] [worker #23] Bootstrap tree #664, logLikelihood: -2719.397407
[00:00:16] [worker #12] Bootstrap tree #653, logLikelihood: -2764.280454
[00:00:16] [worker #25] Bootstrap tree #666, logLikelihood: -2770.972714
[00:00:16] [worker #30] Bootstrap tree #671, logLikelihood: -2714.032526
[00:00:16] [worker #30] Bootstrap tree #671, logLikelihood: -2714.032526
[00:00:16] [worker #2] Bootstrap tree #643, logLikelihood: -2767.751603
[00:00:16] [worker #3] Bootstrap tree #644, logLikelihood: -2810.000406
[00:00:16] [worker #9] Bootstrap tree #650, logLikelihood: -2852.679903
[00:00:16] [worker #22] Bootstrap tree #663, logLikelihood: -2717.038423
[00:00:16] [worker #10] Bootstrap tree #683, logLikelihood: -2674.433629
[00:00:16] [worker #28] Bootstrap tree #669, logLikelihood: -2699.357110
[00:00:16] [worker #19] Bootstrap tree #692, logLikelihood: -2710.437213
[00:00:16] [worker #16] Bootstrap tree #689, logLikelihood: -2793.943256
[00:00:16] [worker #1] Bootstrap tree #674, logLikelihood: -2721.273056
[00:00:16] [worker #17] Bootstrap tree #690, logLikelihood: -2738.142127
[00:00:16] [worker #27] Bootstrap tree #700, logLikelihood: -2728.751520
[00:00:16] [worker #26] Bootstrap tree #699, logLikelihood: -2777.576690
[00:00:16] [worker #13] Bootstrap tree #686, logLikelihood: -2743.500395
[00:00:16] [worker #15] Bootstrap tree #688, logLikelihood: -2753.748978
[00:00:16] [worker #24] Bootstrap tree #697, logLikelihood: -2785.650697
[00:00:16] [worker #6] Bootstrap tree #679, logLikelihood: -2754.428021
[00:00:16] [worker #20] Bootstrap tree #693, logLikelihood: -2733.497302
[00:00:16] [worker #21] Bootstrap tree #694, logLikelihood: -2756.144105
[00:00:16] [worker #7] Bootstrap tree #680, logLikelihood: -2734.286528
[00:00:16] [worker #8] Bootstrap tree #681, logLikelihood: -2764.872326
[00:00:16] [worker #5] Bootstrap tree #678, logLikelihood: -2806.704857
[00:00:16] [worker #14] Bootstrap tree #687, logLikelihood: -2774.594676
[00:00:16] [worker #18] Bootstrap tree #691, logLikelihood: -2823.693924
[00:00:16] [worker #28] Bootstrap tree #701, logLikelihood: -2733.538365
[00:00:16] [worker #11] Bootstrap tree #684, logLikelihood: -2773.943360
[00:00:16] [worker #31] Bootstrap tree #704, logLikelihood: -2705.006867
[00:00:16] [worker #29] Bootstrap tree #702, logLikelihood: -2746.803595
[00:00:16] [worker #4] Bootstrap tree #677, logLikelihood: -2769.059965
[00:00:16] [worker #2] Bootstrap tree #675, logLikelihood: -2755.006095
[00:00:16] [worker #9] Bootstrap tree #682, logLikelihood: -2788.378857
[00:00:16] [worker #25] Bootstrap tree #698, logLikelihood: -2670.136455[

[00:00:16] [worker #3] Bootstrap tree #676, logLikelihood: -2764.938599
[00:00:16] [worker #22] Bootstrap tree #695, logLikelihood: -2718.293819
[00:00:16] [worker #23] Bootstrap tree #696, logLikelihood: -2760.068405
[00:00:16] [worker #12] Bootstrap tree #685, logLikelihood: -2754.634435
[00:00:16] [worker #0] Bootstrap tree #673, logLikelihood: -2810.665995
[00:00:18] [worker #5] Bootstrap tree #710, logLikelihood: -2733.215923
[00:00:18] [worker #11] Bootstrap tree #716, logLikelihood: -2721.342925
[00:00:18] [worker #10] Bootstrap tree #715, logLikelihood: -2757.016944

[00:00:18] [worker #13] Bootstrap tree #718, logLikelihood: -2696.150472
[00:00:18] [worker #22] Bootstrap tree #727, logLikelihood: -2689.861260
[00:00:18] [worker #7] Bootstrap tree #712, logLikelihood: -2639.263700
[00:00:18] [worker #19] Bootstrap tree #724, logLikelihood: -2795.302454
[00:00:18] [worker #29] Bootstrap tree #734, logLikelihood: -2770.699272
[00:00:18] [worker #28] Bootstrap tree #733, logLikelihood: -2672.871498
[00:00:18] [worker #18] Bootstrap tree #723, logLikelihood: -2799.550394
[00:00:18] [worker #26] Bootstrap tree #731, logLikelihood: -2809.205846
[00:00:18] [worker #26] Bootstrap tree #731, logLikelihood: -2809.205846
[00:00:18] [worker #2] Bootstrap tree #707, logLikelihood: -2810.864135
[00:00:18] [worker #17] Bootstrap tree #722, logLikelihood: -2845.991639
[00:00:18] [worker #6] Bootstrap tree #711, logLikelihood: -2681.369833
[00:00:18] [worker #20] Bootstrap tree #725, logLikelihood: -2797.943385
[00:00:18] [worker #21] Bootstrap tree #726, logLikelihood: -2756.495815
[00:00:18] [worker #1] Bootstrap tree #706, logLikelihood: -2815.665770
[00:00:18] [worker #15] Bootstrap tree #720, logLikelihood: -2741.202110
[00:00:18] [worker #24] Bootstrap tree #729, logLikelihood: -2734.614230
[00:00:18] [worker #24] Bootstrap tree #729, logLikelihood: -2734.614230
[00:00:18] [worker #30] Bootstrap tree #735, logLikelihood: -2723.613870
[00:00:18] [worker #8] Bootstrap tree #713, logLikelihood: -2846.598187
[00:00:18] [worker #14] Bootstrap tree #719, logLikelihood: -2778.993379
[00:00:18] [worker #31] Bootstrap tree #736, logLikelihood: -2694.139762
[00:00:18] [worker #0] Bootstrap tree #705, logLikelihood: -2697.121677
[00:00:18] [worker #12] Bootstrap tree #717, logLikelihood: -2817.890017
[00:00:18] [worker #3] Bootstrap tree #708, logLikelihood: -2720.312696
[00:00:18] [worker #23] Bootstrap tree #728, logLikelihood: -2749.821883
[00:00:18] [worker #9] Bootstrap tree #714, logLikelihood: -2697.695332
[00:00:18] [worker #4] Bootstrap tree #709, logLikelihood: -2774.029462
[00:00:18] [worker #25] Bootstrap tree #730, logLikelihood: -2806.963904
-2724.167457
[00:00:18] [worker #13] Bootstrap tree #750, logLikelihood: -2767.747796
[00:00:18] [worker #22] Bootstrap tree #759, logLikelihood: -2726.037572
[00:00:18] [worker #10] Bootstrap tree #747, logLikelihood: -2654.940764
[00:00:18] [worker #7] Bootstrap tree #744, logLikelihood: -2813.732058
[00:00:18] [worker #29] Bootstrap tree #766, logLikelihood: -2700.567492
[00:00:18] [worker #28] Bootstrap tree #765, logLikelihood: -2717.721187
[00:00:18] [worker #11] Bootstrap tree #748, logLikelihood: -2689.326249
[00:00:18] [worker #5] Bootstrap tree #742, logLikelihood: -2741.967301
[00:00:18] [worker #26] Bootstrap tree #763, logLikelihood: -2783.298145
[00:00:18] [worker #17] Bootstrap tree #754, logLikelihood: -2706.373212
[00:00:18] [worker #25] Bootstrap tree #762, logLikelihood: -2714.852273
[00:00:18] [worker #24] Bootstrap tree #761, logLikelihood: -2783.591915
[00:00:18] [worker #2] Bootstrap tree #739, logLikelihood: -2811.425937
[00:00:18] [worker #8] Bootstrap tree #745, logLikelihood: -2698.055983
[00:00:18] [worker #30] Bootstrap tree #767, logLikelihood: -2772.732433
[00:00:18] [worker #19] Bootstrap tree #756, logLikelihood: -2700.695065
[00:00:18] [worker #1] Bootstrap tree #738, logLikelihood: -2777.119354
[00:00:18] [worker #18] Bootstrap tree #755, logLikelihood: -2754.974056
[00:00:18] [worker #14] Bootstrap tree #751, logLikelihood: -2721.303005
[00:00:18] [worker #6] Bootstrap tree #743, logLikelihood: -2760.504549
[00:00:18] [worker #20] Bootstrap tree #757, logLikelihood: -2728.897780
[00:00:18] [worker #12] Bootstrap tree #749, logLikelihood: -2704.591292
[00:00:18] [worker #27] Bootstrap tree #764, logLikelihood: -2760.266513
[00:00:18] [worker #21] Bootstrap tree #758, logLikelihood: -2734.534137
[00:00:18] [worker #15] Bootstrap tree #752, logLikelihood: -2703.918693
[00:00:18] [worker #31] Bootstrap tree #768, logLikelihood: -2792.827978
[00:00:18] [worker #16] Bootstrap tree #753, logLikelihood: -2711.786615
[00:00:18] [worker #9] Bootstrap tree #746, logLikelihood: -2637.734726
[00:00:18] [worker #4] Bootstrap tree #741, logLikelihood: -2773.237993
[00:00:18] [worker #3] Bootstrap tree #740, logLikelihood: -2795.891723
[00:00:18] [worker #23] Bootstrap tree #760, logLikelihood: -2774.631390
[00:00:18] [worker #0] Bootstrap tree #737, logLikelihood: -2713.956444
[00:00:20] [worker #18] Bootstrap tree #787, logLikelihood: -2658.149971
[00:00:20] [worker #5] Bootstrap tree #774, logLikelihood: -2703.574246
[00:00:20] [worker #29] Bootstrap tree #798, logLikelihood: -2765.951076
[00:00:20] [worker #22] Bootstrap tree #791, logLikelihood: -2818.647026
[00:00:20] [worker #6] Bootstrap tree #775, logLikelihood: -2795.345937
[00:00:20] [worker #28] Bootstrap tree #797, logLikelihood: -2739.562220
[00:00:20] [worker #21] Bootstrap tree #790, logLikelihood: -2693.142988
[00:00:20] [worker #3] Bootstrap tree #772, logLikelihood: -2776.022908
[00:00:20] [worker #9] Bootstrap tree #778, logLikelihood: -2768.506052
[00:00:20] [worker #16] Bootstrap tree #785, logLikelihood: -2717.190387
[00:00:20] [worker #10] Bootstrap tree #779, logLikelihood: -2755.062055
-2716.582870[
-2745.005033
[00:00:20] [worker #15] Bootstrap tree #784, logLikelihood: -2768.842087
[00:00:20] [worker #19] Bootstrap tree #788, logLikelihood: -2806.586757
[00:00:20] [worker #1] Bootstrap tree #770, logLikelihood: -2746.669295
[00:00:20] [worker #17] Bootstrap tree #786, logLikelihood: -2863.909029
[00:00:20] [worker #7] Bootstrap tree #776, logLikelihood: -2770.482361
[00:00:20] [worker #25] Bootstrap tree #794, logLikelihood: -2750.807623
[00:00:20] [worker #12] Bootstrap tree #781, logLikelihood: -2851.235577
[00:00:20] [worker #30] Bootstrap tree #799, logLikelihood: -2725.917358
[00:00:20] [worker #31] Bootstrap tree #800, logLikelihood: -2733.696237
[00:00:20] [worker #27] Bootstrap tree #796, logLikelihood: -2823.775244
[00:00:20] [worker #8] Bootstrap tree #777, logLikelihood: -2773.756855
[00:00:20] [worker #26] Bootstrap tree #795, logLikelihood: -2722.106933
[00:00:20] [worker #4] Bootstrap tree #773, logLikelihood: -2742.353996
[00:00:20] [worker #0] Bootstrap tree #769, logLikelihood: -2795.630728
[00:00:20] [worker #23] Bootstrap tree #792, logLikelihood: -2762.008448
[00:00:20] [worker #14] Bootstrap tree #783, logLikelihood: -2777.147584
[00:00:20] [worker #20] Bootstrap tree #789, logLikelihood: -2746.488490
[00:00:20] [worker #18] Bootstrap tree #819, logLikelihood: -2720.221799
[00:00:20] [worker #24] Bootstrap tree #793, logLikelihood: -2814.833937
[00:00:20] [worker #13] Bootstrap tree #782, logLikelihood: -2761.034873
[00:00:20] [worker #2] Bootstrap tree #803, logLikelihood: -2755.310523
[00:00:20] [worker #10] Bootstrap tree #811, logLikelihood: -2663.050207
[00:00:20] [worker #19] Bootstrap tree #820, logLikelihood: -2776.439017
[00:00:20] [worker #16] Bootstrap tree #817, logLikelihood: -2684.628366
[00:00:20] [worker #9] Bootstrap tree #810, logLikelihood: -2748.285442
[00:00:20] [worker #30] Bootstrap tree #831, logLikelihood: -2606.540976
[00:00:20] [worker #1] Bootstrap tree #802, logLikelihood: -2710.502247
00:00:20] [worker #29] Bootstrap tree #830, logLikelihood: -2783.492161
[00:00:20] [worker #5] Bootstrap tree #806, logLikelihood: -2672.779159
[00:00:20] [worker #22] Bootstrap tree #823, logLikelihood: -2715.117707
[00:00:20] [worker #6] Bootstrap tree #807, logLikelihood: -2828.233629
[00:00:20] [worker #28] Bootstrap tree #829, logLikelihood: -2710.712070
[00:00:20] [worker #12] Bootstrap tree #813, logLikelihood: -2783.359843
[00:00:20] [worker #17] Bootstrap tree #818, logLikelihood: -2846.091446
] [worker #11] Bootstrap tree #812, logLikelihood: -2730.566928
[00:00:20] [worker #3] Bootstrap tree #804, logLikelihood: -2811.967953
00:00:20] [worker #31] Bootstrap tree #832, logLikelihood: -2753.820745
[00:00:20] [worker #7] Bootstrap tree #808, logLikelihood: -2721.523996
[00:00:20] [worker #15] Bootstrap tree #816, logLikelihood: -2754.739850
[00:00:20] [worker #20] Bootstrap tree #821, logLikelihood: -2793.903642
[00:00:20] [worker #8] Bootstrap tree #809, logLikelihood: -2750.536430
[00:00:20] [worker #27] Bootstrap tree #828, logLikelihood: -2753.393584
[00:00:20] [worker #25] Bootstrap tree #826, logLikelihood: -2716.456359
[00:00:20] [[worker #21] Bootstrap tree #822:, logLikelihood: 0:20] [worker #26] Bootstrap tree #827, logLikelihood: -2738.909635-2793.426133
[00:00:20] [[worker #21] Bootstrap tree #822:, logLikelihood: 0:20] [worker #26] Bootstrap tree #827, logLikelihood: -2738.909635-2793.426133

[00:00:20] [worker #4] Bootstrap tree #805, logLikelihood: [-2784.56889500
-2776.343002
[00:00:20] [worker #14] Bootstrap tree #815, logLikelihood: -2667.565041
[00:00:20] [worker #0] Bootstrap tree #801, logLikelihood: -2757.903639
[00:00:20] [worker #23] Bootstrap tree #824, logLikelihood: -2793.749081
[00:00:20] [worker #13] Bootstrap tree #814, logLikelihood: -2734.509260
[00:00:22] [worker #4] Bootstrap tree #837, logLikelihood: -2723.606878
[00:00:22] [worker #2] Bootstrap tree #835, logLikelihood: -2658.721994
[00:00:22] [worker #25] Bootstrap tree #858, logLikelihood: -2793.985947
[00:00:22] [worker #8] Bootstrap tree #841, logLikelihood: -2784.261014
[00:00:22] [worker #10] Bootstrap tree #843, logLikelihood: -2701.443442
[00:00:22] [worker #22] Bootstrap tree #855, logLikelihood: [00:00:22] -2714.283787[worker #16] Bootstrap tree #849
[00:00:22] [worker #22] Bootstrap tree #855, logLikelihood: [00:00:22] -2714.283787[worker #16] Bootstrap tree #849
, logLikelihood: -2780.561431
[00:00:22] [worker #24] Bootstrap tree #857, logLikelihood: -2763.615887
[worker #15] Bootstrap tree #848, logLikelihood: -2714.565045
[00:00:22] [worker #12] Bootstrap tree #845, logLikelihood: -2739.380346
[[00:00:22] [worker #20] Bootstrap tree #853, logLikelihood: 00:00:22] [worker #18] Bootstrap tree #851, logLikelihood: -2698.721019
[[00:00:22] [worker #20] Bootstrap tree #853, logLikelihood: 00:00:22] [worker #18] Bootstrap tree #851, logLikelihood: -2698.721019
-2859.256242
[00:00:22] [worker #27] Bootstrap tree #860, logLikelihood: -2714.666336
[00:00:22] [worker #13] Bootstrap tree #846, logLikelihood: -2786.966072
[00:00:22] [worker #19] Bootstrap tree #852, logLikelihood: -2711.180438
[00:00:22] [worker #29] Bootstrap tree #862, logLikelihood: -2748.225232
[00:00:22] [worker #17] Bootstrap tree #850, logLikelihood: -2795.542093
[00:00:22] [worker #5] Bootstrap tree #838, logLikelihood: -2783.691538
[00:00:22] [worker #21] Bootstrap tree #854, logLikelihood: -2764.283331
[00:00:22] [worker #3] Bootstrap tree #836, logLikelihood: -2701.126508
[00:00:22] [worker #30] Bootstrap tree #863, logLikelihood: -2703.659816
[00:00:22] [worker #31] Bootstrap tree #864, logLikelihood: -2802.075839
[00:00:22] [worker #14] Bootstrap tree #847, logLikelihood: -2729.366151
[00:00:22] [worker #1] Bootstrap tree #834, logLikelihood: -2740.395468
[00:00:22] [worker #6] Bootstrap tree #839, logLikelihood: -2749.128053
[00:00:22] [worker #26] Bootstrap tree #859, logLikelihood: -2834.451083
[00:00:22] [worker #11] Bootstrap tree #844, logLikelihood: -2699.176863
[00:00:22] [worker #2] Bootstrap tree #867, logLikelihood: -2697.553687
[00:00:22] [worker #9] Bootstrap tree #842, logLikelihood: -2737.931863
[00:00:22] [worker #7] Bootstrap tree #840, logLikelihood: -2836.449766
[00:00:22] [worker #23] Bootstrap tree #856, logLikelihood: -2774.720814
[00:00:22] [worker #25] Bootstrap tree #890, logLikelihood: -2771.888886
[00:00:22] [worker #4] Bootstrap tree #869, logLikelihood: -2657.275704
[00:00:22] [worker #8] Bootstrap tree #873, logLikelihood: -2805.715809
[00:00:22] [worker #24] Bootstrap tree #889, logLikelihood: -2716.914791
[00:00:22] [worker #10] Bootstrap tree #875, logLikelihood: -2677.497776
[00:00:22] [worker #28] Bootstrap tree #861, logLikelihood: -2811.736589
[00:00:22] [worker #0] Bootstrap tree #833, logLikelihood: -2769.919607
[00:00:22] [worker #16] Bootstrap tree #881, logLikelihood: -2717.483160
[00:00:22] [worker #22] Bootstrap tree #887, logLikelihood: -2731.325281
[00:00:22] [worker #19] Bootstrap tree #884, logLikelihood: -2774.876210
[00:00:22] [worker #29] Bootstrap tree #894, logLikelihood: -2774.201246
[00:00:22] [worker #20] Bootstrap tree #885, logLikelihood: -2751.127450
[00:00:22] [worker #6] Bootstrap tree #871, logLikelihood: -2783.539625
[00:00:22] [worker #13] Bootstrap tree #878, logLikelihood: -2734.279161
[00:00:22] [worker #15] Bootstrap tree #880, logLikelihood: -2799.364607
[00:00:22] [worker #27] Bootstrap tree #892, logLikelihood: -2797.555134
[00:00:22] [worker #14] Bootstrap tree #879, logLikelihood: -2788.432287
[00:00:22] [worker #30] Bootstrap tree #895, logLikelihood: -2695.589976
[00:00:22] [worker #17] Bootstrap tree #882, logLikelihood: -2728.267477
[00:00:22] [worker #31] Bootstrap tree #896, logLikelihood: -2793.517929
[00:00:22] [worker #11] Bootstrap tree #876, logLikelihood: -2777.438476
[00:00:22] [worker #23] Bootstrap tree #888, logLikelihood: -2763.913179
[00:00:22] [worker #21] Bootstrap tree #886, logLikelihood: -2691.723512
[00:00:22] [worker #1] Bootstrap tree #866, logLikelihood: -2684.101939
[00:00:22] [worker #5] Bootstrap tree #870, logLikelihood: -2734.824692
[00:00:22] [worker #12] Bootstrap tree #877, logLikelihood: -2729.425978
[00:00:22] [worker #26] Bootstrap tree #891, logLikelihood: -2753.970240
[00:00:22] [worker #9] Bootstrap tree #874, logLikelihood: -2743.915746
[00:00:22] [worker #18] Bootstrap tree #883, logLikelihood: -2736.573462
[00:00:23] [worker #28] Bootstrap tree #893, logLikelihood: -2808.010522
[00:00:23] [worker #3] Bootstrap tree #868, logLikelihood: -2753.953645
[00:00:23] [worker #7] Bootstrap tree #872, logLikelihood: -2760.499760
[00:00:23] [worker #0] Bootstrap tree #865, logLikelihood: -2771.969374
[00:00:25] [worker #22] Bootstrap tree #919, logLikelihood: -2711.945432
[00:00:25] [worker #31] Bootstrap tree #928, logLikelihood: -2646.462546
[00:00:25] [worker #3] Bootstrap tree #900, logLikelihood: -2744.931183
[00:00:25] [worker #30] Bootstrap tree #927, logLikelihood: -2677.347764
[00:00:25] [worker #8] Bootstrap tree #905, logLikelihood: -2703.639306
[00:00:25] [worker #2] Bootstrap tree #899, logLikelihood: -2660.777015
[00:00:25] [worker #16] Bootstrap tree #913, logLikelihood: -2697.048353
[00:00:25] [worker #19] Bootstrap tree #916, logLikelihood: -2745.242470
[00:00:25] [worker #19] Bootstrap tree #916, logLikelihood: -2745.242470
[00:00:25] [worker #21] Bootstrap tree #918, logLikelihood: -2772.168356
[00:00:25] [worker #29] Bootstrap tree #926, logLikelihood: -2748.483472
-2767.045349
[00:00:25] [worker #13] Bootstrap tree #910, logLikelihood: -2791.449035
[00:00:25] [worker #6] Bootstrap tree #903, logLikelihood: -2754.985359
[00:00:25] [worker #23] Bootstrap tree #920, logLikelihood: -2794.465855
[00:00:25] [worker #10] Bootstrap tree #907, logLikelihood: -2675.214027
[00:00:25] [worker #12] Bootstrap tree #909, logLikelihood: -2763.573644
[00:00:25] [worker #14] Bootstrap tree #911, logLikelihood: -2700.479099
[00:00:25] [worker #9] Bootstrap tree #906, logLikelihood: -2750.344275
[00:00:25] [worker #24] Bootstrap tree #921, logLikelihood: -2703.388391
[00:00:25] [worker #28] Bootstrap tree #925, logLikelihood: -2721.014165
[00:00:25] [worker #15] Bootstrap tree #912, logLikelihood: -2734.518147
[00:00:25] [worker #5] Bootstrap tree #902, logLikelihood: -2750.325627
[00:00:25] [worker #27] Bootstrap tree #924, logLikelihood: -2815.282815
[00:00:25] [worker #7] Bootstrap tree #904, logLikelihood: -2784.087754
[00:00:25] [worker #20] Bootstrap tree #917, logLikelihood: -2784.402340
[00:00:25] [worker #4] Bootstrap tree #901, logLikelihood: -2701.735691
[00:00:25] [worker #17] Bootstrap tree #914, logLikelihood: -2696.023032
[00:00:26] [worker #18] Bootstrap tree #915, logLikelihood: -2878.485706
[00:00:26] [worker #1] Bootstrap tree #898, logLikelihood: -2728.783079
[00:00:26] [worker #25] Bootstrap tree #922, logLikelihood: -2813.344581
[00:00:26] [worker #11] Bootstrap tree #908, logLikelihood: -2817.898491
[00:00:26] [worker #22] Bootstrap tree #951, logLikelihood: -2782.463044
[00:00:26] [worker #0] Bootstrap tree #897, logLikelihood: -2743.060277
[00:00:26] [worker #8] Bootstrap tree #937, logLikelihood: -2712.522798
[00:00:26] [worker #26] Bootstrap tree #955, logLikelihood: -2800.669267
[00:00:26] [worker #19] Bootstrap tree #948, logLikelihood: -2793.137185
[00:00:26] [worker #29] Bootstrap tree #958, logLikelihood: -2698.211025
[00:00:26] [worker #31] Bootstrap tree #960, logLikelihood: -2784.848308
[00:00:26] [worker #16] Bootstrap tree #945, logLikelihood: -2722.002356[
-2820.495709
[[000::00::2626] ] [worker #21] Bootstrap tree #Bootstrap tree #959, logLikelihood: , logLikelihood: -2827.574595
[[000::00::2626] ] [worker #21] Bootstrap tree #Bootstrap tree #959, logLikelihood: , logLikelihood: -2827.574595

[00:00:26] [worker #18] Bootstrap tree #947, logLikelihood: -2767.058991
[00:00:26] [worker #3] Bootstrap tree #932, logLikelihood: -2782.296748
[00:00:26] [worker #6] Bootstrap tree #935, logLikelihood: -2768.363952
[00:00:26] [worker #13] Bootstrap tree #942, logLikelihood: -2766.000264
[[00:00:26] [worker #27] Bootstrap tree #956, logLikelihood: -2771.651790
[[00:00:26] [worker #27] Bootstrap tree #956, logLikelihood: -2771.651790
[00:00:26] [worker #12] Bootstrap tree #941, logLikelihood: -2730.234552
00:00:26] [worker #14] Bootstrap tree #943, logLikelihood: -2754.002948
[00:00:26] [worker #20] Bootstrap tree #949, logLikelihood: -2732.940133
[00:00:26] [worker #23] Bootstrap tree #952, logLikelihood: -2787.097790
[worker #9] [Bootstrap tree #938, logLikelihood: -2688.813040
-2683.310245
[00:00:26] [worker #17] Bootstrap tree #946, logLikelihood: -2758.694604
[00:00:26] [worker #28] Bootstrap tree #957, logLikelihood: -2703.689949
[00:00:26] [worker #5] Bootstrap tree #934, logLikelihood: -2796.165052
[00:00:26] [worker #24] Bootstrap tree #953, logLikelihood: -2821.987585
[00:00:26] [worker #10] Bootstrap tree #939, logLikelihood: -2838.198267
[00:00:26] [worker #15] Bootstrap tree #944, logLikelihood: -2766.216387
[00:00:26] [worker #4] Bootstrap tree #933, logLikelihood: -2846.233455
00:00:26] [worker #11] Bootstrap tree #940, logLikelihood: -2795.690373
[00:00:26] [worker #1] Bootstrap tree #930, logLikelihood: -2812.893740
[00:00:26] [worker #25] Bootstrap tree #954, logLikelihood: -2766.310657
[00:00:26] [worker #0] Bootstrap tree #929, logLikelihood: -2752.473219
[00:00:28] [worker #8] Bootstrap tree #969, logLikelihood: -2670.108656
[00:00:28] [worker #25] Bootstrap tree #986, logLikelihood: -2642.763161
[00:00:28] [worker #31] Bootstrap tree #992, logLikelihood: -2844.456355
[00:00:28] [worker #3] Bootstrap tree #964, logLikelihood: [00:00:28] [worker #15] [[00:00:28] [worker #3] Bootstrap tree #964, logLikelihood: [00:00:28] [worker #15] [BBootstrap tree #00976:, logLikelihood: 00:28] [worker #5] Bootstrap tree #966, logLikelihood: -2752.811628
[00:00:28] [worker #3] Bootstrap tree #964, logLikelihood: [00:00:28] [worker #15] [BBootstrap tree #00976:, logLikelihood: 00:28] [worker #5] Bootstrap tree #966, logLikelihood: -2752.811628
-2668.921585
[00:00:28] [worker #14] Bootstrap tree #975, logLikelihood: -2744.750008
[00:00:28] [worker #23] Bootstrap tree #984, logLikelihood: -2839.014005
[00:00:28] [worker #7] Bootstrap tree #968, logLikelihood: -2798.058969
[00:00:28] [worker #1] Bootstrap tree #962, logLikelihood: -2684.708012
[00:00:28] [worker #1] Bootstrap tree #962, logLikelihood: -2684.708012
[00:00:28] [worker #27] Bootstrap tree #988, logLikelihood: [-2754.561555
[00:00:28] [worker #1] Bootstrap tree #962, logLikelihood: -2684.708012
[00:00:28] [worker #27] Bootstrap tree #988, logLikelihood: [-2754.561555
:00:28] [worker #26] Bootstrap tree #987, logLikelihood: -2760.415367
[00:00:28] [worker #16] Bootstrap tree #977, logLikelihood: -2747.438705
[00:00:28] [worker #4] Bootstrap tree #965, logLikelihood: -2748.835671
[00:00:28] [worker #29] Bootstrap tree #990, logLikelihood: -2722.706526
[00:00:28] [worker #21] Bootstrap tree #982, logLikelihood: -2823.797622
[00:00:28] [worker #17] Bootstrap tree #978, logLikelihood: -2810.826800
[00:00:28] [worker #9] Bootstrap tree #970, logLikelihood: -2780.090665
[00:00:28] [worker #18] Bootstrap tree #979, logLikelihood: -2806.340678
[00:00:28] [worker #12] Bootstrap tree #973, logLikelihood: -2753.460038[
-2804.138893[00
-2836.643614
[00:00:28] [worker #2] Bootstrap tree #963, logLikelihood: -2760.587558
[00:00:28] [worker #13] Bootstrap tree #974, logLikelihood: -2728.858083
[00:00:28] [worker #11] Bootstrap tree #972, logLikelihood: -2799.551089
[00:00:28] [worker #20] Bootstrap tree #981, logLikelihood: -2725.341179
[00:00:28] [worker #28] Bootstrap tree #989, logLikelihood: -2670.466655
[00:00:28] [worker #30] Bootstrap tree #991, logLikelihood: -2839.259348
[00:00:28] [worker #24] Bootstrap tree #985, logLikelihood: -2712.575694
[00:00:28] [worker #6] Bootstrap tree #967, logLikelihood: -2716.831526
[00:00:28] [worker #22] Bootstrap tree #983, logLikelihood: -2746.650070
[00:00:29] [worker #0] Bootstrap tree #961, logLikelihood: -2719.659119
[00:00:29] [worker #5] Bootstrap tree #998, logLikelihood: -2716.579414
[00:00:29] [worker #1] Bootstrap tree #994, logLikelihood: -2771.044609
[00:00:29] [worker #4] Bootstrap tree #997, logLikelihood: -2708.346292
[00:00:29] [worker #3] Bootstrap tree #996, logLikelihood: -2804.229197
[00:00:29] [worker #7] Bootstrap tree #1000, logLikelihood: -2723.787970
[00:00:29] [worker #7] Bootstrap tree #1000, logLikelihood: -2723.787970
[00:00:29] [worker #2] Bootstrap tree #995, logLikelihood: -2712.582588
[00:00:29] [worker #6] Bootstrap tree #999, logLikelihood: -2750.754059
[00:00:29] [worker #0] Bootstrap tree #993, logLikelihood: -2711.725467

Optimized model parameters:

   Partition 0: noname
   Rate heterogeneity: GAMMA (4 cats, mean),  alpha: 0.020138 (ML),  weights&rates: (0.250000,0.000000) (0.250000,0.000000) (0.250000,0.000001) (0.250000,3.999999) 
   Base frequencies (ML): 0.385662 0.123772 0.119526 0.371039 
   Substitution rates (ML): 2.356383 5.534146 0.302218 1.492272 4.448897 1.000000 


Final LogLikelihood: -2757.903619

AIC score: 5583.807238 / AICc score: 5584.999622 / BIC score: 5774.760879
Free parameters (model + branch lengths): 34

WARNING: Best ML tree contains 6 near-zero branches!

Best ML tree with collapsed near-zero branches saved to: /mnt/lustre/RDS-live/downing/LSDV/GTPV_SPPV/results_GTPV/LSDV049.raxml.bestTreeCollapsed
Best ML tree saved to: /mnt/lustre/RDS-live/downing/LSDV/GTPV_SPPV/results_GTPV/LSDV049.raxml.bestTree
All ML trees saved to: /mnt/lustre/RDS-live/downing/LSDV/GTPV_SPPV/results_GTPV/LSDV049.raxml.mlTrees
Best ML tree with Felsenstein bootstrap (FBP) support values saved to: /mnt/lustre/RDS-live/downing/LSDV/GTPV_SPPV/results_GTPV/LSDV049.raxml.supportFBP
Best ML tree with Transfer bootstrap (TBE) support values saved to: /mnt/lustre/RDS-live/downing/LSDV/GTPV_SPPV/results_GTPV/LSDV049.raxml.supportTBE
Optimized model saved to: /mnt/lustre/RDS-live/downing/LSDV/GTPV_SPPV/results_GTPV/LSDV049.raxml.bestModel
Bootstrap trees saved to: /mnt/lustre/RDS-live/downing/LSDV/GTPV_SPPV/results_GTPV/LSDV049.raxml.bootstraps

Execution log saved to: /mnt/lustre/RDS-live/downing/LSDV/GTPV_SPPV/results_GTPV/LSDV049.raxml.log

Analysis started: 24-Nov-2025 14:24:16 / finished: 24-Nov-2025 14:24:47

Elapsed time: 31.682 seconds

