
RAxML-NG v. 1.2.2 released on 11.04.2024 by The Exelixis Lab.
Developed by: Alexey M. Kozlov and Alexandros Stamatakis.
Contributors: Diego Darriba, Tomas Flouri, Benoit Morel, Sarah Lutteropp, Ben Bettisworth, Julia Haag, Anastasis Togkousidis.
Latest version: https://github.com/amkozlov/raxml-ng
Questions/problems/suggestions? Please visit: https://groups.google.com/forum/#!forum/raxml

System: AMD EPYC 7543P 32-Core Processor, 32 cores, 995 GB RAM

RAxML-NG was called at 24-Nov-2025 18:32:19 as follows:

raxml-ng --all --msa region_LSDV114.aln --model GTR+G --prefix LSDV114 --seed 123 --bs-metric fbp,tbe --redo

Analysis options:
  run mode: ML tree search + bootstrapping (Felsenstein Bootstrap + Transfer Bootstrap)
  start tree(s): random (10) + parsimony (10)
  bootstrap replicates: parsimony (max: 1000) + bootstopping (autoMRE, cutoff: 0.030000)
  random seed: 123
  tip-inner: OFF
  pattern compression: ON
  per-rate scalers: OFF
  site repeats: ON
  logLH epsilon: general: 10.000000, brlen-triplet: 1000.000000
  fast spr radius: AUTO
  spr subtree cutoff: 1.000000
  fast CLV updates: ON
  branch lengths: proportional (ML estimate, algorithm: NR-FAST)
  SIMD kernels: AVX2
  parallelization: coarse-grained (auto), PTHREADS (auto)

WARNING: Running in REDO mode: existing checkpoints are ignored, and all result files will be overwritten!

[00:00:00] Reading alignment from file: region_LSDV114.aln
[00:00:00] Loaded alignment with 30 taxa and 507 sites

WARNING: Sequences PV167793.1 and PV434148.1 are exactly identical!
WARNING: Sequences PV167793.1 and PQ014465.1 are exactly identical!
WARNING: Sequences PV167793.1 and OQ434239.1 are exactly identical!
WARNING: Sequences PV167793.1 and OQ434238.1 are exactly identical!
WARNING: Sequences PV167793.1 and OQ434237.1 are exactly identical!
WARNING: Sequences PV167793.1 and OQ434236.1 are exactly identical!
WARNING: Sequences PV167793.1 and ON961657.1 are exactly identical!
WARNING: Sequences PV167793.1 and ON961656.1 are exactly identical!
WARNING: Sequences PV167793.1 and ON961655.1 are exactly identical!
WARNING: Sequences PV167793.1 and MT137384.1 are exactly identical!
WARNING: Sequences PV167793.1 and MW167070.1 are exactly identical!
WARNING: Sequences PV167793.1 and MW020571.1 are exactly identical!
WARNING: Sequences PV167793.1 and MN072631.1 are exactly identical!
WARNING: Sequences PV167793.1 and MN072630.1 are exactly identical!
WARNING: Sequences PV167793.1 and AY077834.1 are exactly identical!
WARNING: Sequences PV167793.1 and AY077833.1 are exactly identical!
WARNING: Sequences PP886239.1 and PP886238.1 are exactly identical!
WARNING: Sequences PP886239.1 and PP886237.1 are exactly identical!
WARNING: Sequences PP886239.1 and PP886236.1 are exactly identical!
WARNING: Sequences PP886239.1 and OQ434235.1 are exactly identical!
WARNING: Sequences PP886239.1 and OR239060.1 are exactly identical!
WARNING: Sequences PP886239.1 and NC_004002.1 are exactly identical!
WARNING: Sequences PP886239.1 and MW167071.1 are exactly identical!
WARNING: Sequences PP886239.1 and MN072629.1 are exactly identical!
WARNING: Sequences PP886239.1 and MN072628.1 are exactly identical!
WARNING: Sequences PP886239.1 and MN072627.1 are exactly identical!
WARNING: Sequences PP886239.1 and MN072626.1 are exactly identical!
WARNING: Sequences PP886239.1 and AY077832.1 are exactly identical!
WARNING: Duplicate sequences found: 28

NOTE: Reduced alignment (with duplicates and gap-only sites/taxa removed) 
NOTE: was saved to: /mnt/lustre/RDS-live/downing/LSDV/GTPV_SPPV/results_SPPV/LSDV114.raxml.reduced.phy

Alignment comprises 1 partitions and 5 patterns

Partition 0: noname
Model: GTR+FO+G4m
Alignment sites / patterns: 507 / 5
Gaps: 0.00 %
Invariant sites: 99.80 %


NOTE: Binary MSA file created: LSDV114.raxml.rba

Parallelization scheme autoconfig: 32 worker(s) x 1 thread(s)

[00:00:00] Generating 10 random starting tree(s) with 30 taxa
[00:00:00] Generating 10 parsimony starting tree(s) with 30 taxa
Parallel parsimony with 32 threads
Parallel reduction/worker buffer size: 1 KB  / 0 KB

[00:00:00] Data distribution: max. partitions/sites/weight per thread: 1 / 5 / 80
[00:00:00] Data distribution: max. searches per worker: 33

Starting ML tree search with 20 distinct starting trees

[00:00:00] [worker #18] ML tree search #19, logLikelihood: -612.599043
[00:00:00] [worker #15] ML tree search #16, logLikelihood: -612.599043
[00:00:00] [worker #7] ML tree search #8, logLikelihood: -612.599082
[00:00:00] [worker #13] ML tree search #14, logLikelihood: -612.599043
[00:00:00] [worker #17] ML tree search #18, logLikelihood: -612.599043
[00:00:00] [worker #4] ML tree search #5, logLikelihood: -612.599043
[00:00:00] [worker #10] ML tree search #11, logLikelihood: -612.599043
[00:00:00] [worker #9] ML tree search #10, logLikelihood: -612.599082
[00:00:00] [worker #5] ML tree search #6, logLikelihood: -612.599082
[00:00:00] [worker #8] ML tree search #9, logLikelihood: -612.599082
[00:00:00] [worker #11] ML tree search #12, logLikelihood: -612.599043
[00:00:00] [worker #2] ML tree search #3, logLikelihood: -612.599043
[00:00:00] [worker #0] ML tree search #1, logLikelihood: -612.599082
[00:00:00] [worker #6] ML tree search #7, logLikelihood: -612.599082
[00:00:00] [worker #14] ML tree search #15, logLikelihood: -612.599043
[00:00:00] [worker #16] ML tree search #17, logLikelihood: -612.599043
[00:00:00] [worker #19] ML tree search #20, logLikelihood: -612.599043
[00:00:00] [worker #3] ML tree search #4, logLikelihood: -612.599082
[00:00:00] [worker #12] ML tree search #13, logLikelihood: -612.599043
[00:00:00] [worker #1] ML tree search #2, logLikelihood: -612.599044

[00:00:00] ML tree search completed, best tree logLH: -612.599043

[00:00:00] Starting bootstrapping analysis with 1000 replicates.

[00:00:00] [worker #10] Bootstrap tree #11, logLikelihood: -605.864906
[00:00:00] [worker #9] Bootstrap tree #10, logLikelihood: -612.599043
[00:00:00] [worker #3] Bootstrap tree #4, logLikelihood: -612.599043
[00:00:00] [worker #17] Bootstrap tree #18, logLikelihood: -618.198495
[00:00:00] [worker #18] Bootstrap tree #19, logLikelihood: -612.599043
[00:00:00] [worker #20] Bootstrap tree #21, logLikelihood: -612.599043
[00:00:00] [worker #21] Bootstrap tree #22, logLikelihood: -596.305860
[00:00:00] [worker #27] Bootstrap tree #28, logLikelihood: -612.599043
[00:00:00] [worker #26] Bootstrap tree #27, logLikelihood: -612.599043
[00:00:00] [worker #1] Bootstrap tree #2, logLikelihood: -617.430028
[00:00:00] [worker #15] Bootstrap tree #16, logLikelihood: -612.599043
[00:00:00] [worker #2] Bootstrap tree #3, logLikelihood: -612.599043
[00:00:00] [worker #8] Bootstrap tree #9, logLikelihood: -612.599043
[00:00:00] [worker #4] Bootstrap tree #5, logLikelihood: -612.191167
[00:00:00] [worker #31] Bootstrap tree #32, logLikelihood: -600.572741
[00:00:00] [worker #12] Bootstrap tree #13, logLikelihood: -608.651563
[00:00:00] [worker #16] Bootstrap tree #17, logLikelihood: -612.599043
[00:00:00] [worker #13] Bootstrap tree #14, logLikelihood: -612.599043
[00:00:00] [worker #6] Bootstrap tree #7, logLikelihood: -612.599043
[00:00:00] [worker #7] Bootstrap tree #8, logLikelihood: -612.599043
[00:00:00] [worker #5] Bootstrap tree #6, logLikelihood: -581.659399
[00:00:00] [worker #30] Bootstrap tree #31, logLikelihood: -574.996463
[00:00:00] [worker #0] Bootstrap tree #1, logLikelihood: -612.599043
[00:00:00] [worker #11] Bootstrap tree #12, logLikelihood: -612.599043
[00:00:00] [worker #24] Bootstrap tree #25, logLikelihood: -612.599043
[00:00:00] [worker #14] Bootstrap tree #15, logLikelihood: -612.599043
[00:00:00] [worker #25] Bootstrap tree #26, logLikelihood: -612.599043
[00:00:00] [worker #19] Bootstrap tree #20, logLikelihood: -612.599043
[00:00:00] [worker #22] Bootstrap tree #23, logLikelihood: -612.599043
[00:00:00] [worker #23] Bootstrap tree #24, logLikelihood: -612.599043
[00:00:00] [worker #29] Bootstrap tree #30, logLikelihood: -612.599043
[00:00:00] [worker #28] Bootstrap tree #29, logLikelihood: -594.461367
[00:00:00] [worker #10] Bootstrap tree #43, logLikelihood: -598.447026
[00:00:00] [worker #21] Bootstrap tree #54, logLikelihood: -589.837515
[00:00:00] [worker #27] Bootstrap tree #60, logLikelihood: -603.904723
[00:00:00] [worker #20] Bootstrap tree #53, logLikelihood: -612.599043
[00:00:00] [worker #1] Bootstrap tree #34, logLikelihood: -612.599043
[00:00:00] [worker #18] Bootstrap tree #51, logLikelihood: -602.126398
[00:00:00] [worker #9] Bootstrap tree #42, logLikelihood: -586.072478
[00:00:00] [worker #3] Bootstrap tree #36, logLikelihood: -612.599043
[00:00:00] [worker #8] Bootstrap tree #41, logLikelihood: -609.434166
[00:00:00] [worker #31] Bootstrap tree #64, logLikelihood: -612.599043
[00:00:00] [worker #17] Bootstrap tree #50, logLikelihood: -593.041048
[00:00:00] [worker #26] Bootstrap tree #59, logLikelihood: -612.599043
[00:00:00] [worker #15] Bootstrap tree #48, logLikelihood: -612.599043
[00:00:00] [worker #4] Bootstrap tree #37, logLikelihood: -612.599043
[00:00:00] [worker #12] Bootstrap tree #45, logLikelihood: -612.620628
[00:00:00] [worker #2] Bootstrap tree #35, logLikelihood: -612.599043
[00:00:00] [worker #7] Bootstrap tree #40, logLikelihood: -611.929031
[00:00:00] [worker #22] Bootstrap tree #55, logLikelihood: -616.975505
[00:00:00] [worker #29] Bootstrap tree #62, logLikelihood: -589.355685
[00:00:00] [worker #5] Bootstrap tree #38, logLikelihood: -612.599043
[00:00:00] [worker #6] Bootstrap tree #39, logLikelihood: -612.599043
[00:00:00] [worker #23] Bootstrap tree #56, logLikelihood: -612.599043
[00:00:00] [worker #24] Bootstrap tree #57, logLikelihood: -606.489204
[00:00:00] [worker #13] Bootstrap tree #46, logLikelihood: -612.599043
[worker #30] Bootstrap tree #63, logLikelihood: -612.599043
00:00:00] [worker #28] Bootstrap tree #61, logLikelihood: -615.401171
[00:00:00] [worker #16] Bootstrap tree #49, logLikelihood: -612.599043
[00:00:00] [worker #25] Bootstrap tree #58, logLikelihood: -612.599043
[00:00:00] [worker #19] Bootstrap tree #52, logLikelihood: -612.599043
[00:00:00] [worker #0] Bootstrap tree #33, logLikelihood: -612.599043
[00:00:00] [worker #14] Bootstrap tree #47, logLikelihood: -612.599043
[00:00:00] [worker #11] Bootstrap tree #44, logLikelihood: -612.599043
[00:00:01] [worker #17] Bootstrap tree #82, logLikelihood: -620.525318
[00:00:01] [worker #4] Bootstrap tree #69, logLikelihood: -605.994151
[00:00:01] [worker #11] Bootstrap tree #76, logLikelihood: -587.963143
[00:00:01] [worker #15] Bootstrap tree #80, logLikelihood: -580.647462
[00:00:01] [worker #18] Bootstrap tree #83, logLikelihood: -595.845346
[00:00:01] [worker #2] Bootstrap tree #67, logLikelihood: -582.755108
[00:00:01] [worker #10] Bootstrap tree #75, logLikelihood: [00:00:01] [worker #7] Bootstrap tree #72, logLikelihood: 
[00:00:01] [worker #10] Bootstrap tree #75, logLikelihood: [00:00:01] [worker #7] Bootstrap tree #72, logLikelihood: 
-612.599043
[[
91, logLikelihood: :000:01:00:01] [worker #29] Bootstrap tree #94, logLikelihood: -612.599043


-612.599043
[00:00:01] [worker #16] Bootstrap tree #81, logLikelihood: -598.233541
[00:00:01] [worker #20] Bootstrap tree #85, logLikelihood: -612.599043
[00:00:01] [worker #21] Bootstrap tree #86, logLikelihood: -612.599043
[00:00:01] [worker #25] Bootstrap tree #90, logLikelihood: -612.599043
[00:00:01] [worker #23] Bootstrap tree #88, logLikelihood: -612.599043
[00:00:01] [worker #1] Bootstrap tree #66, logLikelihood: -604.532421
[00:00:01] [worker #28] Bootstrap tree #93, logLikelihood: -612.599043
[00:00:01] [worker #8] Bootstrap tree #73, logLikelihood: -612.599043
[00:00:01] [worker #5] Bootstrap tree #70, logLikelihood: -612.599043
[00:00:01] [worker #13] Bootstrap tree #78, logLikelihood: -614.158674
[00:00:01] [worker #27] Bootstrap tree #92, logLikelihood: -612.599043
[00:00:01] [worker #14] Bootstrap tree #79, logLikelihood: -606.311197
[00:00:01] [worker #3] Bootstrap tree #68, logLikelihood: -612.599043
[00:00:01] [worker #0] Bootstrap tree #65, logLikelihood: -612.599043
[00:00:01] [worker #19] Bootstrap tree #84, logLikelihood: -612.599043
[00:00:01] [worker #22] Bootstrap tree #87, logLikelihood: -612.599043
[00:00:01] [worker #30] Bootstrap tree #95, logLikelihood: -612.599043
[00:00:01] [worker #6] Bootstrap tree #71, logLikelihood: -612.599043
[00:00:01] [worker #31] Bootstrap tree #96, logLikelihood: -612.599043
[00:00:01] [worker #24] Bootstrap tree #89, logLikelihood: -612.599043
[00:00:01] [worker #17] Bootstrap tree #114, logLikelihood: -612.599043
[00:00:01] [worker #15] Bootstrap tree #112, logLikelihood: -576.817552
[00:00:01] [worker #4] Bootstrap tree #101, logLikelihood: -600.889449
[00:00:01] [worker #2] Bootstrap tree #99, logLikelihood: -621.336563
[00:00:01] [worker #11] Bootstrap tree #108, logLikelihood: -606.729931
[00:00:01] [worker #7] Bootstrap tree #104, logLikelihood: -608.755653
[00:00:01] [worker #18] Bootstrap tree #115, logLikelihood: -612.599043
[00:00:01] [worker #21] Bootstrap tree #118, logLikelihood: -612.476056
[00:00:01] [worker #10] Bootstrap tree #107, logLikelihood: -612.599043
[00:00:01] [worker #1] Bootstrap tree #98, logLikelihood: -600.504537
[00:00:01] [worker #23] Bootstrap tree #120, logLikelihood: -591.782083
[00:00:01] [worker #20] Bootstrap tree #117, logLikelihood: -612.599043
[00:00:01] [worker #26] Bootstrap tree #123, logLikelihood: -612.599043
[00:00:01] [worker #12] Bootstrap tree #109, logLikelihood: -612.599043
[00:00:01] [worker #29] Bootstrap tree #126, logLikelihood: -611.326946
[00:00:01] [worker #27] Bootstrap tree #124, logLikelihood: -608.422559
[00:00:01] [worker #8] Bootstrap tree #105, logLikelihood: -612.599043
[00:00:01] [worker #9] Bootstrap tree #106, logLikelihood: -612.599043
[00:00:01] [worker #28] Bootstrap tree #125, logLikelihood: -611.206452
[00:00:01] [worker #5] Bootstrap tree #102, logLikelihood: -612.599043
[00:00:01] [worker #25] Bootstrap tree #122, logLikelihood: -612.599043
[00:00:01] [worker #16] Bootstrap tree #113, logLikelihood: -608.047318
[00:00:01] [worker #14] Bootstrap tree #111, logLikelihood: -603.049134
[00:00:01] [worker #3] Bootstrap tree #100, logLikelihood: -612.599043
[00:00:01] [worker #13] Bootstrap tree #110, logLikelihood: -612.599043
[00:00:02] [worker #6] Bootstrap tree #103, logLikelihood: -612.599043
[00:00:02] [worker #22] Bootstrap tree #119, logLikelihood: -612.599043
[00:00:02] [worker #30] Bootstrap tree #127, logLikelihood: -618.455149
[00:00:02] [worker #19] Bootstrap tree #116, logLikelihood: -612.599043
[00:00:02] [worker #0] Bootstrap tree #97, logLikelihood: -612.599043
[00:00:02] [worker #31] Bootstrap tree #128, logLikelihood: -612.599043
[00:00:02] [worker #24] Bootstrap tree #121, logLikelihood: -612.599043
[00:00:04] [worker #25] Bootstrap tree #154, logLikelihood: -597.654118
[00:00:04] [worker #21] Bootstrap tree #150, logLikelihood: -607.965448
[00:00:04] [worker #10] Bootstrap tree #139, logLikelihood: -612.599043
[00:00:04] [worker #3] Bootstrap tree #132, logLikelihood: -599.778844
[00:00:04] [worker #27] Bootstrap tree #156, logLikelihood: -612.599043
[00:00:04] [worker #28] Bootstrap tree #157, logLikelihood: -612.599043
00:00:04] [worker #8] Bootstrap tree #137, logLikelihood: -612.599043
[00:00:04] [worker #15] Bootstrap tree #144, logLikelihood: -586.131094
[00:00:04] [worker #17] Bootstrap tree #146, logLikelihood: -612.599043
[00:00:04] [worker #12] Bootstrap tree #141, logLikelihood: -592.676852
[00:00:04] [worker #5] Bootstrap tree #134, logLikelihood: -621.185806
[00:00:04] [worker #7] Bootstrap tree #136, logLikelihood: -612.599043
[00:00:04] [worker #2] Bootstrap tree #131, logLikelihood: -612.599043
[00:00:04] [worker #11] Bootstrap tree #140, logLikelihood: -601.648375
[00:00:04] [worker #19] Bootstrap tree #148, logLikelihood: -612.599043
[00:00:04] [worker #4] Bootstrap tree #133, logLikelihood: -612.599043
[00:00:04] [worker #1] Bootstrap tree #130, logLikelihood: -612.599043
[00:00:04] [worker #20] Bootstrap tree #149, logLikelihood: -612.599043
[00:00:04] [worker #14] Bootstrap tree #143, logLikelihood: -612.599043
[00:00:04] [worker #30] Bootstrap tree #159, logLikelihood: -603.588097
[00:00:04] [worker #6] Bootstrap tree #135, logLikelihood: -619.317269
[00:00:04] [worker #26] Bootstrap tree #155, logLikelihood: -584.424664
[00:00:04] [worker #31] Bootstrap tree #160, logLikelihood: -598.564926
[00:00:04] [worker #29] Bootstrap tree #158, logLikelihood: -594.811377
[00:00:04] [worker #0] Bootstrap tree #129, logLikelihood: -612.599043
[00:00:04] [worker #24] Bootstrap tree #153, logLikelihood: -616.991648
[00:00:04] [worker #13] Bootstrap tree #142, logLikelihood: -612.599043
[00:00:04] [worker #9] Bootstrap tree #138, logLikelihood: -584.256241
[00:00:04] [worker #22] Bootstrap tree #151, logLikelihood: -612.599043
[00:00:04] [worker #16] Bootstrap tree #145, logLikelihood: -612.599043
[00:00:04] [worker #23] Bootstrap tree #152, logLikelihood: -612.599043
[00:00:04] [worker #25] Bootstrap tree #186, logLikelihood: -580.720085
[00:00:04] [worker #18] Bootstrap tree #147, logLikelihood: -612.599043
[00:00:04] [worker #3] Bootstrap tree #164, logLikelihood: -612.154465
[00:00:04] [worker #15] Bootstrap tree #176, logLikelihood: -599.915049
[00:00:04] [worker #28] Bootstrap tree #189, logLikelihood: -612.599043
[00:00:04] [worker #27] Bootstrap tree #188, logLikelihood: -612.599043
[00:00:04] [worker #21] Bootstrap tree #182, logLikelihood: -612.599043
[00:00:04] [worker #8] Bootstrap tree #169, logLikelihood: -612.599043
[00:00:04] [worker #19] Bootstrap tree #180, logLikelihood: -612.599043
[00:00:04] [worker #17] Bootstrap tree #178, logLikelihood: -612.599043
[00:00:04] [worker #2] Bootstrap tree #163, logLikelihood: -612.599043
[00:00:04] [worker #7] Bootstrap tree #168, logLikelihood: -612.599043
[00:00:04] [worker #4] Bootstrap tree #165, logLikelihood: -612.599043
[00:00:04] [worker #14] Bootstrap tree #175, logLikelihood: -612.599043
[00:00:04] [worker #20] Bootstrap tree #181, logLikelihood: -620.554060
[00:00:04] [worker #30] Bootstrap tree #191, logLikelihood: -608.626131
[00:00:04] [worker #26] Bootstrap tree #187, logLikelihood: -612.599043
[00:00:04] [worker #12] Bootstrap tree #173, logLikelihood: -612.599043
[00:00:04] [worker #5] Bootstrap tree #166, logLikelihood: -612.599043
[00:00:04] [worker #1] Bootstrap tree #162, logLikelihood: -612.599043
[00:00:04] [worker #11] Bootstrap tree #172, logLikelihood: -612.599043
[00:00:04] [worker #31] Bootstrap tree #192, logLikelihood: -612.599043
[00:00:04] [worker #6] Bootstrap tree #167, logLikelihood: -612.599043
[00:00:04] [worker #10] Bootstrap tree #171, logLikelihood: -612.599043
[00:00:04] [worker #9] Bootstrap tree #170, logLikelihood: -612.599043
[00:00:04] [worker #29] Bootstrap tree #190, logLikelihood: -608.420555
[00:00:04] [worker #23] Bootstrap tree #184, logLikelihood: -611.777885
[00:00:04] [worker #13] Bootstrap tree #174, logLikelihood: -612.599043
[00:00:04] [worker #22] Bootstrap tree #183, logLikelihood: -599.070968
[00:00:04] [worker #24] Bootstrap tree #185, logLikelihood: -612.599043
[00:00:04] [worker #18] Bootstrap tree #179, logLikelihood: -612.599043
[00:00:04] [worker #16] Bootstrap tree #177, logLikelihood: -612.599043
[00:00:05] [worker #0] Bootstrap tree #161, logLikelihood: -612.599043
[00:00:11] [worker #6] Bootstrap tree #199, logLikelihood: -595.947605
[00:00:11] [worker #1] Bootstrap tree #194, logLikelihood: -612.599043
[00:00:11] [worker #16] Bootstrap tree #209, logLikelihood: -612.599043
[00:00:11] [worker #8] Bootstrap tree #201, logLikelihood: -612.599043
[00:00:11] [worker #14] Bootstrap tree #207, logLikelihood: -612.599043
[00:00:11] [worker #11] Bootstrap tree #204, logLikelihood: -612.599043
[00:00:11] [worker #19] Bootstrap tree #212, logLikelihood: -612.599043
[[0000:00:11] [worker #18] Bootstrap tree #211, logLikelihood: [:11] -612.5990430worker #15] Boot[
-612.599043:] [worker #26] Bootstrap tree #219, logLikelihood: -612.599043
-612.599043:] [worker #26] Bootstrap tree #219, logLikelihood: -612.599043


[00:00:11] [worker #2] Bootstrap tree #195, logLikelihood: -612.599043
[00:00:11] [worker #7] Bootstrap tree #200, logLikelihood: -605.012226
[00:00:11] [worker #22] Bootstrap tree #215, logLikelihood: -612.599043
[00:00:11] [worker #30] Bootstrap tree #223, logLikelihood: -612.599043
[00:00:11] [worker #28] Bootstrap tree #221, logLikelihood: -612.599043
[00:00:11] [worker #28] Bootstrap tree #221, logLikelihood: -612.599043
[00:00:11] [worker #5] Bootstrap tree #198, logLikelihood: -612.599043
[00
00:11] [worker #10] Bootstrap tree #203, logLikelihood: -612.599043
[00:00:11] [worker #25] Bootstrap tree #218, logLikelihood: -585.954210
[00:00:11] [worker #20] Bootstrap tree #213, logLikelihood: -612.434615
[00:00:11] [worker #9] Bootstrap tree #202, logLikelihood: -612.599043
[00:00:11] [worker #27] Bootstrap tree #220, logLikelihood: -612.599043
[00:00:11] [worker #21] Bootstrap tree #214, logLikelihood: -612.599043
[00:00:11] [worker #29] Bootstrap tree #222, logLikelihood: -605.149331
[00:00:11] [worker #13] Bootstrap tree #206, logLikelihood: -624.982404
[00:00:11] [worker #0] Bootstrap tree #193, logLikelihood: -613.236051
[00:00:11] [worker #23] Bootstrap tree #216, logLikelihood: -612.599043
[00:00:11] [worker #31] Bootstrap tree #224, logLikelihood: -612.599043
[00:00:11] [worker #3] Bootstrap tree #196, logLikelihood: -612.599043
[00:00:11] [worker #24] Bootstrap tree #217, logLikelihood: -612.599043
[00:00:11] [worker #12] Bootstrap tree #205, logLikelihood: -612.599043
[00:00:11] [worker #1] Bootstrap tree #226, logLikelihood: -598.281223
[00:00:11] [worker #6] Bootstrap tree #231, logLikelihood: -612.599043
[00:00:11] [worker #16] Bootstrap tree #241, logLikelihood: -612.599043
[00:00:11] [worker #8] Bootstrap tree #233, logLikelihood: -589.804944
[00:00:11] [worker #15] Bootstrap tree #240, logLikelihood: -580.055918
[00:00:11] [worker #14] Bootstrap tree #239, logLikelihood: -588.299692
[00:00:11] [worker #11] Bootstrap tree #236, logLikelihood: -610.410574
[00:00:11] [worker #7] Bootstrap tree #232, logLikelihood: -612.599043
[00:00:11] [worker #26] Bootstrap tree #251, logLikelihood: -612.599043
[00:00:11] [worker #18] Bootstrap tree #243, logLikelihood: -612.599043
[00:00:11] [worker #22] Bootstrap tree #247, logLikelihood: -612.599043
[00:00:11] [worker #30] Bootstrap tree #255, logLikelihood: -603.595184
[00:00:11] [worker #21] Bootstrap tree #246, logLikelihood: -610.321911
[00:00:11] [worker #2] Bootstrap tree #227, logLikelihood: -612.599043
[00:00:11] [worker #20] Bootstrap tree #245, logLikelihood: -612.599043
[00:00:11] [worker #27] Bootstrap tree #252, logLikelihood: -612.885906
[00:00:11] [worker #23] Bootstrap tree #248, logLikelihood: -603.556209
[00:00:11] [worker #5] Bootstrap tree #230, logLikelihood: -612.599043
-612.599043
[00:00:11] [worker #17] Bootstrap tree #242, logLikelihood: -612.599043
[00:00:11] [worker #28] Bootstrap tree #253, logLikelihood: -612.599043
[00:00:11] [worker #4] Bootstrap tree #229, logLikelihood: -612.599043
[00:00:11] [worker #25] Bootstrap tree #250, logLikelihood: -612.599043
[00:00:11] [worker #19] Bootstrap tree #244, logLikelihood: -612.599043
[00:00:11] [worker #10] Bootstrap tree #235, logLikelihood: -612.599043
[00:00:11] [worker #29] Bootstrap tree #254, logLikelihood: -608.379780
[00:00:11] [worker #13] Bootstrap tree #238, logLikelihood: -605.273524
[00:00:11] [worker #12] Bootstrap tree #237, logLikelihood: -612.599043
[00:00:11] [worker #31] Bootstrap tree #256, logLikelihood: -611.884720
[00:00:11] [worker #3] Bootstrap tree #228, logLikelihood: -614.114410
[00:00:11] [worker #0] Bootstrap tree #225, logLikelihood: -612.599043
[00:00:11] [worker #24] Bootstrap tree #249, logLikelihood: -599.070970
[00:00:18] Bootstrapping converged after 256 replicates.

Optimized model parameters:

   Partition 0: noname
   Rate heterogeneity: GAMMA (4 cats, mean),  alpha: 99.859140 (ML),  weights&rates: (0.250000,0.875820) (0.250000,0.964712) (0.250000,1.029568) (0.250000,1.129900) 
   Base frequencies (ML): 0.461527 0.104524 0.105546 0.328403 
   Substitution rates (ML): 0.001000 0.001000 0.001000 0.001000 0.001000 1.000000 


Final LogLikelihood: -612.599043

AIC score: 1357.198087 / AICc score: 1377.298087 / BIC score: 1636.279813
Free parameters (model + branch lengths): 66

WARNING: Best ML tree contains 26 near-zero branches!

Best ML tree with collapsed near-zero branches saved to: /mnt/lustre/RDS-live/downing/LSDV/GTPV_SPPV/results_SPPV/LSDV114.raxml.bestTreeCollapsed
Best ML tree saved to: /mnt/lustre/RDS-live/downing/LSDV/GTPV_SPPV/results_SPPV/LSDV114.raxml.bestTree
All ML trees saved to: /mnt/lustre/RDS-live/downing/LSDV/GTPV_SPPV/results_SPPV/LSDV114.raxml.mlTrees
Best ML tree with Felsenstein bootstrap (FBP) support values saved to: /mnt/lustre/RDS-live/downing/LSDV/GTPV_SPPV/results_SPPV/LSDV114.raxml.supportFBP
Best ML tree with Transfer bootstrap (TBE) support values saved to: /mnt/lustre/RDS-live/downing/LSDV/GTPV_SPPV/results_SPPV/LSDV114.raxml.supportTBE
Optimized model saved to: /mnt/lustre/RDS-live/downing/LSDV/GTPV_SPPV/results_SPPV/LSDV114.raxml.bestModel
Bootstrap trees saved to: /mnt/lustre/RDS-live/downing/LSDV/GTPV_SPPV/results_SPPV/LSDV114.raxml.bootstraps

Execution log saved to: /mnt/lustre/RDS-live/downing/LSDV/GTPV_SPPV/results_SPPV/LSDV114.raxml.log

Analysis started: 24-Nov-2025 18:32:19 / finished: 24-Nov-2025 18:32:37

Elapsed time: 18.295 seconds

