
RAxML-NG v. 1.2.2 released on 11.04.2024 by The Exelixis Lab.
Developed by: Alexey M. Kozlov and Alexandros Stamatakis.
Contributors: Diego Darriba, Tomas Flouri, Benoit Morel, Sarah Lutteropp, Ben Bettisworth, Julia Haag, Anastasis Togkousidis.
Latest version: https://github.com/amkozlov/raxml-ng
Questions/problems/suggestions? Please visit: https://groups.google.com/forum/#!forum/raxml

System: AMD EPYC 7543P 32-Core Processor, 32 cores, 995 GB RAM

RAxML-NG was called at 24-Nov-2025 14:00:18 as follows:

raxml-ng --all --msa region_LSDV012.aln --model GTR+G --prefix LSDV012 --seed 123 --bs-metric fbp,tbe --redo

Analysis options:
  run mode: ML tree search + bootstrapping (Felsenstein Bootstrap + Transfer Bootstrap)
  start tree(s): random (10) + parsimony (10)
  bootstrap replicates: parsimony (max: 1000) + bootstopping (autoMRE, cutoff: 0.030000)
  random seed: 123
  tip-inner: OFF
  pattern compression: ON
  per-rate scalers: OFF
  site repeats: ON
  logLH epsilon: general: 10.000000, brlen-triplet: 1000.000000
  fast spr radius: AUTO
  spr subtree cutoff: 1.000000
  fast CLV updates: ON
  branch lengths: proportional (ML estimate, algorithm: NR-FAST)
  SIMD kernels: AVX2
  parallelization: coarse-grained (auto), PTHREADS (auto)

WARNING: Running in REDO mode: existing checkpoints are ignored, and all result files will be overwritten!

[00:00:00] Reading alignment from file: region_LSDV012.aln
[00:00:00] Loaded alignment with 14 taxa and 654 sites

WARNING: Sequences NC_004003.1 and KX576657.1 are exactly identical!
WARNING: Sequences NC_004003.1 and AY077836.1 are exactly identical!
WARNING: Sequences NC_004003.1 and AY077835.1 are exactly identical!
WARNING: Sequences MW020570.1 and MN072620.1 are exactly identical!
WARNING: Sequences MN072621.1 and MH381810.1 are exactly identical!
WARNING: Sequences MN072621.1 and KC951854.1 are exactly identical!
WARNING: Duplicate sequences found: 6

NOTE: Reduced alignment (with duplicates and gap-only sites/taxa removed) 
NOTE: was saved to: /mnt/lustre/RDS-live/downing/LSDV/GTPV_SPPV/results_GTPV/LSDV012.raxml.reduced.phy

Alignment comprises 1 partitions and 41 patterns

Partition 0: noname
Model: GTR+FO+G4m
Alignment sites / patterns: 654 / 41
Gaps: 2.04 %
Invariant sites: 95.26 %


NOTE: Binary MSA file created: LSDV012.raxml.rba

Parallelization scheme autoconfig: 32 worker(s) x 1 thread(s)

[00:00:00] Generating 10 random starting tree(s) with 14 taxa
[00:00:00] Generating 10 parsimony starting tree(s) with 14 taxa
Parallel parsimony with 32 threads
Parallel reduction/worker buffer size: 1 KB  / 0 KB

[00:00:00] Data distribution: max. partitions/sites/weight per thread: 1 / 41 / 656
[00:00:00] Data distribution: max. searches per worker: 33

Starting ML tree search with 20 distinct starting trees

[00:00:00] [worker #16] ML tree search #17, logLikelihood: -971.977628
[00:00:00] [worker #11] ML tree search #12, logLikelihood: -971.977628
[00:00:00] [worker #1] ML tree search #2, logLikelihood: -971.977628
[00:00:00] [worker #0] ML tree search #1, logLikelihood: -971.977628
[00:00:00] [worker #7] ML tree search #8, logLikelihood: -971.977628
[00:00:00] [worker #19] ML tree search #20, logLikelihood: -971.977628
[00:00:00] [worker #15] ML tree search #16, logLikelihood: -971.977628
[00:00:00] [worker #5] ML tree search #6, logLikelihood: -971.977629
[00:00:00] [worker #14] ML tree search #15, logLikelihood: -971.977628
[00:00:00] [worker #8] ML tree search #9, logLikelihood: -971.977634
[00:00:00] [worker #3] ML tree search #4, logLikelihood: -971.977628
[00:00:00] [worker #6] ML tree search #7, logLikelihood: -971.977630
[00:00:00] [worker #4] ML tree search #5, logLikelihood: -971.977631
[00:00:00] [worker #17] ML tree search #18, logLikelihood: -971.977628
[00:00:00] [worker #13] ML tree search #14, logLikelihood: -971.977628
[00:00:00] [worker #9] ML tree search #10, logLikelihood: -971.977629
[00:00:00] [worker #2] ML tree search #3, logLikelihood: -971.977630
[00:00:00] [worker #10] ML tree search #11, logLikelihood: -971.977628
[00:00:00] [worker #18] ML tree search #19, logLikelihood: -971.977628
[00:00:00] [worker #12] ML tree search #13, logLikelihood: -971.977628

[00:00:00] ML tree search completed, best tree logLH: -971.977628

[00:00:00] Starting bootstrapping analysis with 1000 replicates.

[00:00:00] [worker #3] Bootstrap tree #4, logLikelihood: -912.026822
[00:00:00] [worker #16] Bootstrap tree #17, logLikelihood: -928.622080
[00:00:00] [worker #20] Bootstrap tree #21, logLikelihood: -946.643091
[00:00:00] [worker #7] Bootstrap tree #8, logLikelihood: -982.772462
[00:00:00] [worker #11] Bootstrap tree #12, logLikelihood: -977.077653
[00:00:00] [worker #29] Bootstrap tree #30, logLikelihood: -956.383178
[00:00:00] [worker #26] Bootstrap tree #27, logLikelihood: -962.927955
[00:00:00] [worker #19] Bootstrap tree #20, logLikelihood: -946.888818
[00:00:00] [worker #18] Bootstrap tree #19, logLikelihood: -948.338123
[00:00:00] [worker #25] Bootstrap tree #26, logLikelihood: -1029.140453
[00:00:00] [worker #27] Bootstrap tree #28, logLikelihood: -948.920284
[00:00:00] [worker #23] Bootstrap tree #24, logLikelihood: -984.005627
[00:00:00] [worker #4] Bootstrap tree #5, logLikelihood: -966.246773
[00:00:00] [worker #24] Bootstrap tree #25, logLikelihood: -953.019168
[00:00:00] [worker #24] Bootstrap tree #25, logLikelihood: -953.019168
[00:00:00] [worker #14] Bootstrap tree #15, logLikelihood: -957.359700
[00:00:00] [worker #31] Bootstrap tree #32, logLikelihood: -994.213558
[00:00:00] [worker #5] Bootstrap tree #6, logLikelihood: -910.267137
[00:00:00] [worker #22] Bootstrap tree #23, logLikelihood: -1000.714495
[00:00:00] [worker #8] Bootstrap tree #9, logLikelihood: -923.295460
[00:00:00] [worker #6] Bootstrap tree #7, logLikelihood: -903.148921
[00:00:00] [worker #30] Bootstrap tree #31, logLikelihood: -935.403212
[00:00:00] [worker #17] Bootstrap tree #18, logLikelihood: -990.476261
[00:00:00] [worker #15] Bootstrap tree #16, logLikelihood: -968.324066
[00:00:00] [worker #10] Bootstrap tree #11, logLikelihood: -1046.616660
[00:00:00] [worker #9] Bootstrap tree #10, logLikelihood: -1022.279123
[00:00:00] [worker #28] Bootstrap tree #29, logLikelihood: -1011.096589
[00:00:00] [worker #0] Bootstrap tree #1, logLikelihood: -1006.211811
[00:00:00] [worker #13] Bootstrap tree #14, logLikelihood: -990.842022
[00:00:00] [worker #21] Bootstrap tree #22, logLikelihood: -953.313554
[00:00:00] [worker #1] Bootstrap tree #2, logLikelihood: -1045.548787
[00:00:00] [worker #2] Bootstrap tree #3, logLikelihood: -988.266434
[00:00:00] [worker #12] Bootstrap tree #13, logLikelihood: -984.003759
[00:00:00] [worker #11] Bootstrap tree #44, logLikelihood: -968.802381
[00:00:00] [worker #7] Bootstrap tree #40, logLikelihood: -968.655990
[00:00:00] [worker #29] Bootstrap tree #62, logLikelihood: -997.812825
[00:00:00] [worker #3] Bootstrap tree #36, logLikelihood: -953.536115
[00:00:00] [worker #16] Bootstrap tree #49, logLikelihood: -963.115456
[00:00:00] [worker #20] Bootstrap tree #53, logLikelihood: -937.453445
[00:00:00] [worker #25] Bootstrap tree #58, logLikelihood: -957.400961
[00:00:00] [worker #18] Bootstrap tree #51, logLikelihood: -1027.309507
[00:00:00] [worker #19] Bootstrap tree #52, logLikelihood: -922.822781
[00:00:00] [worker #23] Bootstrap tree #56, logLikelihood: -951.616712
[00:00:00] [worker #8] Bootstrap tree #41, logLikelihood: -1027.363062
[00:00:00] [worker #10] Bootstrap tree #43, logLikelihood: -953.454619
[[0000::00] [worker #26] Bootstrap tree #59, logLikelihood: 00:00] [worker #31] Bootstrap tree #64, logLikelihood: -918.926362
[[0000::00] [worker #26] Bootstrap tree #59, logLikelihood: 00:00] [worker #31] Bootstrap tree #64, logLikelihood: -918.926362
-1003.001268
[00:00:00] [worker #4] Bootstrap tree #37, logLikelihood: -1002.404474
[00:00:00] [worker #27] Bootstrap tree #60, logLikelihood: -1007.336621
[00:00:00] [worker #24] Bootstrap tree #57, logLikelihood: -979.908890
[00:00:00] [worker #5] Bootstrap tree #38, logLikelihood: -953.083344
[00:00:00] [worker #15] Bootstrap tree #48, logLikelihood: -967.341697
[00:00:00] [worker #21] Bootstrap tree #54, logLikelihood: -896.203799
[00:00:00] [worker #22] Bootstrap tree #55, logLikelihood: -917.639831
[00:00:00] [worker #6] Bootstrap tree #39, logLikelihood: -1006.280217
[00:00:00] [worker #30] Bootstrap tree #63, logLikelihood: -1002.901021
[00:00:00] [worker #17] Bootstrap tree #50, logLikelihood: -948.393024
[00:00:00] [worker #12] Bootstrap tree #45, logLikelihood: -967.722074
[00:00:00] [worker #1] Bootstrap tree #34, logLikelihood: -992.442571
[00:00:00] [worker #14] Bootstrap tree #47, logLikelihood: -944.383026
[00:00:00] [worker #0] Bootstrap tree #33, logLikelihood: -993.719840
[00:00:00] [worker #13] Bootstrap tree #46, logLikelihood: -978.454033
[00:00:00] [worker #9] Bootstrap tree #42, logLikelihood: -977.257722
[00:00:00] [worker #2] Bootstrap tree #35, logLikelihood: -928.310091
[00:00:00] [worker #28] Bootstrap tree #61, logLikelihood: -962.779754
[00:00:00] [worker #13] Bootstrap tree #78, logLikelihood: -1015.825600
[00:00:00] [worker #22] Bootstrap tree #87, logLikelihood: -954.222823
[00:00:00] [worker #31] Bootstrap tree #96, logLikelihood: -978.204046
[00:00:00] [worker #26] Bootstrap tree #91, logLikelihood: -1022.259557
[00:00:00] [worker #8] Bootstrap tree #73, logLikelihood: -933.629604
[00:00:00] [worker #11] Bootstrap tree #76, logLikelihood: -979.924968
[00:00:00] [worker #19] Bootstrap tree #84, logLikelihood: -939.319067[
-1019.645367
[00:00:00] [worker #24] Bootstrap tree #89, logLikelihood: -960.060701
-986.151890
[00:00:00] [worker #2] Bootstrap tree #67, logLikelihood: -945.895479
[00:00:00] [worker #23] Bootstrap tree #88, logLikelihood: -870.770068
-1012.705180
[00:00:00] [worker #9] Bootstrap tree #74, logLikelihood: -984.217205
-971.839129[[
-951.7844960:00
-951.7844960:00
:00] [worker #5] Bootstrap tree #70, logLikelihood: -928.313698
[00:00:00] [worker #7] Bootstrap tree #72, logLikelihood: -986.101381
[00:00:00] [worker #1] Bootstrap tree #66, logLikelihood: -900.839065
[00:00:00] [worker #0] Bootstrap tree #65, logLikelihood: -919.101493
[00:00:00] [worker #18] Bootstrap tree #83, logLikelihood: -989.599286
[00:00:00] [worker #4] Bootstrap tree #69, logLikelihood: -962.872863
[00:00:00] [worker #16] Bootstrap tree #81, logLikelihood: -982.074245
[00:00:00] [worker #27] Bootstrap tree #92, logLikelihood: -946.203360
[00:00:00] [worker #3] Bootstrap tree #68, logLikelihood: -920.298989
[00:00:00] [worker #12] Bootstrap tree #77, logLikelihood: -908.667340
[00:00:00] [worker #20] Bootstrap tree #85, logLikelihood: -952.989389
[00:00:00] [worker #20] Bootstrap tree #85, logLikelihood: -952.989389
[00:00:00] [worker #28] Bootstrap tree #93, logLikelihood: -968.788399
[00:00:00] [worker #15] Bootstrap tree #80, logLikelihood: -995.939168
[00:00:00] [worker #6] Bootstrap tree #71, logLikelihood: -956.748902
[00:00:00] [worker #14] Bootstrap tree #79, logLikelihood: -999.687240
[00:00:00] [worker #17] Bootstrap tree #82, logLikelihood: -968.722792
[00:00:01] [worker #13] Bootstrap tree #110, logLikelihood: -891.282639
[00:00:01] [worker #19] Bootstrap tree #116, logLikelihood: -938.197680
[00:00:01] [worker #11] Bootstrap tree #108, logLikelihood: -940.193725
[00:00:01] [worker #29] Bootstrap tree #126, logLikelihood: -956.204029
[00:00:01] [worker #26] Bootstrap tree #123, logLikelihood: -955.320970
[00:00:01] [worker #31] Bootstrap tree #128, logLikelihood: [-996.74966900
[00:00:01] [worker #31] Bootstrap tree #128, logLikelihood: [-996.74966900
:00:01] [worker #8] Bootstrap tree #105, logLikelihood: -902.048129
[00:00:01] [worker #22] Bootstrap tree #119, logLikelihood: -986.094940
[00:00:01] [worker #21] Bootstrap tree #118, logLikelihood: -960.740446
[00:00:01] [worker #24] Bootstrap tree #121, logLikelihood: -896.942229
[00:00:01] [worker #10] Bootstrap tree #107, logLikelihood: -1037.839808
[00:00:01] [worker #30] Bootstrap tree #127, logLikelihood: -975.347091
[00:00:01] [worker #23] Bootstrap tree #120, logLikelihood: -949.245463
[00:00:01] [worker #2] Bootstrap tree #99, logLikelihood: -975.090314
[00:00:01] [worker #5] Bootstrap tree #102, logLikelihood: -913.199026
[00:00:01] [worker #3] Bootstrap tree #100, logLikelihood: -987.694540
[00:00:01] [worker #27] Bootstrap tree #124, logLikelihood: -960.857268
[00:00:01] [worker #25] Bootstrap tree #122, logLikelihood: -1029.371814
[00:00:01] [worker #18] Bootstrap tree #115, logLikelihood: -995.533917
[00:00:01] [worker #7] Bootstrap tree #104, logLikelihood: -971.879535
[00:00:01] [worker #20] Bootstrap tree #117, logLikelihood: -974.971386
[00:00:01] [worker #12] Bootstrap tree #109, logLikelihood: -966.771753
[00:00:01] [worker #9] Bootstrap tree #106, logLikelihood: [00-1009.296389:00:01] [worker #28] 
[00:00:01] [worker #9] Bootstrap tree #106, logLikelihood: [00-1009.296389:00:01] [worker #28] 
Bootstrap tree #125, logLikelihood: -987.855441
[00:00:01] [worker #17] Bootstrap tree #114, logLikelihood: -927.807323
[00:00:01] [worker #1] Bootstrap tree #98, logLikelihood: -996.765553
[00:00:01] [worker #0] Bootstrap tree #97, logLikelihood: -925.233454
[00:00:01] [worker #16] Bootstrap tree #113, logLikelihood: -965.528102
[00:00:01] [worker #6] Bootstrap tree #103, logLikelihood: -967.143784
[00:00:01] [worker #15] Bootstrap tree #112, logLikelihood: -1007.870476
[00:00:01] [worker #4] Bootstrap tree #101, logLikelihood: -996.868174
[00:00:01] [worker #14] Bootstrap tree #111, logLikelihood: -936.535071
[00:00:01] [worker #21] Bootstrap tree #150, logLikelihood: -920.252913
[00:00:01] [worker #30] Bootstrap tree #159, logLikelihood: -968.982877
[[00:00:01] [worker #23] Bootstrap tree #152, logLikelihood: -1061.600217
00:00:01] [worker #8] Bootstrap tree #137, logLikelihood: -994.728965
[00:00:01] [worker #24] Bootstrap tree #153, logLikelihood: -968.604727
00:00[0100:00:01] [worker #6] Bootstrap tree #] 135[worker #11] Bootstrap tree #140, logLikelihood: -968.259116
00:00[0100:00:01] [worker #6] Bootstrap tree #] 135[worker #11] Bootstrap tree #140, logLikelihood: -968.259116
-978.708415
:00:01] [worker #18] Bootstrap tree #147, logLikelihood: -1012.386258
[00:00:01] [worker #7] Bootstrap tree #136, logLikelihood: -945.887371
[00:00:01] [worker #25] Bootstrap tree #154, logLikelihood: -1005.150569
[00:00:01] [worker #29] Bootstrap tree #158, logLikelihood: -1025.047053
00:00:01] [worker #5] Bootstrap tree #134, logLikelihood: -1014.617152
[00:00:01] [worker #20] Bootstrap tree #149, logLikelihood: -942.015814
[worker #10] Bootstrap tree #139, logLikelihood: -978.329361
[00:00:01] [worker #28] Bootstrap tree #157, logLikelihood: -977.509351
-978.914286
[00:00:01] [worker #15] Bootstrap tree #144, logLikelihood: -950.380655
[00:00:01] [worker #26] Bootstrap tree #155, logLikelihood: -939.652048
[00:00:01] [worker #3] Bootstrap tree #132, logLikelihood: -1000.235995
[00:00:01] [worker #2] Bootstrap tree #131, logLikelihood: -943.567039
[00:00:01] [worker #19] Bootstrap tree #148, logLikelihood: -973.151583
[00:00:01] [worker #12] Bootstrap tree #141, logLikelihood: -939.260626
[00:00:01] [worker #22] Bootstrap tree #151, logLikelihood: -974.422804
[00:00:01] [worker #16] Bootstrap tree #145, logLikelihood: -942.710410
[00:00:01] [worker #13] Bootstrap tree #142, logLikelihood: -975.089941
[00:00:01] [worker #9] Bootstrap tree #138, logLikelihood: -930.254133
[00:00:01] [worker #1] Bootstrap tree #130, logLikelihood: -948.521919
[00:00:01] [worker #21] Bootstrap tree #182, logLikelihood: -955.597128
[00:00:01] [worker #17] Bootstrap tree #146, logLikelihood: -974.976261
[00:00:01] [worker #4] Bootstrap tree #133, logLikelihood: -968.202627
[00:00:01] [worker #0] Bootstrap tree #129, logLikelihood: -981.849646
[00:00:01] [worker #14] Bootstrap tree #143, logLikelihood: -922.316229
[00:00:01] [worker #31] Bootstrap tree #160, logLikelihood: -984.338206
[00:00:01] [worker #7] Bootstrap tree #168, logLikelihood: -1000.491760
[00:00:01] [worker #26] Bootstrap tree #187, logLikelihood: -964.792755
[00:00:01] [worker #19] Bootstrap tree #180, logLikelihood: -949.692265
[00:00:01] [worker #29] Bootstrap tree #190, logLikelihood: -972.134037
[00:00:01] [worker #8] Bootstrap tree #169, logLikelihood: -935.550675
[00:00:01] [worker #10] Bootstrap tree #171, logLikelihood: -953.420404
[00:00:01] [worker #3] Bootstrap tree #164, logLikelihood: -993.501972
00:00:01] [worker #18] Bootstrap tree #179, logLikelihood: -945.723358
[00:00:01] [worker #25] Bootstrap tree #186, logLikelihood: -978.160883
[00:00:01] [worker #11] Bootstrap tree #172, logLikelihood: -997.920585
[00:00:01] [worker #20] Bootstrap tree #181, logLikelihood: -973.384456
[00:00:01] [worker #12] Bootstrap tree #173, logLikelihood: -967.841046
[00:00:01] [worker #27] Bootstrap tree #188, logLikelihood: -966.441627
[00:00:01] [worker #5] Bootstrap tree #166, logLikelihood: -948.941058
[00:00:01] [worker #23] Bootstrap tree #184, logLikelihood: -920.828976
[00:00:01] [worker #16] Bootstrap tree #177, logLikelihood: -951.520269
[00:00:01] [worker #15] Bootstrap tree #176, logLikelihood: -942.129817
[00:00:01] [worker #2] Bootstrap tree #163, logLikelihood: -1050.421780
[00:00:01] [worker #13] Bootstrap tree #174, logLikelihood: -1001.253026
[00:00:01] [worker #30] Bootstrap tree #191, logLikelihood: -930.289215
[00:00:01] [worker #28] Bootstrap tree #189, logLikelihood: -982.339000
[00:00:01] [worker #24] Bootstrap tree #185, logLikelihood: -927.155967
[00:00:01] [worker #6] Bootstrap tree #167, logLikelihood: -971.735292
[00:00:01] [worker #22] Bootstrap tree #183, logLikelihood: -982.066654
[00:00:01] [worker #9] Bootstrap tree #170, logLikelihood: -906.090485
[00:00:01] [worker #1] Bootstrap tree #162, logLikelihood: -972.299531
[00:00:01] [worker #4] Bootstrap tree #165, logLikelihood: -1010.815127
[00:00:01] [worker #17] Bootstrap tree #178, logLikelihood: -989.134541
[00:00:01] [worker #31] Bootstrap tree #192, logLikelihood: -1011.305638
[00:00:01] [worker #14] Bootstrap tree #175, logLikelihood: -932.672877
[00:00:01] [worker #0] Bootstrap tree #161, logLikelihood: -922.903094
[00:00:01] [worker #19] Bootstrap tree #212, logLikelihood: -922.382501
[00:00:01] [worker #29] Bootstrap tree #222, logLikelihood: -963.901312
-1011.15690800:00:01] [worker #5] Bootstrap tree #198, logLikelihood: 
-1011.15690800:00:01] [worker #5] Bootstrap tree #198, logLikelihood: 
-1012.540492
[0[00:00001:] 00:01] [worker #10] Bootstrap tree #Bootstrap tree #195, logLikelihood: , logLikelihood: [00-938.650687:00:01] 


-935.321076
[00:00:01] [worker #28] Bootstrap tree #221, logLikelihood: -945.021433
[00:00:01] [worker #11] Bootstrap tree #204, logLikelihood: -942.988240
[00:00:01] [worker #25] Bootstrap tree #218, logLikelihood: -970.859901
[00:00:01] [worker #12] Bootstrap tree #205, logLikelihood: -1010.254159
[00:00:01] [worker #7] Bootstrap tree #200, logLikelihood: -965.321958
[00:00:01] [worker #18] Bootstrap tree #211, logLikelihood: -941.172865
[00:00:01] [worker #8] Bootstrap tree #201, logLikelihood: -964.803003
[00:00:01] [worker #3] Bootstrap tree #196, logLikelihood: -922.762561
[00:00:01] [worker #23] Bootstrap tree #216, logLikelihood: -973.693369
[00:00:01] [worker #6] Bootstrap tree #199, logLikelihood: -966.958453
[00:00:01] [worker #21] Bootstrap tree #214, logLikelihood: -1012.526672
[00:00:01] [worker #15] Bootstrap tree #208, logLikelihood: -953.473376
[00:00:01] [worker #26] Bootstrap tree #219, logLikelihood: -972.874771
[00:00:01] [worker #4] Bootstrap tree #197, logLikelihood: -989.963251
[00:00:01] [worker #1] Bootstrap tree #194, logLikelihood: -934.587074
[00:00:01] [worker #22] Bootstrap tree #215, logLikelihood: -954.874798
[00:00:01] [worker #20] Bootstrap tree #213, logLikelihood: -995.254308
[00:00:01] [worker #31] Bootstrap tree #224, logLikelihood: -965.238200
[00:00:01] [worker #16] Bootstrap tree #209, logLikelihood: -976.422297
[00:00:01] [worker #17] Bootstrap tree #210, logLikelihood: -977.417474
[00:00:01] [worker #0] Bootstrap tree #193, logLikelihood: -978.164621
[00:00:01] [worker #28] Bootstrap tree #253, logLikelihood: -944.123691
[00:00:01] [worker #14] Bootstrap tree #207, logLikelihood: -911.286720
[00:00:01] [worker #24] Bootstrap tree #217, logLikelihood: -1002.214698
[00:00:01] [worker #9] Bootstrap tree #202, logLikelihood: -925.486795
[00:00:01] [worker #5] Bootstrap tree #230, logLikelihood: -930.388603
[00:00:01] [worker #12] Bootstrap tree #237, logLikelihood: -947.551648
[00:00:01] [worker #27] Bootstrap tree #252, logLikelihood: -933.459831
[00:00:01] [worker #13] Bootstrap tree #238, logLikelihood: [00:00:01] -975.391743[worker #26] Bootstrap tree #251, logLikelihood: 
000:00:01] [worker #13] Bootstrap tree #238, logLikelihood: [00:00:01] -975.391743[worker #26] Bootstrap tree #251, logLikelihood: 
-959.253089
[00:00:01] [worker #30] Bootstrap tree #255: logLikelihood: 00:01] [worker #19] Bootstrap tree #244, logLikelihood: -922.863167
[00:00:01] [worker #30] Bootstrap tree #255: logLikelihood: 00:01] [worker #19] Bootstrap tree #244, logLikelihood: -922.863167
-954.949391
[00:00:01] [worker #25] Bootstrap tree #250, logLikelihood: -978.530279
[00:00:01] [worker #7] Bootstrap tree #232, logLikelihood: -964.852139
[00:00:01] [worker #29] Bootstrap tree #254, logLikelihood: -950.029558
[00:00:01] [worker #8] Bootstrap tree #233, logLikelihood: -985.257635
-990.074024[00:00:01] [worker #21] Bootstrap tree #246, logLikelihood: 
[worker #3] 00:00:01] [worker #21] Bootstrap tree #246, logLikelihood: 
[-917.16818700
Bootstrap tree #228, logLikelihood: -918.222296
[00:00:01] [worker #15] Bootstrap tree #240, logLikelihood: [-930.86220800:00:01]-921.734639[worker #15] Bootstrap tree #240, logLikelihood: [-930.86220800:00:01] [worker #2] Bootstrap tree #227, logLikelihood: [-989.6866670:00

[00:00:01] [worker #16] Bootstrap tree #241, logLikelihood: -1001.035582
[00:00:01] [worker #20] Bootstrap tree #245, logLikelihood: -972.362061
[00:00:01] [worker #11] Bootstrap tree #236, logLikelihood: -950.631391
[00:00:01] [worker #10] Bootstrap tree #235, logLikelihood: [00:00:01] [worker #4] Bootstrap tree #229, logLikelihood: 
[00:00:01] [worker #10] Bootstrap tree #235, logLikelihood: [00:00:01] [worker #4] Bootstrap tree #229, logLikelihood: 
-975.189724
[00:00:01] [worker #17] Bootstrap tree #242, logLikelihood: -961.386509
[00:00:01] [worker #6] Bootstrap tree #231, logLikelihood: -940.328917
[00:00:01] [worker #31] Bootstrap tree #256, logLikelihood: -1011.163382
[00:00:01] [worker #1] Bootstrap tree #226, logLikelihood: -988.757057
[00:00:01] [worker #22] Bootstrap tree #247, logLikelihood: -989.916039
[00:00:01] [worker #0] Bootstrap tree #225, logLikelihood: -948.647870
[00:00:01] [worker #24] Bootstrap tree #249, logLikelihood: -1013.773121
[00:00:01] [worker #14] Bootstrap tree #239, logLikelihood: -1009.170687
[00:00:01] [worker #9] Bootstrap tree #234, logLikelihood: -960.163336
[00:00:02] [worker #7] Bootstrap tree #264, logLikelihood: -937.825179
[00:00:02] [worker #10] Bootstrap tree #267, logLikelihood: -911.938943
[00:00:02] [worker #5] Bootstrap tree #262, logLikelihood: -968.933299
[00:00:02] [worker #13] Bootstrap tree #270, logLikelihood: -961.299320
[00:00:02] [worker #28] Bootstrap tree #285, logLikelihood: -951.774727
00:00:02] [worker #25] Bootstrap tree #282, logLikelihood: -977.608006
[00:00:02] [worker #9] Bootstrap tree #266, logLikelihood: [-926.461032
-[00:00:02] [worker #19] B276, logLikelihood: 
-[00:00:02] [worker #19] B276, logLikelihood: 
-973.390635
-[00:00:02] [worker #19] B276, logLikelihood: 
-973.390635
:00:02] [worker #18] Bootstrap tree #275, logLikelihood: -991.033037
[00:00:02] [worker #8] Bootstrap tree #265, logLikelihood: -949.458637
[00:00:02] [worker #31] Bootstrap tree #288, logLikelihood: -961.476128
[00:00:02] [worker #22] Bootstrap tree #279, logLikelihood: -992.894959
-922.440314[[
00::[-961.662606020] 
Bootstrap tree #-954.392186Bootstrap tree #
272, logLikelihood: 280, logLikelihood: -968.130491-894.941233
272, logLikelihood: 280, logLikelihood: -968.130491-894.941233

[00:00:02] [worker #17] Bootstrap tree #274, logLikelihood: -977.130457
[00:00:02] [worker #3] Bootstrap tree #260, logLikelihood: -996.693621
[00:00:02] [worker #12] Bootstrap tree #269, logLikelihood: -1001.773314
[00:00:02] [worker #26] Bootstrap tree #283, logLikelihood: -944.707255
:00:02] [worker #20] Bootstrap tree #277, logLikelihood: -998.556997
[00:00:02] [worker #4] Bootstrap tree #261, logLikelihood: -937.680265
[00:00:02] [worker #14] Bootstrap tree #271, logLikelihood: -992.779393
[00:00:02] [worker #29] Bootstrap tree #286, logLikelihood: -1004.683922
[00:00:02] [worker #16] Bootstrap tree #273, logLikelihood: -960.543416
[00:00:02] [worker #24] Bootstrap tree #281, logLikelihood: -977.842383
258, logLikelihood: -1017.407371
[00:00:02] [worker #6] Bootstrap tree #263, logLikelihood: -1030.080052
[00:00:02] [worker #0] Bootstrap tree #257, logLikelihood: -896.019894
[00:00:02] [worker #11] Bootstrap tree #268, logLikelihood: -937.750898
[00:00:02] [worker #13] Bootstrap tree #302, logLikelihood: -911.266656
[00:00:02] [worker #10] Bootstrap tree #299, logLikelihood: -986.346388
[00:00:02] [worker #28] Bootstrap tree #317, logLikelihood: [-1003.96513900
:
[00:00:02] [worker #3] Bootstrap tree #292, logLikelihood: -1018.522560
[00:00:02] [worker #25] Bootstrap tree #314, logLikelihood: -972.338164
[00:00:02] [worker #23] Bootstrap tree #312, logLikelihood: -998.868382
[00:00:02] [worker #18] Bootstrap tree #307, logLikelihood: -991.140509
309, logLikelihood: [-955.065833
-936.337146
[00:00:02] [worker #12] Bootstrap tree #301, logLikelihood: -966.381919
[00:00:02] [worker #15] Bootstrap tree #304, logLikelihood: -929.918062
-948.424499[00:00:02] [worker #2] Bootstrap tree #291, logLikelihood: -934.694729
-948.424499[00:00:02] [worker #2] Bootstrap tree #291, logLikelihood: -934.694729

[00:00:02] [worker #19] Bootstrap tree #308, logLikelihood: -905.304112
[00:00:02] [worker #30] Bootstrap tree #319, logLikelihood: -965.982517
[00:00:02] [worker #26] Bootstrap tree #315, logLikelihood: -905.116844
[00:00:02] [worker #7] Bootstrap tree #296, logLikelihood: -921.306635
[00:00:02] [worker #21] Bootstrap tree #310, logLikelihood: -914.329343
[00:00:02] [worker #14] Bootstrap tree #303, logLikelihood: -879.606528
[00:00:02] [worker #29] Bootstrap tree #318, logLikelihood: -944.815826
-902.415610
[00:00:02] [worker #9] Bootstrap tree #298, logLikelihood: -960.034619
[00:00:02] [worker #31] Bootstrap tree #320, logLikelihood: -979.526106
[00:00:02] [worker #17] Bootstrap tree #306, logLikelihood: -990.399301
[00:00:02] [worker #4] Bootstrap tree #293, logLikelihood: -965.910234
[00:00:02] [worker #16] Bootstrap tree #305, logLikelihood: -978.242792
[00:00:02] [worker #24] Bootstrap tree #313, logLikelihood: -952.217241
[00:00:02] [worker #1] Bootstrap tree #290, logLikelihood: -971.662532
[00:00:02] [worker #0] Bootstrap tree #289, logLikelihood: -910.752908
[00:00:02] [worker #11] Bootstrap tree #300, logLikelihood: -1013.364306
[00:00:02] [worker #6] Bootstrap tree #295, logLikelihood: -954.198258
[00:00:02] [worker #15] Bootstrap tree #336, logLikelihood: -989.723475
[00:00:02] [worker #8] Bootstrap tree #329, logLikelihood: -935.507071
[00:00:02] [worker #30] Bootstrap tree #351, logLikelihood: -959.434012
[00:00:02] [worker #3] Bootstrap tree #324, logLikelihood: -989.112869
[00:00:02] [worker #26] Bootstrap tree #347, logLikelihood: -984.712339
[00:00:02] [worker #23] Bootstrap tree #344, logLikelihood: -998.041566
[00:00:02] [worker #13] Bootstrap tree #334, logLikelihood: -946.667826
[00:00:02] [worker #27] Bootstrap tree #348, logLikelihood: -952.977996
[00:00:02] [worker #2] Bootstrap tree #323, logLikelihood: -988.377762
[00:00:02] [worker #5] Bootstrap tree #326, logLikelihood: -915.350311
[00:00:02] [worker #25] Bootstrap tree #346, logLikelihood: -978.397815
[-953.198382[00:00:02:] 00[worker #10] :Bootstrap tree #02331
-981.068086

[00:00:02] [worker #28] Bootstrap tree #349, logLikelihood: -966.492830
[00:00:02] [worker #7] Bootstrap tree #328, logLikelihood: -989.565262
[00:00:02] [worker #0] Bootstrap tree #321, logLikelihood: -961.613828
[00:00:02] [worker #21] Bootstrap tree #342, logLikelihood: -1007.246652
[00:00:02] [worker #18] Bootstrap tree #339, logLikelihood: -939.107606
[00:00:02] [worker #17] Bootstrap tree #338, logLikelihood: -928.372569
[00:00:02] [worker #4] Bootstrap tree #325, logLikelihood: -961.871106
[00:00:02] [worker #1] Bootstrap tree #322, logLikelihood: -918.714060
[00:00:02] [worker #12] Bootstrap tree #333, logLikelihood: -944.390516
[00:00:02] [worker #24] Bootstrap tree #345, logLikelihood: -947.756754
[00:00:02] [worker #20] Bootstrap tree #341, logLikelihood: -947.322015
[00:00:02] [worker #9] Bootstrap tree #330, logLikelihood: -973.854318
[00:00:02] [worker #29] Bootstrap tree #350, logLikelihood: -915.409222
[00:00:02] [worker #11] Bootstrap tree #332, logLikelihood: -992.957227
[00:00:02] [worker #31] Bootstrap tree #352, logLikelihood: -966.740306
[00:00:02] [worker #6] Bootstrap tree #327, logLikelihood: -953.993098
[00:00:02] [worker #16] Bootstrap tree #337, logLikelihood: -932.149121
[00:00:02] [worker #14] Bootstrap tree #335, logLikelihood: -980.808404
[00:00:02] [worker #8] Bootstrap tree #361, logLikelihood: -982.922649
[00:00:02] [worker #13] Bootstrap tree #366, logLikelihood: -990.672502
[00:00:02] [worker #30] Bootstrap tree #383, logLikelihood: -948.767202
[00:00:02] [worker #26] Bootstrap tree #379, logLikelihood: -913.138079
[00:00:02] [worker #3] Bootstrap tree #356, logLikelihood: -903.133029
[00:00:02] [worker #21] Bootstrap tree #374, logLikelihood: -942.255850
[00:00:02] [worker #21] Bootstrap tree #374, logLikelihood: -942.255850
[00:00:02] [worker #23] Bootstrap tree #376, logLikelihood: -947.067033
[00:00:02] [worker #19] Bootstrap tree #372, logLikelihood: -963.039095
[00:00:02] [worker #15] Bootstrap tree #368, logLikelihood: -946.662327
[00:00:02] [worker #25] Bootstrap tree #378, logLikelihood: -973.024146
[00:00:02] [worker #27] Bootstrap tree #380, logLikelihood: -923.423000
[00:00:02] [worker #10] Bootstrap tree #363, logLikelihood: -976.959309
[00:00:02] [worker #5] Bootstrap tree #358, logLikelihood: -1031.520332
[00:00:02] [worker #2] Bootstrap tree #355, logLikelihood: -963.957605
[00:00:02] [worker #7] Bootstrap tree #360, logLikelihood: -955.906777
[00:00:02] [worker #22] Bootstrap tree #375, logLikelihood: -942.869925
[00:00:02] [worker #17] Bootstrap tree #370, logLikelihood: -925.133670
[00:00:02] [worker #4] Bootstrap tree #357, logLikelihood: -928.416355
[00:00:02] [worker #28] Bootstrap tree #381, logLikelihood: -990.595488
[00:00:02] [worker #12] Bootstrap tree #365, logLikelihood: -992.452639
[00:00:02] [worker #18] Bootstrap tree #371, logLikelihood: -919.903885
[00:00:02] [worker #9] Bootstrap tree #362, logLikelihood: -974.332499
[00:00:02] [worker #20] Bootstrap tree #373, logLikelihood: -991.509416
[00:00:02] [worker #0] Bootstrap tree #353, logLikelihood: -973.201330
[00:00:02] [worker #16] Bootstrap tree #369, logLikelihood: -1016.586975
[00:00:02] [worker #31] Bootstrap tree #384, logLikelihood: -966.518835
[00:00:02] [worker #1] Bootstrap tree #354, logLikelihood: -937.809326
[00:00:02] [worker #29] Bootstrap tree #382, logLikelihood: [00:00-904.080703:02] [worker #11] Bootstrap tree #364, logLikelihood: 
[00:00:02] [worker #29] Bootstrap tree #382, logLikelihood: [00:00-904.080703:02] [worker #11] Bootstrap tree #364, logLikelihood: 
-998.354888
[00:00:02] [worker #14] Bootstrap tree #367, logLikelihood: -952.175997
[00:00:02] [worker #6] Bootstrap tree #359, logLikelihood: -916.595939
[00:00:02] [worker #24] Bootstrap tree #377, logLikelihood: -1000.821779
[00:00:03] [worker #7] Bootstrap tree #392, logLikelihood: -995.027488
[00:00:03] [worker #16] Bootstrap tree #401, logLikelihood: -955.942246
[00:00:03] [worker #23] Bootstrap tree #408, logLikelihood: -977.787968
[00:00:03] [worker #20] Bootstrap tree #405, logLikelihood: -972.846823
[00:00:03] [worker #3] Bootstrap tree #388, logLikelihood: -959.634043
[00:00:03] [worker #12] Bootstrap tree #397, logLikelihood: -977.390536
[00:00:03] [worker #19] Bootstrap tree #404, logLikelihood: -930.608474
[00:00:03] [worker #21] Bootstrap tree #406, logLikelihood: -998.071278
[00:00:03] [worker #8] Bootstrap tree #393, logLikelihood: -985.616436
[00:00:03] [worker #9] Bootstrap tree #394, logLikelihood: -926.046470
[00:00:03] [worker #2] Bootstrap tree #387, logLikelihood: -968.738000
[00:00:03] [worker #27] Bootstrap tree #412, logLikelihood: -909.111310
[00:00:03] [worker #13] Bootstrap tree #398, logLikelihood: -1029.217997
[00:00:03] [worker #10] Bootstrap tree #395, logLikelihood: -983.932919
[00:00:03] [worker #26] Bootstrap tree #411, logLikelihood: -916.058123
[00:00:03] [worker #4] Bootstrap tree #389, logLikelihood: -919.846464
[00:00:03] [worker #18] Bootstrap tree #403, logLikelihood: -942.370807
[00:00:03] [worker #17] Bootstrap tree #402, logLikelihood: -958.450080
[00:00:03] [worker #5] Bootstrap tree #390, logLikelihood: -900.913445
[00:00:03] [worker #30] Bootstrap tree #415, logLikelihood: -953.942510
[00:00:03] [worker #25] Bootstrap tree #410, logLikelihood: -980.501068
[00:00:03] [worker #28] Bootstrap tree #413, logLikelihood: -987.441299
[00:00:03] [worker #14] Bootstrap tree #399, logLikelihood: -1061.037629
[00:00:03] [worker #29] Bootstrap tree #414, logLikelihood: -900.300653
[00:00:03] [worker #11] Bootstrap tree #396, logLikelihood: -934.326137
[00:00:03] [worker #31] Bootstrap tree #416, logLikelihood: -947.010718
[00:00:03] [worker #24] Bootstrap tree #409, logLikelihood: -1033.482239
[00:00:03] [worker #22] Bootstrap tree #407, logLikelihood: -965.186537
[00:00:03] [worker #1] Bootstrap tree #386, logLikelihood: -907.458343
[00:00:03] [worker #23] Bootstrap tree #440, logLikelihood: -935.425333
[00:00:03] [worker #15] Bootstrap tree #400, logLikelihood: -985.143153
[00:00:03] [worker #16] Bootstrap tree #433, logLikelihood: -972.679317
00:00:03] [worker #7] Bootstrap tree #424, logLikelihood: -899.517290
[00:00:03] [worker #0] Bootstrap tree #385, logLikelihood: -986.205619
00:00:03] [worker #6] Bootstrap tree #391, logLikelihood: -972.898692
[00:00:03] [worker #21] Bootstrap tree #438, logLikelihood: -994.948446
[00:00:03] [worker #26] Bootstrap tree #443, logLikelihood: -974.359972
[00:00:03] [worker #12] Bootstrap tree #429, logLikelihood: -955.528052
[00:00:03] [worker #9] Bootstrap tree #426, logLikelihood: -942.845760
[00:00:03] [worker #3] Bootstrap tree #420, logLikelihood: -976.112257
[00:00:03] [worker #20] Bootstrap tree #437, logLikelihood: -961.322073
[00:00:03] [worker #17] Bootstrap tree #434, logLikelihood: -977.548513
[00:00:03] [worker #2] Bootstrap tree #419, logLikelihood: -968.325309
[00:00:03] [worker #25] Bootstrap tree #442, logLikelihood: -991.527775
[00:00:03] [worker #8] Bootstrap tree #425, logLikelihood: -931.234522
[00:00:03] [worker #13] Bootstrap tree #430, logLikelihood: -1021.233084
[00:00:03] [worker #5] Bootstrap tree #422, logLikelihood: -923.549431
[00:00:03] [worker #11] Bootstrap tree #428, logLikelihood: -980.179660
[00:00:03] [worker #19] Bootstrap tree #436, logLikelihood: -988.731313
[00:00:03] [worker #4] Bootstrap tree #421, logLikelihood: -990.500077
[00:00:03] [worker #18] Bootstrap tree #435, logLikelihood: -997.103057
[00:00:03] [worker #10] Bootstrap tree #427, logLikelihood: -960.933336
[00:00:03] [worker #30] Bootstrap tree #447, logLikelihood: -963.336463
[00:00:03] [worker #27] Bootstrap tree #444, logLikelihood: -970.909424
[00:00:03] [worker #28] Bootstrap tree #445, logLikelihood: -950.142528
[00:00:03] [worker #29] Bootstrap tree #446, logLikelihood: -972.546681
431, logLikelihood: -953.460360
[00:00:03] [worker #22] Bootstrap tree #439, logLikelihood: -936.773907
[00:00:03] [worker #1] Bootstrap tree #418, logLikelihood: -966.926232
[00:00:03] [worker #24] Bootstrap tree #441, logLikelihood: -915.310923
[00:00:03] [worker #6] Bootstrap tree #423, logLikelihood: -1007.492170
[00:00:03] [worker #31] Bootstrap tree #448, logLikelihood: -974.435284
[00:00:03] [worker #15] Bootstrap tree #432, logLikelihood: -978.072449
[00:00:03] [worker #0] Bootstrap tree #417, logLikelihood: -962.494147
[00:00:03] [worker #20] Bootstrap tree #469, logLikelihood: -947.205282
[00:00:03] [worker #3] Bootstrap tree #452, logLikelihood: -986.738398
[00:00:03] [worker #23] Bootstrap tree #472, logLikelihood: -948.246912
[00:00:03] [worker #5] Bootstrap tree #454, logLikelihood: -953.134635
[00:00:03] [worker #8] Bootstrap tree #457, logLikelihood: [-900.9342170:00:03][00:00:03] [worker #8] Bootstrap tree #457, logLikelihood: [-900.9342170:00:03] [worker #31] Bootstrap tree #480, logLikelihood: -1002.700599
[00:00:03] [worker #21] Bootstrap tree #470, logLikelihood: -991.199954
[00:00:03] [worker #19] Bootstrap tree #468, logLikelihood: [

[00:00:03] [worker #2] Bootstrap tree #451, logLikelihood: -950.292756
[00:00:03] [worker #26] Bootstrap tree #475, logLikelihood: -994.424996
[00:00:03] [worker #30] Bootstrap tree #479, logLikelihood: -971.600611
[00:00:03] [worker #27] Bootstrap tree #476, logLikelihood: -930.146529
[00:00:03] [worker #25] Bootstrap tree #474, logLikelihood: -1012.552386
[00:00:03] [worker #4] Bootstrap tree #453, logLikelihood: -1004.234687
00[:00:03] [worker #6] Bootstrap tree #455, logLikelihood: -1002.5262310:00
-1001.837882
[00:00:03] [worker #17] Bootstrap tree #466, logLikelihood: -946.334006
[00:00:03] [worker #22] Bootstrap tree #471, logLikelihood: -953.559595
[00:00:03] [worker #29] Bootstrap tree #478, logLikelihood: -995.313937
[00:00:03] [worker #14] Bootstrap tree #463, logLikelihood: -974.383478
[00:00:03] [worker #7] Bootstrap tree #456, logLikelihood: -1019.776226
[00:00:03] [worker #18] Bootstrap tree #467, logLikelihood: -973.863798
[00:00:03] [worker #12] Bootstrap tree #461, logLikelihood: -973.880706
[00:00:03] [worker #10] Bootstrap tree #459, logLikelihood: -958.827479
[00:00:03] [worker #0] Bootstrap tree #449, logLikelihood: -966.162457
[00:00:03] [worker #9] Bootstrap tree #458, logLikelihood: -932.254988
[00:00:03] [worker #28] Bootstrap tree #477, logLikelihood: -993.564259
[00:00:03] [worker #15] Bootstrap tree #464, logLikelihood: -1005.792895
[00:00:03] [worker #13] Bootstrap tree #462, logLikelihood: -932.644154
[00:00:03] [worker #1] Bootstrap tree #450, logLikelihood: -953.518949
[00:00:03] [worker #11] Bootstrap tree #460, logLikelihood: -954.457253
[00:00:03] [worker #20] Bootstrap tree #501, logLikelihood: -951.740341
[00:00:03] [worker #2] Bootstrap tree #483, logLikelihood: -924.141747
[00:00:03] [worker #21] Bootstrap tree #502, logLikelihood: -978.090274
00:00:03] [worker #8] Bootstrap tree #489, logLikelihood: -922.576739
[00:00:03] [worker #25] Bootstrap tree #506, logLikelihood: -969.590831
03] [worker #3] Bootstrap tree #484, logLikelihood: -976.847221
[00:00:03] [worker #30] Bootstrap tree #511, logLikelihood: -976.775067
[worker #19] [Bootstrap tree #500, logLikelihood: -966.508195
-997.254360
[00:00:03] [worker #23] Bootstrap tree #504, logLikelihood: -964.892266
[worker #31] Bootstrap tree #512, logLikelihood: -935.254322
[00:00:03] [worker #26] Bootstrap tree #507, logLikelihood: -1000.075359
[00:00:03] [worker #27] Bootstrap tree #508, logLikelihood: -1010.113834
-978.209612
[00:00:03] [worker #10] Bootstrap tree #491, logLikelihood: -948.165342
[00:00:03] [worker #22] Bootstrap tree #503, logLikelihood: -1012.780889
[00:00:03] [worker #12] Bootstrap tree #493, logLikelihood: -878.941713
[00:00:03] [worker #16] Bootstrap tree #497, logLikelihood: -1003.892626
[00:00:03] [worker #24] Bootstrap tree #505, logLikelihood: -967.196980
[00:00:03] [worker #5] Bootstrap tree #486, logLikelihood: -905.860425
[00:00:03] [worker #7] Bootstrap tree #488, logLikelihood: -947.984086
[00:00:03] [worker #29] Bootstrap tree #510, logLikelihood: -984.124981
[00:00:03] [worker #6] Bootstrap tree #487, logLikelihood: -1018.551210
[00:00:03] [worker #18] Bootstrap tree #499, logLikelihood: -956.102560
[00:00:03] [worker #13] Bootstrap tree #494, logLikelihood: -1052.994831
[00:00:03] [worker #15] Bootstrap tree #496, logLikelihood: -926.489839
[00:00:03] [worker #14] Bootstrap tree #495, logLikelihood: -927.731611
[00:00:03] [worker #1] Bootstrap tree #482, logLikelihood: -990.092697
[00:00:03] [worker #11] Bootstrap tree #492, logLikelihood: -965.792300
[00:00:03] [worker #9] Bootstrap tree #490, logLikelihood: -955.703561
[00:00:03] [worker #28] Bootstrap tree #509, logLikelihood: -952.489600
[00:00:03] [worker #0] Bootstrap tree #481, logLikelihood: -928.129626
[00:00:04] [worker #26] Bootstrap tree #539, logLikelihood: -966.038207
[00:00:04] [worker #13] Bootstrap tree #526, logLikelihood: -1021.117285
[00:00:04] [worker #13] Bootstrap tree #526, logLikelihood: -1021.117285
[00:00:04] [worker #4] Bootstrap tree #517, logLikelihood: -942.165845
[00:00:04] [worker #24] Bootstrap tree #537, logLikelihood: -933.763101
[00:00:04] [worker #16] Bootstrap tree #529, logLikelihood: -944.780533
[00:00:04] [worker #23] Bootstrap tree #536, logLikelihood: -955.605944
[00:00:04] [worker #21] Bootstrap tree #534, logLikelihood: [00:00:04] -949.941447[worker #10] Bootstrap tree #523, logLikelihood: 
-984.458516[worker #21] Bootstrap tree #534, logLikelihood: [00:00:04] -949.941447[worker #10] Bootstrap tree #523, logLikelihood: 
-921.090302

[00:00:04] [worker #17] Bootstrap tree #530, logLikelihood: -922.810688
[00:00:04] [worker #12] Bootstrap tree #525, logLikelihood: -962.358408
[00:00:04] [worker #25] Bootstrap tree #538, logLikelihood: -1005.421853
-1016.328228[00:00:04

[00:00:04] [worker #3] Bootstrap tree #516, logLikelihood: -992.680048
[00:00:04] [worker #20] Bootstrap tree #533, logLikelihood: -980.861567
[00:00:04] [worker #8] Bootstrap tree #521, logLikelihood: -1013.718569
[00:00:04] [worker #7] Bootstrap tree #520, logLikelihood: -1021.712437
[00:00:04] [worker #19] Bootstrap tree #532, logLikelihood: -969.027862
[00:00:04] [worker #5] Bootstrap tree #518, logLikelihood: -979.573300
[00:00:04] [worker #2] Bootstrap tree #515, logLikelihood: -944.585580
:04] [worker #27] Bootstrap tree #540, logLikelihood: -944.700978
[00:00:04] [worker #6] Bootstrap tree #519, logLikelihood: -917.926953
[00:00:04] [worker #11] Bootstrap tree #524, logLikelihood: -991.013649
[00:00:04] [worker #1] Bootstrap tree #514, logLikelihood: -911.724474
[00:00:04] [worker #29] Bootstrap tree #542, logLikelihood: -966.153857
[00:00:04] [worker #9] Bootstrap tree #522, logLikelihood: -959.545339
[00:00:04] [worker #9] Bootstrap tree #522, logLikelihood: -959.545339
[00:00:04] [worker #22] Bootstrap tree #535, logLikelihood: -905.365502
[00:00:04] [worker #14] Bootstrap tree #527, logLikelihood: -973.256211
[00:00:04] [worker #15] Bootstrap tree #528, logLikelihood: -955.453879
[00:00:04] [worker #28] Bootstrap tree #541, logLikelihood: -940.317627
[00:00:04] [worker #0] Bootstrap tree #513, logLikelihood: -978.594314
[00:00:04] [worker #12] Bootstrap tree #557, logLikelihood: -982.946314
[00:00:04] [worker #24] Bootstrap tree #569, logLikelihood: -1018.244017
[00:00:04] [worker #4] Bootstrap tree #549, logLikelihood: -999.060252
[00:00:04] [worker #18] Bootstrap tree #563, logLikelihood: -1005.700982
[00:00:04] [worker #13] Bootstrap tree #558, logLikelihood: -972.920806
[00:00:04] [worker #10] Bootstrap tree #555, logLikelihood: -1000.952613
[00:00:04] [worker #31] Bootstrap tree #576, logLikelihood: -965.882674
[00:00:04] [worker #21] Bootstrap tree #566, logLikelihood: -1051.120734
[00:00:04] [worker #23] Bootstrap tree #568, logLikelihood: -954.911935
[00:00:04] [worker #19] Bootstrap tree #564, logLikelihood: -1029.670387
[00:00:04] [worker #8] Bootstrap tree #553, logLikelihood: -960.699325
[00:00:04] [worker #11] Bootstrap tree #556, logLikelihood: -965.563759
[00:00:04] [worker #16] Bootstrap tree #561, logLikelihood: -1009.968574
[00:00:04] [worker #7] Bootstrap tree #552, logLikelihood: -972.738201
[00:00:04] [worker #20] Bootstrap tree #565, logLikelihood: -934.479524
[00:00:04] [worker #2] Bootstrap tree #547, logLikelihood: -1001.147510
[00:00:04] [worker #5] Bootstrap tree #550, logLikelihood: -983.466852
[00:00:04] [worker #3] Bootstrap tree #548, logLikelihood: -977.609875
[00:00:04] [worker #26] Bootstrap tree #571, logLikelihood: -967.059129
[00:00:04] [worker #27] Bootstrap tree #572, logLikelihood: -1016.604194
[00:00:04] [worker #25] Bootstrap tree #570, logLikelihood: -947.427700
[00:00:04] [worker #6] Bootstrap tree #551, logLikelihood: -982.719620
[00:00:04] [worker #17] Bootstrap tree #562, logLikelihood: -950.218643
[00:00:04] [worker #30] Bootstrap tree #575, logLikelihood: -959.959513
[00:00:04] [worker #9] Bootstrap tree #554, logLikelihood: -930.348907
[00:00:04] [worker #29] Bootstrap tree #574, logLikelihood: -1000.284080
[00:00:04] [worker #1] Bootstrap tree #546, logLikelihood: -1020.776240
[00:00:04] [worker #28] Bootstrap tree #573, logLikelihood: -1027.797519
[00:00:04] [worker #14] Bootstrap tree #559, logLikelihood: -948.005169
[worker #22] Bootstrap tree #567, logLikelihood: -983.784815
[00:00:04] [worker #15] Bootstrap tree #560, logLikelihood: -988.157591
[00:00:04] [worker #0] Bootstrap tree #545, logLikelihood: -966.713570
[00:00:05] [worker #12] Bootstrap tree #589, logLikelihood: -965.495795
[00:00:05] [worker #27] Bootstrap tree #604, logLikelihood: -989.990872
[[00:00:05] [worker #20] Bootstrap tree #597, logLikelihood: 0:00:05] [worker #13] Bootstrap tree #590, logLikelihood: -960.695076
[[00:00:05] [worker #20] Bootstrap tree #597, logLikelihood: 0:00:05] [worker #13] Bootstrap tree #590, logLikelihood: -960.695076
-911.836656
[00:00:05] [worker #7] Bootstrap tree #584, logLikelihood: [-944.972737
[00:00:05] [worker #7] Bootstrap tree #584, logLikelihood: [-944.972737
:00:05] [worker #22] Bootstrap tree #599, logLikelihood: -969.083443
[00:00:05] [worker #2] Bootstrap tree #579, logLikelihood: -949.856246
[00:00:05] [worker #1] Bootstrap tree #578, logLikelihood: -938.681391
[00:00:05] [worker #14] Bootstrap tree #591, logLikelihood: -896.693048
[00:00:05] [worker #26] Bootstrap tree #603, logLikelihood: -925.495061
[00:00:05] [worker #25] Bootstrap tree #602, logLikelihood: -968.035379
[00:00:05] [worker #3] Bootstrap tree #580, logLikelihood: -1007.480929
[00:00:05] [worker #4] Bootstrap tree #581, logLikelihood: -956.288773
[00:00:05] [worker #28] Bootstrap tree #605, logLikelihood: -985.788966
[00:00:05] [worker #6] Bootstrap tree #583, logLikelihood: -986.081838
[00:00:05] [worker #19] Bootstrap tree #596, logLikelihood: -956.036317
[00:00:05] [worker #8] Bootstrap tree #585, logLikelihood: -974.617565
[00:00:05] [worker #17] Bootstrap tree #594, logLikelihood: -969.101996
-942.990134[
05] [worker #5] Bootstrap tree #582, logLikelihood: -1004.741969
[00:00:05] [worker #29] Bootstrap tree #606, logLikelihood: -1001.765699
[00:00:05] [worker #18] Bootstrap tree #595, logLikelihood: -950.698707
[00:00:05] [worker #16] Bootstrap tree #593, logLikelihood: -985.395669
[00:00:05] [worker #23] Bootstrap tree #600, logLikelihood: -927.193787
[00:00:05] [worker #10] Bootstrap tree #587, logLikelihood: -929.573918
[00:00:05] [worker #30] Bootstrap tree #607, logLikelihood: -1023.003003
[00:00:05] [worker #9] Bootstrap tree #586, logLikelihood: -1016.091509
[00:00:05] [worker #15] Bootstrap tree #592, logLikelihood: -916.752484
[00:00:05] [worker #11] Bootstrap tree #588, logLikelihood: -990.801731
[00:00:05] [worker #24] Bootstrap tree #601, logLikelihood: -962.233801
[00:00:05] [worker #19] Bootstrap tree #628, logLikelihood: -991.828673
[00:00:05] [worker #31] Bootstrap tree #608, logLikelihood: -979.597837
[00:00:05] [worker #4] Bootstrap tree #613, logLikelihood: -968.373670
[00:00:05] [worker #22] Bootstrap tree #631, logLikelihood: -990.513212
[00:00:05] [worker #26] Bootstrap tree #635, logLikelihood: -983.632759
[00:00:05] [worker #12] Bootstrap tree #621, logLikelihood: -1017.216318
[00:00:05] [worker #20] Bootstrap tree #629, logLikelihood: -974.142125
[00:00:05] [worker #14] Bootstrap tree #623, logLikelihood: -941.882200
[00:00:05] [worker #7] Bootstrap tree #616, logLikelihood: -1018.756875
[00:00:05] [worker #13] Bootstrap tree #622, logLikelihood: -996.311276
[00:00:05] [worker #1] Bootstrap tree #610, logLikelihood: -942.712979
[00:00:05] [worker #28] Bootstrap tree #637, logLikelihood: -978.028386
[00:00:05] [worker #18] Bootstrap tree #627, logLikelihood: -1009.923053
[00:00:05] [worker #2] Bootstrap tree #611, logLikelihood: -986.892255
00:00:05] [worker #6] Bootstrap tree #615, logLikelihood: -967.628151
[00:00:05] [worker #0] Bootstrap tree #577, logLikelihood: -950.450134
[00:00:05] [worker #27] Bootstrap tree #636, logLikelihood: -949.331976
[00:00:05] [worker #17] Bootstrap tree #626, logLikelihood: -953.045568
[00:00:05] [worker #16] Bootstrap tree #625, logLikelihood: -941.076399
[00:00:05] [worker #8] Bootstrap tree #617, logLikelihood: -980.599684
[00:00:05] [worker #3] Bootstrap tree #612, logLikelihood: -995.631040
[00:00:05] [worker #25] Bootstrap tree #634, logLikelihood: -967.140016
[00:00:05] [worker #5] Bootstrap tree #614, logLikelihood: -964.935160
[00:00:05] [worker #23] Bootstrap tree #632, logLikelihood: -948.552339
[00:00:05] [worker #21] Bootstrap tree #630, logLikelihood: -903.253765
[00:00:05] [worker #29] Bootstrap tree #638, logLikelihood: -979.370668
[00:00:05] [worker #30] Bootstrap tree #639, logLikelihood: -936.975605
[00:00:05] [worker #9] Bootstrap tree #618, logLikelihood: -979.750958
[00:00:05] [worker #24] Bootstrap tree #633, logLikelihood: -946.229466
[00:00:05] [worker #10] Bootstrap tree #619, logLikelihood: -982.017879
[00:00:05] [worker #15] Bootstrap tree #624, logLikelihood: -952.901314
[00:00:05] [worker #11] Bootstrap tree #620, logLikelihood: -906.579096
[00:00:05] [worker #31] Bootstrap tree #640, logLikelihood: -964.883219
[00:00:05] [worker #0] Bootstrap tree #609, logLikelihood: -975.190443
[00:00:05] [worker #12] Bootstrap tree #653, logLikelihood: -978.386038
[00:00:05] [worker #20] Bootstrap tree #661, logLikelihood: -947.102761
[00:00:05] [worker #8] Bootstrap tree #649, logLikelihood: -1000.228585
[00:00:05] [worker #4] Bootstrap tree #645, logLikelihood: -957.922909
[00:00:05] [worker #4] Bootstrap tree #645, logLikelihood: -957.922909
[00:00:05] [worker #22] Bootstrap tree #663, logLikelihood: -950.497774
[00:00:05] [worker #18] Bootstrap tree #659, logLikelihood: -936.253995
[00:00:05] [worker #5] Bootstrap tree #646, logLikelihood: -968.343324
[00:00:05] [worker #13] Bootstrap tree #654, logLikelihood: -961.486133
[00:00:05] [worker #2] Bootstrap tree #643, logLikelihood: -953.600509
[00:00:05] [worker #28] Bootstrap tree #669, logLikelihood: -973.200886
[00:00:05] [worker #19] Bootstrap tree #660, logLikelihood: -878.421429
[worker #3] Bootstrap tree #644, logLikelihood: -953.442042
[00:00:05] [worker #26] Bootstrap tree #667, logLikelihood: -984.526890
[00:00:05] [worker #31] Bootstrap tree #672, logLikelihood: -999.354230
[00:00:05] [worker #6] Bootstrap tree #647, logLikelihood: -1016.167073
[00:00:05] [worker #27] Bootstrap tree #668, logLikelihood: -1001.188766
[00:00:05] [worker #30] Bootstrap tree #671, logLikelihood: -949.415569
[00:00:05] [worker #21] Bootstrap tree #662, logLikelihood: -1012.845531
[00:00:05] [worker #10] Bootstrap tree #651, logLikelihood: -922.632528
[00:00:05] [worker #16] Bootstrap tree #657, logLikelihood: -983.815600
[00:00:05] [worker #17] Bootstrap tree #658, logLikelihood: -926.204986
[00:00:05] [worker #23] Bootstrap tree #664, logLikelihood: -917.738137
[00:00:05] [worker #29] Bootstrap tree #670, logLikelihood: -997.558498
[00:00:05] [worker #1] Bootstrap tree #642, logLikelihood: -937.706092
[00:00:05] [worker #0] Bootstrap tree #641, logLikelihood: -1017.348012
[00:00:05] [worker #9] Bootstrap tree #650, logLikelihood: -982.220779
[00:00:05] [worker #14] Bootstrap tree #655, logLikelihood: -991.590426
[00:00:05] [worker #15] Bootstrap tree #656, logLikelihood: -949.963794
[00:00:05] [worker #11] Bootstrap tree #652, logLikelihood: -989.965992
[00:00:05] [worker #7] Bootstrap tree #648, logLikelihood: -954.692761
[00:00:05] [worker #25] Bootstrap tree #666, logLikelihood: -957.444885
[00:00:05] [worker #24] Bootstrap tree #665, logLikelihood: -941.724694
[00:00:05] [worker #12] Bootstrap tree #685, logLikelihood: -1001.934307
[00:00:05] [worker #22] Bootstrap tree #695, logLikelihood: -983.902773
[00:00:05] [worker #2] Bootstrap tree #675, logLikelihood: [-1007.10429800:
[00:00:05] [worker #2] Bootstrap tree #675, logLikelihood: [-1007.10429800:
00:05] [worker #4] Bootstrap tree #677, logLikelihood: -933.871044
[00:00:05] [worker #29] Bootstrap tree #702, logLikelihood: -999.600450
[00:00:05] [worker #18] Bootstrap tree #691, logLikelihood: -940.710536
[00:00:05] [[worker #13] Bootstrap tree #686, logLikelihood: :00:05] [worker #5] Bootstrap tree #678, logLikelihood: -974.579759
-970.379260699, logLikelihood: , logLikelihood: ee #686, logLikelihood: :00:05] [worker #5] Bootstrap tree #678, logLikelihood: -974.579759
-970.379260
-962.047004-980.798686logLikelihood: ee #686, logLikelihood: :00:05] [worker #5] Bootstrap tree #678, logLikelihood: -974.579759
-970.379260
[00:00:05] [worker #6] Bootstrap tree #[679, logLikelihood: 00[:-999.940816000:00::05


[00:00:06] [worker #28] Bootstrap tree #701, logLikelihood: -1023.480852
[00:00:06] [worker #8] Bootstrap tree #681, logLikelihood: -971.768421
[00:00:06] [worker #1] Bootstrap tree #674, logLikelihood: -996.973401
[00:0[:060] :00:06] [worker #20] [worker #23] Bootstrap tree #693, logLikelihood: 696, logLikelihood: -981.180248-911.824606
[00:0[:060] :00:06] [worker #20] [worker #23] Bootstrap tree #693, logLikelihood: 696, logLikelihood: -981.180248-911.824606

[00:00:06] [worker #21] Bootstrap tree #694, logLikelihood: -1021.329830
[00:00:06] [worker #16] Bootstrap tree #689, logLikelihood: -1001.127654
[00:00:06] [work676[, logLikelihood: -951.712807
-935.696685
[00:00:06] [worker #9] Bootstrap tree #682, logLikelihood: -965.164202
[00:00:06] [worker #30] Bootstrap tree #703, logLikelihood: -972.223153
[00:00:06] [worker #10] Bootstrap tree #683, logLikelihood: -954.868463
[00:00:06] [worker #27] Bootstrap tree #700, logLikelihood: -935.259295
[00:00:06] [worker #19] Bootstrap tree #692, logLikelihood: -987.777628
[00:00:06] [worker #0] Bootstrap tree #673, logLikelihood: -984.914891
[00:00:06] [worker #15] Bootstrap tree #688, logLikelihood: -953.636455
[00:00:06] [worker #14] Bootstrap tree #687, logLikelihood: -933.683376
[00:00:06] [worker #11] Bootstrap tree #684, logLikelihood: -972.342353
[00:00:06] [worker #7] Bootstrap tree #680, logLikelihood: -979.214917
[00:00:06] [worker #25] Bootstrap tree #698, logLikelihood: -944.619876
[00:00:06] [worker #24] Bootstrap tree #697, logLikelihood: -945.147971
[00:00:06] [worker #3] Bootstrap tree #708, logLikelihood: -944.296744
[00:00:06] [worker #20] Bootstrap tree #725, logLikelihood: -970.672659
[00:00:06] [worker #29] Bootstrap tree #734, logLikelihood: -900.194343
[00:00:06] [worker #6] Bootstrap tree #711, logLikelihood: -979.934370
[00:00:06] [worker #22] Bootstrap tree #727, logLikelihood: -945.721673
[00:00:06] [worker #1] Bootstrap tree #706, logLikelihood: -984.528690
[00:00:06] [worker #30] Bootstrap tree #735, logLikelihood: -996.000497
[00:00:06] [worker #17] Bootstrap tree #722, logLikelihood: -960.369690
[[0000:00:06] [worker #28] Bootstrap tree #00:, logLikelihood: 06[ 9[worker #31] Bootstrap tree #736, logLikelihood: 
[[0000:00:06] [worker #28] Bootstrap tree #00:, logLikelihood: 06[ 9[worker #31] Bootstrap tree #736, logLikelihood: 
-1003.96327400[
[[0000:00:06] [worker #28] Bootstrap tree #00:, logLikelihood: 06[ 9[worker #31] Bootstrap tree #736, logLikelihood: 
-1003.96327400[
000:0006] :00:06] :[worker #2] Bootstrap tree #707, logLikelihood: -975.248702
[[0000:00:06] [worker #28] Bootstrap tree #00:, logLikelihood: 06[ 9[worker #31] Bootstrap tree #736, logLikelihood: 
-1003.96327400[
000:0006] :00:06] :[worker #2] Bootstrap tree #707, logLikelihood: -975.248702
00:06] [worker #18] Bootstrap tree #723, logLikelihood: -936.881131
[[0000:00:06] [worker #28] Bootstrap tree #00:, logLikelihood: 06[ 9[worker #31] Bootstrap tree #736, logLikelihood: 
-1003.96327400[
000:0006] :00:06] :[worker #2] Bootstrap tree #707, logLikelihood: -975.248702
00:06] [worker #18] Bootstrap tree #723, logLikelihood: -936.881131
[worker #16] Bootstrap tree #721, logLikelihood: -934.344926
[00:00:06] [worker #21] Bootstrap tree #726, logLikelihood: -976.501586
[-952.36337100:00:06] [worker #12] Bootstrap tree #717, logLikelihood: 
[-952.36337100:00:06] [worker #12] Bootstrap tree #717, logLikelihood: 

[00:00:06] [worker #8] Bootstrap tree #713, logLikelihood: -1021.168283
[00:00:06] [worker #23] Bootstrap tree #728, logLikelihood: -920.548708
[00:00:06] [worker #7] Bootstrap tree #712, logLikelihood: -973.301705
[00:00:06] [worker #3] Bootstrap tree #740, logLikelihood: -965.332001
[00:00:06] [worker #5] Bootstrap tree #710, logLikelihood: -1037.050656
[00:00:06] [worker #13] Bootstrap tree #718, logLikelihood: -988.571391
[00:00:06] [worker #0] Bootstrap tree #705, logLikelihood: -1002.814663
[00:00:06] [worker #26] Bootstrap tree #731, logLikelihood: -1005.997313
[00:00:06] [worker #14] Bootstrap tree #719, logLikelihood: -967.841261
[00:00:06] [worker #11] Bootstrap tree #716, logLikelihood: -961.839446
[00:00:06] [worker #19] Bootstrap tree #724, logLikelihood: -923.288183
[00:00:06] [worker #27] Bootstrap tree #732, logLikelihood: -934.398821
[00:00:06] [worker #24] Bootstrap tree #729, logLikelihood: -954.387147
[00:00:06] [worker #9] Bootstrap tree #714, logLikelihood: -947.487452
[00:00:06] [worker #15] Bootstrap tree #720, logLikelihood: -934.709894
[00:00:06] [worker #10] Bootstrap tree #715, logLikelihood: -937.566365
[00:00:06] [worker #25] Bootstrap tree #730, logLikelihood: -1002.123812
[00:00:06] [worker #20] Bootstrap tree #757, logLikelihood: -982.499626
[00:00:06] [worker #29] Bootstrap tree #766, logLikelihood: -947.201809
[00:00:06] [worker #21] Bootstrap tree #758, logLikelihood: -891.075170
[00:00:06] [worker #4] Bootstrap tree #741, logLikelihood: -949.997588
[00:00:06] [worker #22] Bootstrap tree #759, logLikelihood: -931.417398
[00:00:06] [worker #2] Bootstrap tree #739, logLikelihood: -1017.236885
[00:00:06] [worker #1] Bootstrap tree #738, logLikelihood: [00-977.763562:00:06] 
[00:00:06] [worker #1] Bootstrap tree #738, logLikelihood: [00-977.763562:00:06] 
[worker #28] Bootstrap tree #765, logLikelihood: -1003.455383
[00:00:06] [worker #12] Bootstrap tree #749, logLikelihood: 0:00:06] [worker #18] Bootstrap tree #755, logLikelihood: -928.819575
[00:00:06] [worker #12] Bootstrap tree #749, logLikelihood: 0:00:06] [worker #18] Bootstrap tree #755, logLikelihood: -928.819575
-893.617207
[00:00:06] [worker #23] Bootstrap tree #760, logLikelihood: -930.346474
[00:00:06] [worker #8] Bootstrap tree #745, logLikelihood: -1050.406602
[00:00:06] [worker #31] Bootstrap tree #768, logLikelihood: -951.586184
[00:00:06] [worker #16] Bootstrap tree #753, logLikelihood: -913.938060
[00:00:06] [worker #6] Bootstrap tree #743, logLikelihood: -966.537479
[00:00:06] [worker #13] Bootstrap tree #750, logLikelihood: [-973.1743640:

[00:00:06] [worker #17] Bootstrap tree #754, logLikelihood: -976.702703
[00:00:06] [worker #30] Bootstrap tree #767, logLikelihood: -925.141611
[00:00:06] [worker #5] Bootstrap tree #742, logLikelihood: -987.870121
[00:00:06] [worker #19] Bootstrap tree #756, logLikelihood: -965.378500
[00:00:06] [worker #15] Bootstrap tree #752, logLikelihood: -1060.891204
[00:00:06] [worker #24] Bootstrap tree #761, logLikelihood: -954.021378
[00:00:06] [worker #26] Bootstrap tree #763, logLikelihood: -843.623061
[00:00:06] [worker #0] Bootstrap tree #737, logLikelihood: -940.702694
[00:00:06] [worker #27] Bootstrap tree #764, logLikelihood: -930.803783
[00:00:06] [worker #10] Bootstrap tree #747, logLikelihood: -951.338996
[00:00:06] [worker #11] Bootstrap tree #748, logLikelihood: -999.890235
[00:00:06] [worker #14] Bootstrap tree #751, logLikelihood: -974.197610
[00:00:06] [worker #25] Bootstrap tree #762, logLikelihood: -960.389344
[00:00:06] [worker #9] Bootstrap tree #746, logLikelihood: -985.150185
[00:00:07] [worker #15] Bootstrap tree #784, logLikelihood: -930.493659
[00:00:07] [worker #22] Bootstrap tree #791, logLikelihood: -984.343878
[00:00:07] [worker #8] Bootstrap tree #777, logLikelihood: -991.279535
[00:00:007] 00:07Bootstrap tree #] 781[worker #28] Bootstrap tree #[, logLikelihood: 00:00:07] [worker #21] Bootstrap tree #790, logLikelihood: 

0000:07] [worker #16] Bootstrap tree #785, logLikelihood: -1005.577187
[00:00:07] [worker #3] Bootstrap tree #772, logLikelihood: -977.034911
[00:00:07] [worker #4] Bootstrap tree #773, logLikelihood: -971.234594
[00:00:07] [worker #11] Bootstrap tree #780, logLikelihood: -975.107232
[00:00:07] [worker #29] Bootstrap tree #798, logLikelihood: -917.329786
[00:00:07] [worker #9] Bootstrap tree #778, logLikelihood: -965.281382
[00:00:07] [worker #7] Bootstrap tree #776, logLikelihood: -1007.526073
[00:00:07] [worker #7] Bootstrap tree #776, logLikelihood: -1007.526073
[00:00:07] [worker #2] Bootstrap tree #771, logLikelihood: -985.401519
[00:00:07] [worker #19] Bootstrap tree #788, logLikelihood: -972.935195
[00:00:07] [worker #30] Bootstrap tree #799, logLikelihood: -939.664409
[00:00:07] [worker #10] Bootstrap tree #779, logLikelihood: -962.297905
[00:00:07] [worker #6] Bootstrap tree #775, logLikelihood: -1040.599002
[00:00:07] [worker #5] Bootstrap tree #774, logLikelihood: -945.841002
[00:00:07] [worker #31] Bootstrap tree #800, logLikelihood: -913.761449
[00:00:07] [worker #14] Bootstrap tree #783, logLikelihood: -979.973053
[00:00:07] [worker #1] Bootstrap tree #770, logLikelihood: -1001.382845
[00:00:07] [worker #20] Bootstrap tree #789, logLikelihood: -900.476348
[00:00:07] [worker #18] Bootstrap tree #787, logLikelihood: -955.010652
[00:00:07] [worker #13] Bootstrap tree #782, logLikelihood: -982.216870
[00:00:07] [worker #23] Bootstrap tree #792, logLikelihood: -974.240095
[00:00:07] [worker #26] Bootstrap tree #795, logLikelihood: -909.331486
[00:00:07] [worker #25] Bootstrap tree #794, logLikelihood: -961.237893
-1039.486118
[00:00:07] [worker #24] Bootstrap tree #793, logLikelihood: -950.534893
[00:00:07] [worker #0] Bootstrap tree #769, logLikelihood: -983.367098
[00:00:07] [worker #27] Bootstrap tree #796, logLikelihood: -918.298886
[00:00:07] [worker #22] Bootstrap tree #823, logLikelihood: -919.769220
[00:00:07] [worker #15] Bootstrap tree #816, logLikelihood: -934.675231
[00:00:07] [worker #8] Bootstrap tree #809, logLikelihood: -919.546890
[00:00:07] [worker #29] Bootstrap tree #830, logLikelihood: -983.961683
[00:00:07] [worker #30] Bootstrap tree #831, logLikelihood: -1026.936109
[00:00:07] [worker #12] Bootstrap tree #813, logLikelihood: -932.935364
[00:00:07] [worker #3] Bootstrap tree #804, logLikelihood: -939.779885
[00:00:07] [worker #21] Bootstrap tree #822, logLikelihood: -937.707699
[00:00:07] [worker #16] Bootstrap tree #817, logLikelihood: -913.746074
[00:00:07] [worker #4] Bootstrap tree #805, logLikelihood: -964.780932
[00:00:07] [worker #2] Bootstrap tree #803, logLikelihood: -980.953035
[00:00:07] [worker #11] Bootstrap tree #812, logLikelihood: -982.072743
[00:00:07] [worker #18] Bootstrap tree #819, logLikelihood: -1015.541978
[00:00:07] [worker #23] Bootstrap tree #824, logLikelihood: -955.571255
[00:00:07] [worker #7] Bootstrap tree #808, logLikelihood: -997.884857
[00:00:07] [worker #17] Bootstrap tree #818, logLikelihood: -932.955403
[00:00:07] [worker #9] Bootstrap tree #810, logLikelihood: [-914.634448
-950.979210
[00:00:07] [worker #28] Bootstrap tree #829, logLikelihood: -922.551415
[00:00:07] [worker #13] Bootstrap tree #814, logLikelihood: -975.946676
[00:00:07] [worker #5] Bootstrap tree #806, logLikelihood: -991.555863
[00:00:07] [worker #31] Bootstrap tree #832, logLikelihood: -949.217757[
-961.465748
[00:00:07] [worker #19] Bootstrap tree #820, logLikelihood: -916.052955
:07[] [worker #6] Bootstrap tree #807, logLikelihood: 0:00:07] [worker #20] Bootstrap tree #821, logLikelihood: 

:00:07] [worker #25] Bootstrap tree #826, logLikelihood: -937.792353
[00:00:07] [worker #24] Bootstrap tree #825, logLikelihood: -972.938609
[00:00:07] [worker #27] Bootstrap tree #828, logLikelihood: -945.262287
[00:00:07] [worker #14] Bootstrap tree #815, logLikelihood: -974.827314
[00:00:07] [worker #26] Bootstrap tree #827, logLikelihood: -962.513722
[00:00:07] [worker #0] Bootstrap tree #801, logLikelihood: -1008.728489
[00:00:07] [worker #31] Bootstrap tree #864, logLikelihood: -1003.811547
[00:00:07] [worker #9] Bootstrap tree #842, logLikelihood: -956.764140[
8340:, logLikelihood: [0000::0700:[worker #23] 07Bootstrap tree #] 856, logLikelihood: [worker #5] Bootstrap tree #838, logLikelihood: -930.580588
8340:, logLikelihood: [0000::0700:[worker #23] 07Bootstrap tree #] 856, logLikelihood: [worker #5] Bootstrap tree #838, logLikelihood: -930.580588
-969.278975
8340:, logLikelihood: [0000::0700:[worker #23] 07Bootstrap tree #] 856, logLikelihood: [worker #5] Bootstrap tree #838, logLikelihood: -930.580588
-969.278975
-959.792594
[00:00:07] [worker #4] Bootstrap tree #837, logLikelihood: -971.617854
[00:00:08] 0:00[worker #3] :Bootstrap tree #08836] , logLikelihood: [worker #7] Bootstrap tree #840, logLikelihood: -993.016913
[00:00:08] 0:00[worker #3] :Bootstrap tree #08836] , logLikelihood: [worker #7] Bootstrap tree #840, logLikelihood: -993.016913
-921.252372
[00:00:08] [worker #20] Bootstrap tree #853, logLikelihood: -948.321582
[00:00:08] [worker #22] Bootstrap tree #855, logLikelihood: -929.904799
00[:0:0000::0808] ] [worker #29] [worker #28] 862, logLikelihood: 861, logLikelihood: -1027.921037
00[:0:0000::0808] ] [worker #29] [worker #28] 862, logLikelihood: 861, logLikelihood: -1027.921037
-943.265964
[000[:00:08] 00:00:08] [worker #19] Bootstrap tree #852, logLikelihood: [worker #2] Bootstrap tree #835, logLikelihood: [-914.172316

, logLikelihood: -975.978846
, logLikelihood: -975.978846

[00:00:08] [worker #15] Bootstrap tree #848, logLikelihood: [-923.676633
-946.613201
[00:00:08] [worker #6] Bootstrap tree #839, logLikelihood: -938.411145
[00:00:08] [worker #30] Bootstrap tree #863, logLikelihood: -988.866043
[00:00:08] [worker #17] Bootstrap tree #850, logLikelihood: -976.877846
[00:00:08] [worker #16] Bootstrap tree #849, logLikelihood: -962.943251
[00:00:08] [worker #18] Bootstrap tree #851, logLikelihood: -941.633061
[[000:00:0] :00Bootstrap tree #:08, logLikelihood: ] [worker #11] Bootstrap tree #844, logLikelihood: -944.754272
[[000:00:0] :00Bootstrap tree #:08, logLikelihood: ] [worker #11] Bootstrap tree #844, logLikelihood: -944.754272
-949.229511
[00:00:08] [worker #12] Bootstrap tree #845, logLikelihood: -889.740764
[00:00:08] [worker #0] Bootstrap tree #833, logLikelihood: -944.500518
[00:00:08] [worker #24] Bootstrap tree #857, logLikelihood: -952.991418
[00:00:08] [worker #21] Bootstrap tree #854, logLikelihood: -930.320522
[worker #26] Bootstrap tree #859, logLikelihood: -958.701872
[00:00:08] [worker #27] Bootstrap tree #860, logLikelihood: -992.888938
[00:00:08] [worker #25] Bootstrap tree #858, logLikelihood: -969.639733
[00:00:08] [worker #31] Bootstrap tree #896, logLikelihood: -931.632612
[00:00:08] [worker #9] Bootstrap tree #874, logLikelihood: -943.837014
00:00:08] [worker #5] Bootstrap tree #870, logLikelihood: -1025.601145
[00:00:08] [worker #23] Bootstrap tree #888, logLikelihood: -967.704790
[00:00:08] [worker #4] Bootstrap tree #869, logLikelihood: -940.856076
[00:00:08] [worker #13] Bootstrap tree #878, logLikelihood: -993.584295
[00:00:08] [worker #10] Bootstrap tree #875, logLikelihood: -903.865049
[00:00:08] [worker #19] Bootstrap tree #884, logLikelihood: -945.775594
[-990.39294700:00:08] [worker #17] Bootstrap tree #882, logLikelihood: 
[-990.39294700:00:08] [worker #17] Bootstrap tree #882, logLikelihood: 
-986.884691
[00:00:08] [worker #1] Bootstrap tree #866, logLikelihood: -1031.365203
[00:00:08] [worker #16] Bootstrap tree #881, logLikelihood: -988.371280
[00:00:08] [worker #20] Bootstrap tree #885, logLikelihood: -941.328950[
[worker #2] 00Bootstrap tree #[:00:08] [worker #22] Bootstrap tree #887, logLikelihood: -958.850457
00-901.368906
00-901.368906
:00:08] [worker #30] Bootstrap tree #895, logLikelihood: -994.551336
[00:00:08] [worker #15] Bootstrap tree #880, logLikelihood: -952.610352
[00:00:08] [worker #18] Bootstrap tree #883, logLikelihood: -953.516397
[00:00:08] [worker #14] Bootstrap tree #879, logLikelihood: -944.757819
[00:00:08] [worker #6] Bootstrap tree #871, logLikelihood: -1023.897351
[00:00:08] [worker #28] Bootstrap tree #893, logLikelihood: -957.251283
[00:00:08] [worker #8] Bootstrap tree #873, logLikelihood: -931.767708
[00:00:08] [worker #21] Bootstrap tree #886, logLikelihood: -971.766218
[00:00:08] [worker #3] Bootstrap tree #868, logLikelihood: -977.746065
[00:00:08] [worker #7] Bootstrap tree #872, logLikelihood: -939.059200
[00:00:08] [worker #11] Bootstrap tree #876, logLikelihood: -980.220365
[00:00:08] [worker #12] Bootstrap tree #877, logLikelihood: -957.802124
[00:00:08] [worker #25] Bootstrap tree #890, logLikelihood: -999.717192
[00:00:08] [worker #24] Bootstrap tree #889, logLikelihood: -1035.581760
[00:00:08] [worker #0] Bootstrap tree #865, logLikelihood: -925.986722
[00:00:08] [worker #27] Bootstrap tree #892, logLikelihood: -975.854521
[00:00:08] [worker #26] Bootstrap tree #891, logLikelihood: -985.034170
[00:00:08] [worker #22] Bootstrap tree #919, logLikelihood: -945.370516
[00:00:08] [worker #15] Bootstrap tree #912, logLikelihood: -929.632236
[00:00:08] [worker #1] Bootstrap tree #898, logLikelihood: -931.161354
[00:00:08] [worker #10] Bootstrap tree #907, logLikelihood: -990.387584
[00:00:08] [worker #18] Bootstrap tree #915, logLikelihood: -971.663384
[00:00:08] [worker #3] Bootstrap tree #900, logLikelihood: -1018.189008
[00:00:08] [worker #28] Bootstrap tree #925, logLikelihood: -996.988915
[00:00:08] [worker #13] Bootstrap tree #910, logLikelihood: -939.461171
[00:00:08] [worker #19] Bootstrap tree #916, logLikelihood: -1014.030288
[00:00:08] [worker #17] Bootstrap tree #914, logLikelihood: -993.258418
[00:00:08] [worker #8] Bootstrap tree #905, logLikelihood: -944.840974
[00:00:08] [[worker #21] Bootstrap tree #0, logLikelihood: :00:08] [worker #31] Bootstrap tree #928, logLikelihood: -944.171048
-1032.205750
[00:00:08] [worker #6] Bootstrap tree #903, logLikelihood: [-922.99950100
000:00:08] [worker #6] Bootstrap tree #903, logLikelihood: [-922.99950100
:00:08] [worker #7] Bootstrap tree #904, logLikelihood: -989.622357[[00:00:08] [worker #11] Bootstrap tree #908, logLikelihood: :00:08] -896.310753[worker #29] Bootstrap tree #926, logLikelihood: 
[00:00:08] [worker #11] Bootstrap tree #908, logLikelihood: :00:08] -896.310753[worker #29] Bootstrap tree #926, logLikelihood: 
-997.932299
[00:00:08] [worker #16] Bootstrap tree #913, logLikelihood: -969.208602
-976.693416
[00:00:08] [worker #5] Bootstrap tree #902, logLikelihood: -945.022889
[00:00:08] [worker #9] Bootstrap tree #906, logLikelihood: -913.396565
[00:00:08] [worker #20] Bootstrap tree #917, logLikelihood: -937.207299
[00:00:08] [worker #27] Bootstrap tree #924, logLikelihood: -984.764052
[00:00:08] [worker #2] Bootstrap tree #899, logLikelihood: -971.898111
[00:00:08] [worker #4] Bootstrap tree #901, logLikelihood: -1012.373762
[00:00:08] [worker #30] Bootstrap tree #927, logLikelihood: -975.047987
[00:00:08] [worker #24] Bootstrap tree #921, logLikelihood: -924.183159
[00:00:08] [worker #12] Bootstrap tree #909, logLikelihood: -969.727542
[00:00:08] [worker #14] Bootstrap tree #911, logLikelihood: -977.254269
[00:00:08] [worker #0] Bootstrap tree #897, logLikelihood: -996.183903
[00:00:08] [worker #26] Bootstrap tree #923, logLikelihood: -956.239779
[00:00:08] [worker #25] Bootstrap tree #922, logLikelihood: -1004.787032
[00:00:08] [worker #22] Bootstrap tree #951, logLikelihood: -915.685573
[00:00:08] [worker #10] Bootstrap tree #939, logLikelihood: -977.564306
[00:00:08] [worker #1] Bootstrap tree #930, logLikelihood: -992.420339
[00:00:08] [worker #15] Bootstrap tree #944, logLikelihood: -972.784835
[00:00:08] [worker #13] Bootstrap tree #942, logLikelihood: -943.417915
[00:00:08] [worker #18] Bootstrap tree #947, logLikelihood: -987.889747
[00:00:08] [worker #6] Bootstrap tree #935, logLikelihood: -927.843777
[00:00:08] [worker #28] Bootstrap tree #957, logLikelihood: -1024.792106
-979.298177
[00:00:08] [worker #19] Bootstrap tree #948, logLikelihood: -952.085183
[00:00:08] [worker #17] Bootstrap tree #946, logLikelihood: [-946.775027

00:00:08] [worker #3] Bootstrap tree #932, logLikelihood: -1011.226310
[00:00:08] [worker #31] Bootstrap tree #960, logLikelihood: -898.274998
00[00:00:08] [worker #29] Bootstrap tree #958, logLikelihood: -999.151537:
00[00:00:08] [worker #5] Bootstrap tree #934, logLikelihood: -935.151890
-930.732930
[00:00:08] [worker #23] Bootstrap tree #952, logLikelihood: -944.652104
[worker #2] Bootstrap tree #931, logLikelihood: -989.658573
[00:00:08] [worker #8] Bootstrap tree #937, logLikelihood: -901.954703
[00:00:08] [worker #16] Bootstrap tree #945, logLikelihood: -977.865237
[00:00:08] [worker #9] Bootstrap tree #938, logLikelihood: -961.715363
[00:00:08] [worker #11] Bootstrap tree #940, logLikelihood: -955.797199
[00:00:08] [worker #24] Bootstrap tree #953, logLikelihood: -896.437993
[00:00:08] [worker #30] Bootstrap tree #959, logLikelihood: -975.562789
[00:00:08] [worker #27] Bootstrap tree #956, logLikelihood: -1008.493034
[00:00:08] [worker #25] Bootstrap tree #954, logLikelihood: -984.388071
[00:00:08] [worker #12] Bootstrap tree #941, logLikelihood: -945.536508
[00:00:08] [worker #0] Bootstrap tree #929, logLikelihood: -903.285156
[00:00:08] [worker #26] Bootstrap tree #955, logLikelihood: -942.520110
[00:00:08] [worker #14] Bootstrap tree #943, logLikelihood: -990.620127
[00:00:09] [worker #5] Bootstrap tree #966, logLikelihood: -910.764661
[00:00:09] [worker #2] Bootstrap tree #963, logLikelihood: -998.854479
[00:00:09] [worker #22] Bootstrap tree #983, logLikelihood: -953.638534
[00:00:09] [worker #16] Bootstrap tree #977, logLikelihood: -990.368563
[00:00:09] [worker #3] Bootstrap tree #964, logLikelihood: -949.874641
[00:00:09] [worker #15] Bootstrap tree #976, logLikelihood: -1000.983389
[00:00:09] [worker #11] Bootstrap tree #972, logLikelihood: -973.897530
[00:00:09] [worker #10] Bootstrap tree #971, logLikelihood: -968.416595
[00:00:09] [worker #31] Bootstrap tree #992, logLikelihood: -1005.393344
[00:00:09] [worker #28] Bootstrap tree #989, logLikelihood: -933.330067
[00:00:09] [worker #12] Bootstrap tree #973, logLikelihood: -1033.016959
-963.178742
[00:00:09] [worker #7] Bootstrap tree #968, logLikelihood: -988.211725
[00:00:09] [worker #23] Bootstrap tree #984, logLikelihood: -931.878371
[00:00:09] [worker #14] Bootstrap tree #975, logLikelihood: -951.336615
[00:00:09] [worker #9] Bootstrap tree #970, logLikelihood: -999.984054
[[0000::0::0909] ] [worker #1] [worker #29] Bootstrap tree #Bootstrap tree #962990, logLikelihood: , logLikelihood: -960.680963-1021.840756
[[0000::0::0909] ] [worker #1] [worker #29] Bootstrap tree #Bootstrap tree #962990, logLikelihood: , logLikelihood: -960.680963-1021.840756

[00:00:09] [worker #17] Bootstrap tree #978, logLikelihood: -920.935428
[00:00:09] [worker #21] Bootstrap tree #982, logLikelihood: -1001.719384
[00:00:09] [worker #6] Bootstrap tree #967, logLikelihood: -934.455338
-964.349289
[00:00:09] [worker #30] Bootstrap tree #991, logLikelihood: -946.942493
[00:00:09] [worker #26] Bootstrap tree #987, logLikelihood: -898.153221
[00:00:09] [worker #4] Bootstrap tree #965, logLikelihood: -893.644663
[00:00:09] [worker #24] Bootstrap tree #985, logLikelihood: -979.969440
[00:00:09] [worker #19] Bootstrap tree #980, logLikelihood: -971.532078
[00:00:09] [worker #8] Bootstrap tree #969, logLikelihood: [-939.249682
-958.803418
[00:00:09] [worker #20] Bootstrap tree #981, logLikelihood: -1011.111891
[00:00:09] [worker #0] Bootstrap tree #961, logLikelihood: -938.963270
[00:00:09] [worker #25] Bootstrap tree #986, logLikelihood: -962.772963
[00:00:09] [worker #27] Bootstrap tree #988, logLikelihood: -993.460773
[00:00:09] [worker #2] Bootstrap tree #995, logLikelihood: -982.045224
[00:00:09] [worker #3] Bootstrap tree #996, logLikelihood: -945.771222
[00:00:09] [worker #7] Bootstrap tree #1000, logLikelihood: -1023.865436
[00:00:09] [worker #6] Bootstrap tree #999, logLikelihood: -949.938691
[00:00:09] [worker #4] Bootstrap tree #997, logLikelihood: -883.082862
[00:00:09] [worker #1] Bootstrap tree #994, logLikelihood: -962.483523
[00:00:09] [worker #0] Bootstrap tree #993, logLikelihood: -950.325993

Optimized model parameters:

   Partition 0: noname
   Rate heterogeneity: GAMMA (4 cats, mean),  alpha: 99.862201 (ML),  weights&rates: (0.250000,0.875822) (0.250000,0.964713) (0.250000,1.029567) (0.250000,1.129897) 
   Base frequencies (ML): 0.342175 0.116463 0.089681 0.451681 
   Substitution rates (ML): 1.237787 1.605302 0.433509 0.001000 0.923327 1.000000 


Final LogLikelihood: -971.977628

AIC score: 2011.955256 / AICc score: 2015.800167 / BIC score: 2164.380906
Free parameters (model + branch lengths): 34

WARNING: Best ML tree contains 5 near-zero branches!

Best ML tree with collapsed near-zero branches saved to: /mnt/lustre/RDS-live/downing/LSDV/GTPV_SPPV/results_GTPV/LSDV012.raxml.bestTreeCollapsed
Best ML tree saved to: /mnt/lustre/RDS-live/downing/LSDV/GTPV_SPPV/results_GTPV/LSDV012.raxml.bestTree
All ML trees saved to: /mnt/lustre/RDS-live/downing/LSDV/GTPV_SPPV/results_GTPV/LSDV012.raxml.mlTrees
Best ML tree with Felsenstein bootstrap (FBP) support values saved to: /mnt/lustre/RDS-live/downing/LSDV/GTPV_SPPV/results_GTPV/LSDV012.raxml.supportFBP
Best ML tree with Transfer bootstrap (TBE) support values saved to: /mnt/lustre/RDS-live/downing/LSDV/GTPV_SPPV/results_GTPV/LSDV012.raxml.supportTBE
Optimized model saved to: /mnt/lustre/RDS-live/downing/LSDV/GTPV_SPPV/results_GTPV/LSDV012.raxml.bestModel
Bootstrap trees saved to: /mnt/lustre/RDS-live/downing/LSDV/GTPV_SPPV/results_GTPV/LSDV012.raxml.bootstraps

Execution log saved to: /mnt/lustre/RDS-live/downing/LSDV/GTPV_SPPV/results_GTPV/LSDV012.raxml.log

Analysis started: 24-Nov-2025 14:00:18 / finished: 24-Nov-2025 14:00:29

Elapsed time: 10.367 seconds

