
RAxML-NG v. 1.2.2 released on 11.04.2024 by The Exelixis Lab.
Developed by: Alexey M. Kozlov and Alexandros Stamatakis.
Contributors: Diego Darriba, Tomas Flouri, Benoit Morel, Sarah Lutteropp, Ben Bettisworth, Julia Haag, Anastasis Togkousidis.
Latest version: https://github.com/amkozlov/raxml-ng
Questions/problems/suggestions? Please visit: https://groups.google.com/forum/#!forum/raxml

System: AMD EPYC 7543P 32-Core Processor, 32 cores, 995 GB RAM

RAxML-NG was called at 24-Nov-2025 14:59:24 as follows:

raxml-ng --all --msa region_LSDV013.aln --model GTR+G --prefix LSDV013 --seed 123 --bs-metric fbp,tbe --redo

Analysis options:
  run mode: ML tree search + bootstrapping (Felsenstein Bootstrap + Transfer Bootstrap)
  start tree(s): random (10) + parsimony (10)
  bootstrap replicates: parsimony (max: 1000) + bootstopping (autoMRE, cutoff: 0.030000)
  random seed: 123
  tip-inner: OFF
  pattern compression: ON
  per-rate scalers: OFF
  site repeats: ON
  logLH epsilon: general: 10.000000, brlen-triplet: 1000.000000
  fast spr radius: AUTO
  spr subtree cutoff: 1.000000
  fast CLV updates: ON
  branch lengths: proportional (ML estimate, algorithm: NR-FAST)
  SIMD kernels: AVX2
  parallelization: coarse-grained (auto), PTHREADS (auto)

WARNING: Running in REDO mode: existing checkpoints are ignored, and all result files will be overwritten!

[00:00:00] Reading alignment from file: region_LSDV013.aln
[00:00:00] Loaded alignment with 30 taxa and 1114 sites

WARNING: Sequences PP886237.1 and PP886236.1 are exactly identical!
WARNING: Sequences PQ014465.1 and OQ434239.1 are exactly identical!
WARNING: Sequences PQ014465.1 and OQ434238.1 are exactly identical!
WARNING: Sequences PQ014465.1 and OQ434237.1 are exactly identical!
WARNING: Sequences PQ014465.1 and OQ434236.1 are exactly identical!
WARNING: Sequences PQ014465.1 and ON961657.1 are exactly identical!
WARNING: Sequences PQ014465.1 and ON961656.1 are exactly identical!
WARNING: Sequences PQ014465.1 and ON961655.1 are exactly identical!
WARNING: Sequences NC_004002.1 and AY077832.1 are exactly identical!
WARNING: Duplicate sequences found: 9

NOTE: Reduced alignment (with duplicates and gap-only sites/taxa removed) 
NOTE: was saved to: /mnt/lustre/RDS-live/downing/LSDV/GTPV_SPPV/results_SPPV/LSDV013.raxml.reduced.phy

Alignment comprises 1 partitions and 38 patterns

Partition 0: noname
Model: GTR+FO+G4m
Alignment sites / patterns: 1114 / 38
Gaps: 1.32 %
Invariant sites: 98.65 %


NOTE: Binary MSA file created: LSDV013.raxml.rba

Parallelization scheme autoconfig: 32 worker(s) x 1 thread(s)

[00:00:00] Generating 10 random starting tree(s) with 30 taxa
[00:00:00] Generating 10 parsimony starting tree(s) with 30 taxa
Parallel parsimony with 32 threads
Parallel reduction/worker buffer size: 1 KB  / 0 KB

[00:00:00] Data distribution: max. partitions/sites/weight per thread: 1 / 38 / 608
[00:00:00] Data distribution: max. searches per worker: 33

Starting ML tree search with 20 distinct starting trees

[00:00:01] [worker #11] ML tree search #12, logLikelihood: -1494.381389
[00:00:01] [worker #10] ML tree search #11, logLikelihood: -1500.717687
[00:00:01] [worker #17] ML tree search #18, logLikelihood: -1491.223150
[00:00:01] [worker #13] ML tree search #14, logLikelihood: -1491.227894
[00:00:01] [worker #8] ML tree search #9, logLikelihood: -1494.364804
[00:00:01] [worker #18] ML tree search #19, logLikelihood: -1491.269303
[00:00:01] [worker #12] ML tree search #13, logLikelihood: -1491.408517
[00:00:01] [worker #14] ML tree search #15, logLikelihood: -1491.229367
[00:00:01] [worker #15] ML tree search #16, logLikelihood: -1491.223148
[00:00:01] [worker #16] ML tree search #17, logLikelihood: -1491.223146
[00:00:01] [worker #7] ML tree search #8, logLikelihood: -1491.303642
[00:00:01] [worker #2] ML tree search #3, logLikelihood: -1494.361805
[00:00:01] [worker #4] ML tree search #5, logLikelihood: -1494.349577
[00:00:01] [worker #5] ML tree search #6, logLikelihood: -1491.205230
[00:00:01] [worker #9] ML tree search #10, logLikelihood: -1491.202759
[00:00:01] [worker #19] ML tree search #20, logLikelihood: -1491.206548
[00:00:02] [worker #6] ML tree search #7, logLikelihood: -1494.359827
[00:00:02] [worker #0] ML tree search #1, logLikelihood: -1494.366281
[00:00:02] [worker #1] ML tree search #2, logLikelihood: -1494.348577
[00:00:02] [worker #3] ML tree search #4, logLikelihood: -1491.311187

[00:00:02] ML tree search completed, best tree logLH: -1491.202759

[00:00:02] Starting bootstrapping analysis with 1000 replicates.

[00:00:03] [worker #21] Bootstrap tree #22, logLikelihood: -1455.598423
[00:00:03] [worker #28] Bootstrap tree #29, logLikelihood: -1441.926784
[00:00:03] [worker #22] Bootstrap tree #23, logLikelihood: -1503.150257
[00:00:03] [worker #11] Bootstrap tree #12, logLikelihood: -1475.097028
[00:00:03] [worker #29] Bootstrap tree #30, logLikelihood: -1454.910302
[00:00:03] [worker #8] Bootstrap tree #9, logLikelihood: -1455.087666
[00:00:03] [worker #23] Bootstrap tree #24, logLikelihood: -1533.152016
[00:00:03] [worker #5] Bootstrap tree #6, logLikelihood: -1474.890524
[00:00:03] [worker #31] Bootstrap tree #32, logLikelihood: -1526.278190
[00:00:03] [worker #17] Bootstrap tree #18, logLikelihood: -1477.945040
[00:00:03] [worker #6] Bootstrap tree #7, logLikelihood: -1426.488421
[00:00:03] [worker #12] Bootstrap tree #13, logLikelihood: -1504.570540
[00:00:03] [worker #13] Bootstrap tree #14, logLikelihood: -1452.962052
[00:00:03] [worker #20] Bootstrap tree #21, logLikelihood: -1491.098423
[00:00:03] [worker #25] Bootstrap tree #26, logLikelihood: -1494.812740
[00:00:03] [worker #4] Bootstrap tree #5, logLikelihood: -1484.478392
[00:00:03] [worker #16] Bootstrap tree #17, logLikelihood: -1551.127647
[00:00:03] [worker #30] Bootstrap tree #31, logLikelihood: -1447.698304
[00:00:03] [worker #26] Bootstrap tree #27, logLikelihood: -1556.240154
[00:00:03] [worker #1] Bootstrap tree #2, logLikelihood: -1537.682562
[00:00:03] [worker #3] Bootstrap tree #4, logLikelihood: -1465.400144
[00:00:03] [worker #18] Bootstrap tree #19, logLikelihood: -1469.201336
[00:00:03] [worker #19] Bootstrap tree #20, logLikelihood: -1499.033676
[00:00:03] [worker #15] Bootstrap tree #16, logLikelihood: -1509.704991
[00:00:03] [worker #2] Bootstrap tree #3, logLikelihood: -1491.445093
[00:00:03] [worker #7] Bootstrap tree #8, logLikelihood: -1507.677251
[00:00:03] [worker #14] Bootstrap tree #15, logLikelihood: -1486.610904
[00:00:03] [worker #9] Bootstrap tree #10, logLikelihood: -1556.282767
[00:00:03] [worker #27] Bootstrap tree #28, logLikelihood: -1445.084712
[00:00:03] [worker #10] Bootstrap tree #11, logLikelihood: -1455.414394
[00:00:03] [worker #0] Bootstrap tree #1, logLikelihood: -1516.993159
[00:00:03] [worker #21] Bootstrap tree #54, logLikelihood: -1509.597060
[00:00:03] [worker #28] Bootstrap tree #61, logLikelihood: -1357.260038
[00:00:03] [worker #22] Bootstrap tree #55, logLikelihood: -1426.472514
[00:00:04] [worker #23] Bootstrap tree #56, logLikelihood: -1480.893296
[00:00:04] [worker #29] Bootstrap tree #62, logLikelihood: -1513.973199
[00:00:04] [worker #24] Bootstrap tree #25, logLikelihood: -1589.216807
[00:00:04] [worker #8] Bootstrap tree #41, logLikelihood: -1515.076079
[00:00:04] [worker #11] Bootstrap tree #44, logLikelihood: -1451.873257
[00:00:04] [worker #31] Bootstrap tree #64, logLikelihood: -1499.290462
[00:00:04] [worker #6] Bootstrap tree #39, logLikelihood: -1527.542943
[00:00:04] [worker #25] Bootstrap tree #58, logLikelihood: -1528.464510
[00:00:04] [worker #20] Bootstrap tree #53, logLikelihood: -1522.006584
[00:00:04] [worker #4] Bootstrap tree #37, logLikelihood: -1490.483457
[00:00:04] [worker #16] Bootstrap tree #49, logLikelihood: -1503.333527
[00:00:04] [worker #13] Bootstrap tree #46, logLikelihood: -1445.794298
[00:00:04] [worker #10] Bootstrap tree #43, logLikelihood: -1468.604804
[00:00:04] [worker #30] Bootstrap tree #63, logLikelihood: -1438.245451
[00:00:04] [worker #1] Bootstrap tree #34, logLikelihood: -1436.053753
[00:00:04] [worker #2] Bootstrap tree #35, logLikelihood: -1504.791958
[00:00:04] [worker #5] Bootstrap tree #38, logLikelihood: -1481.941367
[00:00:04] [worker #9] Bootstrap tree #42, logLikelihood: -1395.827888
[00:00:04] [worker #12] Bootstrap tree #45, logLikelihood: -1530.587450
[00:00:04] [worker #18] Bootstrap tree #51, logLikelihood: -1501.109249
[00:00:04] [worker #14] Bootstrap tree #47, logLikelihood: -1526.169064
[00:00:04] [worker #27] Bootstrap tree #60, logLikelihood: -1503.458339
[00:00:04] [worker #19] Bootstrap tree #52, logLikelihood: -1406.086005
[00:00:04] [worker #17] Bootstrap tree #50, logLikelihood: -1466.441565
[00:00:04] [worker #3] Bootstrap tree #36, logLikelihood: -1472.749617
[00:00:04] [worker #26] Bootstrap tree #59, logLikelihood: -1512.416394
[00:00:04] [worker #15] Bootstrap tree #48, logLikelihood: -1465.886855
[00:00:04] [worker #7] Bootstrap tree #40, logLikelihood: -1507.972126
[00:00:05] [worker #24] Bootstrap tree #57, logLikelihood: -1517.220170
[00:00:05] [worker #0] Bootstrap tree #33, logLikelihood: -1511.950747
[00:00:07] [worker #17] Bootstrap tree #82, logLikelihood: -1444.375644
[00:00:07] [worker #15] Bootstrap tree #80, logLikelihood: -1495.999344
[00:00:07] [worker #10] Bootstrap tree #75, logLikelihood: -1507.341978
[00:00:07] [worker #26] Bootstrap tree #91, logLikelihood: -1512.464532
[00:00:07] [worker #31] Bootstrap tree #96, logLikelihood: -1481.849502
[00:00:07] [worker #13] Bootstrap tree #78, logLikelihood: -1538.905133
[00:00:07] [worker #12] Bootstrap tree #77, logLikelihood: -1381.543893
[00:00:07] [worker #16] Bootstrap tree #81, logLikelihood: -1508.053335
[00:00:07] [worker #18] Bootstrap tree #83, logLikelihood: -1504.322922
[00:00:07] [worker #28] Bootstrap tree #93, logLikelihood: -1459.685106
[00:00:07] [worker #3] Bootstrap tree #68, logLikelihood: -1500.525393
[00:00:07] [worker #4] Bootstrap tree #69, logLikelihood: -1521.545073
[00:00:07] [worker #30] Bootstrap tree #95, logLikelihood: -1576.373542
[00:00:07] [worker #14] Bootstrap tree #79, logLikelihood: -1446.649300
[00:00:07] [worker #21] Bootstrap tree #86, logLikelihood: -1478.299755
[00:00:07] [worker #29] Bootstrap tree #94, logLikelihood: -1468.694355
[00:00:07] [worker #25] Bootstrap tree #90, logLikelihood: -1450.407404
[00:00:07] [worker #5] Bootstrap tree #70, logLikelihood: -1448.991133
[00:00:07] [worker #27] Bootstrap tree #92, logLikelihood: -1451.138829
[00:00:08] [worker #24] Bootstrap tree #89, logLikelihood: -1466.832324
[00:00:08] [worker #19] Bootstrap tree #84, logLikelihood: -1443.344358
[00:00:08] [worker #8] Bootstrap tree #73, logLikelihood: -1439.886460
[00:00:08] [worker #20] Bootstrap tree #85, logLikelihood: -1517.126771
[00:00:08] [worker #9] Bootstrap tree #74, logLikelihood: -1512.840905
[00:00:08] [worker #2] Bootstrap tree #67, logLikelihood: -1446.817397
[00:00:08] [worker #1] Bootstrap tree #66, logLikelihood: -1454.846396
[00:00:08] [worker #23] Bootstrap tree #88, logLikelihood: -1420.429464
[00:00:08] [worker #7] Bootstrap tree #72, logLikelihood: -1459.823152
[00:00:08] [worker #22] Bootstrap tree #87, logLikelihood: -1429.046820
[00:00:08] [worker #11] Bootstrap tree #76, logLikelihood: -1453.131919
[00:00:08] [worker #6] Bootstrap tree #71, logLikelihood: -1490.076085
[00:00:08] [worker #0] Bootstrap tree #65, logLikelihood: -1493.013808
[00:00:08] [worker #17] Bootstrap tree #114, logLikelihood: -1484.906729
[00:00:08] [worker #4] Bootstrap tree #101, logLikelihood: -1542.389291
[00:00:08] [worker #31] Bootstrap tree #128, logLikelihood: -1512.455446
[00:00:08] [worker #16] Bootstrap tree #113, logLikelihood: -1493.799334
[00:00:08] [worker #26] Bootstrap tree #123, logLikelihood: -1424.916967
[00:00:08] [worker #15] Bootstrap tree #112, logLikelihood: -1531.119757
[00:00:08] [worker #5] Bootstrap tree #102, logLikelihood: -1449.176769
[00:00:08] [worker #12] Bootstrap tree #109, logLikelihood: -1510.630769
[00:00:08] [worker #25] Bootstrap tree #122, logLikelihood: -1443.750402
[00:00:08] [worker #21] Bootstrap tree #118, logLikelihood: -1474.240551
[00:00:08] [worker #19] Bootstrap tree #116, logLikelihood: -1494.553114
[00:00:08] [worker #28] Bootstrap tree #125, logLikelihood: -1531.779715
[00:00:08] [worker #29] Bootstrap tree #126, logLikelihood: -1469.028474
[00:00:08] [worker #11] Bootstrap tree #108, logLikelihood: -1456.787551
[00:00:08] [worker #10] Bootstrap tree #107, logLikelihood: -1532.902916
[00:00:08] [worker #9] Bootstrap tree #106, logLikelihood: -1391.690867
[00:00:08] [worker #14] Bootstrap tree #111, logLikelihood: -1478.210801
[00:00:08] [worker #8] Bootstrap tree #105, logLikelihood: -1505.330224
[00:00:08] [worker #13] Bootstrap tree #110, logLikelihood: -1467.929249
[00:00:08] [worker #20] Bootstrap tree #117, logLikelihood: -1462.316937
[00:00:08] [worker #24] Bootstrap tree #121, logLikelihood: -1452.026472
[00:00:08] [worker #3] Bootstrap tree #100, logLikelihood: -1488.002674
[00:00:09] [worker #23] Bootstrap tree #120, logLikelihood: -1511.524896
[00:00:09] [worker #22] Bootstrap tree #119, logLikelihood: -1531.680453
[00:00:09] [worker #7] Bootstrap tree #104, logLikelihood: -1478.130758
[00:00:09] [worker #2] Bootstrap tree #99, logLikelihood: -1488.032573
[00:00:09] [worker #6] Bootstrap tree #103, logLikelihood: -1448.236815
[00:00:09] [worker #30] Bootstrap tree #127, logLikelihood: -1442.522907
[00:00:09] [worker #27] Bootstrap tree #124, logLikelihood: -1458.186161
[00:00:09] [worker #0] Bootstrap tree #97, logLikelihood: -1476.280175
[00:00:09] [worker #1] Bootstrap tree #98, logLikelihood: -1505.473428
[00:00:09] [worker #18] Bootstrap tree #115, logLikelihood: -1485.637432
[00:00:13] [worker #18] Bootstrap tree #147, logLikelihood: -1463.852233
[00:00:13] [worker #31] Bootstrap tree #160, logLikelihood: -1516.616296
[00:00:13] [worker #23] Bootstrap tree #152, logLikelihood: -1513.104054
[00:00:13] [worker #7] Bootstrap tree #136, logLikelihood: -1469.543875
[00:00:13] [worker #22] Bootstrap tree #151, logLikelihood: -1472.793775
[00:00:13] [worker #8] Bootstrap tree #137, logLikelihood: -1508.390021
[00:00:13] [worker #13] Bootstrap tree #142, logLikelihood: -1492.537630
[00:00:13] [worker #29] Bootstrap tree #158, logLikelihood: -1489.463364
[00:00:13] [worker #1] Bootstrap tree #130, logLikelihood: -1551.659257
[00:00:13] [worker #27] Bootstrap tree #156, logLikelihood: -1415.102711
[00:00:13] [worker #19] Bootstrap tree #148, logLikelihood: -1440.932930
[00:00:13] [worker #30] Bootstrap tree #159, logLikelihood: -1473.144104
[00:00:13] [worker #20] Bootstrap tree #149, logLikelihood: -1444.373922
[00:00:13] [worker #14] Bootstrap tree #143, logLikelihood: -1416.297299
[00:00:13] [worker #17] Bootstrap tree #146, logLikelihood: -1423.792864
[00:00:13] [worker #16] Bootstrap tree #145, logLikelihood: -1502.547055
[00:00:13] [worker #9] Bootstrap tree #138, logLikelihood: -1436.482467
[00:00:13] [worker #21] Bootstrap tree #150, logLikelihood: -1487.486472
[00:00:13] [worker #3] Bootstrap tree #132, logLikelihood: -1479.755808
[00:00:13] [worker #24] Bootstrap tree #153, logLikelihood: -1403.404097
[00:00:13] [worker #11] Bootstrap tree #140, logLikelihood: -1494.375733
[00:00:13] [worker #2] Bootstrap tree #131, logLikelihood: -1483.185442
[00:00:13] [worker #28] Bootstrap tree #157, logLikelihood: -1469.644750
[00:00:13] [worker #12] Bootstrap tree #141, logLikelihood: -1424.612478
[00:00:13] [worker #0] Bootstrap tree #129, logLikelihood: -1487.709894
[00:00:13] [worker #10] Bootstrap tree #139, logLikelihood: -1622.973711
[00:00:13] [worker #6] Bootstrap tree #135, logLikelihood: -1495.996043
[00:00:13] [worker #5] Bootstrap tree #134, logLikelihood: -1509.167965
[00:00:13] [worker #26] Bootstrap tree #155, logLikelihood: -1516.605178
[00:00:13] [worker #25] Bootstrap tree #154, logLikelihood: -1486.018714
[00:00:13] [worker #15] Bootstrap tree #144, logLikelihood: -1490.830034
[00:00:14] [worker #4] Bootstrap tree #133, logLikelihood: -1464.772625
[00:00:14] [worker #18] Bootstrap tree #179, logLikelihood: -1461.102306
[00:00:14] [worker #22] Bootstrap tree #183, logLikelihood: -1468.358005
[00:00:14] [worker #23] Bootstrap tree #184, logLikelihood: -1472.643861
[00:00:14] [worker #31] Bootstrap tree #192, logLikelihood: -1495.379095
[00:00:14] [worker #7] Bootstrap tree #168, logLikelihood: -1414.448178
[00:00:14] [worker #3] Bootstrap tree #164, logLikelihood: -1420.424220
[00:00:14] [worker #27] Bootstrap tree #188, logLikelihood: -1492.019699
[00:00:14] [worker #13] Bootstrap tree #174, logLikelihood: -1443.605594
[00:00:14] [worker #19] Bootstrap tree #180, logLikelihood: -1544.104284
[00:00:14] [worker #8] Bootstrap tree #169, logLikelihood: -1436.370657
[00:00:14] [worker #20] Bootstrap tree #181, logLikelihood: -1539.956101
[00:00:14] [worker #1] Bootstrap tree #162, logLikelihood: -1475.835757
[00:00:14] [worker #14] Bootstrap tree #175, logLikelihood: -1440.764180
[00:00:14] [worker #24] Bootstrap tree #185, logLikelihood: -1429.946997
[00:00:14] [worker #21] Bootstrap tree #182, logLikelihood: -1466.549930
[00:00:14] [worker #28] Bootstrap tree #189, logLikelihood: -1533.765691
[00:00:14] [worker #12] Bootstrap tree #173, logLikelihood: -1482.783435
[00:00:14] [worker #2] Bootstrap tree #163, logLikelihood: -1518.951264
[00:00:14] [worker #10] Bootstrap tree #171, logLikelihood: -1403.005015
[00:00:14] [worker #11] Bootstrap tree #172, logLikelihood: -1443.095972
[00:00:14] [worker #15] Bootstrap tree #176, logLikelihood: -1499.461157
[00:00:14] [worker #30] Bootstrap tree #191, logLikelihood: -1561.179269
[00:00:14] [worker #9] Bootstrap tree #170, logLikelihood: -1445.255484
[00:00:14] [worker #26] Bootstrap tree #187, logLikelihood: -1478.698891
[00:00:14] [worker #17] Bootstrap tree #178, logLikelihood: -1501.881086
[00:00:14] [worker #5] Bootstrap tree #166, logLikelihood: -1444.393940
[00:00:14] [worker #0] Bootstrap tree #161, logLikelihood: -1427.687170
[00:00:14] [worker #25] Bootstrap tree #186, logLikelihood: -1408.708397
[00:00:14] [worker #29] Bootstrap tree #190, logLikelihood: -1502.582723
[00:00:14] [worker #16] Bootstrap tree #177, logLikelihood: -1486.484297
[00:00:15] [worker #6] Bootstrap tree #167, logLikelihood: -1563.805684
[00:00:15] [worker #4] Bootstrap tree #165, logLikelihood: -1483.673557
[00:00:22] [worker #19] Bootstrap tree #212, logLikelihood: -1393.095335
[00:00:22] [worker #23] Bootstrap tree #216, logLikelihood: -1435.577688
[00:00:22] [worker #17] Bootstrap tree #210, logLikelihood: -1502.978456
[00:00:22] [worker #15] Bootstrap tree #208, logLikelihood: -1546.441734
[00:00:22] [worker #25] Bootstrap tree #218, logLikelihood: -1486.956689
[00:00:22] [worker #1] Bootstrap tree #194, logLikelihood: -1450.507374
[00:00:22] [worker #11] Bootstrap tree #204, logLikelihood: -1431.463357
[00:00:22] [worker #16] Bootstrap tree #209, logLikelihood: -1503.546984
[00:00:22] [worker #20] Bootstrap tree #213, logLikelihood: -1458.716557
[00:00:22] [worker #13] Bootstrap tree #206, logLikelihood: -1461.793558
[00:00:22] [worker #21] Bootstrap tree #214, logLikelihood: -1426.637537
[00:00:22] [worker #30] Bootstrap tree #223, logLikelihood: -1451.062104
[00:00:22] [worker #7] Bootstrap tree #200, logLikelihood: -1441.353001
[00:00:22] [worker #3] Bootstrap tree #196, logLikelihood: -1410.594403
[00:00:22] [worker #12] Bootstrap tree #205, logLikelihood: -1503.868559
[00:00:22] [worker #10] Bootstrap tree #203, logLikelihood: -1433.587591
[00:00:22] [worker #14] Bootstrap tree #207, logLikelihood: -1479.424574
[00:00:22] [worker #26] Bootstrap tree #219, logLikelihood: -1523.718556
[00:00:22] [worker #9] Bootstrap tree #202, logLikelihood: -1488.955924
[00:00:22] [worker #27] Bootstrap tree #220, logLikelihood: -1444.581243
[00:00:22] [worker #4] Bootstrap tree #197, logLikelihood: -1468.758911
[00:00:22] [worker #18] Bootstrap tree #211, logLikelihood: -1440.226178
[00:00:22] [worker #29] Bootstrap tree #222, logLikelihood: -1485.730005
[[00:00:22] [worker #5] Bootstrap tree #198, logLikelihood: -1556.555258
00:00:22] [worker #31] Bootstrap tree #224, logLikelihood: -1480.915513
[00:00:22] [worker #8] Bootstrap tree #201, logLikelihood: -1526.385027
[00:00:22] [worker #28] Bootstrap tree #221, logLikelihood: -1499.951658
[00:00:22] [worker #2] Bootstrap tree #195, logLikelihood: -1464.324273
[00:00:22] [worker #6] Bootstrap tree #199, logLikelihood: -1473.599267
[00:00:22] [worker #24] Bootstrap tree #217, logLikelihood: -1545.190957
[00:00:22] [worker #22] Bootstrap tree #215, logLikelihood: -1464.442785
[00:00:22] [worker #0] Bootstrap tree #193, logLikelihood: -1450.256532
[00:00:22] [worker #15] Bootstrap tree #240, logLikelihood: -1479.861350
[00:00:23] [worker #19] Bootstrap tree #244, logLikelihood: -1491.772381
[00:00:23] [worker #17] Bootstrap tree #242, logLikelihood: -1482.553697
[00:00:23] [worker #7] Bootstrap tree #232, logLikelihood: -1506.773364
[00:00:23] [worker #18] Bootstrap tree #243, logLikelihood: -1423.866974
[00:00:23] [worker #27] Bootstrap tree #252, logLikelihood: -1425.042910
[00:00:23] [worker #3] Bootstrap tree #228, logLikelihood: -1415.316005
[00:00:23] [worker #25] Bootstrap tree #250, logLikelihood: -1474.042368
[00:00:23] [worker #16] Bootstrap tree #241, logLikelihood: -1428.359021
[00:00:23] [worker #10] Bootstrap tree #235, logLikelihood: -1429.227222
[00:00:23] [worker #13] Bootstrap tree #238, logLikelihood: -1467.736860
[00:00:23] [worker #23] Bootstrap tree #248, logLikelihood: -1508.319882
[00:00:23] [worker #11] Bootstrap tree #236, logLikelihood: -1463.399812
[00:00:23] [worker #30] Bootstrap tree #255, logLikelihood: -1398.454585
[00:00:23] [worker #9] Bootstrap tree #234, logLikelihood: -1437.666590
[00:00:23] [worker #28] Bootstrap tree #253, logLikelihood: -1456.063147
[00:00:23] [worker #20] Bootstrap tree #245, logLikelihood: -1470.676311
[00:00:23] [worker #12] Bootstrap tree #237, logLikelihood: -1516.354158
[00:00:23] [worker #14] Bootstrap tree #239, logLikelihood: -1466.759673
[00:00:23] [worker #1] Bootstrap tree #226, logLikelihood: -1475.829337
[00:00:23] [worker #31] Bootstrap tree #256, logLikelihood: -1588.385335
[00:00:23] [worker #8] Bootstrap tree #233, logLikelihood: -1502.018764
[00:00:23] [worker #21] Bootstrap tree #246, logLikelihood: -1468.578586
[00:00:23] [worker #5] Bootstrap tree #230, logLikelihood: -1490.739280
[00:00:23] [worker #24] Bootstrap tree #249, logLikelihood: -1438.506194
[00:00:23] [worker #2] Bootstrap tree #227, logLikelihood: -1525.193610
[00:00:23] [worker #4] Bootstrap tree #229, logLikelihood: -1456.712852
[00:00:23] [worker #26] Bootstrap tree #251, logLikelihood: -1491.790659
[00:00:23] [worker #6] Bootstrap tree #231, logLikelihood: -1434.071964
[00:00:23] [worker #22] Bootstrap tree #247, logLikelihood: -1439.987061
[00:00:24] [worker #29] Bootstrap tree #254, logLikelihood: -1406.264395
[00:00:24] [worker #0] Bootstrap tree #225, logLikelihood: -1421.427998
[00:00:33] [worker #13] Bootstrap tree #270, logLikelihood: -1505.976410
[00:00:33] [worker #6] Bootstrap tree #263, logLikelihood: -1456.187538
[00:00:33] [worker #23] Bootstrap tree #280, logLikelihood: -1384.867219
[00:00:33] [worker #30] Bootstrap tree #287, logLikelihood: -1480.784268
[[00:00:33] [worker #9] Bootstrap tree #266, logLikelihood: -1458.032408
00:00:33] [worker #24] Bootstrap tree #281, logLikelihood: -1453.298741
[00:00:33] [worker #29] Bootstrap tree #286, logLikelihood: -1473.533433
[00:00:33] [worker #27] Bootstrap tree #284, logLikelihood: -1437.490479
[00:00:33] [worker #19] Bootstrap tree #276, logLikelihood: -1476.687220
[00:00:33] [worker #22] Bootstrap tree #279, logLikelihood: -1439.066331
[00:00:33] [worker #10] Bootstrap tree #267, logLikelihood: -1473.225893
[00:00:33] [worker #8] Bootstrap tree #265, logLikelihood: -1455.757737
[00:00:33] [worker #7] Bootstrap tree #264, logLikelihood: -1417.168283
[00:00:33] [worker #4] Bootstrap tree #261, logLikelihood: -1494.825120
[00:00:33] [worker #31] Bootstrap tree #288, logLikelihood: -1452.156630
[00:00:33] [worker #14] Bootstrap tree #271, logLikelihood: -1511.877950
[00:00:33] [worker #26] Bootstrap tree #283, logLikelihood: -1453.329212
[00:00:33] [worker #20] Bootstrap tree #277, logLikelihood: -1500.920830
[00:00:33] [worker #16] Bootstrap tree #273, logLikelihood: -1497.043582
[00:00:33] [worker #25] Bootstrap tree #282, logLikelihood: -1484.719921
[00:00:33] [worker #2] Bootstrap tree #259, logLikelihood: -1414.971235
[00:00:33] [worker #12] Bootstrap tree #269, logLikelihood: -1507.640475
[00:00:33] [worker #11] Bootstrap tree #268, logLikelihood: -1430.826231
[00:00:33] [worker #15] Bootstrap tree #272, logLikelihood: -1456.365235
[00:00:34] [worker #3] Bootstrap tree #260, logLikelihood: -1533.635863
[00:00:34] [worker #0] Bootstrap tree #257, logLikelihood: -1425.846839
[00:00:34] [worker #28] Bootstrap tree #285, logLikelihood: -1499.840708
[00:00:34] [worker #18] Bootstrap tree #275, logLikelihood: -1587.841238
[00:00:34] [worker #21] Bootstrap tree #278, logLikelihood: -1455.556182
[00:00:34] [worker #1] Bootstrap tree #258, logLikelihood: -1466.863369
[00:00:34] [worker #5] Bootstrap tree #262, logLikelihood: -1501.862489
[00:00:34] [worker #17] Bootstrap tree #274, logLikelihood: -1440.235158
[00:00:34] [worker #27] Bootstrap tree #316, logLikelihood: -1425.667886
[00:00:34] [worker #30] Bootstrap tree #319, logLikelihood: -1533.030943
[00:00:34] [worker #24] Bootstrap tree #313, logLikelihood: -1504.581990
[00:00:34] [worker #13] Bootstrap tree #302, logLikelihood: -1445.228843
[00:00:34] [worker #8] Bootstrap tree #297, logLikelihood: -1483.990847
[00:00:34] [worker #4] Bootstrap tree #293, logLikelihood: -1518.008842
[00:00:34] [worker #9] Bootstrap tree #298, logLikelihood: -1472.066535
[00:00:34] [worker #12] Bootstrap tree #301, logLikelihood: -1480.765094
[00:00:34] [worker #6] Bootstrap tree #295, logLikelihood: -1380.263148
[00:00:34] [worker #31] Bootstrap tree #320, logLikelihood: -1516.372501
[00:00:34] [worker #26] Bootstrap tree #315, logLikelihood: -1402.083953
[00:00:34] [worker #22] Bootstrap tree #311, logLikelihood: -1427.879304
[00:00:34] [worker #10] Bootstrap tree #299, logLikelihood: -1425.570963
[00:00:34] [worker #23] Bootstrap tree #312, logLikelihood: -1471.413333
[00:00:34] [worker #15] Bootstrap tree #304, logLikelihood: -1464.615974
[00:00:34] [worker #29] Bootstrap tree #318, logLikelihood: -1430.435298
[00:00:34] [worker #11] Bootstrap tree #300, logLikelihood: -1531.745371
[00:00:34] [worker #16] Bootstrap tree #305, logLikelihood: -1479.822452
[00:00:34] [worker #25] Bootstrap tree #314, logLikelihood: -1482.593289
[00:00:34] [worker #28] Bootstrap tree #317, logLikelihood: -1480.105033
[00:00:34] [worker #14] Bootstrap tree #303, logLikelihood: -1452.778562
[00:00:34] [worker #21] Bootstrap tree #310, logLikelihood: -1439.485043
[00:00:34] [worker #1] Bootstrap tree #290, logLikelihood: -1495.720516
[[00:00:34] [worker #20] Bootstrap tree #309, logLikelihood: -1497.143628
00:00:34] [worker #5] Bootstrap tree #294, logLikelihood: -1544.107569
[00:00:35] [worker #7] Bootstrap tree #296, logLikelihood: -1467.084423
[00:00:35] [worker #3] Bootstrap tree #292, logLikelihood: -1510.838333
[00:00:35] [worker #2] Bootstrap tree #291, logLikelihood: -1422.035013
[00:00:35] [worker #19] Bootstrap tree #308, logLikelihood: -1469.875658
[00:00:35] [worker #17] Bootstrap tree #306, logLikelihood: -1487.421186
[00:00:35] [worker #18] Bootstrap tree #307, logLikelihood: -1544.952579
[00:00:35] [worker #0] Bootstrap tree #289, logLikelihood: -1501.247020
[00:00:48] [worker #28] Bootstrap tree #349, logLikelihood: -1439.180901
[00:00:48] [worker #29] Bootstrap tree #350, logLikelihood: -1418.041473
[00:00:48] [worker #12] Bootstrap tree #333, logLikelihood: -1457.825376
[00:00:48] [worker #21] Bootstrap tree #342, logLikelihood: -1479.528199
[00:00:48] [worker #23] Bootstrap tree #344, logLikelihood: -1481.518866
[00:00:48] [worker #15] Bootstrap tree #336, logLikelihood: -1508.749775
[00:00:48] [worker #20] Bootstrap tree #341, logLikelihood: -1440.852748
[00:00:48] [worker #8] Bootstrap tree #329, logLikelihood: -1452.363069
[00:00:48] [worker #26] Bootstrap tree #347, logLikelihood: -1416.389135
[00:00:48] [worker #27] Bootstrap tree #348, logLikelihood: -1400.575677
[00:00:48] [worker #24] Bootstrap tree #345, logLikelihood: -1471.467409
[00:00:48] [worker #13] Bootstrap tree #334, logLikelihood: -1440.354936
[00:00:48] [worker #25] Bootstrap tree #346, logLikelihood: -1574.411799
[00:00:49] [worker #14] Bootstrap tree #335, logLikelihood: -1480.563397
[00:00:49] [worker #1] Bootstrap tree #322, logLikelihood: -1403.216331
[00:00:49] [worker #30] Bootstrap tree #351, logLikelihood: -1546.493653
[00:00:49] [worker #9] Bootstrap tree #330, logLikelihood: -1494.477224
[00:00:49] [worker #6] Bootstrap tree #327, logLikelihood: -1507.809893
[00:00:49] [worker #3] Bootstrap tree #324, logLikelihood: -1442.181997
[00:00:49] [worker #2] Bootstrap tree #323, logLikelihood: -1520.482222
[00:00:49] [worker #18] Bootstrap tree #339, logLikelihood: -1425.120682
[00:00:49] [worker #17] Bootstrap tree #338, logLikelihood: -1515.475446
[00:00:49] [worker #31] Bootstrap tree #352, logLikelihood: -1554.703901
[00:00:49] [worker #11] Bootstrap tree #332, logLikelihood: -1505.331371
[00:00:49] [worker #5] Bootstrap tree #326, logLikelihood: -1474.700868
[00:00:49] [worker #19] Bootstrap tree #340, logLikelihood: -1469.969997
[00:00:49] [worker #7] Bootstrap tree #328, logLikelihood: -1479.378580
[00:00:49] [worker #4] Bootstrap tree #325, logLikelihood: -1527.518687
[00:00:49] [worker #10] Bootstrap tree #331, logLikelihood: -1485.031190
[00:00:49] [worker #22] Bootstrap tree #343, logLikelihood: -1468.503213
[00:00:49] [worker #0] Bootstrap tree #321, logLikelihood: -1422.106409
[00:00:49] [worker #16] Bootstrap tree #337, logLikelihood: -1407.641797
[00:00:49] [worker #25] Bootstrap tree #378, logLikelihood: -1389.950732
[00:00:49] [worker #21] Bootstrap tree #374, logLikelihood: -1457.167453
[00:00:49] [worker #28] Bootstrap tree #381, logLikelihood: -1514.241867
[00:00:49] [worker #24] Bootstrap tree #377, logLikelihood: -1476.817161
[00:00:49] [worker #23] Bootstrap tree #376, logLikelihood: -1461.535126
[00:00:49] [worker #26] Bootstrap tree #379, logLikelihood: -1447.109762
[00:00:49] [worker #20] Bootstrap tree #373, logLikelihood: -1462.497838
[00:00:49] [worker #29] Bootstrap tree #382, logLikelihood: -1408.562157
[00:00:49] [worker #1] Bootstrap tree #354, logLikelihood: -1466.705047
[00:00:49] [worker #27] Bootstrap tree #380, logLikelihood: -1446.742558
[00:00:49] [worker #8] Bootstrap tree #361, logLikelihood: -1493.517084
[00:00:49] [worker #14] Bootstrap tree #367, logLikelihood: -1484.578280
[00:00:49] [worker #13] Bootstrap tree #366, logLikelihood: -1449.684934
[00:00:49] [worker #9] Bootstrap tree #362, logLikelihood: -1483.187943
[00:00:50] [worker #30] Bootstrap tree #383, logLikelihood: -1553.901175
[00:00:50] [worker #11] Bootstrap tree #364, logLikelihood: -1448.496770
[00:00:50] [worker #15] Bootstrap tree #368, logLikelihood: -1524.284047
[00:00:50] [worker #17] Bootstrap tree #370, logLikelihood: -1460.420619
[00:00:50] [worker #18] Bootstrap tree #371, logLikelihood: -1462.444957
[00:00:50] [worker #5] Bootstrap tree #358, logLikelihood: -1500.692834
[00:00:50] [worker #19] Bootstrap tree #372, logLikelihood: -1558.913322
[00:00:50] [worker #12] Bootstrap tree #365, logLikelihood: -1525.862052
[00:00:50] [worker #7] Bootstrap tree #360, logLikelihood: -1492.004188
[00:00:50] [worker #4] Bootstrap tree #357, logLikelihood: -1436.853905
[00:00:50] [worker #2] Bootstrap tree #355, logLikelihood: -1529.749505
[00:00:50] [worker #22] Bootstrap tree #375, logLikelihood: -1502.811263
[00:00:50] [worker #3] Bootstrap tree #356, logLikelihood: -1507.599549
[00:00:50] [worker #6] Bootstrap tree #359, logLikelihood: -1436.673260
[00:00:50] [worker #31] Bootstrap tree #384, logLikelihood: -1438.605687
[00:00:50] [worker #16] Bootstrap tree #369, logLikelihood: -1475.836019
[00:00:50] [worker #0] Bootstrap tree #353, logLikelihood: -1465.749237
[00:00:50] [worker #10] Bootstrap tree #363, logLikelihood: -1468.134846
[00:01:07] [worker #17] Bootstrap tree #402, logLikelihood: -1481.085037
[00:01:07] [worker #19] Bootstrap tree #404, logLikelihood: -1354.441063
[00:01:07] [worker #27] Bootstrap tree #412, logLikelihood: -1332.106320
[00:01:07] [worker #12] Bootstrap tree #397, logLikelihood: -1494.422875
[00:01:07] [worker #11] Bootstrap tree #396, logLikelihood: -1420.236938
[00:01:07] [worker #2] Bootstrap tree #387, logLikelihood: -1494.694321
[00:01:07] [worker #14] Bootstrap tree #399, logLikelihood: -1478.693885
[00:01:07] [worker #10] Bootstrap tree #395, logLikelihood: -1503.711388
[00:01:07] [worker #9] Bootstrap tree #394, logLikelihood: -1495.075053
[00:01:07] [worker #23] Bootstrap tree #408, logLikelihood: -1549.495831
[00:01:07] [worker #8] Bootstrap tree #393, logLikelihood: -1514.549058
[00:01:07] [worker #16] Bootstrap tree #401, logLikelihood: -1431.416606
[00:01:07] [worker #7] Bootstrap tree #392, logLikelihood: -1448.724373
[00:01:07] [worker #21] Bootstrap tree #406, logLikelihood: -1457.489228
[00:01:07] [worker #28] Bootstrap tree #413, logLikelihood: -1421.806372
[00:01:07] [worker #26] Bootstrap tree #411, logLikelihood: -1414.300946
[00:01:07] [worker #18] Bootstrap tree #403, logLikelihood: -1493.089787
[00:01:07] [worker #3] Bootstrap tree #388, logLikelihood: -1513.569934
[00:01:07] [worker #30] Bootstrap tree #415, logLikelihood: -1434.837178
[00:01:07] [worker #22] Bootstrap tree #407, logLikelihood: -1465.332008
[00:01:07] [worker #24] Bootstrap tree #409, logLikelihood: -1534.942635
[00:01:07] [worker #29] Bootstrap tree #414, logLikelihood: -1440.460912
[00:01:07] [worker #31] Bootstrap tree #416, logLikelihood: -1493.908278
[00:01:07] [worker #1] Bootstrap tree #386, logLikelihood: -1439.629357
[00:01:07] [worker #20] Bootstrap tree #405, logLikelihood: -1448.041477
[00:01:07] [worker #5] Bootstrap tree #390, logLikelihood: -1449.950945
[00:01:07] [worker #4] Bootstrap tree #389, logLikelihood: -1482.280038
[00:01:07] [worker #25] Bootstrap tree #410, logLikelihood: -1493.905056
[00:01:07] [worker #13] Bootstrap tree #398, logLikelihood: -1541.241650
[00:01:07] [worker #15] Bootstrap tree #400, logLikelihood: -1470.814604
[00:01:08] [worker #0] Bootstrap tree #385, logLikelihood: -1534.455346
[00:01:08] [worker #6] Bootstrap tree #391, logLikelihood: -1481.280265
[00:01:08] [worker #17] Bootstrap tree #434, logLikelihood: -1496.889593
[00:01:08] [worker #28] Bootstrap tree #445, logLikelihood: -1482.114269
[00:01:08] [worker #10] Bootstrap tree #427, logLikelihood: -1424.682891
[00:01:08] [worker #23] Bootstrap tree #440, logLikelihood: -1424.942139
[00:01:08] [worker #14] Bootstrap tree #431, logLikelihood: -1438.279505
[00:01:08] [worker #11] Bootstrap tree #428, logLikelihood: -1415.172576
[00:01:08] [worker #24] Bootstrap tree #441, logLikelihood: -1385.352124
[00:01:08] [worker #2] Bootstrap tree #419, logLikelihood: -1537.053814
[00:01:08] [worker #30] Bootstrap tree #447, logLikelihood: -1468.609188
[00:01:08] [worker #22] Bootstrap tree #439, logLikelihood: -1426.460215
[00:01:08] [worker #20] Bootstrap tree #437, logLikelihood: -1458.052224
[00:01:08] [worker #19] Bootstrap tree #436, logLikelihood: -1538.924026
[00:01:08] [worker #31] Bootstrap tree #448, logLikelihood: -1461.679345
[00:01:08] [worker #16] Bootstrap tree #433, logLikelihood: -1425.512245
[00:01:08] [worker #8] Bootstrap tree #425, logLikelihood: -1471.920837
[00:01:08] [worker #3] Bootstrap tree #420, logLikelihood: -1379.943968
[00:01:08] [worker #29] Bootstrap tree #446, logLikelihood: -1473.513574
[00:01:08] [worker #1] Bootstrap tree #418, logLikelihood: -1515.545877
[00:01:08] [worker #9] Bootstrap tree #426, logLikelihood: -1447.762533
[00:01:08] [worker #12] Bootstrap tree #429, logLikelihood: -1443.056994
[00:01:08] [worker #5] Bootstrap tree #422, logLikelihood: -1471.694758
[[00:01:08] [worker #4] Bootstrap tree #421, logLikelihood: -1523.337524
00:01:08] [worker #21] Bootstrap tree #438, logLikelihood: -1544.102761
[00:01:08] [worker #27] Bootstrap tree #444, logLikelihood: -1486.183248
[00:01:08] [worker #18] Bootstrap tree #435, logLikelihood: -1484.569254
[00:01:08] [worker #26] Bootstrap tree #443, logLikelihood: -1510.280420
[00:01:08] [worker #13] Bootstrap tree #430, logLikelihood: -1449.660586
[00:01:08] [worker #25] Bootstrap tree #442, logLikelihood: -1443.579565
[00:01:08] [worker #7] Bootstrap tree #424, logLikelihood: -1440.109515
[00:01:08] [worker #15] Bootstrap tree #432, logLikelihood: -1491.636647
[00:01:09] [worker #6] Bootstrap tree #423, logLikelihood: -1439.629451
[00:01:09] [worker #0] Bootstrap tree #417, logLikelihood: -1503.282880
[00:01:32] [worker #27] Bootstrap tree #476, logLikelihood: -1460.257400
[00:01:32] [worker #17] Bootstrap tree #466, logLikelihood: -1423.813211
[00:01:32] [worker #26] Bootstrap tree #475, logLikelihood: -1500.371298
[00:01:32] [worker #18] Bootstrap tree #467, logLikelihood: -1512.531037
[00:01:32] [worker #25] Bootstrap tree #474, logLikelihood: -1497.021968
[00:01:32] [worker #16] Bootstrap tree #465, logLikelihood: -1388.223363
[00:01:32] [worker #22] Bootstrap tree #471, logLikelihood: -1480.827111
[00:01:32] [worker #20] Bootstrap tree #469, logLikelihood: -1500.556821
[00:01:32] [worker #12] Bootstrap tree #461, logLikelihood: -1440.160266
[00:01:32] [worker #28] Bootstrap tree #477, logLikelihood: -1492.307550
[00:01:32] [worker #1] Bootstrap tree #450, logLikelihood: -1474.852582
[00:01:32] [worker #10] Bootstrap tree #459, logLikelihood: -1517.448821
[00:01:32] [worker #7] Bootstrap tree #456, logLikelihood: -1462.520526
[00:01:32] [worker #30] Bootstrap tree #479, logLikelihood: -1550.512266
[00:01:32] [worker #23] Bootstrap tree #472, logLikelihood: -1413.655032
[00:01:32] [worker #11] Bootstrap tree #460, logLikelihood: -1456.605293
[00:01:32] [worker #29] Bootstrap tree #478, logLikelihood: -1530.689768
[00:01:32] [worker #21] Bootstrap tree #470, logLikelihood: -1513.127384
[00:01:32] [worker #3] Bootstrap tree #452, logLikelihood: -1525.566194
[00:01:32] [worker #6] Bootstrap tree #455, logLikelihood: -1489.544654
[00:01:32] [worker #9] Bootstrap tree #458, logLikelihood: -1467.122378
[00:01:32] [worker #14] Bootstrap tree #463, logLikelihood: -1494.829534
[00:01:32] [worker #15] Bootstrap tree #464, logLikelihood: -1432.043257
[00:01:32] [worker #24] Bootstrap tree #473, logLikelihood: -1494.545706
[00:01:32] [worker #31] Bootstrap tree #480, logLikelihood: -1555.022235
[00:01:32] [worker #2] Bootstrap tree #451, logLikelihood: -1499.932430
[00:01:32] [worker #4] Bootstrap tree #453, logLikelihood: -1509.812706
[00:01:32] [worker #13] Bootstrap tree #462, logLikelihood: -1442.579242
[00:01:32] [worker #5] Bootstrap tree #454, logLikelihood: -1462.473363
[00:01:32] [worker #8] Bootstrap tree #457, logLikelihood: -1442.328307
[00:01:32] [worker #19] Bootstrap tree #468, logLikelihood: -1519.235266
[00:01:32] [worker #0] Bootstrap tree #449, logLikelihood: -1545.571410
[00:01:32] [worker #27] Bootstrap tree #508, logLikelihood: -1468.348929
[00:01:32] [worker #17] Bootstrap tree #498, logLikelihood: -1465.438210
[00:01:33] [worker #25] Bootstrap tree #506, logLikelihood: -1508.021038
[00:01:33] [worker #18] Bootstrap tree #499, logLikelihood: -1507.170441
[00:01:33] [worker #28] Bootstrap tree #509, logLikelihood: -1466.545696
[00:01:33] [worker #10] Bootstrap tree #491, logLikelihood: -1478.180289
[00:01:33] [worker #26] Bootstrap tree #507, logLikelihood: -1531.515853
[00:01:33] [worker #12] Bootstrap tree #493, logLikelihood: -1401.803694
[00:01:33] [worker #20] Bootstrap tree #501, logLikelihood: -1475.009673
[00:01:33] [worker #16] Bootstrap tree #497, logLikelihood: -1506.669623
[00:01:33] [worker #6] Bootstrap tree #487, logLikelihood: -1487.428118
[00:01:33] [worker #9] Bootstrap tree #490, logLikelihood: -1465.556760
[00:01:33] [worker #22] Bootstrap tree #503, logLikelihood: -1495.026320
[00:01:33] [worker #29] Bootstrap tree #510, logLikelihood: -1444.596279
[00:01:33] [worker #30] Bootstrap tree #511, logLikelihood: -1479.716435
[00:01:33] [worker #14] Bootstrap tree #495, logLikelihood: -1389.194235
[00:01:33] [worker #3] Bootstrap tree #484, logLikelihood: -1499.129679
[00:01:33] [worker #1] Bootstrap tree #482, logLikelihood: -1466.067149
[00:01:33] [worker #4] Bootstrap tree #485, logLikelihood: -1418.347914
[00:01:33] [worker #15] Bootstrap tree #496, logLikelihood: -1436.532341
[00:01:33] [worker #24] Bootstrap tree #505, logLikelihood: -1485.650572
[00:01:33] [worker #7] Bootstrap tree #488, logLikelihood: -1475.183634
[00:01:33] [worker #31] Bootstrap tree #512, logLikelihood: -1466.840238
[00:01:33] [worker #23] Bootstrap tree #504, logLikelihood: -1403.467089
[00:01:33] [worker #8] Bootstrap tree #489, logLikelihood: -1545.915813
[00:01:33] [worker #13] Bootstrap tree #494, logLikelihood: -1537.323448
[00:01:33] [worker #19] Bootstrap tree #500, logLikelihood: -1498.897216
[00:01:33] [worker #21] Bootstrap tree #502, logLikelihood: -1442.486119
[00:01:33] [worker #5] Bootstrap tree #486, logLikelihood: -1430.996468
[00:01:33] [worker #2] Bootstrap tree #483, logLikelihood: -1456.727141
[00:01:33] [worker #11] Bootstrap tree #492, logLikelihood: -1464.202763
[00:01:33] [worker #0] Bootstrap tree #481, logLikelihood: -1432.106341
[00:01:57] [worker #11] Bootstrap tree #524, logLikelihood: -1495.475805
[00:01:57] [worker #22] Bootstrap tree #535, logLikelihood: -1479.350109
[00:01:57] [worker #10] Bootstrap tree #523, logLikelihood: -1431.198207
[00:01:57] [worker #21] Bootstrap tree #534, logLikelihood: -1398.333105
[00:01:57] [worker #26] Bootstrap tree #539, logLikelihood: -1521.765377
[00:01:57] [worker #1] Bootstrap tree #514, logLikelihood: -1395.942064
[00:01:57] [worker #7] Bootstrap tree #520, logLikelihood: -1528.242077
[00:01:57] [worker #29] Bootstrap tree #542, logLikelihood: -1451.439672
[00:01:57] [worker #4] Bootstrap tree #517, logLikelihood: -1561.226612
[00:01:57] [worker #8] Bootstrap tree #521, logLikelihood: -1508.363520
[00:01:57] [worker #31] Bootstrap tree #544, logLikelihood: -1528.599063
[00:01:57] [worker #30] Bootstrap tree #543, logLikelihood: -1396.382623
[00:01:57] [worker #9] Bootstrap tree #522, logLikelihood: -1490.507606
-1442.444896[

1442.444896[
00:01:57] [[worker #17] Bootstrap tree #530, logLikelihood: 0:01:57] [worker #27] Bootstrap tree #540, logLikelihood: -1425.342282

[00:01:57] [worker #5] Bootstrap tree #518, logLikelihood: -1465.761987
[00:01:57] [worker #14] Bootstrap tree #527, logLikelihood: -1506.951974
[00:01:57] [worker #19] Bootstrap tree #532, logLikelihood: -1381.961915
[00:01:57] [worker #15] Bootstrap tree #528, logLikelihood: -1462.295934
[00:01:57] [worker #16] Bootstrap tree #529, logLikelihood: -1448.614014
[00:01:57] [worker #12] Bootstrap tree #525, logLikelihood: -1458.100944
[00:01:57] [worker #20] Bootstrap tree #533, logLikelihood: -1563.871198
[00:01:57] [worker #13] Bootstrap tree #526, logLikelihood: -1484.224418
[00:01:57] [worker #28] Bootstrap tree #541, logLikelihood: -1409.838628
[00:01:57] [worker #24] Bootstrap tree #537, logLikelihood: -1452.608091
[00:01:58] [worker #3] Bootstrap tree #516, logLikelihood: -1518.991875
[00:01:58] [worker #18] Bootstrap tree #531, logLikelihood: -1530.039927
[00:01:58] [worker #25] Bootstrap tree #538, logLikelihood: -1558.771190
[00:01:58] [worker #2] Bootstrap tree #515, logLikelihood: -1538.114522
[00:01:58] [worker #23] Bootstrap tree #536, logLikelihood: -1450.072276
[00:01:58] [worker #0] Bootstrap tree #513, logLikelihood: -1562.156891
[00:01:58] [worker #10] Bootstrap tree #555, logLikelihood: -1557.881308
[00:01:58] [worker #21] Bootstrap tree #566, logLikelihood: -1527.386612
[00:01:58] [worker #1] Bootstrap tree #546, logLikelihood: -1450.706420
[00:01:58] [worker #26] Bootstrap tree #571, logLikelihood: -1458.032079
[00:01:58] [worker #8] Bootstrap tree #553, logLikelihood: -1487.242230
[00:01:58] [worker #7] Bootstrap tree #552, logLikelihood: -1540.898201
[00:01:58] [worker #6] Bootstrap tree #551, logLikelihood: -1485.501993
[00:01:58] [worker #22] Bootstrap tree #567, logLikelihood: -1594.256928
[00:01:58] [worker #29] Bootstrap tree #574, logLikelihood: -1464.636638
[00:01:58] [worker #11] Bootstrap tree #556, logLikelihood: -1404.139347
[00:01:58] [worker #9] Bootstrap tree #554, logLikelihood: -1443.821010
[00:01:58] [worker #31] Bootstrap tree #576, logLikelihood: -1489.899995
[00:01:58] [worker #18] Bootstrap tree #563, logLikelihood: -1456.615939
[00:01:58] [worker #25] Bootstrap tree #570, logLikelihood: -1456.905365
[00:01:58] [worker #27] Bootstrap tree #572, logLikelihood: -1427.022139
[00:01:58] [worker #17] Bootstrap tree #562, logLikelihood: -1448.244107
[00:01:58] [worker #12] Bootstrap tree #557, logLikelihood: -1496.536873
[00:01:58] [worker #19] Bootstrap tree #564, logLikelihood: -1455.518188
[00:01:58] [worker #24] Bootstrap tree #569, logLikelihood: -1521.532546
[00:01:58] [worker #28] Bootstrap tree #573, logLikelihood: -1518.960521
[[[[00:01:58] [worker #14] Bootstrap tree #559, logLikelihood: -1493.556868
-1422.08953700:01:58] [worker #5] Bootstrap tree #550, logLikelihood: -1469.926275

00:01:58] [worker #16] Bootstrap tree #561, logLikelihood: -1437.860119
[00:01:58] [worker #3] Bootstrap tree #548, logLikelihood: -1461.346528
[00:01:58] [worker #13] Bootstrap tree #558, logLikelihood: -1498.124073
[00:01:58] [worker #4] Bootstrap tree #549, logLikelihood: -1420.712897
[00:01:58] [worker #23] Bootstrap tree #568, logLikelihood: -1459.507621
[00:01:59] [worker #2] Bootstrap tree #547, logLikelihood: -1533.901289
[00:01:59] [worker #15] Bootstrap tree #560, logLikelihood: -1460.710122
[00:01:59] [worker #30] Bootstrap tree #575, logLikelihood: -1501.299831
[00:02:00] [worker #0] Bootstrap tree #545, logLikelihood: -1491.144302
[00:02:27] [worker #12] Bootstrap tree #589, logLikelihood: -1507.732098
[00:02:27] [worker #1] Bootstrap tree #578, logLikelihood: -1458.146432
[00:02:27] [worker #10] Bootstrap tree #587, logLikelihood: -1488.753369
[00:02:27] [worker #3] Bootstrap tree #580, logLikelihood: -1497.965094
[00:02:27] [worker #15] Bootstrap tree #592, logLikelihood: -1394.427874
[00:02:27] [worker #6] Bootstrap tree #583, logLikelihood: -1442.511272
[00:02:27] [worker #5] Bootstrap tree #582, logLikelihood: -1476.656050
[00:02:27] [worker #22] Bootstrap tree #599, logLikelihood: -1424.447536
[00:02:27] [worker #17] Bootstrap tree #594, logLikelihood: -1452.473256
[00:02:27] [worker #16] Bootstrap tree #593, logLikelihood: -1537.383266
[00:02:27] [worker #14] Bootstrap tree #591, logLikelihood: -1368.458892
[00:02:27] [worker #30] Bootstrap tree #607, logLikelihood: -1536.345506
[00:02:27] [worker #18] Bootstrap tree #595, logLikelihood: -1450.492177
[00:02:27] [worker #20] Bootstrap tree #597, logLikelihood: -1435.607506
[00:02:27] [worker #19] Bootstrap tree #596, logLikelihood: -1380.945096
[00:02:27] [worker #23] Bootstrap tree #600, logLikelihood: -1492.921003
[00:02:27] [worker #8] Bootstrap tree #585, logLikelihood: -1483.468198
[00:02:27] [worker #2] Bootstrap tree #579, logLikelihood: -1442.725710
[00:02:27] [worker #25] Bootstrap tree #602, logLikelihood: -1488.137765
[00:02:27] [worker #11] Bootstrap tree #588, logLikelihood: -1596.630861
[00:02:27] [worker #7] Bootstrap tree #584, logLikelihood: -1487.764308
[00:02:27] [worker #4] Bootstrap tree #581, logLikelihood: -1504.251660
[00:02:27] [worker #13] Bootstrap tree #590, logLikelihood: -1418.848157
[00:02:27] [worker #9] Bootstrap tree #586, logLikelihood: -1459.379892
[00:02:27] [worker #21] Bootstrap tree #598, logLikelihood: -1453.312940
[00:02:28] [worker #24] Bootstrap tree #601, logLikelihood: -1517.017475
[00:02:28] [worker #26] Bootstrap tree #603, logLikelihood: -1464.809720
[00:02:28] [worker #27] Bootstrap tree #604, logLikelihood: -1430.910650
[00:02:28] [worker #29] Bootstrap tree #606, logLikelihood: -1459.304937
[00:02:28] [worker #28] Bootstrap tree #605, logLikelihood: -1532.091267
[00:02:28] [worker #31] Bootstrap tree #608, logLikelihood: -1468.542723
[00:02:28] [worker #10] Bootstrap tree #619, logLikelihood: -1453.873084
[00:02:28] [worker #6] Bootstrap tree #615, logLikelihood: -1543.199069
[00:02:28] [worker #0] Bootstrap tree #577, logLikelihood: -1433.139631
[00:02:28] [worker #3] Bootstrap tree #612, logLikelihood: -1457.572381
[00:02:28] [worker #14] Bootstrap tree #623, logLikelihood: -1498.720181
[00:02:28] [worker #15] Bootstrap tree #624, logLikelihood: -1491.325902
[00:02:28] [worker #5] Bootstrap tree #614, logLikelihood: -1421.386498
[00:02:28] [worker #7] Bootstrap tree #616, logLikelihood: -1546.931766
:02:[00:02:28] [worker #16] Bootstrap tree #625, logLikelihood: -1482.673234
28] [worker #12] Bootstrap tree #621, logLikelihood: -1544.745597
[00:02:28] [worker #22] Bootstrap tree #631, logLikelihood: -1431.953326
[00:02:28] [worker #19] Bootstrap tree #628, logLikelihood: -1476.908309
[00:02:28] [worker #18] Bootstrap tree #627, logLikelihood: -1545.974343
[00:02:28] [worker #23] Bootstrap tree #632, logLikelihood: -1478.936247
[00:02:28] [worker #30] Bootstrap tree #639, logLikelihood: -1460.549121
[00:02:28] [worker #20] Bootstrap tree #629, logLikelihood: -1468.407930
[00:02:28] [worker #8] Bootstrap tree #617, logLikelihood: -1460.146306
[00:02:28] [worker #2] Bootstrap tree #611, logLikelihood: -1409.727837
[00:02:28] [worker #1] Bootstrap tree #610, logLikelihood: -1483.324466
[00:02:28] [worker #11] Bootstrap tree #620, logLikelihood: -1420.709324
[00:02:28] [worker #17] Bootstrap tree #626, logLikelihood: -1452.401272
[00:02:28] [worker #13] Bootstrap tree #622, logLikelihood: -1524.172538
[00:02:28] [worker #9] Bootstrap tree #618, logLikelihood: -1497.348641
[00:02:28] [worker #31] Bootstrap tree #640, logLikelihood: -1423.071339
[00:02:28] [worker #27] Bootstrap tree #636, logLikelihood: -1414.574874
[00:02:28] [worker #26] Bootstrap tree #635, logLikelihood: -1391.199243
[00:02:28] [worker #25] Bootstrap tree #634, logLikelihood: -1456.176931
[00:02:28] [worker #21] Bootstrap tree #630, logLikelihood: -1475.551109
[00:02:29] [worker #29] Bootstrap tree #638, logLikelihood: -1555.905291
[00:02:29] [worker #4] Bootstrap tree #613, logLikelihood: -1509.878097
[00:02:29] [worker #24] Bootstrap tree #633, logLikelihood: -1506.677069
[00:02:29] [worker #28] Bootstrap tree #637, logLikelihood: -1498.683405
[00:02:30] [worker #0] Bootstrap tree #609, logLikelihood: -1412.253376
[00:03:03] [worker #18] Bootstrap tree #659, logLikelihood: -1432.312078
[00:03:03] [worker #27] Bootstrap tree #668, logLikelihood: -1498.290412
[00:03:03] [worker #6] Bootstrap tree #647, logLikelihood: -1476.424033
[00:03:03] [worker #20] Bootstrap tree #661, logLikelihood: -1536.026185
[00:03:03] [worker #13] Bootstrap tree #654, logLikelihood: -1475.662621
[00:03:03] [worker #3] Bootstrap tree #644, logLikelihood: -1524.173966
[00:03:03] [worker #14] Bootstrap tree #655, logLikelihood: -1511.186171
[00:03:03] [worker #11] Bootstrap tree #652, logLikelihood: -1539.462437
[00:03:03] [worker #8] Bootstrap tree #649, logLikelihood: -1567.896975
[00:03:03] [worker #24] Bootstrap tree #665, logLikelihood: -1460.888160
[00:03:03] [worker #22] Bootstrap tree #663, logLikelihood: -1485.880580
[00:03:03] [worker #2] Bootstrap tree #643, logLikelihood: -1507.259081
[00:03:03] [worker #25] Bootstrap tree #666, logLikelihood: -1466.904914
[00:03:03] [worker #5] Bootstrap tree #646, logLikelihood: -1452.974715
[00:03:03] [worker #19] Bootstrap tree #660, logLikelihood: -1471.433227
[00:03:03] [worker #15] Bootstrap tree #656, logLikelihood: -1488.570382
[00:03:03] [worker #12] Bootstrap tree #653, logLikelihood: -1506.778136
[00:03:03] [worker #26] Bootstrap tree #667, logLikelihood: -1455.214782
[00:03:03] [worker #28] Bootstrap tree #669, logLikelihood: -1515.158064
[00:03:03] [worker #23] Bootstrap tree #664, logLikelihood: -1433.819131
[00:03:03] [worker #31] Bootstrap tree #672, logLikelihood: -1564.650991
[00:03:03] [worker #17] Bootstrap tree #658, logLikelihood: -1418.359582
[00:03:03] [worker #9] Bootstrap tree #650, logLikelihood: -1483.359835
[00:03:03] [worker #21] Bootstrap tree #662, logLikelihood: -1506.678388
[00:03:03] [worker #4] Bootstrap tree #645, logLikelihood: -1472.432570
[00:03:03] [worker #7] Bootstrap tree #648, logLikelihood: -1456.948311
[00:03:04] [worker #10] Bootstrap tree #651, logLikelihood: -1449.280248
[00:03:04] [worker #30] Bootstrap tree #671, logLikelihood: -1442.789647
[00:03:04] [worker #16] Bootstrap tree #657, logLikelihood: -1477.497918
[00:03:04] [worker #0] Bootstrap tree #641, logLikelihood: -1524.161182
[00:03:04] [worker #29] Bootstrap tree #670, logLikelihood: -1526.702789
[00:03:04] [worker #1] Bootstrap tree #642, logLikelihood: -1453.374207
[00:03:04] [worker #18] Bootstrap tree #691, logLikelihood: -1526.847863
[00:03:04] [worker #3] Bootstrap tree #676, logLikelihood: -1454.238475
[00:03:04] [worker #11] Bootstrap tree #684, logLikelihood: -1461.465251
[00:03:04] [worker #15] Bootstrap tree #688, logLikelihood: -1476.897399
[00:03:04] [worker #5] Bootstrap tree #678, logLikelihood: -1470.477497
[00:03:04] [worker #12] Bootstrap tree #685, logLikelihood: -1524.921077
[00:03:04] [worker #22] Bootstrap tree #695, logLikelihood: -1485.377660
[00:03:04] [worker #14] Bootstrap tree #687, logLikelihood: -1492.180238
[00:03:04] [worker #6] Bootstrap tree #679, logLikelihood: -1515.232803
[00:03:04] [worker #25] Bootstrap tree #698, logLikelihood: -1463.365144
[00:03:04] [worker #27] Bootstrap tree #700, logLikelihood: -1445.485360
[00:03:04] [worker #24] Bootstrap tree #697, logLikelihood: -1452.260867
[00:03:04] [worker #19] Bootstrap tree #692, logLikelihood: -1523.767289
[00:03:04] [worker #20] Bootstrap tree #693, logLikelihood: -1469.380579
[00:03:04] [worker #13] Bootstrap tree #686, logLikelihood: -1436.517737
[00:03:04] [worker #31] Bootstrap tree #704, logLikelihood: -1445.029781
[00:03:04] [worker #2] Bootstrap tree #675, logLikelihood: -1500.142869
[00:03:04] [worker #21] Bootstrap tree #694, logLikelihood: -1533.222163
[00:03:04] [worker #9] Bootstrap tree #682, logLikelihood: -1466.754833
[00:03:04] [worker #4] Bootstrap tree #677, logLikelihood: -1447.206987
[00:03:04] [worker #17] Bootstrap tree #690, logLikelihood: -1465.134238
[00:03:04] [worker #23] Bootstrap tree #696, logLikelihood: -1495.032727
[00:03:04] [worker #26] Bootstrap tree #699, logLikelihood: -1415.830008
[00:03:04] [worker #8] Bootstrap tree #681, logLikelihood: -1483.753479
[00:03:04] [worker #10] Bootstrap tree #683, logLikelihood: -1441.649261
[00:03:04] [worker #7] Bootstrap tree #680, logLikelihood: -1513.700337
[00:03:04] [worker #30] Bootstrap tree #703, logLikelihood: -1482.662611
[00:03:04] [worker #28] Bootstrap tree #701, logLikelihood: -1499.189858
[00:03:04] [worker #29] Bootstrap tree #702, logLikelihood: -1516.943112
[00:03:04] [worker #16] Bootstrap tree #689, logLikelihood: -1494.876401
[00:03:04] [worker #1] Bootstrap tree #674, logLikelihood: -1492.487900
[00:03:05] [worker #0] Bootstrap tree #673, logLikelihood: -1402.134266
[00:03:38] [worker #15] Bootstrap tree #720, logLikelihood: -1442.048484
[00:03:38] [worker #16] Bootstrap tree #721, logLikelihood: -1442.681528
[00:03:38] [worker #27] Bootstrap tree #732, logLikelihood: -1431.205117
[00:03:38] [worker #4] Bootstrap tree #709, logLikelihood: -1461.999991
[00:03:38] [worker #25] Bootstrap tree #730, logLikelihood: -1483.576777
[00:03:38] [worker #6] Bootstrap tree #711, logLikelihood: -1480.317391
[00:03:38] [worker #17] Bootstrap tree #722, logLikelihood: -1531.454212
[00:03:38] [worker #8] Bootstrap tree #713, logLikelihood: -1526.291244
[00:03:38] [worker #10] Bootstrap tree #715, logLikelihood: -1447.607787
[00:03:39] [worker #19] Bootstrap tree #724, logLikelihood: -1482.754936
[00:03:39] [worker #3] Bootstrap tree #708, logLikelihood: -1440.508455
[00:03:39] [worker #1] Bootstrap tree #706, logLikelihood: -1495.234733
[00:03:39] [worker #30] Bootstrap tree #735, logLikelihood: -1456.546294
[00:03:39] [worker #20] Bootstrap tree #725, logLikelihood: -1475.717874
[00:03:39] [worker #31] Bootstrap tree #736, logLikelihood: -1437.826734
[00:03:39] [worker #28] Bootstrap tree #733, logLikelihood: -1463.612428
[00:03:39] [worker #12] Bootstrap tree #717, logLikelihood: -1507.760232
[00:03:39] [worker #14] Bootstrap tree #719, logLikelihood: -1510.750444
[00:03:39] [worker #13] Bootstrap tree #718, logLikelihood: -1491.309363
[00:03:39] [worker #24] Bootstrap tree #729, logLikelihood: -1467.239046
[00:03:39] [worker #7] Bootstrap tree #712, logLikelihood: -1463.373393
[00:03:39] [worker #26] Bootstrap tree #731, logLikelihood: -1503.399285
[00:03:39] [worker #11] Bootstrap tree #716, logLikelihood: -1433.924548
[00:03:39] [worker #23] Bootstrap tree #728, logLikelihood: -1432.815951
[00:03:39] [worker #5] Bootstrap tree #710, logLikelihood: -1514.947603
[00:03:39] [worker #22] Bootstrap tree #727, logLikelihood: -1468.619669
[00:03:39] [worker #9] Bootstrap tree #714, logLikelihood: -1430.738540
[00:03:39] [worker #18] Bootstrap tree #723, logLikelihood: -1526.118582
[00:03:39] [worker #21] Bootstrap tree #726, logLikelihood: -1460.517034
[00:03:39] [worker #0] Bootstrap tree #705, logLikelihood: -1519.499853
[00:03:39] [worker #29] Bootstrap tree #734, logLikelihood: -1443.286067
[00:03:39] [worker #2] Bootstrap tree #707, logLikelihood: -1495.971467
[00:03:39] [worker #15] Bootstrap tree #752, logLikelihood: -1451.643628
[00:03:39] [worker #3] Bootstrap tree #740, logLikelihood: -1427.492876
[00:03:39] [worker #6] Bootstrap tree #743, logLikelihood: -1479.134435
[00:03:39] [worker #12] Bootstrap tree #749, logLikelihood: -1506.150126
[00:03:39] [worker #24] Bootstrap tree #761, logLikelihood: -1493.560612
[00:03:39] [worker #8] Bootstrap tree #745, logLikelihood: -1512.169763
[00:03:39] [worker #30] Bootstrap tree #767, logLikelihood: -1426.064416
[00:03:39] [worker #4] Bootstrap tree #741, logLikelihood: -1444.738938
[00:03:39] [worker #1] Bootstrap tree #738, logLikelihood: -1430.817415
[00:03:39] [worker #17] Bootstrap tree #754, logLikelihood: -1461.800279
[00:03:39] [worker #27] Bootstrap tree #764, logLikelihood: -1436.092092
[00:03:40] [worker #26] Bootstrap tree #763, logLikelihood: -1409.396761
[00:03:40] [worker #25] Bootstrap tree #762, logLikelihood: -1472.565234
[00:03:40] [worker #16] Bootstrap tree #753, logLikelihood: -1465.428568
[00:03:40] [worker #20] Bootstrap tree #757, logLikelihood: -1481.636944
[00:03:40] [worker #10] Bootstrap tree #747, logLikelihood: -1559.087230
[00:03:40] [worker #5] Bootstrap tree #742, logLikelihood: -1519.461476
[00:03:40] [worker #9] Bootstrap tree #746, logLikelihood: -1437.090100
[00:03:40] [worker #23] Bootstrap tree #760, logLikelihood: -1421.280929
[00:03:40] [worker #21] Bootstrap tree #758, logLikelihood: -1443.068304
[00:03:40] [worker #31] Bootstrap tree #768, logLikelihood: -1430.137694
[00:03:40] [worker #11] Bootstrap tree #748, logLikelihood: -1496.918206
[00:03:40] [worker #19] Bootstrap tree #756, logLikelihood: -1493.313869
[00:03:40] [worker #13] Bootstrap tree #750, logLikelihood: -1534.946730
[00:03:40] [worker #28] Bootstrap tree #765, logLikelihood: -1517.479141
[00:03:40] [worker #7] Bootstrap tree #744, logLikelihood: -1450.991666
[00:03:40] [worker #14] Bootstrap tree #751, logLikelihood: -1529.954427
[00:03:40] [worker #18] Bootstrap tree #755, logLikelihood: -1469.436219
[00:03:40] [worker #22] Bootstrap tree #759, logLikelihood: -1501.876039
[00:03:40] [worker #29] Bootstrap tree #766, logLikelihood: -1493.859675
[00:03:40] [worker #2] Bootstrap tree #739, logLikelihood: -1551.653021
[00:03:40] [worker #0] Bootstrap tree #737, logLikelihood: -1458.569156
[00:04:15] [worker #18] Bootstrap tree #787, logLikelihood: -1467.450434
[00:04:15] [worker #11] Bootstrap tree #780, logLikelihood: -1488.629400
[00:04:15] [worker #7] Bootstrap tree #776, logLikelihood: -1483.539740
[00:04:15] [worker #5] Bootstrap tree #774, logLikelihood: -1439.361359
[00:04:15] [worker #27] Bootstrap tree #796, logLikelihood: -1483.186097
[00:04:15] [worker #29] Bootstrap tree #798, logLikelihood: -1429.384500
[00:04:15] [worker #12] Bootstrap tree #781, logLikelihood: -1469.906681
[00:04:15] [worker #23] Bootstrap tree #792, logLikelihood: -1461.134998
[00:04:15] [worker #25] Bootstrap tree #794, logLikelihood: -1600.838798
[00:04:15] [worker #6] Bootstrap tree #775, logLikelihood: -1523.836558
[00:04:15] [worker #3] Bootstrap tree #772, logLikelihood: -1473.041160
[00:04:15] [worker #31] Bootstrap tree #800, logLikelihood: -1471.375988
[00:04:15] [worker #9] Bootstrap tree #778, logLikelihood: -1519.543543
[00:04:15] [worker #19] Bootstrap tree #788, logLikelihood: -1508.340240
[00:04:15] [worker #15] Bootstrap tree #784, logLikelihood: -1402.850833
[00:04:15] [worker #30] Bootstrap tree #799, logLikelihood: -1410.577613
[00:04:15] [worker #20] Bootstrap tree #789, logLikelihood: -1450.399472
[00:04:15] [worker #4] Bootstrap tree #773, logLikelihood: -1477.108916
[00:04:15] [worker #14] Bootstrap tree #783, logLikelihood: -1513.506265
[00:04:15] [worker #24] Bootstrap tree #793, logLikelihood: -1483.332494
[00:04:15] [worker #28] Bootstrap tree #797, logLikelihood: -1503.700272
[00:04:15] [worker #21] Bootstrap tree #790, logLikelihood: -1470.341197
[00:04:15] [worker #8] Bootstrap tree #777, logLikelihood: -1587.041704
[00:04:15] [worker #1] Bootstrap tree #770, logLikelihood: -1470.480256
[00:04:15] [worker #16] Bootstrap tree #785, logLikelihood: -1488.938714
[00:04:15] [worker #2] Bootstrap tree #771, logLikelihood: -1397.666723
[00:04:15] [worker #26] Bootstrap tree #795, logLikelihood: -1416.846680
[00:04:15] [worker #17] Bootstrap tree #786, logLikelihood: -1530.680077
[00:04:15] [worker #13] Bootstrap tree #782, logLikelihood: -1404.999383
[00:04:15] [worker #22] Bootstrap tree #791, logLikelihood: -1505.016726
[00:04:15] [worker #0] Bootstrap tree #769, logLikelihood: -1485.770479
[00:04:16] [worker #18] Bootstrap tree #819, logLikelihood: -1526.246348
[00:04:16] [worker #10] Bootstrap tree #779, logLikelihood: -1520.251950
[00:04:16] [worker #29] Bootstrap tree #830, logLikelihood: -1497.662194
[00:04:16] [worker #27] Bootstrap tree #828, logLikelihood: -1481.026413
[00:04:16] [worker #5] Bootstrap tree #806, logLikelihood: -1433.665193
[00:04:16] [worker #23] Bootstrap tree #824, logLikelihood: -1493.556006
[00:04:16] [worker #7] Bootstrap tree #808, logLikelihood: -1455.674906
[00:04:16] [worker #20] Bootstrap tree #821, logLikelihood: -1396.547751
[00:04:16] [worker #11] Bootstrap tree #812, logLikelihood: -1510.422719
[00:04:16] [worker #24] Bootstrap tree #825, logLikelihood: -1515.480375
[00:04:16] [worker #9] Bootstrap tree #810, logLikelihood: -1501.169063
[00:04:16] [worker #14] Bootstrap tree #815, logLikelihood: -1459.111765
[00:04:16] [worker #30] Bootstrap tree #831, logLikelihood: -1529.032019
[00:04:16] [worker #25] Bootstrap tree #826, logLikelihood: -1511.716130
[00:04:16] [worker #8] Bootstrap tree #809, logLikelihood: -1450.150259
[00:04:16] [worker #3] Bootstrap tree #804, logLikelihood: -1481.434816
[00:04:16] [worker #2] Bootstrap tree #803, logLikelihood: -1516.166822
[00:04:16] [worker #17] Bootstrap tree #818, logLikelihood: -1489.335697
[00:04:16] [worker #12] Bootstrap tree #813, logLikelihood: -1503.607039
[00:04:16] [worker #4] Bootstrap tree #805, logLikelihood: -1448.348870
[00:04:16] [worker #13] Bootstrap tree #814, logLikelihood: -1472.343310
[00:04:16] [worker #19] Bootstrap tree #820, logLikelihood: -1469.156021
[00:04:16] [worker #31] Bootstrap tree #832, logLikelihood: -1497.406626
[00:04:16] [worker #1] Bootstrap tree #802, logLikelihood: -1441.072865
[00:04:16] [worker #21] Bootstrap tree #822, logLikelihood: -1515.887861
[00:04:16] [worker #6] Bootstrap tree #807, logLikelihood: -1552.596374
[00:04:16] [worker #28] Bootstrap tree #829, logLikelihood: -1505.148049
[00:04:16] [worker #15] Bootstrap tree #816, logLikelihood: -1523.418390
[00:04:16] [worker #26] Bootstrap tree #827, logLikelihood: -1505.659105
[00:04:16] [worker #10] Bootstrap tree #811, logLikelihood: -1463.491302
[00:04:16] [worker #22] Bootstrap tree #823, logLikelihood: -1502.803327
[00:04:16] [worker #16] Bootstrap tree #817, logLikelihood: -1458.998043
[00:04:16] [worker #0] Bootstrap tree #801, logLikelihood: -1507.491687
[00:05:03] [worker #20] Bootstrap tree #853, logLikelihood: -1508.005382
[00:05:03] [worker #8] Bootstrap tree #841, logLikelihood: -1467.824179
[00:05:03] [worker #16] Bootstrap tree #849, logLikelihood: -1451.040718
[00:05:03] [worker #24] Bootstrap tree #857, logLikelihood: -1441.883162
[00:05:03] [worker #19] Bootstrap tree #852, logLikelihood: -1478.906484
[00:05:03] [worker #25] Bootstrap tree #858, logLikelihood: -1514.838493
[00:05:03] [worker #17] Bootstrap tree #850, logLikelihood: -1467.912871
[00:05:03] [worker #31] Bootstrap tree #864, logLikelihood: -1561.628340
[00:05:03] [worker #3] Bootstrap tree #836, logLikelihood: -1414.670947
[00:05:03] [worker #11] Bootstrap tree #844, logLikelihood: -1391.317064
[00:05:03] [worker #9] Bootstrap tree #842, logLikelihood: -1427.445283
[00:05:03] [worker #2] Bootstrap tree #835, logLikelihood: -1538.178799
[00:05:03] [worker #4] Bootstrap tree #837, logLikelihood: -1382.259423
[00:05:03] [worker #21] Bootstrap tree #854, logLikelihood: -1498.823440
[00:05:03] [worker #23] Bootstrap tree #856, logLikelihood: -1494.316323
[00:05:03] [worker #15] Bootstrap tree #848, logLikelihood: -1509.116462
[00:05:03] [worker #12] Bootstrap tree #845, logLikelihood: -1420.120193
[00:05:03] [worker #29] Bootstrap tree #862, logLikelihood: -1622.646688
[00:05:03] [worker #5] Bootstrap tree #838, logLikelihood: -1487.841645
[00:05:03] [worker #28] Bootstrap tree #861, logLikelihood: -1500.277542
[00:05:03] [worker #10] Bootstrap tree #843, logLikelihood: -1454.916103
[00:05:03] [worker #26] Bootstrap tree #859, logLikelihood: -1480.933169
[00:05:03] [worker #13] Bootstrap tree #846, logLikelihood: -1488.389645
[00:05:03] [worker #30] Bootstrap tree #863, logLikelihood: -1524.738499
[00:05:03] [worker #14] Bootstrap tree #847, logLikelihood: -1535.937317
[00:05:03] [worker #18] Bootstrap tree #851, logLikelihood: -1404.192594
[00:05:03] [worker #22] Bootstrap tree #855, logLikelihood: -1450.406411
[00:05:03] [worker #6] Bootstrap tree #839, logLikelihood: -1494.528214
[00:05:03] [worker #27] Bootstrap tree #860, logLikelihood: -1522.852991
[00:05:03] [worker #1] Bootstrap tree #834, logLikelihood: -1437.070856
[00:05:03] [worker #7] Bootstrap tree #840, logLikelihood: -1436.817816
[00:05:03] [worker #20] Bootstrap tree #885, logLikelihood: -1486.781059
[00:05:03] [worker #19] Bootstrap tree #884, logLikelihood: -1491.100078
[00:05:03] [worker #3] Bootstrap tree #868, logLikelihood: -1476.182649
[00:05:03] [worker #17] Bootstrap tree #882, logLikelihood: -1484.573372
[00:05:03] [worker #24] Bootstrap tree #889, logLikelihood: -1489.099976
[00:05:03] [worker #8] Bootstrap tree #873, logLikelihood: -1512.837154
[00:05:03] [worker #16] Bootstrap tree #881, logLikelihood: -1509.125987
[00:05:04] [worker #0] Bootstrap tree #833, logLikelihood: -1539.967370
[00:05:04] [worker #25] Bootstrap tree #890, logLikelihood: -1529.320058
[00:05:04] [worker #31] Bootstrap tree #896, logLikelihood: -1510.992139
[00:05:04] [worker #11] Bootstrap tree #876, logLikelihood: -1524.867429
[00:05:04] [worker #26] Bootstrap tree #891, logLikelihood: -1456.010485
[00:05:04] [worker #23] Bootstrap tree #888, logLikelihood: -1490.752239
[00:05:04] [worker #29] Bootstrap tree #894, logLikelihood: -1428.122526
[00:05:04] [worker #10] Bootstrap tree #875, logLikelihood: -1451.635009
[00:05:04] [worker #12] Bootstrap tree #877, logLikelihood: -1376.664275
[00:05:04] [worker #28] Bootstrap tree #893, logLikelihood: -1548.330938
[00:05:04] [worker #5] Bootstrap tree #870, logLikelihood: -1526.627826
[00:05:04] [worker #15] Bootstrap tree #880, logLikelihood: -1497.460837
[00:05:04] [worker #13] Bootstrap tree #878, logLikelihood: -1477.350286
[00:05:04] [worker #14] Bootstrap tree #879, logLikelihood: -1448.368643
[00:05:04] [worker #22] Bootstrap tree #887, logLikelihood: -1481.859337
[00:05:04] [worker #30] Bootstrap tree #895, logLikelihood: -1443.615341
[00:05:04] [worker #9] Bootstrap tree #874, logLikelihood: -1393.640808
[00:05:04] [worker #21] Bootstrap tree #886, logLikelihood: -1500.896822
[00:05:04] [worker #2] Bootstrap tree #867, logLikelihood: -1485.862386
[00:05:04] [worker #6] Bootstrap tree #871, logLikelihood: -1551.722726
[00:05:04] [worker #1] Bootstrap tree #866, logLikelihood: -1479.475738
[00:05:04] [worker #18] Bootstrap tree #883, logLikelihood: -1490.854122
[00:05:04] [worker #4] Bootstrap tree #869, logLikelihood: -1442.289814
[00:05:04] [worker #27] Bootstrap tree #892, logLikelihood: -1512.859455
[00:05:04] [worker #7] Bootstrap tree #872, logLikelihood: -1419.839902
[00:05:06] [worker #0] Bootstrap tree #865, logLikelihood: -1402.691742
[00:05:53] Bootstrapping converged after 896 replicates.

Optimized model parameters:

   Partition 0: noname
   Rate heterogeneity: GAMMA (4 cats, mean),  alpha: 0.020137 (ML),  weights&rates: (0.250000,0.000000) (0.250000,0.000000) (0.250000,0.000001) (0.250000,3.999999) 
   Base frequencies (ML): 0.345558 0.123525 0.085702 0.445215 
   Substitution rates (ML): 295.524721 120.636456 59.442206 506.665364 93.176409 1.000000 


Final LogLikelihood: -1491.202759

AIC score: 3114.405517 / AICc score: 3122.852509 / BIC score: 3445.442537
Free parameters (model + branch lengths): 66

WARNING: Best ML tree contains 18 near-zero branches!

Best ML tree with collapsed near-zero branches saved to: /mnt/lustre/RDS-live/downing/LSDV/GTPV_SPPV/results_SPPV/LSDV013.raxml.bestTreeCollapsed
Best ML tree saved to: /mnt/lustre/RDS-live/downing/LSDV/GTPV_SPPV/results_SPPV/LSDV013.raxml.bestTree
All ML trees saved to: /mnt/lustre/RDS-live/downing/LSDV/GTPV_SPPV/results_SPPV/LSDV013.raxml.mlTrees
Best ML tree with Felsenstein bootstrap (FBP) support values saved to: /mnt/lustre/RDS-live/downing/LSDV/GTPV_SPPV/results_SPPV/LSDV013.raxml.supportFBP
Best ML tree with Transfer bootstrap (TBE) support values saved to: /mnt/lustre/RDS-live/downing/LSDV/GTPV_SPPV/results_SPPV/LSDV013.raxml.supportTBE
Optimized model saved to: /mnt/lustre/RDS-live/downing/LSDV/GTPV_SPPV/results_SPPV/LSDV013.raxml.bestModel
Bootstrap trees saved to: /mnt/lustre/RDS-live/downing/LSDV/GTPV_SPPV/results_SPPV/LSDV013.raxml.bootstraps

Execution log saved to: /mnt/lustre/RDS-live/downing/LSDV/GTPV_SPPV/results_SPPV/LSDV013.raxml.log

Analysis started: 24-Nov-2025 14:59:24 / finished: 24-Nov-2025 15:05:18

Elapsed time: 353.883 seconds

