
RAxML-NG v. 1.2.2 released on 11.04.2024 by The Exelixis Lab.
Developed by: Alexey M. Kozlov and Alexandros Stamatakis.
Contributors: Diego Darriba, Tomas Flouri, Benoit Morel, Sarah Lutteropp, Ben Bettisworth, Julia Haag, Anastasis Togkousidis.
Latest version: https://github.com/amkozlov/raxml-ng
Questions/problems/suggestions? Please visit: https://groups.google.com/forum/#!forum/raxml

System: AMD EPYC 7543P 32-Core Processor, 32 cores, 995 GB RAM

RAxML-NG was called at 24-Nov-2025 15:36:21 as follows:

raxml-ng --all --msa region_LSDV136.aln --model GTR+G --prefix LSDV136 --seed 123 --bs-metric fbp,tbe --redo

Analysis options:
  run mode: ML tree search + bootstrapping (Felsenstein Bootstrap + Transfer Bootstrap)
  start tree(s): random (10) + parsimony (10)
  bootstrap replicates: parsimony (max: 1000) + bootstopping (autoMRE, cutoff: 0.030000)
  random seed: 123
  tip-inner: OFF
  pattern compression: ON
  per-rate scalers: OFF
  site repeats: ON
  logLH epsilon: general: 10.000000, brlen-triplet: 1000.000000
  fast spr radius: AUTO
  spr subtree cutoff: 1.000000
  fast CLV updates: ON
  branch lengths: proportional (ML estimate, algorithm: NR-FAST)
  SIMD kernels: AVX2
  parallelization: coarse-grained (auto), PTHREADS (auto)

WARNING: Running in REDO mode: existing checkpoints are ignored, and all result files will be overwritten!

[00:00:00] Reading alignment from file: region_LSDV136.aln
[00:00:00] Loaded alignment with 14 taxa and 276 sites

WARNING: Sequences PV167794.1 and MW020570.1 are exactly identical!
WARNING: Sequences PV167794.1 and MN072621.1 are exactly identical!
WARNING: Sequences PV167794.1 and MN072620.1 are exactly identical!
WARNING: Sequences PV167794.1 and MH381810.1 are exactly identical!
WARNING: Sequences PV167794.1 and KC951854.1 are exactly identical!
WARNING: Sequences NC_004003.1 and MN072622.1 are exactly identical!
WARNING: Sequences NC_004003.1 and KX576657.1 are exactly identical!
WARNING: Sequences NC_004003.1 and AY077836.1 are exactly identical!
WARNING: Sequences NC_004003.1 and AY077835.1 are exactly identical!
WARNING: Sequences MN072625.1 and MN072624.1 are exactly identical!
WARNING: Sequences MN072625.1 and MN072623.1 are exactly identical!
WARNING: Duplicate sequences found: 11

NOTE: Reduced alignment (with duplicates and gap-only sites/taxa removed) 
NOTE: was saved to: /mnt/lustre/RDS-live/downing/LSDV/GTPV_SPPV/results_GTPV/LSDV136.raxml.reduced.phy

Alignment comprises 1 partitions and 9 patterns

Partition 0: noname
Model: GTR+FO+G4m
Alignment sites / patterns: 276 / 9
Gaps: 0.00 %
Invariant sites: 98.19 %


NOTE: Binary MSA file created: LSDV136.raxml.rba

Parallelization scheme autoconfig: 32 worker(s) x 1 thread(s)

[00:00:00] Generating 10 random starting tree(s) with 14 taxa
[00:00:00] Generating 10 parsimony starting tree(s) with 14 taxa
Parallel parsimony with 32 threads
Parallel reduction/worker buffer size: 1 KB  / 0 KB

[00:00:00] Data distribution: max. partitions/sites/weight per thread: 1 / 9 / 144
[00:00:00] Data distribution: max. searches per worker: 33

Starting ML tree search with 20 distinct starting trees

[00:00:00] [worker #13] ML tree search #14, logLikelihood: -379.902333
[00:00:00] [worker #4] ML tree search #5, logLikelihood: -379.902336
[00:00:00] [worker #16] ML tree search #17, logLikelihood: -379.902333
[00:00:00] [worker #12] ML tree search #13, logLikelihood: -379.902333
[00:00:00] [worker #14] ML tree search #15, logLikelihood: -379.902333
[00:00:00] [worker #5] ML tree search #6, logLikelihood: -379.902334
[00:00:00] [worker #0] ML tree search #1, logLikelihood: -379.902334
[00:00:00] [worker #7] ML tree search #8, logLikelihood: -379.902332
[00:00:00] [worker #3] ML tree search #4, logLikelihood: -379.902334
[00:00:01] [worker #19] ML tree search #20, logLikelihood: -379.902333
[00:00:01] [worker #11] ML tree search #12, logLikelihood: -379.902333
[00:00:01] [worker #15] ML tree search #16, logLikelihood: -379.902333
[00:00:01] [worker #10] ML tree search #11, logLikelihood: -379.902333
[00:00:01] [worker #18] ML tree search #19, logLikelihood: -379.902333
[00:00:01] [worker #6] ML tree search #7, logLikelihood: -379.902333
[00:00:01] [worker #17] ML tree search #18, logLikelihood: -379.902333
[00:00:01] [worker #9] ML tree search #10, logLikelihood: -379.902333
[00:00:01] [worker #2] ML tree search #3, logLikelihood: -379.902341
[00:00:01] [worker #1] ML tree search #2, logLikelihood: -379.902336
[00:00:01] [worker #8] ML tree search #9, logLikelihood: -379.902332

[00:00:01] ML tree search completed, best tree logLH: -379.902332

[00:00:01] Starting bootstrapping analysis with 1000 replicates.

[00:00:01] [worker #5] Bootstrap tree #6, logLikelihood: -355.476843
[00:00:01] [worker #11] Bootstrap tree #12, logLikelihood: -386.711512
[00:00:01] [worker #26] Bootstrap tree #27, logLikelihood: -369.924990
[00:00:01] [worker #19] Bootstrap tree #20, logLikelihood: -359.168118
[00:00:01] [worker #30] Bootstrap tree #31, logLikelihood: -368.812886
[00:00:01] [worker #13] Bootstrap tree #14, logLikelihood: -379.902333
[00:00:01] [worker #24] Bootstrap tree #25, logLikelihood: -386.968059
[00:00:01] [worker #18] Bootstrap tree #19, logLikelihood: -376.305276
[00:00:01] [worker #1] Bootstrap tree #2, logLikelihood: -392.967792
[00:00:01] [worker #7] Bootstrap tree #8, logLikelihood: -370.975629
[00:00:01] [worker #29] Bootstrap tree #30, logLikelihood: -371.042201
[00:00:01] [worker #28] Bootstrap tree #29, logLikelihood: -364.496075
[00:00:01] [worker #20] Bootstrap tree #21, logLikelihood: -364.339654[
-369.650272
[00:00:01] [worker #14] Bootstrap tree #15, logLikelihood: -378.627684
[00:00:01] [worker #22] Bootstrap tree #23, logLikelihood: -379.902333
[00:00:01] [worker #2] Bootstrap tree #3, logLikelihood: -384.911258
[00:00:01] [worker #15] Bootstrap tree #16, logLikelihood: -381.351693
[00:00:01] [worker #16] Bootstrap tree #17, logLikelihood: -379.902333
[00:00:01] [worker #0] Bootstrap tree #1, logLikelihood: -381.830472
[00:00:01] [worker #3] Bootstrap tree #4, logLikelihood: -376.461181
[00:00:01] [worker #27] Bootstrap tree #28, logLikelihood: -363.324485
[00:00:01] [worker #10] Bootstrap tree #11, logLikelihood: -377.029242
[00:00:01] [worker #4] Bootstrap tree #5, logLikelihood: -391.804440
[00:00:01] [worker #17] Bootstrap tree #18, logLikelihood: -409.737123
[00:00:01] [worker #12] Bootstrap tree #13, logLikelihood: -358.571961
[00:00:01] [worker #31] Bootstrap tree #32, logLikelihood: -354.483657
[00:00:01] [worker #6] Bootstrap tree #7, logLikelihood: -384.047784
[00:00:01] [worker #8] Bootstrap tree #9, logLikelihood: -368.142273
[00:00:01] [worker #21] Bootstrap tree #22, logLikelihood: -392.410462
[00:00:01] [worker #5] Bootstrap tree #38, logLikelihood: -368.753474
[00:00:01] [worker #9] Bootstrap tree #10, logLikelihood: -393.610399
[00:00:01] [worker #25] Bootstrap tree #26, logLikelihood: -379.902333
[00:00:01] [worker #13] Bootstrap tree #46, logLikelihood: -361.126752
[00:00:01] [worker #18] Bootstrap tree #51, logLikelihood: -364.088434
[00:00:01] [worker #11] Bootstrap tree #44, logLikelihood: -363.277011
[00:00:01] [worker #20] Bootstrap tree #53, logLikelihood: -358.047599
[00:00:01] [worker #26] Bootstrap tree #59, logLikelihood: -348.240816
[00:00:01] [worker #14] Bootstrap tree #47, logLikelihood: -391.560826
[00:00:01] [worker #7] Bootstrap tree #40, logLikelihood: -371.890720
[00:00:01] [worker #19] Bootstrap tree #52, logLikelihood: -379.902333
[00:00:01] [worker #29] Bootstrap tree #62, logLikelihood: -384.003372
[00:00:01] [worker #28] Bootstrap tree #61, logLikelihood: -390.992903
[00:00:01] [worker #1] Bootstrap tree #34, logLikelihood: -386.459879
[00:00:01] [worker #30] Bootstrap tree #63, logLikelihood: -359.813641
[00:00:01] [worker #23] Bootstrap tree #56, logLikelihood: -379.902333
[00:00:01] [worker #24] Bootstrap tree #57, logLikelihood: -389.054279
[00:00:01] [worker #6] Bootstrap tree #39, logLikelihood: -381.738491
[00:00:01] [worker #8] Bootstrap tree #41, logLikelihood: -364.789082
[00:00:01] [worker #15] Bootstrap tree #48, logLikelihood: -342.554359
[00:00:01] [worker #17] Bootstrap tree #50, logLikelihood: -369.073493
[00:00:01] [worker #3] Bootstrap tree #36, logLikelihood: -379.902333
[[00:00:01] [worker #12] Bootstrap tree #45, logLikelihood: :00:01] [worker #10] Bootstrap tree #43, logLikelihood: -357.313901
[[00:00:01] [worker #12] Bootstrap tree #45, logLikelihood: :00:01] [worker #10] Bootstrap tree #43, logLikelihood: -357.313901
-357.994055
[00:00:01] [worker #0] Bootstrap tree #33, logLikelihood: -356.723719
[00:00:01] [worker #27] Bootstrap tree #60, logLikelihood: -374.900574
[00:00:01] [worker #16] Bootstrap tree #49, logLikelihood: -373.321230
[00:00:01] [worker #21] Bootstrap tree #54, logLikelihood: -386.925243
[00:00:01] [worker #31] Bootstrap tree #64, logLikelihood: -345.477126
[00:00:01] [worker #4] Bootstrap tree #37, logLikelihood: -361.464148
[00:00:01] [worker #25] Bootstrap tree #58, logLikelihood: -365.772676
[[00:00:01] [worker #2] Bootstrap tree #35, logLikelihood: -379.902333
00:00:01] [worker #22] Bootstrap tree #55, logLikelihood: -390.707890
[00:00:01] [worker #9] Bootstrap tree #42, logLikelihood: -367.675561
[00:00:02] [worker #19] Bootstrap tree #84, logLikelihood: -370.417576
:00:02] [worker #15] Bootstrap tree #80, logLikelihood: -365.003220
[00:00:02] [worker #31] Bootstrap tree #96, logLikelihood: -375.830071
[00:00:02] [worker #11] Bootstrap tree #76, logLikelihood: -372.703450
[00:00:02] [worker #23] Bootstrap tree #88, logLikelihood: -379.902333
[00:00:02] [worker #6] Bootstrap tree #71, logLikelihood: -383.039503
[00:00:02] [worker #8] Bootstrap tree #73, logLikelihood: -365.568395
[00:00:02] [worker #24] Bootstrap tree #89, logLikelihood: -372.201533
:00:02] [worker #14] Bootstrap tree #79, logLikelihood: -346.783303
[00:00:02] [worker #0] Bootstrap tree #65, logLikelihood: -365.405265
[00:00:02] [worker #17] Bootstrap tree #82, logLikelihood: -342.071182
[00:00:02] [worker #22] Bootstrap tree #87, logLikelihood: -349.363010
[00:00:02] [worker #2] Bootstrap tree #67, logLikelihood: -374.680260
[00:00:02] [worker #7] Bootstrap tree #72, logLikelihood: -375.480446
[00:00:02] [worker #1] Bootstrap tree #66, logLikelihood: -361.616774
[00:00:02] [worker #5] Bootstrap tree #70, logLikelihood: -359.142914
[00:00:02] [worker #21] Bootstrap tree #86, logLikelihood: -361.147810
[00:00:02] [worker #18] Bootstrap tree #83, logLikelihood: -379.902333
[00:00:02] [worker #13] Bootstrap tree #78, logLikelihood: -377.652812
[00:00:02] [worker #25] Bootstrap tree #90, logLikelihood: -371.035592
[00:00:02] [worker #4] Bootstrap tree #69, logLikelihood: -376.398496
[00:00:02] [worker #20] Bootstrap tree #85, logLikelihood: -369.690984

[00:00:02] [worker #10] Bootstrap tree #75, logLikelihood: -378.342074
[00:00:02] [worker #27] Bootstrap tree #92, logLikelihood: -363.813148
[00:00:02] [worker #26] Bootstrap tree #91, logLikelihood: -377.792293
[00:00:02] [worker #16] Bootstrap tree #81, logLikelihood: -361.067900
[00:00:02] [worker #30] Bootstrap tree #95, logLikelihood: -375.825702
[00:00:02] [worker #28] Bootstrap tree #93, logLikelihood: -374.664605
[00:00:02] [worker #9] Bootstrap tree #74, logLikelihood: -380.995306
[00:00:02] [worker #31] Bootstrap tree #128, logLikelihood: -369.271375
[00:00:02] [worker #29] Bootstrap tree #94, logLikelihood: -379.902333
[00:00:02] [worker #3] Bootstrap tree #68, logLikelihood: -390.635082
[00:00:02] [worker #11] Bootstrap tree #108, logLikelihood: -378.164455
[00:00:02] [worker #19] Bootstrap tree #116, logLikelihood: -360.735926
[00:00:02] [worker #2] Bootstrap tree #99, logLikelihood: -390.998516
[00:00:02] [worker #15] Bootstrap tree #112, logLikelihood: -341.547274
[00:00:02] [worker #7] Bootstrap tree #104, logLikelihood: -370.695376
[00:00:02] [worker #27] Bootstrap tree #124, logLikelihood: -355.740651
[00:00:02] [worker #18] Bootstrap tree #115, logLikelihood: -387.278823
[00:00:02] [worker #24] Bootstrap tree #121, logLikelihood: -370.874931
[00:00:02] [worker #23] Bootstrap tree #120, logLikelihood: -370.249853
[00:00:02] [worker #22] Bootstrap tree #119, logLikelihood: -378.525255
[00:00:02] [worker #13] Bootstrap tree #110, logLikelihood: -384.266934
[00:00:02] [worker #30] Bootstrap tree #127, logLikelihood: -380.829650
[00:00:02] [worker #0] Bootstrap tree #97, logLikelihood: -364.509646
[00:00:02] [worker #6] Bootstrap tree #103, logLikelihood: -358.340372
[00:00:02] [worker #16] Bootstrap tree #113, logLikelihood: -381.234729
[00:00:02] [worker #1] Bootstrap tree #98, logLikelihood: -375.985288
[00:00:02] [worker #14] Bootstrap tree #111, logLikelihood: -386.723822
[00:00:02] [worker #5] Bootstrap tree #102, logLikelihood: -370.877474
[00:00:02] [worker #26] Bootstrap tree #123, logLikelihood: -356.571103
[00:00:02] [worker #9] Bootstrap tree #106, logLikelihood: -379.223042
[00:00:02] [worker #8] Bootstrap tree #105, logLikelihood: -371.006242
[00:00:02] [worker #3] Bootstrap tree #100, logLikelihood: -379.515370
[00:00:02] [worker #12] Bootstrap tree #109, logLikelihood: -385.049023
[00:00:02] [worker #21] Bootstrap tree #118, logLikelihood: -368.521978
[00:00:02] [worker #20] Bootstrap tree #117, logLikelihood: -381.528462
[00:00:02] [worker #4] Bootstrap tree #101, logLikelihood: -362.835555
[00:00:02] [worker #28] Bootstrap tree #125, logLikelihood: -392.512534
[00:00:02] [worker #17] Bootstrap tree #114, logLikelihood: -379.902333
[00:00:02] [worker #29] Bootstrap tree #126, logLikelihood: -378.226777
[00:00:02] [worker #10] Bootstrap tree #107, logLikelihood: -396.551988
[00:00:02] [worker #25] Bootstrap tree #122, logLikelihood: -392.735297
[00:00:03] [worker #2] Bootstrap tree #131, logLikelihood: -347.984266
[00:00:03] [worker #3] Bootstrap tree #132, logLikelihood: -365.268853
[00:00:03] [worker #29] Bootstrap tree #158, logLikelihood: -388.887776
[00:00:03] [worker #6] Bootstrap tree #135, logLikelihood: -377.436179
[00:00:03] [worker #16] Bootstrap tree #145, logLikelihood: -372.961993
[00:00:03] [worker #11] Bootstrap tree #140, logLikelihood: -390.490248
[00:00:03] [worker #21] Bootstrap tree #150, logLikelihood: -359.933722
[00:00:03] [worker #14] Bootstrap tree #143, logLikelihood: -366.934578
[00:00:03] [worker #4] Bootstrap tree #133, logLikelihood: -385.216777
[00:00:03] [worker #1] Bootstrap tree #130, logLikelihood: -380.163022
[00:00:03] [worker #20] Bootstrap tree #149, logLikelihood: [-386.84175400:

[00:00:03] [worker #17] Bootstrap tree #146, logLikelihood: -374.531467
-369.231508
[00:00:03] [worker #24] Bootstrap tree #153, logLikelihood: -366.881322
[00:00:03] [worker #12] Bootstrap tree #141, logLikelihood: -377.042594
[00:00:03] [worker #28] Bootstrap tree #157, logLikelihood: -379.902333
[00:00:03] [worker #26] Bootstrap tree #155, logLikelihood: -355.212563
[00:00:03] [worker #15] Bootstrap tree #144, logLikelihood: -378.815733
[00:00:03] [worker #31] Bootstrap tree #160, logLikelihood: -393.249450
[00:00:03] [worker #10] Bootstrap tree #139, logLikelihood: -361.121922
[00:00:03] [worker #0] Bootstrap tree #129, logLikelihood: -367.925368
[00:00:03] [worker #18] Bootstrap tree #147, logLikelihood: -380.301050
[00:00:03] [worker #7] Bootstrap tree #136, logLikelihood: -360.652418
[00:00:03] [worker #5] Bootstrap tree #134, logLikelihood: -379.902333
-367.073229
[00:00:03] [worker #23] Bootstrap tree #152, logLikelihood: -381.251239
[00:00:03] [worker #8] Bootstrap tree #137, logLikelihood: -367.023006
[00:00:03] [worker #13] Bootstrap tree #142, logLikelihood: -379.902333
[00:00:03] [worker #30] Bootstrap tree #159, logLikelihood: -396.861378
[00:00:03] [worker #22] Bootstrap tree #151, logLikelihood: -361.514352
[00:00:03] [worker #9] Bootstrap tree #138, logLikelihood: -377.775581
[00:00:03] [worker #24] Bootstrap tree #185, logLikelihood: -367.088507
[00:00:03] [worker #2] Bootstrap tree #163, logLikelihood: -374.991738
[00:00:03] [worker #6] Bootstrap tree #167, logLikelihood: -379.287117
[00:00:03] [worker #29] Bootstrap tree #190, logLikelihood: -372.029548
[00:00:03] [worker #19] Bootstrap tree #180, logLikelihood: -380.795683
[00:0[00:03] 0[worker #21] :Bootstrap tree #00182:, logLikelihood: 03] [worker #17] Bootstrap tree #178, logLikelihood: -384.908679
[00:0[00:03] 0[worker #21] :Bootstrap tree #00182:, logLikelihood: 03] [worker #17] Bootstrap tree #178, logLikelihood: -384.908679
-358.544608
[00:00:03] [worker #20] Bootstrap tree #181, logLikelihood: -379.902333
[00:00:03] [worker #16] Bootstrap tree #177, logLikelihood: -390.608190
[00:00:03] [worker #11] Bootstrap tree #172, logLikelihood: -382.760093
[00:00:03] [worker #1] Bootstrap tree #162, logLikelihood: -367.893819
[00:00:03] [worker #4] Bootstrap tree #165, logLikelihood: -353.032590
[00:00:03] [worker #14] Bootstrap tree #175, logLikelihood: -362.092565
[00:00:03] [worker #27] Bootstrap tree #188, logLikelihood: -377.465385
[00:00:03] [worker #12] Bootstrap tree #173, logLikelihood: -378.909394
[00:00:03] [worker #28] Bootstrap tree #189, logLikelihood: -356.579531
[00:00:03] [worker #25] Bootstrap tree #186, logLikelihood: -384.982349
[00:00:03] [worker #26] Bootstrap tree #187, logLikelihood: -372.835558
[00:00:03] [worker #8] Bootstrap tree #169, logLikelihood: -379.902333
[00:00:03] [worker #3] Bootstrap tree #164, logLikelihood: -373.293921
[00:00:03] [worker #5] Bootstrap tree #166, logLikelihood: -369.907260
[00:00:03] [worker #9] Bootstrap tree #170, logLikelihood: -351.694663
[00:00:03] [worker #31] Bootstrap tree #192, logLikelihood: -347.760657
[00:00:03] [worker #18] Bootstrap tree #179, logLikelihood: -388.021511
[00:00:03] [worker #30] Bootstrap tree #191, logLikelihood: -375.979532
[00:00:03] [worker #13] Bootstrap tree #174, logLikelihood: -376.199356
[00:00:03] [worker #10] Bootstrap tree #171, logLikelihood: -351.076039
[00:00:03] [worker #7] Bootstrap tree #168, logLikelihood: -378.768933
[00:00:03] [worker #23] Bootstrap tree #184, logLikelihood: -383.349667
[00:00:03] [worker #0] Bootstrap tree #161, logLikelihood: -379.440076
[00:00:03] [worker #22] Bootstrap tree #183, logLikelihood: -391.309503
[00:00:03] [worker #15] Bootstrap tree #176, logLikelihood: -382.357930
[00:00:04] [worker #1] Bootstrap tree #194, logLikelihood: -356.561810
00:00:04] [worker #30] Bootstrap tree #223, logLikelihood: -392.711237
[00:00:04] [worker #27] Bootstrap tree #220, logLikelihood: -361.026844
[00:00:04] [worker #19] Bootstrap tree #212, logLikelihood: -376.984812
[00:00:04] [worker #10] Bootstrap tree #203, logLikelihood: -353.010513
[00:00:04] [worker #20] Bootstrap tree #213, logLikelihood: -369.097552
[00:00:04] [worker #23] Bootstrap tree #216, logLikelihood: [-406.4316640:00:04
[00:00:04] [worker #23] Bootstrap tree #216, logLikelihood: [-406.4316640:00:04
] [worker #24] Bootstrap tree #217, logLikelihood: -365.279783
[00:00:04] [worker #31] Bootstrap tree #224, logLikelihood: -382.877619
[00:00:04] [worker #12] Bootstrap tree #205, logLikelihood: -384.030672
[00:00:04] [worker #18] Bootstrap tree #211, logLikelihood: -365.218792
[00:00:04] [worker #8] Bootstrap tree #201, logLikelihood: -365.104531
[00:00:04] [worker #14] Bootstrap tree #207, logLikelihood: -395.520893
[00:00:04] [worker #28] Bootstrap tree #221, logLikelihood: -389.349500
[00:00:04] [worker #16] Bootstrap tree #209, logLikelihood: -355.656648
[00:00:04] [worker #3] Bootstrap tree #196, logLikelihood: -365.534771
[00:00:04] [worker #21] Bootstrap tree #214, logLikelihood: -382.735622
[00:00:04] [worker #17] Bootstrap tree #210, logLikelihood: -383.045313
[00:00:04] [worker #4] Bootstrap tree #197, logLikelihood: -372.270878
[00:00:04] [worker #7] Bootstrap tree #200, logLikelihood: -388.434652
[00:00:04] [worker #29] [222, logLikelihood: 0:00:04] [worker #22] Bootstrap tree #215, logLikelihood: -381.948371-379.902333
-378.944088[worker #29] [222, logLikelihood: 0:00:04] [worker #22] Bootstrap tree #215, logLikelihood: -381.948371-379.902333
0
[00:00:04] [worker #5] Bootstrap tree #198, logLikelihood: -380.759952
[00:00:04] [worker #6] Bootstrap tree #199, logLikelihood: -359.462484
[00:00:04] [worker #9] Bootstrap tree #202, logLikelihood: -365.981950
[00:00:04] [worker #11] Bootstrap tree #204, logLikelihood: -379.897357
[00:00:04] [worker #0] Bootstrap tree #193, logLikelihood: -351.147276
[00:00:04] [worker #15] Bootstrap tree #208, logLikelihood: -379.902333
[00:00:04] [worker #25] Bootstrap tree #218, logLikelihood: -358.348173
-369.612244
[00:00:04] [worker #26] Bootstrap tree #219, logLikelihood: -379.902333
[00:00:04] [worker #19] Bootstrap tree #244, logLikelihood: -363.961692
[00:00:04] [worker #30] Bootstrap tree #255, logLikelihood: -357.923041
[00:00:04] [worker #1] Bootstrap tree #226, logLikelihood: -378.818824
[00:00:04] [worker #6] Bootstrap tree #231, logLikelihood: -349.544915
[00:00:04] [worker #21] Bootstrap tree #246, logLikelihood: -367.856832
[00:00:04] [worker #27] Bootstrap tree #252, logLikelihood: -393.041840
[00:00:04] [worker #18] Bootstrap tree #243, logLikelihood: -377.909981
[00:00:04] [worker #12] Bootstrap tree #237, logLikelihood: -364.048378
[00:00:04] [worker #14] Bootstrap tree #239, logLikelihood: -357.553920
[00:00:04] [worker #10] Bootstrap tree #235, logLikelihood: -363.522276
[00:00:04] [worker #13] Bootstrap tree #238, logLikelihood: -363.729148
[00:00:04] [worker #16] Bootstrap tree #241, logLikelihood: -379.902333
[00:00:04] [worker #20] Bootstrap tree #245, logLikelihood: -379.902333
[00:00:04] [worker #24] Bootstrap tree #249, logLikelihood: -383.702409
00:00:04] [worker #7] Bootstrap tree #232, logLikelihood: -368.037300
[00:00:04] [worker #31] Bootstrap tree #256, logLikelihood: -390.163162
[00:00:04] [worker #23] Bootstrap tree #248, logLikelihood: -398.825123
[00:00:04] [worker #28] Bootstrap tree #253, logLikelihood: -340.801094
[00:00:04] [worker #22] Bootstrap tree #247, logLikelihood: -377.221331
[00:00:04] [worker #29] Bootstrap tree #254, logLikelihood: -411.288495
[00:00:04] [worker #4] Bootstrap tree #229, logLikelihood: -367.837858
[00:00:04] [worker #8] Bootstrap tree #233, logLikelihood: -374.889634
00[:00:04] [worker #3] Bootstrap tree #228, logLikelihood: -376.65536600:00
00[:00:04] [worker #3] Bootstrap tree #228, logLikelihood: -376.65536600:00
:04] [worker #26] Bootstrap tree #251, logLikelihood: -351.833344
[00:00:04] [worker #2] Bootstrap tree #227, logLikelihood: -379.902333
[00:00:04] [worker #5] Bootstrap tree #230, logLikelihood: -393.384239
[00:00:04] [worker #9] Bootstrap tree #234, logLikelihood: -370.375345
[00:00:04] [worker #0] Bootstrap tree #225, logLikelihood: -402.751872
[00:00:04] [worker #17] Bootstrap tree #242, logLikelihood: -381.423525
[00:00:04] [worker #11] Bootstrap tree #236, logLikelihood: -379.902333
[00:00:04] [worker #15] Bootstrap tree #240, logLikelihood: -380.318432
[00:00:04] [worker #25] Bootstrap tree #250, logLikelihood: -380.147428
[00:00:05] [worker #15] Bootstrap tree #272, logLikelihood: -374.154810
[00:00:05] [worker #22] Bootstrap tree #279, logLikelihood: -376.790664
[00:00:05] [worker #3] Bootstrap tree #260, logLikelihood: -362.198883
[00:00:05] [worker #20] Bootstrap tree #277, logLikelihood: -369.899080
[00:00:05] [worker #18] Bootstrap tree #275, logLikelihood: -399.337959
[00:00:05] [worker #24] Bootstrap tree #281, logLikelihood: -377.262436
[00:00:05] [worker #23] Bootstrap tree #280, logLikelihood: -363.898470
[00:00:05] [worker #28] Bootstrap tree #285, logLikelihood: -379.023104
[00:00:05] [worker #14] Bootstrap tree #271, logLikelihood: -383.228263
[00:00:05] [worker #27] Bootstrap tree #284, logLikelihood: -364.774484
00[:00:05] [worker #11] Bootstrap tree #268, logLikelihood: -380.549324:00:05] 
00[:00:05] [worker #11] Bootstrap tree #268, logLikelihood: -380.549324:00:05] 
[worker #5] Bootstrap tree #262, logLikelihood: -375.485931
[00:00:05] [worker #16] Bootstrap tree #273, logLikelihood: -360.047616
[[[00:00:05] [worker #19] Bootstrap tree #276, logLikelihood: -395.729172000:00:05] [worker #7] Bootstrap tree #264, logLikelihood: -368.647271, logLikelihood: 

[00:00:05] [worker #1] Bootstrap tree #258, logLikelihood: -359.738387
[00:00:05] [worker #10] Bootstrap tree #267, logLikelihood: -368.082294
[00:00:05] [worker #17] Bootstrap tree #274, logLikelihood: -367.050249
[00:00:05] [worker #21] Bootstrap tree #278, logLikelihood: -369.786631
[00:00:05] [worker #31] Bootstrap tree #288, logLikelihood: -379.902333
[00:00:05] [worker #13] Bootstrap tree #270, logLikelihood: -399.264554
[00:00:05] [worker #13] Bootstrap tree #270, logLikelihood: -399.264554
[00:00:05] [worker #2] Bootstrap tree #259, logLikelihood: -362.600514
[00:00:05] [worker #9] Bootstrap tree #266, logLikelihood: -385.785804
[00:00:05] [worker #4] Bootstrap tree #261, logLikelihood: -375.151745
[00:00:05] [worker #6] Bootstrap tree #263, logLikelihood: -365.276322
[00:00:05] [worker #0] Bootstrap tree #257, logLikelihood: -358.444615
[00:00:05] [worker #8] Bootstrap tree #265, logLikelihood: -392.899070
:05] [worker #29] Bootstrap tree #286, logLikelihood: -379.902333
[00:00:05] [worker #15] Bootstrap tree #304, logLikelihood: -373.453442
[00:00:05] [worker #30] Bootstrap tree #287, logLikelihood: -379.902333
[00:00:05] [worker #12] Bootstrap tree #269, logLikelihood: -375.797658
[00:00:05] [worker #25] Bootstrap tree #282, logLikelihood: -379.902333
[00:00:05] [worker #11] Bootstrap tree #300, logLikelihood: -353.600294
[00:00:05] [worker #14] Bootstrap tree #303, logLikelihood: -352.266820
[00:00:05] [worker #27] Bootstrap tree #316, logLikelihood: -353.997247[
-366.110538
[00:00:05] [worker #22] Bootstrap tree #311, logLikelihood: -381.183270
[00:00:05] [worker #24] Bootstrap tree #313, logLikelihood: -382.566253
[00:00:05] [worker #6] Bootstrap tree #295, logLikelihood: -363.697873
[00:00:05] [worker #3] Bootstrap tree #292, logLikelihood: -387.577235
[00:00:05] [worker #23] Bootstrap tree #312, logLikelihood: -379.406386
[00:00:05] [worker #31] Bootstrap tree #320, logLikelihood: -365.165505
[00:00:05] [worker #9] Bootstrap tree #298, logLikelihood: -369.967388
[00:00:05] [worker #20] Bootstrap tree #309, logLikelihood: -386.789763
[00:00:05] [worker #7] Bootstrap tree #296, logLikelihood: -353.570221
[00:00:05] [worker #18] Bootstrap tree #307, logLikelihood: -391.867423
[00:00:05] [worker #5] Bootstrap tree #294, logLikelihood: -383.065997
[00:00:06] [worker #28] Bootstrap tree #317, logLikelihood: -373.814907
[00:00:06] [worker #10] Bootstrap tree #299, logLikelihood: -380.828769
[00:00:06] [worker #29] Bootstrap tree #318, logLikelihood: -384.327005
[00:00:06] [worker #21] Bootstrap tree #310, logLikelihood: -360.844989
[00:00:06] [worker #1] Bootstrap tree #290, logLikelihood: -393.339123
[00:00:06] [worker #19] Bootstrap tree #308, logLikelihood: -374.119744
[00:00:06] [worker #4] Bootstrap tree #293, logLikelihood: -379.902333
[00:00:06] [worker #2] Bootstrap tree #291, logLikelihood: -368.104077
[worker #17] Bootstrap tree #306, logLikelihood: -389.783195
[00:00:06] [worker #16] Bootstrap tree #305, logLikelihood: -385.099373
[00:00:06] [worker #26] Bootstrap tree #315, logLikelihood: -379.902333
[00:00:06] [worker #8] Bootstrap tree #297, logLikelihood: -369.917468
[00:00:06] [worker #12] Bootstrap tree #301, logLikelihood: -361.983772
[00:00:06] [worker #0] Bootstrap tree #289, logLikelihood: -371.481476
[00:00:06] [worker #25] Bootstrap tree #314, logLikelihood: -387.578349
[00:00:06] [worker #30] Bootstrap tree #319, logLikelihood: -402.498860
[00:00:07] [worker #30] Bootstrap tree #351, logLikelihood: -355.015065
[00:00:07] [worker #5] Bootstrap tree #326, logLikelihood: -376.491196
[00:00:07] [worker #9] Bootstrap tree #330, logLikelihood: -376.258162
[00:00:07] [worker #4] Bootstrap tree #325, logLikelihood: -386.206412
[00:00:07] [worker #17] Bootstrap tree #338, logLikelihood: -373.587911
[00:00:07] [worker #14] Bootstrap tree #335, logLikelihood: -377.424874
[00:00:07] [worker #6] Bootstrap tree #327, logLikelihood: -370.219284
[00:00:07] [worker #15] Bootstrap tree #336, logLikelihood: -381.106574
[00:00:07] [worker #28] Bootstrap tree #349, logLikelihood: -374.650782
[worker #11] Bootstrap tree #332, logLikelihood: -365.941023
[00:00:07] [worker #22] Bootstrap tree #343, logLikelihood: -365.368177
[00:00:07] [worker #12] Bootstrap tree #333, logLikelihood: -379.902333
[00:00:07] [worker #1] Bootstrap tree #322, logLikelihood: [-363.744220
[00:00:07] [worker #1] Bootstrap tree #322, logLikelihood: [-363.744220
00:00:07] [worker #10] Bootstrap tree #331, logLikelihood: -382.742859
[00:00:07] [[worker #26] Bootstrap tree #:347, logLikelihood: :07] [worker #18] Bootstrap tree #339, logLikelihood: -366.585248-370.383220
[00:00:07] [[worker #26] Bootstrap tree #:347, logLikelihood: :07] [worker #18] Bootstrap tree #339, logLikelihood: -366.585248-370.383220

00:00:07] [worker #7] Bootstrap tree #328, logLikelihood: -381.127672
[00:00:07] [worker #20] Bootstrap tree #341, logLikelihood: -377.640673
[00:00:07] [worker #24] Bootstrap tree #345, logLikelihood: -393.117413
[00:00:07] [worker #3] Bootstrap tree #324, logLikelihood: -380.021948
[00:00:07] [worker #25] Bootstrap tree #346, logLikelihood: -381.952063
[00:00:07] [worker #29] Bootstrap tree #350, logLikelihood: -352.249820
[00:00:07] [worker #13] Bootstrap tree #334, logLikelihood: -379.902333
00:00:07] [worker #2] Bootstrap tree #323, logLikelihood: -356.112449
[00:00:07] [worker #8] Bootstrap tree #329, logLikelihood: -356.916110
[00:00:07] [worker #19] Bootstrap tree #340, logLikelihood: -380.429170
[00:00:07] [worker #27] Bootstrap tree #348, logLikelihood: -387.729129
[00:00:07] [worker #21] Bootstrap tree #342, logLikelihood: -356.502182
[00:00:07] [worker #0] Bootstrap tree #321, logLikelihood: -379.902333
[00:00:07] [worker #31] Bootstrap tree #352, logLikelihood: -379.902333
[00:00:07] [worker #16] Bootstrap tree #337, logLikelihood: -379.902333
[00:00:07] [worker #30] Bootstrap tree #383, logLikelihood: -358.487062
[00:00:07] [worker #5] Bootstrap tree #358, logLikelihood: -382.434186
[00:00:07] [worker #23] Bootstrap tree #344, logLikelihood: -391.556849
[00:00:07] [worker #17] Bootstrap tree #370, logLikelihood: -370.109900
[00:00:07] [worker #15] Bootstrap tree #368, logLikelihood: -348.242079
[00:00:07] [worker #14] Bootstrap tree #367, logLikelihood: -366.445418
[00:00:07] [worker #7] Bootstrap tree #360, logLikelihood: -359.261205
[00:00:07] [worker #9] Bootstrap tree #362, logLikelihood: -379.902333
[00:00:07] [worker #22] Bootstrap tree #375, logLikelihood: -389.126054
[00:00:07] [worker #26] Bootstrap tree #379, logLikelihood: -364.801360
[00:00:07] [worker #1] Bootstrap tree #354, logLikelihood: -378.959253
[00:00:07] [worker #10] Bootstrap tree #363, logLikelihood: -364.453871
[00:00:07] [worker #11] Bootstrap tree #364, logLikelihood: -380.941536
[00:00:07] [worker #4] Bootstrap tree #357, logLikelihood: -379.902333
[00:00:07] [worker #28] Bootstrap tree #381, logLikelihood: -382.421752
[00:00:07] [worker #12] Bootstrap tree #365, logLikelihood: 00:00:07] [worker #20] Bootstrap tree #373, logLikelihood: -368.819336
[00:00:07] [worker #12] Bootstrap tree #365, logLikelihood: 00:00:07] [worker #20] Bootstrap tree #373, logLikelihood: -368.819336
-363.168671
[00:00:07] [worker #24] Bootstrap tree #377, logLikelihood: -366.735968
[00:00:07] [worker #8] Bootstrap tree #361, logLikelihood: -375.743683
[00:00:07] [worker #6] Bootstrap tree #359, logLikelihood: -392.659151
[00:00:07] [worker #2] Bootstrap tree #355, logLikelihood: -386.841890
[00:00:07] [worker #13] Bootstrap tree #366, logLikelihood: -375.848869
[00:00:07] [worker #13] Bootstrap tree #366, logLikelihood: -375.848869
[00:00:07] [worker #3] Bootstrap tree #356, logLikelihood: -385.396826
[[00:00:07] [worker #27] Bootstrap tree #380, logLikelihood: 00:-367.28252700:07] 
[[00:00:07] [worker #27] Bootstrap tree #380, logLikelihood: 00:-367.28252700:07] 
[worker #18] Bootstrap tree #371, logLikelihood: -388.876659
[00:00:07] [worker #25] Bootstrap tree #378, logLikelihood: -377.818888
[00:00:07] [worker #21] Bootstrap tree #374, logLikelihood: -365.604282
[00:00:07] [worker #29] Bootstrap tree #382, logLikelihood: -356.741617
[00:00:07] [worker #19] Bootstrap tree #372, logLikelihood: -386.624723
[00:00:07] [worker #23] Bootstrap tree #376, logLikelihood: -385.671122
[[00:00:07] [worker #31] Bootstrap tree #384, logLikelihood: -382.293883
00:00:07] [worker #16] Bootstrap tree #369, logLikelihood: -369.358085
[00:00:07] [worker #0] Bootstrap tree #353, logLikelihood: -379.014659
[00:00:08] [worker #1] Bootstrap tree #386, logLikelihood: [00:00:08] [worker #6] Bootstrap tree #391, logLikelihood: -361.149238-384.985965
[00:00:08] [worker #1] Bootstrap tree #386, logLikelihood: [00:00:08] [worker #6] Bootstrap tree #391, logLikelihood: -361.149238-384.985965

[00:00:08] [worker #16] Bootstrap tree #401, logLikelihood: -385.078497
-375.071008
[00:00:08] [worker #31] Bootstrap tree #416, logLikelihood: -368.523436
[00:00:08] [worker #5] Bootstrap tree #390, logLikelihood: -356.084206
[00:00:08] [worker #24] Bootstrap tree #409, logLikelihood: -371.719131
[00:00:08] [worker #14] Bootstrap tree #399, logLikelihood: [-380.641692
00-332.525874
[00:00:08] [worker #13] Bootstrap tree #398, logLikelihood: -373.526989
[00:00:08] [worker #30] Bootstrap tree #415, logLikelihood: -375.730790
[00:00:08] [worker #7] Bootstrap tree #392, logLikelihood: -361.283164
[00:00:08] [worker #15] Bootstrap tree #400, logLikelihood: -390.328430
[00:00:08] [worker #4] Bootstrap tree #389, logLikelihood: -364.522044
[00:00:08] [worker #22] Bootstrap tree #407, logLikelihood: -358.650065
[worker #19] Bootstrap tree #404, logLikelihood: -379.902333
[00:00:08] [worker #9] Bootstrap tree #394, logLikelihood: [-379.3221330:00:
[00:00:08] [worker #9] Bootstrap tree #394, logLikelihood: [-379.3221330:00:
08] [worker #12] Bootstrap tree #397, logLikelihood: -379.902333
[00:00:08] [worker #23] Bootstrap tree #408, logLikelihood: -376.786165
[00:00:08] [worker #28] Bootstrap tree #413, logLikelihood: -390.525989
[00:00:08] [worker #21] Bootstrap tree #406, logLikelihood: -375.959595
[00:00:08] [worker #3] Bootstrap tree #388, logLikelihood: -371.843685
[00:00:08] [worker #20] Bootstrap tree #405, logLikelihood: -384.131833
[00:00:08] [worker #8] Bootstrap tree #393, logLikelihood: -365.893814
[00:00:08] [worker #17] Bootstrap tree #402, logLikelihood: -357.839905
[00:00:08] [worker #11] Bootstrap tree #396, logLikelihood: -359.340373
00:00:08] [worker #26] Bootstrap tree #411, logLikelihood: -381.740574
[00:00:08] [worker #29] Bootstrap tree #414, logLikelihood: -374.337351
[00:00:08] [worker #2] Bootstrap tree #387, logLikelihood: -370.381012
[00:00:08] [worker #10] Bootstrap tree #395, logLikelihood: -406.173759
[00:00:08] [worker #25] Bootstrap tree #410, logLikelihood: -381.688593
[00:00:08] [worker #0] Bootstrap tree #385, logLikelihood: -382.971482
[00:00:08] [worker #5] Bootstrap tree #422, logLikelihood: -369.428607
[00:00:08] [worker #15] Bootstrap tree #432, logLikelihood: -383.177982
[00:00:08] [worker #1] Bootstrap tree #418, logLikelihood: -391.552478
[00:00:08] [worker #13] Bootstrap tree #430, logLikelihood: -382.541277
[00:00:08] [worker #31] Bootstrap tree #448, logLikelihood: -385.657563
[00:00:08] [worker #30] Bootstrap tree #447, logLikelihood: -357.567579
[00:00:08] [worker #24] Bootstrap tree #441, logLikelihood: -368.417072
[00:00:08] [worker #9] Bootstrap tree #426, logLikelihood: -356.308079
[00:00:08] [worker #14] Bootstrap tree #431, logLikelihood: -393.536122
[00:00:08] [worker #4] Bootstrap tree #421, logLikelihood: -370.482739
[00:00:08] [worker #22] Bootstrap tree #439, logLikelihood: -378.545583
[00:00:08] [worker #20] Bootstrap tree #437, logLikelihood: -372.496337
[00:00:08] [worker #28] Bootstrap tree #445, logLikelihood: -372.948147
[00:00:08] [worker #8] Bootstrap tree #425, logLikelihood: -364.606132
[00:00:08] [worker #19] Bootstrap tree #436, logLikelihood: -376.699703
[00:00:08] [worker #26] Bootstrap tree #443, logLikelihood: -361.980452
[00:00:08] [worker #12] Bootstrap tree #429, logLikelihood: -366.448385
[00:00:08] [worker #27] Bootstrap tree #444, logLikelihood: -345.080746
[00:00:08] [worker #6] Bootstrap tree #423, logLikelihood: -388.896922
[00:00:08] [worker #7] Bootstrap tree #424, logLikelihood: -383.098761
[00:00:08] [worker #29] Bootstrap tree #446, logLikelihood: -383.762293
[00:00:08] [worker #3] Bootstrap tree #420, logLikelihood: -377.319030
[00:00:08] [worker #16] Bootstrap tree #433, logLikelihood: -373.840163
[00:00:08] [worker #17] Bootstrap tree #434, logLikelihood: -384.543184
[00:00:08] [worker #18] Bootstrap tree #435, logLikelihood: -389.902330
00[:00:08] [worker #23] Bootstrap tree #440, logLikelihood: -378.188302
00:00:08] [worker #21] Bootstrap tree #438, logLikelihood: -353.342590
[00:00:08] [worker #11] Bootstrap tree #428, logLikelihood: -371.049608
[00:00:08] [worker #10] Bootstrap tree #427, logLikelihood: -373.139339
[00:00:08] [worker #2] Bootstrap tree #419, logLikelihood: -358.967054
[00:00:09] [worker #25] Bootstrap tree #442, logLikelihood: -360.206881
[00:00:09] [worker #0] Bootstrap tree #417, logLikelihood: -395.994394
[00:00:10] [worker #7] Bootstrap tree #456, logLikelihood: -384.778395
[00:00:10] [worker #23] Bootstrap tree #472, logLikelihood: -367.450324
[00:00:10] [worker #5] Bootstrap tree #454, logLikelihood: -397.286612
[00:00:10] [worker #29] Bootstrap tree #478, logLikelihood: -365.057942
[00:00:10] [worker #22] Bootstrap tree #471, logLikelihood: -379.004704
[00:00:10] [worker #3] Bootstrap tree #452, logLikelihood: -390.275695
[00:00:10] [worker #28] Bootstrap tree #477, logLikelihood: -382.174180
[00:00:10] [worker #20] Bootstrap tree #469, logLikelihood: -371.575659
[00:00:10] [worker #15] Bootstrap tree #464, logLikelihood: [-368.442304
[00:00:10] [worker #15] Bootstrap tree #464, logLikelihood: [-368.442304
:00:10] [worker #25] Bootstrap tree #474, logLikelihood: -380.288387
[00:00:10] [worker #4] Bootstrap tree #453, logLikelihood: -365.523748
[00:00:10] [worker #17] Bootstrap tree #466, logLikelihood: -369.643730
[00:00:10] [worker #19] Bootstrap tree #468, logLikelihood: -361.559047
[00:00:10] [worker #30] Bootstrap tree #479, logLikelihood: -362.315639
[00:00:10] [worker #2] Bootstrap tree #451, logLikelihood: -394.186704
[00:00:10] [worker #18] Bootstrap tree #467, logLikelihood: [00:00:10] [worker #6] Bootstrap tree #455, logLikelihood: -353.452266-391.971286
[00:00:10] [worker #18] Bootstrap tree #467, logLikelihood: [00:00:10] [worker #6] Bootstrap tree #455, logLikelihood: -353.452266-391.971286

00:00:10] [worker #13] Bootstrap tree #462, logLikelihood: -350.942795
[00:00:10] [worker #11] Bootstrap tree #460, logLikelihood: -371.266662
[00:00:10] [worker #9] Bootstrap tree #458, logLikelihood: -378.063613
[00:00:10] [worker #16] Bootstrap tree #465, logLikelihood: -352.391660
[00:00:10] [worker #14] Bootstrap tree #463, logLikelihood: -379.672153
[00:00:10] [worker #21] Bootstrap tree #470, logLikelihood: -381.912693
[00:00:10] [worker #10] Bootstrap tree #459, logLikelihood: -395.332814
[00:00:10] [worker #1] Bootstrap tree #450, logLikelihood: -381.425575
[00:00:10] [worker #27] Bootstrap tree #476, logLikelihood: -368.294979
[00:00:10] [worker #31] Bootstrap tree #480, logLikelihood: -383.663702
[00:00:10] [worker #12] Bootstrap tree #461, logLikelihood: -368.531671
[00:00:10] [worker #0] Bootstrap tree #449, logLikelihood: -359.858423
[00:00:10] [worker #26] Bootstrap tree #475, logLikelihood: -379.902333
[00:00:10] [worker #8] Bootstrap tree #457, logLikelihood: -374.885437
[00:00:10] [worker #7] Bootstrap tree #488, logLikelihood: -369.188642
[00:00:10] [worker #24] Bootstrap tree #473, logLikelihood: -393.617971
[00:00:10] [worker #23] Bootstrap tree #504, logLikelihood: -355.069396
[00:00:10] [worker #5] Bootstrap tree #486, logLikelihood: -357.132423
[00:00:10] [worker #25] Bootstrap tree #506, logLikelihood: -392.495358
[00:00:10] [worker #18] Bootstrap tree #499, logLikelihood: -354.790474
[00:00:10] [worker #20] Bootstrap tree #501, logLikelihood: -369.246112
[00:00:10] [worker #3] Bootstrap tree #484, logLikelihood: -379.352784
[00:00:10] [worker #15] Bootstrap tree #496, logLikelihood: -346.023500
[00:00:10] [worker #10] Bootstrap tree #491, logLikelihood: -360.074802
-361.031239
[00:00:10] [worker #30] Bootstrap tree #511, logLikelihood: -380.946326
[00:00:10] [worker #21] Bootstrap tree #502, logLikelihood: -383.388598
[00:00:10] [worker #28] Bootstrap tree #509, logLikelihood: -370.804127
[00:00:10] [worker #31] Bootstrap tree #512, logLikelihood: -349.081809
[00:00:10] [worker #9] Bootstrap tree #490, logLikelihood: -382.677246
[00:00:10] [worker #16] Bootstrap tree #497, logLikelihood: [-383.25036300
-375.060048[
-360.626720
[00:00:10] [worker #13] Bootstrap tree #494, logLikelihood: -404.117723
[00:00:10] [worker #19] Bootstrap tree #500, logLikelihood: -383.443599
[00:00:10] [worker #14] Bootstrap tree #495, logLikelihood: -379.902333
[00:00:10] [worker #6] Bootstrap tree #487, logLikelihood: -386.474627
[00:00:10] [worker #29] Bootstrap tree #510, logLikelihood: -379.428468
[00:00:10] [worker #1] Bootstrap tree #482, logLikelihood: -358.359264
[00:00:10] [worker #26] Bootstrap tree #507, logLikelihood: -393.530637
[00:00:10] [worker #12] Bootstrap tree #493, logLikelihood: -392.252221
[00:00:10] [worker #2] Bootstrap tree #483, logLikelihood: -380.362863
[00:00:10] [worker #11] Bootstrap tree #492, logLikelihood: -374.168891
[00:00:10] [worker #4] Bootstrap tree #485, logLikelihood: -375.858564
[00:00:11] [worker #0] Bootstrap tree #481, logLikelihood: -379.902333
[00:00:11] [worker #8] Bootstrap tree #489, logLikelihood: -379.902333
[00:00:11] [worker #24] Bootstrap tree #505, logLikelihood: -396.578849
[00:00:12] [worker #9] Bootstrap tree #522, logLikelihood: -355.584687
[00:00:12] [worker #18] Bootstrap tree #531, logLikelihood: -372.118274
[00:00:12] [worker #13] Bootstrap tree #526, logLikelihood: -378.074582
[00:00:12] [worker #14] Bootstrap tree #527, logLikelihood: -362.202317
[00:00:12] [worker #22] Bootstrap tree #535, logLikelihood: -375.745910
[00:00:12] [worker #30] Bootstrap tree #543, logLikelihood: -344.248902
[00:00:12] [worker #3] Bootstrap tree #516, logLikelihood: -379.902333
[00:00:12] [worker #26] Bootstrap tree #539, logLikelihood: -379.902333
[00:00:12] [worker #8] Bootstrap tree #521, logLikelihood: -373.164607
[00:00:12] [worker #8] Bootstrap tree #521, logLikelihood: -373.164607
[[0:00:12] 00[Bootstrap tree #514, logLikelihood: ] [worker #12] Bootstrap tree #525, logLikelihood: -373.695755
[00:00:12] [worker #8] Bootstrap tree #521, logLikelihood: -373.164607
[[0:00:12] 00[Bootstrap tree #514, logLikelihood: ] [worker #12] Bootstrap tree #525, logLikelihood: -373.695755
-353.242701
[00:00:12] [worker #29] Bootstrap tree #542, logLikelihood: -390.744767
[00:00:12] [worker #23] Bootstrap tree #536, logLikelihood: -345.020629
[00:00:12] [worker #28] Bootstrap tree #541, logLikelihood: -363.819465
[00:00:12] [worker #11] Bootstrap tree #524, logLikelihood: -372.903379
[00:00:12] [worker #21] Bootstrap tree #534, logLikelihood: -387.321749
[00:00:12] [worker #0] Bootstrap tree #513, logLikelihood: -367.074411
[00:00:12] [worker #5] Bootstrap tree #518, logLikelihood: -374.666267
[00:00:12] [worker #17] Bootstrap tree #530, logLikelihood: -367.960213
[00:00:12] [worker #19] Bootstrap tree #532, logLikelihood: -379.902333
[00:00:12] [worker #15] Bootstrap tree #528, logLikelihood: -380.054115
[00:00:12] [worker #6] Bootstrap tree #519, logLikelihood: -379.902333
[00:00:12] [worker #9] Bootstrap tree #554, logLikelihood: -399.276355
[00:00:12] [worker #2] Bootstrap tree #515, logLikelihood: -379.902333
00:00:12] [worker #10] Bootstrap tree #523, logLikelihood: -368.834372
[00:00:12] [worker #31] Bootstrap tree #544, logLikelihood: -379.902333
[00:00:12] [worker #20] Bootstrap tree #533, logLikelihood: -387.166924
[00:00:12] [worker #7] Bootstrap tree #520, logLikelihood: -379.902333
[00:00:12] [worker #27] Bootstrap tree #540, logLikelihood: -379.902333
[00:00:12] [worker #4] Bootstrap tree #517, logLikelihood: -399.070817
[00:00:12] [worker #24] Bootstrap tree #537, logLikelihood: -379.902333
[00:00:12] [worker #18] Bootstrap tree #563, logLikelihood: -370.550229
[00:00:12] [worker #16] Bootstrap tree #529, logLikelihood: -364.605127
[00:00:12] [worker #25] Bootstrap tree #538, logLikelihood: -388.741546
[00:00:12] [worker #22] Bootstrap tree #567, logLikelihood: -352.975750
[00:00:12] [worker #8] Bootstrap tree #553, logLikelihood: -367.082066
[00:00:12] [worker #11] Bootstrap tree #556, logLikelihood: -383.617782
[00:00:12] [worker #21] Bootstrap tree #566, logLikelihood: -389.093554
[00:00:12] [worker #13] Bootstrap tree #558, logLikelihood: -376.616409
[00:00:12] [worker #26] Bootstrap tree #571, logLikelihood: -365.794395
[00:00:12] [worker #14] Bootstrap tree #559, logLikelihood: -379.902333
[00:00:12] [worker #12] Bootstrap tree #557, logLikelihood: -380.367082
[00:00:12] [worker #30] Bootstrap tree #575, logLikelihood: -379.470909
[00:00:12] [worker #2] Bootstrap tree #547, logLikelihood: -390.172258
[00[:12] [worker #3] Bootstrap tree #548, logLikelihood: -358.19632200:0
[00:00:12] [worker #17] Bootstrap tree #562, logLikelihood: -362.555201
[00:00:12] [worker #23] Bootstrap tree #568, logLikelihood: -380.629223
[00:00:12] [worker #31] Bootstrap tree #576, logLikelihood: -375.598414
[00:00:12] [worker #7] Bootstrap tree #552, logLikelihood: -377.452735
[00:00:12] [worker #28] Bootstrap tree #573, logLikelihood: -378.452383
[00:00:12] [worker #19] Bootstrap tree #564, logLikelihood: -392.861195
[00:00:12] [worker #15] Bootstrap tree #560, logLikelihood: -361.989998
[00:00:12] [worker #1] Bootstrap tree #546, logLikelihood: -395.387846
[00:00:12] [worker #25] Bootstrap tree #570, logLikelihood: -344.619071
[00:00:12] [worker #6] Bootstrap tree #551, logLikelihood: 00:00:12] [worker #27] Bootstrap tree #572, logLikelihood: 
[00:00:12] [worker #6] Bootstrap tree #551, logLikelihood: 00:00:12] [worker #27] Bootstrap tree #572, logLikelihood: 
-352.340382
[00:00:12] [worker #5] Bootstrap tree #550, logLikelihood: -378.257662
[00:00:12] [worker #20] Bootstrap tree #565, logLikelihood: -350.859515
[00:00:12] [worker #10] Bootstrap tree #555, logLikelihood: -399.159663
[00:00:12] [worker #24] Bootstrap tree #569, logLikelihood: -380.018070
[00:00:12] [worker #16] Bootstrap tree #561, logLikelihood: -360.968863
[00:00:13] [worker #0] Bootstrap tree #545, logLikelihood: -370.938862
[00:00:13] [worker #4] Bootstrap tree #549, logLikelihood: -379.902333
[00:00:14] [worker #15] Bootstrap tree #592, logLikelihood: -346.657321
[00:00:14] [worker #14] Bootstrap tree #591, logLikelihood: -378.073907
[00:00:14] [worker #1] Bootstrap tree #578, logLikelihood: -383.302890
[00:00:14] [worker #9] Bootstrap tree #586, logLikelihood: -391.375042
[00:00:14] [worker #30] Bootstrap tree #607, logLikelihood: -378.956165
[[00:00:14] [worker #23] Bootstrap tree #600, logLikelihood: 00:00:14] [worker #5] Bootstrap tree #582, logLikelihood: -371.312455
[[00:00:14] [worker #23] Bootstrap tree #600, logLikelihood: 00:00:14] [worker #5] Bootstrap tree #582, logLikelihood: -371.312455
-363.289405
[00:00:14] [worker #28] Bootstrap tree #605, logLikelihood: -370.575266
[00:00:14] [worker #26] Bootstrap tree #603, logLikelihood: -376.559927
[00:00:14] [worker #2] Bootstrap tree #579, logLikelihood: -369.419151
[00:00:14] [worker #12] Bootstrap tree #589, logLikelihood: -376.690375
[00:00:14] [worker #17] Bootstrap tree #594, logLikelihood: -359.047641
[00:00:14] [worker #8] Bootstrap tree #585, logLikelihood: -381.625221
[00:00:14] [worker #10] Bootstrap tree #587, logLikelihood: -373.812860
[00:00:14] [worker #22] Bootstrap tree #599, logLikelihood: -390.468357
[00:00:14] [worker #18] Bootstrap tree #595, logLikelihood: -371.873609
[00:00:14] [worker #11] Bootstrap tree #588, logLikelihood: -369.677211
[00:00:14] [worker #6] Bootstrap tree #583, logLikelihood: -366.827101
[00:00:14] [worker #24] Bootstrap tree #601, logLikelihood: -366.635945
00:00:14] [worker #4] Bootstrap tree #581, logLikelihood: -365.344190
[00:00:14] [worker #21] Bootstrap tree #598, logLikelihood: -370.718637
[00:00:14] [worker #29] Bootstrap tree #606, logLikelihood: -402.442903
[00:00:14] [worker #19] Bootstrap tree #596, logLikelihood: -368.733571
[00:00:14] [worker #16] Bootstrap tree #593, logLikelihood: -378.806142
[00:00:14] [worker #20] Bootstrap tree #597, logLikelihood: -388.957824
[00:00:14] [worker #0] Bootstrap tree #577, logLikelihood: -402.233302
[00:00:14] [worker #25] Bootstrap tree #602, logLikelihood: -379.902333
[00:00:14] [worker #13] Bootstrap tree #590, logLikelihood: -366.923082
[00:00:14] [worker #14] Bootstrap tree #623, logLikelihood: -377.585070
[00:00:14] [worker #27] Bootstrap tree #604, logLikelihood: -381.561088
[00:00:14] [worker #7] Bootstrap tree #584, logLikelihood: -389.197774
[00:00:14] [worker #1] Bootstrap tree #610, logLikelihood: -369.457048
[00:00:14] [worker #5] Bootstrap tree #614, logLikelihood: -343.202109
[00:00:14] [worker #3] Bootstrap tree #580, logLikelihood: -384.451426
[00:00:14] [worker #2] Bootstrap tree #611, logLikelihood: -368.718624
[00:00:14] [worker #15] Bootstrap tree #624, logLikelihood: -384.162021
[00:00:14] [worker #31] Bootstrap tree #608, logLikelihood: -364.312153
[00:00:14] [worker #12] Bootstrap tree #621, logLikelihood: -381.691347
[00:00:14] [worker #30] Bootstrap tree #639, logLikelihood: -379.902333
[00:00:14] [worker #17] Bootstrap tree #626, logLikelihood: -374.993164
[00:00:14] [worker #11] Bootstrap tree #620, logLikelihood: -365.717275
[00:00:14] [worker #9] Bootstrap tree #618, logLikelihood: -367.742300
[00:00:15] [worker #23] Bootstrap tree #632, logLikelihood: -381.230192
[00:00:15] [worker #18] Bootstrap tree #627, logLikelihood: -382.266126
[00:00:15] [worker #6] Bootstrap tree #615, logLikelihood: -376.245643
[00:00:15] [worker #28] Bootstrap tree #637, logLikelihood: -366.210553
[00:00:15] [worker #8] Bootstrap tree #617, logLikelihood: -379.902333
[00:00:15] [worker #20] Bootstrap tree #629, logLikelihood: -367.721662
[00:00:15] [worker #10] Bootstrap tree #619, logLikelihood: -367.929107
[00:00:15] [worker #26] Bootstrap tree #635, logLikelihood: -355.810047
[00:00:15] [worker #24] Bootstrap tree #633, logLikelihood: -362.156797
[00:00:15] [worker #21] Bootstrap tree #630, logLikelihood: -373.252946
[00:00:15] [worker #4] Bootstrap tree #613, logLikelihood: -366.332356
[00:00:15] [worker #13] Bootstrap tree #622, logLikelihood: -371.880798
[00:00:15] [worker #19] Bootstrap tree #628, logLikelihood: -371.579747
[00:00:15] [worker #0] Bootstrap tree #609, logLikelihood: -357.775579
[00:00:15] [worker #7] Bootstrap tree #616, logLikelihood: -387.541172
[00:00:15] [worker #22] Bootstrap tree #631, logLikelihood: -396.447990
[00:00:15] [worker #29] Bootstrap tree #638, logLikelihood: -398.428268
[00:00:15] [worker #25] Bootstrap tree #634, logLikelihood: -351.849828
[00:00:15] [worker #31] Bootstrap tree #640, logLikelihood: -374.833877
[00:00:15] [worker #16] Bootstrap tree #625, logLikelihood: -389.469598
[00:00:15] [worker #3] Bootstrap tree #612, logLikelihood: -371.574529
[00:00:15] [worker #27] Bootstrap tree #636, logLikelihood: -359.463101
[00:00:16] [worker #14] Bootstrap tree #655, logLikelihood: -344.881364
[00:00:16] [worker #31] Bootstrap tree #672, logLikelihood: -368.563536
[00:00:16] [worker #22] Bootstrap tree #663, logLikelihood: -362.099532
[00:00:16] [worker #25] Bootstrap tree #666, logLikelihood: -370.401842
00[00:00:16] [worker #3] Bootstrap tree #644, logLikelihood: :00:16] [worker #5] Bootstrap tree #646, logLikelihood: -396.302690
00[00:00:16] [worker #3] Bootstrap tree #644, logLikelihood: :00:16] [worker #5] Bootstrap tree #646, logLikelihood: -396.302690
-380.898389
[00:00:16] [worker #16] Bootstrap tree #657, logLikelihood: [00:00:16] [worker #17] Bootstrap tree #658, logLikelihood: -397.075938
[00:00:16] [worker #16] Bootstrap tree #657, logLikelihood: [00:00:16] [worker #17] Bootstrap tree #658, logLikelihood: -397.075938
-359.463990
[00:00:16] [worker #18] Bootstrap tree #659, logLikelihood: -368.738912
[00:00:16] [worker #11] Bootstrap tree #652, logLikelihood: -379.902333
[00:00:16] [worker #20] Bootstrap tree #661, logLikelihood: -384.515320
[00:00:16] [worker #8] Bootstrap tree #649, logLikelihood: -380.671698
[00:00:16] [worker #12] Bootstrap tree #653, logLikelihood: -359.301311
[00:00:16] [worker #21] Bootstrap tree #662, logLikelihood: -396.447708
[00:00:16] [worker #29] Bootstrap tree #670, logLikelihood: -366.012917
[00:00:16] [worker #26] Bootstrap tree #667, logLikelihood: -379.902333
[00:00:16] [worker #7] Bootstrap tree #648, logLikelihood: -380.784750
[00:00:16] [worker #13] Bootstrap tree #654, logLikelihood: -379.902333
[00:00:16] [worker #0] Bootstrap tree #641, logLikelihood: -376.359110
[00:00:16] [worker #28] Bootstrap tree #669, logLikelihood: -373.173465
[00:00:16] [worker #15] Bootstrap tree #656, logLikelihood: -375.346252
[00:00:16] [worker #6] Bootstrap tree #647, logLikelihood: -366.180976
[00:00:16] [worker #27] Bootstrap tree #668, logLikelihood: -352.254809
[00:00:16] [worker #23] Bootstrap tree #664, logLikelihood: -388.854846
[00:00:16] [worker #10] Bootstrap tree #651, logLikelihood: -376.406479
[00:00:16] [worker #9] Bootstrap tree #650, logLikelihood: -395.427690
[00:00:16] [worker #4] Bootstrap tree #645, logLikelihood: -378.625133
[00:00:16] [worker #24] Bootstrap tree #665, logLikelihood: -358.688670
[00:00:16] [worker #2] Bootstrap tree #643, logLikelihood: -357.643484
[00:00:16] [worker #1] Bootstrap tree #642, logLikelihood: -374.620701
[00:00:16] [worker #30] Bootstrap tree #671, logLikelihood: -379.902333
[00:00:16] [worker #19] Bootstrap tree #660, logLikelihood: -379.902333
[00:00:16] [worker #29] Bootstrap tree #702, logLikelihood: -400.308018
[00:00:17] [worker #5] Bootstrap tree #678, logLikelihood: -356.894342
[00:00:17] [worker #21] Bootstrap tree #694, logLikelihood: -397.210836
[00:00:17] [worker #3] Bootstrap tree #676, logLikelihood: -366.328660
[00:00:17] [worker #14] Bootstrap tree #687, logLikelihood: -388.571102
[00:00:17] [worker #22] Bootstrap tree #695, logLikelihood: -382.964225
[00:00:17] [worker #31] Bootstrap tree #704, logLikelihood: -380.842815
[00:00:17] [worker #25] Bootstrap tree #698, logLikelihood: -358.428355
[00:00:17] [worker #16] Bootstrap tree #689, logLikelihood: -365.068787
[00:00:17] [worker #17] Bootstrap tree #690, logLikelihood: -365.530490
[00:00:17] [worker #12] Bootstrap tree #685, logLikelihood: -401.163095
[00:00:17] [worker #23] Bootstrap tree #696, logLikelihood: -355.254079
[00:00:17] [worker #28] Bootstrap tree #701, logLikelihood: -356.201407
[00:00:17] [worker #30] Bootstrap tree #703, logLikelihood: -366.751605
[00:00:17] [worker #13] Bootstrap tree #686, logLikelihood: -379.902333
[00:00:17] [worker #10] Bootstrap tree #683, logLikelihood: -373.473352
[00:00:17] [worker #8] Bootstrap tree #681, logLikelihood: -387.443611
[00:00:17] [worker #20] Bootstrap tree #693, logLikelihood: -360.518397
[00:00:17] [worker #18] Bootstrap tree #691, logLikelihood: -387.537876
[00:00:17] [worker #11] Bootstrap tree #684, logLikelihood: -378.907090
[00:00:17] [worker #9] Bootstrap tree #682, logLikelihood: -383.961157
[00:00:17] [worker #1] Bootstrap tree #674, logLikelihood: -387.399447
[00:00:17] [worker #2] Bootstrap tree #675, logLikelihood: -364.979027
[00:00:17] [worker #7] Bootstrap tree #680, logLikelihood: -375.670430
[00:00:17] [worker #24] Bootstrap tree #697, logLikelihood: -349.016900
[00:00:17] [worker #0] Bootstrap tree #673, logLikelihood: -365.957362
[00:00:17] [worker #6] Bootstrap tree #679, logLikelihood: -352.077155
[00:00:17] [worker #26] Bootstrap tree #699, logLikelihood: -379.902333
[00:00:17] [worker #15] Bootstrap tree #688, logLikelihood: -379.546339
[00:00:17] [worker #27] Bootstrap tree #700, logLikelihood: -387.761341
[00:00:17] [worker #19] Bootstrap tree #692, logLikelihood: -367.505244
[00:00:17] [worker #4] Bootstrap tree #677, logLikelihood: -379.902333
[00:00:18] [worker #10] Bootstrap tree #715, logLikelihood: -365.757933
[00:00:18] [worker #29] Bootstrap tree #734, logLikelihood: -358.440640
[00:00:19] [worker #26] Bootstrap tree #731, logLikelihood: -379.581188
[00:00:19] [worker #4] Bootstrap tree #709, logLikelihood: -385.033483
[00:00:19] [worker #17] Bootstrap tree #722, logLikelihood: -382.228227
[00:00:19] [worker #11] Bootstrap tree #716, logLikelihood: -370.184731
[00:00:19] [worker #23] Bootstrap tree #728, logLikelihood: -377.065236
[00:00:19] [worker #9] Bootstrap tree #714, logLikelihood: -361.097128
[00:00:19] [worker #2] Bootstrap tree #707, logLikelihood: -377.950689
[00:00:19] [worker #12] Bootstrap tree #717, logLikelihood: -347.134912
[00:00:19] [worker #24] Bootstrap tree #729, logLikelihood: -377.546019
[00:00:19] [worker #8] Bootstrap tree #713, logLikelihood: -380.435313
[00:00:19] [worker #21] Bootstrap tree #726, logLikelihood: -385.547646
[00:00:19] [worker #25] Bootstrap tree #730, logLikelihood: -396.611601
[00:00:19] [worker #28] Bootstrap tree #733, logLikelihood: -357.874267
[00:00:19] [worker #15] Bootstrap tree #720, logLikelihood: -361.836968
[00:00:19] [worker #31] Bootstrap tree #736, logLikelihood: -379.902333
[00:00:19] [worker #22] Bootstrap tree #727, logLikelihood: -363.401803
[00:00:19] [worker #30] Bootstrap tree #735, logLikelihood: -379.902333
[00:00:19] [worker #0] Bootstrap tree #705, logLikelihood: -374.199082
[00:00:19] [worker #1] Bootstrap tree #706, logLikelihood: -390.613534
[00:00:19] [worker #20] Bootstrap tree #725, logLikelihood: -375.939605
[00:00:19] [worker #19] Bootstrap tree #724, logLikelihood: -380.282762
[00:00:19] [worker #18] Bootstrap tree #723, logLikelihood: -365.198690
[00:00:19] [worker #10] Bootstrap tree #747, logLikelihood: -352.658839
[00:00:19] [worker #6] Bootstrap tree #711, logLikelihood: -350.867940
[00:00:19] [worker #5] Bootstrap tree #710, logLikelihood: -397.508929
[00:00:19] [worker #14] Bootstrap tree #719, logLikelihood: -379.902333
[00:00:19] [worker #13] Bootstrap tree #718, logLikelihood: -379.902333
[00:00:19] [worker #7] Bootstrap tree #712, logLikelihood: -367.653867
[00:00:19] [worker #16] Bootstrap tree #721, logLikelihood: -379.902333
[00:00:19] [worker #27] Bootstrap tree #732, logLikelihood: -379.902333
[00:00:19] [worker #3] Bootstrap tree #708, logLikelihood: -394.570044
[00:00:19] [worker #23] Bootstrap tree #760, logLikelihood: -370.000683
[00:00:19] [worker #11] Bootstrap tree #748, logLikelihood: -356.968282
[00:00:19] [worker #29] Bootstrap tree #766, logLikelihood: -383.257487
[00:00:[19] [worker #2] Bootstrap tree #739:, logLikelihood: 00:19] [worker #4] Bootstrap tree #741, logLikelihood: -392.572272
[00:00:[19] [worker #2] Bootstrap tree #739:, logLikelihood: 00:19] [worker #4] Bootstrap tree #741, logLikelihood: -392.572272
-363.283917
[00:00:19] [worker #26] Bootstrap tree #763, logLikelihood: -344.791832
[00:00:19] [worker #8] Bootstrap tree #745, logLikelihood: -379.498704
[00:00:19] [worker #12] Bootstrap tree #749, logLikelihood: -373.900323
[00:00:19] [worker #19] Bootstrap tree #756, logLikelihood: -369.295968
[00:00:19] [worker #20] Bootstrap tree #757, logLikelihood: -379.902333
[00:00:19] [worker #15] Bootstrap tree #752, logLikelihood: -379.902333
[00:00:19] [worker #7] Bootstrap tree #744, logLikelihood: -379.902333
[00:00:19] [worker #28] Bootstrap tree #765, logLikelihood: -382.043287
[00:00:19] [worker #17] Bootstrap tree #754, logLikelihood: -382.658250
[00:00:19] [worker #22] Bootstrap tree #759, logLikelihood: -396.660401
[00:00:19] [worker #3] Bootstrap tree #740, logLikelihood: -369.617711
[00:00:19] [worker #30] Bootstrap tree #767, logLikelihood: -391.709828
[00:00:19] [worker #27] Bootstrap tree #764, logLikelihood: -370.265725
[00:00:19] [worker #25] Bootstrap tree #762, logLikelihood: -358.541234
[00:00:19] [worker #24] Bootstrap tree #761, logLikelihood: -379.902333
[00:00:19] [worker #0] Bootstrap tree #737, logLikelihood: -350.430081
[00:00:19] [worker #14] Bootstrap tree #751, logLikelihood: -379.902333
[00:00:19] [worker #13] Bootstrap tree #750, logLikelihood: -377.630691
[00:00:19] [worker #1] Bootstrap tree #738, logLikelihood: -379.902333
[00:00:19] [worker #9] Bootstrap tree #746, logLikelihood: -355.852845
[00:00:19] [worker #16] Bootstrap tree #753, logLikelihood: -347.126893
[00:00:19] [worker #18] Bootstrap tree #755, logLikelihood: -363.285658
[00:00:19] [worker #31] Bootstrap tree #768, logLikelihood: -377.390286
[00:00:19] [worker #5] Bootstrap tree #742, logLikelihood: -372.532459
[00:00:19] [worker #6] Bootstrap tree #743, logLikelihood: -371.235942
[00:00:19] [worker #21] Bootstrap tree #758, logLikelihood: -381.304826
[00:00:21] [worker #22] Bootstrap tree #791, logLikelihood: -369.959917
[00:00:21] [worker #28] Bootstrap tree #797, logLikelihood: -369.130197
[00:00:21] [worker #21] Bootstrap tree #790, logLikelihood: [00:00:21] [worker #3] Bootstrap tree #772
00::00:21] [worker #21] Bootstrap tree #790, logLikelihood: [00:00:21] [worker #3] Bootstrap tree #772
, logLikelihood: -372.978299
00:00:21] [worker #17] Bootstrap tree #786, logLikelihood: -394.375455
[00:00:21] [worker #31] Bootstrap tree #800, logLikelihood: -368.212513
00:00:21] [worker #29] Bootstrap tree #798, logLikelihood: -364.469401
[00:00:21] [worker #2] Bootstrap tree #771, logLikelihood: -354.778944
[00:00:21] [worker #2] Bootstrap tree #771, logLikelihood: -354.778944
[00:00:21] [worker #13] Bootstrap tree #782, logLikelihood: -381.916878
[00:00:21] [worker #6] Bootstrap tree #775, logLikelihood: -390.071368
[00:00:21] [worker #23] Bootstrap tree #792, logLikelihood: -366.172691
[00:00:21] [worker #14] Bootstrap tree #783, logLikelihood: -377.547756
[00:00:21] [worker #19] Bootstrap tree #788, logLikelihood: -375.334456
[00:00:21] [worker #16] Bootstrap tree #785, logLikelihood: -385.412555
[00:00:21] [worker #15] Bootstrap tree #784, logLikelihood: -360.722729
-374.855064
[00:00:21] [worker #18] Bootstrap tree #787, logLikelihood: -396.357192
[00:00:21] [worker #10] Bootstrap tree #779, logLikelihood: -366.685814
[00:00:21] [work796[00, logLikelihood: :00:21] [worker #30] Bootstrap tree #799, logLikelihood: -383.951736
[00:00:21] [work796[00, logLikelihood: :00:21] [worker #30] Bootstrap tree #799, logLikelihood: -383.951736
-343.364649
[00:00:21] [worker #24] Bootstrap tree #793, logLikelihood: -375.462896
[00:00:21] [worker #11] Bootstrap tree #780, logLikelihood: -386.054791
[00:00:21] [worker #5] Bootstrap tree #774, logLikelihood: -348.885075
[00:00:21] [worker #26] Bootstrap tree #795, logLikelihood: -353.451895
[00:00:21] [worker #9] Bootstrap tree #778, logLikelihood: -387.214660
[00:00:21] [worker #25] Bootstrap tree #794, logLikelihood: -385.713248
[00:00:21] [worker #4] Bootstrap tree #773, logLikelihood: -366.083837
[00:00:21] [worker #7] Bootstrap tree #776, logLikelihood: -383.019625
[00:00:21] [worker #1] Bootstrap tree #770, logLikelihood: -367.831824
[00:00:21] [worker #8] Bootstrap tree #777, logLikelihood: -385.809063
[00:00:21] [worker #20] Bootstrap tree #789, logLikelihood: -370.634734
[00:00:21] [worker #0] Bootstrap tree #769, logLikelihood: -395.146194
[00:00:21] [worker #3] Bootstrap tree #804, logLikelihood: -340.152853
[00:00:21] [worker #17] Bootstrap tree #818, logLikelihood: -356.663454
[00:00:21] [worker #22] Bootstrap tree #823, logLikelihood: -364.357776
[00:00:21] [worker #29] Bootstrap tree #830, logLikelihood: -361.423245
[00:00:21] [worker #9] Bootstrap tree #810, logLikelihood: -356.648547
[00:00:21] [worker #16] Bootstrap tree #817, logLikelihood: -356.452430
[00:00:21] [worker #14] Bootstrap tree #815, logLikelihood: -378.373199
[00:00:21] [worker #13] Bootstrap tree #814, logLikelihood: -381.760394
[00:00:21] [worker #4] Bootstrap tree #805, logLikelihood: -350.639399
[00:00:21] [worker #31] Bootstrap tree #832, logLikelihood: -396.948587
[00:00:21] [worker #19] Bootstrap tree #820, logLikelihood: -352.940746
[00:00:21] [worker #21] Bootstrap tree #822, logLikelihood: -367.983942
[00:00:21] [worker #23] Bootstrap tree #824, logLikelihood: -368.764653
[00:00:21] [worker #10] Bootstrap tree #811, logLikelihood: -386.616911
[00:00:21] [worker #2] Bootstrap tree #803, logLikelihood: -372.643129
[00:00:21] [worker #24] Bootstrap tree #825, logLikelihood: -400.495077
-403.424832
[00:00:21] [worker #6] Bootstrap tree #807, logLikelihood: -379.902333
[00:00:21] [worker #12] Bootstrap tree #813, logLikelihood: -382.744118
[00:00:21] [worker #25] Bootstrap tree #826, logLikelihood: -388.425047
[00:00:21] [worker #28] Bootstrap tree #829, logLikelihood: -379.902333
[00:00:21] [worker #27] Bootstrap tree #828, logLikelihood: -373.565961
[00:00:21] [worker #15] Bootstrap tree #816, logLikelihood: -392.436115
[00:00:21] [worker #26] Bootstrap tree #827, logLikelihood: -373.826631
[00:00:21] [worker #30] Bootstrap tree #831, logLikelihood: -379.902333
[00:00:21] [worker #1] Bootstrap tree #802, logLikelihood: -373.873754
[00:00:21] [worker #18] Bootstrap tree #819, logLikelihood: -379.902333
[00:00:21] [worker #5] Bootstrap tree #806, logLikelihood: -377.077330
[00:00:21] [worker #20] Bootstrap tree #821, logLikelihood: -366.602417
[00:00:21] [worker #8] Bootstrap tree #809, logLikelihood: -373.193589
[00:00:21] [worker #11] Bootstrap tree #812, logLikelihood: -370.457237
[00:00:21] [worker #0] Bootstrap tree #801, logLikelihood: -359.054744
[00:00:23] [worker #4] Bootstrap tree #837, logLikelihood: -364.642362
[00:00:23] [worker #7] Bootstrap tree #840, logLikelihood: -407.019870
[00:00:23] [worker #19] Bootstrap tree #852, logLikelihood: -392.492899
[00:00:23] [worker #23] Bootstrap tree #856, logLikelihood: -398.742195
[00:00:23] [worker #16] Bootstrap tree #849, logLikelihood: -389.800514
[00:00:23] [worker #14] Bootstrap tree #847, logLikelihood: -361.762503
[00:00:23] [worker #24] Bootstrap tree #857, logLikelihood: -365.647063
[00:00:23] [worker #31] Bootstrap tree #864, logLikelihood: -372.772075
[00:00:23] [worker #20] Bootstrap tree #853, logLikelihood: -387.691334
[00:00:23] [worker #0] Bootstrap tree #833, logLikelihood: -369.762479
[00:00:23] [worker #6] Bootstrap tree #839, logLikelihood: -379.902333
[00:00:23] [worker #28] Bootstrap tree #861, logLikelihood: [00:00:23] -369.384669[worker #13] Bootstrap tree #846
[00:00:23] [worker #28] Bootstrap tree #861, logLikelihood: [00:00:23] -369.384669[worker #13] Bootstrap tree #846
, logLikelihood: -390.489451
[00:00:23] [worker #11] Bootstrap tree #844, logLikelihood: -361.687431
[00:00:23] [worker #3] Bootstrap tree #836, logLikelihood: -379.902333
[00:00:23] [worker #18] Bootstrap tree #851, logLikelihood: -353.851310
[00:00:23] [worker #9] Bootstrap tree #842, logLikelihood: -361.567428
[00:00:23] [worker #1] Bootstrap tree #834, logLikelihood: -367.464490
[00:00:23] [worker #8] Bootstrap tree #841, logLikelihood: -380.602928
[00:00:23] [worker #10] Bootstrap tree #843, logLikelihood: -353.723302
[00:00:23] [worker #27] Bootstrap tree #860, logLikelihood: -384.967392
[00:00:23] [worker #17] Bootstrap tree #850, logLikelihood: -385.954839
[00:00:23] [worker #15] Bootstrap tree #848, logLikelihood: -375.474120
[00:00:23] [worker #12] Bootstrap tree #845, logLikelihood: -373.978297
[00:00:23] [worker #25] Bootstrap tree #858, logLikelihood: -363.343416
[00:00:23] [worker #26] Bootstrap tree #859, logLikelihood: -369.047260
[00:00:23] [worker #29] Bootstrap tree #862, logLikelihood: -369.646786
[00:00:23] [worker #22] Bootstrap tree #855, logLikelihood: -356.737635
[00:00:23] [worker #21] Bootstrap tree #854, logLikelihood: -374.035487
[00:00:23] [worker #5] Bootstrap tree #838, logLikelihood: -379.902333
[00:00:23] [worker #30] Bootstrap tree #863, logLikelihood: -376.688419
[00:00:23] [worker #2] Bootstrap tree #835, logLikelihood: -386.171559
[00:00:23] [worker #19] Bootstrap tree #884, logLikelihood: -374.694464
[00:00:24] [worker #3] Bootstrap tree #868, logLikelihood: -359.125481
[00:00:24] [worker #24] Bootstrap tree #889, logLikelihood: -382.087431
[00:00:24] [worker #23] Bootstrap tree #888, logLikelihood: -370.539897
[00:00:24] [worker #7] Bootstrap tree #872, logLikelihood: -395.940319
[00:00:24] [worker #14] Bootstrap tree #879, logLikelihood: -373.367484
[00:00:24] [worker #16] Bootstrap tree #881, logLikelihood: -370.140780
[00:00:24] [worker #11] Bootstrap tree #876, logLikelihood: -365.797204
[00:00:24] [worker #4] Bootstrap tree #869, logLikelihood: -379.902333
[00:00:24] [worker #31] Bootstrap tree #896, logLikelihood: -381.395366
[00:00:24] [worker #20] Bootstrap tree #885, logLikelihood: -343.512484
[00:00:24] [worker #0] Bootstrap tree #865, logLikelihood: -352.912269
00:00:24] [worker #27] Bootstrap tree #892, logLikelihood: -366.377367
[00:00:24] [worker #10] Bootstrap tree #875, logLikelihood: -362.943165
[00:00:24] [worker #28] Bootstrap tree #893, logLikelihood: -352.069674
[00:00:24] [worker #26] Bootstrap tree #891, logLikelihood: -381.418342
[00:00:24] [worker #12] Bootstrap tree #877, logLikelihood: -374.162983
[00:00:24] [worker #2] Bootstrap tree #867, logLikelihood: -372.015317
[00:00:24] [worker #30] Bootstrap tree #895, logLikelihood: -372.161692
[00:00:24] [worker #17] Bootstrap tree #882, logLikelihood: -379.902333
[00:00:24] [worker #9] Bootstrap tree #874, logLikelihood: -375.725958
[00:00:24] [worker #15] Bootstrap tree #880, logLikelihood: -389.826714
[00:00:24] [worker #13] Bootstrap tree #878, logLikelihood: -385.230507
[00:00:24] [worker #6] Bootstrap tree #871, logLikelihood: -382.426144
[00:00:24] [worker #22] Bootstrap tree #887, logLikelihood: -384.157188
[00:00:24] [worker #8] Bootstrap tree #873, logLikelihood: -379.902333
[00:00:24] [worker #25] Bootstrap tree #890, logLikelihood: -379.902333
[00:00:24] [worker #29] Bootstrap tree #894, logLikelihood: -405.905171
[00:00:24] [worker #1] Bootstrap tree #866, logLikelihood: -359.995712
[00:00:24] [worker #21] Bootstrap tree #886, logLikelihood: -380.269021
[00:00:24] [worker #18] Bootstrap tree #883, logLikelihood: -379.902333
[00:00:24] [worker #5] Bootstrap tree #870, logLikelihood: -378.041687
[00:00:26] [worker #16] Bootstrap tree #913, logLikelihood: -360.932907
[00:00:26] [worker #10] Bootstrap tree #907, logLikelihood: -387.790328
[[00:00026:] 00:26] [worker #3] Bootstrap tree #[worker #28] Bootstrap tree #925, logLikelihood: , logLikelihood: -354.220662
[[00:00026:] 00:26] [worker #3] Bootstrap tree #[worker #28] Bootstrap tree #925, logLikelihood: , logLikelihood: -354.220662
-377.182987
[00:00:26] [worker #9] Bootstrap tree #906, logLikelihood: -373.811366
[00:00:26] [worker #18] Bootstrap tree #915, logLikelihood: -384.928616
[00:00:26] [worker #12] Bootstrap tree #909, logLikelihood: -366.438153
[00:00:26] [worker #14] Bootstrap tree #911, logLikelihood: -362.469282
[00:00:26] [worker #14] Bootstrap tree #911, logLikelihood: -362.469282
[00:00:26] [worker #20] Bootstrap tree #917, logLikelihood: -353.871381
[00:00:26] [worker #7] Bootstrap tree #904, logLikelihood: -366.887711
[00:00:26] [worker #25] Bootstrap tree #922, logLikelihood: -381.885160
[00:00:26] [worker #24] Bootstrap tree #921, logLikelihood: -356.590137
00:26] [worker #22] Bootstrap tree #919, logLikelihood: -361.725828
[00:00:26] [worker #0] Bootstrap tree #897, logLikelihood: -385.985140
[00:00:26] [worker #26] Bootstrap tree #923, logLikelihood: -368.709746
[00:00:26] [worker #17] Bootstrap tree #914, logLikelihood: -391.528039
[00:00:26] [worker #29] Bootstrap tree #926, logLikelihood: -354.464368
[00:00:26] [worker #2] Bootstrap tree #899, logLikelihood: -370.111757
[00:00:26] [worker #31] Bootstrap tree #928, logLikelihood: -390.013404
[00:00:26] [worker #21] Bootstrap tree #918, logLikelihood: -385.430303
[00:00:26] [worker #1] Bootstrap tree #898, logLikelihood: -342.703591
[00:00:26] [worker #4] Bootstrap tree #901, logLikelihood: -360.050713
[00:00:26] [worker #15] Bootstrap tree #912, logLikelihood: -368.594858
[00:00:26] [worker #5] Bootstrap tree #902, logLikelihood: -384.028106
[00:00:26] [worker #27] Bootstrap tree #924, logLikelihood: -408.224580
[00:00:26] [worker #11] Bootstrap tree #908, logLikelihood: -368.356099
[00:00:26] [worker #19] Bootstrap tree #916, logLikelihood: -373.868177
[00:00:26] [worker #30] Bootstrap tree #927, logLikelihood: -365.214027
[00:00:26] [worker #8] Bootstrap tree #905, logLikelihood: -379.902333
[00:00:26] [worker #16] Bootstrap tree #945, logLikelihood: -359.017384
[00:00:26] [worker #6] Bootstrap tree #903, logLikelihood: -392.744374
[00:00:26] [worker #13] Bootstrap tree #910, logLikelihood: -382.608879
[00:00:26] [worker #10] Bootstrap tree #939, logLikelihood: -357.228177
[00:00:26] [worker #14] Bootstrap tree #943, logLikelihood: -381.319389
[00:00:26] [worker #23] Bootstrap tree #920, logLikelihood: -379.902333
[00:00:26] [worker #20] Bootstrap tree #949, logLikelihood: -355.037412
[00:00:26] [worker #3] Bootstrap tree #932, logLikelihood: -372.916164
[00:00:26] [worker #18] Bootstrap tree #947, logLikelihood: -379.902333
[00:00:26] [worker #24] Bootstrap tree #953, logLikelihood: -368.697882
[00:00:26] [worker #28] Bootstrap tree #957, logLikelihood: -379.902333
[00:00:26] [worker #25] Bootstrap tree #954, logLikelihood: -391.031906
[00:00:26] [worker #5] Bootstrap tree #934, logLikelihood: -358.661365
[00:00:26] [worker #29] Bootstrap tree #958, logLikelihood: -382.983912
[00:00:26] [worker #0] Bootstrap tree #929, logLikelihood: -361.499178
[00:00:26] [worker #22] Bootstrap tree #951, logLikelihood: -378.064833
[00:00:26] [worker #19] Bootstrap tree #948, logLikelihood: -390.771419
[00:00:26] [worker #4] Bootstrap tree #933, logLikelihood: -359.808637
[00:00:26] [worker #31] Bootstrap tree #960, logLikelihood: -381.372049
[00:00:26] [worker #11] Bootstrap tree #940, logLikelihood: -378.996436
00:00:26] [worker #26] Bootstrap tree #955, logLikelihood: [-349.261012
-379.902333
[00:00:26] [worker #7] Bootstrap tree #936, logLikelihood: -367.915495
[00:00:26] [worker #12] Bootstrap tree #941, logLikelihood: -379.902333
[00:00:26] [worker #27] Bootstrap tree #956, logLikelihood: -368.901107
[[[[00:00:26] [worker #9] Bootstrap tree #938, logLikelihood: -352.329515
-394.24998800
:00:26] [worker #2] Bootstrap tree #931, logLikelihood: -380.06762200
:00:26] [worker #2] Bootstrap tree #931, logLikelihood: -380.06762200
:00:26] [worker #1] Bootstrap tree #930, logLikelihood: -372.465532
[00:00:26] [worker #6] Bootstrap tree #935, logLikelihood: -382.251006
[00:00:26] [worker #13] Bootstrap tree #942, logLikelihood: -378.735726
[00:00:26] [worker #8] Bootstrap tree #937, logLikelihood: -367.873184
[00:00:26] [worker #23] Bootstrap tree #952, logLikelihood: -344.862632
[00:00:26] [worker #15] Bootstrap tree #944, logLikelihood: -375.676471
[00:00:26] [worker #21] Bootstrap tree #950, logLikelihood: -376.753926
[00:00:28] [worker #10] Bootstrap tree #971, logLikelihood: -390.326539
[00:00:28] [worker #2] Bootstrap tree #963, logLikelihood: -384.002173
[00:00:28] [worker #17] Bootstrap tree #978, logLikelihood: -363.318809
[00:00:28] [worker #3] Bootstrap tree #964, logLikelihood: -381.661227
[00:00:28] [worker #9] Bootstrap tree #970, logLikelihood: -386.543367
[00:00:28] [worker #20] Bootstrap tree #981, logLikelihood: -360.830476
[00:00:28] [worker #22] Bootstrap tree #983, logLikelihood: -394.013610
[00:00:28] [worker #6] Bootstrap tree #967, logLikelihood: -375.422597
[00:00:28] [worker #21] Bootstrap tree #982, logLikelihood: -382.485310
[00:00:28] [worker #18] Bootstrap tree #979, logLikelihood: -368.079095
[00:00:28] [worker #4] Bootstrap tree #965, logLikelihood: -368.130541
[00:00:28] [worker #7] Bootstrap tree #968, logLikelihood: -379.226603
[00:00:28] [worker #11] Bootstrap tree #972, logLikelihood: -361.266939
[00:00:28] [worker #29] Bootstrap tree #990, logLikelihood: -362.264641
[00:00:28] [worker #27] Bootstrap tree #988, logLikelihood: -384.170785
[00:00:28] [worker #15] Bootstrap tree #976, logLikelihood: -390.356820
[00:00:28] [worker #24] Bootstrap tree #985, logLikelihood: -372.516793
-383.870974
[00:00:28] [worker #26] Bootstrap tree #987, logLikelihood: -379.468559
[00:00:28] [worker #16] Bootstrap tree #977, logLikelihood: -377.420123
[00:00:28] [worker #23] Bootstrap tree #984, logLikelihood: -395.023805
[00:00:28] [worker #8] Bootstrap tree #969, logLikelihood: -383.204423
[00:00:28] [worker #28] Bootstrap tree #989, logLikelihood: -366.401273
[00:00:28] [worker #25] Bootstrap tree #986, logLikelihood: -397.041702
[00:00:28] [worker #14] Bootstrap tree #975, logLikelihood: -351.018357
[00:00:28] [worker #13] Bootstrap tree #974, logLikelihood: -399.790124
[00:00:28] [worker #0] Bootstrap tree #961, logLikelihood: -392.441336
[00:00:28] [worker #19] Bootstrap tree #980, logLikelihood: -378.983125
[00:00:28] [worker #5] Bootstrap tree #966, logLikelihood: -369.947089
[00:00:28] [worker #12] Bootstrap tree #973, logLikelihood: -379.902333
[00:00:28] [worker #31] Bootstrap tree #992, logLikelihood: -382.779812
[00:00:28] [worker #30] Bootstrap tree #991, logLikelihood: -379.196831
[00:00:28] [worker #3] Bootstrap tree #996, logLikelihood: -389.960544
[00:00:29] [worker #2] Bootstrap tree #995, logLikelihood: -383.209831
[00:00:29] [worker #7] Bootstrap tree #1000, logLikelihood: -374.388934
[00:00:29] [worker #4] Bootstrap tree #997, logLikelihood: -376.651306
[00:00:29] [worker #6] Bootstrap tree #999, logLikelihood: -369.535880
[00:00:29] [worker #1] Bootstrap tree #994, logLikelihood: -373.804457
[00:00:29] [worker #0] Bootstrap tree #993, logLikelihood: -383.301406
[00:00:29] [worker #5] Bootstrap tree #998, logLikelihood: -374.434696

Optimized model parameters:

   Partition 0: noname
   Rate heterogeneity: GAMMA (4 cats, mean),  alpha: 0.020137 (ML),  weights&rates: (0.250000,0.000000) (0.250000,0.000000) (0.250000,0.000001) (0.250000,3.999999) 
   Base frequencies (ML): 0.378658 0.106425 0.157588 0.357329 
   Substitution rates (ML): 0.001000 0.001000 0.410268 0.001000 5.035793 1.000000 


Final LogLikelihood: -379.902332

AIC score: 827.804665 / AICc score: 837.680183 / BIC score: 950.898294
Free parameters (model + branch lengths): 34

WARNING: Best ML tree contains 8 near-zero branches!

Best ML tree with collapsed near-zero branches saved to: /mnt/lustre/RDS-live/downing/LSDV/GTPV_SPPV/results_GTPV/LSDV136.raxml.bestTreeCollapsed
Best ML tree saved to: /mnt/lustre/RDS-live/downing/LSDV/GTPV_SPPV/results_GTPV/LSDV136.raxml.bestTree
All ML trees saved to: /mnt/lustre/RDS-live/downing/LSDV/GTPV_SPPV/results_GTPV/LSDV136.raxml.mlTrees
Best ML tree with Felsenstein bootstrap (FBP) support values saved to: /mnt/lustre/RDS-live/downing/LSDV/GTPV_SPPV/results_GTPV/LSDV136.raxml.supportFBP
Best ML tree with Transfer bootstrap (TBE) support values saved to: /mnt/lustre/RDS-live/downing/LSDV/GTPV_SPPV/results_GTPV/LSDV136.raxml.supportTBE
Optimized model saved to: /mnt/lustre/RDS-live/downing/LSDV/GTPV_SPPV/results_GTPV/LSDV136.raxml.bestModel
Bootstrap trees saved to: /mnt/lustre/RDS-live/downing/LSDV/GTPV_SPPV/results_GTPV/LSDV136.raxml.bootstraps

Execution log saved to: /mnt/lustre/RDS-live/downing/LSDV/GTPV_SPPV/results_GTPV/LSDV136.raxml.log

Analysis started: 24-Nov-2025 15:36:21 / finished: 24-Nov-2025 15:36:54

Elapsed time: 33.111 seconds

