
RAxML-NG v. 1.2.2 released on 11.04.2024 by The Exelixis Lab.
Developed by: Alexey M. Kozlov and Alexandros Stamatakis.
Contributors: Diego Darriba, Tomas Flouri, Benoit Morel, Sarah Lutteropp, Ben Bettisworth, Julia Haag, Anastasis Togkousidis.
Latest version: https://github.com/amkozlov/raxml-ng
Questions/problems/suggestions? Please visit: https://groups.google.com/forum/#!forum/raxml

System: AMD EPYC 7543P 32-Core Processor, 32 cores, 995 GB RAM

RAxML-NG was called at 24-Nov-2025 16:56:01 as follows:

raxml-ng --all --msa region_LSDV068.aln --model GTR+G --prefix LSDV068 --seed 123 --bs-metric fbp,tbe --redo

Analysis options:
  run mode: ML tree search + bootstrapping (Felsenstein Bootstrap + Transfer Bootstrap)
  start tree(s): random (10) + parsimony (10)
  bootstrap replicates: parsimony (max: 1000) + bootstopping (autoMRE, cutoff: 0.030000)
  random seed: 123
  tip-inner: OFF
  pattern compression: ON
  per-rate scalers: OFF
  site repeats: ON
  logLH epsilon: general: 10.000000, brlen-triplet: 1000.000000
  fast spr radius: AUTO
  spr subtree cutoff: 1.000000
  fast CLV updates: ON
  branch lengths: proportional (ML estimate, algorithm: NR-FAST)
  SIMD kernels: AVX2
  parallelization: coarse-grained (auto), PTHREADS (auto)

WARNING: Running in REDO mode: existing checkpoints are ignored, and all result files will be overwritten!

[00:00:00] Reading alignment from file: region_LSDV068.aln
[00:00:00] Loaded alignment with 30 taxa and 1002 sites

WARNING: Sequences PV167793.1 and PV434148.1 are exactly identical!
WARNING: Sequences PV167793.1 and PP886239.1 are exactly identical!
WARNING: Sequences PV167793.1 and PP886238.1 are exactly identical!
WARNING: Sequences PV167793.1 and PP886237.1 are exactly identical!
WARNING: Sequences PV167793.1 and PP886236.1 are exactly identical!
WARNING: Sequences PV167793.1 and PQ014465.1 are exactly identical!
WARNING: Sequences PV167793.1 and OQ434239.1 are exactly identical!
WARNING: Sequences PV167793.1 and OQ434238.1 are exactly identical!
WARNING: Sequences PV167793.1 and OQ434237.1 are exactly identical!
WARNING: Sequences PV167793.1 and OQ434236.1 are exactly identical!
WARNING: Sequences PV167793.1 and OQ434235.1 are exactly identical!
WARNING: Sequences PV167793.1 and OR239060.1 are exactly identical!
WARNING: Sequences PV167793.1 and NC_004002.1 are exactly identical!
WARNING: Sequences PV167793.1 and ON961657.1 are exactly identical!
WARNING: Sequences PV167793.1 and ON961656.1 are exactly identical!
WARNING: Sequences PV167793.1 and ON961655.1 are exactly identical!
WARNING: Sequences PV167793.1 and MT137384.1 are exactly identical!
WARNING: Sequences PV167793.1 and MW167071.1 are exactly identical!
WARNING: Sequences PV167793.1 and MW167070.1 are exactly identical!
WARNING: Sequences PV167793.1 and MW020571.1 are exactly identical!
WARNING: Sequences PV167793.1 and MN072631.1 are exactly identical!
WARNING: Sequences PV167793.1 and MN072630.1 are exactly identical!
WARNING: Sequences PV167793.1 and MN072627.1 are exactly identical!
WARNING: Sequences PV167793.1 and MN072626.1 are exactly identical!
WARNING: Sequences PV167793.1 and AY077832.1 are exactly identical!
WARNING: Sequences PV167793.1 and AY077834.1 are exactly identical!
WARNING: Sequences PV167793.1 and AY077833.1 are exactly identical!
WARNING: Duplicate sequences found: 27

NOTE: Reduced alignment (with duplicates and gap-only sites/taxa removed) 
NOTE: was saved to: /mnt/lustre/RDS-live/downing/LSDV/GTPV_SPPV/results_SPPV/LSDV068.raxml.reduced.phy

Alignment comprises 1 partitions and 6 patterns

Partition 0: noname
Model: GTR+FO+G4m
Alignment sites / patterns: 1002 / 6
Gaps: 0.00 %
Invariant sites: 99.80 %


NOTE: Binary MSA file created: LSDV068.raxml.rba

Parallelization scheme autoconfig: 32 worker(s) x 1 thread(s)

[00:00:00] Generating 10 random starting tree(s) with 30 taxa
[00:00:00] Generating 10 parsimony starting tree(s) with 30 taxa
Parallel parsimony with 32 threads
Parallel reduction/worker buffer size: 1 KB  / 0 KB

[00:00:00] Data distribution: max. partitions/sites/weight per thread: 1 / 6 / 96
[00:00:00] Data distribution: max. searches per worker: 33

Starting ML tree search with 20 distinct starting trees

[00:00:00] [worker #18] ML tree search #19, logLikelihood: -1267.890777
[00:00:00] [worker #4] ML tree search #5, logLikelihood: -1267.890780
[00:00:00] [worker #19] ML tree search #20, logLikelihood: -1267.890778
[00:00:00] [worker #14] ML tree search #15, logLikelihood: -1267.890778
[00:00:00] [worker #7] ML tree search #8, logLikelihood: -1267.890777
[00:00:00] [worker #13] ML tree search #14, logLikelihood: -1267.890777
[00:00:00] [worker #5] ML tree search #6, logLikelihood: -1267.890778
[00:00:00] [worker #2] ML tree search #3, logLikelihood: -1267.890779
[00:00:00] [worker #15] ML tree search #16, logLikelihood: -1267.890777
[00:00:00] [worker #12] ML tree search #13, logLikelihood: -1267.890778
[00:00:00] [worker #17] ML tree search #18, logLikelihood: -1267.890779
[00:00:00] [worker #16] ML tree search #17, logLikelihood: -1267.890777
[00:00:00] [worker #9] ML tree search #10, logLikelihood: -1267.890777
[00:00:00] [worker #1] ML tree search #2, logLikelihood: -1267.890778
[00:00:00] [worker #3] ML tree search #4, logLikelihood: -1267.890778
[00:00:00] [worker #10] ML tree search #11, logLikelihood: -1267.890777
[00:00:00] [worker #0] ML tree search #1, logLikelihood: -1267.890777
[00:00:00] [worker #8] ML tree search #9, logLikelihood: -1267.890779
[00:00:00] [worker #11] ML tree search #12, logLikelihood: -1267.890778
[00:00:00] [worker #6] ML tree search #7, logLikelihood: -1267.890778

[00:00:00] ML tree search completed, best tree logLH: -1267.890777

[00:00:00] Starting bootstrapping analysis with 1000 replicates.

[00:00:00] [worker #15] Bootstrap tree #16, logLikelihood: -1272.445184
00:00:00] [worker #9] Bootstrap tree #10, logLikelihood: -1284.305770
[00:00:00] [worker #2] Bootstrap tree #3, logLikelihood: -1283.881331
[00:00:00] [worker #19] Bootstrap tree #20, logLikelihood: -1267.890777
[00:00:00] [worker #18] Bootstrap tree #19, logLikelihood: -1267.890779
[00:00:00] [worker #29] Bootstrap tree #30, logLikelihood: -1251.295985
[00:00:00] [worker #30] Bootstrap tree #31, logLikelihood: -1267.890778
[00:00:00] [worker #14] Bootstrap tree #15, logLikelihood: -1260.948015
[00:00:00] [worker #12] Bootstrap tree #13, logLikelihood: -1267.890778
[00:00:00] [worker #23] Bootstrap tree #24, logLikelihood: -1254.793865
[00:00:00] [worker #7] Bootstrap tree #8, logLikelihood: -1260.336845
[00:00:00] [worker #1] Bootstrap tree #2, logLikelihood: -1262.217534
[00:00:00] [worker #10] Bootstrap tree #11, logLikelihood: -1266.745273
[00:00:00] [worker #21] Bootstrap tree #22, logLikelihood: -1251.734317
[00:00:00] [worker #26] Bootstrap tree #27, logLikelihood: -1265.067977
[00:00:00] [worker #11] Bootstrap tree #12, logLikelihood: -1278.676410
[00:00:00] [worker #13] Bootstrap tree #14, logLikelihood: -1276.626607
[00:00:00] [worker #28] Bootstrap tree #29, logLikelihood: -1258.946961
[00:00:00] [worker #4] Bootstrap tree #5, logLikelihood: -1250.407626
[00:00:00] [worker #20] Bootstrap tree #21, logLikelihood: -1267.890778
[00:00:00] [worker #24] Bootstrap tree #25, logLikelihood: -1267.890777
[00:00:00] [worker #27] Bootstrap tree #28, logLikelihood: -1227.128419
[00:00:00] [worker #25] Bootstrap tree #26, logLikelihood: -1265.302114
[00:00:00] [worker #31] Bootstrap tree #32, logLikelihood: -1267.890778
[00:00:00] [worker #3] Bootstrap tree #4, logLikelihood: -1267.890779
[00:00:00] [worker #17] Bootstrap tree #18, logLikelihood: -1266.768469
[00:00:00] [worker #16] Bootstrap tree #17, logLikelihood: -1245.336633
[00:00:00] [worker #22] Bootstrap tree #23, logLikelihood: -1267.890779
[00:00:00] [worker #6] Bootstrap tree #7, logLikelihood: -1267.890779
[00:00:00] [worker #8] Bootstrap tree #9, logLikelihood: -1267.890777
[00:00:00] [worker #5] Bootstrap tree #6, logLikelihood: -1267.890778
[00:00:00] [worker #9] Bootstrap tree #42, logLikelihood: -1222.458669
[00:00:00] [worker #15] Bootstrap tree #48, logLikelihood: -1259.186550
[00:00:00] [worker #2] Bootstrap tree #35, logLikelihood: -1267.890779
[00:00:00] [worker #19] Bootstrap tree #52, logLikelihood: -1267.890778
[00:00:00] [worker #18] Bootstrap tree #51, logLikelihood: -1248.846909
[00:00:00] [worker #12] Bootstrap tree #45, logLikelihood: -1267.890777
[00:00:00] [worker #1] Bootstrap tree #34, logLikelihood: -1285.330533
[00:00:00] [worker #14] Bootstrap tree #47, logLikelihood: -1241.561902
[00:00:00] [worker #23] Bootstrap tree #56, logLikelihood: -1267.890777
[00:00:00] [worker #29] Bootstrap tree #62, logLikelihood: -1267.890778
[00:00:00] [worker #0] Bootstrap tree #1, logLikelihood: -1267.890778
[00:00:00] [worker #30] Bootstrap tree #63, logLikelihood: -1263.213347
[00:00:00] [worker #21] Bootstrap tree #54, logLikelihood: -1267.890778
[00:00:00] [worker #13] Bootstrap tree #46, logLikelihood: -1267.890779
[00:00:00] [worker #7] Bootstrap tree #40, logLikelihood: -1246.783087
[00:00:00] [worker #28] Bootstrap tree #61, logLikelihood: -1267.890778
[00:00:00] [worker #24] Bootstrap tree #57, logLikelihood: -1267.890778
[00:00:00] [worker #26] Bootstrap tree #59, logLikelihood: -1267.890778
[00:00:00] [worker #20] Bootstrap tree #53, logLikelihood: -1237.120037
[00:00:00] [worker #10] Bootstrap tree #43, logLikelihood: -1267.890778
[00:00:00] [worker #11] Bootstrap tree #44, logLikelihood: -1273.215265
[00:00:00] [worker #4] Bootstrap tree #37, logLikelihood: -1238.611817
[00:00:00] [worker #27] Bootstrap tree #60, logLikelihood: -1267.890778
[00:00:00] [worker #3] Bootstrap tree #36, logLikelihood: -1267.890778
[00:00:00] [worker #16] Bootstrap tree #49, logLikelihood: -1267.890778
[00:00:00] [worker #6] Bootstrap tree #39, logLikelihood: -1259.198805
[00:00:00] [worker #31] Bootstrap tree #64, logLikelihood: -1277.659692
[00:00:00] [worker #22] Bootstrap tree #55, logLikelihood: -1267.890778
[00:00:00] [worker #17] Bootstrap tree #50, logLikelihood: -1268.615571
[00:00:00] [worker #8] Bootstrap tree #41, logLikelihood: -1279.215078
[00:00:00] [worker #25] Bootstrap tree #58, logLikelihood: -1267.890779
[00:00:00] [worker #5] Bootstrap tree #38, logLikelihood: -1267.890778
[00:00:00] [worker #0] Bootstrap tree #33, logLikelihood: -1258.391383
[00:00:02] [worker #24] Bootstrap tree #89, logLikelihood: -1282.577277
[00:00:02] [worker #25] Bootstrap tree #90, logLikelihood: -1250.925905
[00:00:02] [worker #8] Bootstrap tree #73, logLikelihood: -1242.030588
[00:00:02] [worker #13] Bootstrap tree #78, logLikelihood: -1277.791852
[00:00:02] [worker #3] Bootstrap tree #68, logLikelihood: -1240.119940
[00:00:02] [worker #4] Bootstrap tree #69, logLikelihood: -1293.224422
[00:00:02] [worker #19] Bootstrap tree #84, logLikelihood: -1271.555449
[00:00:02] [worker #30] Bootstrap tree #95, logLikelihood: -1243.515803
[00:00:02] [worker #7] Bootstrap tree #72, logLikelihood: -1212.263469
[00:00:02] [worker #23] Bootstrap tree #88, logLikelihood: -1248.380836
[00:00:02] [worker #26] Bootstrap tree #91, logLikelihood: -1231.136509
[00:00:02] [worker #14] Bootstrap tree #79, logLikelihood: -1245.509377
[00:00:02] [worker #9] Bootstrap tree #74, logLikelihood: -1267.890778
[00:00:02] [worker #29] Bootstrap tree #94, logLikelihood: -1255.287656
[00:00:02] [worker #10] Bootstrap tree #75, logLikelihood: -1278.983854
[00:00:02] [worker #5] Bootstrap tree #70, logLikelihood: -1235.397938
[00:00:02] [worker #21] Bootstrap tree #86, logLikelihood: -1234.744105
[00:00:02] [worker #16] Bootstrap tree #81, logLikelihood: -1267.890778
[00:00:02] [worker #22] Bootstrap tree #87, logLikelihood: -1267.890778
[00:00:02] [worker #2] Bootstrap tree #67, logLikelihood: -1224.407928
[00:00:02] [worker #15] Bootstrap tree #80, logLikelihood: -1267.890778
[00:00:02] [worker #28] Bootstrap tree #93, logLikelihood: -1267.890778
[00:00:02] [worker #12] Bootstrap tree #77, logLikelihood: -1267.890779
[00:00:02] [worker #12] Bootstrap tree #77, logLikelihood: -1267.890779
[00:00:02] [worker #27] Bootstrap tree #92, logLikelihood: -1267.890777
[00:00:02] [worker #18] Bootstrap tree #83, logLikelihood: -1270.781382
[00:00:02] [worker #17] Bootstrap tree #82, logLikelihood: -1267.890779
[00:00:02] [worker #1] Bootstrap tree #66, logLikelihood: -1266.339627
[00:00:02] [worker #31] Bootstrap tree #96, logLikelihood: -1267.890778
[00:00:02] [worker #11] Bootstrap tree #76, logLikelihood: -1248.958921
[00:00:02] [worker #0] Bootstrap tree #65, logLikelihood: -1267.890778
[00:00:02] [worker #6] Bootstrap tree #71, logLikelihood: -1276.972114
[00:00:02] [worker #24] Bootstrap tree #121, logLikelihood: -1267.890778
[00:00:02] [worker #25] Bootstrap tree #122, logLikelihood: -1269.554669
[00:00:02] [worker #20] Bootstrap tree #85, logLikelihood: -1240.732484
[00:00:02] [worker #19] Bootstrap tree #116, logLikelihood: -1267.086472
[00:00:02] [worker #16] Bootstrap tree #113, logLikelihood: -1269.021522
[00:00:02] [worker #30] Bootstrap tree #127, logLikelihood: -1267.890778
[00:00:02] [worker #8] Bootstrap tree #105, logLikelihood: -1267.890778
[00:00:02] [worker #3] Bootstrap tree #100, logLikelihood: -1267.890778
[00:00:02] [worker #15] Bootstrap tree #112, logLikelihood: -1263.293134
[00:00:02] [worker #23] Bootstrap tree #120, logLikelihood: -1267.890779
[00:00:02] [worker #2] Bootstrap tree #99, logLikelihood: -1288.359116
[00:00:02] [worker #4] Bootstrap tree #101, logLikelihood: -1267.890777
[00:00:02] [worker #22] Bootstrap tree #119, logLikelihood: -1264.911076
[00:00:02] [worker #21] Bootstrap tree #118, logLikelihood: -1255.377595
[00:00:02] [worker #28] Bootstrap tree #125, logLikelihood: -1267.890777
[00:00:02] [worker #13] Bootstrap tree #110, logLikelihood: -1267.890778
[00:00:02] [worker #9] Bootstrap tree #106, logLikelihood: -1241.777035
[00:00:02] [worker #5] Bootstrap tree #102, logLikelihood: -1251.583693
[00:00:02] [worker #7] Bootstrap tree #104, logLikelihood: -1267.890778
[00:00:02] [worker #14] Bootstrap tree #111, logLikelihood: -1267.890778
[00:00:02] [worker #26] Bootstrap tree #123, logLikelihood: -1249.293084
[00:00:02] [worker #10] Bootstrap tree #107, logLikelihood: -1267.890778
[00:00:02] [worker #29] Bootstrap tree #126, logLikelihood: -1273.059687
[00:00:02] [worker #27] Bootstrap tree #124, logLikelihood: -1266.062193
[00:00:02] [worker #17] Bootstrap tree #114, logLikelihood: -1267.890777
[00:00:02] [worker #18] Bootstrap tree #115, logLikelihood: -1290.244491
[00:00:02] [worker #12] Bootstrap tree #109, logLikelihood: -1279.764249
[00:00:02] [worker #11] Bootstrap tree #108, logLikelihood: -1231.957372
[00:00:02] [worker #31] Bootstrap tree #128, logLikelihood: -1250.755212
[00:00:02] [worker #1] Bootstrap tree #98, logLikelihood: -1267.890778
[00:00:02] [worker #20] Bootstrap tree #117, logLikelihood: -1267.890777
[00:00:02] [worker #6] Bootstrap tree #103, logLikelihood: -1267.890778
[00:00:02] [worker #0] Bootstrap tree #97, logLikelihood: -1267.890778
[00:00:05] Bootstrapping converged after 128 replicates.

Optimized model parameters:

   Partition 0: noname
   Rate heterogeneity: GAMMA (4 cats, mean),  alpha: 99.862683 (ML),  weights&rates: (0.250000,0.875823) (0.250000,0.964713) (0.250000,1.029567) (0.250000,1.129897) 
   Base frequencies (ML): 0.415185 0.125261 0.123255 0.336299 
   Substitution rates (ML): 27.667321 27.881777 0.001000 0.001000 0.001000 1.000000 


Final LogLikelihood: -1267.890777

AIC score: 2667.781554 / AICc score: 2677.240378 / BIC score: 2991.825271
Free parameters (model + branch lengths): 66

WARNING: Best ML tree contains 27 near-zero branches!

Best ML tree with collapsed near-zero branches saved to: /mnt/lustre/RDS-live/downing/LSDV/GTPV_SPPV/results_SPPV/LSDV068.raxml.bestTreeCollapsed
Best ML tree saved to: /mnt/lustre/RDS-live/downing/LSDV/GTPV_SPPV/results_SPPV/LSDV068.raxml.bestTree
All ML trees saved to: /mnt/lustre/RDS-live/downing/LSDV/GTPV_SPPV/results_SPPV/LSDV068.raxml.mlTrees
Best ML tree with Felsenstein bootstrap (FBP) support values saved to: /mnt/lustre/RDS-live/downing/LSDV/GTPV_SPPV/results_SPPV/LSDV068.raxml.supportFBP
Best ML tree with Transfer bootstrap (TBE) support values saved to: /mnt/lustre/RDS-live/downing/LSDV/GTPV_SPPV/results_SPPV/LSDV068.raxml.supportTBE
Optimized model saved to: /mnt/lustre/RDS-live/downing/LSDV/GTPV_SPPV/results_SPPV/LSDV068.raxml.bestModel
Bootstrap trees saved to: /mnt/lustre/RDS-live/downing/LSDV/GTPV_SPPV/results_SPPV/LSDV068.raxml.bootstraps

Execution log saved to: /mnt/lustre/RDS-live/downing/LSDV/GTPV_SPPV/results_SPPV/LSDV068.raxml.log

Analysis started: 24-Nov-2025 16:56:01 / finished: 24-Nov-2025 16:56:07

Elapsed time: 5.791 seconds

