
RAxML-NG v. 1.2.2 released on 11.04.2024 by The Exelixis Lab.
Developed by: Alexey M. Kozlov and Alexandros Stamatakis.
Contributors: Diego Darriba, Tomas Flouri, Benoit Morel, Sarah Lutteropp, Ben Bettisworth, Julia Haag, Anastasis Togkousidis.
Latest version: https://github.com/amkozlov/raxml-ng
Questions/problems/suggestions? Please visit: https://groups.google.com/forum/#!forum/raxml

System: AMD EPYC 7543P 32-Core Processor, 32 cores, 995 GB RAM

RAxML-NG was called at 24-Nov-2025 14:05:12 as follows:

raxml-ng --all --msa region_LSDV024.aln --model GTR+G --prefix LSDV024 --seed 123 --bs-metric fbp,tbe --redo

Analysis options:
  run mode: ML tree search + bootstrapping (Felsenstein Bootstrap + Transfer Bootstrap)
  start tree(s): random (10) + parsimony (10)
  bootstrap replicates: parsimony (max: 1000) + bootstopping (autoMRE, cutoff: 0.030000)
  random seed: 123
  tip-inner: OFF
  pattern compression: ON
  per-rate scalers: OFF
  site repeats: ON
  logLH epsilon: general: 10.000000, brlen-triplet: 1000.000000
  fast spr radius: AUTO
  spr subtree cutoff: 1.000000
  fast CLV updates: ON
  branch lengths: proportional (ML estimate, algorithm: NR-FAST)
  SIMD kernels: AVX2
  parallelization: coarse-grained (auto), PTHREADS (auto)

WARNING: Running in REDO mode: existing checkpoints are ignored, and all result files will be overwritten!

[00:00:00] Reading alignment from file: region_LSDV024.aln
[00:00:00] Loaded alignment with 14 taxa and 658 sites

WARNING: Sequences PV167794.1 and MW020570.1 are exactly identical!
WARNING: Sequences PV167794.1 and MN072621.1 are exactly identical!
WARNING: Sequences PV167794.1 and MN072620.1 are exactly identical!
WARNING: Sequences PV167794.1 and MH381810.1 are exactly identical!
WARNING: Sequences PV167794.1 and KC951854.1 are exactly identical!
WARNING: Sequences NC_004003.1 and KX576657.1 are exactly identical!
WARNING: Sequences NC_004003.1 and AY077836.1 are exactly identical!
WARNING: Sequences NC_004003.1 and AY077835.1 are exactly identical!
WARNING: Sequences MN072625.1 and MN072623.1 are exactly identical!
WARNING: Duplicate sequences found: 9

NOTE: Reduced alignment (with duplicates and gap-only sites/taxa removed) 
NOTE: was saved to: /mnt/lustre/RDS-live/downing/LSDV/GTPV_SPPV/results_GTPV/LSDV024.raxml.reduced.phy

Alignment comprises 1 partitions and 14 patterns

Partition 0: noname
Model: GTR+FO+G4m
Alignment sites / patterns: 658 / 14
Gaps: 0.00 %
Invariant sites: 98.33 %


NOTE: Binary MSA file created: LSDV024.raxml.rba

Parallelization scheme autoconfig: 32 worker(s) x 1 thread(s)

[00:00:00] Generating 10 random starting tree(s) with 14 taxa
[00:00:00] Generating 10 parsimony starting tree(s) with 14 taxa
Parallel parsimony with 32 threads
Parallel reduction/worker buffer size: 1 KB  / 0 KB

[00:00:00] Data distribution: max. partitions/sites/weight per thread: 1 / 14 / 224
[00:00:00] Data distribution: max. searches per worker: 33

Starting ML tree search with 20 distinct starting trees

[00:00:00] [worker #15] ML tree search #16, logLikelihood: -872.846627
[00:00:00] [worker #10] ML tree search #11, logLikelihood: -872.846632
[00:00:00] [worker #14] ML tree search #15, logLikelihood: -872.847081
[00:00:00] [worker #17] ML tree search #18, logLikelihood: -872.846627
[00:00:00] [worker #18] ML tree search #19, logLikelihood: -872.846627
[00:00:00] [worker #16] ML tree search #17, logLikelihood: -872.847082
[00:00:00] [worker #5] ML tree search #6, logLikelihood: -872.846627
[00:00:00] [worker #13] ML tree search #14, logLikelihood: -872.846632
[00:00:00] [worker #7] ML tree search #8, logLikelihood: -872.846626
[00:00:00] [worker #8] ML tree search #9, logLikelihood: -872.846626
[00:00:00] [worker #1] ML tree search #2, logLikelihood: -872.846626
[00:00:00] [worker #9] ML tree search #10, logLikelihood: -872.846627
[00:00:00] [worker #19] ML tree search #20, logLikelihood: -872.847081
[00:00:00] [worker #2] ML tree search #3, logLikelihood: -872.846633
[00:00:00] [worker #0] ML tree search #1, logLikelihood: -872.846626
[00:00:00] [worker #12] ML tree search #13, logLikelihood: -872.847081
[00:00:00] [worker #3] ML tree search #4, logLikelihood: -872.846625
[00:00:00] [worker #6] ML tree search #7, logLikelihood: -872.846627
[00:00:00] [worker #11] ML tree search #12, logLikelihood: -872.847089
[00:00:00] [worker #4] ML tree search #5, logLikelihood: -872.847071

[00:00:00] ML tree search completed, best tree logLH: -872.846625

[00:00:00] Starting bootstrapping analysis with 1000 replicates.

[00:00:00] [worker #15] Bootstrap tree #16, logLikelihood: -853.402611
[00:00:00] [worker #8] Bootstrap tree #9, logLikelihood: -861.433405
[00:00:00] [worker #22] Bootstrap tree #23, logLikelihood: -874.105575
[00:00:00] [worker #24] Bootstrap tree #25, logLikelihood: -897.316813
[00:00:00] [worker #1] Bootstrap tree #2, logLikelihood: -893.794518
[00:00:00] [worker #29] Bootstrap tree #30, logLikelihood: -889.758350
[00:00:00] [worker #2] Bootstrap tree #3, logLikelihood: -897.748322
[00:00:00] [worker #31] Bootstrap tree #32, logLikelihood: -860.357694
[00:00:00] [worker #10] Bootstrap tree #11, logLikelihood: -904.564537
[00:00:00] [worker #11] Bootstrap tree #12, logLikelihood: -844.907920
[00:00:00] [worker #14] Bootstrap tree #15, logLikelihood: -880.504113
[00:00:00] [worker #25] Bootstrap tree #26, logLikelihood: -901.631517
[00:00:00] [worker #23] Bootstrap tree #24, logLikelihood: -855.799349
[00:00:00] [worker #16] Bootstrap tree #17, logLikelihood: -840.066481
[00:00:00] [worker #28] Bootstrap tree #29, logLikelihood: -856.590901
[00:00:00] [worker #19] Bootstrap tree #20, logLikelihood: -918.912128
[00:00:00] [worker #17] Bootstrap tree #18, logLikelihood: -888.404099
[00:00:00] [worker #6] Bootstrap tree #7, logLikelihood: -867.429083[
[00:00:00] [worker #6] Bootstrap tree #7, logLikelihood: -867.429083[
00:00:00] [worker #12] Bootstrap tree #13, logLikelihood: -872.847089
[00:00:00] [worker #27] Bootstrap tree #28, logLikelihood: -835.679512
[00:00:00] [worker #18] Bootstrap tree #19, logLikelihood: -921.513272
[00:00:00] [worker #9] Bootstrap tree #10, logLikelihood: -903.209725
[00:00:00] [worker #4] Bootstrap tree #5, logLikelihood: -863.309040
[00:00:00] [worker #20] Bootstrap tree #21, logLikelihood: -860.494457
[00:00:00] [worker #30] Bootstrap tree #31, logLikelihood: -845.067729
[00:00:00] [worker #5] Bootstrap tree #6, logLikelihood: -883.275134
[00:00:00] [worker #3] Bootstrap tree #4, logLikelihood: -859.936307
[00:00:00] [worker #7] Bootstrap tree #8, logLikelihood: -859.466930
[00:00:00] [worker #21] Bootstrap tree #22, logLikelihood: -872.253741
[00:00:00] [worker #13] Bootstrap tree #14, logLikelihood: -914.866904
[00:00:00] [worker #0] Bootstrap tree #1, logLikelihood: -895.926463
[00:00:00] [worker #26] Bootstrap tree #27, logLikelihood: -879.335221
[00:00:00] [worker #22] Bootstrap tree #55, logLikelihood: -897.248481
[00:00:00] [worker #29] Bootstrap tree #62, logLikelihood: -879.843802
[00:00:00] [worker #31] Bootstrap tree #64, logLikelihood: -881.856134
[00:00:00] [worker #15] Bootstrap tree #48, logLikelihood: -807.889215
[00:00:00] [worker #8] Bootstrap tree #41, logLikelihood: -864.054116
[00:00:00] [worker #24] Bootstrap tree #57, logLikelihood: -886.875628
[00:00:00] [worker #2] Bootstrap tree #35, logLikelihood: -822.658056
[00:00:00] [worker #23] Bootstrap tree #56, logLikelihood: -943.448686
[00:00:00] [worker #19] Bootstrap tree #52, logLikelihood: -842.750247
[00:00:00] [worker #25] Bootstrap tree #58, logLikelihood: -876.237096
Bootstrap tree #47, logLikelihood: -898.277909
[00:00:00] [worker #10] Bootstrap tree #43, logLikelihood: -861.076374
[00:00:00] [worker #18] Bootstrap tree #51, logLikelihood: -893.351315
[00:00:00] [worker #28] Bootstrap tree #61, logLikelihood: -831.967022
[00:00:00] [worker #12] Bootstrap tree #45, logLikelihood: -856.498900
[00:00:00] [worker #27] Bootstrap tree #60, logLikelihood: -834.227810
[00:00:00] [worker #1] Bootstrap tree #34, logLikelihood: -851.572353
[00:00:00] [worker #11] Bootstrap tree #44, logLikelihood: -859.683793
[00:00:00] [worker #9] Bootstrap tree #42, logLikelihood: -830.696368
[00:00:00] [worker #16] Bootstrap tree #49, logLikelihood: -923.496448
[00:00:00] [worker #30] Bootstrap tree #63, logLikelihood: -828.770460
[00:00:00] [worker #13] Bootstrap tree #46, logLikelihood: -835.609038
, logLikelihood: -867.604269
[00:00:00] [worker #4] Bootstrap tree #37, logLikelihood: -882.930179
[00:00:00] [worker #7] Bootstrap tree #40, logLikelihood: -843.067054
[00:00:00] [worker #20] Bootstrap tree #53, logLikelihood: -827.669551
[00:00:00] [worker #5] Bootstrap tree #38, logLikelihood: -861.071357
[00:00:00] [worker #6] Bootstrap tree #39, logLikelihood: -861.103882
00:00:00] [worker #3] Bootstrap tree #36, logLikelihood: -892.626416
[00:00:00] [worker #21] Bootstrap tree #54, logLikelihood: -887.576743
[00:00:00] [worker #26] Bootstrap tree #59, logLikelihood: -848.533982
[00:00:00] [worker #0] Bootstrap tree #33, logLikelihood: -820.049407
[00:00:00] [worker #21] Bootstrap tree #86, logLikelihood: -843.215016
[00:00:00] [worker #15] Bootstrap tree #80, logLikelihood: -860.987940
[00:00:00] [worker #10] Bootstrap tree #75, logLikelihood: -855.952633
[00:00:00] [worker #24] Bootstrap tree #89, logLikelihood: -833.852296
[00:00:00] [worker #19] Bootstrap tree #84, logLikelihood: -895.424349
[00:00:00] [worker #12] Bootstrap tree #77, logLikelihood: -857.368979
[00:00:00] [worker #17] Bootstrap tree #82, logLikelihood: -890.056826
[00:00:00] [worker #14] Bootstrap tree #79, logLikelihood: -892.575608
[00:00:00] [worker #20] Bootstrap tree #85, logLikelihood: -861.358795
[00:00:00] [worker #25] Bootstrap tree #90, logLikelihood: -860.189809
[00:00:00] [worker #30] Bootstrap tree #95, logLikelihood: -870.458475
[00:00:00] [worker #22] Bootstrap tree #87, logLikelihood: -840.246417
[00:00:00] [worker #29] Bootstrap tree #94, logLikelihood: -877.472050
[00:00:00] [worker #11] Bootstrap tree #76, logLikelihood: -892.528401
[00:00:00] [worker #7] Bootstrap tree #72, logLikelihood: -822.827203
[00:00:00] [worker #9] Bootstrap tree #74, logLikelihood: -877.664976
[00:00:00] [worker #1] Bootstrap tree #66, logLikelihood: -850.090808[
-958.201689
[00:00:00] [worker #2] Bootstrap tree #67, logLikelihood: -880.286450
[00:00:00] [worker #4] Bootstrap tree #69, logLikelihood: -883.007777
[00:00:00] [worker #5] Bootstrap tree #70, logLikelihood: -811.292710[
-876.273455
[00:00:00] [worker #3] Bootstrap tree #68, logLikelihood: -857.183845
[00:00:00] [worker #28] Bootstrap tree #93, logLikelihood: -928.456389
[00:00:00] [worker #6] Bootstrap tree #71, logLikelihood: -858.375856
[00:00:00] [worker #18] Bootstrap tree #83, logLikelihood: -867.454370
[00:00:00] [worker #27] Bootstrap tree #92, logLikelihood: -829.513095
[00:00:00] [worker #16] Bootstrap tree #81, logLikelihood: -878.146325
[00:00:00] [worker #23] Bootstrap tree #88, logLikelihood: -860.785402
[00:00:00] [worker #26] Bootstrap tree #91, logLikelihood: -839.486708
[00:00:00] [worker #10] Bootstrap tree #107, logLikelihood: -899.059494
[00:00:00] [worker #15] Bootstrap tree #112, logLikelihood: -864.326993
[00:00:00] [worker #0] Bootstrap tree #65, logLikelihood: -819.095928
[00:00:00] [worker #13] Bootstrap tree #78, logLikelihood: -929.909146
[00:00:00] [worker #17] Bootstrap tree #114, logLikelihood: -837.076427
[00:00:00] [worker #21] Bootstrap tree #118, logLikelihood: -868.861967
[00:00:00] [worker #25] Bootstrap tree #122, logLikelihood: -853.730239
[00:00:00] [worker #24] Bootstrap tree #121, logLikelihood: -855.962405
[00:00:00] [worker #22] Bootstrap tree #119, logLikelihood: -886.469609
[00:00:00] [worker #30] Bootstrap tree #127, logLikelihood: -855.571821
[00:00:00] [worker #12] Bootstrap tree #109, logLikelihood: -872.847082
[00:00:00] [worker #7] Bootstrap tree #104, logLikelihood: -832.096566
[00:00:00] [worker #20] Bootstrap tree #117, logLikelihood: -866.823671
[00:00:00] [worker #1] Bootstrap tree #98, logLikelihood: -887.359565
126, logLikelihood: -840.162293
[00:00:00] [worker #4] Bootstrap tree #101, logLikelihood: -839.544335
[00:00:00] [worker #14] Bootstrap tree #111, logLikelihood: -842.423879
[00:00:00] [worker #28] Bootstrap tree #125, logLikelihood: -859.508806
[00:00:00] [worker #3] Bootstrap tree #100, logLikelihood: -886.080234
[00:00:00] [worker #18] Bootstrap tree #115, logLikelihood: -889.192333
[00:00:00] [worker #23] Bootstrap tree #120, logLikelihood: -852.086639
[00:00:00] [worker #16] Bootstrap tree #113, logLikelihood: -881.336016
[worker #9] [00:00:Bootstrap tree #00106] , logLikelihood: [worker #19] Bootstrap tree #116, logLikelihood: -892.591324-835.365209
[worker #9] [00:00:Bootstrap tree #00106] , logLikelihood: [worker #19] Bootstrap tree #116, logLikelihood: -892.591324-835.365209

[00:00:00] [worker #2] Bootstrap tree #99, logLikelihood: -898.800724
-900.855215
[00:00:00] [worker #11] Bootstrap tree #108, logLikelihood: -841.816306
[00:00:00] [worker #31] Bootstrap tree #128, logLikelihood: -897.887397
[00:00:00] [worker #26] Bootstrap tree #123, logLikelihood: -841.337928
[00:00:00] [worker #27] Bootstrap tree #124, logLikelihood: -890.355618
[00:00:00] [worker #8] Bootstrap tree #105, logLikelihood: -853.571788
[00:00:00] [worker #5] Bootstrap tree #102, logLikelihood: -868.843692
[00:00:00] [worker #13] Bootstrap tree #110, logLikelihood: -858.476005
[00:00:00] [worker #0] Bootstrap tree #97, logLikelihood: -869.091114
[00:00:01] [worker #22] Bootstrap tree #151, logLikelihood: -875.456364
[00:00:01] [worker #4] Bootstrap tree #133, logLikelihood: -842.991697
[00:00:01] [worker #10] Bootstrap tree #139, logLikelihood: -855.248767
[00:00:01] [worker #9] Bootstrap tree #138, logLikelihood: -814.065948
[00:00:01] [worker #24] Bootstrap tree #153, logLikelihood: -910.657786
[00:00:01] [worker #16] Bootstrap tree #145, logLikelihood: -882.196978
[00:00:01] [worker #19] Bootstrap tree #148, logLikelihood: -843.473430
[00:00:01] [worker #19] Bootstrap tree #148, logLikelihood: -843.473430
[00:00:01] [worker #17] Bootstrap tree #146, logLikelihood: -838.331794
[00:00:01] [worker #18] Bootstrap tree #147, logLikelihood: -880.714729
[00:00:01] [worker #21] Bootstrap tree #150, logLikelihood: -863.261304
[00:00:01] [worker #1] Bootstrap tree #130, logLikelihood: -837.898480
[00:00:01] [worker #12] Bootstrap tree #141, logLikelihood: -907.676206
[00:00:01] [worker #15] Bootstrap tree #144, logLikelihood: -876.608970
[00:00:01] [worker #30] Bootstrap tree #159, logLikelihood: -875.613748
[00:00:01] [worker #14] Bootstrap tree #143, logLikelihood: -798.752119
[00:00:01] [worker #26] Bootstrap tree #155, logLikelihood: -823.709800
[00:00:01] [worker #8] Bootstrap tree #137, logLikelihood: -839.282909
[00:00:01] [worker #25] Bootstrap tree #154, logLikelihood: -864.058844
[00:00:01] [worker #7] Bootstrap tree #136, logLikelihood: -866.817625
[00:00:01] [worker #28] Bootstrap tree #157, logLikelihood: -830.805737
[00:00:01] [worker #31] Bootstrap tree #160, logLikelihood: -861.811551
[00:00:01] [worker #3] Bootstrap tree #132, logLikelihood: -863.263546
[00:00:01] [worker #5] Bootstrap tree #134, logLikelihood: -870.852690
[00:00:01] [worker #23] Bootstrap tree #152, logLikelihood: -866.468141
[00:00:01] [worker #2] Bootstrap tree #131, logLikelihood: -881.746774
[00:00:01] [worker #6] Bootstrap tree #135, logLikelihood: -906.628928
[00:00:01] [worker #0] Bootstrap tree #129, logLikelihood: -859.157945
[00:00:01] [worker #11] Bootstrap tree #140, logLikelihood: -894.450657
[00:00:01] [worker #22] Bootstrap tree #183, logLikelihood: -862.973022
[00:00:01] [worker #27] Bootstrap tree #156, logLikelihood: -862.352167
[00:00:01] [worker #20] Bootstrap tree #149, logLikelihood: -891.527078
[00:00:01] [worker #29] Bootstrap tree #158, logLikelihood: -895.916032
[00:00:01] [worker #13] Bootstrap tree #142, logLikelihood: -893.283479
[00:00:01] [worker #9] Bootstrap tree #170, logLikelihood: -850.146811
[00:00:01] [worker #10] Bootstrap tree #171, logLikelihood: -864.889148
[00:00:01] [worker #4] Bootstrap tree #165, logLikelihood: -850.385534
[00:00:01] [worker #16] Bootstrap tree #177, logLikelihood: -879.955110
[00:00:01] [worker #15] Bootstrap tree #176, logLikelihood: -844.046672
[00:00:01] [worker #24] Bootstrap tree #185, logLikelihood: -829.981046
[00:00:01] [worker #18] Bootstrap tree #179, logLikelihood: -888.192554
[00:00:01] [worker #19] Bootstrap tree #180, logLikelihood: -843.759513
[00:00:01] [worker #23] Bootstrap tree #184, logLikelihood: -860.763667
[00:00:01] [worker #5] Bootstrap tree #166, logLikelihood: -868.997054
[00:00:01] [worker #25] Bootstrap tree #186, logLikelihood: -853.710825
[00:00:01] [worker #7] Bootstrap tree #168, logLikelihood: -885.731564
[00:00:01] [worker #30] Bootstrap tree #191, logLikelihood: -889.823268
[00:00:01] [worker #17] Bootstrap tree #178, logLikelihood: -878.774483
[00:00:01] [worker #26] Bootstrap tree #187, logLikelihood: -866.603466
[00:00:01] [worker #3] Bootstrap tree #164, logLikelihood: -891.512636
[00:00:01] [worker #28] Bootstrap tree #189, logLikelihood: -859.254620
[00:00:01] [worker #31] Bootstrap tree #192, logLikelihood: -861.765728
[00:00:01] [worker #1] Bootstrap tree #162, logLikelihood: -807.875856
[00:00:01] [worker #8] Bootstrap tree #169, logLikelihood: -839.037260
[00:00:01] [worker #14] Bootstrap tree #175, logLikelihood: -917.377239
-890.867290[00:00:01] [worker #12] Bootstrap tree #173, logLikelihood: -819.212894
-890.867290[00:00:01] [worker #12] Bootstrap tree #173, logLikelihood: -819.212894

[00:00:01] [worker #2] Bootstrap tree #163, logLikelihood: -878.009666
[00:00:01] [worker #11] Bootstrap tree #172, logLikelihood: -863.647413
[00:00:01] [worker #0] Bootstrap tree #161, logLikelihood: -849.074258
[00:00:01] [worker #27] Bootstrap tree #188, logLikelihood: -930.873932
[00:00:01] [worker #13] Bootstrap tree #174, logLikelihood: -892.598776
[00:00:01] [worker #6] Bootstrap tree #167, logLikelihood: -878.567290
[00:00:01] [worker #29] Bootstrap tree #190, logLikelihood: -855.924591
[00:00:01] [worker #20] Bootstrap tree #181, logLikelihood: -907.685926
[00:00:01] [worker #1] Bootstrap tree #194, logLikelihood: -814.382658
[00:00:01] [worker #13] Bootstrap tree #206, logLikelihood: -872.551142
[worker #25] Bootstrap tree #218, logLikelihood: -860.066651
[00:00:01] [worker #22] Bootstrap tree #215, logLikelihood: -824.756144
[00:00:01] [worker #20] Bootstrap tree #213, logLikelihood: -908.985827
[00:00:01] [worker #30] Bootstrap tree #223, logLikelihood: -914.886515
[00:00:01] [worker #3] Bootstrap tree #196, logLikelihood: -807.452921
[00:00:01] [worker #18] Bootstrap tree #211, logLikelihood: -821.852496
[00:00:01] [worker #4] Bootstrap tree #197, logLikelihood: -866.125936
[00:00:01] [worker #9] Bootstrap tree #202, logLikelihood: -878.560963
[00:00:01] [worker #21] Bootstrap tree #214, logLikelihood: -882.559360
[00:00:01] [worker #16] Bootstrap tree #209, logLikelihood: -836.189387
[00:00:01] [worker #7] Bootstrap tree #200, logLikelihood: -916.291209
[00:00:01] [worker #11] Bootstrap tree #204, logLikelihood: -904.494972
[00:00:01] [worker #28] Bootstrap tree #221, logLikelihood: -861.453965
[00:00:01] [worker #31] Bootstrap tree #224, logLikelihood: -864.892003
[00:00:01] [worker #6] Bootstrap tree #199, logLikelihood: -803.242214
[00:00:01] [worker #24] Bootstrap tree #217, logLikelihood: -839.834229
[00:00:01] [worker #23] Bootstrap tree #216, logLikelihood: -859.757450
[00:00:01] [worker #10] Bootstrap tree #203, logLikelihood: -897.268643
[00:00:01] [worker #29] Bootstrap tree #222, logLikelihood: -832.241254
[00:00:01] [worker #15] Bootstrap tree #208, logLikelihood: -859.905911
[00:00:01] [worker #8] Bootstrap tree #201, logLikelihood: -864.531717
[00:00:01] [worker #26] Bootstrap tree #219, logLikelihood: -867.007255
[00:00:01] [worker #2] Bootstrap tree #195, logLikelihood: -870.176726
[00:00:01] [worker #5] Bootstrap tree #198, logLikelihood: -871.143825
[00:00:01] [worker #0] Bootstrap tree #193, logLikelihood: -832.854419
[00:00:01] [worker #19] Bootstrap tree #212, logLikelihood: -871.147793
[00:00:01] [worker #27] Bootstrap tree #220, logLikelihood: -860.861348
[00:00:01] [worker #17] Bootstrap tree #210, logLikelihood: -871.145828
[00:00:01] [worker #12] Bootstrap tree #205, logLikelihood: -928.803074
[00:00:01] [worker #14] Bootstrap tree #207, logLikelihood: -883.480381
[00:00:01] [worker #22] Bootstrap tree #247, logLikelihood: -851.687301
[00:00:01] [worker #20] Bootstrap tree #245, logLikelihood: -906.320810
[00:00:01] [worker #9] Bootstrap tree #234, logLikelihood: -870.653192
[00:00:01] [worker #1] Bootstrap tree #226, logLikelihood: -928.308085
[00:00:01] [worker #4] Bootstrap tree #229, logLikelihood: -842.842822
[00:00:01] [worker #3] Bootstrap tree #228, logLikelihood: -887.386464
[00:00:01] [worker #10] Bootstrap tree #235, logLikelihood: -864.457095
[00:00:01] [worker #18] Bootstrap tree #243, logLikelihood: -885.068356
[00:00:01] [worker #30] Bootstrap tree #255, logLikelihood: -865.613702
[00:00:01] [worker #25] Bootstrap tree #250, logLikelihood: -837.248565
[00:00:01] [worker #13] Bootstrap tree #238, logLikelihood: -863.866129
[00:00:01] [worker #21] Bootstrap tree #246, logLikelihood: -844.549130
[00:00:01] [worker #28] Bootstrap tree #253, logLikelihood: -814.416063
[00:00:01] [worker #7] Bootstrap tree #232, logLikelihood: -840.397670
[00:00:01] [worker #5] Bootstrap tree #230, logLikelihood: -884.361668
[00:00:01] [worker #11] Bootstrap tree #236, logLikelihood: -919.781558
[00:00:01] [worker #16] Bootstrap tree #241, logLikelihood: -910.555284
[00:00:01] [worker #24] Bootstrap tree #249, logLikelihood: -848.023368
[00:00:01] [worker #26] Bootstrap tree #251, logLikelihood: [00-842.487920:00:01] [worker #27] 
000:00:01] [worker #26] Bootstrap tree #251, logLikelihood: [00-842.487920:00:01] [worker #27] 
Bootstrap tree #252, logLikelihood: -829.696241
:00:01] [worker #29] Bootstrap tree #254, logLikelihood: -865.619629
[00:00:01] [worker #8] Bootstrap tree #233, logLikelihood: -870.873263
[00:00:01] [worker #6] Bootstrap tree #231, logLikelihood: -849.222564
[00:00:01] [worker #15] Bootstrap tree #240, logLikelihood: -850.736205
[00:00:01] [worker #23] Bootstrap tree #248, logLikelihood: -858.002921
[00:00:01] [worker #2] Bootstrap tree #227, logLikelihood: -883.071153[
-916.447762
[00:00:01] [worker #17] Bootstrap tree #242, logLikelihood: -886.866104
[00:00:01] [worker #14] Bootstrap tree #239, logLikelihood: -871.559708
[00:00:01] [worker #19] Bootstrap tree #244, logLikelihood: -860.719695
[00:00:01] [worker #12] Bootstrap tree #237, logLikelihood: -830.137735
[00:00:01] [worker #0] Bootstrap tree #225, logLikelihood: -900.136021
[00:00:02] [worker #12] Bootstrap tree #269, logLikelihood: -857.512475
[00:00:02] [worker #17] Bootstrap tree #274, logLikelihood: -822.105310
[00:00:02] [worker #30] Bootstrap tree #287, logLikelihood: -787.187759
[00:00:02] [worker #3] Bootstrap tree #260, logLikelihood: -884.604788
[00:00:02] [worker #22] Bootstrap tree #279, logLikelihood: -865.720691
[00:00:02] [worker #24] Bootstrap tree #281, logLikelihood: -842.846050
[00:00:02] [worker #21] Bootstrap tree #278, logLikelihood: -864.271942
[00:00:02] [worker #28] Bootstrap tree #285, logLikelihood: -877.999139
[00:00:02] [worker #25] Bootstrap tree #282, logLikelihood: -885.857066
[00:00:02] [worker #2] Bootstrap tree #259, logLikelihood: -868.626323
[00:00:02] [worker #9] Bootstrap tree #266, logLikelihood: -885.367967
[00:00:02] [worker #10] Bootstrap tree #267, logLikelihood: -876.748692
[00:00:02] [worker #23] Bootstrap tree #280, logLikelihood: -826.286453
[00:00:02] [worker #18] Bootstrap tree #275, logLikelihood: -892.028002[00
[00:00:02] [worker #18] Bootstrap tree #275, logLikelihood: -892.028002[00
:00:02] [worker #29] Bootstrap tree #286, logLikelihood: -929.903151
[00:00:02] [worker #15] Bootstrap tree #272, logLikelihood: -878.293050
[00:00:02] [worker #8] Bootstrap tree #265, logLikelihood: -869.631728
00:00:02] [worker #5] Bootstrap tree #262, logLikelihood: -864.277041
[00:00:02] [worker #27] Bootstrap tree #284, logLikelihood: -867.610303
00:00:02] [worker #20] Bootstrap tree #277, logLikelihood: -879.296527
[00:00:02] [worker #4] Bootstrap tree #261, logLikelihood: -859.197279
[00:00:02] [worker #11] Bootstrap tree #268, logLikelihood: -872.847070
[00:00:02] [worker #0] Bootstrap tree #257, logLikelihood: -813.191079
[00:00:02] [worker #7] Bootstrap tree #264, logLikelihood: -903.372653
[00:00:02] [worker #31] Bootstrap tree #288, logLikelihood: [00-829.001542:00:02] [worker #6] 
[00:00:02] [worker #31] Bootstrap tree #288, logLikelihood: [00-829.001542:00:02] [worker #6] 
Bootstrap tree #263, logLikelihood: -931.178662
[00:00:02] [worker #14] Bootstrap tree #271, logLikelihood: -883.274904
[00:00:02] [worker #26] Bootstrap tree #283, logLikelihood: -889.710025
[00:00:02] [worker #1] Bootstrap tree #258, logLikelihood: -869.882379
[00:00:02] [worker #19] Bootstrap tree #276, logLikelihood: -865.853714
[00:00:02] [worker #13] Bootstrap tree #270, logLikelihood: -854.061846
[00:00:02] [worker #16] Bootstrap tree #273, logLikelihood: -834.851403
[00:00:02] [worker #12] Bootstrap tree #301, logLikelihood: -866.135461
[00:00:02] [worker #17] Bootstrap tree #306, logLikelihood: -854.026345
[00:00:02] [worker #3] Bootstrap tree #292, logLikelihood: [-860.43303900
, logLikelihood: 

[00:00:02] [worker #22] Bootstrap tree #311, logLikelihood: -879.915756
[[00:00:02] [worker #18] Bootstrap tree #307, logLikelihood: -864.14066400
-860.651879
[00:00:02] [worker #24] Bootstrap tree #313, logLikelihood: -905.425180
[00:00:02] [worker #4] Bootstrap tree #293, logLikelihood: -872.582403
[00:00:02] [worker #25] Bootstrap tree #314, logLikelihood: -877.222846
[00:00:02] [worker #30] Bootstrap tree #319, logLikelihood: -864.880359
[00:00:02] [worker #28] Bootstrap tree #317, logLikelihood: -881.373278
[00:00:02] [worker #23] Bootstrap tree #312, logLikelihood: -876.342623
[00:00:02] [worker #15] Bootstrap tree #304, logLikelihood: -834.616965
[00:00:02] [worker #21] Bootstrap tree #310, logLikelihood: -858.556437
[00:00:02] [worker #27] Bootstrap tree #316, logLikelihood: -868.186602
[00:00:02] [worker #29] Bootstrap tree #318, logLikelihood: -876.138867
[00:00:02] [worker #8] Bootstrap tree #297, logLikelihood: -903.914205
[00:00:02] [worker #11] Bootstrap tree #300, logLikelihood: -909.321829
[00:00:02] [worker #16] Bootstrap tree #305, logLikelihood: -873.046094
[00:00:02] [worker #5] Bootstrap tree #294, logLikelihood: -901.421700
[00:00:02] [worker #14] Bootstrap tree #303, logLikelihood: -838.525338
[00:00:02] [worker #20] Bootstrap tree #309, logLikelihood: -894.523179
[00:00:02] [worker #6] Bootstrap tree #295, logLikelihood: -830.518001
[00:00:02] [worker #19] Bootstrap tree #308, logLikelihood: -823.751654[
-847.559730
[00:00:02] [worker #1] Bootstrap tree #290, logLikelihood: -896.201125
[00:00:02] [worker #7] Bootstrap tree #296, logLikelihood: -845.786113
[00:00:02] [worker #0] Bootstrap tree #289, logLikelihood: -877.620559
[00:00:02] [worker #13] Bootstrap tree #302, logLikelihood: -868.701966
[00:00:02] [worker #31] Bootstrap tree #320, logLikelihood: -873.265698
[00:00:02] [worker #12] Bootstrap tree #333, logLikelihood: -877.571841
[00:00:02] [worker #9] Bootstrap tree #330, logLikelihood: -906.406467
[00:00:02] [worker #11] Bootstrap tree #332, logLikelihood: [-844.777739
-888.583431
[00:00:02] [worker #17] Bootstrap tree #338, logLikelihood: -878.915848
[00:00:02] [worker #29] Bootstrap tree #350, logLikelihood: -868.354240
[00:00:02] [worker #3] Bootstrap tree #324, logLikelihood: -849.093018
[00:00:02] [worker #18] Bootstrap tree #339, logLikelihood: -897.127304
[00:00:02] [worker #10] Bootstrap tree #331, logLikelihood: -870.582587
[00:00:02] [worker #20] Bootstrap tree #341, logLikelihood: -857.851360
[00:00:02] [worker #21] Bootstrap tree #342, logLikelihood: -849.204745
[00:00:02] [worker #27] Bootstrap tree #348, logLikelihood: -855.462809
[00:00:02] [worker #13] Bootstrap tree #334, logLikelihood: -831.081218
[00:00:02] [worker #28] Bootstrap tree #349, logLikelihood: -915.493256
[00:00:02] [worker #1] Bootstrap tree #322, logLikelihood: -873.235889
[00:00:02] [worker #16] Bootstrap tree #337, logLikelihood: -862.162215
[00:00:02] [worker #4] Bootstrap tree #325, logLikelihood: -864.975211
[00:00:02] [worker #25] Bootstrap tree #346, logLikelihood: -858.639967
[00:00:02] [worker #19] Bootstrap tree #340, logLikelihood: -831.384447
[00:00:02] [worker #8] Bootstrap tree #329, logLikelihood: -833.851944
[[00:00:02] [worker #22] Bootstrap tree #343, logLikelihood: -861.295753
00:00:02] [worker #31] Bootstrap tree #352, logLikelihood: -840.195541
[00:00:02] [worker #0] Bootstrap tree #321, logLikelihood: -846.519154
[00:00:02] [worker #2] Bootstrap tree #323, logLikelihood: -914.764912
[00:00:02] [worker #23] Bootstrap tree #344, logLikelihood: -905.576619
[00:00:02] [worker #7] Bootstrap tree #328, logLikelihood: -826.764403
[00:00:02] [worker #6] Bootstrap tree #327, logLikelihood: -859.859109
[00:00:02] [worker #15] Bootstrap tree #336, logLikelihood: -928.056996
00:00:02] [worker #26] Bootstrap tree #347, logLikelihood: -872.847082
[00:00:02] [worker #5] Bootstrap tree #326, logLikelihood: -836.612754
[00:00:02] [worker #14] Bootstrap tree #335, logLikelihood: -872.704757
[00:00:02] [worker #30] Bootstrap tree #351, logLikelihood: -852.288882
[00:00:02] [worker #3] Bootstrap tree #356, logLikelihood: -847.819480
[00:00:02] [worker #17] Bootstrap tree #370, logLikelihood: -850.567873
[00:00:02] [worker #24] Bootstrap tree #377, logLikelihood: -881.527997
[00:00:02] [worker #9] Bootstrap tree #362, logLikelihood: -875.583653
[00:00:02] [worker #11] Bootstrap tree #364, logLikelihood: -898.466834
[00:00:02] [worker #18] Bootstrap tree #371, logLikelihood: -899.964129
-899.656260[00:00:02] [worker #12] Bootstrap tree #365, logLikelihood: 
-899.656260[00:00:02] [worker #12] Bootstrap tree #365, logLikelihood: 
-849.537802
[00:00:02] [worker #29] Bootstrap tree #382, logLikelihood: -848.260142
[00:00:02] [worker #10] Bootstrap tree #363, logLikelihood: -826.122614
[00:00:02] [worker #13] Bootstrap tree #366, logLikelihood: -814.724169
[00:00:02] [worker #2] Bootstrap tree #355, logLikelihood: -897.209563
[00:00:02] [worker #20] Bootstrap tree #373, logLikelihood: -908.728232
[00:00:02] [worker #4] Bootstrap tree #357, logLikelihood: -871.360581
[00:00:02] [worker #21] Bootstrap tree #374, logLikelihood: -890.990115
[00:00:02] [worker #28] Bootstrap tree #381, logLikelihood: -852.481936
[00:00:02] [worker #5] Bootstrap tree #358, logLikelihood: -894.724745
[00:00:02] [worker #30] Bootstrap tree #383, logLikelihood: -854.228307
[00:00:02] [worker #23] Bootstrap tree #376, logLikelihood: -900.149838
[00:00:02] [worker #0] Bootstrap tree #353, logLikelihood: -918.734955
[00:00:02] [worker #7] Bootstrap tree #360, logLikelihood: -850.985944
[00:00:02] [worker #19] Bootstrap tree #372, logLikelihood: -880.296795
[00:00:02] [worker #25] Bootstrap tree #378, logLikelihood: -887.714571
[00:00:02] [worker #26] Bootstrap tree #379, logLikelihood: -872.387244
[00:00:02] [worker #15] Bootstrap tree #368, logLikelihood: -868.484395
[00:00:02] [worker #16] Bootstrap tree #369, logLikelihood: -898.164575
[00:00:03] [worker #1] Bootstrap tree #354, logLikelihood: -848.289133
[00:00:03] [worker #6] Bootstrap tree #359, logLikelihood: -810.003359
[00:00:03] [worker #22] Bootstrap tree #375, logLikelihood: -854.441878
[00:00:03] [worker #8] Bootstrap tree #361, logLikelihood: -904.240723
[00:00:03] [worker #31] Bootstrap tree #384, logLikelihood: -867.446807
[00:00:03] [worker #14] Bootstrap tree #367, logLikelihood: -866.941100
[00:00:03] [worker #9] Bootstrap tree #394, logLikelihood: -834.792444
[00:00:03] [worker #2] Bootstrap tree #387, logLikelihood: -833.777873
00:00:03] [worker #14] Bootstrap tree #399, logLikelihood: -830.750455
[00:00:03] [worker #5] Bootstrap tree #390, logLikelihood: -828.473122
[00:00:03] [worker #26] Bootstrap tree #411, logLikelihood: -819.863241
[00:00:03] [worker #3] Bootstrap tree #388, logLikelihood: -829.107076
[00:00:03] [worker #31] Bootstrap tree #416, logLikelihood: -851.130665
[00:00:03] [worker #1] Bootstrap tree #386, logLikelihood: -848.254649
[00:00:03] [worker #27] Bootstrap tree #412, logLikelihood: -832.590703
[00:00:03] [worker #21] Bootstrap tree #406, logLikelihood: -832.080351
[00:00:03] [worker #15] Bootstrap tree #400, logLikelihood: -905.697538
[00:00:03] [worker #18] Bootstrap tree #403, logLikelihood: -859.757558
[00:00:03] [worker #4] Bootstrap tree #389, logLikelihood: -825.993362
[00:00:03] [worker #28] Bootstrap tree #413, logLikelihood: -849.628272
[00:00:03] [worker #10] Bootstrap tree #395, logLikelihood: -916.038737
[00:00:03] [worker #30] Bootstrap tree #415, logLikelihood: -891.686593
[00:00:03] [worker #13] Bootstrap tree #398, logLikelihood: -847.071698
[00:00:03] [worker #6] Bootstrap tree #391, logLikelihood: -853.048408
[00:00:03] [worker #29] Bootstrap tree #414, logLikelihood: -878.208376
[00:00:03] [worker #17] Bootstrap tree #402, logLikelihood: -865.234925
[00:00:03] [worker #12] Bootstrap tree #397, logLikelihood: -848.159383
[00:00:03] [worker #7] Bootstrap tree #392, logLikelihood: -877.627757
[00:00:03] [worker #24] Bootstrap tree #409, logLikelihood: -936.503426
[00:00:03] [worker #0] Bootstrap tree #385, logLikelihood: -893.860797
[00:00:03] [worker #9] Bootstrap tree #426, logLikelihood: -862.923264
[00:00:03] [worker #19] Bootstrap tree #404, logLikelihood: -837.898534
[00:00:03] [worker #25] Bootstrap tree #410, logLikelihood: -888.139257
[00:00:03] [worker #11] Bootstrap tree #396, logLikelihood: -846.878020
[00:00:03] [worker #23] Bootstrap tree #408, logLikelihood: -890.201859
[00:00:03] [worker #8] Bootstrap tree #393, logLikelihood: -863.530668
[00:00:03] [worker #22] Bootstrap tree #407, logLikelihood: -845.477873
[00:00:03] [worker #16] Bootstrap tree #401, logLikelihood: -875.764467
[00:00:03] [worker #20] Bootstrap tree #405, logLikelihood: -866.940055
[00:00:03] [worker #20] Bootstrap tree #405, logLikelihood: -866.940055
[00:00:03] [worker #5] Bootstrap tree #422, logLikelihood: -868.917674
[00:00:03] [worker #18] Bootstrap tree #435, logLikelihood: -870.914787
[00:00:03] [worker #2] Bootstrap tree #419, logLikelihood: -889.399579
[00:00:03] [worker #31] Bootstrap tree #448, logLikelihood: -858.054963
[00:00:03] [worker #27] Bootstrap tree #444, logLikelihood: -836.583425
[00:00:03] [worker #28] Bootstrap tree #445, logLikelihood: -868.577207
[00:00:03] [worker #4] Bootstrap tree #421, logLikelihood: -890.438867
[00:00:03] [worker #21] Bootstrap tree #438, logLikelihood: -872.846626
[00:00:03] [worker #29] Bootstrap tree #446, logLikelihood: -865.086017
[00:00:03] [worker #15] Bootstrap tree #432, logLikelihood: -814.223444
[00:00:03] [worker #14] Bootstrap tree #431, logLikelihood: -872.846626
[00:00:03] [worker #10] Bootstrap tree #427, logLikelihood: -880.647214
[00:00:03] [worker #26] Bootstrap tree #443, logLikelihood: -854.164140
[00:00:03] [worker #30] Bootstrap tree #447, logLikelihood: -860.008359
[00:00:03] [worker #3] Bootstrap tree #420, logLikelihood: -891.988917
[00:00:03] [worker #7] Bootstrap tree #424, logLikelihood: -810.343905
[00:00:03] [worker #13] Bootstrap tree #430, logLikelihood: -907.434696
[00:00:03] [worker #1] Bootstrap tree #418, logLikelihood: -871.031243
[00:00:03] [worker #24] Bootstrap tree #441, logLikelihood: -874.754179
[00:00:03] [worker #17] Bootstrap tree #434, logLikelihood: -871.415419
[00:00:03] [worker #6] Bootstrap tree #423, logLikelihood: -840.983319
[00:00:03] [worker #19] Bootstrap tree #436, logLikelihood: -834.430080
[00:00:03] [worker #23] Bootstrap tree #440, logLikelihood: -829.074423
[00:00:03] [worker #12] Bootstrap tree #429, logLikelihood: -868.388774
[00:00:03] [worker #0] Bootstrap tree #417, logLikelihood: -921.526291
[00:00:03] [worker #25] Bootstrap tree #442, logLikelihood: -848.638535
[00:00:03] [worker #8] Bootstrap tree #425, logLikelihood: -851.905333
[00:00:03] [worker #11] Bootstrap tree #428, logLikelihood: -869.527469
[00:00:03] [worker #16] Bootstrap tree #433, logLikelihood: -865.901857
[00:00:03] [worker #22] Bootstrap tree #439, logLikelihood: -874.838364
[00:00:03] [worker #20] Bootstrap tree #437, logLikelihood: -833.495825
[00:00:04] [worker #27] Bootstrap tree #476, logLikelihood: -823.437458
[00:00:04] [worker #11] Bootstrap tree #460, logLikelihood: -836.071270
[00:00:04] [worker #5] Bootstrap tree #454, logLikelihood: -861.282188
[00:00:04] [worker #24] Bootstrap tree #473, logLikelihood: -875.827159
[00:00:04] [worker #13] Bootstrap tree #462, logLikelihood: -817.743886
[00:00:04] [worker #18] Bootstrap tree #467, logLikelihood: -825.915353
[00:00:04] [worker #28] Bootstrap tree #477, logLikelihood: -859.089321
[00:00:04] [worker #7] Bootstrap tree #456, logLikelihood: -931.945630
[00:00:04] [worker #20] Bootstrap tree #469, logLikelihood: -883.980598
[00:00:04] [worker #14] Bootstrap tree #463, logLikelihood: -898.676544
[00:00:04] [worker #23] Bootstrap tree #472, logLikelihood: -880.429580
[00:00:04] [worker #30] Bootstrap tree #479, logLikelihood: -900.378349
[00:00:04] [worker #12] Bootstrap tree #461, logLikelihood: -847.459658
[00:00:04] [worker #29] Bootstrap tree #478, logLikelihood: -913.610982
[00:00:04] [worker #9] Bootstrap tree #458, logLikelihood: -859.429630
[00:00:04] [worker #1] Bootstrap tree #450, logLikelihood: -869.040475
00:00:04] [worker #25] Bootstrap tree #474, logLikelihood: -891.132811
[00:00:04] [worker #21] Bootstrap tree #470, logLikelihood: -843.234804
[00:00:04] [worker #15] Bootstrap tree #464, logLikelihood: -915.948539
[00:00:04] [worker #31] Bootstrap tree #480, logLikelihood: -881.484001
[00:00:04] [worker #22] Bootstrap tree #471, logLikelihood: -858.690712
[00:00:04] [worker #2] Bootstrap tree #451, logLikelihood: -920.315477
[00:00:04] [worker #8] Bootstrap tree #457, logLikelihood: -864.792230
[00:00:04] [worker #10] Bootstrap tree #459, logLikelihood: -872.846632
[00:00:04] [worker #19] Bootstrap tree #468, logLikelihood: -913.908403
[00:00:04] [worker #3] Bootstrap tree #452, logLikelihood: -881.266840
[00:00:04] [worker #6] Bootstrap tree #455, logLikelihood: -922.939258
[00:00:04] [worker #0] Bootstrap tree #449, logLikelihood: -878.149352
[00:00:04] [worker #4] Bootstrap tree #453, logLikelihood: -836.364274
[00:00:04] [worker #17] Bootstrap tree #466, logLikelihood: -835.021982
[00:00:04] [worker #5] Bootstrap tree #486, logLikelihood: -906.538396
[00:00:04] [worker #26] Bootstrap tree #475, logLikelihood: -889.592301
[00:00:04] [worker #16] Bootstrap tree #465, logLikelihood: -875.627554
[00:00:04] [worker #27] Bootstrap tree #508, logLikelihood: -871.698504
[00:00:04] [worker #24] Bootstrap tree #505, logLikelihood: -889.076347
[00:00:04] [worker #18] Bootstrap tree #499, logLikelihood: -897.596548
[00:00:04] [worker #23] Bootstrap tree #504, logLikelihood: -881.431594
[00:00:04] [worker #30] Bootstrap tree #511, logLikelihood: -863.072815
[00:00:04] [worker #11] Bootstrap tree #492, logLikelihood: -881.462863
[00:00:04] [worker #1] Bootstrap tree #482, logLikelihood: -849.727618
[00:00:04] [worker #13] Bootstrap tree #494, logLikelihood: [-869.0485340:00:-849.121077
[00:00:04] [worker #7] Bootstrap tree #488, logLikelihood: -875.654974
[00:00:04] [worker #10] Bootstrap tree #491, logLikelihood: -878.541911
[worker #31] Bootstrap tree #512, logLikelihood: -792.864408
[00:00:04] [worker #28] Bootstrap tree #509, logLikelihood: -871.750184
[00:00:04] [worker #20] Bootstrap tree #501, logLikelihood: -884.064880
[00:00:04] [worker #9] Bootstrap tree #490, logLikelihood: -860.541570
[00:00:04] [worker #19] Bootstrap tree #500, logLikelihood: -862.526843
[00:00:04] [worker #12] Bootstrap tree #493, logLikelihood: -816.876402
[00:00:04] [worker #21] Bootstrap tree #502, logLikelihood: -873.464576
[00:00:04] [worker #16] Bootstrap tree #497, logLikelihood: -832.108287
[worker #14] Bootstrap tree #495, logLikelihood: -862.601415
[00:00:04] [worker #29] Bootstrap tree #510, logLikelihood: -856.601173
[00:00:04] [worker #15] Bootstrap tree #496, logLikelihood: -850.398281
[00:00:04] [worker #2] Bootstrap tree #483, logLikelihood: -829.407452
[00:00:04] [worker #3] Bootstrap tree #484, logLikelihood: -868.127937
[00:00:04] [worker #8] Bootstrap tree #489, logLikelihood: -856.002644
[00:00:04] [worker #6] Bootstrap tree #487, logLikelihood: -881.616285
[00:00:04] [worker #17] Bootstrap tree #498, logLikelihood: -869.212196
[00:00:04] [worker #22] Bootstrap tree #503, logLikelihood: -858.996276
[00:00:04] [worker #26] Bootstrap tree #507, logLikelihood: -890.571222
[00:00:04] [worker #4] Bootstrap tree #485, logLikelihood: -866.192712
[00:00:04] [worker #0] Bootstrap tree #481, logLikelihood: -842.160337
[00:00:04] [worker #5] Bootstrap tree #518, logLikelihood: -807.825809
[00:00:04] [worker #12] Bootstrap tree #525, logLikelihood: -862.696978
[00:00:04] [worker #1] Bootstrap tree #514, logLikelihood: -882.485897
[00:00:04] [worker #11] Bootstrap tree #524, logLikelihood: -868.337335
[00:00:04] [worker #4] Bootstrap tree #517, logLikelihood: -856.871384
[00:00:04] [worker #13] Bootstrap tree #526, logLikelihood: -856.202144
[00:00:04] [worker #27] Bootstrap tree #540, logLikelihood: -851.408347
[00:00:04] [worker #27] Bootstrap tree #540, logLikelihood: -851.408347
[00:00:04] [worker #15] Bootstrap tree #528, logLikelihood: -831.068660
[00:00:04] [worker #25] Bootstrap tree #538, logLikelihood: -922.193773
[00:00:04] [worker #23] Bootstrap tree #53600:00:04] [worker #29] Bootstrap tree #542, logLikelihood: -830.978193-889.612501
[00:00:04] [worker #23] Bootstrap tree #53600:00:04] [worker #29] Bootstrap tree #542, logLikelihood: -830.978193-889.612501
[
[00:00:04] [worker #23] Bootstrap tree #53600:00:04] [worker #29] Bootstrap tree #542, logLikelihood: -830.978193-889.612501
[
00:00:04] [worker #14] Bootstrap tree #527, logLikelihood: -863.460943
00:00:04] [worker #18] Bootstrap tree #531, logLikelihood: -869.507126
[00:00:04] [worker #9] Bootstrap tree #522, logLikelihood: -863.150204
[00:00:04] [worker #21] Bootstrap tree #534, logLikelihood: -843.142844
[00:04] [worker #22] Bootstrap tree #535, logLikelihood: -880.568915
[00:00:04] [worker #20] Bootstrap tree #533, logLikelihood: -912.320821
[00:00:04] [worker #8] Bootstrap tree #521, logLikelihood: -846.380278
[00:00:04] [worker #24] Bootstrap tree #537, logLikelihood: -853.226514
544, logLikelihood: -853.223252
[00:00:04] [worker #6] Bootstrap tree #519, logLikelihood: -836.036035
[00:00:04] [worker #19] Bootstrap tree #532, logLikelihood: -882.383866
[00:00:04] [worker #28] Bootstrap tree #541, logLikelihood: -842.715225
[00:00:04] [worker #16] Bootstrap tree #529, logLikelihood: -874.222574
[00:00:04] [worker #17] Bootstrap tree #530, logLikelihood: -880.602017
[00:00:04] [worker #30] Bootstrap tree #543, logLikelihood: -883.176190
[00:00:04] [worker #2] Bootstrap tree #515, logLikelihood: -872.876203[
-831.240251
[00:00:04] [worker #0] Bootstrap tree #513, logLikelihood: -870.048755
[00:00:04] [worker #7] Bootstrap tree #520, logLikelihood: -853.288048
00:00:04] [worker #26] Bootstrap tree #539, logLikelihood: -864.579760
[00:00:04] [worker #3] Bootstrap tree #516, logLikelihood: -878.282128
[00:00:04] [worker #5] Bootstrap tree #550, logLikelihood: -860.451167
[00:00:04] [worker #1] Bootstrap tree #546, logLikelihood: -902.861833
[00:00:04] [worker #13] Bootstrap tree #558, logLikelihood: -898.790754
[00:00:04] [worker #27] Bootstrap tree #572, logLikelihood: -870.715834
[00:00:04] [worker #15] Bootstrap tree #560, logLikelihood: -867.452483
[00:00:04] [worker #12] Bootstrap tree #557, logLikelihood: -877.607934
[00:00:04] [worker #11] Bootstrap tree #556, logLikelihood: -845.793464
[00:00:04] [worker #4] Bootstrap tree #549, logLikelihood: -852.886513
[00:00:04] [worker #18] Bootstrap tree #563, logLikelihood: [00:00:04] [worker #19] 
[00:00:04] [worker #18] Bootstrap tree #563, logLikelihood: [00:00:04] [worker #19] 
Bootstrap tree #564, logLikelihood: -827.076504
[00:00:04] [worker #24] Bootstrap tree #569, logLikelihood: -906.042107
[[00:00[:0400:00::04] [worker #9] :[worker #20] 04Bootstrap tree #554] Bootstrap tree #[worker #25] , logLikelihood: 
570::00[:0400:00::04] [worker #9] :[worker #20] 04Bootstrap tree #554] Bootstrap tree #[worker #25] , logLikelihood: 
[-879.88470300
, logLikelihood: [00:000:04:00:00:04] [worker #23] 04] [worker #7] Bootstrap tree #552, logLikelihood: -876.134873568] , logLikelihood: -, logLikelihood: [00:000:04:00:00:04] [worker #23] 04] [worker #7] Bootstrap tree #552, logLikelihood: -876.134873568] , logLikelihood: -899.372836[worker #17] Bootstrap tree #562
, logLikelihood: [00:000:04:00:00:04] [worker #23] 04] [worker #7] Bootstrap tree #552, logLikelihood: -876.134873568] , logLikelihood: -899.372836[worker #17] Bootstrap tree #562
-875.399928
, logLikelihood: [00:000:04:00:00:04] [worker #23] 04] [worker #7] Bootstrap tree #552, logLikelihood: -876.134873568] , logLikelihood: -899.372836[worker #17] Bootstrap tree #562
-875.399928
-823.609552
[00:00:04] [worker #22] Bootstrap tree #567, logLikelihood: -854.401294
[00:00:04] [worker #21] Bootstrap tree #566, logLikelihood: -872.846627
[00:00:04] [worker #16] Bootstrap tree #561, logLikelihood: -827.030839
[00:00:05] [worker #8] Bootstrap tree #553, logLikelihood: -865.521623
[00:00:05] [worker #31] Bootstrap tree #576, logLikelihood: -866.996651
[00:00:05] [worker #30] Bootstrap tree #575, logLikelihood: -889.912727
[00:00:05] [worker #10] Bootstrap tree #555, logLikelihood: -884.810919
[00:00:05] [worker #29] Bootstrap tree #574, logLikelihood: -898.957423
[00:00:05] [worker #28] Bootstrap tree #573, logLikelihood: -908.296880
[00:00:05] [worker #2] Bootstrap tree #547, logLikelihood: -823.738086
[00:00:05] [worker #6] Bootstrap tree #551, logLikelihood: -857.293159
[00:00:05] [worker #14] Bootstrap tree #559, logLikelihood: -880.741329
[00:00:05] [worker #3] Bootstrap tree #548, logLikelihood: -888.574282
[00:00:05] [worker #26] Bootstrap tree #571, logLikelihood: -879.440817
[00:00:05] [worker #0] Bootstrap tree #545, logLikelihood: -853.037298
[00:00:06] [worker #12] Bootstrap tree #589, logLikelihood: -830.552920
[00:00:06] [worker #31] Bootstrap tree #608, logLikelihood: -844.168595
[00:00:06] [worker #26] Bootstrap tree #603, logLikelihood: -889.016562
[00:00:06] [worker #21] Bootstrap tree #598, logLikelihood: -863.915529
[00:00:06] [worker #1] Bootstrap tree #578, logLikelihood: -873.021242
[[00:00:06] 0[worker #11] Bootstrap tree #588, logLikelihood: 00:06] [worker #8] Bootstrap tree #585, logLikelihood: -857.453086
[[00:00:06] 0[worker #11] Bootstrap tree #588, logLikelihood: 00:06] [worker #8] Bootstrap tree #585, logLikelihood: -857.453086
-868.122766
[00:00:06] [worker #28] Bootstrap tree #605, logLikelihood: -822.802927
[00:00:06] [worker #24] Bootstrap tree #601, logLikelihood: -847.853953
[00:00:06] [worker #13] Bootstrap tree #590, logLikelihood: -832.444667
[00:00:06] [worker #22] Bootstrap tree #599, logLikelihood: -891.057412
[00:00:06] [worker #16] Bootstrap tree #593, logLikelihood: -905.957725
[00:00:06] [worker #3] Bootstrap tree #580, logLikelihood: -859.527436
[00:00:06] [worker #23] Bootstrap tree #600, logLikelihood: -857.033199
[00:00:06] [worker #27] Bootstrap tree #604, logLikelihood: -888.288294
[00:00:06] [worker #10] Bootstrap tree #587, logLikelihood: -848.907985
[00:00:06] [worker #17] Bootstrap tree #594, logLikelihood: -877.281092
[00:00:06] [worker #25] Bootstrap tree #602, logLikelihood: -879.254630
06] [worker #15] Bootstrap tree #592, logLikelihood: -846.314387
[00:00:06] [worker #19] Bootstrap tree #596, logLikelihood: -866.486210
[00:00:06] [worker #5] Bootstrap tree #582, logLikelihood: -897.661220
[00:00:06] [worker #4] Bootstrap tree #581, logLikelihood: -876.315871
[00:00:06] [worker #18] Bootstrap tree #595, logLikelihood: -855.221160
[00:00:06] [worker #9] Bootstrap tree #586, logLikelihood: -870.090005
[00:00:06] [worker #2] Bootstrap tree #579, logLikelihood: -900.966972
[00:00:06] [worker #31] Bootstrap tree #640, logLikelihood: -877.985967
[00:00:06] [worker #12] Bootstrap tree #621, logLikelihood: -882.105458
[00:00:06] [worker #6] Bootstrap tree #583, logLikelihood: -922.493398
[00:00:06] [worker #14] Bootstrap tree #591, logLikelihood: -824.906410
[00:00:06] [worker #20] Bootstrap tree #597, logLikelihood: -878.452587
[00:00:06] [worker #29] Bootstrap tree #606, logLikelihood: -840.769302
[00:00:06] [worker #0] Bootstrap tree #577, logLikelihood: -891.747148
[00:00:06] [worker #30] Bootstrap tree #607, logLikelihood: -884.890491
[00:00:06] [worker #26] Bootstrap tree #635, logLikelihood: -824.914344
[00:00:06] [worker #28] Bootstrap tree #637, logLikelihood: -874.205042
[00:00:06] [worker #1] Bootstrap tree #610, logLikelihood: -892.963401
[00:00:06] [worker #13] Bootstrap tree #622, logLikelihood: -871.354720
-851.506960
[00:00:06] [worker #21] Bootstrap tree #630, logLikelihood: -879.604884
[00:00:06] [worker #24] Bootstrap tree #633, logLikelihood: -869.450662
[00:00:06] [worker #11] Bootstrap tree #620, logLikelihood: -860.233953
[00:00:06] [worker #22] Bootstrap tree #631, logLikelihood: -929.316830
[00:00:06] [worker #16] Bootstrap tree #625, logLikelihood: -885.792164
[00:00:06] [worker #23] Bootstrap tree #632, logLikelihood: -824.772151
[00:00:06] [worker #8] Bootstrap tree #617, logLikelihood: -886.345719
[00:00:06] [worker #7] Bootstrap tree #584, logLikelihood: -887.447092
[00:00:06] [worker #3] Bootstrap tree #612, logLikelihood: -887.146507
[00:00:06] [worker #17] Bootstrap tree #626, logLikelihood: -888.248077
[00:00:06] [worker #19] Bootstrap tree #628, logLikelihood: -882.530495
[00:00:06] [worker #15] Bootstrap tree #624, logLikelihood: -826.309264
[00:00:06] [worker #18] Bootstrap tree #627, logLikelihood: -858.368066
[00:00:06] [worker #25] Bootstrap tree #634, logLikelihood: -881.882565
[00:00:06] [worker #4] Bootstrap tree #613, logLikelihood: -870.235944
[00:00:06] [worker #9] Bootstrap tree #618, logLikelihood: -875.444480
[00:00:06] [worker #5] Bootstrap tree #614, logLikelihood: -872.847070
[00:00:06] [worker #14] Bootstrap tree #623, logLikelihood: -853.634183
[00:00:06] [worker #6] Bootstrap tree #615, logLikelihood: -866.418416
[00:00:06] [worker #2] Bootstrap tree #611, logLikelihood: -902.081047
[00:00:06] [worker #10] Bootstrap tree #619, logLikelihood: -878.200522
[00:00:06] [worker #29] Bootstrap tree #638, logLikelihood: -856.278726
[00:00:06] [worker #30] Bootstrap tree #639, logLikelihood: -868.252865
[00:00:06] [worker #20] Bootstrap tree #629, logLikelihood: -847.067491
[00:00:06] [worker #0] Bootstrap tree #609, logLikelihood: -832.942190
:06] [worker #7] Bootstrap tree #616, logLikelihood: -872.288388
[00:00:07] [worker #27] Bootstrap tree #668, logLikelihood: -863.862087
[00:00:07] [worker #1] Bootstrap tree #642, logLikelihood: -832.242195
[00:00:07] [worker #24] Bootstrap tree #665, logLikelihood: -841.580447
[00:00:07] [worker #12] Bootstrap tree #653, logLikelihood: -881.947194
[00:00:07] [worker #13] Bootstrap tree #654, logLikelihood: -913.687761
[00:00:07] [worker #22] Bootstrap tree #663, logLikelihood: -898.197701
[00:00:07] [worker #11] Bootstrap tree #652, logLikelihood: -868.208093
[00:00:07] [worker #19] Bootstrap tree #660, logLikelihood: -835.545367
[00:00:07] [worker #4] Bootstrap tree #645, logLikelihood: -869.969950
[00:00:07] [worker #16] Bootstrap tree #657, logLikelihood: -849.099456
-851.545818
[00:00:07] [worker #2] Bootstrap tree #643, logLikelihood: -863.923163
[00:00:07] [worker #18] Bootstrap tree #659, logLikelihood: -879.686433
[00:00:07] [worker #31] Bootstrap tree #672, logLikelihood: -867.612247
[00:00:07] [worker #25] Bootstrap tree #666, logLikelihood: -870.359426
[00:00:07] [worker #3] Bootstrap tree #644, logLikelihood: -881.464073
[00:00:07] [worker #8] Bootstrap tree #649, logLikelihood: -921.445213
[00:00:07] [worker #9] Bootstrap tree #650, logLikelihood: -897.836544
[00:00:07] [worker #5] Bootstrap tree #646, logLikelihood: -804.809303
[00:00:07] [worker #21] Bootstrap tree #662, logLikelihood: -895.157791
[00:00:07] [worker #15] Bootstrap tree #656, logLikelihood: -873.258443
[00:00:07] [worker #7] Bootstrap tree #648, logLikelihood: -876.056854
[00:00:07] [worker #28] Bootstrap tree #669, logLikelihood: -895.675180
[00:00:07] [worker #14] Bootstrap tree #655, logLikelihood: [-878.5787640:00:
-880.671252
[00:00:07] [worker #6] Bootstrap tree #647, logLikelihood: -846.685165
[00:00:07] [worker #17] Bootstrap tree #658, logLikelihood: -827.157678
[00:00:07] [worker #24] Bootstrap tree #697, logLikelihood: -855.774717
00:00:07] [worker #20] Bootstrap tree #661, logLikelihood: -868.712526
[00:00:07] [worker #29] Bootstrap tree #670, logLikelihood: -865.997969
[00:00:07] [worker #30] Bootstrap tree #671, logLikelihood: -884.841019
[00:00:07] [worker #10] Bootstrap tree #651, logLikelihood: -867.100831
[00:00:07] [worker #27] Bootstrap tree #700, logLikelihood: -846.231480
[00:00:07] [worker #0] Bootstrap tree #641, logLikelihood: -843.985943
[00:00:07] [worker #1] Bootstrap tree #674, logLikelihood: -878.005352
[00:00:07] [worker #18] Bootstrap tree #691, logLikelihood: -852.264193
[00:00:07] [worker #22] Bootstrap tree #695, logLikelihood: -904.854588
[00:00:07] [worker #12] Bootstrap tree #685, logLikelihood: -883.066201
[00:00:07] [worker #11] Bootstrap tree #684, logLikelihood: -902.048521
[worker #13] Bootstrap tree #686, logLikelihood: -854.707133
[00:00:07] [worker #16] Bootstrap tree #689, logLikelihood: -872.002016
[00:00:07] [worker #19] Bootstrap tree #692, logLikelihood: -889.939556
-858.620469
[00:00:07] [worker #15] Bootstrap tree #688, logLikelihood: -858.273606
[00:00:07] [worker #26] Bootstrap tree #699, logLikelihood: -866.467010
[00:00:07] [worker #4] Bootstrap tree #677, logLikelihood: -862.175751
[00:00:07] [worker #25] Bootstrap tree #698, logLikelihood: -888.867079
[00:00:07] [worker #7] Bootstrap tree #680, logLikelihood: -901.766017
[00:00:07] [worker #17] Bootstrap tree #690, logLikelihood: -856.676722
[00:00:07] [worker #9] Bootstrap tree #682, logLikelihood: -867.969440
[00:00:07] [worker #31] Bootstrap tree #704, logLikelihood: -888.283080
[00:00:07] [worker #28] Bootstrap tree #701, logLikelihood: -911.297192
[00:00:07] [worker #2] Bootstrap tree #675, logLikelihood: -915.850319
[00:00:07] [worker #20] Bootstrap tree #693, logLikelihood: -849.335831
[00:00:07] [worker #3] Bootstrap tree #676, logLikelihood: -895.758985
[00:00:07] [worker #8] Bootstrap tree #681, logLikelihood: -876.508986
[00:00:07] [worker #30] Bootstrap tree #703, logLikelihood: -842.303358
[00:00:07] [worker #21] Bootstrap tree #694, logLikelihood: -899.614037
[[00:00:07] [worker #10] Bootstrap tree #683, logLikelihood: :00:07] -891.749918[worker #29] 
-916.881607
[00:00:07] [worker #6] Bootstrap tree #679, logLikelihood: -809.506698
[00:00:07] [worker #23] Bootstrap tree #696, logLikelihood: -903.824125
[00:00:07] [worker #14] Bootstrap tree #687, logLikelihood: -873.257396
[00:00:07] [worker #0] Bootstrap tree #673, logLikelihood: -847.940650
[00:00:09] [worker #25] Bootstrap tree #730, logLikelihood: -870.897026
[00:00:09] [worker #31] Bootstrap tree #736, logLikelihood: -837.930873
[00:00:09] [worker #1] Bootstrap tree #706, logLikelihood: -881.167255
[00:00:09] [worker #27] Bootstrap tree #732, logLikelihood: -845.935021
[00:00:09] [worker #4] Bootstrap tree #709, logLikelihood: -835.243716
[00:00:09] [worker #11] Bootstrap tree #716, logLikelihood: -858.446199
[00:00:09] [worker #8] Bootstrap tree #713, logLikelihood: -977.690184
[00:00:09] [worker #2] Bootstrap tree #707, logLikelihood: -890.030522
[00:00:09] [worker #5] Bootstrap tree #710, logLikelihood: -834.919231
[00:00:09] [worker #22] Bootstrap tree #727, logLikelihood: -869.825478
00:00:09] [worker #9] Bootstrap tree #714, logLikelihood: -842.079563
[00:00:09] [worker #26] Bootstrap tree #731, logLikelihood: -930.569532
[00:00:09] [worker #17] Bootstrap tree #722, logLikelihood: -886.945425
[00:00:09] [worker #12] Bootstrap tree #717, logLikelihood: -830.331625
[00:00:09] [worker #7] Bootstrap tree #712, logLikelihood: -826.717708
[00:00:09] [worker #10] Bootstrap tree #715, logLikelihood: -844.763037
[00:00:09] [worker #21] Bootstrap tree #726, logLikelihood: -872.846626
[00:00:09] [worker #30] Bootstrap tree #735, logLikelihood: -870.391725
[00:00:09] [worker #6] Bootstrap tree #711, logLikelihood: -857.272067
[00:00:09] [worker #3] Bootstrap tree #708, logLikelihood: -858.020482
[00:00:09] [worker #16] Bootstrap tree #721, logLikelihood: -870.553248
[00:00:09] [worker #18] Bootstrap tree #723, logLikelihood: -858.465104
[00:00:09] [worker #28] Bootstrap tree #733, logLikelihood: -870.511924
[00:00:09] [worker #29] Bootstrap tree #734, logLikelihood: -859.015000
[00:00:09] [worker #15] Bootstrap tree #720, logLikelihood: -861.845675
[00:00:09] [worker #23] Bootstrap tree #728, logLikelihood: -837.229598
[00:00:09] [worker #24] Bootstrap tree #729, logLikelihood: -934.908160
[00:00:09] [worker #24] Bootstrap tree #729, logLikelihood: -934.908160
[00:00:09] [worker #14] Bootstrap tree #719, logLikelihood: -882.552980
[00:00:09] [worker #24] Bootstrap tree #729, logLikelihood: -934.908160
[00:00:09] [worker #14] Bootstrap tree #719, logLikelihood: -882.552980
[00:00:09] [worker #13] Bootstrap tree #718, logLikelihood: -864.182949
[00:00:09] [worker #2] Bootstrap tree #739, logLikelihood: -868.690004
[00:00:09] [worker #31] Bootstrap tree #768, logLikelihood: -889.207528
[00:00:09] [worker #0] Bootstrap tree #705, logLikelihood: -861.226424
[00:00:09] [worker #4] Bootstrap tree #741, logLikelihood: -872.847081
[00:00:09] [worker #25] Bootstrap tree #762, logLikelihood: -908.413032
[00:00:09] [worker #22] Bootstrap tree #759, logLikelihood: -864.618238
[00:00:09] [worker #20] Bootstrap tree #725, logLikelihood: -916.451970
[00:00:09] [worker #19] Bootstrap tree #724, logLikelihood: -837.215835
[00:00:09] [worker #27] Bootstrap tree #764, logLikelihood: -853.271988
[00:00:09] [worker #1] Bootstrap tree #738, logLikelihood: -867.385965
[00:00:09] [worker #17] Bootstrap tree #754, logLikelihood: -867.059701
[00:00:09] [worker #9] Bootstrap tree #746, logLikelihood: -847.016695
[00:00:09] [worker #5] Bootstrap tree #742, logLikelihood: [00:00:09] -878.083014[worker #16] Bootstrap tree #753, logLikelihood: 
[00:00:09] [worker #5] Bootstrap tree #742, logLikelihood: [00:00:09] -878.083014[worker #16] Bootstrap tree #753, logLikelihood: 
-850.154043
[[00:000:09] :[worker #28] Bootstrap tree #765:, logLikelihood: 09] [worker #11] Bootstrap tree #748, logLikelihood: -896.920658
[[00:000:09] :[worker #28] Bootstrap tree #765:, logLikelihood: 09] [worker #11] Bootstrap tree #748, logLikelihood: -896.920658
-852.692508
[00:00:09] [worker #18] Bootstrap tree #755, logLikelihood: -822.268795
[00:00:09] [worker #6] Bootstrap tree #743, logLikelihood: -861.217661
[00:00:09] [worker #12] Bootstrap tree #749, logLikelihood: -824.650111
[00:00:09] [worker #7] Bootstrap tree #744, logLikelihood: -880.328043
[00:00:09] [worker #29] Bootstrap tree #766, logLikelihood: -862.675244
[00:00:09] [worker #21] Bootstrap tree #758, logLikelihood: -858.859183
[00:00:09] [worker #30] Bootstrap tree #767, logLikelihood: -869.340474
[00:00:09] [worker #3] Bootstrap tree #740, logLikelihood: -877.222854
[00:00:09] [worker #10] Bootstrap tree #747, logLikelihood: -873.969452
[00:00:09] [worker #13] Bootstrap tree #750, logLikelihood: -829.660003
[00:00:09] [worker #26] Bootstrap tree #763, logLikelihood: -819.583364
[00:00:09] [worker #8] Bootstrap tree #745, logLikelihood: -872.846626
[00:00:09] [worker #23] Bootstrap tree #760, logLikelihood: -827.651334
[00:00:09] [worker #24] Bootstrap tree #761, logLikelihood: -912.691300
[00:00:09] [worker #15] Bootstrap tree #752, logLikelihood: -848.474065
[00:00:09] [worker #14] Bootstrap tree #751, logLikelihood: -877.111798
[00:00:09] [worker #20] Bootstrap tree #757, logLikelihood: -836.728893
[00:00:09] [worker #19] Bootstrap tree #756, logLikelihood: -842.576793
[00:00:09] [worker #0] Bootstrap tree #737, logLikelihood: -867.035673
[00:00:10] [worker #20] Bootstrap tree #789, logLikelihood: -879.647827
[00:00:10] [worker #9] Bootstrap tree #778, logLikelihood: -862.688998
[00:00:10] [worker #8] Bootstrap tree #777, logLikelihood: -874.384467
[00:00:10] [worker #18] Bootstrap tree #787, logLikelihood: -900.616908
[00:00:10] [worker #3] Bootstrap tree #772, logLikelihood: -840.163187
[00:00:10] [worker #17] Bootstrap tree #786, logLikelihood: -913.457095
[00:00:10] [worker #14] Bootstrap tree #783, logLikelihood: -851.034234
[00:00:10] [worker #21] Bootstrap tree #790, logLikelihood: -842.250494
[00:00:10] [worker #28] Bootstrap tree #797, logLikelihood: -835.795303
00:00:10] [worker #15] Bootstrap tree #784, logLikelihood: -823.720466
[00:00:10] [worker #24] Bootstrap tree #793, logLikelihood: -911.113262
[00:00:10] [worker #29] Bootstrap tree #798, logLikelihood: -948.090020
[00:00:10] [worker #2] Bootstrap tree #771, logLikelihood: -838.080319
[00:00:10] [worker #16] Bootstrap tree #785, logLikelihood: -894.709782
[00:00:10] [worker #4] Bootstrap tree #773, logLikelihood: -847.704421
[00:00:10] [worker #22] Bootstrap tree #791, logLikelihood: -916.423879
[00:00:10] [worker #25] Bootstrap tree #794, logLikelihood: -869.096029
[00:00:10] [worker #19] Bootstrap tree #788, logLikelihood: -858.105366
[00:00:10] [worker #5] Bootstrap tree #774, logLikelihood: -825.779985
[00:00:10] [worker #31] Bootstrap tree #800, logLikelihood: -825.198992
[00:00:10] [worker #13] Bootstrap tree #782, logLikelihood: -893.001252
[00:00:10] [worker #23] Bootstrap tree #792, logLikelihood: -876.120315
[00:00:10] [worker #6] Bootstrap tree #775, logLikelihood: -907.073766
[00:00:10] [worker #12] Bootstrap tree #781, logLikelihood: -903.400303
[00:00:10] [worker #26] Bootstrap tree #795, logLikelihood: -836.151451
[00:00:10] [worker #8] Bootstrap tree #809, logLikelihood: -838.048298
[00:00:10] [worker #20] Bootstrap tree #821, logLikelihood: -863.014388
[00:00:10] [worker #7] Bootstrap tree #776, logLikelihood: -851.202415
[00:00:10] [worker #21] Bootstrap tree #822, logLikelihood: -876.118017
[00:00:10] [worker #9] Bootstrap tree #810, logLikelihood: -856.602448
[00:00:10] [worker #14] Bootstrap tree #815, logLikelihood: -862.882786
[00:00:10] [worker #24] Bootstrap tree #825, logLikelihood: -899.397070
[00:00:10] [worker #1] Bootstrap tree #770, logLikelihood: -857.919540
[00:00:10] [worker #11] Bootstrap tree #780, logLikelihood: -892.665038
[00:00:10] [worker #3] Bootstrap tree #804, logLikelihood: -840.722927
[00:00:10] [worker #17] Bootstrap tree #818, logLikelihood: -885.135881
[00:00:10] [worker #27] Bootstrap tree #796, logLikelihood: -862.569381
[00:00:10] [worker #18] Bootstrap tree #819, logLikelihood: -860.406304
[00:00:10] [worker #10] Bootstrap tree #779, logLikelihood: -857.054761
[00:00:10] [worker #30] Bootstrap tree #799, logLikelihood: -837.027957
[00:00:10] [worker #0] Bootstrap tree #769, logLikelihood: -915.763472
[00:00:10] [worker #29] Bootstrap tree #830, logLikelihood: -857.777087
[00:00:10] [worker #28] Bootstrap tree #829, logLikelihood: -825.232141
[00:00:10] [worker #16] Bootstrap tree #817, logLikelihood: -853.435371
[00:00:10] [worker #4] Bootstrap tree #805, logLikelihood: -871.331897
[00:00:10] [worker #6] Bootstrap tree #807, logLikelihood: -881.164103
[00:00:10] [worker #15] Bootstrap tree #816, logLikelihood: -906.270688
[00:00:10] [worker #31] Bootstrap tree #832, logLikelihood: -854.580399
[00:00:10] [worker #19] Bootstrap tree #820, logLikelihood: -806.506545
[00:00:10] [worker #25] Bootstrap tree #826, logLikelihood: -866.779148
[00:00:10] [worker #22] Bootstrap tree #823, logLikelihood: -862.573610
[00:00:10] [worker #2] Bootstrap tree #803, logLikelihood: -883.478858
[00:00:10] [worker #5] Bootstrap tree #806, logLikelihood: -839.888825
[00:00:10] [worker #23] Bootstrap tree #824, logLikelihood: -882.975557
[00:00:10] [worker #12] Bootstrap tree #813, logLikelihood: -843.434741
[00:00:10] [worker #13] Bootstrap tree #814, logLikelihood: -888.335064
[00:00:10] [worker #26] Bootstrap tree #827, logLikelihood: -850.119077
[00:00:10] [worker #30] Bootstrap tree #831, logLikelihood: -862.230139
[00:00:10] [worker #27] Bootstrap tree #828, logLikelihood: -863.455412
[00:00:10] [worker #1] Bootstrap tree #802, logLikelihood: -860.929769
[00:00:10] [worker #7] Bootstrap tree #808, logLikelihood: -897.783974
[00:00:10] [worker #11] Bootstrap tree #812, logLikelihood: -855.179772
[00:00:10] [worker #10] Bootstrap tree #811, logLikelihood: -874.419682
[00:00:10] [worker #0] Bootstrap tree #801, logLikelihood: -849.462540
[00:00:13] [worker #21] Bootstrap tree #854, logLikelihood: -838.423024
[00:00:13] [worker #30] Bootstrap tree #863, logLikelihood: -827.737310
[00:00:13] [worker #9] Bootstrap tree #842, logLikelihood: -860.162542
00:00:13] [worker #15] Bootstrap tree #848, logLikelihood: -837.411743
[00:00:13] [worker #13] Bootstrap tree #846, logLikelihood: -850.930613
[00:00:13] [worker #31] Bootstrap tree #864, logLikelihood: -920.011769
[00:00:13] [worker #4] Bootstrap tree #837, logLikelihood: -839.619752
[00:00:13] [worker #4] Bootstrap tree #837, logLikelihood: -839.619752
[00:00:13] [worker #5] Bootstrap tree #838, logLikelihood: -914.643641

[00:00:13] [worker #11] Bootstrap tree #844, logLikelihood: -822.296279
[00:00:13] [worker #22] Bootstrap tree #855, logLikelihood: -816.968956
[00:00:13] [worker #25] Bootstrap tree #858, logLikelihood: -858.989442
[00:00:13] [worker #14] Bootstrap tree #847, logLikelihood: -855.572351
[00:00:13] [worker #26] Bootstrap tree #859, logLikelihood: -891.359944
[00:00:13] [worker #27] Bootstrap tree #860, logLikelihood: -886.442479
[00:00:13] [worker #20] Bootstrap tree #853, logLikelihood: -890.879145
[00:00:13] [worker #2] Bootstrap tree #835, logLikelihood: -900.656544
[00:00:13] [worker #7] Bootstrap tree #840, logLikelihood: -869.318469
[00:00:13] [worker #8] Bootstrap tree #841, logLikelihood: -872.846626
[00:00:13] [worker #23] Bootstrap tree #856, logLikelihood: -860.711145
[00:00:13] [worker #1] Bootstrap tree #834, logLikelihood: -838.744780
[00:00:13] [worker #17] Bootstrap tree #850, logLikelihood: -868.769738
[00:00:13] [worker #3] Bootstrap tree #836, logLikelihood: -871.209456
[00:00:13] [worker #6] Bootstrap tree #839, logLikelihood: -846.821324
[00:00:13] [worker #18] Bootstrap tree #851, logLikelihood: -844.637131
[00:00:13] [worker #24] Bootstrap tree #857, logLikelihood: -895.009056
[00:00:13] [worker #19] Bootstrap tree #852, logLikelihood: -926.034617
[00:00:13] [worker #12] Bootstrap tree #845, logLikelihood: -856.385689
[00:00:13] [worker #10] Bootstrap tree #843, logLikelihood: -883.480915
[00:00:13] [worker #16] Bootstrap tree #849, logLikelihood: -893.516547
[00:00:13] [worker #28] Bootstrap tree #861, logLikelihood: -925.438144
[00:00:13] [worker #0] Bootstrap tree #833, logLikelihood: -883.311669
[00:00:13] [worker #21] Bootstrap tree #886, logLikelihood: -862.530747
[00:00:13] [worker #23] Bootstrap tree #888, logLikelihood: -836.528119
[00:00:13] [worker #9] Bootstrap tree #874, logLikelihood: -834.288770
[00:00:13] [worker #15] Bootstrap tree #880, logLikelihood: -922.627008
[00:00:13] [worker #17] Bootstrap tree #882, logLikelihood: -829.020719
[00:00:13] [worker #13] Bootstrap tree #878, logLikelihood: -888.397059
887, logLikelihood: -857.529122
[00:00:13] [worker #6] Bootstrap tree #871, logLikelihood: -886.321044
[00:00:13] [worker #27] Bootstrap tree #892, logLikelihood: -868.959485
[00:00:13] [worker #20] Bootstrap tree #885, logLikelihood: -877.173994
[00:00:13] [worker #5] Bootstrap tree #870, logLikelihood: -846.400800
[00:00:13] [worker #29] Bootstrap tree #894, logLikelihood: -874.334169
00:00:13] [worker #14] Bootstrap tree #879, logLikelihood: -851.122961
[00:00:13] [worker #16] Bootstrap tree #881, logLikelihood: -856.255586
[00:00:13] [worker #8] Bootstrap tree #873, logLikelihood: -853.671908
[00:00:13] [worker #4] Bootstrap tree #869, logLikelihood: -811.236155
[00:00:13] [worker #30] Bootstrap tree #895, logLikelihood: -861.963941
[00:00:13] [worker #12] Bootstrap tree #877, logLikelihood: -850.328389
[00:00:13] [worker #26] Bootstrap tree #891, logLikelihood: -873.545455
[00:00:13] [worker #3] Bootstrap tree #868, logLikelihood: -857.577436
[00:00:13] [worker #2] Bootstrap tree #867, logLikelihood: -873.315447
[[00:00:13] [worker #1] Bootstrap tree #866, logLikelihood: [00:00:13] [worker #25] Bootstrap tree #890, logLikelihood: -862.149362
-856.281546-888.099946
-856.281546-888.099946

[00:00:13] [worker #18] Bootstrap tree #883, logLikelihood: -856.255147
[00:00:13] [worker #10] Bootstrap tree #875, logLikelihood: -831.391086
[00:00:13] [worker #24] Bootstrap tree #889, logLikelihood: -916.748049
[00:00:13] [worker #19] Bootstrap tree #884, logLikelihood: -877.904817
[00:00:13] [worker #7] Bootstrap tree #872, logLikelihood: -876.272985
[00:00:13] [worker #11] Bootstrap tree #876, logLikelihood: -898.893638
[00:00:13] [worker #28] Bootstrap tree #893, logLikelihood: -866.433048
[00:00:13] [worker #0] Bootstrap tree #865, logLikelihood: -842.387678
[00:00:16] [worker #4] Bootstrap tree #901, logLikelihood: -879.699008
[00:00:16] [worker #1] Bootstrap tree #898, logLikelihood: -820.683191
[00:00:16] [worker #5] Bootstrap tree #902, logLikelihood: -858.324055
[00:00:16] [worker #17] Bootstrap tree #914, logLikelihood: -875.924081
[00:00:16] [worker #13] Bootstrap tree #910, logLikelihood: -869.499404
[00:00:16] [worker #29] Bootstrap tree #926, logLikelihood: -825.872024
[00:00:16] [worker #28] Bootstrap tree #925, logLikelihood: -847.551694
[00:00:16] [worker #14] Bootstrap tree #911, logLikelihood: -853.138025
[00:00:16] [worker #16] Bootstrap tree #913, logLikelihood: -822.795814
[00:00:16] [worker #22] Bootstrap tree #919, logLikelihood: -878.821252
[00:00:16] [worker #27] Bootstrap tree #924, logLikelihood: -881.209971
[00:00:16] [worker #11] Bootstrap tree #908, logLikelihood: -846.502307
[00:00:16] [worker #8] Bootstrap tree #905, logLikelihood: -870.187483
[00:00:16] [worker #19] Bootstrap tree #916, logLikelihood: -905.942181
[00:00:16] [worker #18] Bootstrap tree #915, logLikelihood: -900.472700
[00:00:16] [worker #15] Bootstrap tree #912, logLikelihood: -841.068648
[00:00:16] [worker #12] Bootstrap tree #909, logLikelihood: -889.918953
[00:00:16] [worker #3] Bootstrap tree #900, logLikelihood: -910.617011
[00:00:16] [worker #9] Bootstrap tree #906, logLikelihood: -876.130030
[00:00:16] [worker #25] Bootstrap tree #922, logLikelihood: -842.084246
[00:00:16] [worker #30] Bootstrap tree #927, logLikelihood: -882.167271
[00:00:16] [worker #7] Bootstrap tree #904, logLikelihood: -895.756883
[00:00:16] [worker #0] Bootstrap tree #897, logLikelihood: -853.976405
[00:00:16] [worker #6] Bootstrap tree #903, logLikelihood: -868.605702
[00:00:16] [worker #26] Bootstrap tree #923, logLikelihood: -847.545587
[00:00:16] [worker #20] Bootstrap tree #917, logLikelihood: -837.948644
[00:00:16] [worker #31] Bootstrap tree #928, logLikelihood: -859.576082
[00:00:16] [worker #23] Bootstrap tree #920, logLikelihood: -892.048329
[00:00:16] [worker #17] Bootstrap tree #946, logLikelihood: -836.410535
[00:00:16] [worker #4] Bootstrap tree #933, logLikelihood: -876.745314
00:00:16] [worker #29] Bootstrap tree #958, logLikelihood: -818.585230
[00:00:16] [worker #5] Bootstrap tree #934, logLikelihood: -859.268381
[00:00:16] [worker #24] Bootstrap tree #921, logLikelihood: -818.440847
[00:00:16] [worker #1] Bootstrap tree #930, logLikelihood: -861.118206
[00:00:16] [worker #10] Bootstrap tree #907, logLikelihood: -852.165888
[00:00:16] [worker #2] Bootstrap tree #899, logLikelihood: -867.015847
[00:00:16] [worker #11] Bootstrap tree #940, logLikelihood: -849.277753
[00:00:16] [worker #21] Bootstrap tree #918, logLikelihood: -896.422425
[00:00:16] [worker #22] Bootstrap tree #951, logLikelihood: -853.081321
[00:00:16] [worker #28] Bootstrap tree #957, logLikelihood: -882.072601
[00:00:16] [worker #13] Bootstrap tree #942, logLikelihood: -855.036482
[00:00:16] [worker #14] Bootstrap tree #943, logLikelihood: -829.651980
[00:00:16] [worker #31] Bootstrap tree #960, logLikelihood: -861.087740
[00:00:16] [worker #15] Bootstrap tree #944, logLikelihood: -857.303946
[00:00:16] [worker #25] Bootstrap tree #954, logLikelihood: -819.139749
[00:00:16] [worker #27] Bootstrap tree #956, logLikelihood: -851.566131
[00:00:17] [worker #8] Bootstrap tree #937, logLikelihood: -827.420104
[00:00:17] [worker #18] Bootstrap tree #947, logLikelihood: -894.127735
[00:00:17] [worker #26] Bootstrap tree #955, logLikelihood: -881.117754[
-882.708496
[00:00:17] [worker #6] Bootstrap tree #935, logLikelihood: -851.693428
[00:00:17] [worker #23] Bootstrap tree #952, logLikelihood: -860.485004
00:00:17] [worker #16] Bootstrap tree #945, logLikelihood: -893.925616
[00:00:17] [worker #30] Bootstrap tree #959, logLikelihood: -880.861368
[00:00:17] [worker #19] Bootstrap tree #948, logLikelihood: -894.206915
[00:00:17] [worker #9] Bootstrap tree #938, logLikelihood: -845.912399
[00:00:17] [worker #3] Bootstrap tree #932, logLikelihood: -872.846626
[00:00:17] [worker #20] Bootstrap tree #949, logLikelihood: -844.007074
[00:00:17] [worker #10] Bootstrap tree #939, logLikelihood: -907.873454
[00:00:17] [worker #0] Bootstrap tree #929, logLikelihood: -894.755005
[00:00:17] [worker #2] Bootstrap tree #931, logLikelihood: -882.991584
[00:00:17] [worker #7] Bootstrap tree #936, logLikelihood: -814.896153
[00:00:17] [worker #24] Bootstrap tree #953, logLikelihood: -896.276234
[00:00:17] [worker #21] Bootstrap tree #950, logLikelihood: -881.970579
[00:00:20] [worker #25] Bootstrap tree #986, logLikelihood: -840.660252
[00:00:20] [worker #28] Bootstrap tree #989, logLikelihood: -860.039808
[00:00:20] [worker #19] Bootstrap tree #980, logLikelihood: -882.116665
[00:00:20] [worker #15] Bootstrap tree #976, logLikelihood: -866.798301
[00:00:20] [worker #13] Bootstrap tree #974, logLikelihood: -856.993362
[00:00:20] [worker #8] Bootstrap tree #969, logLikelihood: -820.837472
[00:00:20] [worker #9] Bootstrap tree #970, logLikelihood: -906.596952
[00:00:20] [worker #12] Bootstrap tree #973, logLikelihood: -906.094187
[00:00:20] [worker #21] Bootstrap tree #982, logLikelihood: -907.790232
[00:00:20] [worker #23] Bootstrap tree #984, logLikelihood: -902.382682
[00:00:20] [worker #14] Bootstrap tree #975, logLikelihood: -872.847089
[00:00:20] [worker #24] Bootstrap tree #985, logLikelihood: -864.518644
[00:00:20] [worker #2] Bootstrap tree #963, logLikelihood: -877.707515
[00:00:20] [worker #5] Bootstrap tree #966, logLikelihood: -889.966733
[00:00:20] [worker #6] Bootstrap tree #967, logLikelihood: -897.479763
[00:00:20] [worker #4] Bootstrap tree #965, logLikelihood: -863.093281
[00:00:20] [worker #16] Bootstrap tree #977, logLikelihood: -846.101611
[00:00:20] [worker #1] Bootstrap tree #962, logLikelihood: -824.021915
[00:00:20] [worker #30] Bootstrap tree #991, logLikelihood: -844.709645
[00:00:20] [worker #29] Bootstrap tree #990, logLikelihood: -853.459136
[00:00:20] [worker #22] Bootstrap tree #983, logLikelihood: -888.277952
00[:00:20] [worker #17] Bootstrap tree #978, logLikelihood: -895.48548500
-861.571963
[00:00:20] [worker #20] Bootstrap tree #981, logLikelihood: -835.823726
[00:00:20] [worker #3] Bootstrap tree #964, logLikelihood: -842.970510
[00:00:20] [worker #10] Bootstrap tree #971, logLikelihood: -863.236854
[00:00:20] [worker #31] Bootstrap tree #992, logLikelihood: -936.335217
[00:00:20] [worker #27] Bootstrap tree #988, logLikelihood: -877.747879
[00:00:20] [worker #0] Bootstrap tree #961, logLikelihood: -891.410102
[00:00:20] [worker #18] Bootstrap tree #979, logLikelihood: -859.883117
[00:00:20] [worker #26] Bootstrap tree #987, logLikelihood: -860.031146
[00:00:20] [worker #7] Bootstrap tree #968, logLikelihood: -904.213734
[00:00:20] [worker #1] Bootstrap tree #994, logLikelihood: -864.261778
[00:00:20] [worker #4] Bootstrap tree #997, logLikelihood: -872.638308
[00:00:20] [worker #6] Bootstrap tree #999, logLikelihood: -858.945767
[00:00:20] [worker #2] Bootstrap tree #995, logLikelihood: -867.769652
[00:00:20] [worker #5] Bootstrap tree #998, logLikelihood: -898.440697
[00:00:20] [worker #3] Bootstrap tree #996, logLikelihood: -860.418030
[00:00:21] [worker #0] Bootstrap tree #993, logLikelihood: -899.627296
[00:00:21] [worker #7] Bootstrap tree #1000, logLikelihood: -855.103253

Optimized model parameters:

   Partition 0: noname
   Rate heterogeneity: GAMMA (4 cats, mean),  alpha: 0.020137 (ML),  weights&rates: (0.250000,0.000000) (0.250000,0.000000) (0.250000,0.000001) (0.250000,3.999999) 
   Base frequencies (ML): 0.384419 0.106385 0.098266 0.410930 
   Substitution rates (ML): 0.001000 1.416817 0.341863 0.001000 0.627213 1.000000 


Final LogLikelihood: -872.846625

AIC score: 1813.693251 / AICc score: 1817.513476 / BIC score: 1966.326219
Free parameters (model + branch lengths): 34

WARNING: Best ML tree contains 8 near-zero branches!

Best ML tree with collapsed near-zero branches saved to: /mnt/lustre/RDS-live/downing/LSDV/GTPV_SPPV/results_GTPV/LSDV024.raxml.bestTreeCollapsed
Best ML tree saved to: /mnt/lustre/RDS-live/downing/LSDV/GTPV_SPPV/results_GTPV/LSDV024.raxml.bestTree
All ML trees saved to: /mnt/lustre/RDS-live/downing/LSDV/GTPV_SPPV/results_GTPV/LSDV024.raxml.mlTrees
Best ML tree with Felsenstein bootstrap (FBP) support values saved to: /mnt/lustre/RDS-live/downing/LSDV/GTPV_SPPV/results_GTPV/LSDV024.raxml.supportFBP
Best ML tree with Transfer bootstrap (TBE) support values saved to: /mnt/lustre/RDS-live/downing/LSDV/GTPV_SPPV/results_GTPV/LSDV024.raxml.supportTBE
Optimized model saved to: /mnt/lustre/RDS-live/downing/LSDV/GTPV_SPPV/results_GTPV/LSDV024.raxml.bestModel
Bootstrap trees saved to: /mnt/lustre/RDS-live/downing/LSDV/GTPV_SPPV/results_GTPV/LSDV024.raxml.bootstraps

Execution log saved to: /mnt/lustre/RDS-live/downing/LSDV/GTPV_SPPV/results_GTPV/LSDV024.raxml.log

Analysis started: 24-Nov-2025 14:05:12 / finished: 24-Nov-2025 14:05:38

Elapsed time: 26.024 seconds

