
RAxML-NG v. 1.2.2 released on 11.04.2024 by The Exelixis Lab.
Developed by: Alexey M. Kozlov and Alexandros Stamatakis.
Contributors: Diego Darriba, Tomas Flouri, Benoit Morel, Sarah Lutteropp, Ben Bettisworth, Julia Haag, Anastasis Togkousidis.
Latest version: https://github.com/amkozlov/raxml-ng
Questions/problems/suggestions? Please visit: https://groups.google.com/forum/#!forum/raxml

System: AMD EPYC 7543P 32-Core Processor, 32 cores, 995 GB RAM

RAxML-NG was called at 24-Nov-2025 16:27:49 as follows:

raxml-ng --all --msa region_LSDV039.aln --model GTR+G --prefix LSDV039 --seed 123 --bs-metric fbp,tbe --redo

Analysis options:
  run mode: ML tree search + bootstrapping (Felsenstein Bootstrap + Transfer Bootstrap)
  start tree(s): random (10) + parsimony (10)
  bootstrap replicates: parsimony (max: 1000) + bootstopping (autoMRE, cutoff: 0.030000)
  random seed: 123
  tip-inner: OFF
  pattern compression: ON
  per-rate scalers: OFF
  site repeats: ON
  logLH epsilon: general: 10.000000, brlen-triplet: 1000.000000
  fast spr radius: AUTO
  spr subtree cutoff: 1.000000
  fast CLV updates: ON
  branch lengths: proportional (ML estimate, algorithm: NR-FAST)
  SIMD kernels: AVX2
  parallelization: coarse-grained (auto), PTHREADS (auto)

WARNING: Running in REDO mode: existing checkpoints are ignored, and all result files will be overwritten!

[00:00:00] Reading alignment from file: region_LSDV039.aln
[00:00:00] Loaded alignment with 30 taxa and 3033 sites

WARNING: Sequences PV167793.1 and MW167070.1 are exactly identical!
WARNING: Sequences PV167793.1 and MW020571.1 are exactly identical!
WARNING: Sequences PV167793.1 and AY077834.1 are exactly identical!
WARNING: Sequences PV434148.1 and PQ014465.1 are exactly identical!
WARNING: Sequences PV434148.1 and OQ434239.1 are exactly identical!
WARNING: Sequences PV434148.1 and OQ434238.1 are exactly identical!
WARNING: Sequences PV434148.1 and OQ434237.1 are exactly identical!
WARNING: Sequences PV434148.1 and OQ434235.1 are exactly identical!
WARNING: Sequences PV434148.1 and ON961657.1 are exactly identical!
WARNING: Sequences PV434148.1 and ON961656.1 are exactly identical!
WARNING: Sequences PV434148.1 and ON961655.1 are exactly identical!
WARNING: Sequences PV434148.1 and MN072631.1 are exactly identical!
WARNING: Sequences PV434148.1 and MN072630.1 are exactly identical!
WARNING: Sequences PV434148.1 and AY077833.1 are exactly identical!
WARNING: Sequences PP886239.1 and PP886238.1 are exactly identical!
WARNING: Sequences PP886239.1 and PP886237.1 are exactly identical!
WARNING: Sequences PP886239.1 and PP886236.1 are exactly identical!
WARNING: Sequences PP886239.1 and OR239060.1 are exactly identical!
WARNING: Sequences PP886239.1 and NC_004002.1 are exactly identical!
WARNING: Sequences PP886239.1 and MW167071.1 are exactly identical!
WARNING: Sequences PP886239.1 and AY077832.1 are exactly identical!
WARNING: Duplicate sequences found: 21

NOTE: Reduced alignment (with duplicates and gap-only sites/taxa removed) 
NOTE: was saved to: /mnt/lustre/RDS-live/downing/LSDV/GTPV_SPPV/results_SPPV/LSDV039.raxml.reduced.phy

Alignment comprises 1 partitions and 15 patterns

Partition 0: noname
Model: GTR+FO+G4m
Alignment sites / patterns: 3033 / 15
Gaps: 0.00 %
Invariant sites: 99.64 %


NOTE: Binary MSA file created: LSDV039.raxml.rba

Parallelization scheme autoconfig: 32 worker(s) x 1 thread(s)

[00:00:00] Generating 10 random starting tree(s) with 30 taxa
[00:00:00] Generating 10 parsimony starting tree(s) with 30 taxa
Parallel parsimony with 32 threads
Parallel reduction/worker buffer size: 1 KB  / 0 KB

[00:00:00] Data distribution: max. partitions/sites/weight per thread: 1 / 15 / 240
[00:00:00] Data distribution: max. searches per worker: 33

Starting ML tree search with 20 distinct starting trees

[00:00:00] [worker #11] ML tree search #12, logLikelihood: -3956.848043
[00:00:00] [worker #15] ML tree search #16, logLikelihood: -3956.848654
[00:00:00] [worker #19] ML tree search #20, logLikelihood: -3956.848041
[00:00:00] [worker #5] ML tree search #6, logLikelihood: -3956.848054
[00:00:00] [worker #12] ML tree search #13, logLikelihood: -3956.848043
[00:00:00] [worker #8] ML tree search #9, logLikelihood: -3956.848656
[00:00:00] [worker #10] ML tree search #11, logLikelihood: -3956.848655
[00:00:00] [worker #17] ML tree search #18, logLikelihood: -3956.848658
[00:00:00] [worker #18] ML tree search #19, logLikelihood: -3956.771760
[00:00:00] [worker #7] ML tree search #8, logLikelihood: -3956.771761
[00:00:00] [worker #6] ML tree search #7, logLikelihood: -3956.848676
[00:00:00] [worker #13] ML tree search #14, logLikelihood: -3956.771104
[00:00:00] [worker #16] ML tree search #17, logLikelihood: -3956.848658
[00:00:00] [worker #3] ML tree search #4, logLikelihood: -3956.771105
[00:00:00] [worker #14] ML tree search #15, logLikelihood: -3956.848043
[00:00:00] [worker #1] ML tree search #2, logLikelihood: -3956.848067
[00:00:00] [worker #9] ML tree search #10, logLikelihood: -3956.848060
[00:00:00] [worker #2] ML tree search #3, logLikelihood: -3956.771767
[00:00:00] [worker #4] ML tree search #5, logLikelihood: -3956.848660
[00:00:00] [worker #0] ML tree search #1, logLikelihood: -3956.848040

[00:00:00] ML tree search completed, best tree logLH: -3956.771104

[00:00:00] Starting bootstrapping analysis with 1000 replicates.

[00:00:00] [worker #17] Bootstrap tree #18, logLikelihood: -3921.244820
[00:00:00] [worker #25] Bootstrap tree #26, logLikelihood: -3936.099179
[00:00:00] [worker #24] Bootstrap tree #25, logLikelihood: -3908.112992
[00:00:00] [worker #27] Bootstrap tree #28, logLikelihood: -3938.941131
[00:00:00] [worker #21] Bootstrap tree #22, logLikelihood: -3909.104920
[00:00:00] [worker #20] Bootstrap tree #21, logLikelihood: -3995.889780
[00:00:00] [worker #29] Bootstrap tree #30, logLikelihood: -4023.877182
[00:00:00] [worker #7] Bootstrap tree #8, logLikelihood: -3948.367584
[00:00:00] [worker #2] Bootstrap tree #3, logLikelihood: -3979.062221
[00:00:00] [worker #23] Bootstrap tree #24, logLikelihood: -3924.401012
[00:00:00] [worker #12] Bootstrap tree #13, logLikelihood: -3963.846405
[00:00:00] [worker #18] Bootstrap tree #19, logLikelihood: -3945.024598
[00:00:00] [worker #15] Bootstrap tree #16, logLikelihood: -3963.127597
[00:00:00] [worker #28] Bootstrap tree #29, logLikelihood: -3892.075362
[00:00:00] [worker #11] Bootstrap tree #12, logLikelihood: -3950.369966
[00:00:00] [worker #22] Bootstrap tree #23, logLikelihood: -3981.750962
[00:00:00] [worker #10] Bootstrap tree #11, logLikelihood: -3914.195847
[00:00:00] [worker #1] Bootstrap tree #2, logLikelihood: -3962.592289
[00:00:00] [worker #19] Bootstrap tree #20, logLikelihood: -3887.318260
[00:00:00] [worker #6] Bootstrap tree #7, logLikelihood: -3913.389333
[00:00:00] [worker #26] Bootstrap tree #27, logLikelihood: -3908.858478
[00:00:00] [worker #8] Bootstrap tree #9, logLikelihood: -3888.737080
[00:00:00] [worker #9] Bootstrap tree #10, logLikelihood: -3993.955493
[00:00:00] [worker #3] Bootstrap tree #4, logLikelihood: -3970.199158
[00:00:00] [worker #30] Bootstrap tree #31, logLikelihood: -3924.706461
[00:00:00] [worker #13] Bootstrap tree #14, logLikelihood: -3955.452330
[00:00:00] [worker #16] Bootstrap tree #17, logLikelihood: -3908.395474
[00:00:00] [worker #31] Bootstrap tree #32, logLikelihood: -4000.097392
[00:00:00] [worker #14] Bootstrap tree #15, logLikelihood: -3920.616462
[00:00:00] [worker #4] Bootstrap tree #5, logLikelihood: -3975.214379
[00:00:00] [worker #25] Bootstrap tree #58, logLikelihood: -3969.006518
[00:00:00] [worker #24] Bootstrap tree #57, logLikelihood: -3929.470724
[00:00:00] [worker #17] Bootstrap tree #50, logLikelihood: -3951.026430
[00:00:00] [worker #20] Bootstrap tree #53, logLikelihood: -3967.491339
[00:00:00] [worker #15] Bootstrap tree #48, logLikelihood: -3883.484557
[00:00:00] [worker #11] Bootstrap tree #44, logLikelihood: -3875.283484
[00:00:00] [worker #28] Bootstrap tree #61, logLikelihood: -3810.131897
[00:00:00] [worker #0] Bootstrap tree #1, logLikelihood: -3935.878844
[00:00:00] [worker #22] Bootstrap tree #55, logLikelihood: -3916.103036
[00:00:00] [worker #12] Bootstrap tree #45, logLikelihood: -3997.337451
[00:00:00] [worker #5] Bootstrap tree #6, logLikelihood: -3932.238183
[00:00:00] [worker #7] Bootstrap tree #40, logLikelihood: -3944.929796
[00:00:00] [worker #21] Bootstrap tree #54, logLikelihood: -3973.786796
[00:00:00] [worker #2] Bootstrap tree #35, logLikelihood: -4019.710215
[00:00:00] [worker #23] Bootstrap tree #56, logLikelihood: -3983.986601
[00:00:00] [worker #29] Bootstrap tree #62, logLikelihood: -3912.313014
[00:00:00] [worker #19] Bootstrap tree #52, logLikelihood: -3951.058367
[00:00:00] [worker #10] Bootstrap tree #43, logLikelihood: -3950.250973
[00:00:00] [worker #9] Bootstrap tree #42, logLikelihood: -3918.294614
[00:00:00] [worker #6] Bootstrap tree #39, logLikelihood: -3991.331007
[00:00:00] [worker #18] Bootstrap tree #51, logLikelihood: -3976.340918
[00:00:00] [worker #27] Bootstrap tree #60, logLikelihood: -3937.918261
[00:00:00] [worker #1] Bootstrap tree #34, logLikelihood: -4009.389914
[00:00:00] [worker #13] Bootstrap tree #46, logLikelihood: -3985.946665
[00:00:01] [worker #31] Bootstrap tree #64, logLikelihood: -3956.897831
[00:00:01] [worker #8] Bootstrap tree #41, logLikelihood: -3904.704612
[00:00:01] [worker #30] Bootstrap tree #63, logLikelihood: -3921.186934
[00:00:01] [worker #26] Bootstrap tree #59, logLikelihood: -3963.650930
[00:00:01] [worker #14] Bootstrap tree #47, logLikelihood: -3956.288466
[00:00:01] [worker #3] Bootstrap tree #36, logLikelihood: -3976.918263
[00:00:01] [worker #16] Bootstrap tree #49, logLikelihood: -4008.273194
[00:00:01] [worker #5] Bootstrap tree #38, logLikelihood: -3909.609115
[00:00:01] [worker #0] Bootstrap tree #33, logLikelihood: -3904.071172
[00:00:01] [worker #4] Bootstrap tree #37, logLikelihood: -3929.169329
[00:00:02] [worker #27] Bootstrap tree #92, logLikelihood: -3885.036151
[00:00:02] [worker #9] Bootstrap tree #74, logLikelihood: -3888.636921
[00:00:02] [worker #15] Bootstrap tree #80, logLikelihood: -3950.371085
[00:00:02] [worker #12] Bootstrap tree #77, logLikelihood: -3938.282977
[00:00:02] [worker #31] Bootstrap tree #96, logLikelihood: -3953.029799
[00:00:02] [worker #26] Bootstrap tree #91, logLikelihood: -3892.181713
[00:00:02] [worker #3] Bootstrap tree #68, logLikelihood: -3907.679159
[00:00:02] [worker #28] Bootstrap tree #93, logLikelihood: -3925.010527
[00:00:02] [worker #18] Bootstrap tree #83, logLikelihood: -3973.802805
[00:00:02] [worker #13] Bootstrap tree #78, logLikelihood: -3993.656176
[00:00:02] [worker #6] Bootstrap tree #71, logLikelihood: -3999.348443
[00:00:02] [worker #29] Bootstrap tree #94, logLikelihood: -3946.510309
[00:00:02] [worker #4] Bootstrap tree #69, logLikelihood: -4012.747475
[00:00:02] [worker #23] Bootstrap tree #88, logLikelihood: -3922.435636
[00:00:02] [worker #7] Bootstrap tree #72, logLikelihood: -3969.401809
[00:00:02] [worker #24] Bootstrap tree #89, logLikelihood: -3927.818335
[00:00:02] [worker #16] Bootstrap tree #81, logLikelihood: -4021.073867
-3995.154460[
00:00:02] [worker #1] Bootstrap tree #66, logLikelihood: -3985.381487
[00:00:02] [worker #17] Bootstrap tree #82, logLikelihood: -3905.390354
[00:00:02] [worker #10] Bootstrap tree #75, logLikelihood: -3922.802920
[00:00:02] [worker #21] Bootstrap tree #86, logLikelihood: -4045.426847
[00:00:02] [worker #20] Bootstrap tree #85, logLikelihood: -3935.922587
[00:00:02] [worker #19] Bootstrap tree #84, logLikelihood: -4001.942006
[00:00:02] [worker #2] Bootstrap tree #67, logLikelihood: -3956.284424
[00:00:02] [worker #11] Bootstrap tree #76, logLikelihood: -3987.164043
[00:00:02] [worker #0] Bootstrap tree #65, logLikelihood: -3887.021979
[00:00:02] [worker #5] Bootstrap tree #70, logLikelihood: -3887.840710
[00:00:02] [worker #30] Bootstrap tree #95, logLikelihood: -3944.348585
[00:00:02] [worker #25] Bootstrap tree #90, logLikelihood: -3930.904023
[00:00:02] [worker #14] Bootstrap tree #79, logLikelihood: -3956.580173
[00:00:02] [worker #28] Bootstrap tree #125, logLikelihood: -3881.943438
[00:00:02] [worker #22] Bootstrap tree #87, logLikelihood: -3931.081151
[00:00:02] [worker #9] Bootstrap tree #106, logLikelihood: -3947.001124
[00:00:02] [worker #3] Bootstrap tree #100, logLikelihood: -3945.216590
[00:00:02] [worker #15] Bootstrap tree #112, logLikelihood: -3904.138826
[00:00:02] [worker #12] Bootstrap tree #109, logLikelihood: -3979.108081
[00:00:02] [worker #16] Bootstrap tree #113, logLikelihood: -3903.055385
[00:00:02] [worker #23] Bootstrap tree #120, logLikelihood: -3962.466559
[00:00:02] [worker #7] Bootstrap tree #104, logLikelihood: -3940.016970
00:00:02] [worker #27] Bootstrap tree #124, logLikelihood: -3962.400320
[00:00:02] [worker #13] Bootstrap tree #110, logLikelihood: -3871.384879
-3939.065837
[00:00:02] [worker #24] Bootstrap tree #121, logLikelihood: -3889.801284
[00:00:02] [worker #8] Bootstrap tree #105, logLikelihood: -3881.562698
[00:00:02] [worker #31] Bootstrap tree #128, logLikelihood: -3908.783240
[00:00:02] [worker #21] Bootstrap tree #118, logLikelihood: -3979.210556
[00:00:02] [worker #26] Bootstrap tree #123, logLikelihood: -3924.367777
[00:00:02] [worker #18] Bootstrap tree #115, logLikelihood: -4001.130439
[00:00:02] [worker #6] Bootstrap tree #103, logLikelihood: -4003.780876
[00:00:02] [worker #11] Bootstrap tree #108, logLikelihood: -3902.197428
[00:00:02] [worker #29] Bootstrap tree #126, logLikelihood: -3905.998047
[00:00:02] [worker #17] Bootstrap tree #114, logLikelihood: -3938.275289
[00:00:02] [worker #20] Bootstrap tree #117, logLikelihood: -3909.714681
[00:00:02] [worker #10] Bootstrap tree #107, logLikelihood: -3895.742816
[00:00:02] [worker #19] Bootstrap tree #116, logLikelihood: -3952.036575
[00:00:02] [worker #2] Bootstrap tree #99, logLikelihood: -3949.689463
[00:00:02] [worker #1] Bootstrap tree #98, logLikelihood: -4048.462689
[00:00:02] [worker #25] Bootstrap tree #122, logLikelihood: -3909.754629
[00:00:02] [worker #14] Bootstrap tree #111, logLikelihood: -3954.511353
[00:00:02] [worker #30] Bootstrap tree #127, logLikelihood: -3985.478600
[00:00:02] [worker #0] Bootstrap tree #97, logLikelihood: -3914.046767
[00:00:02] [worker #22] Bootstrap tree #119, logLikelihood: -4013.954592
[00:00:02] [worker #5] Bootstrap tree #102, logLikelihood: -4000.770655
[00:00:04] [worker #9] Bootstrap tree #138, logLikelihood: -3869.094885
[00:00:04] [worker #6] Bootstrap tree #135, logLikelihood: -3970.394069
[00:00:04] [worker #1] Bootstrap tree #130, logLikelihood: -3975.352344
[00:00:04] [worker #15] Bootstrap tree #144, logLikelihood: -3939.529806
[00:00:04] [worker #26] Bootstrap tree #155, logLikelihood: -3930.547217
[00:00:04] [worker #24] Bootstrap tree #153, logLikelihood: -3952.424924
[00:00:04] [worker #28] Bootstrap tree #157, logLikelihood: -3869.752870
[00:00:04] [worker #14] Bootstrap tree #143, logLikelihood: -3923.460487
[00:00:04] [worker #16] Bootstrap tree #145, logLikelihood: -3885.545988
[00:00:04] [worker #7] Bootstrap tree #136, logLikelihood: -3959.626721
[00:00:04] [worker #7] Bootstrap tree #136, logLikelihood: -3959.626721
[00:00:04] [worker #12] Bootstrap tree #141, logLikelihood: -4003.329749
[00:00:04] [worker #2] Bootstrap tree #131, logLikelihood: -3910.427766
[00:00:04] [worker #4] Bootstrap tree #133, logLikelihood: -3938.546814
[00:00:04] [worker #3] Bootstrap tree #132, logLikelihood: -3926.606446
[00:00:04] [worker #27] Bootstrap tree #156, logLikelihood: -3890.699922
[00:00:04] [worker #21] Bootstrap tree #150, logLikelihood: -3929.095980
[00:00:04] [worker #10] Bootstrap tree #139, logLikelihood: -3958.623088
[00:00:04] [worker #17] Bootstrap tree #146, logLikelihood: -3928.245838
[00:00:04] [worker #29] Bootstrap tree #158, logLikelihood: -3920.109412
[00:00:04] [worker #5] Bootstrap tree #134, logLikelihood: -3957.111773
[00:00:04] [worker #20] Bootstrap tree #149, logLikelihood: -4007.369157
[00:00:04] [worker #18] Bootstrap tree #147, logLikelihood: -3974.690941
[00:00:04] [worker #11] Bootstrap tree #140, logLikelihood: -3924.126304
[00:00:04] [worker #19] Bootstrap tree #148, logLikelihood: -3899.244901
[00:00:04] [worker #25] Bootstrap tree #154, logLikelihood: -3951.026371
[00:00:04] [worker #23] Bootstrap tree #152, logLikelihood: -3981.860334
[00:00:04] [worker #13] Bootstrap tree #142, logLikelihood: -3958.422205
[00:00:04] [worker #0] Bootstrap tree #129, logLikelihood: -3912.444680
[00:00:04] [worker #31] Bootstrap tree #160, logLikelihood: -4010.374383
[00:00:04] [worker #22] Bootstrap tree #151, logLikelihood: -3927.133483
[00:00:04] [worker #30] Bootstrap tree #159, logLikelihood: -3908.923990
[00:00:04] [worker #9] Bootstrap tree #170, logLikelihood: -3942.363084
[00:00:04] [worker #1] Bootstrap tree #162, logLikelihood: -3957.174842
[00:00:04] [worker #16] Bootstrap tree #177, logLikelihood: -4061.055668
[00:00:04] [worker #2] Bootstrap tree #163, logLikelihood: -3903.366444
[00:00:04] [worker #17] Bootstrap tree #178, logLikelihood: -3918.497016
[00:00:04] [worker #15] Bootstrap tree #176, logLikelihood: -3964.219566
[00:00:04] [worker #14] Bootstrap tree #175, logLikelihood: -3939.233994
[00:00:04] [worker #6] Bootstrap tree #167, logLikelihood: -3937.215687
[00:00:04] [worker #24] Bootstrap tree #185, logLikelihood: -3884.430301
[00:00:04] [worker #7] Bootstrap tree #168, logLikelihood: -3885.940768
[00:00:04] [worker #26] Bootstrap tree #187, logLikelihood: -3935.199299
[00:00:04] [worker #4] Bootstrap tree #165, logLikelihood: -3919.050829
[00:00:04] [worker #3] Bootstrap tree #164, logLikelihood: -3913.638419
[00:00:04] [worker #12] Bootstrap tree #173, logLikelihood: -3978.471870
[00:00:04] [worker #5] Bootstrap tree #166, logLikelihood: -3944.578636
[00:00:04] [worker #27] Bootstrap tree #188, logLikelihood: -3963.167467
[00:00:04] [worker #10] Bootstrap tree #171, logLikelihood: -3896.110518
[00:00:04] [worker #19] Bootstrap tree #180, logLikelihood: -3910.805346
[00:00:04] [worker #21] Bootstrap tree #182, logLikelihood: -3891.553364
[00:00:04] [worker #11] Bootstrap tree #172, logLikelihood: -3932.279195
[00:00:04] [worker #8] Bootstrap tree #137, logLikelihood: -3949.659872
[00:00:04] [worker #13] Bootstrap tree #174, logLikelihood: -3998.915104
[00:00:04] [worker #18] Bootstrap tree #179, logLikelihood: -3890.388542
[00:00:04] [worker #25] Bootstrap tree #186, logLikelihood: -3918.855653
[00:00:04] [worker #29] Bootstrap tree #190, logLikelihood: -3961.622422
[00:00:04] [worker #28] Bootstrap tree #189, logLikelihood: -4063.736604
[00:00:04] [worker #20] Bootstrap tree #181, logLikelihood: -3970.025865
[00:00:04] [worker #0] Bootstrap tree #161, logLikelihood: -3874.078554
[00:00:04] [worker #23] Bootstrap tree #184, logLikelihood: -3960.575951
[00:00:04] [worker #30] Bootstrap tree #191, logLikelihood: -3917.261211
[00:00:04] [worker #31] Bootstrap tree #192, logLikelihood: -3955.896777
[00:00:04] [worker #22] Bootstrap tree #183, logLikelihood: -3978.534046
[00:00:04] [worker #8] Bootstrap tree #169, logLikelihood: -3944.975235
[00:00:07] [worker #4] Bootstrap tree #197, logLikelihood: -3952.674993
[00:00:07] [worker #13] Bootstrap tree #206, logLikelihood: -3900.126823
[00:00:07] [worker #22] Bootstrap tree #215, logLikelihood: -3901.618086
[00:00:07] [worker #15] Bootstrap tree #208, logLikelihood: -3910.247206
[00:00:07] [worker #19] Bootstrap tree #212, logLikelihood: -3938.109896
[00:00:07] [worker #6] Bootstrap tree #199, logLikelihood: -3883.551765
[00:00:07] [worker #24] Bootstrap tree #217, logLikelihood: -3880.193260
[00:00:07] [worker #14] Bootstrap tree #207, logLikelihood: -3966.866992
[00:00:07] [worker #7] Bootstrap tree #200, logLikelihood: -3911.861615
[00:00:07] [worker #27] Bootstrap tree #220, logLikelihood: -3857.954671
[00:00:08] [worker #23] Bootstrap tree #216, logLikelihood: -3979.983582
[00:00:08] [worker #18] Bootstrap tree #211, logLikelihood: -3884.360878
[00:00:08] [worker #8] Bootstrap tree #201, logLikelihood: -3966.025329
[00:00:08] [worker #2] Bootstrap tree #195, logLikelihood: -3960.984113
[00:00:08] [worker #3] Bootstrap tree #196, logLikelihood: -3954.182988
[00:00:08] [worker #1] Bootstrap tree #194, logLikelihood: -3998.410308
[00:00:08] [worker #25] Bootstrap tree #218, logLikelihood: -3951.302340
[00:00:08] [worker #12] Bootstrap tree #205, logLikelihood: -4004.898195
[00:00:08] [worker #12] Bootstrap tree #205, logLikelihood: -4004.898195
[00:00:08] [worker #5] Bootstrap tree #198, logLikelihood: -3996.693433
[00:00:08] [worker #28] Bootstrap tree #221, logLikelihood: -3898.443710
[00:00:08] [worker #10] Bootstrap tree #203, logLikelihood: -3916.256880
[00:00:08] [worker #30] Bootstrap tree #223, logLikelihood: -4074.623118
[00:00:08] [worker #29] Bootstrap tree #222, logLikelihood: -3911.455503
[00:00:08] [worker #9] Bootstrap tree #202, logLikelihood: -3971.354630
[00:00:08] [worker #31] Bootstrap tree #224, logLikelihood: -3873.953589
[00:00:08] [worker #0] Bootstrap tree #193, logLikelihood: -3898.465812
[00:00:08] [worker #17] Bootstrap tree #210, logLikelihood: -3916.511028
[00:00:08] [worker #20] Bootstrap tree #213, logLikelihood: -3943.468832
[00:00:08] [worker #26] Bootstrap tree #219, logLikelihood: -4043.553088
[00:00:08] [worker #16] Bootstrap tree #209, logLikelihood: -3875.645858
[00:00:08] [worker #11] Bootstrap tree #204, logLikelihood: -3949.646522
[00:00:08] [worker #13] Bootstrap tree #238, logLikelihood: -3906.657226
[00:00:08] [worker #21] Bootstrap tree #214, logLikelihood: -3879.169435
[00:00:08] [worker #4] Bootstrap tree #229, logLikelihood: -4002.253424
[00:00:08] [worker #15] Bootstrap tree #240, logLikelihood: -4001.860012
[00:00:08] [worker #19] Bootstrap tree #244, logLikelihood: -3931.840970
[00:00:08] [worker #23] Bootstrap tree #248, logLikelihood: -3945.488953
[00:00:08] [worker #22] Bootstrap tree #247, logLikelihood: -3950.474251
[00:00:08] [worker #18] Bootstrap tree #243, logLikelihood: -3945.317020
[00:00:08] [worker #5] Bootstrap tree #230, logLikelihood: -4008.388994
[00:00:08] [worker #14] Bootstrap tree #239, logLikelihood: -3948.699289
[00:00:08] [worker #3] Bootstrap tree #228, logLikelihood: -3899.707201
[00:00:08] [worker #7] Bootstrap tree #232, logLikelihood: -3955.004472
[00:00:08] [worker #6] Bootstrap tree #231, logLikelihood: -3877.523328
[00:00:08] [worker #25] Bootstrap tree #250, logLikelihood: -3962.757628
[00:00:08] [worker #29] Bootstrap tree #254, logLikelihood: -3897.397961
[00:00:08] [worker #8] Bootstrap tree #233, logLikelihood: -3908.853294
[00:00:08] [worker #10] Bootstrap tree #235, logLikelihood: -3927.033227
[00:00:08] [worker #9] Bootstrap tree #234, logLikelihood: -3901.402574
[00:00:08] [worker #30] Bootstrap tree #255, logLikelihood: -3888.100483
[00:00:08] [work237, logLikelihood: -3954.462064
[00:00:08] [worker #28] Bootstrap tree #253, logLikelihood: -3918.244795
[00:00:08] [worker #2] Bootstrap tree #227, logLikelihood: -3945.999464
[00:00:08] [worker #27] Bootstrap tree #252, logLikelihood: -3937.421544
[00:00:08] [worker #24] Bootstrap tree #249, logLikelihood: -3969.461266
[00:00:08] [worker #1] Bootstrap tree #226, logLikelihood: -3889.832773
[00:00:08] [worker #26] Bootstrap tree #251, logLikelihood: -3916.953036
[00:00:08] [worker #31] Bootstrap tree #256, logLikelihood: -3943.812876
[00:00:08] [worker #11] Bootstrap tree #236, logLikelihood: -3995.191568
[00:00:08] [worker #0] Bootstrap tree #225, logLikelihood: -3937.373534
[00:00:08] [worker #21] Bootstrap tree #246, logLikelihood: -3928.541044
[00:00:08] [worker #17] Bootstrap tree #242, logLikelihood: -3940.450654
[00:00:08] [worker #20] Bootstrap tree #245, logLikelihood: -3936.289524
[00:00:08] [worker #16] Bootstrap tree #241, logLikelihood: -4037.172203
[00:00:13] [worker #23] Bootstrap tree #280, logLikelihood: -3883.460910
[00:00:13] [worker #1] Bootstrap tree #258, logLikelihood: -3894.373047
[00:00:13] [worker #20] Bootstrap tree #277, logLikelihood: -3878.280599
[00:00:13] [worker #12] Bootstrap tree #269, logLikelihood: -3943.142832
[00:00:13] [worker #29] Bootstrap tree #286, logLikelihood: -3968.828986
[00:00:13] [worker #4] Bootstrap tree #261, logLikelihood: -3904.554477
[00:00:13] [worker #11] Bootstrap tree #268, logLikelihood: -3992.377338
[00:00:13] [worker #26] Bootstrap tree #283, logLikelihood: -3921.032452
[00:00:13] [worker #19] Bootstrap tree #276, logLikelihood: -3909.470434
[00:00:13] [worker #27] Bootstrap tree #284, logLikelihood: -3853.432272
[00:00:13] [worker #24] Bootstrap tree #281, logLikelihood: -3931.041652
[00:00:13] [worker #5] Bootstrap tree #262, logLikelihood: -3999.996906
[00:00:13] [worker #9] Bootstrap tree #266, logLikelihood: -3900.118515
00:00:13] [worker #25] Bootstrap tree #282, logLikelihood: -3964.166719
[00:00:13] [worker #16] Bootstrap tree #273, logLikelihood: -3940.778216
[00:00:13] [worker #14] Bootstrap tree #271, logLikelihood: -3964.821079
[00:00:13] [worker #30] Bootstrap tree #287, logLikelihood: -3939.965241
[00:00:13] [worker #22] Bootstrap tree #279, logLikelihood: -3905.643101
[00:00:13] [worker #28] Bootstrap tree #285, logLikelihood: -3948.682829
[00:00:13] [worker #3] Bootstrap tree #260, logLikelihood: -3922.910999
[00:00:13] [worker #10] Bootstrap tree #267, logLikelihood: -3960.271678
[00:00:13] [worker #17] Bootstrap tree #274, logLikelihood: -3883.956385
[00:00:13] [worker #6] Bootstrap tree #263, logLikelihood: -3931.154150
[00:00:13] [worker #2] Bootstrap tree #259, logLikelihood: -3942.129742
[00:00:13] [worker #21] Bootstrap tree #278, logLikelihood: -4001.197970
[00:00:13] [worker #8] Bootstrap tree #265, logLikelihood: -3980.354088
[00:00:13] [worker #15] Bootstrap tree #272, logLikelihood: -3964.333302
[00:00:13] [worker #13] Bootstrap tree #270, logLikelihood: -4015.170481
[00:00:13] [worker #18] Bootstrap tree #275, logLikelihood: -3944.133554
[00:00:13] [worker #0] Bootstrap tree #257, logLikelihood: -3940.398655
[00:00:13] [worker #7] Bootstrap tree #264, logLikelihood: -3998.359373
[00:00:13] [worker #23] Bootstrap tree #312, logLikelihood: -3945.324658
[00:00:13] [worker #31] Bootstrap tree #288, logLikelihood: -3994.531588
[00:00:13] [worker #20] Bootstrap tree #309, logLikelihood: -3961.596351
[00:00:13] [worker #1] Bootstrap tree #290, logLikelihood: -3940.112168
[00:00:13] [worker #27] Bootstrap tree #316, logLikelihood: -3931.042970
[00:00:13] [worker #24] Bootstrap tree #313, logLikelihood: -4040.877783
[00:00:13] [worker #4] Bootstrap tree #293, logLikelihood: -3967.303016
[00:00:13] [worker #25] Bootstrap tree #314, logLikelihood: -3965.296379
[00:00:13] [worker #19] Bootstrap tree #308, logLikelihood: -3959.779605
[00:00:13] [worker #12] Bootstrap tree #301, logLikelihood: -4027.709879
[00:00:13] [worker #29] Bootstrap tree #318, logLikelihood: -3891.318533
[00:00:13] [worker #5] Bootstrap tree #294, logLikelihood: -3960.572750
00:00:13] [worker #11] Bootstrap tree #300, logLikelihood: -3956.771094
[00:00:13] [worker #28] Bootstrap tree #317, logLikelihood: -4030.894244
[00:00:13] [worker #26] Bootstrap tree #315, logLikelihood: -3858.801562
[00:00:13] [worker #22] Bootstrap tree #311, logLikelihood: -3948.776268
[00:00:13] [worker #2] Bootstrap tree #291, logLikelihood: -3921.664906
[00:00:13] [worker #10] Bootstrap tree #299, logLikelihood: -3894.696941
[00:00:13] [worker #30] Bootstrap tree #319, logLikelihood: -3983.118715
[00:00:13] [worker #8] Bootstrap tree #297, logLikelihood: -3949.493755
[00:00:13] [worker #15] Bootstrap tree #304, logLikelihood: -3912.485184
[00:00:13] [worker #16] Bootstrap tree #305, logLikelihood: -3972.114983
[00:00:13] [worker #14] Bootstrap tree #303, logLikelihood: -3932.694344
[00:00:13] [worker #6] Bootstrap tree #295, logLikelihood: -3950.058167
[00:00:13] [worker #21] Bootstrap tree #310, logLikelihood: -3901.399162
[00:00:13] [worker #13] Bootstrap tree #302, logLikelihood: -3887.082455
[00:00:13] [worker #9] Bootstrap tree #298, logLikelihood: -3918.816315
[00:00:13] [worker #17] Bootstrap tree #306, logLikelihood: -3962.615839
[00:00:13] [worker #7] Bootstrap tree #296, logLikelihood: -3997.877646
[00:00:13] [worker #3] Bootstrap tree #292, logLikelihood: -3976.040621
[00:00:13] [worker #18] Bootstrap tree #307, logLikelihood: -3956.584279
[00:00:13] [worker #0] Bootstrap tree #289, logLikelihood: -3939.839668
[00:00:13] [worker #31] Bootstrap tree #320, logLikelihood: -3958.659649
[00:00:20] [worker #1] Bootstrap tree #322, logLikelihood: -3902.547653
[00:00:20] [worker #24] Bootstrap tree #345, logLikelihood: -3936.578168
[00:00:20] [worker #18] Bootstrap tree #339, logLikelihood: -3882.020991
[00:00:20] [worker #9] Bootstrap tree #330, logLikelihood: -3930.112576
[00:00:20] [worker #4] Bootstrap tree #325, logLikelihood: -3939.279193
[00:00:20] [worker #22] Bootstrap tree #343, logLikelihood: -3917.684294
[00:00:20] [worker #7] Bootstrap tree #328, logLikelihood: -3920.464465
[00:00:20] [worker #2] Bootstrap tree #323, logLikelihood: -3958.716438
[00:00:20] [worker #19] Bootstrap tree #340, logLikelihood: -3962.468663
[00:00:20] [worker #5] Bootstrap tree #326, logLikelihood: -3910.171892
[00:00:20] [worker #21] Bootstrap tree #342, logLikelihood: -3930.237233
[00:00:20] [worker #25] Bootstrap tree #346, logLikelihood: -3943.605538
[00:00:20] [worker #16] Bootstrap tree #337, logLikelihood: -3990.797235
[00:00:20] [worker #29] Bootstrap tree #350, logLikelihood: -3876.555219
[00:00:20] [worker #31] Bootstrap tree #352, logLikelihood: -3922.045716
[00:00:20] [worker #28] Bootstrap tree #349, logLikelihood: -3919.696259
[00:00:20] [worker #10] Bootstrap tree #331, logLikelihood: -3942.785633
[00:00:20] [worker #27] Bootstrap tree #348, logLikelihood: -3925.624858
[00:00:20] [worker #14] Bootstrap tree #335, logLikelihood: -3972.333869
[00:00:20] [worker #20] Bootstrap tree #341, logLikelihood: -3990.552932
[00:00:20] [worker #6] Bootstrap tree #327, logLikelihood: -3947.567516
[00:00:20] [worker #6] Bootstrap tree #327, logLikelihood: -3947.567516
[00:00:20] [worker #13] Bootstrap tree #334, logLikelihood: -3983.204598
[00:00:20] [worker #17] Bootstrap tree #338, logLikelihood: -3956.771099
[00:00:20] [worker #8] Bootstrap tree #329, logLikelihood: -3956.848658
[00:00:20] [worker #15] Bootstrap tree #336, logLikelihood: -3986.096383
[00:00:20] [worker #26] Bootstrap tree #347, logLikelihood: -3896.807107
[00:00:20] [worker #12] Bootstrap tree #333, logLikelihood: -3945.686654
[00:00:20] [worker #0] Bootstrap tree #321, logLikelihood: -3955.640918
[00:00:20] [worker #30] Bootstrap tree #351, logLikelihood: -3975.877311
[00:00:20] [worker #23] Bootstrap tree #344, logLikelihood: -3967.708167
[00:00:20] [worker #11] Bootstrap tree #332, logLikelihood: -3944.983580
[00:00:20] [worker #3] Bootstrap tree #324, logLikelihood: -4008.633651
[00:00:20] [worker #1] Bootstrap tree #354, logLikelihood: -3938.674445
[00:00:20] [worker #4] Bootstrap tree #357, logLikelihood: -3950.177241
[00:00:20] [worker #5] Bootstrap tree #358, logLikelihood: -3941.079509
[00:00:20] [worker #9] Bootstrap tree #362, logLikelihood: -4018.025107
[00:00:20] [worker #22] Bootstrap tree #375, logLikelihood: -3975.990436
[00:00:20] [worker #21] Bootstrap tree #374, logLikelihood: -3916.634916
[00:00:20] [worker #19] Bootstrap tree #372, logLikelihood: -3886.056543
[00:00:20] [worker #7] Bootstrap tree #360, logLikelihood: -3957.218884
[00:00:20] [worker #24] Bootstrap tree #377, logLikelihood: -4019.142158
[00:00:20] [worker #18] Bootstrap tree #371, logLikelihood: -3965.825589
[00:00:20] [worker #14] Bootstrap tree #367, logLikelihood: -3947.884438
[00:00:20] [worker #28] Bootstrap tree #381, logLikelihood: -3999.705225
[00:00:20] [worker #31] Bootstrap tree #384, logLikelihood: -3984.815470
[00:00:20] [worker #2] Bootstrap tree #355, logLikelihood: -3975.153477
[00:00:20] [worker #25] Bootstrap tree #378, logLikelihood: -3972.904435
[00:00:20] [worker #16] Bootstrap tree #369, logLikelihood: -3986.543342
[00:00:20] [worker #8] Bootstrap tree #361, logLikelihood: -4009.140297
[00:00:20] [worker #29] Bootstrap tree #382, logLikelihood: -3933.599966
[00:00:20] [worker #15] Bootstrap tree #368, logLikelihood: -3911.555937
[00:00:20] [worker #6] Bootstrap tree #359, logLikelihood: -3920.971413
[00:00:20] [worker #27] Bootstrap tree #380, logLikelihood: -3946.475260
[00:00:20] [worker #12] Bootstrap tree #365, logLikelihood: -3916.547517
[00:00:20] [worker #10] Bootstrap tree #363, logLikelihood: -3906.021421
[00:00:20] [worker #17] Bootstrap tree #370, logLikelihood: -3939.572428
[00:00:20] [worker #20] Bootstrap tree #373, logLikelihood: -3948.767553
-4009.687594
[00:00:20] [worker #26] Bootstrap tree #379, logLikelihood: -3968.444195
[00:00:20] [worker #11] Bootstrap tree #364, logLikelihood: -3998.699705
[00:00:20] [worker #3] Bootstrap tree #356, logLikelihood: -4012.714234
[00:00:20] [worker #23] Bootstrap tree #376, logLikelihood: -3959.016373
[00:00:20] [worker #30] Bootstrap tree #383, logLikelihood: -3935.497396
[00:00:20] [worker #0] Bootstrap tree #353, logLikelihood: -4004.127741
[00:00:29] [worker #19] Bootstrap tree #404, logLikelihood: -3941.800539
[00:00:29] [worker #1] Bootstrap tree #386, logLikelihood: -3895.312290
[00:00:29] [worker #10] Bootstrap tree #395, logLikelihood: -3961.945874
[00:00:29] [worker #6] Bootstrap tree #391, logLikelihood: -3949.802465
[00:00:29] [worker #26] Bootstrap tree #411, logLikelihood: -3884.239118
[00:00:29] [worker #27] Bootstrap tree #412, logLikelihood: -3894.485398
[00:00:29] [worker #4] Bootstrap tree #389, logLikelihood: -3918.501341
[00:00:29] [worker #24] Bootstrap tree #409, logLikelihood: -3955.699804
[00:00:29] [worker #28] Bootstrap tree #413, logLikelihood: -3943.370022
[00:00:29] [worker #25] Bootstrap tree #410, logLikelihood: -3946.660620
[00:00:29] [worker #16] Bootstrap tree #401, logLikelihood: -3962.113249
[00:00:29] [worker #20] Bootstrap tree #405, logLikelihood: -3944.617317
[00:00:29] [worker #7] Bootstrap tree #392, logLikelihood: -3861.154331
[00:00:29] [worker #21] Bootstrap tree #406, logLikelihood: -3916.932524
[00:00:29] [worker #13] Bootstrap tree #398, logLikelihood: -3944.041697
[00:00:29] [worker #5] Bootstrap tree #390, logLikelihood: -3874.875775
[00:00:29] [worker #17] Bootstrap tree #402, logLikelihood: -3963.220569
[00:00:29] [worker #9] Bootstrap tree #394, logLikelihood: -3939.790441
[00:00:29] [worker #8] Bootstrap tree #393, logLikelihood: -3907.174789
[00:00:29] [worker #15] Bootstrap tree #400, logLikelihood: -3943.968304
[00:00:29] [worker #18] Bootstrap tree #403, logLikelihood: -4067.318524
[00:00:29] [worker #11] Bootstrap tree #396, logLikelihood: -3993.068039
[00:00:29] [worker #31] Bootstrap tree #416, logLikelihood: -3959.305880
[00:00:29] [worker #14] Bootstrap tree #399, logLikelihood: -3983.321307
[00:00:29] [worker #0] Bootstrap tree #385, logLikelihood: -3910.990600
[00:00:29] [worker #23] Bootstrap tree #408, logLikelihood: -3918.695868
[00:00:29] [worker #30] Bootstrap tree #415, logLikelihood: -3956.939161
[00:00:29] [worker #22] Bootstrap tree #407, logLikelihood: -3968.235546
[00:00:29] [worker #2] Bootstrap tree #387, logLikelihood: -3926.552945
[00:00:29] [worker #29] Bootstrap tree #414, logLikelihood: -3918.069683
[00:00:29] [worker #12] Bootstrap tree #397, logLikelihood: -3903.209075
[00:00:29] [worker #3] Bootstrap tree #388, logLikelihood: -3964.369540
[00:00:29] [worker #19] Bootstrap tree #436, logLikelihood: -3893.050442
[00:00:30] [worker #4] Bootstrap tree #421, logLikelihood: -3988.984666
[00:00:30] [worker #6] Bootstrap tree #423, logLikelihood: -3901.974195
[00:00:30] [worker #26] Bootstrap tree #443, logLikelihood: -3961.697644
[00:00:30] [worker #10] Bootstrap tree #427, logLikelihood: -3969.892008
[00:00:30] [worker #7] Bootstrap tree #424, logLikelihood: -3914.602089
[00:00:30] [worker #24] Bootstrap tree #441, logLikelihood: -3962.678790
[00:00:30] [worker #1] Bootstrap tree #418, logLikelihood: -3985.779032
[00:00:30] 0[worker #27] :Bootstrap tree #00444:, logLikelihood: 30] [worker #13] Bootstrap tree #430, logLikelihood: -3885.635553
[00:00:30] 0[worker #27] :Bootstrap tree #00444:, logLikelihood: 30] [worker #13] Bootstrap tree #430, logLikelihood: -3885.635553
-3983.119348
[00:00:30] [worker #9] Bootstrap tree #426, logLikelihood: -3929.129093
[00:00:30] [worker #20] Bootstrap tree #437, logLikelihood: -3902.639830
[00:00:30] [worker #5] Bootstrap tree #422, logLikelihood: -3933.626381
[00:00:30] [worker #17] Bootstrap tree #434, logLikelihood: -3930.863692
00:00:30] [worker #16] Bootstrap tree #433, logLikelihood: -3990.019455
[00:00:30] [worker #11] Bootstrap tree #428, logLikelihood: -3907.269547
[00:00:30] [worker #8] Bootstrap tree #425, logLikelihood: -3900.375825
[00:00:30] [worker #25] Bootstrap tree #442, logLikelihood: -3989.846957
00:00:300:00:Bootstrap tree #30445] , logLikelihood: [worker #31] Bootstrap tree #448, logLikelihood: -3955.854866-4021.017883
00:00:300:00:Bootstrap tree #30445] , logLikelihood: [worker #31] Bootstrap tree #448, logLikelihood: -3955.854866-4021.017883

[00:00:30] [worker #21] Bootstrap tree #438, logLikelihood: -3910.748864
[00:00:30] [worker #15] Bootstrap tree #432, logLikelihood: -4020.192396
[00:00:30] [worker #18] Bootstrap tree #435, logLikelihood: -3948.945558
[00:00:30] [worker #14] Bootstrap tree #431, logLikelihood: -3970.931779
[00:00:30] [worker #22] Bootstrap tree #439, logLikelihood: -3906.230374
[00:00:30] [worker #2] Bootstrap tree #419, logLikelihood: -3945.905713
[00:00:30] [worker #29] Bootstrap tree #446, logLikelihood: -3935.951204
[00:00:30] [worker #12] Bootstrap tree #429, logLikelihood: -3938.494159
[00:00:30] [worker #23] Bootstrap tree #440, logLikelihood: -3959.518088
[00:00:30] [worker #3] Bootstrap tree #420, logLikelihood: -3910.308211
[00:00:30] [worker #0] Bootstrap tree #417, logLikelihood: -3992.405430
[00:00:30] [worker #30] Bootstrap tree #447, logLikelihood: -4040.179251
[00:00:41] [worker #10] Bootstrap tree #459, logLikelihood: -3895.578478
[00:00:41] [worker #31] Bootstrap tree #480, logLikelihood: -3931.974247
[00:00:41] [worker #13] Bootstrap tree #462, logLikelihood: -3854.988993
[00:00:41] [worker #25] Bootstrap tree #474, logLikelihood: -4019.277785
[00:00:41] [worker #8] Bootstrap tree #457, logLikelihood: 000[100:41] [worker #14] -3970.311687
-3951.149191-3930.245379[
-3951.149191-3930.245379[

00:00:41] [worker #12] Bootstrap tree #461, logLikelihood: -4025.353453
[00:00:41] [worker #18] Bootstrap tree #467, logLikelihood: -3983.737885
[00:00:41] [worker #24] Bootstrap tree #473, logLikelihood: -3946.511151
[00:00:41] [worker #2] Bootstrap tree #451, logLikelihood: -3918.945595
[00:00:41] [worker #20] Bootstrap tree #469, logLikelihood: -3961.258736
[00:00:41] [worker #28] Bootstrap tree #477, logLikelihood: -3966.070582
[00:00:41] [worker #11] Bootstrap tree #460, logLikelihood: -3896.717087
[00:00:41] [worker #22] Bootstrap tree #471, logLikelihood: -3885.735903
[00:00:41] [worker #30] Bootstrap tree #479, logLikelihood: [-3954.112575
00[00:00:41] [worker #30] Bootstrap tree #479, logLikelihood: [-3954.112575
00:00:41] [worker #4] Bootstrap tree #453, logLikelihood: -3954.232107
[00:00:41] [worker #3] Bootstrap tree #452, logLikelihood: -3910.009347
[00:00:41] [worker #5] Bootstrap tree #454, logLikelihood: -3949.730604
[00:00:41] [worker #7] Bootstrap tree #456, logLikelihood: -3943.441967
[00:00:41] [worker #19] Bootstrap tree #468, logLikelihood: -4000.838535
[00:00:41] [worker #6] Bootstrap tree #455, logLikelihood: -4023.839277
[00:00:41] [worker #17] Bootstrap tree #466, logLikelihood: -3956.848035
[00:00:41] [worker #16] Bootstrap tree #465, logLikelihood: -3931.967127
[00:00:41] [worker #21] Bootstrap tree #470, logLikelihood: -3907.081695
[00:00:41] [worker #9] Bootstrap tree #458, logLikelihood: -3987.217286
[00:00:41] [worker #26] Bootstrap tree #475, logLikelihood: -4008.736336
[00:00:41] [worker #15] Bootstrap tree #464, logLikelihood: -3976.805067
[00:00:41] [worker #27] Bootstrap tree #476, logLikelihood: -3910.711770
[00:00:41] [worker #1] Bootstrap tree #450, logLikelihood: -3965.001335
[00:00:41] [worker #29] Bootstrap tree #478, logLikelihood: -4018.020671
[00:00:41] [worker #13] Bootstrap tree #494, logLikelihood: -3991.341069
[00:00:41] [worker #0] Bootstrap tree #449, logLikelihood: -3943.887877
[00:00:41] [worker #23] Bootstrap tree #504, logLikelihood: -3978.313018
[00:00:41] [worker #24] Bootstrap tree #505, logLikelihood: -3993.204310
[00:00:41] [worker #12] Bootstrap tree #493, logLikelihood: -3910.236780
[00:00:41] [worker #25] Bootstrap tree #506, logLikelihood: -3881.226465
[00:00:41] [worker #16] Bootstrap tree #497, logLikelihood: -3961.771110
[00:00:41] [worker #3] Bootstrap tree #484, logLikelihood: -3942.129448
[00:00:41] [worke-3937.786164
[00:00:41] [worker #18] Bootstrap tree #499, logLikelihood: -3989.995343
[00:00:41] [worker #28] Bootstrap tree #509, logLikelihood: -3994.414248
[00:00:41] [worker #6] Bootstrap tree #487, logLikelihood: -3883.018884
:41] [worker #10] Bootstrap tree #491, logLikelihood: -3958.929364
[00:00:41] [worker #14] Bootstrap tree #495, logLikelihood: -3901.785775
[00:00:41] [worker #11] Bootstrap tree #492, logLikelihood: -3993.254917
[00:00:41] [worker #8] Bootstrap tree #489, logLikelihood: -3909.962271
[00:00:41] [worker #31] Bootstrap tree #512, logLikelihood: -3925.374458
[00:00:41] [worker #9] Bootstrap tree #490, logLikelihood: -4000.708054
00:00:41] [worker #5] Bootstrap tree #486, logLikelihood: -3977.011510
[00:00:41] [worker #22] Bootstrap tree #503, logLikelihood: -3967.479400
[00:00:41] [worker #19] Bootstrap tree #500, logLikelihood: -3926.327402
[00:00:41] [worker #26] Bootstrap tree #507, logLikelihood: -3911.709562
[00:00:41] [worker #15] Bootstrap tree #496, logLikelihood: -3956.848043
[00:00:41] [worker #17] Bootstrap tree #498, logLikelihood: -3930.792099
[00:00:41] [worker #2] Bootstrap tree #483, logLikelihood: -3976.594356
[00:00:41] [worker #4] Bootstrap tree #485, logLikelihood: -3905.489376
[00:00:41] [worker #30] Bootstrap tree #511, logLikelihood: -3931.431922
[00:00:41] [worker #20] Bootstrap tree #501, logLikelihood: -3996.517506
[00:00:41] [worker #21] Bootstrap tree #502, logLikelihood: -3956.922871
[00:00:41] [worker #29] Bootstrap tree #510, logLikelihood: -3912.539388
[00:00:41] [worker #1] Bootstrap tree #482, logLikelihood: -3958.785869
[00:00:41] [worker #27] Bootstrap tree #508, logLikelihood: -3946.341291
[00:00:41] [worker #0] Bootstrap tree #481, logLikelihood: -3884.491403
[00:00:55] [worker #4] Bootstrap tree #517, logLikelihood: -3964.528944
[00:00:55] [worker #17] Bootstrap tree #530, logLikelihood: -3886.423285
[00:00:55] [worker #20] Bootstrap tree #533, logLikelihood: -3914.237224
[000:00:55] [worker #13] Bootstrap tree #526, logLikelihood: 0:00:55] [worker #21] Bootstrap tree #534, logLikelihood: -3859.418211-3914.158435

[000:00:55] [worker #13] Bootstrap tree #526, logLikelihood: 0:00:55] [worker #21] Bootstrap tree #534, logLikelihood: -3859.418211-3914.158435

[00:00:55] [worker #3] Bootstrap tree #516, logLikelihood: -3968.892155
[00:00:55] [worker #9] Bootstrap tree #522, logLikelihood: -3952.318234
[00:00:55] [worker #28] Bootstrap tree #541, logLikelihood: -3944.939225
[00:00:55] [worker #8] Bootstrap tree #521, logLikelihood: -3955.637075
[00:00:55] [worker #24] Bootstrap tree #537, logLikelihood: -3963.669713
[00:00:55] [worker #25] Bootstrap tree #538, logLikelihood: -3999.453032
[00:00:55] [worker #29] Bootstrap tree #542, logLikelihood: -3965.936787
[00:00:55] [worker #11] Bootstrap tree #524, logLikelihood: -4012.328672
[00:00:55] [worker #22] Bootstrap tree #535, logLikelihood: -4061.451395
[00:00:55] [worker #18] Bootstrap tree #531, logLikelihood: -3982.503284
[00:00:55] [worker #26] Bootstrap tree #539, logLikelihood: -3959.925561
[00:00:55] [worker #2] Bootstrap tree #515, logLikelihood: -3951.463065
[00:00:55] [worker #6] Bootstrap tree #519, logLikelihood: -3933.811509
[00:00:55] [worker #10] Bootstrap tree #523, logLikelihood: -3957.694420
[00:00:55] [worker #19] Bootstrap tree #532, logLikelihood: -3908.736612
[00:00:55] [worker #15] Bootstrap tree #528, logLikelihood: -3939.244908
[00:00:55] [worker #27] Bootstrap tree #540, logLikelihood: -3944.675521
[00:00:55] [worker #7] Bootstrap tree #520, logLikelihood: -3935.774684
[00:00:55] [worker #23] Bootstrap tree #536, logLikelihood: -3914.865475
[00:00:55] [worker #5] Bootstrap tree #518, logLikelihood: -3952.843040
[00:00:55] [worker #0] Bootstrap tree #513, logLikelihood: -3968.544148
[00:00:55] [worker #14] Bootstrap tree #527, logLikelihood: -3973.866510
[00:00:55] [worker #31] Bootstrap tree #544, logLikelihood: -3961.461207
[00:00:55] [worker #12] Bootstrap tree #525, logLikelihood: -3947.141965
[00:00:55] [worker #16] Bootstrap tree #529, logLikelihood: -3902.804781
[00:00:55] [worker #30] Bootstrap tree #543, logLikelihood: -3929.483491
[00:00:55] [worker #1] Bootstrap tree #514, logLikelihood: -3966.410863
[00:00:55] [worker #21] Bootstrap tree #566, logLikelihood: -3968.647877
[00:00:55] [worker #20] Bootstrap tree #565, logLikelihood: -3924.465605
[00:00:55] [worker #4] Bootstrap tree #549, logLikelihood: -3923.238977
[00:00:55] [worker #28] Bootstrap tree #573, logLikelihood: -3901.352091
[00:00:55] [worker #25] Bootstrap tree #570, logLikelihood: -3951.485271
[00:00:55] [worker #11] Bootstrap tree #556, logLikelihood: -3884.655193
[00:00:55] [worker #17] Bootstrap tree #562, logLikelihood: -4050.004778
[00:00:55] [worker #8] Bootstrap tree #553, logLikelihood: -3924.203277
[[00:00:55] [worker #7] Bootstrap tree #552, logLikelihood: -3961.3328020:00:

[00:00:55] [worker #24] Bootstrap tree #569, logLikelihood: -3999.401751
[00:00:55] [worker #3] Bootstrap tree #548, logLikelihood: -3940.778844
[00:00:55] [worker #19] Bootstrap tree #564, logLikelihood: -3986.037268
[00:00:55] [worker #27] Bootstrap tree #572, logLikelihood: -3973.863498
[00:00:55] [worker #15] Bootstrap tree #560, logLikelihood: -4011.100712
[00:00:55] [worker #5] Bootstrap tree #550, logLikelihood: -3887.640822
00:00:55] [worker #10] Bootstrap tree #555, logLikelihood: -3936.635698
[00:00:56] [worker #6] Bootstrap tree #551, logLikelihood: -3890.916839
[00:00:56] [worker #22] Bootstrap tree #567, logLikelihood: -3890.787561
00:00:56] [worker #29] Bootstrap tree #574, logLikelihood: -3931.982458
[00:00:56] [worker #2] Bootstrap tree #547, logLikelihood: -3946.050328
[00:00:56] [worker #9] Bootstrap tree #554, logLikelihood: -3984.272948
[00:00:56] [worker #26] Bootstrap tree #571, logLikelihood: -3972.845038
[00:00:56] [worker #23] Bootstrap tree #568, logLikelihood: -3934.559252
[00:00:56] [worker #31] Bootstrap tree #576, logLikelihood: -3913.331587
[00:00:56] [worker #12] Bootstrap tree #557, logLikelihood: -3926.201350
[00:00:56] [worker #18] Bootstrap tree #563, logLikelihood: -3974.293451
[00:00:56] [worker #1] Bootstrap tree #546, logLikelihood: -3990.289543
[00:00:56] [worker #14] Bootstrap tree #559, logLikelihood: -3946.167413
[00:00:56] [worker #30] Bootstrap tree #575, logLikelihood: -3916.128892
[00:00:56] [worker #16] Bootstrap tree #561, logLikelihood: -3911.464938
[00:00:56] [worker #0] Bootstrap tree #545, logLikelihood: -3932.983410
[00:01:12] [worker #31] Bootstrap tree #608, logLikelihood: -3864.778873
[00:01:12] [worker #23] Bootstrap tree #600, logLikelihood: -3903.233571
[00:01:12] [worker #14] Bootstrap tree #591, logLikelihood: -3916.911844
[00:01:12] [worker #30] Bootstrap tree #607, logLikelihood: -3894.328362
[00:01:12] [worker #6] Bootstrap tree #583, logLikelihood: -4040.435220
[00:01:12] [worker #7] Bootstrap tree #584, logLikelihood: -3924.790155
[00:01:12] [worker #13] Bootstrap tree #590, logLikelihood: -3921.277982
[00:01:12] [worker #20] Bootstrap tree #597, logLikelihood: [-3946.165736
00[00:01:12] [worker #20] Bootstrap tree #597, logLikelihood: [-3946.165736
00:01:12] [worker #10] Bootstrap tree #587, logLikelihood: -3935.937284
[00:01:12] [worker #26] Bootstrap tree #603, logLikelihood: -3937.677788
[00:01:12] [worker #5] Bootstrap tree #582, logLikelihood: -3897.414473
[00:01:12] [worker #12] Bootstrap tree #589, logLikelihood: -3944.027463
[00:01:12] [worker #15] Bootstrap tree #592, logLikelihood: -3879.591397
[00:01:12] [worker #4] Bootstrap tree #581, logLikelihood: -3941.513328
[00:01:12] [worker #27] Bootstrap tree #604, logLikelihood: -3873.386824
[00:01:12] [worker #21] Bootstrap tree #598, logLikelihood: -3952.143914
[00:01:12] [worker #3] Bootstrap tree #580, logLikelihood: -3898.757860
[00:01:12] [worker #9] Bootstrap tree #586, logLikelihood: -3934.454428
[00:01:12] [worker #17] Bootstrap tree #594, logLikelihood: -3926.112733
[00:01:12] [worker #1] Bootstrap tree #578, logLikelihood: -3898.722984
[00:01:12] [worker #2] Bootstrap tree #579, logLikelihood: -3918.335632
[00:01:12] [worker #29] Bootstrap tree #606, logLikelihood: -3953.551060
[00:01:12] [worker #22] Bootstrap tree #599, logLikelihood: -3970.668635
[00:01:12] [worker #25] Bootstrap tree #602, logLikelihood: -3941.971124
[00:01:12] [worker #19] Bootstrap tree #596, logLikelihood: -3854.859681
[00:01:12] [worker #8] Bootstrap tree #585, logLikelihood: -3991.448804
[00:01:12] [worker #11] Bootstrap tree #588, logLikelihood: -3889.709010
[00:01:12] [worker #16] Bootstrap tree #593, logLikelihood: -3938.403733
[00:01:12] [worker #28] Bootstrap tree #605, logLikelihood: -3992.130954
[00:01:12] [worker #24] Bootstrap tree #601, logLikelihood: -4012.103631
[00:01:12] [worker #18] Bootstrap tree #595, logLikelihood: -3942.761099
[00:01:12] [worker #0] Bootstrap tree #577, logLikelihood: -3961.156168
[00:01:12] [worker #6] Bootstrap tree #615, logLikelihood: -3957.924460
[00:01:12] [worker #10] Bootstrap tree #619, logLikelihood: -3930.896101
[00:01:12] [worker #7] Bootstrap tree #616, logLikelihood: -3938.425112
[00:01:12] [worker #23] Bootstrap tree #632, logLikelihood: -3899.130856
[00:01:12] [worker #20] Bootstrap tree #629, logLikelihood: -3914.448247
[00:01:12] [worker #21] Bootstrap tree #630, logLikelihood: -3938.736799
[00:01:12] [worker #14] Bootstrap tree #623, logLikelihood: -3975.543098
[00:01:12] [worker #27] Bootstrap tree #636, logLikelihood: -3986.304598
[00:01:12] [worker #30] Bootstrap tree #639, logLikelihood: -3904.479930
[00:01:12] [worker #13] Bootstrap tree #622, logLikelihood: -3988.173941
[00:01:12] [worker #5] Bootstrap tree #614, logLikelihood: -3891.894063
[00:01:12] [worker #15] Bootstrap tree #624, logLikelihood: -3956.848653
[00:01:12] [worker #26] Bootstrap tree #635, logLikelihood: -3932.090789
[00:01:12] [worker #12] Bootstrap tree #621, logLikelihood: -4012.609472
[00:01:12] [worker #31] Bootstrap tree #640, logLikelihood: -4045.865443
[00:01:12] [worker #22] Bootstrap tree #631, logLikelihood: -3971.939035
[00:01:12] [worker #3] Bootstrap tree #612, logLikelihood: -3966.149131
[00:01:12] [worker #9] Bootstrap tree #618, logLikelihood: -3958.533188
[00:01:12] [worker #2] Bootstrap tree #611, logLikelihood: -3898.219642
[00:01:12] [worker #8] Bootstrap tree #617, logLikelihood: -3932.201251
[00:01:12] [worker #4] Bootstrap tree #613, logLikelihood: -3970.278418
[00:01:12] [worker #25] Bootstrap tree #634, logLikelihood: -3989.338989
[00:01:13] [worker #11] Bootstrap tree #620, logLikelihood: -3908.213438
[00:01:13] [worker #28] Bootstrap tree #637, logLikelihood: -3926.986165
[00:01:13] [worker #18] Bootstrap tree #627, logLikelihood: -3914.499412
[00:01:13] [worker #16] Bootstrap tree #625, logLikelihood: -3955.610745
[00:01:13] [worker #17] Bootstrap tree #626, logLikelihood: -3903.081716
[00:01:13] [worker #24] Bootstrap tree #633, logLikelihood: -3967.486656
[00:01:13] [worker #19] Bootstrap tree #628, logLikelihood: -3955.896479
[00:01:13] [worker #29] Bootstrap tree #638, logLikelihood: -3942.739932
[00:01:13] [worker #1] Bootstrap tree #610, logLikelihood: -3948.866315
[00:01:13] [worker #0] Bootstrap tree #609, logLikelihood: -3990.959110
[00:01:32] [worker #22] Bootstrap tree #663, logLikelihood: -3952.941827
[00:01:32] [worker #24] Bootstrap tree #665, logLikelihood: -3860.192395
[00:01:32] [worker #23] Bootstrap tree #664, logLikelihood: -3880.891475
[00:01:32] [worker #16] Bootstrap tree #657, logLikelihood: -3979.016673
[00:01:32] [worker #3] Bootstrap tree #644, logLikelihood: -3973.242514
[00:01:32] [worker #7] Bootstrap tree #648, logLikelihood: -3909.628999
00:01:32] [worker #8] Bootstrap tree #649, logLikelihood: -3954.445005
[00:01:32] [worker #1] Bootstrap tree #642, logLikelihood: -3911.127560
[00:01:32] [worker #9] Bootstrap tree #650, logLikelihood: -4006.766366
[00:01:32] [worker #29] Bootstrap tree #670, logLikelihood: -3972.127889
[00:01:32] [worker #11] Bootstrap tree #652, logLikelihood: -4050.703924
[00:01:32] [worker #30] Bootstrap tree #671, logLikelihood: -4029.156984
[00:01:32] [worker #13] Bootstrap tree #654, logLikelihood: -3914.382359
[00:01:32] [worker #0] Bootstrap tree #641, logLikelihood: -3991.899412
[00:01:32] [worker #2] Bootstrap tree #643, logLikelihood: -3954.393957
[00:01:32] [worker #4] Bootstrap tree #645, logLikelihood: -3937.661901
[00:01:32] [worker #4] Bootstrap tree #645, logLikelihood: -3937.661901
[00:01:32] [worker #15] Bootstrap tree #656, logLikelihood: -3966.842456
[00:01:32] [worker #28] Bootstrap tree #669, logLikelihood: -3909.930125
[00:01:32] [worker #27] Bootstrap tree #668, logLikelihood: -3966.830940
[00:01:32] [worker #14] Bootstrap tree #655, logLikelihood: -3926.582662
[00:01:32] [worker #20] Bootstrap tree #661, logLikelihood: -3919.102716
[00:01:32] [worker #21] Bootstrap tree #662, logLikelihood: -3908.781736
[00:01:32] [worker #12] Bootstrap tree #653, logLikelihood: -3928.466527
[00:01:32] [worker #18] Bootstrap tree #659, logLikelihood: -3963.060905
[00:01:32] [worker #19] Bootstrap tree #660, logLikelihood: -3913.078930
[00:01:32] [worker #17] Bootstrap tree #658, logLikelihood: -3980.518682
[00:01:32] [worker #26] Bootstrap tree #667, logLikelihood: -3980.367415
[00:01:32] [worker #6] Bootstrap tree #647, logLikelihood: -3975.599507
[00:01:32] [worker #31] Bootstrap tree #672, logLikelihood: -4002.582892
[00:01:32] [worker #25] Bootstrap tree #666, logLikelihood: -3980.871342
[00:01:32] [worker #5] Bootstrap tree #646, logLikelihood: -3982.660461
[00:01:32] [worker #10] Bootstrap tree #651, logLikelihood: -3929.525071
[00:01:32] [worker #3] Bootstrap tree #676, logLikelihood: -3922.850451
[00:01:32] [worker #7] Bootstrap tree #680, logLikelihood: -3966.195125
[00:01:32] [worker #29] Bootstrap tree #702, logLikelihood: -3937.798018
[00:01:32] [worker #30] Bootstrap tree #703, logLikelihood: -3968.055341
[00:01:32] [worker #11] Bootstrap tree #684, logLikelihood: -3976.297402
[00:01:32] [worker #9] Bootstrap tree #682, logLikelihood: -3931.916346
[00:01:32] [worker #28] Bootstrap tree #701, logLikelihood: -3999.536124
[00:01:32] [worker #24] Bootstrap tree #697, logLikelihood: -3897.771421
[00:01:32] [worker #1] Bootstrap tree #674, logLikelihood: -3941.551815
[00:01:32] [worker #15] Bootstrap tree #688, logLikelihood: -3915.254107
[00:01:32] [worker #2] Bootstrap tree #675, logLikelihood: -3934.420858
[00:01:32] [worker #16] Bootstrap tree #689, logLikelihood: -3926.963797
[00:01:32] [worker #8] Bootstrap tree #681, logLikelihood: -3921.180556
[00:01:32] [worker #22] Bootstrap tree #695, logLikelihood: -3967.803096
[00:01:32] [worker #23] Bootstrap tree #696, logLikelihood: -3927.274671
[00:01:32] [worker #13] Bootstrap tree #686, logLikelihood: -3954.055399
[00:01:32] [worker #17] Bootstrap tree #690, logLikelihood: -3908.360938
[00:01:32] [worker #21] Bootstrap tree #694, logLikelihood: -3957.363162
[00:01:32] [worker #12] Bootstrap tree #685, logLikelihood: -3998.330981
[00:01:32] [worker #14] Bootstrap tree #687, logLikelihood: -3965.858175
[00:01:32] [worker #19] Bootstrap tree #692, logLikelihood: -3933.558189
[00:01:32] [worker #6] Bootstrap tree #679, logLikelihood: -3951.457537
[00:01:32] [worker #4] Bootstrap tree #677, logLikelihood: -3989.714062
[00:01:32] [worker #31] Bootstrap tree #704, logLikelihood: -3958.845576
[00:01:32] [worker #20] Bootstrap tree #693, logLikelihood: -3904.597614
[00:01:32] [worker #26] Bootstrap tree #699, logLikelihood: -3972.014521
[00:01:32] [worker #25] Bootstrap tree #698, logLikelihood: -3883.849394
[00:01:32] [worker #10] Bootstrap tree #683, logLikelihood: -3923.779606
[00:01:32] [worker #18] Bootstrap tree #691, logLikelihood: -3969.051160
[00:01:32] [worker #5] Bootstrap tree #678, logLikelihood: -3963.125726
[00:01:32] [worker #27] Bootstrap tree #700, logLikelihood: -4029.850509
[00:01:32] [worker #0] Bootstrap tree #673, logLikelihood: -3963.055511
[00:01:56] [worker #25] Bootstrap tree #730, logLikelihood: -3959.694697
[00:01:56] [worker #29] Bootstrap tree #734, logLikelihood: -3962.979024
[00:01:56] [worker #19] Bootstrap tree #724, logLikelihood: -3932.232584
[00:01:56] [worker #28] Bootstrap tree #733, logLikelihood: -3890.449329
[00:01:56] [worker #3] Bootstrap tree #708, logLikelihood: -3942.042677
[00:01:56] [worker #11] Bootstrap tree #716, logLikelihood: -3930.418393
[00:01:56] [worker #26] Bootstrap tree #731, logLikelihood: -3992.941960
[00:01:56] [worker #14] Bootstrap tree #719, logLikelihood: -3938.906384
[00:01:56] [worker #24] Bootstrap tree #729, logLikelihood: -3924.882148
[00:01:56] [worker #1] Bootstrap tree #706, logLikelihood: -4029.554685
[00:01:56] [worker #10] Bootstrap tree #715, logLikelihood: -3924.815676
[00:01:56] [worker #21] Bootstrap tree #726, logLikelihood: -3903.254105
[00:01:56] [worker #20] Bootstrap tree #725, logLikelihood: -3961.256450
[00:01:56] [worker #18] Bootstrap tree #723, logLikelihood: -3968.551540
[00:01:56] [worker #31] Bootstrap tree #736, logLikelihood: -3894.539028
[00:01:56] [worker #2] Bootstrap tree #707, logLikelihood: -4006.835770
[00:01:56] [worker #27] Bootstrap tree #732, logLikelihood: -3890.364020
[00:01:56] [worker #15] Bootstrap tree #720, logLikelihood: -3926.564195
[00:01:56] [worker #4] Bootstrap tree #709, logLikelihood: -3906.729951
[00:01:56] [worker #30] Bootstrap tree #735, logLikelihood: -3932.960906
[00:01:56] [worker #23] Bootstrap tree #728, logLikelihood: -3950.207668
[00:01:56] [worker #17] Bootstrap tree #722, logLikelihood: -3975.010195
[00:01:56] [worker #7] Bootstrap tree #712, logLikelihood: -3999.136994
[00:01:56] [worker #16] Bootstrap tree #721, logLikelihood: -3964.198244
[00:01:56] [worker #5] Bootstrap tree #710, logLikelihood: -3940.481610
[00:01:56] [worker #13] Bootstrap tree #718, logLikelihood: -3956.848658
[00:01:56] [worker #6] Bootstrap tree #711, logLikelihood: -3929.982382
[00:01:56] [worker #9] Bootstrap tree #714, logLikelihood: -3941.971064
[00:01:56] [worker #12] Bootstrap tree #717, logLikelihood: -3940.272721
[00:01:56] [worker #8] Bootstrap tree #713, logLikelihood: -3990.889461
[00:01:56] [worker #25] Bootstrap tree #762, logLikelihood: -3947.419569
[00:01:56] [worker #22] Bootstrap tree #727, logLikelihood: -3941.439362
[00:01:56] [worker #14] Bootstrap tree #751, logLikelihood: -3871.632505
[00:01:56] [worker #11] Bootstrap tree #748, logLikelihood: -3919.220928
[00:01:56] [worker #17] Bootstrap tree #754, logLikelihood: -3924.110517
[00:01:56] [worker #10] Bootstrap tree #747, logLikelihood: -3941.051778
[00:01:56] [worker #3] Bootstrap tree #740, logLikelihood: -3958.925938
[00:01:56] [worker #0] Bootstrap tree #705, logLikelihood: -3916.030816
[00:01:56] [worker #7] Bootstrap tree #744, logLikelihood: -4017.791272
[00:01:56] [worker #20] Bootstrap tree #757, logLikelihood: -3943.559924
[00:01:56] [worker #26] Bootstrap tree #763, logLikelihood: -3939.124087
[00:01:56] [worker #31] Bootstrap tree #768, logLikelihood: -3939.474856
[00:01:56] [worker #19] Bootstrap tree #756, logLikelihood: -3931.098727
[00:01:56] [worker #21] Bootstrap tree #758, logLikelihood: -3878.731202
[00:01:56] [worker #30] Bootstrap tree #767, logLikelihood: -3922.933926
[00:01:56] [worker #16] Bootstrap tree #753, logLikelihood: -3894.529219
[00:01:56] [worker #27] Bootstrap tree #764, logLikelihood: -3911.952875
[00:01:56] [worker #18] Bootstrap tree #755, logLikelihood: -3987.166070
[00:01:56] [worker #15] Bootstrap tree #752, logLikelihood: -4009.107892
[00:01:56] [worker #1] Bootstrap tree #738, logLikelihood: -3899.685073
[00:01:56] [worker #29] Bootstrap tree #766, logLikelihood: -3998.680076
[00:01:56] [worker #24] Bootstrap tree #761, logLikelihood: -3956.082484
[00:01:56] [worker #2] Bootstrap tree #739, logLikelihood: -4021.939484
[00:01:56] [worker #28] Bootstrap tree #765, logLikelihood: -3936.802171
[00:01:56] [worker #4] Bootstrap tree #741, logLikelihood: -3982.156845
[00:01:56] [worker #13] Bootstrap tree #750, logLikelihood: -3873.562075
[00:01:56] [worker #5] Bootstrap tree #742, logLikelihood: -3960.847450
[00:01:56] [worker #23] Bootstrap tree #760, logLikelihood: -3979.337443
[00:01:56] [worker #12] Bootstrap tree #749, logLikelihood: -3927.639701
[00:01:56] [worker #9] Bootstrap tree #746, logLikelihood: -3966.018865
[00:01:56] [worker #8] Bootstrap tree #745, logLikelihood: -3984.712909
[00:01:56] [worker #6] Bootstrap tree #743, logLikelihood: -3973.881851
[00:01:56] [worker #22] Bootstrap tree #759, logLikelihood: -3881.156238
[00:01:56] [worker #0] Bootstrap tree #737, logLikelihood: -3894.548823
[00:02:26] [worker #8] Bootstrap tree #777, logLikelihood: -3906.252779
[00:02:26] [worker #16] Bootstrap tree #785, logLikelihood: -3951.377327
[00:02:26] [worker #28] Bootstrap tree #797, logLikelihood: -3895.815130
[00:02:26] [worker #11] Bootstrap tree #780, logLikelihood: -3966.383765
00:02:26] [worker #20] Bootstrap tree #789, logLikelihood: -3907.981991
[00:02:26] [worker #21] Bootstrap tree #790, logLikelihood: -3893.087845
[00:02:26] [worker #27] Bootstrap tree #796, logLikelihood: -3898.750553
[00:02:26] [worker #10] Bootstrap tree #779, logLikelihood: -3920.540262
[00:02:26] [worker #31] Bootstrap tree #800, logLikelihood: -3986.684587
[00:02:26] [worker #24] Bootstrap tree #793, logLikelihood: -3972.885620
[00:02:26] [worker #6] Bootstrap tree #775, logLikelihood: -4008.776565
[00:02:26] [worker #26] Bootstrap tree #795, logLikelihood: -3908.844153
[00:02:26] [worker #1] Bootstrap tree #770, logLikelihood: -3941.349123
[00:02:26] [worker #23] Bootstrap tree #792, logLikelihood: -3969.821933
[00:02:26] [worker #4] Bootstrap tree #773, logLikelihood: -3944.659037
-3943.543068
[00:02:26] [worker #7] Bootstrap tree #776, logLikelihood: -3946.466095
[00:02:26] [worker #12] Bootstrap tree #781, logLikelihood: -4016.261596
[00:02:26] [worker #9] Bootstrap tree #778, logLikelihood: -3998.982872
[00:02:26] [worker #2] Bootstrap tree #771, logLikelihood: -3940.955048
[00:02:26] [worker #22] Bootstrap tree #791, logLikelihood: -4007.099619
[00:02:26] [worker #13] Bootstrap tree #782, logLikelihood: -3937.136040
[00:02:26] [worker #3] Bootstrap tree #772, logLikelihood: -3942.897279
[00:02:26] [worker #30] Bootstrap tree #799, logLikelihood: -3943.383058
[00:02:26] [worker #5] Bootstrap tree #774, logLikelihood: -3919.724233
[00:02:26] [worker #0] Bootstrap tree #769, logLikelihood: -3951.032320
[00:02:26] [worker #17] Bootstrap tree #786, logLikelihood: -3948.875694
[00:02:26] [worker #18] Bootstrap tree #787, logLikelihood: -3946.320813
[00:02:26] [worker #15] Bootstrap tree #784, logLikelihood: -3951.017703
[00:02:26] [worker #14] Bootstrap tree #783, logLikelihood: -3937.360646
[00:02:26] [worker #19] Bootstrap tree #788, logLikelihood: -4016.751884
[00:02:26] [worker #25] Bootstrap tree #794, logLikelihood: -3953.829095
[00:02:26] [worker #28] Bootstrap tree #829, logLikelihood: -3939.340776
[00:02:26] [worker #27] Bootstrap tree #828, logLikelihood: -3928.612146
[00:02:26] [worker #8] Bootstrap tree #809, logLikelihood: -3933.777642
[00:02:26] [worker #24] Bootstrap tree #825, logLikelihood: -3973.372345
[00:02:26] [worker #22] Bootstrap tree #823, logLikelihood: -3896.611205
[00:02:26] [worker #21] Bootstrap tree #822, logLikelihood: -3944.239135
[00:02:26] [worker #6] Bootstrap tree #807, logLikelihood: -3968.373324
[00:02:26] [worker #13] Bootstrap tree #814, logLikelihood: -3902.485811
[00:02:26] [worker #4] Bootstrap tree #805, logLikelihood: -3945.859715
[00:02:26] [worker #5] Bootstrap tree #806, logLikelihood: -3906.526684
[00:02:26] [worker #11] Bootstrap tree #812, logLikelihood: -3936.327636
00:02:26] [worker #1] Bootstrap tree #802, logLikelihood: -3893.352527
[00:02:26] [worker #30] Bootstrap tree #831, logLikelihood: -3906.065123
[00:02:26] [worker #12] Bootstrap tree #813, logLikelihood: -3965.934090
00:02:26] [worker #26] Bootstrap tree #827, logLikelihood: -3915.701943
[00:02:26] [worker #7] Bootstrap tree #808, logLikelihood: -3966.634439
[00:02:26] [worker #2] Bootstrap tree #803, logLikelihood: -3915.058004
[00:02:26] [worker #3] Bootstrap tree #804, logLikelihood: -4004.902096
[00:02:26] [worker #17] Bootstrap tree #818, logLikelihood: -3933.036130
[00:02:26] [worker #29] Bootstrap tree #830, logLikelihood: -4040.687340
[00:02:26] [worker #23] Bootstrap tree #824, logLikelihood: -3940.659406
[00:02:26] [worker #31] Bootstrap tree #832, logLikelihood: -3942.038370
[00:02:26] [worker #16] Bootstrap tree #817, logLikelihood: -3929.102519
[00:02:26] [worker #20] Bootstrap tree #821, logLikelihood: -4009.712313
[00:02:26] [worker #10] Bootstrap tree #811, logLikelihood: -3909.775207
[00:02:26] [worker #10] Bootstrap tree #811, logLikelihood: -3909.775207
[00:02:26] [worker #9] Bootstrap tree #810, logLikelihood: -4004.960990
[00:02:27] [worker #14] Bootstrap tree #815, logLikelihood: -3968.074895
[00:02:27] [worker #15] Bootstrap tree #816, logLikelihood: -3932.904143
[00:02:27] [worker #19] Bootstrap tree #820, logLikelihood: -4001.058138
[00:02:27] [worker #18] Bootstrap tree #819, logLikelihood: -3940.596615
[00:02:27] [worker #25] Bootstrap tree #826, logLikelihood: -3954.694849
[00:02:27] [worker #0] Bootstrap tree #801, logLikelihood: -3997.921961
[00:02:55] [worker #21] Bootstrap tree #854, logLikelihood: -3901.573889
[00:02:55] [worker #30] Bootstrap tree #863, logLikelihood: -3884.436110
[00:02:55] [worker #16] Bootstrap tree #849, logLikelihood: -3950.632753
[00:02:55] [worker #17] Bootstrap tree #850, logLikelihood: -3980.242002
[00:02:55] [worker #31] Bootstrap tree #864, logLikelihood: -4033.610351
[00:02:55] [worker #6] Bootstrap tree #839, logLikelihood: -3971.859562
[00:02:55] [worker #6] Bootstrap tree #839, logLikelihood: -3971.859562
00:02:55] [worker #20] Bootstrap tree #853, logLikelihood: -3991.721436[
[00:02:55] [worker #10] Bootstrap tree #843, logLikelihood: :-3947.08662502:55] 
[worker #24] Bootstrap tree #-3904.088250
[worker #24] Bootstrap tree #-3904.088250
857, logLikelihood: -3948.280228
[00:02:55] [worker #11] Bootstrap tree #844, logLikelihood: -3915.822033
[00:02:55] [worker #3] Bootstrap tree #836, logLikelihood: -3889.442768
[00:02:55] [worker #26] Bootstrap tree #859, logLikelihood: -3906.414305
[00:02:55] [worker #25] Bootstrap tree #858, logLikelihood: -3930.842316
[00:02:55] [worker #23] Bootstrap tree #856, logLikelihood: -3950.770528
[00:02:55] [worker #29] Bootstrap tree #862, logLikelihood: -4005.120168
[00:02:55] [worker #19] Bootstrap tree #852, logLikelihood: -3995.630285
00:02:55] [worker #14] Bootstrap tree #847, logLikelihood: -3996.502689
[00:02:55] [worker #2] Bootstrap tree #835, logLikelihood: -3919.749598
[00:02:55] [worker #5] Bootstrap tree #838, logLikelihood: -3984.553705
[00:02:55] [worker #15] Bootstrap tree #848, logLikelihood: -3973.151064
[00:02:55] [worker #1] Bootstrap tree #834, logLikelihood: -3886.440519
[00:02:55] [worker #8] Bootstrap tree #841, logLikelihood: -3948.643243
[00:02:55] [worker #9] Bootstrap tree #842, logLikelihood: -3962.948489
[00:02:55] [worker #13] Bootstrap tree #846, logLikelihood: -3967.610067
[00:02:55] [worker #12] Bootstrap tree #845, logLikelihood: -3963.295823
[00:02:55] [worker #18] Bootstrap tree #851, logLikelihood: -3941.124564
[00:02:55] [worker #27] Bootstrap tree #860, logLikelihood: -3997.739351
[00:02:55] [worker #0] Bootstrap tree #833, logLikelihood: -4005.886716
[00:02:55] [worker #22] Bootstrap tree #855, logLikelihood: -3865.175076
[00:02:55] [worker #7] Bootstrap tree #840, logLikelihood: -4005.535101
[00:02:55] [worker #4] Bootstrap tree #837, logLikelihood: -3952.217657
[00:02:55] [worker #21] Bootstrap tree #886, logLikelihood: -3972.780892
[00:02:55] [worker #17] Bootstrap tree #882, logLikelihood: -3859.184895
[00:02:55] [worker #30] Bootstrap tree #895, logLikelihood: -3885.264000
[00:02:55] [worker #20] Bootstrap tree #885, logLikelihood: -3930.175304
00:02:55] [worker #29] Bootstrap tree #894, logLikelihood: -3892.784081
[00:02:55] [worker #25] Bootstrap tree #890, logLikelihood: -3912.388468
00:02:55] [worker #24] Bootstrap tree #889, logLikelihood: -3946.888519
[00:02:55] [worker #10] Bootstrap tree #875, logLikelihood: -3967.294018
[00:02:55] [worker #14] Bootstrap tree #879, logLikelihood: -3887.180645
[00:02:55] [worker #28] Bootstrap tree #893, logLikelihood: -3958.575392
[00:02:55] [worker #19] Bootstrap tree #884, logLikelihood: -3972.210336
[00:02:55] [worker #31] Bootstrap tree #896, logLikelihood: -4009.955275
[00:02:55] [worker #5] Bootstrap tree #870, logLikelihood: -3920.883491
[00:02:55] [worker #23] Bootstrap tree #888, logLikelihood: -3902.301360
[00:02:55] [worker #3] Bootstrap tree #868, logLikelihood: -3978.817250
[00:02:55] [worker #3] Bootstrap tree #868, logLikelihood: -3978.817250
[00:02:55] [worker #11] Bootstrap tree #876, logLikelihood: -3976.636235
[00:02:55] [worker #8] Bootstrap tree #873, logLikelihood: -3950.161586
[00:02:55] [worker #2] Bootstrap tree #867, logLikelihood: -3845.377203
[00:02:55] [worker #15] Bootstrap tree #880, logLikelihood: -3996.692583
[00:02:55] [worker #26] Bootstrap tree #891, logLikelihood: -3910.941608
[00:02:55] [worker #16] Bootstrap tree #881, logLikelihood: -4052.239293
[00:02:55] [worker #18] Bootstrap tree #883, logLikelihood: -3962.797882
[00:02:55] [worker #9] Bootstrap tree #874, logLikelihood: -3938.839912
[00:02:55] [worker #1] Bootstrap tree #866, logLikelihood: -3946.111156
[00:02:55] [worker #4] Bootstrap tree #869, logLikelihood: -3940.206014
[00:02:55] [worker #13] Bootstrap tree #878, logLikelihood: -3919.598140
[00:02:55] [worker #6] Bootstrap tree #871, logLikelihood: -4000.207029
[00:02:55] [worker #12] Bootstrap tree #877, logLikelihood: -3956.552950
[00:02:55] [worker #27] Bootstrap tree #892, logLikelihood: -3972.745018
[00:02:55] [worker #22] Bootstrap tree #887, logLikelihood: -3987.381481
[00:02:55] [worker #7] Bootstrap tree #872, logLikelihood: -3891.930090
[00:02:55] [worker #0] Bootstrap tree #865, logLikelihood: -3926.830694
[00:03:29] [worker #30] Bootstrap tree #927, logLikelihood: -3906.659802
[00:03:29] [worker #8] Bootstrap tree #905, logLikelihood: -3971.535786
[00:03:29] [worker #6] Bootstrap tree #903, logLikelihood: -3941.423468
[00:03:29] [worker #18] Bootstrap tree #915, logLikelihood: -3953.361408
-3949.655236
[00:03:29] [worker #31] Bootstrap tree #928, logLikelihood: -3889.361083
[00:03:29] [worker #16] Bootstrap tree #913, logLikelihood: :03:29] [worker #1] Bootstrap tree #898, logLikelihood: -3881.774492
[00:03:29] [worker #16] Bootstrap tree #913, logLikelihood: :03:29] [worker #1] Bootstrap tree #898, logLikelihood: -3881.774492
-3940.263674
[00:03:29] [worker #13] Bootstrap tree #910, logLikelihood: -3967.549297
[00:03:29] [worker #7] Bootstrap tree #904, logLikelihood: -3991.852713
[00:03:29] [worker #22] Bootstrap tree #919, logLikelihood: -3967.586852
[00:03:29] [worker #2] Bootstrap tree #899, logLikelihood: -3905.691532
[00:03:29] [worker #19] Bootstrap tree #916, logLikelihood: -3964.497807
[00:03:29] [worker #14] Bootstrap tree #911, logLikelihood: -3915.501437
[00:03:29] [worker #28] Bootstrap tree #925, logLikelihood: -3931.644644
[00:03:29] [worker #27] Bootstrap tree #924, logLikelihood: -3976.172849
[00:03:29] [worker #24] Bootstrap tree #921, logLikelihood: -3932.564454
[00:03:29] [worker #23] Bootstrap tree #920, logLikelihood: -3976.489248
[00:03:29] [worker #4] Bootstrap tree #901, logLikelihood: -3844.391513
[00:03:29] [worker #21] Bootstrap tree #918, logLikelihood: -3951.818381
[00:03:29] [worker #12] Bootstrap tree #909, logLikelihood: -3988.261630
-3950.105069
[00:03:29] [worker #10] Bootstrap tree #907, logLikelihood: -3954.707576
[00:03:29] [worker #20] Bootstrap tree #917, logLikelihood: -3966.379226
[00:03:29] [worker #29] Bootstrap tree #926, logLikelihood: -3905.302666
[00:03:29] [worker #0] Bootstrap tree #897, logLikelihood: -3990.100022
[00:03:29] [worker #3] Bootstrap tree #900, logLikelihood: -3932.539485
[00:03:29] [worker #17] Bootstrap tree #914, logLikelihood: -3875.896748
[00:03:30] [worker #9] Bootstrap tree #906, logLikelihood: -3892.678706
[00:03:30] [worker #11] Bootstrap tree #908, logLikelihood: -3922.261055
[00:03:30] [worker #5] Bootstrap tree #902, logLikelihood: -4002.559157
[00:03:30] [worker #26] Bootstrap tree #923, logLikelihood: -4000.417533
[00:03:30] [worker #16] Bootstrap tree #945, logLikelihood: -3903.050177
[00:03:30] [worker #15] Bootstrap tree #944, logLikelihood: -3952.509279
[00:03:30] [worker #19] Bootstrap tree #948, logLikelihood: -3913.651070
[00:03:30] [worker #8] Bootstrap tree #937, logLikelihood: -3892.619874
[00:03:30] [worker #7] Bootstrap tree #936, logLikelihood: -3885.505561
[00:03:30] [worker #18] Bootstrap tree #947, logLikelihood: -3954.807009
[00:03:30] [worker #18] Bootstrap tree #947, logLikelihood: -3954.807009
[00:03:30] [worker #31] Bootstrap tree #960, logLikelihood: -3978.745764
[00:03:30] [worker #30] Bootstrap tree #959, logLikelihood: -4023.850474
[00:03:30] [worker #13] Bootstrap tree #942, logLikelihood: -3989.835849
[00:03:30] [worker #6] Bootstrap tree #935, logLikelihood: -3926.996178
[00:03:30] [worker #14] Bootstrap tree #943, logLikelihood: -3941.237664
[00:03:30] [worker #1] Bootstrap tree #930, logLikelihood: -3940.894327
[00:03:30] [worker #24] Bootstrap tree #953, logLikelihood: -3933.878453
[00:03:30] [worker #28] Bootstrap tree #957, logLikelihood: -3881.256511
[00:03:30] [worker #20] Bootstrap tree #949, logLikelihood: -3955.886158
[00:03:30] [worker #12] Bootstrap tree #941, logLikelihood: -3957.958228
[00:03:30] [worker #22] Bootstrap tree #951, logLikelihood: -3953.765203
[00:03:30] [worker #2] Bootstrap tree #931, logLikelihood: -3948.773724
[00:03:30] [worker #29] Bootstrap tree #958, logLikelihood: -3832.924489
[00:03:30] [worker #25] Bootstrap tree #954, logLikelihood: -3984.674318
[00:03:30] [worker #27] Bootstrap tree #956, logLikelihood: -3973.228127
[00:03:30] [worker #21] Bootstrap tree #950, logLikelihood: -3933.644722
[00:03:30] [worker #10] Bootstrap tree #939, logLikelihood: -3975.188500
[00:03:30] [worker #4] Bootstrap tree #933, logLikelihood: -3921.007903
[00:03:30] [worker #23] Bootstrap tree #952, logLikelihood: -3937.739147
[00:03:30] [worker #11] Bootstrap tree #940, logLikelihood: -3914.874837
[00:03:30] [worker #17] Bootstrap tree #946, logLikelihood: -3950.757253
[00:03:30] [worker #3] Bootstrap tree #932, logLikelihood: -4012.012827
[00:03:30] [worker #26] Bootstrap tree #955, logLikelihood: -3950.152790
[00:03:30] [worker #5] Bootstrap tree #934, logLikelihood: -3898.234992
[00:03:30] [worker #0] Bootstrap tree #929, logLikelihood: -3966.260419
[00:03:30] [worker #9] Bootstrap tree #938, logLikelihood: -3924.898556
[00:04:09] [worker #18] Bootstrap tree #979, logLikelihood: -3912.073352
[00:04:09] [worker #10] Bootstrap tree #971, logLikelihood: -3947.451042
[00:04:09] [worker #5] Bootstrap tree #966, logLikelihood: -3945.363671
[00:04:09] [worker #2] Bootstrap tree #963, logLikelihood: -3936.551375
[00:04:09] [worker #19] Bootstrap tree #980, logLikelihood: -3926.679015
[00:04:09] [worker #8] Bootstrap tree #969, logLikelihood: -3902.087261
[00:04:09] [worker #11] Bootstrap tree #972, logLikelihood: -3927.817229
[00:04:09] [worker #14] Bootstrap tree #975, logLikelihood: [-3957.780770

[00:04:09] [worker #22] Bootstrap tree #983, logLikelihood: -3871.252896
[00:04:09] [worker #7] Bootstrap tree #968, logLikelihood: -3968.970865
[00:04:09] [worker #20] Bootstrap tree #981, logLikelihood: -3969.135666
-3976.391545
[00:04:09] [worker #6] Bootstrap tree #967, logLikelihood: -3970.300307
[00:04:09] [worker #27] Bootstrap tree #988, logLikelihood: -3908.390294
[00:04:09] [worker #16] Bootstrap tree #977, logLikelihood: -3972.355475
[00:04:09] [worker #25] Bootstrap tree #986, logLikelihood: -3899.469982
[00:04:09] [worker #30] Bootstrap tree #991, logLikelihood: -3917.629863
[00:04:09] [worker #24] Bootstrap tree #985, logLikelihood: -3940.946081
[00:04:09] [worker #23] Bootstrap tree #984, logLikelihood: -3998.559300
[00:04:09] [worker #3] Bootstrap tree #964, logLikelihood: -3929.140560
[00:04:09] [worker #13] Bootstrap tree #974, logLikelihood: -3916.852195
[00:04:09] [worker #1] Bootstrap tree #962, logLikelihood: -3886.690939
[00:04:09] [worker #9] Bootstrap tree #970, logLikelihood: -3996.004818
[00:04:09] [worker #17] Bootstrap tree #978, logLikelihood: -3941.987220
[00:04:09] [worker #0] Bootstrap tree #961, logLikelihood: -3900.769204
[00:04:09] [worker #28] Bootstrap tree #989, logLikelihood: -3917.057085
[00:04:09] [worker #31] Bootstrap tree #992, logLikelihood: -3971.870265
[00:04:09] [worker #15] Bootstrap tree #976, logLikelihood: -3920.734244
[00:04:09] [worker #21] Bootstrap tree #982, logLikelihood: -3966.534665
[00:04:09] [worker #12] Bootstrap tree #973, logLikelihood: -3951.368765
[00:04:09] [worker #26] Bootstrap tree #987, logLikelihood: -3960.901417
[00:04:09] [worker #2] Bootstrap tree #995, logLikelihood: -3885.423044
[00:04:09] [worker #5] Bootstrap tree #998, logLikelihood: -3930.404480
[00:04:09] [worker #4] Bootstrap tree #997, logLikelihood: -3852.425315
[00:04:09] [worker #6] Bootstrap tree #999, logLikelihood: -3969.415270
[00:04:09] [worker #1] Bootstrap tree #994, logLikelihood: -3904.991546
[00:04:09] [worker #7] Bootstrap tree #1000, logLikelihood: -3971.704239
[00:04:09] [worker #3] Bootstrap tree #996, logLikelihood: -3907.878619
[00:04:09] [worker #0] Bootstrap tree #993, logLikelihood: -3890.415088

Optimized model parameters:

   Partition 0: noname
   Rate heterogeneity: GAMMA (4 cats, mean),  alpha: 0.020137 (ML),  weights&rates: (0.250000,0.000000) (0.250000,0.000000) (0.250000,0.000001) (0.250000,3.999999) 
   Base frequencies (ML): 0.337782 0.144416 0.120520 0.397281 
   Substitution rates (ML): 2.484717 0.588088 0.180302 2.753394 0.418995 1.000000 


Final LogLikelihood: -3956.771104

AIC score: 8045.542208 / AICc score: 8048.524002 / BIC score: 8442.684504
Free parameters (model + branch lengths): 66

WARNING: Best ML tree contains 23 near-zero branches!

Best ML tree with collapsed near-zero branches saved to: /mnt/lustre/RDS-live/downing/LSDV/GTPV_SPPV/results_SPPV/LSDV039.raxml.bestTreeCollapsed
Best ML tree saved to: /mnt/lustre/RDS-live/downing/LSDV/GTPV_SPPV/results_SPPV/LSDV039.raxml.bestTree
All ML trees saved to: /mnt/lustre/RDS-live/downing/LSDV/GTPV_SPPV/results_SPPV/LSDV039.raxml.mlTrees
Best ML tree with Felsenstein bootstrap (FBP) support values saved to: /mnt/lustre/RDS-live/downing/LSDV/GTPV_SPPV/results_SPPV/LSDV039.raxml.supportFBP
Best ML tree with Transfer bootstrap (TBE) support values saved to: /mnt/lustre/RDS-live/downing/LSDV/GTPV_SPPV/results_SPPV/LSDV039.raxml.supportTBE
Optimized model saved to: /mnt/lustre/RDS-live/downing/LSDV/GTPV_SPPV/results_SPPV/LSDV039.raxml.bestModel
Bootstrap trees saved to: /mnt/lustre/RDS-live/downing/LSDV/GTPV_SPPV/results_SPPV/LSDV039.raxml.bootstraps

Execution log saved to: /mnt/lustre/RDS-live/downing/LSDV/GTPV_SPPV/results_SPPV/LSDV039.raxml.log

Analysis started: 24-Nov-2025 16:27:49 / finished: 24-Nov-2025 16:32:38

Elapsed time: 289.269 seconds

