
RAxML-NG v. 1.2.2 released on 11.04.2024 by The Exelixis Lab.
Developed by: Alexey M. Kozlov and Alexandros Stamatakis.
Contributors: Diego Darriba, Tomas Flouri, Benoit Morel, Sarah Lutteropp, Ben Bettisworth, Julia Haag, Anastasis Togkousidis.
Latest version: https://github.com/amkozlov/raxml-ng
Questions/problems/suggestions? Please visit: https://groups.google.com/forum/#!forum/raxml

System: AMD EPYC 7543P 32-Core Processor, 32 cores, 995 GB RAM

RAxML-NG was called at 24-Nov-2025 15:33:53 as follows:

raxml-ng --all --msa region_LSDV132.aln --model GTR+G --prefix LSDV132 --seed 123 --bs-metric fbp,tbe --redo

Analysis options:
  run mode: ML tree search + bootstrapping (Felsenstein Bootstrap + Transfer Bootstrap)
  start tree(s): random (10) + parsimony (10)
  bootstrap replicates: parsimony (max: 1000) + bootstopping (autoMRE, cutoff: 0.030000)
  random seed: 123
  tip-inner: OFF
  pattern compression: ON
  per-rate scalers: OFF
  site repeats: ON
  logLH epsilon: general: 10.000000, brlen-triplet: 1000.000000
  fast spr radius: AUTO
  spr subtree cutoff: 1.000000
  fast CLV updates: ON
  branch lengths: proportional (ML estimate, algorithm: NR-FAST)
  SIMD kernels: AVX2
  parallelization: coarse-grained (auto), PTHREADS (auto)

WARNING: Running in REDO mode: existing checkpoints are ignored, and all result files will be overwritten!

[00:00:00] Reading alignment from file: region_LSDV132.aln
[00:00:00] Loaded alignment with 14 taxa and 534 sites

WARNING: Sequences NC_004003.1 and KX576657.1 are exactly identical!
WARNING: Sequences NC_004003.1 and AY077836.1 are exactly identical!
WARNING: Sequences NC_004003.1 and AY077835.1 are exactly identical!
WARNING: Sequences MW020570.1 and MN072620.1 are exactly identical!
WARNING: Sequences MN072625.1 and MN072623.1 are exactly identical!
WARNING: Duplicate sequences found: 5

NOTE: Reduced alignment (with duplicates and gap-only sites/taxa removed) 
NOTE: was saved to: /mnt/lustre/RDS-live/downing/LSDV/GTPV_SPPV/results_GTPV/LSDV132.raxml.reduced.phy

Alignment comprises 1 partitions and 21 patterns

Partition 0: noname
Model: GTR+FO+G4m
Alignment sites / patterns: 534 / 21
Gaps: 0.48 %
Invariant sites: 97.75 %


NOTE: Binary MSA file created: LSDV132.raxml.rba

Parallelization scheme autoconfig: 32 worker(s) x 1 thread(s)

[00:00:00] Generating 10 random starting tree(s) with 14 taxa
[00:00:00] Generating 10 parsimony starting tree(s) with 14 taxa
Parallel parsimony with 32 threads
Parallel reduction/worker buffer size: 1 KB  / 0 KB

[00:00:00] Data distribution: max. partitions/sites/weight per thread: 1 / 21 / 336
[00:00:00] Data distribution: max. searches per worker: 33

Starting ML tree search with 20 distinct starting trees

[00:00:00] [worker #18] ML tree search #19, logLikelihood: -742.464009
[00:00:00] [worker #16] ML tree search #17, logLikelihood: -742.464008
[00:00:00] [worker #2] ML tree search #3, logLikelihood: -742.464018
[00:00:00] [worker #15] ML tree search #16, logLikelihood: -742.464008
[00:00:00] [worker #10] ML tree search #11, logLikelihood: -742.464008
[00:00:01] [worker #1] ML tree search #2, logLikelihood: -742.464038
[00:00:01] [worker #13] ML tree search #14, logLikelihood: -742.464008
[00:00:01] [worker #14] ML tree search #15, logLikelihood: -742.464008
[00:00:01] [worker #6] ML tree search #7, logLikelihood: -742.464011
[00:00:01] [worker #11] ML tree search #12, logLikelihood: -742.464008
[00:00:01] [worker #8] ML tree search #9, logLikelihood: -742.464028
[00:00:01] [worker #7] ML tree search #8, logLikelihood: -742.464009
[00:00:01] [worker #9] ML tree search #10, logLikelihood: -742.464011
[00:00:01] [worker #12] ML tree search #13, logLikelihood: -742.464009
[00:00:01] [worker #3] ML tree search #4, logLikelihood: -742.464010
[00:00:01] [worker #19] ML tree search #20, logLikelihood: -742.464009
[00:00:01] [worker #4] ML tree search #5, logLikelihood: -742.464011
[00:00:01] [worker #17] ML tree search #18, logLikelihood: -742.464009
[00:00:01] [worker #0] ML tree search #1, logLikelihood: -742.464009
[00:00:01] [worker #5] ML tree search #6, logLikelihood: -742.464032

[00:00:01] ML tree search completed, best tree logLH: -742.464008

[00:00:01] Starting bootstrapping analysis with 1000 replicates.

[00:00:01] [worker #11] Bootstrap tree #12, logLikelihood: -699.427962
[00:00:02] [worker #25] Bootstrap tree #26, logLikelihood: -701.316912
[00:00:02] [worker #2] Bootstrap tree #3, logLikelihood: -795.685801
[00:00:02] [worker #30] Bootstrap tree #31, logLikelihood: -680.355001
[00:00:02] [worker #18] Bootstrap tree #19, logLikelihood: -711.559843
[00:00:02] [worker #1] Bootstrap tree #2, logLikelihood: -767.024661
[00:00:02] [worker #7] Bootstrap tree #8, logLikelihood: -717.012306
[00:00:02] [worker #27] Bootstrap tree #28, logLikelihood: -753.151012
[00:00:02] [worker #13] Bootstrap tree #14, logLikelihood: -741.176441
[00:00:02] [worker #15] Bootstrap tree #16, logLikelihood: -720.540636
[00:00:02] [worker #20] Bootstrap tree #21, logLikelihood: -705.570554
[00:00:02] [worker #23] Bootstrap tree #24, logLikelihood: -707.886573
[00:00:02] [worker #4] Bootstrap tree #5, logLikelihood: -728.488483
[00:00:02] [worker #0] Bootstrap tree #1, logLikelihood: -722.715836
[00:00:02] [worker #29] Bootstrap tree #30, logLikelihood: -738.386022
[00:00:02] [worker #16] Bootstrap tree #17, logLikelihood: -744.212056
[00:00:02] [worker #31] Bootstrap tree #32, logLikelihood: -773.149070
[00:00:02] [worker #12] Bootstrap tree #13, logLikelihood: -739.499971
[00:00:02] [worker #21] Bootstrap tree #22, logLikelihood: -757.176283
[00:00:02] [worker #10] Bootstrap tree #11, logLikelihood: -775.619357
[00:00:02] [worker #6] Bootstrap tree #7, logLikelihood: -711.004005
[00:00:02] [worker #19] Bootstrap tree #20, logLikelihood: -757.272049
[00:00:02] [worker #11] Bootstrap tree #44, logLikelihood: -746.272344
[00:00:02] [worker #17] Bootstrap tree #18, logLikelihood: -782.509713
[00:00:02] [worker #9] Bootstrap tree #10, logLikelihood: -788.018732
[00:00:02] [worker #14] Bootstrap tree #15, logLikelihood: -728.476039
[00:00:02] [worker #5] Bootstrap tree #6, logLikelihood: -758.866160
[00:00:02] [worker #3] Bootstrap tree #4, logLikelihood: -748.808653
[00:00:02] [worker #8] Bootstrap tree #9, logLikelihood: -714.695495
[00:00:02] [worker #28] Bootstrap tree #29, logLikelihood: -742.984108
[00:00:02] [worker #1] Bootstrap tree #34, logLikelihood: -722.981650
[00:00:02] [worker #24] Bootstrap tree #25, logLikelihood: -737.565647
[00:00:02] [worker #26] Bootstrap tree #27, logLikelihood: -715.267403
[00:00:02] [worker #22] Bootstrap tree #23, logLikelihood: -777.818076
[00:00:02] [worker #25] Bootstrap tree #58, logLikelihood: -711.833293
[00:00:02] [worker #13] Bootstrap tree #46, logLikelihood: -703.879148
[00:00:02] [worker #30] Bootstrap tree #63, logLikelihood: -769.350864
[00:00:02] [worker #27] Bootstrap tree #60, logLikelihood: -729.251561
[00:00:02] [worker #31] Bootstrap tree #64, logLikelihood: -706.443808
[00:00:02] [worker #2] Bootstrap tree #35, logLikelihood: -728.995069
[00:00:02] [worker #15] Bootstrap tree #48, logLikelihood: -725.533006
[00:00:02] [worker #7] Bootstrap tree #40, logLikelihood: -756.320322
[00:00:02] [worker #18] Bootstrap tree #51, logLikelihood: -752.907143
[00:00:02] [worker #12] Bootstrap tree #45, logLikelihood: -719.611563
[00:00:02] [worker #21] Bootstrap tree #54, logLikelihood: -735.780424
[00:00:02] [worker #29] Bootstrap tree #62, logLikelihood: -772.633371
[00:00:02] [worker #23] Bootstrap tree #56, logLikelihood: -744.031199
[00:00:02] [worker #9] Bootstrap tree #42, logLikelihood: -697.273491
[00:00:02] [worker #20] Bootstrap tree #53, logLikelihood: -702.276658
[00:00:02] [worker #19] Bootstrap tree #52, logLikelihood: -716.806407
[00:00:02] [worker #10] Bootstrap tree #43, logLikelihood: -727.345484
[00:00:02] [worker #0] Bootstrap tree #33, logLikelihood: -721.047897
[00:00:02] [worker #17] Bootstrap tree #50, logLikelihood: -708.268093
[00:00:02] [worker #3] Bootstrap tree #36, logLikelihood: -692.717539
[00:00:02] [worker #22] Bootstrap tree #55, logLikelihood: -738.044453
[00:00:02] [worker #4] Bootstrap tree #37, logLikelihood: -735.790091
[00:00:02] [worker #5] Bootstrap tree #38, logLikelihood: -731.581174
[00:00:02] [worker #26] Bootstrap tree #59, logLikelihood: -719.417523
[00:00:02] [worker #14] Bootstrap tree #47, logLikelihood: -770.276037
[00:00:02] [worker #28] Bootstrap tree #61, logLikelihood: -757.678834
[00:00:02] [worker #8] Bootstrap tree #41, logLikelihood: -742.513997
[00:00:02] [worker #24] Bootstrap tree #57, logLikelihood: -730.070389
[00:00:02] [worker #16] Bootstrap tree #49, logLikelihood: -741.813499
[00:00:02] [worker #6] Bootstrap tree #39, logLikelihood: -773.041500
[00:00:02] [worker #23] Bootstrap tree #88, logLikelihood: -722.806429
[00:00:02] [worker #31] Bootstrap tree #96, logLikelihood: -726.664149
[00:00:02] [worker #10] Bootstrap tree #75, logLikelihood: -757.251437
[00:00:02] [worker #1] Bootstrap tree #66, logLikelihood: -682.093581
[00:00:02] [worker #29] Bootstrap tree #94, logLikelihood: -684.648638
[00:00:02] [worker #5] Bootstrap tree #70, logLikelihood: -700.892049
[00:00:02] [worker #12] Bootstrap tree #77, logLikelihood: -695.093259
[00:00:02] [worker #26] Bootstrap tree #91, logLikelihood: -708.278264
[00:00:02] [worker #21] Bootstrap tree #86, logLikelihood: -714.475726
[00:00:02] [worker #11] Bootstrap tree #76, logLikelihood: -700.181848
[00:00:02] [worker #19] Bootstrap tree #84, logLikelihood: -747.358115
[00:00:02] [worker #7] Bootstrap tree #72, logLikelihood: -710.468457
[00:00:02] [worker #2] Bootstrap tree #67, logLikelihood: -715.998820
[00:00:02] [worker #9] Bootstrap tree #74, logLikelihood: -770.940958
[00:00:02] [worker #25] Bootstrap tree #90, logLikelihood: -713.951786
[00:00:02] [worker #28] Bootstrap tree #93, logLikelihood: -795.059059
[00:00:02] [worker #8] Bootstrap tree #73, logLikelihood: -735.663925
[00:00:02] [worker #14] Bootstrap tree #79, logLikelihood: -740.146000
[00:00:02] [worker #16] Bootstrap tree #81, logLikelihood: -750.312255
[00:00:02] [worker #27] Bootstrap tree #92, logLikelihood: -741.455649
[00:00:02] [worker #3] Bootstrap tree #68, logLikelihood: -771.789403
[00:00:02] [worker #17] Bootstrap tree #82, logLikelihood: -741.136619
[00:00:02] [worker #20] Bootstrap tree #85, logLikelihood: -741.428588
[00:00:03] [worker #15] Bootstrap tree #80, logLikelihood: -741.901125
[00:00:03] [worker #13] Bootstrap tree #78, logLikelihood: -769.478521
[00:00:03] [worker #31] Bootstrap tree #128, logLikelihood: -689.323013
[00:00:03] [worker #4] Bootstrap tree #69, logLikelihood: -715.755201
[00:00:03] [worker #22] Bootstrap tree #87, logLikelihood: -718.304744
[00:00:03] [worker #21] Bootstrap tree #118, logLikelihood: -701.280614
[00:00:03] [worker #30] Bootstrap tree #95, logLikelihood: -758.706469
[00:00:03] [worker #24] Bootstrap tree #89, logLikelihood: -774.291456
[00:00:03] [worker #23] Bootstrap tree #120, logLikelihood: -706.856109
[00:00:03] [worker #6] Bootstrap tree #71, logLikelihood: -747.353957
[00:00:03] [worker #1] Bootstrap tree #98, logLikelihood: -779.835226
[00:00:03] [worker #10] Bootstrap tree #107, logLikelihood: -786.316508
[00:00:03] [worker #0] Bootstrap tree #65, logLikelihood: -759.916116
[00:00:03] [worker #18] Bootstrap tree #83, logLikelihood: -745.867722
[00:00:03] [worker #26] Bootstrap tree #123, logLikelihood: -691.162220
[00:00:03] [worker #29] Bootstrap tree #126, logLikelihood: -751.267408
[00:00:03] [worker #12] Bootstrap tree #109, logLikelihood: -761.923917
[00:00:03] [worker #19] Bootstrap tree #116, logLikelihood: -698.159313
[00:00:03] [worker #5] Bootstrap tree #102, logLikelihood: -724.409901
[00:00:03] [worker #7] Bootstrap tree #104, logLikelihood: -710.978398
[00:00:03] [worker #2] Bootstrap tree #99, logLikelihood: -762.154024
[00:00:03] [worker #16] Bootstrap tree #113, logLikelihood: -750.284135
[00:00:03] [worker #27] Bootstrap tree #124, logLikelihood: -730.869035
[00:00:03] [worker #25] Bootstrap tree #122, logLikelihood: -763.797143
[00:00:03] [worker #9] Bootstrap tree #106, logLikelihood: -766.833226
[00:00:03] [worker #15] Bootstrap tree #112, logLikelihood: -709.883850
[00:00:03] [worker #17] Bootstrap tree #114, logLikelihood: -725.074507
[00:00:03] [worker #14] Bootstrap tree #111, logLikelihood: -730.309354
[00:00:03] [worker #8] Bootstrap tree #105, logLikelihood: -713.296347
[00:00:03] [worker #4] Bootstrap tree #101, logLikelihood: -688.262788
[00:00:03] [worker #28] Bootstrap tree #125, logLikelihood: -739.761233
[00:00:03] [worker #20] Bootstrap tree #117, logLikelihood: -748.063574
[00:00:03] [worker #22] Bootstrap tree #119, logLikelihood: -747.049908
[00:00:03] [worker #13] Bootstrap tree #110, logLikelihood: -731.786051
[00:00:03] [worker #6] Bootstrap tree #103, logLikelihood: -729.105207
[00:00:03] [worker #11] Bootstrap tree #108, logLikelihood: -737.353146
[00:00:03] [worker #30] Bootstrap tree #127, logLikelihood: -761.716527
[00:00:03] [worker #3] Bootstrap tree #100, logLikelihood: -754.620356
[00:00:03] [worker #24] Bootstrap tree #121, logLikelihood: -730.575548
[00:00:03] [worker #0] Bootstrap tree #97, logLikelihood: -750.630750
[00:00:03] [worker #18] Bootstrap tree #115, logLikelihood: -770.792008
[00:00:03] [worker #18] Bootstrap tree #147, logLikelihood: -709.032466
[00:00:03] [worker #2] Bootstrap tree #131, logLikelihood: -694.091082
[00:00:03] [worker #26] Bootstrap tree #155, logLikelihood: -745.199713
[00:00:03] [worker #6] Bootstrap tree #135, logLikelihood: -737.312004
[00:00:03] [worker #28] Bootstrap tree #157, logLikelihood: -718.042042
[00:00:04] [worker #23] Bootstrap tree #152, logLikelihood: -722.107282

[00:00:04] [worker #12] Bootstrap tree #141, logLikelihood: -728.517393
[00:00:04] [worker #30] Bootstrap tree #159, logLikelihood: -714.168399
[00:00:04] [worker #16] Bootstrap tree #145, logLikelihood: -700.243181
[00:00:04] [worker #11] Bootstrap tree #140, logLikelihood: -703.403788
[00:00:04] [worker #13] Bootstrap tree #142, logLikelihood: -749.243874
[00:00:04] [worker #20] Bootstrap tree #149, logLikelihood: -765.168744
[00:00:04] [worker #8] Bootstrap tree #137, logLikelihood: -710.953440
[00:00:04] [worker #10] Bootstrap tree #139, logLikelihood: -747.564322
00:00:04] [worker #1] Bootstrap tree #130, logLikelihood: -761.356595
[00:00:04] [worker #5] Bootstrap tree #134, logLikelihood: -753.391053
[00:00:04] [worker #7] Bootstrap tree #136, logLikelihood: -727.085070
[00:00:04] [worker #29] Bootstrap tree #158, logLikelihood: -766.121754
[00:00:04] [worker #21] Bootstrap tree #150, logLikelihood: -774.778086
[00:00:04] [worker #17] Bootstrap tree #146, logLikelihood: -754.307738
[00:00:04] [worker #3] Bootstrap tree #132, logLikelihood: -753.836216
[00:00:04] [worker #19] Bootstrap tree #148, logLikelihood: -707.824288
[00:00:04] [worker #31] Bootstrap tree #160, logLikelihood: -773.754809
[00:00:04] [worker #15] Bootstrap tree #144, logLikelihood: -739.732291
[00:00:04] [worker #27] Bootstrap tree #156, logLikelihood: -739.936771
[00:00:04] [worker #24] Bootstrap tree #153, logLikelihood: -729.065257
[00:00:04] [worker #4] Bootstrap tree #133, logLikelihood: -746.909143
[00:00:04] [worker #14] Bootstrap tree #143, logLikelihood: -774.103698
[00:00:04] [worker #26] Bootstrap tree #187, logLikelihood: -719.154242
[00:00:04] [worker #0] Bootstrap tree #129, logLikelihood: -782.188876
[00:00:04] [worker #9] Bootstrap tree #138, logLikelihood: -723.305320
[00:00:04] [worker #28] Bootstrap tree #189, logLikelihood: -710.679175
[00:00:04] [worker #18] Bootstrap tree #179, logLikelihood: -758.674391
[00:00:04] [worker #25] Bootstrap tree #154, logLikelihood: -702.386030
[00:00:04] [worker #17] Bootstrap tree #178, logLikelihood: -781.688215
[00:00:04] [worker #2] Bootstrap tree #163, logLikelihood: -764.735198
[00:00:04] [worker #6] Bootstrap tree #167, logLikelihood: -757.169015
[00:00:04] [worker #10] Bootstrap tree #171, logLikelihood: -720.276269
[00:00:04] [worker #23] Bootstrap tree #184, logLikelihood: -743.495699
[00:00:04] [worker #30] Bootstrap tree #191, logLikelihood: -736.063855
[00:00:04] [worker #21] Bootstrap tree #182, logLikelihood: -711.679569
[00:00:04] [worker #11] Bootstrap tree #172, logLikelihood: -769.932772
[00:00:04] [worker #29] Bootstrap tree #190, logLikelihood: -729.479002
[00:00:04] [worker #20] Bootstrap tree #181, logLikelihood: -796.062130
[00:00:04] [worker #7] Bootstrap tree #168, logLikelihood: -739.634218
[00:00:04] [worker #14] Bootstrap tree #175, logLikelihood: -732.732805
[00:00:04] [worker #19] Bootstrap tree #180, logLikelihood: -787.888411
[00:00:04] [worker #9] Bootstrap tree #170, logLikelihood: -690.514183
[00:00:04] [worker #8] Bootstrap tree #169, logLikelihood: -730.620929
[[[[00:00:04] [worker #12] Bootstrap tree #173, logLikelihood: -714.571093
00:00:04] [worker #13] Bootstrap tree #174, logLikelihood: -762.194451
00:00:04] [worker #16] Bootstrap tree #177, logLikelihood: -789.631624
00:00:04] [worker #5] Bootstrap tree #166, logLikelihood: -731.292895
[00:00:04] [worker #4] Bootstrap tree #165, logLikelihood: -737.072504
[00:00:04] [worker #15] Bootstrap tree #176, logLikelihood: -713.550772
[00:00:04] [worker #1] Bootstrap tree #162, logLikelihood: -696.222883
[00:00:04] [worker #24] Bootstrap tree #185, logLikelihood: -704.345360
[00:00:04] [worker #0] Bootstrap tree #161, logLikelihood: -719.563050
[00:00:04] [worker #22] Bootstrap tree #183, logLikelihood: -740.276748
[00:00:04] [worker #31] Bootstrap tree #192, logLikelihood: -714.005220
[00:00:04] [worker #3] Bootstrap tree #164, logLikelihood: -727.165172
[00:00:04] [worker #27] Bootstrap tree #188, logLikelihood: -775.630849
[00:00:04] [worker #25] Bootstrap tree #186, logLikelihood: -747.319655
[00:00:05] [worker #22] Bootstrap tree #215, logLikelihood: -732.439316
[00:00:05] [worker #6] Bootstrap tree #199, logLikelihood: -672.536204
[00:00:05] [worker #13] Bootstrap tree #206, logLikelihood: -742.235061
[00:00:05] [worker #28] Bootstrap tree #221, logLikelihood: -741.574079
[00:00:05] [worker #27] Bootstrap tree #220, logLikelihood: -698.983969
[00:00:05] [worker #19] Bootstrap tree #212, logLikelihood: -748.371381
[00:00:05] [worker #8] Bootstrap tree #201, logLikelihood: -763.161116
[00:00:05] [worker #12] Bootstrap tree #205, logLikelihood: -693.372247
[00:00:05] [worker #17] Bootstrap tree #210, logLikelihood: -705.132508
[00:00:05] [worker #21] Bootstrap tree #214, logLikelihood: -705.687328
[00:00:05] [worker #2] Bootstrap tree #195, logLikelihood: -744.893823
[00:00:05] [worker #29] Bootstrap tree #222, logLikelihood: [-721.337474
-701.108642[00:00:05] [worker #25] Bootstrap tree #218, logLikelihood: 
-701.108642[00:00:05] [worker #25] Bootstrap tree #218, logLikelihood: 
-731.027605
[00:00:05] [worker #18] Bootstrap tree #211, logLikelihood: -686.659505
[00:00:05] [work207, logLikelihood: [00:00:05] [worker #16] Bootstrap tree #209, logLikelihood: -748.733099
00[00:00:05] [worker #11] Bootstrap tree #204, logLikelihood: -721.188719
-734.683402
, logLikelihood: -749.645758
[00:00:05] [worker #30] Bootstrap tree #223, logLikelihood: -744.261478
[00:00:05] [worker #4] Bootstrap tree #197, logLikelihood: -751.363769
[00:00:05] [worker #15] Bootstrap tree #208, logLikelihood: -740.789151
[00:00:05] [worker #31] Bootstrap tree #224, logLikelihood: -755.587080
[00:00:05] [worker #24] Bootstrap tree #217, logLikelihood: -724.147509
[00:00:05] [worker #5] Bootstrap tree #198, logLikelihood: -736.936359
[00:00:05] [worker #20] Bootstrap tree #213, logLikelihood: -783.879298
[00:00:05] [worker #3] Bootstrap tree #196, logLikelihood: -713.956857
[00:00:05] [worker #6] Bootstrap tree #231, logLikelihood: -700.038214
[00:00:05] [worker #9] Bootstrap tree #202, logLikelihood: -761.174690
[00:00:05] [worker #23] Bootstrap tree #216, logLikelihood: -758.765100
[00:00:05] [worker #26] Bootstrap tree #219, logLikelihood: -708.134202
[00:00:05] [worker #1] Bootstrap tree #194, logLikelihood: -723.373193
[00:00:05] [worker #13] Bootstrap tree #238, logLikelihood: -746.999393
[00:00:05] [worker #19] Bootstrap tree #244, logLikelihood: -772.434209
[00:00:05] [worker #0] Bootstrap tree #193, logLikelihood: -709.943408
[00:00:05] [worker #21] Bootstrap tree #246, logLikelihood: -754.856734
[00:00:05] [worker #25] Bootstrap tree #250, logLikelihood: -712.123301
[00:00:05] [worker #27] Bootstrap tree #252, logLikelihood: -773.653230
[00:00:05] [worker #2] Bootstrap tree #227, logLikelihood: -734.290854
:00:05] [worker #28] Bootstrap tree #253, logLikelihood: -716.842568
[00:00:05] [worker #11] Bootstrap tree #236, logLikelihood: -764.955629
-730.407192
[00:00:05] [worker #29] Bootstrap tree #254, logLikelihood: -757.445520
[00:00:05] [worker #22] Bootstrap tree #247, logLikelihood: -727.331005
[00:00:05] [worker #16] Bootstrap tree #241, logLikelihood: -732.627598
[00:00:05] [worker #4] Bootstrap tree #229, logLikelihood: -747.174423
[00:00:05] [worker #7] Bootstrap tree #232, logLikelihood: -726.160626
[00:00:05] [worker #18] Bootstrap tree #243, logLikelihood: -773.533455
[00:00:05] [worker #30] Bootstrap tree #255, logLikelihood: -721.268427
-699.155146
[00:00:05] [worker #24] Bootstrap tree #249, logLikelihood: -745.213355
[00:00:05] [worker #8] Bootstrap tree #233, logLikelihood: -722.459568
[00:00:05] [worker #23] Bootstrap tree #248, logLikelihood: -745.157621
[00:00:05] [worker #15] Bootstrap tree #240, logLikelihood: -724.825398
[00:00:05] [worker #10] Bootstrap tree #235, logLikelihood: -752.457893
[00:00:05] [worker #9] Bootstrap tree #234, logLikelihood: -745.214314
[00:00:05] [worker #31] Bootstrap tree #256, logLikelihood: -752.198553
[00:00:05] [worker #20] Bootstrap tree #245, logLikelihood: -723.634692
[00:00:05] [worker #17] Bootstrap tree #242, logLikelihood: -738.317293
[00:00:05] [worker #1] Bootstrap tree #226, logLikelihood: -759.278274
[00:00:05] [worker #5] Bootstrap tree #230, logLikelihood: -727.254378
[00:00:05] [worker #26] Bootstrap tree #251, logLikelihood: -718.801880
[00:00:05] [worker #14] Bootstrap tree #239, logLikelihood: -745.724532
[00:00:05] [worker #0] Bootstrap tree #225, logLikelihood: -749.224113
[00:00:06] [worker #6] Bootstrap tree #263, logLikelihood: -717.012851
[00:00:06] [worker #20] Bootstrap tree #277, logLikelihood: -763.479216
[00:00:06] [worker #27] Bootstrap tree #284, logLikelihood: -722.429885
[00:00:06] [worker #31] Bootstrap tree #288, logLikelihood: -723.378481
[00:00:06] [worker #5] Bootstrap tree #262, logLikelihood: -718.641714
[00:00:06] [worker #0] Bootstrap tree #257, logLikelihood: -693.720335
[00:00:06] [worker #14] Bootstrap tree #271, logLikelihood: -779.545192
[00:00:06] [worker #1] Bootstrap tree #258, logLikelihood: -723.828129
[00:00:06] [worker #10] Bootstrap tree #267, logLikelihood: -685.487806
[00:00:06] [worker #22] Bootstrap tree #279, logLikelihood: -753.415425
[00:00:06] [worker #28] Bootstrap tree #285, logLikelihood: [-750.34382300
[00:00:06] [worker #28] Bootstrap tree #285, logLikelihood: [-750.34382300
:00:06] [worker #15] Bootstrap tree #272, logLikelihood: -752.409548
[00:00:06] [worker #25] Bootstrap tree #282, logLikelihood: -778.769317
[00:00:06] [worker #2] Bootstrap tree #259, logLikelihood: -709.310204
[00:00:06] [worker #18] Bootstrap tree #275, logLikelihood: -764.063266
[00:00:06] [worker #30] Bootstrap tree #287, logLikelihood: -761.193899
[00:00:06] [worker #24] Bootstrap tree #281, logLikelihood: -713.750624
[00:00:06] [worker #12] Bootstrap tree #269, logLikelihood: -758.572503
[00:00:06] [worker #3] Bootstrap tree #260, logLikelihood: -768.106070
[00:00:06] [worker #23] Bootstrap tree #280, logLikelihood: -726.122885
[00:00:06] [worker #11] Bootstrap tree #268, logLikelihood: -724.564235
[00:00:06] [worker #4] Bootstrap tree #261, logLikelihood: -728.978455
[00:00:06] [worker #16] Bootstrap tree #273, logLikelihood: -705.974105
[00:00:06] [worker #7] Bootstrap tree #264, logLikelihood: -695.636682
[00:00:06] [worker #19] Bootstrap tree #276, logLikelihood: -703.120238
[00:00:07] [worker #21] Bootstrap tree #278, logLikelihood: -753.548062
[00:00:07] [worker #6] Bootstrap tree #295, logLikelihood: -725.075036
[00:00:07] [worker #8] Bootstrap tree #265, logLikelihood: -776.383513
[00:00:07] [worker #26] Bootstrap tree #283, logLikelihood: -746.466385
[00:00:07] [worker #13] Bootstrap tree #270, logLikelihood: -746.520999
[00:00:07] [worker #29] Bootstrap tree #286, logLikelihood: -759.193185
[00:00:07] [worker #9] Bootstrap tree #266, logLikelihood: -722.210569
[00:00:07] [worker #25] Bootstrap tree #314, logLikelihood: -739.944887
[00:00:07] [worker #20] Bootstrap tree #309, logLikelihood: -775.770806
[00:00:07] [worker #18] Bootstrap tree #307, logLikelihood: -719.051345
[00:00:07] [worker #14] Bootstrap tree #303, logLikelihood: -696.607736
[00:00:07] [worker #27] Bootstrap tree #316, logLikelihood: -758.559217
[00:00:07] [worker #31] Bootstrap tree #320, logLikelihood: -733.355138
[00:00:07] [worker #22] Bootstrap tree #311, logLikelihood: -737.954561
[00:00:07] [worker #7] Bootstrap tree #296, logLikelihood: -723.233844
[00:00:07] [worker #5] Bootstrap tree #294, logLikelihood: -733.301357
[00:00:07] [worker #30] Bootstrap tree #319, logLikelihood: -740.804133
[00:00:07] [worker #26] Bootstrap tree #315, logLikelihood: -737.922966
[00:00:07] [worker #28] Bootstrap tree #317, logLikelihood: -749.172612
[00:00:07] [worker #2] Bootstrap tree #291, logLikelihood: -715.051529
[00:00:07] [worker #10] Bootstrap tree #299, logLikelihood: -749.188904
[00:00:07] [worker #4] Bootstrap tree #293, logLikelihood: -737.827557
[00:00:07] [worker #23] Bootstrap tree #312, logLikelihood: -724.463242
[worker #17] Bootstrap tree #274, logLikelihood: -739.259244
[00:00:07] [worker #16] Bootstrap tree #305, logLikelihood: -744.798289
[00:00:07] [worker #12] Bootstrap tree #301, logLikelihood: -709.923704
[00:00:07] [worker #8] Bootstrap tree #297, logLikelihood: -765.971073
[00:00:07] [worker #1] Bootstrap tree #290, logLikelihood: -768.276196
[00:00:07] [worker #3] Bootstrap tree #292, logLikelihood: -710.595060
[00:00:07] [worker #0] Bootstrap tree #289, logLikelihood: -735.871014
[00:00:07] [worker #15] Bootstrap tree #304, logLikelihood: -742.472776
[[[[[00:00:07] [worker #19] Bootstrap tree #308, logLikelihood: -699.298000
00:00:07] 00:00:07] [worker #21] Bootstrap tree #310, logLikelihood: -695.589756
[worker #9] [worker #24] Bootstrap tree #313, logLikelihood: -724.997200
Bootstrap tree #298, logLikelihood: -715.611856
00:00:07] [worker #13] Bootstrap tree #302, logLikelihood: -721.835303
[00:00:07] [worker #11] Bootstrap tree #300, logLikelihood: -744.709275
[00:00:07] [worker #29] Bootstrap tree #318, logLikelihood: -767.432341
[00:00:07] [worker #17] Bootstrap tree #306, logLikelihood: -747.213992
[00:00:08] [worker #0] Bootstrap tree #321, logLikelihood: -744.286276
[00:00:08] [worker #3] Bootstrap tree #324, logLikelihood: -719.702371
[00:00:08] [worker #22] Bootstrap tree #343, logLikelihood: -711.881841
[00:00:08] [worker #12] Bootstrap tree #333, logLikelihood: -738.960915
[00:00:08] [worker #23] Bootstrap tree #344, logLikelihood: -740.031393
00:00:08] [worker #20] Bootstrap tree #341, logLikelihood: -765.683568
[00:00:08] [worker #1] Bootstrap tree #322, logLikelihood: -742.334788
00[[[:00:08] [worker #8] Bootstrap tree #329, logLikelihood: -739.985727
:00-756.106135:08] [worker #29] Bootstrap tree #350, logLikelihood: -683.2959240:00-756.106135:08] [worker #29] Bootstrap tree #350, logLikelihood: -683.29592400:00:08] [worker #14] Bootstrap tree #335, logLikelihood: 
:00-756.106135:08] [worker #29] Bootstrap tree #350, logLikelihood: -683.29592400:00:08] [worker #14] Bootstrap tree #335, logLikelihood: 
-710.973491
[00:00:08] [worker #5] Bootstrap tree #326, logLikelihood: -660.641159
[00:00:08] [worker #27] Bootstrap tree #348, logLikelihood: -732.627050
[00:00:08] [worker #28] Bootstrap tree #349, logLikelihood: -748.256651
[00:00:08] [worker #28] Bootstrap tree #349, logLikelihood: -748.256651
[00:00:08] [worker #30] Bootstrap tree #351, logLikelihood: -734.015664
[00:00:08] [worker #7] Bootstrap tree #328, logLikelihood: -744.876894
[00:00:08] [worker #31] Bootstrap tree #352, logLikelihood: -730.764270
[00:00:08] [worker #18] Bootstrap tree #339, logLikelihood: -756.011308
[00:00:08] [worker #16] Bootstrap tree #337, logLikelihood: -718.364963
[00:00:08] [worker #17] Bootstrap tree #338, logLikelihood: -707.714729
[00:00:08] [worker #2] Bootstrap tree #323, logLikelihood: -720.175125
00:00:08] [worker #24] Bootstrap tree #345, logLikelihood: -672.075504
[00:00:08] [worker #26] Bootstrap tree #347, logLikelihood: -708.706523
[00:00:08] [worker #21] Bootstrap tree #342, logLikelihood: -687.999519
[00:00:08] [worker #25] Bootstrap tree #346, logLikelihood: -754.657146
[00:00:08] [worker #10] Bootstrap tree #331, logLikelihood: -716.127345
[00:00:08] [worker #9] Bootstrap tree #330, logLikelihood: -748.081633
[00:00:08] [worker #15] Bootstrap tree #336, logLikelihood: -741.718098
[00:00:08] [worker #19] Bootstrap tree #340, logLikelihood: -683.647453
[00:00:08] [worker #6] Bootstrap tree #327, logLikelihood: -744.232541
[00:00:08] [worker #13] Bootstrap tree #334, logLikelihood: -728.896762
[00:00:08] [worker #4] Bootstrap tree #325, logLikelihood: -746.868348
[00:00:08] [worker #3] Bootstrap tree #356, logLikelihood: -706.586417
[00:00:08] [worker #28] Bootstrap tree #381, logLikelihood: -721.639357
[00:00:08] [worker #11] Bootstrap tree #364, logLikelihood: -710.808490
[00:00:08] [worker #22] Bootstrap tree #375, logLikelihood: -751.260899
[00:00:08] [worker #27] Bootstrap tree #380, logLikelihood: -721.485358
[00:00:08] [worker #10] Bootstrap tree #363, logLikelihood: -695.303376
[00:00:09] [worker #1] Bootstrap tree #354, logLikelihood: -734.656979
[00:00:09] [worker #8] Bootstrap tree #361, logLikelihood: -765.774688
[00:00:09] [worker #14] Bootstrap tree #367, logLikelihood: -732.488578
00:00:09] [worker #7] Bootstrap tree #360, logLikelihood: -719.017722
[00:00:09] [worker #0] Bootstrap tree #353, logLikelihood: -738.708228
[00:00:09] [worker #9] Bootstrap tree #362, logLikelihood: -756.524958
[00:00:09] [worker #16] Bootstrap tree #369, logLikelihood: -768.874883
[00:00:09] [worker #30] Bootstrap tree #383, logLikelihood: -686.670492
[00:00:09] [worker #26] Bootstrap tree #379, logLikelihood: -736.666546
[00:00:09] [worker #21] Bootstrap tree #374, logLikelihood: -730.610508
[00:00:09] [worker #15] Bootstrap tree #368, logLikelihood: -699.789851
[00:00:09] [worker #23] Bootstrap tree #376, logLikelihood: -762.342638
[00:00:09] [worker #13] Bootstrap tree #366, logLikelihood: -710.251340
[00:00:09] [worker #31] Bootstrap tree #384, logLikelihood: -756.564245
[00:00:09] [worker #12] Bootstrap tree #365, logLikelihood: -734.406826
[00:00:09] [worker #29] Bootstrap tree #382, logLikelihood: -732.965070
[00:00:09] [worker #25] Bootstrap tree #378, logLikelihood: -741.385921
[00:00:09] [worker #2] Bootstrap tree #355, logLikelihood: -771.877459
[00:00:09] [worker #24] Bootstrap tree #377, logLikelihood: -718.851486
[00:00:09] [worker #5] Bootstrap tree #358, logLikelihood: -730.225045
[00:00:09] [worker #4] Bootstrap tree #357, logLikelihood: -768.932295
[00:00:09] [worker #18] Bootstrap tree #371, logLikelihood: -735.051258
[00:00:09] [worker #19] Bootstrap tree #372, logLikelihood: -703.579681
[00:00:09] [worker #6] Bootstrap tree #359, logLikelihood: -715.846820
[00:00:09] [worker #17] Bootstrap tree #370, logLikelihood: -730.840212
[00:00:09] [worker #20] Bootstrap tree #373, logLikelihood: -742.426156
[00:00:09] [worker #26] Bootstrap tree #411, logLikelihood: -694.755103
[00:00:09] [worker #15] Bootstrap tree #400, logLikelihood: -749.654593
[00:00:10] [worker #10] Bootstrap tree #395, logLikelihood: -698.043240
[00:00:10] [worker #13] Bootstrap tree #398, logLikelihood: -716.120156
[00:00:10] [worker #1] Bootstrap tree #386, logLikelihood: -702.783486
[00:00:10] [worker #27] Bootstrap tree #412, logLikelihood: [00:00:10] [worker #30] Bootstrap tree #415, logLikelihood: -666.824295-760.083436
[00:00:10] [worker #27] Bootstrap tree #412, logLikelihood: [00:00:10] [worker #30] Bootstrap tree #415, logLikelihood: -666.824295-760.083436
[00:00:10] [worker #17] Bootstrap tree #402, logLikelihood: -739.305496
[00:00:10] [worker #4] Bootstrap tree #389, logLikelihood: -722.351239
[00:00:10] [worker #25] Bootstrap tree #410, logLikelihood: -742.877809
[00:00:10] [worker #21] Bootstrap tree #406, logLikelihood: -742.461323
[00:00:10] [worker #3] Bootstrap tree #388, logLikelihood: -727.682191
[00:00:10] [worker #24] Bootstrap tree #409, logLikelihood: -737.296759
[00:00:10] [worker #28] Bootstrap tree #413, logLikelihood: -706.071267
[00:00:10] [worker #18] Bootstrap tree #403, logLikelihood: -709.884613
[00:00:10] [worker #6] Bootstrap tree #391, logLikelihood: -765.174418
[00:00:10] [worker #14] Bootstrap tree #399, logLikelihood: -762.403523
[00:00:10] [worker #12] Bootstrap tree #397, logLikelihood: -693.009691
[00:00:10] [worker #20] Bootstrap tree #405, logLikelihood: -737.238247
[00:00:10] [worker #11] Bootstrap tree #396, logLikelihood: -713.828474
[00:00:10] [worker #22] Bootstrap tree #407, logLikelihood: -732.102914
[00:00:10] [worker #31] Bootstrap tree #416, logLikelihood: -763.782857
[00:00:10] [worker #19] Bootstrap tree #404, logLikelihood: -707.848766
[00:00:10] [worker #16] Bootstrap tree #401, logLikelihood: -765.957197
[00:00:10] [worker #9] Bootstrap tree #394, logLikelihood: -749.837363
[00:00:10] [worker #29] Bootstrap tree #414, logLikelihood: -722.305847
, logLikelihood: -739.814050
[00:00:10] [worker #7] Bootstrap tree #392, logLikelihood: -711.004446
[00:00:10] [worker #26] Bootstrap tree #443, logLikelihood: -709.575119
[00:00:10] [worker #5] Bootstrap tree #390, logLikelihood: -689.355067
[00:00:10] [worker #8] Bootstrap tree #393, logLikelihood: -737.940845
[00:00:10] [worker #2] Bootstrap tree #387, logLikelihood: -729.811005
[00:00:10] [worker #3] Bootstrap tree #420, logLikelihood: -731.635483
[00:00:10] [worker #10] Bootstrap tree #427, logLikelihood: -753.626619
[00:00:10] [worker #15] Bootstrap tree #432, logLikelihood: -727.274526
[00:00:10] [worker #18] Bootstrap tree #435, logLikelihood: -700.869473
[00:00:10] [worker #17] Bootstrap tree #434, logLikelihood: -710.860732
[00:00:10] [worker #0] Bootstrap tree #385, logLikelihood: -765.410697
[00:00:10] [worker #1] Bootstrap tree #418, logLikelihood: -733.863730
[00:00:10] [worker #13] Bootstrap tree #430, logLikelihood: -744.865638
[00:00:10] [worker #12] Bootstrap tree #429, logLikelihood: -713.426585
[00:00:10] [worker #28] Bootstrap tree #445, logLikelihood: -707.633963
[00:00:10] [worker #30] Bootstrap tree #447, logLikelihood: -723.776468
[00:00:10] [worker #27] Bootstrap tree #444, logLikelihood: -724.205012
[00:00:10] [worker #21] Bootstrap tree #438, logLikelihood: -728.614656
[00:00:10] [worker #14] Bootstrap tree #431, logLikelihood: -720.479560
[00:00:10] [worker #22] Bootstrap tree #439, logLikelihood: -780.843228
[00:00:10] [worker #8] Bootstrap tree #425, logLikelihood: -725.888812
[00:00:10] [worker #20] Bootstrap tree #437, logLikelihood: -787.598661
[00:00:10] [worker #6] Bootstrap tree #423, logLikelihood: -727.893999
[00:00:10] [worker #31] Bootstrap tree #448, logLikelihood: -745.968925
[00:00:10] [worker #25] Bootstrap tree #442, logLikelihood: -723.536898
[00:00:10] [worker #19] Bootstrap tree #436, logLikelihood: -745.124114
[00:00:10] [worker #24] Bootstrap tree #441, logLikelihood: -729.277108
[00:00:10] [worker #5] Bootstrap tree #422, logLikelihood: -747.760678
[00:00:10] [worker #16] Bootstrap tree #433, logLikelihood: -697.564408
[00:00:10] [worker #11] Bootstrap tree #428, logLikelihood: -740.013556
[00:00:10] [worker #4] Bootstrap tree #421, logLikelihood: -769.116336
[00:00:10] [worker #9] Bootstrap tree #426, logLikelihood: -714.916711
[00:00:10] [worker #23] Bootstrap tree #440, logLikelihood: -744.887373
[00:00:10] [worker #29] Bootstrap tree #446, logLikelihood: -775.960474
[00:00:10] [worker #7] Bootstrap tree #424, logLikelihood: -745.515507
[00:00:10] [worker #2] Bootstrap tree #419, logLikelihood: -730.332143
[00:00:10] [worker #0] Bootstrap tree #417, logLikelihood: -777.969424
[00:00:12] [worker #13] Bootstrap tree #462, logLikelihood: -684.606814
[00:00:12] [worker #5] Bootstrap tree #454, logLikelihood: -706.398456
[00:00:12] [worker #29] Bootstrap tree #478, logLikelihood: -737.044831
[00:00:12] [worker #20] Bootstrap tree #469, logLikelihood: -712.118658
[00:00:12] [worker #27] Bootstrap tree #476, logLikelihood: -692.869697
[00:00:12] [worker #25] Bootstrap tree #474, logLikelihood: -767.230115
[00:00:12] [worker #15] Bootstrap tree #464, logLikelihood: -754.255260
[00:00:12] [worker #15] Bootstrap tree #464, logLikelihood: -754.255260
[00:00:12] [worker #31] Bootstrap tree #480, logLikelihood: -738.496858
[00:00:12] [worker #24] Bootstrap tree #473, logLikelihood: -735.889843
[00:00:12] [worker #10] Bootstrap tree #459, logLikelihood: -719.775686
[00:00:12] [worker #11] Bootstrap tree #460, logLikelihood: -708.818446
[00:00:12] [worker #30] Bootstrap tree #479, logLikelihood: -769.068394
[00:00:12] [worker #2] Bootstrap tree #451, logLikelihood: -735.932854
[00:00:12] [worker #28] Bootstrap tree #477, logLikelihood: -763.026875
[00:00:12] [worker #14] Bootstrap tree #463, logLikelihood: -741.172803
[00:00:12] [worker #7] Bootstrap tree #456, logLikelihood: -753.068172
[00:00:12] [worker #23] Bootstrap tree #472, logLikelihood: -748.159644
[00:00:12] [worker #19] Bootstrap tree #468, logLikelihood: -719.044772
[00:00:12] [worker #18] Bootstrap tree #467, logLikelihood: -722.847297
[00:00:12] [worker #26] Bootstrap tree #475, logLikelihood: -812.734698
[00:00:12] [worker #1] Bootstrap tree #450, logLikelihood: -754.949956
[00:00:12] [worker #4] Bootstrap tree #453, logLikelihood: -728.215177
[00:00:12] [worker #16] Bootstrap tree #465, logLikelihood: -732.729417
[00:00:12] [worker #12] Bootstrap tree #461, logLikelihood: -751.284389
[00:00:12] [worker #21] Bootstrap tree #470, logLikelihood: -781.866710
[00:00:12] [worker #8] Bootstrap tree #457, logLikelihood: -769.326300
[[00:00:12] [worker #5] Bootstrap tree #486, logLikelihood: :00:12] [worker #17] Bootstrap tree #466, logLikelihood: -749.275521
[[00:00:12] [worker #5] Bootstrap tree #486, logLikelihood: :00:12] [worker #17] Bootstrap tree #466, logLikelihood: -749.275521
-720.899012
[00:00:12] [worker #22] Bootstrap tree #471, logLikelihood: -726.847313
[00:00:12] [worker #3] Bootstrap tree #452, logLikelihood: -766.808760
[00:00:12] [worker #28] Bootstrap tree #509, logLikelihood: -709.506028
[00:00:12] [worker #9] Bootstrap tree #458, logLikelihood: -717.727430
[00:00:12] [worker #24] Bootstrap tree #505, logLikelihood: -736.388457
[00:00:12] [worker #6] Bootstrap tree #455, logLikelihood: -720.293438
[00:00:12] [worker #27] Bootstrap tree #508, logLikelihood: -718.204905
[00:00:12] [worker #13] Bootstrap tree #494, logLikelihood: -736.748268
[00:00:12] [worker #0] Bootstrap tree #449, logLikelihood: -720.620639
[00:00:12] [worker #29] Bootstrap tree #510, logLikelihood: -712.425324
[00:00:12] [worker #20] Bootstrap tree #501, logLikelihood: -752.011441
[00:00:12] [worker #19] Bootstrap tree #500, logLikelihood: -771.198992
[00:00:12] [worker #10] Bootstrap tree #491, logLikelihood: -749.859215
[00:00:12] [worker #15] Bootstrap tree #496, logLikelihood: [-701.257254
-745.290569
[00:00:12] [worker #30] Bootstrap tree #511, logLikelihood: -687.067106
[00:00:12] [worker #11] Bootstrap tree #492, logLikelihood: -780.817427
[00:00:12] [worker #31] Bootstrap tree #512, logLikelihood: -734.900787
[00:00:12] [worker #26] Bootstrap tree #507, logLikelihood: -727.968557
[00:00:12] [worker #22] Bootstrap tree #503, logLikelihood: -708.417617
[00:00:12] [worker #23] Bootstrap tree #504, logLikelihood: -732.157058
[00:00:12] [worker #7] Bootstrap tree #488, logLikelihood: -739.871053
[00:00:12] [worker #18] Bootstrap tree #499, logLikelihood: -716.284248
[00:00:12] [worker #2] Bootstrap tree #483, logLikelihood: -729.956928
[00:00:12] [worker #6] Bootstrap tree #487, logLikelihood: -724.419349
[00:00:12] [worker #21] Bootstrap tree #502, logLikelihood: -769.033148
[00:00:12] [worker #16] Bootstrap tree #497, logLikelihood: -797.642312
[00:00:12] [worker #9] Bootstrap tree #490, logLikelihood: -748.161925
[00:00:12] [worker #25] Bootstrap tree #506, logLikelihood: -734.617507
[00:00:12] [worker #1] Bootstrap tree #482, logLikelihood: -771.375705
[00:00:12] [worker #17] Bootstrap tree #498, logLikelihood: -763.345572
[00:00:12] [worker #14] Bootstrap tree #495, logLikelihood: -735.534313
[00:00:13] [worker #8] Bootstrap tree #489, logLikelihood: -742.464008
[00:00:13] [worker #3] Bootstrap tree #484, logLikelihood: -761.505398
[00:00:13] [worker #12] Bootstrap tree #493, logLikelihood: -733.122279
[00:00:13] [worker #0] Bootstrap tree #481, logLikelihood: -749.397543
[00:00:14] [worker #18] Bootstrap tree #531, logLikelihood: -745.854874
[00:00:14] [worker #27] Bootstrap tree #540, logLikelihood: -725.251345
[00:00:14] [worker #19] Bootstrap tree #532, logLikelihood: -695.521875
[00:00:14] [worker #13] Bootstrap tree #526, logLikelihood: -703.139297
[00:00:14] [worker #15] Bootstrap tree #528, logLikelihood: -731.583311
[00:00:14] [worker #17] Bootstrap tree #530, logLikelihood: -707.334134
[00:00:14] [worker #4] Bootstrap tree #517, logLikelihood: -727.614695
[00:00:14] [worker #8] Bootstrap tree #521, logLikelihood: -672.156137
[00:00:14] [worker #26] Bootstrap tree #539, logLikelihood: -754.579432
[00:00:14] [worker #1] Bootstrap tree #514, logLikelihood: -711.366666
[00:00:14] [worker #14] Bootstrap tree #527, logLikelihood: -712.568385
[00:00:14] [worker #3] Bootstrap tree #516, logLikelihood: -737.677697
[00:00:14] [worker #5] Bootstrap tree #518, logLikelihood: -777.425390
[00:00:14] [worker #10] Bootstrap tree #523, logLikelihood: -759.863604
00:14] [worker #22] Bootstrap tree #535, logLikelihood: -753.912826
[00:00:14] [worker #31] Bootstrap tree #544, logLikelihood: -766.312741
[00:00:14] [worker #6] Bootstrap tree #519, logLikelihood: -716.554904
[00:00:14] [worker #7] Bootstrap tree #520, logLikelihood: -745.386248
[00:00:14] [worker #23] Bootstrap tree #536, logLikelihood: -680.823740
[00:00:14] [worker #24] Bootstrap tree #537, logLikelihood: -766.070945
00:00:14] [worker #25] Bootstrap tree #538, logLikelihood: -764.518715
[00:00:14] [worker #29] Bootstrap tree #542, logLikelihood: -739.067227
[00:00:14] [worker #28] Bootstrap tree #541, logLikelihood: -721.712608
[00:00:14] [worker #11] Bootstrap tree #524, logLikelihood: -755.823692
[00:00:14] [worker #16] Bootstrap tree #529, logLikelihood: -721.841810
[00:00:14] [worker #20] Bootstrap tree #533, logLikelihood: -776.131280
[00:00:14] [worker #21] Bootstrap tree #534, logLikelihood: -735.812236
[00:00:14] [worker #12] Bootstrap tree #525, logLikelihood: -716.970053
[00:00:14] [worker #9] Bootstrap tree #522, logLikelihood: -745.955738
[00:00:14] [worker #30] Bootstrap tree #543, logLikelihood: -739.821858
[00:00:14] [worker #0] Bootstrap tree #513, logLikelihood: -745.259764
[00:00:14] [worker #26] Bootstrap tree #571, logLikelihood: -716.987982
[00:00:14] [worker #19] Bootstrap tree #564, logLikelihood: -723.504967
[00:00:14] [worker #18] Bootstrap tree #563, logLikelihood: -714.868163
[00:00:14] [worker #2] Bootstrap tree #515, logLikelihood: -795.949296
[00:00:14] [worker #13] Bootstrap tree #558, logLikelihood: -752.783837
[00:00:14] [worker #1] Bootstrap tree #546, logLikelihood: -728.468640
[00:00:14] [worker #27] Bootstrap tree #572, logLikelihood: -694.096717
[00:00:14] [worker #8] Bootstrap tree #553, logLikelihood: -675.433750
[00:00:14] [worker #17] Bootstrap tree #562, logLikelihood: -692.082602
[00:00:14] [worker #6] Bootstrap tree #551, logLikelihood: -705.907807
[00:00:14] [worker #29] Bootstrap tree #574, logLikelihood: -727.571528
[00:00:14] [worker #31] Bootstrap tree #576, logLikelihood: -726.841173
[00:00:14] [worker #16] Bootstrap tree #561, logLikelihood: -695.653485
[00:00:14] [worker #15] Bootstrap tree #560, logLikelihood: -761.396092
[00:00:14] [worker #24] Bootstrap tree #569, logLikelihood: -799.897367
[00:00:14] [worker #28] Bootstrap tree #573, logLikelihood: -728.413890
[00:00:14] 00:00:14] [worker #7] Bootstrap tree #[worker #23] 552Bootstrap tree #, logLikelihood: 568, logLikelihood: -745.063596-749.138816

[00:00:14] 00:00:14] [worker #7] Bootstrap tree #[worker #23] 552Bootstrap tree #, logLikelihood: 568, logLikelihood: -745.063596-749.138816
[00:00:14] [worker #30] Bootstrap tree #575, logLikelihood: -708.224229
[00:00:14] [worker #12] Bootstrap tree #557, logLikelihood: -718.801124
[00:00:14] [worker #14] Bootstrap tree #559, logLikelihood: -727.624295
[00:00:14] [worker #4] Bootstrap tree #549, logLikelihood: -715.841384
[00:00:14] [worker #21] Bootstrap tree #566, logLikelihood: -786.864803
[00:00:14] [worker #5] Bootstrap tree #550, logLikelihood: -706.915477
[00:00:14] [worker #22] Bootstrap tree #567, logLikelihood: -705.530176
[00:00:14] [worker #20] Bootstrap tree #565, logLikelihood: -726.111795
[00:00:14] [worker #3] Bootstrap tree #548, logLikelihood: -746.197847
[00:00:14] [worker #25] Bootstrap tree #570, logLikelihood: -737.893659
[00:00:14] [worker #11] Bootstrap tree #556, logLikelihood: -710.186532
[00:00:14] [worker #9] Bootstrap tree #554, logLikelihood: -761.023979
[00:00:14] [worker #2] Bootstrap tree #547, logLikelihood: -716.695295
[00:00:15] [worker #0] Bootstrap tree #545, logLikelihood: -697.270823
[00:00:15] [worker #10] Bootstrap tree #555, logLikelihood: -702.244507
[00:00:16] [worker #17] Bootstrap tree #594, logLikelihood: -722.956507
[00:00:16] [worker #8] Bootstrap tree #585, logLikelihood: -727.246170
[00:00:16] [worker #4] Bootstrap tree #581, logLikelihood: -716.905259
[00:00:16] [worker #15] Bootstrap tree #592, logLikelihood: -702.555506
[00:00:16] [worker #28] Bootstrap tree #605, logLikelihood: -694.605722
[00:00:16] [worker #18] Bootstrap tree #595, logLikelihood: -695.440267
[00:00:16] [worker #9] Bootstrap tree #586, logLikelihood: -723.663166
[00:00:16] [worker #5] Bootstrap tree #582, logLikelihood: -745.024645
[00:00:16] [worker #29] Bootstrap tree #606, logLikelihood: -734.805920
[00:00:16] [worker #7] Bootstrap tree #584, logLikelihood: -785.746988
[00:00:16] [worker #25] Bootstrap tree #602, logLikelihood: -743.416633
[00:00:16] [worker #1] Bootstrap tree #578, logLikelihood: -709.139784
[00:00:16] [worker #16] Bootstrap tree #593, logLikelihood: -746.156961
[00:00:16] [worker #13] Bootstrap tree #590, logLikelihood: -684.607119
[00:00:16] [worker #27] Bootstrap tree #604, logLikelihood: -735.019443
[00:00:16] [worker #20] Bootstrap tree #597, logLikelihood: -744.446867
[00:00:16] [worker #31] Bootstrap tree #608, logLikelihood: -725.607473
[00:00:16] [worker #21] Bootstrap tree #598, logLikelihood: -767.246588
[00:00:16] [worker #14] Bootstrap tree #591, logLikelihood: -699.087783
[00:00:16] [worker #30] Bootstrap tree #607, logLikelihood: -737.409238
[00:00:16] [worker #11] Bootstrap tree #588, logLikelihood: -726.874292
[00:00:16] [worker #4] Bootstrap tree #613, logLikelihood: -728.847890
[00:00:16] [worker #2] Bootstrap tree #579, logLikelihood: -776.600089
[00:00:16] [worker #12] Bootstrap tree #589, logLikelihood: -760.469574
[00:00:16] [worker #17] Bootstrap tree #626, logLikelihood: -736.546170
[00:00:16] [worker #26] Bootstrap tree #603, logLikelihood: -765.899490
[00:00:16] [worker #19] Bootstrap tree #596, logLikelihood: -766.785684
[00:00:16] [worker #18] Bootstrap tree #627, logLikelihood: -743.668315
[00:00:16] [worker #10] Bootstrap tree #587, logLikelihood: -757.499949
[00:00:16] [worker #22] Bootstrap tree #599, logLikelihood: -758.559814
[00:00:16] [worker #28] Bootstrap tree #637, logLikelihood: -735.990065
[00:00:16] [worker #6] Bootstrap tree #583, logLikelihood: -753.073424
[00:00:16] [worker #23] Bootstrap tree #600, logLikelihood: -732.218455
00:00:16] [worker #24] Bootstrap tree #601, logLikelihood: -765.271382
[00:00:16] [worker #3] Bootstrap tree #580, logLikelihood: -719.542054
[00:00:16] [worker #9] Bootstrap tree #618, logLikelihood: -745.193177
[00:00:16] [worker #7] Bootstrap tree #616, logLikelihood: -729.190908
[00:00:16] [worker #5] Bootstrap tree #614, logLikelihood: -737.960372
[00:00:16] [worker #15] Bootstrap tree #624, logLikelihood: -722.786924
[00:00:16] [worker #0] Bootstrap tree #577, logLikelihood: -748.057642
[00:00:16] [worker #25] Bootstrap tree #634, logLikelihood: -702.339766
[00:00:16] [worker #16] Bootstrap tree #625, logLikelihood: -718.812216
[00:00:16] [worker #8] Bootstrap tree #617, logLikelihood: -765.330695
[00:00:16] [worker #29] Bootstrap tree #638, logLikelihood: -758.494296
[00:00:16] [worker #27] Bootstrap tree #636, logLikelihood: -742.151770
[00:00:16] [worker #13] Bootstrap tree #622, logLikelihood: -739.710926
[00:00:16] [worker #11] Bootstrap tree #620, logLikelihood: -742.965794
[00:00:16] [worker #20] Bootstrap tree #629, logLikelihood: -731.913362
[00:00:16] [worker #26] Bootstrap tree #635, logLikelihood: -697.389355
[00:00:16] [worker #10] Bootstrap tree #619, logLikelihood: -713.956443
[00:00:16] [worker #2] Bootstrap tree #611, logLikelihood: -735.895750
[00:00:16] [worker #30] Bootstrap tree #639, logLikelihood: -703.518113
[00:00:16] [worker #31] Bootstrap tree #640, logLikelihood: -761.930430
[00:00:16] [worker #1] Bootstrap tree #610, logLikelihood: -747.594950
[00:00:16] [worker #21] Bootstrap tree #630, logLikelihood: -745.624596
[00:00:16] [worker #23] Bootstrap tree #632, logLikelihood: -702.353514
[00:00:16] [worker #24] Bootstrap tree #633, logLikelihood: -715.020831
[[00:00:16] [worker #12] Bootstrap tree #621, logLikelihood: 00:00:16] [worker #22] Bootstrap tree #631, logLikelihood: 
[[00:00:16] [worker #12] Bootstrap tree #621, logLikelihood: 00:00:16] [worker #22] Bootstrap tree #631, logLikelihood: 
-764.667492
[00:00:16] [worker #3] Bootstrap tree #612, logLikelihood: -769.797605
[00:00:16] [worker #19] Bootstrap tree #628, logLikelihood: -789.250557
[00:00:16] [worker #6] Bootstrap tree #615, logLikelihood: -735.986438
[00:00:16] [worker #14] Bootstrap tree #623, logLikelihood: -735.268367
[00:00:16] [worker #0] Bootstrap tree #609, logLikelihood: -725.614221
[00:00:18] [worker #5] Bootstrap tree #646, logLikelihood: -722.128437
[00:00:18] [worker #19] Bootstrap tree #660, logLikelihood: -700.848123
[00:00:18] [worker #11] Bootstrap tree #652, logLikelihood: -735.144294
[00:00:18] [worker #23] Bootstrap tree #664, logLikelihood: -737.288249
[00:00:18] [worker #13] Bootstrap tree #654, logLikelihood: -715.528938
[00:00:18] [worker #25] Bootstrap tree #666, logLikelihood: -715.182729
[00:00:18] [worker #3] Bootstrap tree #644, logLikelihood: -799.062559
[00:00:18] [worker #2] Bootstrap tree #643, logLikelihood: -730.884207
[00:00:18] [worker #26] Bootstrap tree #667, logLikelihood: -775.111974
[00:00:18] [worker #31] Bootstrap tree #672, logLikelihood: -742.306079
[00:00:18] [worker #1] Bootstrap tree #642, logLikelihood: -720.490077
[00:00:18] [worker #29] Bootstrap tree #670, logLikelihood: -711.733471
[00:00:18] [worker #6] Bootstrap tree #647, logLikelihood: -728.706882
[00:00:18] [worker #30] Bootstrap tree #671, logLikelihood: -714.912948
[00:00:18] [worker #10] Bootstrap tree #651, logLikelihood: -736.449085
[00:00:18] [worker #17] Bootstrap tree #658, logLikelihood: -699.651457
[00:00:18] [worker #24] Bootstrap tree #665, logLikelihood: -722.563973
[00:00:18] [worker #28] Bootstrap tree #669, logLikelihood: -752.550730
[00:00:18] [worker #14] Bootstrap tree #655, logLikelihood: -730.996054
[00:00:18] [worker #16] Bootstrap tree #657, logLikelihood: -767.901317
[00:00:18] [worker #8] Bootstrap tree #649, logLikelihood: -748.104023
[00:00:18] [worker #21] Bootstrap tree #662, logLikelihood: -743.220225
[00:00:18] [worker #0] Bootstrap tree #641, logLikelihood: -709.277511
[00:00:18] [worker #4] Bootstrap tree #645, logLikelihood: -762.387066
[00:00:18] [worker #27] Bootstrap tree #668, logLikelihood: -750.763076
[00:00:18] [worker #12] Bootstrap tree #653, logLikelihood: -757.544551
[00:00:18] [worker #15] Bootstrap tree #656, logLikelihood: -747.316905
[00:00:18] [worker #5] Bootstrap tree #678, logLikelihood: -744.315625
[00:00:18] [worker #9] Bootstrap tree #650, logLikelihood: -798.496774
[00:00:18] [worker #22] Bootstrap tree #663, logLikelihood: -725.926559
[00:00:18] [worker #18] Bootstrap tree #659, logLikelihood: -735.504884
[00:00:18] [worker #26] Bootstrap tree #699, logLikelihood: -749.350387
[00:00:18] [worker #31] Bootstrap tree #704, logLikelihood: -729.241881
[00:00:18] [worker #19] Bootstrap tree #692, logLikelihood: -721.061076
[00:00:18] [worker #13] Bootstrap tree #686, logLikelihood: -739.693901
[00:00:18] [worker #23] Bootstrap tree #696, logLikelihood: -688.267782
[00:00:18] [worker #6] Bootstrap tree #679, logLikelihood: -703.708134
[00:00:18] [worker #29] Bootstrap tree #702, logLikelihood: -733.902327
[00:00:18] [worker #3] Bootstrap tree #676, logLikelihood: -746.290777
[00:00:18] [worker #1] Bootstrap tree #674, logLikelihood: -737.729608
[00:00:18] [worker #11] Bootstrap tree #684, logLikelihood: -770.489875
[00:00:18] [worker #25] Bootstrap tree #698, logLikelihood: -697.220453
[00:00:18] [worker #16] Bootstrap tree #689, logLikelihood: -732.309728
[00:00:18] [worker #7] Bootstrap tree #648, logLikelihood: -739.327542
[00:00:18] [worker #9] Bootstrap tree #682, logLikelihood: -742.432114
[00:00:18] [worker #20] Bootstrap tree #661, logLikelihood: -730.194595
[00:00:18] [worker #28] Bootstrap tree #701, logLikelihood: -726.995997
[00:00:18] [worker #15] Bootstrap tree #688, logLikelihood: -699.505693
[00:00:18] [worker #2] Bootstrap tree #675, logLikelihood: -714.404344
[00:00:18] [worker #30] Bootstrap tree #703, logLikelihood: -765.443236
[00:00:18] [worker #4] Bootstrap tree #677, logLikelihood: -712.790286
[00:00:18] [worker #10] Bootstrap tree #683, logLikelihood: -718.892572
[00:00:18] [worker #27] Bootstrap tree #700, logLikelihood: -740.744706
[00:00:18] [worker #8] Bootstrap tree #681, logLikelihood: -770.109337
[00:00:18] [worker #17] Bootstrap tree #690, logLikelihood: -701.320188
[00:00:18] [worker #14] Bootstrap tree #687, logLikelihood: -738.443434
[00:00:18] [worker #22] Bootstrap tree #695, logLikelihood: -738.058718
[00:00:18] [worker #0] Bootstrap tree #673, logLikelihood: -733.585725
[00:00:18] [worker #21] Bootstrap tree #694, logLikelihood: -748.895046
[00:00:19] [worker #24] Bootstrap tree #697, logLikelihood: -720.424329
[00:00:19] [worker #18] Bootstrap tree #691, logLikelihood: -781.108971
[00:00:19] [worker #7] Bootstrap tree #680, logLikelihood: -742.567291
[00:00:19] [worker #12] Bootstrap tree #685, logLikelihood: -756.568007
[00:00:19] [worker #20] Bootstrap tree #693, logLikelihood: -711.520105
[00:00:20] [worker #24] Bootstrap tree #729, logLikelihood: -684.867124
[00:00:20] [worker #21] Bootstrap tree #726, logLikelihood: -705.176046
[00:00:20] [worker #5] Bootstrap tree #710, logLikelihood: -721.169878

[00:00:20] [worker #29] Bootstrap tree #734, logLikelihood: -703.556541
[00:00:20] [worker #10] Bootstrap tree #715, logLikelihood: -713.580004
[00:00:20] [worker #1] Bootstrap tree #706, logLikelihood: -715.120716
[00:00:20] [worker #13] Bootstrap tree #718, logLikelihood: -762.262986
00:00:20] [worker #3] Bootstrap tree #708, logLikelihood: -722.493852
[00:00:20] [worker #27] Bootstrap tree #732, logLikelihood: -750.978694
[00:00:20] [worker #28] Bootstrap tree #733, logLikelihood: -698.380361
[00:00:20] [worker #12] Bootstrap tree #717, logLikelihood: -700.888015
[00:00:20] [worker #2] Bootstrap tree #707, logLikelihood: -711.642756
[00:00:20] [worker #26] Bootstrap tree #731, logLikelihood: -727.110127
[00:00:20] [worker #19] Bootstrap tree #724, logLikelihood: -739.810296
[00:00:20] [worker #24] Bootstrap tree #761, logLikelihood: -751.405042
[00:00:20] [worker #14] Bootstrap tree #719, logLikelihood: -736.224606
[00:00:20] [worker #18] Bootstrap tree #723, logLikelihood: -724.184253
[00:00:20] [worker #30] Bootstrap tree #735, logLikelihood: -755.808877
[00:00:20] [worker #15] Bootstrap tree #720, logLikelihood: -700.674173
[00:00:20] [worker #25] Bootstrap tree #730, logLikelihood: -760.548544
[00:00:20] [worker #17] Bootstrap tree #722, logLikelihood: -719.916017
[00:00:20] [worker #16] Bootstrap tree #721, logLikelihood: -737.353627
[00:00:20] [worker #0] Bootstrap tree #705, logLikelihood: -761.951781
[00:00:20] [worker #9] Bootstrap tree #714, logLikelihood: -721.154405
[00:00:20] [worker #7] Bootstrap tree #712, logLikelihood: -685.708908
[00:00:20] [worker #11] Bootstrap tree #716, logLikelihood: -752.885028
[00:00:20] [worker #4] Bootstrap tree #709, logLikelihood: -741.707994
[00:00:20] [worker #6] Bootstrap tree #711, logLikelihood: -692.877087
[00:00:20] [worker #31] Bootstrap tree #736, logLikelihood: -749.570812
[00:00:20] [worker #21] Bootstrap tree #758, logLikelihood: -696.682850
[00:00:20] [worker #22] Bootstrap tree #727, logLikelihood: -767.038168
[00:00:20] [worker #8] Bootstrap tree #713, logLikelihood: -774.183000
[00:00:20] [worker #28] Bootstrap tree #765, logLikelihood: -763.942214
[00:00:20] [worker #20] Bootstrap tree #725, logLikelihood: -757.067161
[00:00:20] [worker #2] Bootstrap tree #739, logLikelihood: -746.868645
[00:00:20] [worker #18] Bootstrap tree #755, logLikelihood: -716.205672
[00:00:20] [worker #23] Bootstrap tree #760, logLikelihood: -697.918989
[00:00:20] [worker #10] Bootstrap tree #747, logLikelihood: -721.127060
[00:00:20] [worker #3] Bootstrap tree #740, logLikelihood: -766.774243
[00:00:20] [worker #29] Bootstrap tree #766, logLikelihood: -734.934440
[00:00:20] [worker #27] Bootstrap tree #764, logLikelihood: -751.493788
[00:00:20] [worker #5] Bootstrap tree #742, logLikelihood: -716.729354
[00:00:20] [worker #1] Bootstrap tree #738, logLikelihood: -731.415260
[00:00:20] [worker #15] Bootstrap tree #752, logLikelihood: -727.452255
[00:00:20] [worker #19] Bootstrap tree #756, logLikelihood: -749.653635
[00:00:20] [worker #17] Bootstrap tree #754, logLikelihood: -749.284711
[00:00:20] [worker #12] Bootstrap tree #749, logLikelihood: -723.848078
[00:00:20] [worker #9] Bootstrap tree #746, logLikelihood: -699.909982
[00:00:20] [worker #13] Bootstrap tree #750, logLikelihood: -739.398507
[00:00:20] [worker #30] Bootstrap tree #767, logLikelihood: -796.788373
[00:00:20] [worker #26] Bootstrap tree #763, logLikelihood: -711.747523
[00:00:20] [worker #7] Bootstrap tree #744, logLikelihood: -726.644288
[00:00:20] [worker #16] Bootstrap tree #753, logLikelihood: -688.202902
[00:00:20] [worker #4] Bootstrap tree #741, logLikelihood: -749.858741
[00:00:20] [worker #6] Bootstrap tree #743, logLikelihood: -699.891505
[00:00:20] [worker #14] Bootstrap tree #751, logLikelihood: -706.074171
[00:00:20] [worker #31] Bootstrap tree #768, logLikelihood: -719.351940
[00:00:20] [worker #11] Bootstrap tree #748, logLikelihood: -673.037054
[00:00:20] [worker #8] Bootstrap tree #745, logLikelihood: -757.354168
[00:00:20] [worker #0] Bootstrap tree #737, logLikelihood: -724.163764
[00:00:20] [worker #25] Bootstrap tree #762, logLikelihood: -747.498347
[00:00:20] [worker #22] Bootstrap tree #759, logLikelihood: -750.575959
[00:00:21] [worker #20] Bootstrap tree #757, logLikelihood: -769.121309
[00:00:22] [worker #21] Bootstrap tree #790, logLikelihood: -686.191215
[00:00:22] [worker #28] Bootstrap tree #797, logLikelihood: -712.529181
[00:00:22] [worker #16] Bootstrap tree #785, logLikelihood: -766.778471
00:00:22] [worker #9] Bootstrap tree #778, logLikelihood: -707.109868
[00:00:22] [worker #31] Bootstrap tree #800, logLikelihood: -732.247195
[00:00:22] [worker #24] Bootstrap tree #793, logLikelihood: -750.474409
[00:00:22] [worker #18] Bootstrap tree #787, logLikelihood: -731.242752
[00:00:22] [worker #23] Bootstrap tree #792, logLikelihood: -741.634445
[00:00:22] [worker #2] Bootstrap tree #771, logLikelihood: -719.842211
[00:00:22] [worker #19] Bootstrap tree #788, logLikelihood: -718.392994[
-717.338956
[00:00:22] [worker #5] Bootstrap tree #774, logLikelihood: -696.098842
[00:00:22] [worker #29] Bootstrap tree #798, logLikelihood: -723.061497
[00:00:22] [worker #27] Bootstrap tree #796, logLikelihood: -726.360051
[00:00:22] [worker #6] Bootstrap tree #775, logLikelihood: -743.298366
[00:00:22] [worker #22] Bootstrap tree #791, logLikelihood: -756.558637
[00:00:22] [worker #8] Bootstrap tree #777, logLikelihood: -793.098598
[00:00:22] [worker #14] Bootstrap tree #[, logLikelihood: 00:00:22] [worker #7] Bootstrap tree #776, logLikelihood: -758.904373
[00:00:22] [worker #14] Bootstrap tree #[, logLikelihood: 00:00:22] [worker #7] Bootstrap tree #776, logLikelihood: -758.904373
-695.406330
000[:00:22] 0[worker #1] :Bootstrap tree # l:770, logLikelihood: -726.803246
[22] [worker #10] Bootstrap tree #779, logLikelihood: 00:00:22] [worker #15] Bootstrap tree #784, logLikelihood: 
[22] [worker #10] Bootstrap tree #779, logLikelihood: 00:00:22] [worker #15] Bootstrap tree #784, logLikelihood: 
-686.170522
[00:00:22] [worker #26] Bootstrap tree #795, logLikelihood: -738.909441
[00:00:22] [worker #26] Bootstrap tree #795, logLikelihood: -738.909441
[00:00:22] [worker #11] Bootstrap tree #780, logLikelihood: -720.064223
[00:00:22] [worker #12] Bootstrap tree #781, logLikelihood: -735.431974
00:00:22] [worker #30] Bootstrap tree #799, logLikelihood: -689.334274
[00:00:22] [worker #25] Bootstrap tree #794, logLikelihood: -752.682668
[00:00:22] [worker #13] Bootstrap tree #782, logLikelihood: -749.399387
[00:00:22] [worker #3] Bootstrap tree #772, logLikelihood: -756.210306
[00:00:22] [worker #20] Bootstrap tree #789, logLikelihood: -725.331412
[00:00:22] [worker #4] Bootstrap tree #805, logLikelihood: -679.247350
[00:00:22] [worker #9] Bootstrap tree #810, logLikelihood: -731.079228
[00:00:22] [worker #17] Bootstrap tree #786, logLikelihood: -784.634471
[00:00:22] [worker #21] Bootstrap tree #822, logLikelihood: -705.140502
[00:00:22] [worker #31] Bootstrap tree #832, logLikelihood: -770.701481
[00:00:22] [worker #28] Bootstrap tree #829, logLikelihood: -699.600381
[00:00:22] [worker #29] Bootstrap tree #830, logLikelihood: -725.535742
[00:00:22] [worker #16] Bootstrap tree #817, logLikelihood: -714.214016
[00:00:22] [worker #0] Bootstrap tree #769, logLikelihood: -795.429858
[00:00:22] [worker #22] Bootstrap tree #823, logLikelihood: -732.993320
-759.875281
[00:00:22] [worker #19] Bootstrap tree #820, logLikelihood: -713.186203
[00:00:22] [worker #8] Bootstrap tree #809, logLikelihood: -728.080129
[00:00:22] [worker #24] Bootstrap tree #825, logLikelihood: -735.836411
[00:00:22] [worker #2] Bootstrap tree #803, logLikelihood: -733.726578
[00:00:22] [worker #23] Bootstrap tree #824, logLikelihood: -730.958377
[00:00:22] [worker #14] Bootstrap tree #815, logLikelihood: -762.782031
[00:00:22] [worker #7] Bootstrap tree #808, logLikelihood: -722.529392
[00:00:22] [worker #6] Bootstrap tree #807, logLikelihood: -755.740164
[00:00:22] [worker #30] Bootstrap tree #831, logLikelihood: -729.298589
[00:00:22] [worker #12] Bootstrap tree #813, logLikelihood: -732.855416
[00:00:22] [worker #27] Bootstrap tree #828, logLikelihood: -746.432929
[00:00:22] [worker #3] Bootstrap tree #804, logLikelihood: -717.761940
[00:00:22] [worker #11] Bootstrap tree #812, logLikelihood: -697.370310
[00:00:22] [worker #10] Bootstrap tree #811, logLikelihood: -705.728502
[00:00:22] [worker #1] Bootstrap tree #802, logLikelihood: -737.921124
[00:00:22] [worker #17] Bootstrap tree #818, logLikelihood: -737.354418
[00:00:22] [worker #25] Bootstrap tree #826, logLikelihood: -743.665279
[00:00:22] [worker #5] Bootstrap tree #806, logLikelihood: -713.919373
[00:00:23] [worker #18] Bootstrap tree #819, logLikelihood: -750.326684
[00:00:23] [worker #20] Bootstrap tree #821, logLikelihood: -719.697225
[00:00:23] [worker #13] Bootstrap tree #814, logLikelihood: -727.435470
[00:00:23] [worker #26] Bootstrap tree #827, logLikelihood: -736.658539
[00:00:23] [worker #0] Bootstrap tree #801, logLikelihood: -721.905495
[00:00:25] [worker #19] Bootstrap tree #852, logLikelihood: -731.380119
00:00:25] [worker #2] Bootstrap tree #835, logLikelihood: -715.652329
[00:00:25] [worker #14] Bootstrap tree #847, logLikelihood: -683.831629
[00:00:25] [worker #30] Bootstrap tree #863, logLikelihood: -701.300799
[00:00:25] [worker #28] Bootstrap tree #861, logLikelihood: -802.161882
[00:00:25] [worker #24] Bootstrap tree #857, logLikelihood: -741.119794

[00:00:25] [worker #3] Bootstrap tree #836, logLikelihood: -720.752128
[00:00:25] [worker #9] Bootstrap tree #842, logLikelihood: -708.069211
[00:00:25] [worker #16] Bootstrap tree #849, logLikelihood: -776.191932
[00:00:25] [worker #17] Bootstrap tree #850, logLikelihood: -751.041210
[00:00:25] [worker #15] Bootstrap tree #848, logLikelihood: -728.141189
[00:00:25] [worker #27] Bootstrap tree #860, logLikelihood: -739.983914
[00:00:25] [worker #20] Bootstrap tree #853, logLikelihood: -757.042072
[00:00:25] [worker #12] Bootstrap tree #845, logLikelihood: -700.272158
[00:00:25] [worker #13] Bootstrap tree #846, logLikelihood: -782.422436
[00:00:25] [worker #6] Bootstrap tree #839, logLikelihood: -752.845660
[00:00:25] [worker #23] Bootstrap tree #856, logLikelihood: -747.390195
[00:00:25] [worker #31] Bootstrap tree #864, logLikelihood: -736.458244
[00:00:25] [worker #7] Bootstrap tree #840, logLikelihood: -768.884565
[00:00:25] [worker #18] Bootstrap tree #851, logLikelihood: -712.333040
[00:00:25] [worker #5] Bootstrap tree #838, logLikelihood: -762.877661
[00:00:25] [worker #0] Bootstrap tree #833, logLikelihood: -706.182130
[00:00:25] [worker #10] Bootstrap tree #843, logLikelihood: -771.669839
[00:00:25] [worker #29] Bootstrap tree #862, logLikelihood: -704.437844
[00:00:25] [worker #8] Bootstrap tree #841, logLikelihood: -751.056063
[00:00:25] [worker #1] Bootstrap tree #834, logLikelihood: -714.682200
[00:00:25] [worker #11] Bootstrap tree #844, logLikelihood: -715.579739
[00:00:25] [worker #25] Bootstrap tree #858, logLikelihood: -788.461311
[00:00:25] [worker #22] Bootstrap tree #855, logLikelihood: -791.346834
[00:00:25] [worker #21] Bootstrap tree #854, logLikelihood: -750.620750
[00:00:25] [worker #26] Bootstrap tree #859, logLikelihood: -769.071535
[00:00:25] [worker #14] Bootstrap tree #879, logLikelihood: -763.348605
[00:00:25] [worker #3] Bootstrap tree #868, logLikelihood: -739.363197
[00:00:25] [worker #24] Bootstrap tree #889, logLikelihood: -760.244753
[00:00:25] [worker #4] Bootstrap tree #869, logLikelihood: -683.361720
[00:00:25] [worker #19] Bootstrap tree #884, logLikelihood: -751.128960
[00:00:25] [worker #15] Bootstrap tree #880, logLikelihood: -746.069029
[00:00:25] [worker #17] Bootstrap tree #882, logLikelihood: -712.151345
[00:00:25] [worker #16] Bootstrap tree #881, logLikelihood: -728.825959
[00:00:25] [worker #9] Bootstrap tree #874, logLikelihood: -693.653746
[00:00:25] [worker #27] Bootstrap tree #892, logLikelihood: -724.375741
[00:00:25] [worker #13] Bootstrap tree #878, logLikelihood: -715.582161
[00:00:25] [worker #2] Bootstrap tree #867, logLikelihood: -741.683877
00:00:25] [worker #28] Bootstrap tree #893, logLikelihood: -749.582881
[00:00:25] [worker #8] Bootstrap tree #873, logLikelihood: -717.954031
[00:00:25] [worker #30] Bootstrap tree #895, logLikelihood: -724.828735
[00:00:25] [worker #20] Bootstrap tree #885, logLikelihood: -733.918443
[00:00:25] [worker #1] Bootstrap tree #866, logLikelihood: -676.782199
[00:00:25] [worker #23] Bootstrap tree #888, logLikelihood: -712.523630
[00:00:25] [worker #21] Bootstrap tree #886, logLikelihood: -748.586161
[00:00:25] [worker #31] Bootstrap tree #896, logLikelihood: -678.077935
[00:00:25] [worker #25] Bootstrap tree #890, logLikelihood: -724.022509
[00:00:25] [worker #12] Bootstrap tree #877, logLikelihood: -707.728611
[00:00:25] [worker #6] Bootstrap tree #871, logLikelihood: -760.875644
[[00:00:25] [worker #11] Bootstrap tree #876, logLikelihood: -761.90072700:00

[00:00:25] [worker #18] Bootstrap tree #883, logLikelihood: -731.161435
[00:00:25] [worker #29] Bootstrap tree #894, logLikelihood: -807.051423
[00:00:25] [worker #22] Bootstrap tree #887, logLikelihood: -722.192522
[00:00:25] [worker #26] Bootstrap tree #891, logLikelihood: -721.223085
[00:00:25] [worker #7] Bootstrap tree #872, logLikelihood: -722.215487
[00:00:25] [worker #10] Bootstrap tree #875, logLikelihood: -719.686425
[00:00:25] [worker #0] Bootstrap tree #865, logLikelihood: -712.475457
[00:00:27] [worker #14] Bootstrap tree #911, logLikelihood: -695.727844
[00:00:27] [worker #26] Bootstrap tree #923, logLikelihood: -714.737079
[00:00:27] [worker #8] Bootstrap tree #905, logLikelihood: -724.624133
[00:00:27] [worker #23] Bootstrap tree #920, logLikelihood: -779.379265
[00:00:27] [worker #13] Bootstrap tree #910, logLikelihood: -761.022517
[00:00:27] [worker #5] Bootstrap tree #902, logLikelihood: -744.240719
[00:00:27] [worker #30] Bootstrap tree #927, logLikelihood: -728.166724
[00:00:27] [worker #17] Bootstrap tree #914, logLikelihood: -721.357485
[00:00:27] [worker #12] Bootstrap tree #909, logLikelihood: -691.403793
[00:00:27] [worker #7] Bootstrap tree #904, logLikelihood: -784.756687
[00:00:27] [worker #6] Bootstrap tree #903, logLikelihood: -752.427085
[00:00:27] [worker #24] Bootstrap tree #921, logLikelihood: -720.778853
[00:00:27] [worker #21] Bootstrap tree #918, logLikelihood: -730.560462
[00:00:27] [worker #1] Bootstrap tree #898, logLikelihood: -711.723560
[00:00:27] [worker #22] Bootstrap tree #919, logLikelihood: -727.214631
[00:00:27] [worker #31] Bootstrap tree #928, logLikelihood: -750.423990
[00:00:27] [worker #2] Bootstrap tree #899, logLikelihood: -750.469684
[00:00:27] [worker #9] Bootstrap tree #906, logLikelihood: -696.102698
[00:00:27] [worker #4] Bootstrap tree #901, logLikelihood: -689.727474
[00:00:27] [worker #11] Bootstrap tree #908, logLikelihood: -743.383729
[00:00:27] [worker #25] Bootstrap tree #922, logLikelihood: -728.367507
[00:00:27] [worker #19] Bootstrap tree #916, logLikelihood: -752.175232
[00:00:27] [worker #28] Bootstrap tree #925, logLikelihood: -748.982106
[[00:00:27] [worker #16] Bootstrap tree #913, logLikelihood: -708.776566
00:00:27] [worker #15] Bootstrap tree #912, logLikelihood: -743.216071
[00:00:27] [worker #27] Bootstrap tree #924, logLikelihood: -752.263504
[00:00:27] [worker #29] Bootstrap tree #926, logLikelihood: -746.243985
[00:00:27] [worker #0] Bootstrap tree #897, logLikelihood: -714.030663
[00:00:27] [worker #10] Bootstrap tree #907, logLikelihood: -770.641316
[00:00:27] [worker #18] Bootstrap tree #915, logLikelihood: -794.426184
[00:00:27] [worker #13] Bootstrap tree #942, logLikelihood: -700.433839
[00:00:27] [worker #23] Bootstrap tree #952, logLikelihood: -742.464009
[00:00:27] [worker #17] Bootstrap tree #946, logLikelihood: -696.783647
[00:00:27] [worker #26] Bootstrap tree #955, logLikelihood: -706.156787
[00:00:27] [worker #5] Bootstrap tree #934, logLikelihood: -733.864336
[00:00:27] [worker #14] Bootstrap tree #943, logLikelihood: -700.242990
[00:00:27] [worker #3] Bootstrap tree #900, logLikelihood: -817.597773
[00:00:27] [worker #8] Bootstrap tree #937, logLikelihood: -707.636947
[00:00:27] [worker #22] Bootstrap tree #951, logLikelihood: -747.619793
[00:00:27] [worker #20] Bootstrap tree #917, logLikelihood: -704.830605
[00:00:27] [worker #30] Bootstrap tree #959, logLikelihood: -709.542344
[00:00:27] [worker #12] Bootstrap tree #941, logLikelihood: -723.507504
[00:00:27] [worker #7] Bootstrap tree #936, logLikelihood: -720.145219
[00:00:27] [worker #6] Bootstrap tree #935, logLikelihood: -779.716507
[00:00:27] [worker #31] Bootstrap tree #960, logLikelihood: -750.429820
[00:00:27] [worker #28] Bootstrap tree #957, logLikelihood: -719.731951
[00:00:27] [worker #21] Bootstrap tree #950, logLikelihood: -756.878911
[00:00:27] [worker #16] Bootstrap tree #945, logLikelihood: -744.169428
[00:00:27] [worker #25] Bootstrap tree #954, logLikelihood: -726.708628
[00:00:27] [worker #2] Bootstrap tree #931, logLikelihood: -769.816819
[00:00:27] [worker #24] Bootstrap tree #953, logLikelihood: -784.626710
[00:00:27] [worker #19] Bootstrap tree #948, logLikelihood: -726.788720
[00:00:27] [worker #4] Bootstrap tree #933, logLikelihood: -729.952629
[00:00:27] [worker #18] Bootstrap tree #947, logLikelihood: -732.920064
[00:00:27] [worker #9] Bootstrap tree #938, logLikelihood: -699.871455
00[:00:27] [worker #1] Bootstrap tree #930, logLikelihood: -706.8824760:00

[00:00:27] [worker #15] Bootstrap tree #944, logLikelihood: -707.335903
[00:00:27] [worker #29] Bootstrap tree #958, logLikelihood: -768.287544
[00:00:28] [worker #27] Bootstrap tree #956, logLikelihood: -716.796449
[00:00:28] [worker #3] Bootstrap tree #932, logLikelihood: -766.315112
[00:00:28] [worker #10] Bootstrap tree #939, logLikelihood: -746.881670
[00:00:28] [worker #20] Bootstrap tree #949, logLikelihood: -726.713792
[00:00:28] [worker #0] Bootstrap tree #929, logLikelihood: -718.765359
[00:00:30] [worker #4] Bootstrap tree #965, logLikelihood: -732.430363
[00:00:30] [worker #27] Bootstrap tree #988, logLikelihood: -753.531753
[00:00:30] [worker #3] Bootstrap tree #964, logLikelihood: -713.771150
[00:00:30] [worker #1] Bootstrap tree #962, logLikelihood: -732.703330
[00:00:30] [worker #9] Bootstrap tree #970, logLikelihood: -732.554672
[00:00:30] [worker #14] Bootstrap tree #975, logLikelihood: -730.359694
[00:00:30] [worker #17] Bootstrap tree #978, logLikelihood: -693.163474
[00:00:30] [worker #31] Bootstrap tree #992, logLikelihood: -761.601044
:00:30] [worker #5] Bootstrap tree #966, logLikelihood: [-706.991412
-768.920858
[worker #23] Bootstrap tree #984, logLikelihood: -771.720579
[00:00:30] [worker #16] Bootstrap tree #977, logLikelihood: -712.128579
[00:00:30] [worker #6] Bootstrap tree #967, logLikelihood: -712.545628
00:00:30] [worker #12] Bootstrap tree #973, logLikelihood: -759.407389
[00:00:30] [worker #29] Bootstrap tree #990, logLikelihood: -715.163766
[00:00:30] [worker #2] Bootstrap tree #963, logLikelihood: -741.899938
[00:00:30] [worker #19] Bootstrap tree #980, logLikelihood: -710.322727
[00:00:30] [worker #28] Bootstrap tree #989, logLikelihood: -700.835929
[00:00:30] [worker #8] Bootstrap tree #969, logLikelihood: -714.734811
[00:00:30] [worker #26] Bootstrap tree #987, logLikelihood: -757.225267
[00:00:30] [worker #10] Bootstrap tree #971, logLikelihood: -741.672188
[00:00:30] [worker #20] Bootstrap tree #981, logLikelihood: -719.121356
[00:00:30] [worker #24] Bootstrap tree #985, logLikelihood: -720.908942
[00:00:30] [worker #21] Bootstrap tree #982, logLikelihood: -749.418023
[00:00:30] [worker #30] Bootstrap tree #991, logLikelihood: -720.384067
[00:00:30] [worker #11] Bootstrap tree #972, logLikelihood: -728.096975
[00:00:30] [worker #22] Bootstrap tree #983, logLikelihood: -737.631642
[00:00:30] [worker #7] Bootstrap tree #968, logLikelihood: -756.404290
[00:00:30] [worker #18] Bootstrap tree #979, logLikelihood: -718.278158
[00:00:30] [worker #25] Bootstrap tree #986, logLikelihood: -743.482391
[00:00:30] [worker #15] Bootstrap tree #976, logLikelihood: -750.631756
[00:00:31] [worker #0] Bootstrap tree #961, logLikelihood: -748.693220
[00:00:31] [worker #4] Bootstrap tree #997, logLikelihood: -730.618920
[00:00:31] [worker #3] Bootstrap tree #996, logLikelihood: -729.958387
[00:00:31] [worker #1] Bootstrap tree #994, logLikelihood: -751.665990
[00:00:31] [worker #5] Bootstrap tree #998, logLikelihood: -725.513107
[00:00:31] [worker #2] Bootstrap tree #995, logLikelihood: -714.615656
[00:00:31] [worker #6] Bootstrap tree #999, logLikelihood: -723.479165
[00:00:31] [worker #7] Bootstrap tree #1000, logLikelihood: -760.402923
[00:00:31] [worker #0] Bootstrap tree #993, logLikelihood: -762.194679

Optimized model parameters:

   Partition 0: noname
   Rate heterogeneity: GAMMA (4 cats, mean),  alpha: 99.862362 (ML),  weights&rates: (0.250000,0.875822) (0.250000,0.964713) (0.250000,1.029567) (0.250000,1.129897) 
   Base frequencies (ML): 0.417593 0.100249 0.134827 0.347331 
   Substitution rates (ML): 2.226678 5.068677 0.001000 3.437039 2.679851 1.000000 


Final LogLikelihood: -742.464008

AIC score: 1552.928015 / AICc score: 1557.697554 / BIC score: 1698.461474
Free parameters (model + branch lengths): 34

WARNING: Best ML tree contains 6 near-zero branches!

Best ML tree with collapsed near-zero branches saved to: /mnt/lustre/RDS-live/downing/LSDV/GTPV_SPPV/results_GTPV/LSDV132.raxml.bestTreeCollapsed
Best ML tree saved to: /mnt/lustre/RDS-live/downing/LSDV/GTPV_SPPV/results_GTPV/LSDV132.raxml.bestTree
All ML trees saved to: /mnt/lustre/RDS-live/downing/LSDV/GTPV_SPPV/results_GTPV/LSDV132.raxml.mlTrees
Best ML tree with Felsenstein bootstrap (FBP) support values saved to: /mnt/lustre/RDS-live/downing/LSDV/GTPV_SPPV/results_GTPV/LSDV132.raxml.supportFBP
Best ML tree with Transfer bootstrap (TBE) support values saved to: /mnt/lustre/RDS-live/downing/LSDV/GTPV_SPPV/results_GTPV/LSDV132.raxml.supportTBE
Optimized model saved to: /mnt/lustre/RDS-live/downing/LSDV/GTPV_SPPV/results_GTPV/LSDV132.raxml.bestModel
Bootstrap trees saved to: /mnt/lustre/RDS-live/downing/LSDV/GTPV_SPPV/results_GTPV/LSDV132.raxml.bootstraps

Execution log saved to: /mnt/lustre/RDS-live/downing/LSDV/GTPV_SPPV/results_GTPV/LSDV132.raxml.log

Analysis started: 24-Nov-2025 15:33:53 / finished: 24-Nov-2025 15:34:26

Elapsed time: 33.102 seconds

