
RAxML-NG v. 1.2.2 released on 11.04.2024 by The Exelixis Lab.
Developed by: Alexey M. Kozlov and Alexandros Stamatakis.
Contributors: Diego Darriba, Tomas Flouri, Benoit Morel, Sarah Lutteropp, Ben Bettisworth, Julia Haag, Anastasis Togkousidis.
Latest version: https://github.com/amkozlov/raxml-ng
Questions/problems/suggestions? Please visit: https://groups.google.com/forum/#!forum/raxml

System: AMD EPYC 7543P 32-Core Processor, 32 cores, 995 GB RAM

RAxML-NG was called at 24-Nov-2025 15:30:11 as follows:

raxml-ng --all --msa region_LSDV126.aln --model GTR+G --prefix LSDV126 --seed 123 --bs-metric fbp,tbe --redo

Analysis options:
  run mode: ML tree search + bootstrapping (Felsenstein Bootstrap + Transfer Bootstrap)
  start tree(s): random (10) + parsimony (10)
  bootstrap replicates: parsimony (max: 1000) + bootstopping (autoMRE, cutoff: 0.030000)
  random seed: 123
  tip-inner: OFF
  pattern compression: ON
  per-rate scalers: OFF
  site repeats: ON
  logLH epsilon: general: 10.000000, brlen-triplet: 1000.000000
  fast spr radius: AUTO
  spr subtree cutoff: 1.000000
  fast CLV updates: ON
  branch lengths: proportional (ML estimate, algorithm: NR-FAST)
  SIMD kernels: AVX2
  parallelization: coarse-grained (auto), PTHREADS (auto)

WARNING: Running in REDO mode: existing checkpoints are ignored, and all result files will be overwritten!

[00:00:00] Reading alignment from file: region_LSDV126.aln
[00:00:00] Loaded alignment with 14 taxa and 519 sites

WARNING: Sequences PV167794.1 and MW020570.1 are exactly identical!
WARNING: Sequences PV167794.1 and MN072620.1 are exactly identical!
WARNING: Sequences PV167794.1 and MH381810.1 are exactly identical!
WARNING: Sequences PV167794.1 and KC951854.1 are exactly identical!
WARNING: Sequences NC_004003.1 and MN072622.1 are exactly identical!
WARNING: Sequences NC_004003.1 and KX576657.1 are exactly identical!
WARNING: Sequences NC_004003.1 and AY077836.1 are exactly identical!
WARNING: Sequences NC_004003.1 and AY077835.1 are exactly identical!
WARNING: Sequences MN072625.1 and MN072623.1 are exactly identical!
WARNING: Duplicate sequences found: 9

NOTE: Reduced alignment (with duplicates and gap-only sites/taxa removed) 
NOTE: was saved to: /mnt/lustre/RDS-live/downing/LSDV/GTPV_SPPV/results_GTPV/LSDV126.raxml.reduced.phy

Alignment comprises 1 partitions and 13 patterns

Partition 0: noname
Model: GTR+FO+G4m
Alignment sites / patterns: 519 / 13
Gaps: 0.00 %
Invariant sites: 98.07 %


NOTE: Binary MSA file created: LSDV126.raxml.rba

Parallelization scheme autoconfig: 32 worker(s) x 1 thread(s)

[00:00:00] Generating 10 random starting tree(s) with 14 taxa
[00:00:00] Generating 10 parsimony starting tree(s) with 14 taxa
Parallel parsimony with 32 threads
Parallel reduction/worker buffer size: 1 KB  / 0 KB

[00:00:00] Data distribution: max. partitions/sites/weight per thread: 1 / 13 / 208
[00:00:00] Data distribution: max. searches per worker: 33

Starting ML tree search with 20 distinct starting trees

[00:00:00] [worker #15] ML tree search #16, logLikelihood: -708.905179
[00:00:00] [worker #18] ML tree search #19, logLikelihood: -708.905180
[00:00:00] [worker #19] ML tree search #20, logLikelihood: -708.905179
[00:00:00] [worker #0] ML tree search #1, logLikelihood: -708.905180
[00:00:00] [worker #11] ML tree search #12, logLikelihood: -708.905179
[00:00:00] [worker #6] ML tree search #7, logLikelihood: -708.905179
[00:00:00] [worker #8] ML tree search #9, logLikelihood: -708.905179
[00:00:00] [worker #13] ML tree search #14, logLikelihood: -708.905179
[00:00:00] [worker #4] ML tree search #5, logLikelihood: -708.905179
[00:00:00] [worker #1] ML tree search #2, logLikelihood: -708.905178
[00:00:01] [worker #5] ML tree search #6, logLikelihood: -708.905179
[00:00:01] [worker #17] ML tree search #18, logLikelihood: -708.905179
[00:00:01] [worker #14] ML tree search #15, logLikelihood: -708.905179
[00:00:01] [worker #2] ML tree search #3, logLikelihood: -708.905180
[00:00:01] [worker #3] ML tree search #4, logLikelihood: -708.905178
[00:00:01] [worker #10] ML tree search #11, logLikelihood: -708.905179
[00:00:01] [worker #12] ML tree search #13, logLikelihood: -708.905179
[00:00:01] [worker #9] ML tree search #10, logLikelihood: -708.905180
[00:00:01] [worker #7] ML tree search #8, logLikelihood: -708.905178
[00:00:01] [worker #16] ML tree search #17, logLikelihood: -708.905179

[00:00:01] ML tree search completed, best tree logLH: -708.905178

[00:00:01] Starting bootstrapping analysis with 1000 replicates.

[00:00:01] [worker #29] Bootstrap tree #30, logLikelihood: -697.916649
[00:00:01] [worker #24] Bootstrap tree #25, logLikelihood: -676.438511
[00:00:01] [worker #1] Bootstrap tree #2, logLikelihood: -732.884070
[00:00:01] [worker #25] Bootstrap tree #26, logLikelihood: -683.907513
[00:00:01] [worker #30] Bootstrap tree #31, logLikelihood: -658.136367
[00:00:01] [worker #26] Bootstrap tree #27, logLikelihood: -692.710475
[00:00:01] [worker #31] Bootstrap tree #32, logLikelihood: -717.708806
[00:00:01] [worker #2] Bootstrap tree #3, logLikelihood: -752.247792
[00:00:01] [worker #21] Bootstrap tree #22, logLikelihood: -721.221141
[00:00:01] [worker #5] Bootstrap tree #6, logLikelihood: -704.598316
-732.294387
[00:00:01] [worker #16] Bootstrap tree #17, logLikelihood: -694.233291
[[0000::0000::01] ] [worker #22] Bootstrap tree #[worker #20] 23Bootstrap tree #, logLikelihood: 21, logLikelihood: -672.183520
[[0000::0000::01] ] [worker #22] Bootstrap tree #[worker #20] 23Bootstrap tree #, logLikelihood: 21, logLikelihood: -672.183520
-711.246830
[00:00:01] [worker #0] Bootstrap tree #1, logLikelihood: -708.789215
[00:00:01] [worker #18] Bootstrap tree #19, logLikelihood: -704.929956
[00:00:01] [worker #28] Bootstrap tree #29, logLikelihood: -736.056847
[00:00:01] [worker #23] Bootstrap tree #24, logLikelihood: -709.223698
[00:00:01] [worker #10] Bootstrap tree #11, logLikelihood: -701.663218
[00:00:01] [worker #27] Bootstrap tree #28, logLikelihood: -714.162441
[00:00:01] [worker #7] Bootstrap tree #8, logLikelihood: -718.137087
00:00:01] [worker #19] Bootstrap tree #20, logLikelihood: -731.907679
[00:00:01] [worker #15] Bootstrap tree #16, logLikelihood: -709.780736
[00:00:01] [worker #12] Bootstrap tree #13, logLikelihood: -689.072375
[worker #6] Bootstrap tree #7, logLikelihood: -690.069530
[00:00:01] [worker #4] Bootstrap tree #5, logLikelihood: -684.400489
[00:00:01] [worker #13] Bootstrap tree #14, logLikelihood: -709.256908
[00:00:01] [worker #11] Bootstrap tree #12, logLikelihood: -699.070749
[00:00:01] [worker #14] Bootstrap tree #15, logLikelihood: -699.934347
[00:00:01] [worker #8] Bootstrap tree #9, logLikelihood: -683.165151
[00:00:01] [worker #3] Bootstrap tree #4, logLikelihood: -716.219712
[00:00:01] [worker #17] Bootstrap tree #18, logLikelihood: -725.436321
[00:00:01] [worker #1] Bootstrap tree #34, logLikelihood: -695.981026
[00:00:01] [worker #29] Bootstrap tree #62, logLikelihood: -708.905179
[00:00:01] [worker #9] Bootstrap tree #42, logLikelihood: -664.228766
[00:00:01] [worker #24] Bootstrap tree #57, logLikelihood: -690.207159
[00:00:01] [worker #26] Bootstrap tree #59, logLikelihood: -691.146001
[00:00:01] [worker #31] Bootstrap tree #64, logLikelihood: -692.118014
[00:00:01] [worker #30] Bootstrap tree #63, logLikelihood: -701.751164
[00:00:01] [worker #2] Bootstrap tree #35, logLikelihood: -695.594523
[00:00:01] [worker #5] Bootstrap tree #38, logLikelihood: -700.828755
[00:00:01] [worker #22] Bootstrap tree #55, logLikelihood: -705.101618
[00:00:01] [worker #16] Bootstrap tree #49, logLikelihood: -693.479428
[00:00:01] [worker #6] Bootstrap tree #39, logLikelihood: -723.436012
[00:00:01] [worker #19] Bootstrap tree #52, logLikelihood: -702.459492
[00:00:01] [worker #20] Bootstrap tree #53, logLikelihood: -683.058285
[00:00:01] [worker #25] Bootstrap tree #58, logLikelihood: -685.336834
[00:00:01] [worker #21] Bootstrap tree #54, logLikelihood: -679.517592
[00:00:01] [worker #4] Bootstrap tree #37, logLikelihood: -685.729537
[00:00:01] [worker #8] Bootstrap tree #41, logLikelihood: -669.512887
[00:00:01] [worker #18] Bootstrap tree #51, logLikelihood: -728.361998
[00:00:01] [worker #18] Bootstrap tree #51, logLikelihood: -728.361998
[00:00:01] [worker #11] Bootstrap tree #44, logLikelihood: -708.562750
[00:00:01] [worker #7] Bootstrap tree #40, logLikelihood: -712.912492
[00:00:01] [worker #3] Bootstrap tree #36, logLikelihood: -715.166552
[00:00:01] [worker #27] Bootstrap tree #60, logLikelihood: -710.112578
[00:00:01] [worker #23] Bootstrap tree #56, logLikelihood: -747.338455
[00:00:01] [worker #15] Bootstrap tree #48, logLikelihood: -710.315846
[00:00:01] [worker #17] Bootstrap tree #50, logLikelihood: -679.532579
[00:00:01] [worker #12] Bootstrap tree #45, logLikelihood: -704.472000
[00:00:01] [worker #0] Bootstrap tree #33, logLikelihood: -718.644289
[00:00:01] [worker #13] Bootstrap tree #46, logLikelihood: -721.907566
[00:00:01] [worker #28] Bootstrap tree #61, logLikelihood: -686.614430
[00:00:01] [worker #10] Bootstrap tree #43, logLikelihood: -711.996918
[00:00:01] [worker #14] Bootstrap tree #47, logLikelihood: -745.685835
[00:00:02] [worker #3] Bootstrap tree #68, logLikelihood: -702.064750
[00:00:02] [worker #15] Bootstrap tree #80, logLikelihood: -690.393365
[00:00:02] [worker #4] Bootstrap tree #69, logLikelihood: -683.438715
[00:00:02] [worker #5] Bootstrap tree #70, logLikelihood: -688.464462
00[:00:02] [worker #28] Bootstrap tree #93, logLikelihood: -727.6023750:
00[:00:02] [worker #28] Bootstrap tree #93, logLikelihood: -727.6023750:
00:02] [worker #20] Bootstrap tree #85, logLikelihood: -711.292023
[00:00:02] [worker #19] Bootstrap tree #84, logLikelihood: -736.635058
[00:00:02] [worker #14] Bootstrap tree #79, logLikelihood: -687.699781
[00:00:02] [worker #9] Bootstrap tree #74, logLikelihood: -700.723141
[00:00:02] [worker #24] Bootstrap tree #89, logLikelihood: [-723.207039
-708.248055
[00:00:02] [worker #13] Bootstrap tree #78, logLikelihood: -702.960811
[00:00:02] [worker #29] Bootstrap tree #94, logLikelihood: -710.170058
[00:00:02] [worker #30] Bootstrap tree #95, logLikelihood: -717.270052
[00:00:02] [worker #6] Bootstrap tree #71, logLikelihood: -727.193764
[00:00:02] [worker #23] Bootstrap tree #88, logLikelihood: -686.338263
[00:00:02] [worker #12] Bootstrap tree #77, logLikelihood: -680.204517
[00:00:02] [worker #21] Bootstrap tree #86, logLikelihood: -714.631304
[00:00:02] [worker #26] Bootstrap tree #91, logLikelihood: -661.713815
[00:00:02] [worker #2] Bootstrap tree #67, logLikelihood: -712.070230
[0, logLikelihood: -708.905179
[00:00:02] [worker #18] Bootstrap tree #83, logLikelihood: -707.694240
[00:00:02] [worker #22] Bootstrap tree #87, logLikelihood: -667.790416
[00:00:02] [worker #0] Bootstrap tree #65, logLikelihood: -708.905180
[00:00:02] [worker #17] Bootstrap tree #82, logLikelihood: -705.911338
[00:00:02] [worker #4] Bootstrap tree #101, logLikelihood: -688.098386
[00:00:02] [worker #10] Bootstrap tree #75, logLikelihood: -707.256071
[00:00:02] [worker #31] Bootstrap tree #96, logLikelihood: -686.855635
[00:00:02] [worker #27] Bootstrap tree #92, logLikelihood: -697.013088
[00:00:02] [worker #3] Bootstrap tree #100, logLikelihood: -729.393606
[00:00:02] [worker #16] Bootstrap tree #81, logLikelihood: -683.611247
[00:00:02] [worker #1] Bootstrap tree #66, logLikelihood: -683.269550
[00:00:02] [worker #7] Bootstrap tree #72, logLikelihood: -680.068313
[00:00:02] [worker #11] Bootstrap tree #76, logLikelihood: -691.398027
[00:00:02] [worker #14] Bootstrap tree #111, logLikelihood: -686.428248
[00:00:02] [worker #5] Bootstrap tree #102, logLikelihood: -681.898544
[00:00:02] [worker #15] Bootstrap tree #112, logLikelihood: -682.483388
[00:00:02] [worker #19] Bootstrap tree #116, logLikelihood: -701.712265
[00:00:02] [worker #25] Bootstrap tree #122, logLikelihood: -728.172937
[00:00:02] [worker #20] Bootstrap tree #117, logLikelihood: -775.777899
[00:00:02] [worker #28] Bootstrap tree #125, logLikelihood: -706.346921
[00:00:02] [worker #24] Bootstrap tree #121, logLikelihood: -696.593064
[00:00:02] [worker #13] Bootstrap tree #110, logLikelihood: -705.078840
[00:00:02] [worker #9] Bootstrap tree #106, logLikelihood: -708.905179
[00:00:02] [worker #12] Bootstrap tree #109, logLikelihood: -694.809510
[00:00:02] [worker #23] Bootstrap tree #120, logLikelihood: -688.323856
[00:00:02] [worker #29] Bootstrap tree #126, logLikelihood: -712.534091
[00:00:02] [worker #31] Bootstrap tree #128, logLikelihood: -642.312173
[00:00:02] [worker #2] Bootstrap tree #99, logLikelihood: -723.453812
[00:00:02] [worker #6] Bootstrap tree #103, logLikelihood: -688.289655
[00:00:02] [worker #26] Bootstrap tree #123, logLikelihood: -664.610389
[00:00:02] [worker #1] Bootstrap tree #98, logLikelihood: -701.469212
[00:00:02] [worker #22] Bootstrap tree #119, logLikelihood: -703.376701
[00:00:02] [worker #8] Bootstrap tree #105, logLikelihood: -662.441094
[00:00:02] [worker #16] Bootstrap tree #113, logLikelihood: -716.426148
[00:00:02] [worker #18] Bootstrap tree #115, logLikelihood: -723.854417
[00:00:02] [worker #10] Bootstrap tree #107, logLikelihood: -709.340963
[00:00:02] [worker #21] Bootstrap tree #118, logLikelihood: -702.841781
[00:00:02] [worker #7] Bootstrap tree #104, logLikelihood: -700.678051
[00:00:02] [worker #0] Bootstrap tree #97, logLikelihood: -718.809453
[00:00:02] [worker #30] Bootstrap tree #127, logLikelihood: -710.740523
[00:00:02] [worker #11] Bootstrap tree #108, logLikelihood: -698.302689
[00:00:02] [worker #17] Bootstrap tree #114, logLikelihood: -696.261703
[00:00:02] [worker #27] Bootstrap tree #124, logLikelihood: -704.448495
[00:00:03] [worker #18] Bootstrap tree #147, logLikelihood: -667.177177
[00:00:03] [worker #29] Bootstrap tree #158, logLikelihood: -726.851883
[00:00:03] [worker #16] Bootstrap tree #145, logLikelihood: -668.697784
[00:00:03] [worker #31] Bootstrap tree #160, logLikelihood: -735.267749
[00:00:03] [worker #3] Bootstrap tree #132, logLikelihood: -709.532419
[00:00:03] [worker #21] Bootstrap tree #150, logLikelihood: -708.905179
[00:00:03] [worker #1] Bootstrap tree #130, logLikelihood: -681.701995
[00:00:03] [worker #19] Bootstrap tree #148, logLikelihood: -664.678692
[00:00:03] [worker #30] Bootstrap tree #159, logLikelihood: -696.972412
[00:00:03] [worker #22] Bootstrap tree #151, logLikelihood: -746.674853
[00:00:03] [worker #5] Bootstrap tree #134, logLikelihood: -743.962007
[00:00:03] [worker #28] Bootstrap tree #157, logLikelihood: -693.395796
[00:00:03] [worker #20] Bootstrap tree #149, logLikelihood: -715.227809
[00:00:03] [worker #11] Bootstrap tree #140, logLikelihood: -675.198556
[[00:00:03] [worker #13] Bootstrap tree #142, logLikelihood: -712.19315000
-687.321661
[00:00:03] [worker #0] Bootstrap tree #129, logLikelihood: -704.231103
[00:00:03] [worker #24] Bootstrap tree #153, logLikelihood: -681.034942
[00:00:03] [worker #2] Bootstrap tree #131, logLikelihood: -682.556056
[00:00:03] [worker #7] Bootstrap tree #136, logLikelihood: -712.477654
[00:00:03] [worker #9] Bootstrap tree #138, logLikelihood: -675.600878
[00:00:03] [worker #10] Bootstrap tree #139, logLikelihood: -719.621256
[00:00:03] [worker #6] Bootstrap tree #135, logLikelihood: -677.937719
[00:00:03] [worker #26] Bootstrap tree #155, logLikelihood: -696.997096
[00:00:03] [worker #8] Bootstrap tree #137, logLikelihood: -694.022363
[00:00:03] [worker #15] Bootstrap tree #144, logLikelihood: -704.801805
[00:00:03] [worker #17] Bootstrap tree #146, logLikelihood: -738.329485
[00:00:03] [worker #4] Bootstrap tree #133, logLikelihood: -717.447205
[00:00:03] [worker #14] Bootstrap tree #143, logLikelihood: -729.394575
[00:00:03] [worker #23] Bootstrap tree #152, logLikelihood: -728.534526
[00:00:03] [worker #23] Bootstrap tree #152, logLikelihood: -728.534526
[00:00:03] [worker #27] Bootstrap tree #156, logLikelihood: -725.012561
[00:00:03] [worker #29] Bootstrap tree #190, logLikelihood: -670.872881
[00:00:03] [worker #25] Bootstrap tree #154, logLikelihood: -699.470661
[00:00:03] [worker #21] Bootstrap tree #182, logLikelihood: -672.967289
[00:00:03] [worker #31] Bootstrap tree #192, logLikelihood: -699.333218
[00:00:03] [worker #10] Bootstrap tree #171, logLikelihood: -689.822558
[00:00:03] [worker #12] Bootstrap tree #173, logLikelihood: -691.889869
[00:00:03] [worker #5] Bootstrap tree #166, logLikelihood: -682.543492
[00:00:03] [worker #18] Bootstrap tree #179, logLikelihood: -713.962472
[00:00:03] [worker #24] Bootstrap tree #185, logLikelihood: -661.067820
[00:00:03] [worker #11] Bootstrap tree #172, logLikelihood: -687.030379
[00:00:03] [worker #30] Bootstrap tree #191, logLikelihood: -705.594264
[00:00:03] [worker #19] Bootstrap tree #180, logLikelihood: -703.539767
[00:00:03] [worker #16] Bootstrap tree #177, logLikelihood: -762.555902
[00:00:03] [worker #3] Bootstrap tree #164, logLikelihood: -683.316070
[00:00:03] [worker #4] Bootstrap tree #165, logLikelihood: -685.992972
[00:00:03] [worker #8] Bootstrap tree #169, logLikelihood: -690.881558
[00:00:03] [worker #1] Bootstrap tree #162, logLikelihood: -646.694555
[00:00:03] [worker #28] Bootstrap tree #189, logLikelihood: -698.998188
[00:00:03] [worker #14] Bootstrap tree #175, logLikelihood: -655.755588
[00:00:03] [worker #13] Bootstrap tree #174, logLikelihood: -708.905179
[00:00:03] [worker #0] Bootstrap tree #161, logLikelihood: -684.477620
[00:00:03] [worker #7] Bootstrap tree #168, logLikelihood: -717.198605
[00:00:03] [worker #25] Bootstrap tree #186, logLikelihood: -716.733360
[00:00:03] [worker #27] Bootstrap tree #188, logLikelihood: -688.951982
[00:00:03] [worker #6] Bootstrap tree #167, logLikelihood: -738.472482
[00:00:03] [worker #2] Bootstrap tree #163, logLikelihood: -707.007961
[00:00:03] [worker #26] Bootstrap tree #187, logLikelihood: -719.563740
[00:00:03] [worker #17] Bootstrap tree #178, logLikelihood: -702.681175
[[00:00:03] [worker #15] Bootstrap tree #176, logLikelihood: -660.7006650:00:03

[00:00:03] [worker #23] Bootstrap tree #184, logLikelihood: -723.594500
[00:00:03] [worker #22] Bootstrap tree #183, logLikelihood: -670.283451
[00:00:03] [worker #9] Bootstrap tree #170, logLikelihood: -674.364257
[00:00:04] [worker #17] Bootstrap tree #210, logLikelihood: -636.259193
[00:00:04] [worker #21] Bootstrap tree #214, logLikelihood: -685.636183
-673.601993
[00:00:04] [worker #20] Bootstrap tree #213, logLikelihood: -707.003817
-689.469312
[00:00:04] [worker #8] Bootstrap tree #201, logLikelihood: -722.990855
[00:00:04] [worker #22] Bootstrap tree #215, logLikelihood: -680.091481
[00:00:04] [worker #6] Bootstrap tree #199, logLikelihood: -649.511099
[00:00:04] [worker #2] Bootstrap tree #195, logLikelihood: -708.145047
[00:00:04] [worker #30] Bootstrap tree #223, logLikelihood: -768.652970
[00:00:04] [worker #23] Bootstrap tree #216, logLikelihood: -709.940789
[00:00:04] [worker #12] Bootstrap tree #205, logLikelihood: -698.493887
[00:00:04] [worker #27] Bootstrap tree #220, logLikelihood: -690.330004
[00:00:04] [worker #0] Bootstrap tree #193, logLikelihood: -717.403080
[00:00:04] [worker #24] Bootstrap tree #217, logLikelihood: -777.568999
[00:00:04] [worker #18] Bootstrap tree #211, logLikelihood: -662.604498
[00:00:04] [worker #19] Bootstrap tree #212, logLikelihood: -728.855956
[00:00:04] [worker #25] Bootstrap tree #218, logLikelihood: -659.966184
[00:00:04] [worker #7] Bootstrap tree #200, logLikelihood: -701.924449
[00:00:04] [worker #14] Bootstrap tree #207, logLikelihood: -715.158525
[00:00:04] [worker #28] Bootstrap tree #221, logLikelihood: -731.384511
[00:00:04] [worker #13] Bootstrap tree #206, logLikelihood: -714.254426
[00:00:04] [worker #4] Bootstrap tree #197, logLikelihood: -671.796937
[00:00:04] [worker #9] Bootstrap tree #202, logLikelihood: -742.684053
[00:00:04] [worker #31] Bootstrap tree #224, logLikelihood: -696.795723
[00:00:04] [worker #16] Bootstrap tree #209, logLikelihood: -697.634103
[00:00:04] [worker #1] Bootstrap tree #194, logLikelihood: -679.395293
[00:00:04] [worker #15] Bootstrap tree #208, logLikelihood: -727.384066
[00:00:04] [worker #10] Bootstrap tree #203, logLikelihood: -648.072986
[00:00:04] [worker #3] Bootstrap tree #196, logLikelihood: -652.543766
[00:00:04] [worker #11] Bootstrap tree #204, logLikelihood: -706.625120
[00:00:04] [worker #29] Bootstrap tree #222, logLikelihood: -693.053230
[00:00:04] [worker #21] Bootstrap tree #246, logLikelihood: -714.636125
[00:00:04] [worker #30] Bootstrap tree #255, logLikelihood: -671.914239
[00:00:04] [worker #4] Bootstrap tree #229, logLikelihood: -671.164281
[00:00:04] [worker #27] Bootstrap tree #252, logLikelihood: -734.590983
[00:00:04] [worker #20] Bootstrap tree #245, logLikelihood: -705.091680
[00:00:04] [worker #16] Bootstrap tree #241, logLikelihood: -741.904296
[00:00:04] [worker #6] Bootstrap tree #231, logLikelihood: -676.127143
[00:00:04] [worker #22] Bootstrap tree #247, logLikelihood: -737.542660
[00:00:04] [worker #5] Bootstrap tree #230, logLikelihood: -708.927286
[00:00:04] [worker #17] Bootstrap tree #242, logLikelihood: -701.429963
[00:00:04[] [worker #26] Bootstrap tree #0, logLikelihood: :00:04] [worker #8] Bootstrap tree #233, logLikelihood: -684.074878
[00:00:04[] [worker #26] Bootstrap tree #0, logLikelihood: :00:04] [worker #8] Bootstrap tree #233, logLikelihood: -684.074878
-695.728033
[00:00:04] [worker #19] Bootstrap tree #244, logLikelihood: -708.905179
[00:00:04] [worker #0] Bootstrap tree #225, logLikelihood: -712.624638
[00:00:04] [worker #23] Bootstrap tree #248, logLikelihood: -699.678327
[00:00:04] [worker #12] Bootstrap tree #237, logLikelihood: -677.578045
[00:00:04] [worker #18] Bootstrap tree #243, logLikelihood: -703.632960
[00:00:04] [worker #7] Bootstrap tree #232, logLikelihood: -703.599339
[00:00:04] [worker #2] Bootstrap tree #227, logLikelihood: -721.946224
[00:00:04] [worker #14] Bootstrap tree #239, logLikelihood: -675.635107
[00:00:04] [worker #24] Bootstrap tree #249, logLikelihood: -729.569791
[00:00:04] [worker #31] Bootstrap tree #256, logLikelihood: -706.926245
[00:00:04] [worker #9] Bootstrap tree #234, logLikelihood: -728.340063
[00:00:04] [worker #1] Bootstrap tree #226, logLikelihood: -741.037025
[00:00:04] [worker #3] Bootstrap tree #228, logLikelihood: -710.962119
[00:00:04] [worker #11] Bootstrap tree #236, logLikelihood: -718.222929
[00:00:04] [worker #25] Bootstrap tree #250, logLikelihood: -676.313453
[00:00:04] [worker #13] Bootstrap tree #238, logLikelihood: -716.189838
[00:00:04] [worker #10] Bootstrap tree #235, logLikelihood: -707.888045
[00:00:04] [worker #28] Bootstrap tree #253, logLikelihood: -693.610918
[00:00:04] [worker #15] Bootstrap tree #240, logLikelihood: -692.128936
[00:00:04] [worker #29] Bootstrap tree #254, logLikelihood: -681.991439
[00:00:05] [worker #8] Bootstrap tree #265, logLikelihood: -672.025555
[00:00:05] [worker #5] Bootstrap tree #262, logLikelihood: -694.712751
[00:00:05] [worker #2] Bootstrap tree #259, logLikelihood: -675.508630
[00:00:05] [worker #26] Bootstrap tree #283, logLikelihood: -704.483968
[00:00:05] [worker #3] Bootstrap tree #260, logLikelihood: -699.988264
[00:00:05] [worker #25] Bootstrap tree #282, logLikelihood: -714.866804
[00:00:05] [worker #1] Bootstrap tree #258, logLikelihood: -697.390357
[00:00:05] [worker #24] Bootstrap tree #281, logLikelihood: -688.163292
[00:00:05] [worker #31] Bootstrap tree #288, logLikelihood: -674.873644
[00:00:05] [worker #29] Bootstrap tree #286, logLikelihood: -700.722075
[00:00:05] [worker #12] Bootstrap tree #269, logLikelihood: -685.418845
-723.511678
[00:00:05] [worker #17] Bootstrap tree #274, logLikelihood: -708.167920
[00:00:05] [worker #27] Bootstrap tree #284, logLikelihood: -671.064609
[00:00:05] [worker #9] Bootstrap tree #266, logLikelihood: -727.492249
[00:00:05] [worker #4] Bootstrap tree #261, logLikelihood: -706.173124
[00:00:05] [worker #30] Bootstrap tree #287, logLikelihood: -692.508520
[00:00:05] [worker #7] Bootstrap tree #264, logLikelihood: -682.627996
[00:00:05] [worker #11] Bootstrap tree #268, logLikelihood: -704.185944
[00:00:05] [worker #19] Bootstrap tree #276, logLikelihood: -669.935983
[00:00:05] [worker #10] Bootstrap tree #267, logLikelihood: -702.085366
[00:00:05] [worker #22] Bootstrap tree #279, logLikelihood: -700.811557
[00:00:05] [worker #16] Bootstrap tree #273, logLikelihood: -670.245648
[00:00:05] [worker #20] Bootstrap tree #277, logLikelihood: -699.679757
[00:00:05] [worker #15] Bootstrap tree #272, logLikelihood: -710.960741
[00:00:05] [worker #13] Bootstrap tree #270, logLikelihood: -725.886782
[00:00:05] [worker #0] Bootstrap tree #257, logLikelihood: -656.068900
[00:00:05] [worker #5] Bootstrap tree #294, logLikelihood: -676.077025
[00:00:05] [worker #6] Bootstrap tree #263, logLikelihood: -668.866080
[00:00:05] [worker #28] Bootstrap tree #285, logLikelihood: -730.019879
[00:00:05] [worker #14] Bootstrap tree #271, logLikelihood: -708.405113
[00:00:05] [worker #2] Bootstrap tree #291, logLikelihood: -711.915452
[00:00:05] [worker #21] Bootstrap tree #278, logLikelihood: -725.264963
[00:00:05] [worker #3] Bootstrap tree #292, logLikelihood: -709.807082
[00:00:05] [worker #23] Bootstrap tree #280, logLikelihood: -686.381276
[00:00:05] [worker #1] Bootstrap tree #290, logLikelihood: -734.361838
[00:00:05] [worker #31] Bootstrap tree #320, logLikelihood: -678.725526
[00:00:05] [worker #24] Bootstrap tree #313, logLikelihood: -682.732532
[00:00:05] [worker #8] Bootstrap tree #297, logLikelihood: -708.193593
[00:00:05] [worker #29] Bootstrap tree #318, logLikelihood: -708.905179
[00:00:05] [worker #26] Bootstrap tree #315, logLikelihood: -705.366171
[00:00:05] [worker #25] Bootstrap tree #314, logLikelihood: -697.943593
[00:00:05] [worker #7] Bootstrap tree #296, logLikelihood: -740.943894
[00:00:05] [worker #9] Bootstrap tree #298, logLikelihood: -695.067763
[00:00:05] [worker #30] Bootstrap tree #319, logLikelihood: -700.708908
[00:00:05] [worker #20] Bootstrap tree #309, logLikelihood: -710.818996
[00:00:05] [worker #27] Bootstrap tree #316, logLikelihood: -714.020082
[00:00:05] [worker #10] Bootstrap tree #299, logLikelihood: -705.383089
[00:00:05] [worker #15] Bootstrap tree #304, logLikelihood: -687.063861
[00:00:05] [worker #22] Bootstrap tree #311, logLikelihood: -685.429149
[00:00:05] [worker #17] Bootstrap tree #306, logLikelihood: -723.257877
[[[[00:00:05] [worker #11] Bootstrap tree #300, logLikelihood: 00:00:05] [worker #19] Bootstrap tree #308, logLikelihood: 
05[[00:00:05] [worker #11] Bootstrap tree #300, logLikelihood: 00:00:05] [worker #19] Bootstrap tree #308, logLikelihood: 
-673.063177
] [worker #16] Bootstrap tree #305, logLikelihood: -718.591303
Bootstrap tree #293, logLikelihood: -690.908861
[00:00:05] [worker #12] Bootstrap tree #301, logLikelihood: -703.840267
[00:00:05] [worker #28] Bootstrap tree #317, logLikelihood: -711.878207
[00:00:05] [worker #13] Bootstrap tree #302, logLikelihood: -659.026395
[00:00:05] [worker #18] Bootstrap tree #307, logLikelihood: -705.949190
[00:00:05] [worker #0] Bootstrap tree #289, logLikelihood: -710.994020
[00:00:05] [worker #14] Bootstrap tree #303, logLikelihood: -692.438665
[00:00:05] [worker #21] Bootstrap tree #310, logLikelihood: -682.252341
[00:00:06] [worker #6] Bootstrap tree #295, logLikelihood: -708.197607
[00:00:06] [worker #23] Bootstrap tree #312, logLikelihood: -698.588356
[00:00:06] [worker #6] Bootstrap tree #327, logLikelihood: -693.753171
[00:00:07] [worker #30] Bootstrap tree #351, logLikelihood: -680.990374
[00:00:07] [worker #5] Bootstrap tree #326, logLikelihood: -643.450733
00:00:07] [worker #23] Bootstrap tree #344, logLikelihood: -740.377080
[00:00:07] [worker #21] Bootstrap tree #342, logLikelihood: -711.733826
[00:00:07] [worker #11] Bootstrap tree #332, logLikelihood: -683.080528
[00:00:07] [worker #12] Bootstrap tree #333, logLikelihood: -719.141249
[00:00:07] [worker #9] Bootstrap tree #330, logLikelihood: -708.905179
[00:00:07] [worker #10] Bootstrap tree #331, logLikelihood: -669.419130
[00:00:07] [worker #15] Bootstrap tree #336, logLikelihood: -709.454780
[00:00:07] [worker #7] Bootstrap tree #328, logLikelihood: -707.334340
[00:00:07] [worker #25] Bootstrap tree #346, logLikelihood: -718.518626
[00:00:07] [worker #13] Bootstrap tree #334, logLikelihood: -713.050839
[00:00:07] [worker #29] Bootstrap tree #350, logLikelihood: -656.009803
[00:00:07] [worker #19] Bootstrap tree #340, logLikelihood: -685.033305
[00:00:07] [worker #17] Bootstrap tree #338, logLikelihood: -665.572510
[00:00:07] [worker #27] Bootstrap tree #348, logLikelihood: -679.199978
[00:00:07] [worker #3] Bootstrap tree #324, logLikelihood: -695.454000
[00:00:07] [worker #18] Bootstrap tree #339, logLikelihood: -718.059454
[00:00:07] [worker #4] Bootstrap tree #325, logLikelihood: -725.599419
[00:00:07] [worker #14] Bootstrap tree #335, logLikelihood: -722.003337
[00:00:07] [worker #31] Bootstrap tree #352, logLikelihood: -721.511434
[00:00:07] [worker #28] Bootstrap tree #349, logLikelihood: -730.516049
00:00:07] [worker #16] Bootstrap tree #337, logLikelihood: -689.384146
[00:00:07] [worker #0] Bootstrap tree #321, logLikelihood: -684.314361
[00:00:07] [worker #26] Bootstrap tree #347, logLikelihood: -722.107849
[00:00:07] [worker #22] Bootstrap tree #343, logLikelihood: -713.056807
[00:00:07] [worker #24] Bootstrap tree #345, logLikelihood: -695.818136
[00:00:07] [worker #1] Bootstrap tree #322, logLikelihood: -690.827391
[00:00:07] [worker #2] Bootstrap tree #323, logLikelihood: -711.179667
[00:00:07] [worker #8] Bootstrap tree #329, logLikelihood: -698.285263
[00:00:07] [worker #20] Bootstrap tree #341, logLikelihood: -703.915357
[00:00:07] [worker #5] Bootstrap tree #358, logLikelihood: -703.472062
[00:00:07] [worker #13] Bootstrap tree #366, logLikelihood: -697.857983
[00:00:07] [worker #21] Bootstrap tree #374, logLikelihood: -703.216586
[00:00:07] [worker #6] Bootstrap tree #359, logLikelihood: -713.346822
[00:00:07] [worker #23] Bootstrap tree #376, logLikelihood: -738.211264
[00:00:07] [worker #12] Bootstrap tree #365, logLikelihood: -716.804188
[00:00:07] [worker #30] Bootstrap tree #383, logLikelihood: -687.396190
[00:00:07] [worker #10] Bootstrap tree #363, logLikelihood: -711.627858
[00:00:07] [worker #15] Bootstrap tree #368, logLikelihood: -701.389041
[00:00:07] [worker #25] Bootstrap tree #378, logLikelihood: -745.358109
[00:00:07] [worker #4] Bootstrap tree #357, logLikelihood: -747.454717
[00:00:07] [worker #19] Bootstrap tree #372, logLikelihood: -689.423700
[00:00:07] [worker #29] Bootstrap tree #382, logLikelihood: -670.351697
[00:00:07] [worker #18] Bootstrap tree #371, logLikelihood: -710.347860
[00:00:07] [worker #9] Bootstrap tree #362, logLikelihood: -692.162332
[00:00:07] [worker #14] Bootstrap tree #367, logLikelihood: -689.804494
[00:00:07] [worker #24] Bootstrap tree #377, logLikelihood: -657.003639
[00:00:07] [worker #11] Bootstrap tree #364, logLikelihood: -713.840764
[00:00:07] [worker #3] Bootstrap tree #356, logLikelihood: -666.313206
[00:00:07] [worker #26] Bootstrap tree #379, logLikelihood: -732.263736
[00:00:07] [worker #7] Bootstrap tree #360, logLikelihood: -687.201031
[00:00:07] [worker #17] Bootstrap tree #370, logLikelihood: -691.239804
[00:00:07] [worker #2] Bootstrap tree #355, logLikelihood: -739.885245
[00:00:07] [worker #1] Bootstrap tree #354, logLikelihood: -675.912852
[00:00:07] [worker #0] Bootstrap tree #353, logLikelihood: -677.427641
[00:00:07] [worker #22] Bootstrap tree #375, logLikelihood: -711.788594
[00:00:07] [worker #8] Bootstrap tree #361, logLikelihood: -709.489500
[00:00:07] [worker #31] Bootstrap tree #384, logLikelihood: -744.234920
[00:00:07] [worker #16] Bootstrap tree #369, logLikelihood: -722.596881
[00:00:07] [worker #27] Bootstrap tree #380, logLikelihood: -713.476877
[00:00:07] [worker #20] Bootstrap tree #373, logLikelihood: -743.854369
[00:00:07] [worker #28] Bootstrap tree #381, logLikelihood: -723.482644
[00:00:08] [worker #23] Bootstrap tree #408, logLikelihood: -702.328389
[00:00:08] [worker #19] Bootstrap tree #404, logLikelihood: -685.887332
[00:00:08] [worker #1] Bootstrap tree #386, logLikelihood: -681.179560
[00:00:08] [worker #9] Bootstrap tree #394, logLikelihood: -700.641602
[00:00:08] [worker #18] Bootstrap tree #403, logLikelihood: -703.355249
00:00:08] [worker #26] Bootstrap tree #411, logLikelihood: -700.317827
[00:00:08] [worker #7] Bootstrap tree #392, logLikelihood: -700.280709
[00:00:08] [worker #12] Bootstrap tree #397, logLikelihood: -678.275904
[00:00:08] [worker #3] Bootstrap tree #388, logLikelihood: -719.781807
[00:00:08] [worker #13] Bootstrap tree #398, logLikelihood: -703.786966
[00:00:08] [worker #6] Bootstrap tree #391, logLikelihood: -729.800747
[00:00:08] [worker #16] Bootstrap tree #401, logLikelihood: [-738.852013
[00:00:08] [worker #16] Bootstrap tree #401, logLikelihood: [-738.852013
00:00:08] [worker #28] Bootstrap tree #413, logLikelihood: -658.773310
[00:00:08] [worker #8] Bootstrap tree #393, logLikelihood: -693.066400
[00:00:08] [worker #5] Bootstrap tree #390, logLikelihood: -652.618294
[00:00:08] [worker #11] Bootstrap tree #396, logLikelihood: -679.647179
[00:00:08] [worker #30] Bootstrap tree #415, logLikelihood: -704.747091
[00:00:08] [worker #29] Bootstrap tree #414, logLikelihood: -678.463640
[00:00:08] [worker #22] Bootstrap tree #407, logLikelihood: -665.096149
[00:00:08] [worker #2] Bootstrap tree #387, logLikelihood: -665.556383
[00:00:08] [worker #31] Bootstrap tree #416, logLikelihood: -692.143641
] [worker #10] Bootstrap tree #395, logLikelihood: -703.981753
[00:00:08] [worker #20] Bootstrap tree #405, logLikelihood: -732.151628
[00:00:08] [worker #15] Bootstrap tree #400, logLikelihood: -735.344826
[00:00:08] [worker #27] Bootstrap tree #412, logLikelihood: -646.368094
[00:00:08] [worker #14] Bootstrap tree #399, logLikelihood: -696.039648
[00:00:08] [worker #24] Bootstrap tree #409, logLikelihood: -722.535293
[00:00:08] [worker #0] Bootstrap tree #385, logLikelihood: -708.104390
[00:00:08] [worker #25] Bootstrap tree #410, logLikelihood: -727.508478
[00:00:08] [worker #4] Bootstrap tree #389, logLikelihood: -728.677041
[00:00:08] [worker #21] Bootstrap tree #406, logLikelihood: -721.479360
[00:00:08] [worker #17] Bootstrap tree #402, logLikelihood: -683.706191
[00:00:08] [worker #2] Bootstrap tree #419, logLikelihood: -699.363632
[00:00:08] [worker #5] Bootstrap tree #422, logLikelihood: -709.076624
[00:00:08] [worker #10] Bootstrap tree #427, logLikelihood: -689.607222
[00:00:08] [worker #1] Bootstrap tree #418, logLikelihood: -667.334195
[00:00:08] [worker #9] Bootstrap tree #426, logLikelihood: -663.523172
[00:00:08] [worker #3] Bootstrap tree #420, logLikelihood: -687.714171
[00:00:08] [worker #11] Bootstrap tree #428, logLikelihood: -684.031277
[00:00:09] [worker #26] Bootstrap tree #443, logLikelihood: -712.895718
[00:00:09] [worker #18] Bootstrap tree #435, logLikelihood: -692.979425
[00:00:09] [worker #23] Bootstrap tree #440, logLikelihood: -675.944391
[00:00:09] [worker #12] Bootstrap tree #429, logLikelihood: -716.139565
[00:00:09] [worker #29] Bootstrap tree #446, logLikelihood: -680.786247
[00:00:09] [worker #30] Bootstrap tree #447, logLikelihood: -695.685092
[00:00:09] [worker #8] Bootstrap tree #425, logLikelihood: -730.560193
[00:00:09] [worker #6] Bootstrap tree #423, logLikelihood: -678.023614
[00:00:09] [worker #13] Bootstrap tree #430, logLikelihood: -676.714874
[00:00:09] [worker #19] Bootstrap tree #436, logLikelihood: -692.915584
[00:00:09] [worker #28] Bootstrap tree #445, logLikelihood: -695.153401
[00:00:09] [worker #14] Bootstrap tree #431, logLikelihood: -672.157407
[00:00:09] [worker #7] Bootstrap tree #424, logLikelihood: -705.463925
[00:00:09] [worker #22] Bootstrap tree #439, logLikelihood: -759.866012
[[00:00:09] [worker #24] Bootstrap tree #441, logLikelihood: [-727.0165450:00:09
[[00:00:09] [worker #24] Bootstrap tree #441, logLikelihood: [-727.0165450:00:09
] [worker #16] Bootstrap tree #433, logLikelihood: -731.259102
00:00:09] [worker #20] Bootstrap tree #437, logLikelihood: -740.914230
[00:00:09] [worker #17] Bootstrap tree #434, logLikelihood: -702.822190
[00:00:09] [worker #21] Bootstrap tree #438, logLikelihood: -686.878590
[00:00:09] [worker #31] Bootstrap tree #448, logLikelihood: -704.243018
[00:00:09] [worker #4] Bootstrap tree #421, logLikelihood: -729.130989
[00:00:09] [worker #27] Bootstrap tree #444, logLikelihood: -688.412982
[00:00:09] [worker #25] Bootstrap tree #442, logLikelihood: -687.065423
[00:00:09] [worker #15] Bootstrap tree #432, logLikelihood: -732.873077
[00:00:09] [worker #0] Bootstrap tree #417, logLikelihood: -711.060550
[00:00:11] [worker #16] Bootstrap tree #465, logLikelihood: -685.176456
[00:00:11] [worker #31] Bootstrap tree #480, logLikelihood: -713.594397
[00:00:11] [worker #30] Bootstrap tree #479, logLikelihood: -696.377909
[00:00:11] [worker #8] Bootstrap tree #457, logLikelihood: -717.085058
[00:00:11] [worker #2] Bootstrap tree #451, logLikelihood: -721.699909
[00:00:11] [worker #23] Bootstrap tree #472, logLikelihood: -706.316379
[00:00:11] [worker #20] Bootstrap tree #469, logLikelihood: -700.100268
[00:00:11] [worker #10] Bootstrap tree #459, logLikelihood: -686.878391
[00:00:11] [worker #4] Bootstrap tree #453, logLikelihood: -705.115149
[00:00:11] [worker #24] Bootstrap tree #473, logLikelihood: -718.425996
[00:00:11] [worker #15] Bootstrap tree #464, logLikelihood: -709.727825
[00:00:11] [worker #14] Bootstrap tree #463, logLikelihood: -712.342640
[00:00:11] [worker #1] Bootstrap tree #450, logLikelihood: -683.859262
[00:00:11] [worker #7] Bootstrap tree #456, logLikelihood: -710.034728
[00:00:11] [worker #25] Bootstrap tree #474, logLikelihood: -711.098731
[00:00:11] [worker #28] Bootstrap tree #477, logLikelihood: -697.333111
[00:00:11] [worker #21] Bootstrap tree #470, logLikelihood: -711.859590
[00:00:11] [worker #26] Bootstrap tree #475, logLikelihood: -773.527639
[00:00:11] [worker #6] Bootstrap tree #455, logLikelihood: -697.435811
-630.944778
[00:00:11] [worker #9] Bootstrap tree #458, logLikelihood: -673.878313
[00:00:11] [worker #16] Bootstrap tree #497, logLikelihood: -712.989912
[00:00:11] [worker #22] Bootstrap tree #471, logLikelihood: -693.418476
[00:00:11] [worker #19] Bootstrap tree #468, logLikelihood: -697.282674
[00:00:11] [worker #3] Bootstrap tree #452, logLikelihood: -729.709302
[00:00:11] [worker #5] Bootstrap tree #454, logLikelihood: -695.481028
[00:00:11] [worker #11] Bootstrap tree #460, logLikelihood: -682.127457
[00:00:11] [worker #17] Bootstrap tree #466, logLikelihood: -713.113359
[00:00:11] [worker #18] Bootstrap tree #467, logLikelihood: -686.393422
[00:00:11] [worker #29] Bootstrap tree #478, logLikelihood: -725.367537
[00:00:11] [worker #27] Bootstrap tree #476, logLikelihood: -675.359637
[00:00:11] [worker #0] Bootstrap tree #449, logLikelihood: -693.937760
[00:00:11] [worker #12] Bootstrap tree #461, logLikelihood: -686.595933
[00:00:11] [worker #2] Bootstrap tree #483, logLikelihood: -686.348696
[00:00:11] [worker #8] Bootstrap tree #489, logLikelihood: -711.607455
[00:00:11] [worker #30] Bootstrap tree #511, logLikelihood: -668.729402
[00:00:11] [worker #31] Bootstrap tree #512, logLikelihood: -670.081688
[00:00:11] [worker #23] Bootstrap tree #504, logLikelihood: -669.163359
[00:00:11] [worker #14] Bootstrap tree #495, logLikelihood: -709.098558
[00:00:11] [worker #26] Bootstrap tree #507, logLikelihood: -703.955671
[00:00:11] [worker #20] Bootstrap tree #501, logLikelihood: -684.870831
[00:00:11] [worker #21] Bootstrap tree #502, logLikelihood: -672.188381
[00:00:11] [worker #18] Bootstrap tree #499, logLikelihood: -695.633729
[00:00:11] [worker #1] Bootstrap tree #482, logLikelihood: -720.462295
[00:00:11] [worker #10] Bootstrap tree #491, logLikelihood: -744.347404
[00:00:11] [worker #13] Bootstrap tree #494, logLikelihood: -750.527480
[00:00:11] [worker #3] Bootstrap tree #484, logLikelihood: -721.076177
[00:00:11] [worker #11] Bootstrap tree #492, logLikelihood: -748.650680
[00:00:11] [worker #5] Bootstrap tree #486, logLikelihood: -708.905179
[00:00:11] [worker #19] Bootstrap tree #500, logLikelihood: -738.859521
[00:00:11] [worker #17] Bootstrap tree #498, logLikelihood: -711.817885
[00:00:11] [worker #4] Bootstrap tree #485, logLikelihood: -733.856242
[00:00:11] [worker #28] Bootstrap tree #509, logLikelihood: -716.521032
[00:00:11] [worker #24] Bootstrap tree #505, logLikelihood: -705.989849
[00:00:11] [worker #7] Bootstrap tree #488, logLikelihood: -688.271787
[00:00:11] [worker #25] Bootstrap tree #506, logLikelihood: -727.643269
[00:00:11] [worker #15] Bootstrap tree #496, logLikelihood: -658.720568
[00:00:11] [worker #22] Bootstrap tree #503, logLikelihood: -691.074025
[00:00:11] [worker #9] Bootstrap tree #490, logLikelihood: -717.783141
[00:00:11] [worker #29] Bootstrap tree #510, logLikelihood: -676.671767
[00:00:11] [worker #6] Bootstrap tree #487, logLikelihood: -716.695543
[00:00:11] [worker #0] Bootstrap tree #481, logLikelihood: -708.905179
[00:00:11] [worker #27] Bootstrap tree #508, logLikelihood: -719.550817
[00:00:11] [worker #12] Bootstrap tree #493, logLikelihood: -708.905179
[00:00:12] [worker #25] Bootstrap tree #538, logLikelihood: -725.249426
[00:00:13] [worker #21] Bootstrap tree #534, logLikelihood: -715.113908
[00:00:13] [worker #2] Bootstrap tree #515, logLikelihood: -733.682808
[00:00:13] [worker #19] Bootstrap tree #532, logLikelihood: -709.584249
[00:00:13] [worker #18] Bootstrap tree #531, logLikelihood: -730.683684
[00:00:13] [worker #24] Bootstrap tree #537, logLikelihood: -690.994904
[00:00:13] [worker #9] Bootstrap tree #522, logLikelihood: -716.860383
[00:00:13] [worker #30] Bootstrap tree #543, logLikelihood: -714.890059
[00:00:13] [worker #26] Bootstrap tree #539, logLikelihood: -706.388993
[00:00:13] [worker #15] Bootstrap tree #528, logLikelihood: -674.921805
[00:00:13] [worker #16] Bootstrap tree #529, logLikelihood: -673.657996
[00:00:13] [worker #28] Bootstrap tree #541, logLikelihood: -734.536493
[00:00:13] [worker #4] Bootstrap tree #517, logLikelihood: -691.939257
[00:00:13] [worker #3] Bootstrap tree #516, logLikelihood: -734.761374
[00:00:13] [worker #5] Bootstrap tree #518, logLikelihood: -733.027663
[00:00:13] [worker #20] Bootstrap tree #533, logLikelihood: -738.525974
[00:00:13] [worker #13] Bootstrap tree #526, logLikelihood: -731.494442
[00:00:13] [worker #1] Bootstrap tree #514, logLikelihood: -703.037448
[00:00:13] [worker #22] Bootstrap tree #535, logLikelihood: -699.447196
[00:00:13] [worker #6] Bootstrap tree #519, logLikelihood: -697.011872
[00:00:13] [worker #12] Bootstrap tree #525, logLikelihood: -720.638525
[00:00:13] [worker #0] Bootstrap tree #513, logLikelihood: -705.126033
[00:00:13] [worker #29] Bootstrap tree #542, logLikelihood: -676.096374
[00:00:13] [worker #11] Bootstrap tree #524, logLikelihood: -715.912371
[00:00:13] [worker #31] Bootstrap tree #544, logLikelihood: -711.928294
[00:00:13] [worker #8] Bootstrap tree #521, logLikelihood: -684.504244
[00:00:13] [worker #27] Bootstrap tree #540, logLikelihood: -720.834979
[00:00:13] [worker #7] Bootstrap tree #520, logLikelihood: -737.860847
[00:00:13] [worker #10] Bootstrap tree #523, logLikelihood: -675.846972
[00:00:13] [worker #17] Bootstrap tree #530, logLikelihood: -721.467950
[00:00:13] [worker #23] Bootstrap tree #536, logLikelihood: -650.396924
[00:00:13] [worker #14] Bootstrap tree #527, logLikelihood: -676.531952
[00:00:13] [worker #25] Bootstrap tree #570, logLikelihood: -716.029518
[00:00:13] [worker #15] Bootstrap tree #560, logLikelihood: -704.420038
[00:00:13] [worker #16] Bootstrap tree #561, logLikelihood: -688.019144
[00:00:13] [worker #1] Bootstrap tree #546, logLikelihood: -699.752465
[00:00:13] [worker #2] Bootstrap tree #547, logLikelihood: -738.327516
[00:00:13] [worker #26] Bootstrap tree #571, logLikelihood: -701.948371
[00:00:13] [worker #19] Bootstrap tree #564, logLikelihood: -692.144045
[00:00:13] [worker #6] Bootstrap tree #551, logLikelihood: -717.686309
[00:00:13] [worker #22] Bootstrap tree #567, logLikelihood: -695.999381
[00:00:13] [worker #4] Bootstrap tree #549, logLikelihood: -685.430377
[00:00:13] [worker #3] Bootstrap tree #548, logLikelihood: -721.710823
[00:00:13] [worker #24] Bootstrap tree #569, logLikelihood: -712.277825
[00:00:13] [worker #30] Bootstrap tree #575, logLikelihood: -700.410711
[00:00:13] [worker #28] Bootstrap tree #573, logLikelihood: -716.193676
[00:00:13] [worker #18] Bootstrap tree #563, logLikelihood: -702.744786
[00:00:13] [worker #21] Bootstrap tree #566, logLikelihood: -767.547715
[00:00:13] [worker #31] Bootstrap tree #576, logLikelihood: -680.380863
[00:00:13] [worker #13] Bootstrap tree #558, logLikelihood: -717.064603
[00:00:13] [worker #11] Bootstrap tree #556, logLikelihood: -680.926515
[00:00:13] [worker #9] Bootstrap tree #554, logLikelihood: -703.013879
[00:00:13] [worker #7] Bootstrap tree #552, logLikelihood: -727.807253
[00:00:13] [worker #7] Bootstrap tree #552, logLikelihood: -727.807253
[00:00:13] [worker #10] Bootstrap tree #555, logLikelihood: -684.063831
[00:00:13] [worker #12] Bootstrap tree #557, logLikelihood: -715.264037
[00:00:13] [worker #27] Bootstrap tree #572, logLikelihood: -676.938945
[00:00:13] [worker #23] Bootstrap tree #568, logLikelihood: -659.401560
[00:00:13] [worker #20] Bootstrap tree #565, logLikelihood: -673.404365
00:00:13] [worker #29] Bootstrap tree #574, logLikelihood: -730.270577
[00:00:13] [worker #17] Bootstrap tree #562, logLikelihood: -688.189628
[00:00:13] [worker #8] Bootstrap tree #553, logLikelihood: -688.424434
[00:00:13] [worker #0] Bootstrap tree #545, logLikelihood: -653.403470
[00:00:13] [worker #5] Bootstrap tree #550, logLikelihood: -691.236287
[00:00:13] [worker #14] Bootstrap tree #559, logLikelihood: -692.176351
[00:00:15] [worker #2] Bootstrap tree #579, logLikelihood: -712.093027
[00:00:15] [worker #22] Bootstrap tree #599, logLikelihood: -693.384356
[00:00:15] [worker #28] Bootstrap tree #605, logLikelihood: -702.877867
[00:00:15] [worker #18] Bootstrap tree #595, logLikelihood: -710.103024
[00:00:15] [worker #6] Bootstrap tree #583, logLikelihood: -708.029919
[00:00:15] [worker #0] Bootstrap tree #577, logLikelihood: -694.683449
[00:00:15] [worker #16] Bootstrap tree #593, logLikelihood: -695.561373
[00:00:15] [worker #3] Bootstrap tree #580, logLikelihood: -708.905180
[00:00:15] [worker #10] Bootstrap tree #587, logLikelihood: -703.081460
[00:00:15] [worker #1] Bootstrap tree #578, logLikelihood: -712.009758
[00:00:15] [worker #5] Bootstrap tree #582, logLikelihood: -717.748120
00:00:15] [worker #23] Bootstrap tree #600, logLikelihood: -660.221029
[00:00:15] [worker #31] Bootstrap tree #608, logLikelihood: -694.627340
[00:00:15] [worker #30] Bootstrap tree #607, logLikelihood: -707.219695
[00:00:15] [worker #11] Bootstrap tree #588, logLikelihood: -683.824234
[00:00:15] [worker #19] Bootstrap tree #596, logLikelihood: -704.806126
[00:00:15] [worker #9] Bootstrap tree #586, logLikelihood: -701.390518
[00:00:15] [worker #25] Bootstrap tree #602, logLikelihood: -726.264527
[00:00:15] [worker #20] Bootstrap tree #597, logLikelihood: -690.715209
15] [worker #24] Bootstrap tree #601, logLikelihood: -712.664323
[00:00:15] [worker #27] Bootstrap tree #604, logLikelihood: -712.146551
[00:00:15] [worker #29] Bootstrap tree #606, logLikelihood: -712.447585
[00:00:15] [worker #17] Bootstrap tree #594, logLikelihood: -683.469795
[00:00:15] [worker #4] Bootstrap tree #581, logLikelihood: -721.589445
[00:00:15] [worker #14] Bootstrap tree #591, logLikelihood: -665.952035
[00:00:15] [worker #21] Bootstrap tree #598, logLikelihood: -715.704997
00:00:15] [worker #12] Bootstrap tree #589, logLikelihood: [00:00:15] [worker #8] Bootstrap tree #585, logLikelihood: -739.153344-714.042261
00:00:15] [worker #12] Bootstrap tree #589, logLikelihood: [00:00:15] [worker #8] Bootstrap tree #585, logLikelihood: -739.153344-714.042261

[00:00:15] [worker #7] Bootstrap tree #584, logLikelihood: -722.450076
[00:00:15] [worker #13] Bootstrap tree #590, logLikelihood: -659.279715
[00:00:15] [worker #15] Bootstrap tree #592, logLikelihood: -676.132015
[00:00:15] [worker #26] Bootstrap tree #603, logLikelihood: -728.068021
[00:00:15] [worker #28] Bootstrap tree #637, logLikelihood: -700.512001
[00:00:15] [worker #3] Bootstrap tree #612, logLikelihood: -680.757733
[00:00:15] [worker #18] Bootstrap tree #627, logLikelihood: -707.594731
[00:00:15] [worker #6] Bootstrap tree #615, logLikelihood: -679.560739
[00:00:15] [worker #22] Bootstrap tree #631, logLikelihood: -730.874495
[00:00:15] [worker #2] Bootstrap tree #611, logLikelihood: -736.122696
[00:00:15] [worker #30] Bootstrap tree #639, logLikelihood: -695.100063
[00:00:15] [worker #31] Bootstrap tree #640, logLikelihood: -732.507811
[00:00:15] [worker #5] Bootstrap tree #614, logLikelihood: -696.082407
[00:00:15] [worker #19] Bootstrap tree #628, logLikelihood: -717.179796
-717.956522
[00:00:15] [worker #10] Bootstrap tree #619, logLikelihood: -699.590080
[00:00:15] [worker #10] Bootstrap tree #619, logLikelihood: -699.590080
[00:00:15] [worker #17] Bootstrap tree #626, logLikelihood: [00:00:15] -697.105833[worker #16] Bootstrap tree #625
[00:00:15] [worker #10] Bootstrap tree #619, logLikelihood: -699.590080
[00:00:15] [worker #17] Bootstrap tree #626, logLikelihood: [00:00:15] -697.105833[worker #16] Bootstrap tree #625
, logLikelihood: -705.110701
[00:00:15] [worker #7] Bootstrap tree #616, logLikelihood: -700.777719
[00:00:15] [worker #25] Bootstrap tree #634, logLikelihood: -684.416947
[00:00:15] [worker #12] Bootstrap tree #621, logLikelihood: -726.353513
[00:00:15] [worker #11] Bootstrap tree #620, logLikelihood: -698.470367
[00:00:15] [worker #8] Bootstrap tree #617, logLikelihood: -730.041919
[00:00:15] [worker #0] Bootstrap tree #609, logLikelihood: -692.612690
[[00:00:15] [worker #1] Bootstrap tree #610, logLikelihood: -702.543347
00:00:15] [worker #24] Bootstrap tree #633, logLikelihood: -699.265335
[00:00:15] [worker #27] Bootstrap tree #636, logLikelihood: -699.758091
[00:00:15] [worker #9] Bootstrap tree #618, logLikelihood: -731.979101
[00:00:15] [worker #21] Bootstrap tree #630, logLikelihood: -695.979959
[00:00:15] [worker #26] Bootstrap tree #635, logLikelihood: -680.214248
[00:00:15] [worker #23] Bootstrap tree #632, logLikelihood: -672.355953
[00:00:15] [00:00:15] [worker #29] Bootstrap tree #638, logLikelihood: -744.668106
[worker #20] Bootstrap tree #629, logLikelihood: -677.049096
[00:00:15] [worker #13] Bootstrap tree #622, logLikelihood: -707.510693
[00:00:15] [worker #4] Bootstrap tree #613, logLikelihood: -676.652532
[00:00:15] [worker #14] Bootstrap tree #623, logLikelihood: -707.812036
[00:00:17] [worker #9] Bootstrap tree #650, logLikelihood: -721.423459
[00:00:17] [worker #5] Bootstrap tree #646, logLikelihood: -670.620176
[00:00:17] [worker #30] Bootstrap tree #671, logLikelihood: -666.892293
[00:00:17] [worker #29] Bootstrap tree #670, logLikelihood: -644.136560
[00:00:17] [worker #14] Bootstrap tree #655, logLikelihood: -719.622056
[00:00:17] [worker #22] Bootstrap tree #663, logLikelihood: -713.929728
[00:00:17] [worker #22] Bootstrap tree #663, logLikelihood: -713.929728
[00:00:17] [worker #23] Bootstrap tree #664, logLikelihood: -678.559169
[00:00:17] [worker #16] Bootstrap tree #657, logLikelihood: -696.117813
[00:00:17] [worker #0] Bootstrap tree #641, logLikelihood: -705.444809
[00:00:17] [worker #7] Bootstrap tree #648, logLikelihood: -700.107101
[00:00:17] [worker #25] Bootstrap tree #666, logLikelihood: -684.342435
[00:00:17] [worker #27] Bootstrap tree #668, logLikelihood: -708.905180
[00:00:17] [worker #24] Bootstrap tree #665, logLikelihood: -664.217078
[00:00:17] [worker #15] Bootstrap tree #656, logLikelihood: -690.601323
[00:00:18] [worker #13] Bootstrap tree #654, logLikelihood: -683.150651
[00:00:18] [worker #18] Bootstrap tree #659, logLikelihood: -689.287248
[00:00:18] [worker #21] Bootstrap tree #662, logLikelihood: -715.771157
[00:00:18] [worker #6] Bootstrap tree #647, logLikelihood: -670.171760
[00:00:18] [worker #19] Bootstrap tree #660, logLikelihood: -696.068021
[00:00:18] [worker #20] Bootstrap tree #661, logLikelihood: -679.884692
[00:00:18] [worker #26] Bootstrap tree #667, logLikelihood: -715.627126
[00:00:18] [worker #10] Bootstrap tree #651, logLikelihood: -698.906639
[00:00:18] [worker #11] Bootstrap tree #652, logLikelihood: -733.385421
[00:00:18] [worker #2] Bootstrap tree #643, logLikelihood: -663.776720
[00:00:18] [worker #17] Bootstrap tree #658, logLikelihood: -658.725596
[00:00:18] [worker #4] Bootstrap tree #645, logLikelihood: -715.211861
[00:00:18] [worker #1] Bootstrap tree #642, logLikelihood: -691.267149
[00:00:18] [worker #12] Bootstrap tree #653, logLikelihood: -726.831127
[00:00:18] [worker #31] Bootstrap tree #672, logLikelihood: -715.160537
[00:00:18] [worker #3] Bootstrap tree #644, logLikelihood: -691.779214
[00:00:18] [worker #28] Bootstrap tree #669, logLikelihood: -705.832086
[00:00:18] [worker #8] Bootstrap tree #649, logLikelihood: -716.129041
[00:00:18] [worker #5] Bootstrap tree #678, logLikelihood: -714.754009
[00:00:18] [worker #29] Bootstrap tree #702, logLikelihood: -678.457578
[00:00:18] [worker #16] Bootstrap tree #689, logLikelihood: -683.030828
[00:00:18] [worker #14] Bootstrap tree #687, logLikelihood: -693.665241
[00:00:18] [worker #30] Bootstrap tree #703, logLikelihood: -697.488369
[00:00:18] [worker #9] Bootstrap tree #682, logLikelihood: -675.346466
[00:00:18] [worker #7] Bootstrap tree #680, logLikelihood: -688.537696
[00:00:18] [worker #21] Bootstrap tree #694, logLikelihood: -723.403846
[00:00:18] [worker #27] Bootstrap tree #700, logLikelihood: -656.035666
[00:00:18] [worker #6] Bootstrap tree #679, logLikelihood: -690.316619
[00:00:18] [worker #24] Bootstrap tree #697, logLikelihood: -683.411396
[00:00:18] [worker #15] Bootstrap tree #688, logLikelihood: -669.400051
[00:00:18] [worker #18] Bootstrap tree #691, logLikelihood: -703.357868
[00:00:18] [worker #23] Bootstrap tree #696, logLikelihood: -677.182151
[00:00:18] [worker #25] Bootstrap tree #698, logLikelihood: -660.098492
[00:00:18] [worker #22] Bootstrap tree #695, logLikelihood: -733.381369
[00:00:18] [worker #20] Bootstrap tree #693, logLikelihood: -696.587412
[00:00:18] [worker #0] Bootstrap tree #673, logLikelihood: -725.577856
[00:00:18] [worker #10] Bootstrap tree #683, logLikelihood: -679.389307
[00:00:18] [worker #12] Bootstrap tree #685, logLikelihood: -700.916283
[00:00:18] [worker #13] Bootstrap tree #686, logLikelihood: -712.745098
[00:00:18] [worker #4] Bootstrap tree #677, logLikelihood: -679.773176
[00:00:18] [worker #31] Bootstrap tree #704, logLikelihood: -680.556623
[00:00:18] [worker #11] Bootstrap tree #684, logLikelihood: -729.208988
[00:00:18] [worker #1] Bootstrap tree #674, logLikelihood: -695.643709
[00:00:18] [worker #26] Bootstrap tree #699, logLikelihood: -706.356199
[00:00:18] [worker #19] Bootstrap tree #692, logLikelihood: -686.637759
[00:00:18] [worker #3] Bootstrap tree #676, logLikelihood: -696.276212
[00:00:18] [worker #28] Bootstrap tree #701, logLikelihood: -713.958347
[00:00:18] [worker #8] Bootstrap tree #681, logLikelihood: -712.623408
[00:00:18] [worker #2] Bootstrap tree #675, logLikelihood: -741.572088
[00:00:18] [worker #17] Bootstrap tree #690, logLikelihood: -681.504080
[00:00:20] [worker #25] Bootstrap tree #730, logLikelihood: -726.757972
[00:00:20] [worker #4] Bootstrap tree #709, logLikelihood: -725.412361
[00:00:20] [worker #7] Bootstrap tree #712, logLikelihood: -648.141911
[00:00:20] [worker #26] Bootstrap tree #731, logLikelihood: -681.776084
[00:00:20] [worker #8] Bootstrap tree #713, logLikelihood: -739.528186
[00:00:20] [worker #9] Bootstrap tree #714, logLikelihood: -692.975616
[00:00:20] [worker #5] Bootstrap tree #710, logLikelihood: -673.978764
[00:00:20] [worker #18] Bootstrap tree #723, logLikelihood: -706.009729
[00:00:20] [worker #22] Bootstrap tree #727, logLikelihood: -740.847014
[00:00:20] [worker #13] Bootstrap tree #718, logLikelihood: -696.070221
[00:00:20] [worker #10] Bootstrap tree #715, logLikelihood: -638.601392
[00:00:20] [worker #6] Bootstrap tree #711, logLikelihood: -664.006733
[00:00:20] [worker #16] Bootstrap tree #721, logLikelihood: -708.186544
[00:00:20] [worker #23] Bootstrap tree #728, logLikelihood: -646.351987
[00:00:20] [worker #14] Bootstrap tree #719, logLikelihood: -717.906379
-694.036266
[00:00:20] [worker #30] Bootstrap tree #735, logLikelihood: -755.322539
[00:00:20] [worker #1] Bootstrap tree #706, logLikelihood: -684.888119
[00:00:20] [worker #11] Bootstrap tree #716, logLikelihood: -665.422120
[00:00:20] [worker #19] Bootstrap tree #724, logLikelihood: -690.286447
[00:00:20] [worker #29] Bootstrap tree #734, logLikelihood: -670.468237
[00:00:20] [worker #27] Bootstrap tree #732, logLikelihood: -699.760054
[00:00:20] [worker #12] Bootstrap tree #717, logLikelihood: -721.415053
[00:00:20] [worker #15] Bootstrap tree #720, logLikelihood: -673.596573
[00:00:20] [worker #17] Bootstrap tree #722, logLikelihood: [-697.52780600

[00:00:20] [worker #3] Bootstrap tree #708, logLikelihood: -714.257232
[00:00:20] [worker #8] Bootstrap tree #745, logLikelihood: -714.663697
-657.056357[worker #8] Bootstrap tree #745, logLikelihood: -714.663697
[00:00:20] [worker #28] Bootstrap tree #733, logLikelihood: -668.307690
[00:00:20] [worker #21] Bootstrap tree #726, logLikelihood: -687.481937

[00:00:20] [worker #2] Bootstrap tree #707, logLikelihood: -711.313922
[00:00:20] [worker #4] Bootstrap tree #741, logLikelihood: -719.362946
[00:00:20] [worker #20] Bootstrap tree #725, logLikelihood: -727.589267
[00:00:20] [worker #26] Bootstrap tree #763, logLikelihood: -675.547528
[00:00:20] [worker #5] Bootstrap tree #742, logLikelihood: -680.542926
[00:00:20] [worker #7] Bootstrap tree #744, logLikelihood: -702.341975
[00:00:20] [worker #0] Bootstrap tree #705, logLikelihood: -722.407848
[00:00:20] [worker #25] Bootstrap tree #762, logLikelihood: -712.959964
[00:00:20] [worker #1] Bootstrap tree #738, logLikelihood: -691.565768
[00:00:20] [worker #18] Bootstrap tree #755, logLikelihood: -670.348331
[00:00:20] [worker #13] Bootstrap tree #750, logLikelihood: -726.443166
[00:00:20] [worker #10] Bootstrap tree #747, logLikelihood: -684.819438
[00:00:20] [worker #22] Bootstrap tree #759, logLikelihood: -694.257363
[00:00:20] [worker #14] Bootstrap tree #751, logLikelihood: -683.815820
[00:00:20] [worker #24] Bootstrap tree #761, logLikelihood: -726.480465
[00:00:20] [worker #11] Bootstrap tree #748, logLikelihood: -645.961087
[00:00:20] [worker #19] Bootstrap tree #756, logLikelihood: -714.802316
[00:00:20] [worker #31] Bootstrap tree #768, logLikelihood: -696.042427
[00:00:20] [worker #28] Bootstrap tree #765, logLikelihood: -707.394266
[00:00:20] [worker #6] Bootstrap tree #743, logLikelihood: -690.488234
[00:00:20] [worker #30] Bootstrap tree #767, logLikelihood: -728.885707
[00:00:20] [worker #29] Bootstrap tree #766, logLikelihood: -697.431173
[00:00:20] [worker #16] Bootstrap tree #753, logLikelihood: -686.374940
[00:00:20] [worker #27] Bootstrap tree #764, logLikelihood: -693.082184
[00:00:21] [worker #3] Bootstrap tree #740, logLikelihood: -718.838992
[00:00:21] [worker #2] Bootstrap tree #739, logLikelihood: -696.755244
[00:00:21] [worker #12] Bootstrap tree #749, logLikelihood: -665.047368
[00:00:21] [worker #23] Bootstrap tree #760, logLikelihood: -707.989255
[00:00:21] [worker #17] Bootstrap tree #754, logLikelihood: -698.796433
[00:00:21] [worker #15] Bootstrap tree #752, logLikelihood: -651.564523
[00:00:21] [worker #20] Bootstrap tree #757, logLikelihood: -696.090339
[00:00:21] [worker #21] Bootstrap tree #758, logLikelihood: -683.668911
[00:00:21] [worker #0] Bootstrap tree #737, logLikelihood: -688.028556
[00:00:23] [worker #31] Bootstrap tree #800, logLikelihood: -711.866365
[00:00:23] [worker #10] Bootstrap tree #779, logLikelihood: -709.363188
[00:00:23] [worker #30] Bootstrap tree #799, logLikelihood: -655.154517
[00:00:23] [worker #9] Bootstrap tree #778, logLikelihood: -679.888477
[00:00:23] [worker #14] Bootstrap tree #783, logLikelihood: -745.248975
[00:00:23] [worker #23] Bootstrap tree #792, logLikelihood: -721.062725
[00:00:23] [worker #3] Bootstrap tree #772, logLikelihood: -700.835397
[00:00:23] [worker #8] Bootstrap tree #777, logLikelihood: -738.522012
[00:00:23] [worker #17] Bootstrap tree #786, logLikelihood: -735.609105
[00:00:23] [worker #17] Bootstrap tree #786, logLikelihood: -735.609105
00:00:23] [worker #19] Bootstrap tree #788, logLikelihood: -692.325050
[00:00:23] [worker #15] Bootstrap tree #784, logLikelihood: -679.596468
[00:00:23] [worker #18] Bootstrap tree #787, logLikelihood: -700.475268
[00:00:23] [worker #16] Bootstrap tree #785, logLikelihood: -708.905179
[00:00:23] [worker #4] Bootstrap tree #773, logLikelihood: -708.345373
[00:00:23] [worker #25] Bootstrap tree #794, logLikelihood: -696.366847
[00:00:23] [worker #28] Bootstrap tree #797, logLikelihood: -704.099509
[00:00:23] [worker #13] Bootstrap tree #782, logLikelihood: -713.772023
[00:00:23] [worker #6] Bootstrap tree #775, logLikelihood: -739.060890
[00:00:23] [worker #22] Bootstrap tree #791, logLikelihood: -718.365206
[00:00:23] [worker #11] Bootstrap tree #780, logLikelihood: -714.362959
[00:00:23] [worker #24] Bootstrap tree #793, logLikelihood: -687.156247
[00:00:23] [worker #27] Bootstrap tree #796, logLikelihood: -692.312031
[00:00:23] [worker #26] Bootstrap tree #795, logLikelihood: -687.952688
[00:00:23] [worker #7] Bootstrap tree #776, logLikelihood: -693.716387
[00:00:23] [worker #5] Bootstrap tree #774, logLikelihood: -656.571217
[00:00:23] [worker #0] Bootstrap tree #769, logLikelihood: -711.584823
[00:00:23] [worker #29] Bootstrap tree #798, logLikelihood: -706.932647
[00:00:23] [worker #1] Bootstrap tree #770, logLikelihood: -687.914351
[00:00:23] [worker #21] Bootstrap tree #790, logLikelihood: -686.883744
[00:00:23] [work771, logLikelihood: -664.904861
[00:00:23] [worker #12] Bootstrap tree #781, logLikelihood: -699.342977
[00:00:23] [worker #20] Bootstrap tree #789, logLikelihood: -708.905180
[00:00:23] [worker #31] Bootstrap tree #832, logLikelihood: -713.811207
[00:00:23] [worker #30] Bootstrap tree #831, logLikelihood: -691.555829
[00:00:23] [worker #15] Bootstrap tree #816, logLikelihood: -736.716233
[00:00:24] [worker #9] Bootstrap tree #810, logLikelihood: -709.282249
[00:00:24] [worker #28] Bootstrap tree #829, logLikelihood: -690.786916
[00:00:24] [worker #3] Bootstrap tree #804, logLikelihood: -665.549235
[00:00:24] [worker #23] Bootstrap tree #824, logLikelihood: -739.174062
[00:00:24] [worker #6] Bootstrap tree #807, logLikelihood: -691.772776
[00:00:24] [worker #8] Bootstrap tree #809, logLikelihood: -704.829623
[00:00:24] [worker #13] Bootstrap tree #814, logLikelihood: -720.293525
[00:00:24] [worker #11] Bootstrap tree #812, logLikelihood: -654.734205
[00:00:24] [worker #25] Bootstrap tree #826, logLikelihood: -715.361965
[00:00:24] [worker #22] Bootstrap tree #823, logLikelihood: -711.797343
[00:00:24] [worker #14] Bootstrap tree #815, logLikelihood: -726.005372
[00:00:24] [worker #4] Bootstrap tree #805, logLikelihood: -655.075976
[00:00:24] [worker #2] Bootstrap tree #803, logLikelihood: -678.077503
[00:00:24] [worker #16] Bootstrap tree #817, logLikelihood: -687.998324
[00:00:24] [worker #10] Bootstrap tree #811, logLikelihood: -693.025505
[00:00:24] [worker #18] Bootstrap tree #819, logLikelihood: -687.362249
[00:00:24] [worker #19] Bootstrap tree #820, logLikelihood: -696.334002
[00:00:24] [worker #7] Bootstrap tree #808, logLikelihood: -709.843324
[00:00:24] [worker #29] Bootstrap tree #830, logLikelihood: -753.895738
[00:00:24] [worker #27] Bootstrap tree #828, logLikelihood: -668.020147
[00:00:24] [worker #17] Bootstrap tree #818, logLikelihood: -737.203120
[00:00:24] [worker #26] Bootstrap tree #827, logLikelihood: -699.109514
[00:00:24] [worker #24] Bootstrap tree #825, logLikelihood: [-714.571712
-697.971666
[00:00:24] [worker #12] Bootstrap tree #813, logLikelihood: -687.954669
[00:00:24] [worker #21] Bootstrap tree #822, logLikelihood: -708.905179
[00:00:24] [worker #0] Bootstrap tree #801, logLikelihood: -666.090396
[00:00:24] [worker #5] Bootstrap tree #806, logLikelihood: -689.169476
[00:00:24] [worker #20] Bootstrap tree #821, logLikelihood: -662.795412
[00:00:26] [worker #28] Bootstrap tree #861, logLikelihood: -715.843381
[00:00:26] [worker #11] Bootstrap tree #844, logLikelihood: -648.448779
[00:00:26] [worker #24] Bootstrap tree #857, logLikelihood: -686.569389
[00:00:26] [worker #5] Bootstrap tree #838, logLikelihood: -704.635559
[00:00:26] [worker #9] Bootstrap tree #842, logLikelihood: -708.105800
[00:00:26] [worker #16] Bootstrap tree #849, logLikelihood: -714.075045
[00:00:26] [worker #15] Bootstrap tree #848, logLikelihood: -715.463938
[00:00:26] [worker #4] Bootstrap tree #837, logLikelihood: -682.363430
[00:00:26] [worker #14] Bootstrap tree #847, logLikelihood: -698.460027
00[:00:26] [worker #7] Bootstrap tree #840, logLikelihood: -704.442886
-673.038986
[00:00:26] [worker #0] Bootstrap tree #833, logLikelihood: -705.802312
[00:00:26] [worker #19] Bootstrap tree #852, logLikelihood: -723.800935
[00:00:26] [worker #23] Bootstrap tree #856, logLikelihood: -700.186723
[00:00:26] [worker #22] Bootstrap tree #855, logLikelihood: -717.777606
[00:00:26] [worker #31] Bootstrap tree #864, logLikelihood: -723.437853
[00:00:26] [worker #1] Bootstrap tree #834, logLikelihood: -703.476019
00:00:26] [worker #10] Bootstrap tree #843, logLikelihood: -688.482461
[00:00:26] [worker #26] Bootstrap tree #859, logLikelihood: -691.730042
[00:00:26] [worker #25] Bootstrap tree #858, logLikelihood: -729.032988
[00:00:26] [worker #20] Bootstrap tree #853, logLikelihood: -724.526457
[00:00:26] [worker #3] Bootstrap tree #836, logLikelihood: -726.760463
[00:00:26] [worker #30] Bootstrap tree #863, logLikelihood: -693.124676
[00:00:26] [worker #21] Bootstrap tree #854, logLikelihood: -723.933767
[00:00:26] [worker #29] Bootstrap tree #862, logLikelihood: -673.810612
[00:00:26] [worker #18] Bootstrap tree #851, logLikelihood: -657.822434
[00:00:26] [worker #12] Bootstrap tree #845, logLikelihood: -712.859637
[00:00:26] [worker #13] Bootstrap tree #846, logLikelihood: -708.905179
[00:00:26] [worker #28] Bootstrap tree #893, logLikelihood: -706.479608
[00:00:26] [worker #6] Bootstrap tree #839, logLikelihood: -705.417037
[00:00:26] [worker #17] Bootstrap tree #850, logLikelihood: -726.233945
[00:00:26] [worker #27] Bootstrap tree #860, logLikelihood: -723.899396
[00:00:26] [worker #11] Bootstrap tree #876, logLikelihood: -679.510778
[00:00:26] [worker #8] Bootstrap tree #841, logLikelihood: -730.646715
[00:00:26] [worker #23] Bootstrap tree #888, logLikelihood: -675.682430
[00:00:26] [worker #4] Bootstrap tree #869, logLikelihood: -641.899424
[00:00:26] [worker #24] Bootstrap tree #889, logLikelihood: -693.237276
[00:00:26] [worker #2] Bootstrap tree #867, logLikelihood: -708.905179
[00:00:26] [worker #5] Bootstrap tree #870, logLikelihood: -711.571172
[00:00:26] [worker #9] Bootstrap tree #874, logLikelihood: -709.881758
[00:00:26] [worker #15] Bootstrap tree #880, logLikelihood: -714.045467
[00:00:26] [worker #16] Bootstrap tree #881, logLikelihood: -700.611420
[00:00:26] [worker #7] Bootstrap tree #872, logLikelihood: -720.733230
[00:00:26] [worker #14] Bootstrap tree #879, logLikelihood: -730.339423
[00:00:26] [worker #19] Bootstrap tree #884, logLikelihood: -707.158823
[00:00:26] [worker #20] Bootstrap tree #885, logLikelihood: -710.069207
[00:00:26] [worker #22] Bootstrap tree #887, logLikelihood: -725.479046
[00:00:26] [worker #10] Bootstrap tree #875, logLikelihood: -694.197341
:00:26] [worker #6] Bootstrap tree #871, logLikelihood: -721.260633
[00:00:26] [worker #0] Bootstrap tree #865, logLikelihood: -712.767631
[00:00:26] [worker #21] Bootstrap tree #886, logLikelihood: -721.377638
[00:00:26] [worker #13] Bootstrap tree #878, logLikelihood: -702.278379
[00:00:26] [worker #31] Bootstrap tree #896, logLikelihood: -739.969385
[00:00:26] [worker #25] Bootstrap tree #890, logLikelihood: -704.983506
[00:00:26] [worker #12] Bootstrap tree #877, logLikelihood: -673.281620
[00:00:26] [worker #8] Bootstrap tree #873, logLikelihood: -671.660650
[00:00:26] [worker #30] Bootstrap tree #895, logLikelihood: -713.953805
[00:00:26] [worker #18] Bootstrap tree #883, logLikelihood: -697.609287
[00:00:26] [worker #29] Bootstrap tree #894, logLikelihood: -711.496884
[00:00:26] [worker #3] Bootstrap tree #868, logLikelihood: -704.222665
[00:00:26] [worker #1] Bootstrap tree #866, logLikelihood: -667.025992
[00:00:26] [worker #27] Bootstrap tree #892, logLikelihood: -716.771919
[00:00:26] [worker #26] Bootstrap tree #891, logLikelihood: -692.140388
[00:00:26] [worker #17] Bootstrap tree #882, logLikelihood: -701.814386
[00:00:29] [worker #22] Bootstrap tree #919, logLikelihood: -715.880795
[00:00:29] [worker #15] Bootstrap tree #912, logLikelihood: -703.468736
[00:00:29] [worker #14] Bootstrap tree #911, logLikelihood: -674.106448
[00:00:29] [worker #9] Bootstrap tree #906, logLikelihood: -683.495531
[00:00:29] [worker #2] Bootstrap tree #899, logLikelihood: -708.559729
[00:00:29] [worker #16] Bootstrap tree #913, logLikelihood: -708.905180
[00:00:29] [worker #7] Bootstrap tree #904, logLikelihood: -720.038254
[00:00:29] [worker #19] Bootstrap tree #916, logLikelihood: -715.678117
[00:00:29] [worker #19] Bootstrap tree #916, logLikelihood: -715.678117
[00:00:29] [worker #31] Bootstrap tree #928, logLikelihood: -690.812561
[00:00:29] [worker #19] Bootstrap tree #916, logLikelihood: -715.678117
[00:00:29] [worker #31] Bootstrap tree #928, logLikelihood: -690.812561
[00:00:29] [worker #25] Bootstrap tree #922, logLikelihood: -715.472960
[00:00:29] [worker #28] Bootstrap tree #925, logLikelihood: -655.528886
[00:00:29] [worker #11] Bootstrap tree #908, logLikelihood: -686.553986
[00:00:29] [worker #20] Bootstrap tree #917, logLikelihood: -700.309522
[00:00:29] [worker #21] Bootstrap tree #918, logLikelihood: -719.978341
[00:00:29] [worker #0] Bootstrap tree #897, logLikelihood: -708.905179
[00:00:29] [worker #26] Bootstrap tree #923, logLikelihood: -679.419059
[00:00:29] [worker #3] Bootstrap tree #900, logLikelihood: -708.905180
[00:00:29] [worker #4] Bootstrap tree #901, logLikelihood: -682.221546
[00:00:29] [worker #30] Bootstrap tree #927, logLikelihood: -703.072745
[00:00:29] [worker #24] Bootstrap tree #921, logLikelihood: -671.326531
[00:00:29] [worker #23] Bootstrap tree #920, logLikelihood: -729.528487
[00:00:29] [worker #8] Bootstrap tree #905, logLikelihood: -708.774014
[00:00:29] [worker #1] Bootstrap tree #898, logLikelihood: -726.686756
[00:00:29] [worker #10] Bootstrap tree #907, logLikelihood: -699.318661
[00:00:29] [worker #29] Bootstrap tree #926, logLikelihood: -691.186656
[00:00:29] [worker #13] Bootstrap tree #910, logLikelihood: [00:00:29] -718.002541[worker #12] Bootstrap tree #909, logLikelihood: 
[00:00:29] [worker #13] Bootstrap tree #910, logLikelihood: [00:00:29] -718.002541[worker #12] Bootstrap tree #909, logLikelihood: 
-676.562008
[00:00:29] [worker #18] Bootstrap tree #915, logLikelihood: -697.055478
[00:00:29] [worker #5] Bootstrap tree #902, logLikelihood: -715.831636
[00:00:29] [worker #27] Bootstrap tree #924, logLikelihood: -715.165547
[00:00:29] [worker #15] Bootstrap tree #944, logLikelihood: -675.208808
[00:00:29] [worker #6] Bootstrap tree #903, logLikelihood: -693.726486
[00:00:29] [worker #17] Bootstrap tree #914, logLikelihood: -701.321985
[00:00:29] [worker #9] Bootstrap tree #938, logLikelihood: -647.429411
[00:00:29] [worker #25] Bootstrap tree #954, logLikelihood: -707.325492
[00:00:29] [worker #1] Bootstrap tree #930, logLikelihood: -644.046528
[00:00:29] [worker #28] Bootstrap tree #957, logLikelihood: -711.850253
[00:00:29] [worker #26] Bootstrap tree #955, logLikelihood: -701.199290
[00:00:29] [worker #11] Bootstrap tree #940, logLikelihood: -712.040398
[00:00:29] [worker #22] Bootstrap tree #951, logLikelihood: -708.421786
[00:00:29] [worker #14] Bootstrap tree #943, logLikelihood: -687.816447
[00:00:29] [worker #29] Bootstrap tree #958, logLikelihood: -699.158262
[00:00:29] [worker #16] Bootstrap tree #945, logLikelihood: -690.134596
[00:00:29] [worker #7] Bootstrap tree #936, logLikelihood: -666.553653
[00:00:29] [worker #24] Bootstrap tree #953, logLikelihood: -761.383889
[00:00:29] [worker #19] Bootstrap tree #948, logLikelihood: -734.918002
[00:00:29] [worker #23] Bootstrap tree #952, logLikelihood: -708.425881
[00:00:29] [worker #0] Bootstrap tree #929, logLikelihood: -671.364313
[00:00:29] [worker #31] Bootstrap tree #960, logLikelihood: -709.866497
[00:00:29] [worker #20] Bootstrap tree #949, logLikelihood: -744.895229
[00:00:29] [worker #2] Bootstrap tree #931, logLikelihood: -707.498282
[00:00:29] [worker #30] Bootstrap tree #959, logLikelihood: -710.055053
[00:00:29] [worker #13] Bootstrap tree #942, logLikelihood: -664.021484
[00:00:29] [worker #18] Bootstrap tree #947, logLikelihood: -704.931593
[00:00:29] [worker #21] Bootstrap tree #950, logLikelihood: -713.581952
[00:00:29] [worker #10] Bootstrap tree #939, logLikelihood: -699.154742
[00:00:29] [worker #8] Bootstrap tree #937, logLikelihood: -654.341239
[00:00:29] [worker #4] Bootstrap tree #933, logLikelihood: -716.204735
[00:00:29] [worker #6] Bootstrap tree #935, logLikelihood: -741.324358
[00:00:29] [worker #3] Bootstrap tree #932, logLikelihood: -708.105537
[00:00:29] [worker #12] Bootstrap tree #941, logLikelihood: -707.163853
-708.536297
[00:00:29] [worker #27] Bootstrap tree #956, logLikelihood: -707.807328
[00:00:29] [worker #17] Bootstrap tree #946, logLikelihood: -688.693547
[00:00:32] [worker #24] Bootstrap tree #985, logLikelihood: -650.790400
[00:00:32] [worker #28] Bootstrap tree #989, logLikelihood: -688.197229
[00:00:32] [worker #4] Bootstrap tree #965, logLikelihood: -723.724675
[00:00:32] [worker #22] Bootstrap tree #983, logLikelihood: -683.062172
[00:00:32] [worker #29] Bootstrap tree #990, logLikelihood: -695.114099
[00:00:32] [worker #20] Bootstrap tree #981, logLikelihood: -687.881441
[00:00:32] [worker #6] Bootstrap tree #967, logLikelihood: -693.982973
[00:00:32] [worker #16] Bootstrap tree #977, logLikelihood: -668.305355
[00:00:32] [worker #25] Bootstrap tree #986, logLikelihood: -717.779948
[00:00:32] [worker #5] Bootstrap tree #966, logLikelihood: -693.331791
[00:00:32] [worker #26] Bootstrap tree #987, logLikelihood: -701.094547
[00:00:32] [worker #12] Bootstrap tree #973, logLikelihood: -721.629316
[00:00:32] [worker #17] Bootstrap tree #978, logLikelihood: -674.082994
[00:00:32] [worker #0] Bootstrap tree #961, logLikelihood: -710.946303
[00:00:32] [worker #31] Bootstrap tree #992, logLikelihood: -714.741134
[00:00:32] [worker #23] Bootstrap tree #984, logLikelihood: -750.162277
[00:00:32] [worker #13] Bootstrap tree #974, logLikelihood: -721.747610
[00:00:32] [worker #2] Bootstrap tree #963, logLikelihood: -731.623092
[00:00:32] [worker #9] Bootstrap tree #970, logLikelihood: -708.304135
[00:00:32] [worker #30] Bootstrap tree #991, logLikelihood: -702.882266
[00:00:32] [worker #21] Bootstrap tree #982, logLikelihood: -731.682237
[00:00:32] [worker #19] Bootstrap tree #980, logLikelihood: -703.728375
[00:00:32] [worker #27] Bootstrap tree #988, logLikelihood: -745.897050
[00:00:32] [worker #11] Bootstrap tree #972, logLikelihood: -693.380002
[00:00:32] [worker #1] Bootstrap tree #962, logLikelihood: -714.658421
[00:00:32] [worker #8] Bootstrap tree #969, logLikelihood: -684.439724
[00:00:32] [worker #7] Bootstrap tree #968, logLikelihood: -706.366433
[00:00:32] [worker #18] Bootstrap tree #979, logLikelihood: -697.220784
[00:00:32] [worker #10] Bootstrap tree #971, logLikelihood: -733.255325
[00:00:32] [worker #15] Bootstrap tree #976, logLikelihood: -687.721939
[00:00:32] [worker #3] Bootstrap tree #964, logLikelihood: -701.513466
[00:00:32] [worker #5] Bootstrap tree #998, logLikelihood: -726.065364
[00:00:32] [worker #2] Bootstrap tree #995, logLikelihood: -719.800746
[00:00:32] [worker #6] Bootstrap tree #999, logLikelihood: -711.653726
[00:00:32] [worker #14] Bootstrap tree #975, logLikelihood: -726.266717
[00:00:32] [worker #4] Bootstrap tree #997, logLikelihood: -718.715242
[00:00:32] [worker #7] Bootstrap tree #1000, logLikelihood: -682.831694
[00:00:32] [worker #3] Bootstrap tree #996, logLikelihood: -674.362637
[00:00:32] [worker #1] Bootstrap tree #994, logLikelihood: -717.638627
[00:00:33] [worker #0] Bootstrap tree #993, logLikelihood: -732.405461

Optimized model parameters:

   Partition 0: noname
   Rate heterogeneity: GAMMA (4 cats, mean),  alpha: 99.846266 (ML),  weights&rates: (0.250000,0.875813) (0.250000,0.964710) (0.250000,1.029570) (0.250000,1.129908) 
   Base frequencies (ML): 0.413276 0.093457 0.135864 0.357403 
   Substitution rates (ML): 1.258340 1.301622 0.328365 0.001000 0.730903 1.000000 


Final LogLikelihood: -708.905178

AIC score: 1485.810357 / AICc score: 1490.727712 / BIC score: 1630.375089
Free parameters (model + branch lengths): 34

WARNING: Best ML tree contains 8 near-zero branches!

Best ML tree with collapsed near-zero branches saved to: /mnt/lustre/RDS-live/downing/LSDV/GTPV_SPPV/results_GTPV/LSDV126.raxml.bestTreeCollapsed
Best ML tree saved to: /mnt/lustre/RDS-live/downing/LSDV/GTPV_SPPV/results_GTPV/LSDV126.raxml.bestTree
All ML trees saved to: /mnt/lustre/RDS-live/downing/LSDV/GTPV_SPPV/results_GTPV/LSDV126.raxml.mlTrees
Best ML tree with Felsenstein bootstrap (FBP) support values saved to: /mnt/lustre/RDS-live/downing/LSDV/GTPV_SPPV/results_GTPV/LSDV126.raxml.supportFBP
Best ML tree with Transfer bootstrap (TBE) support values saved to: /mnt/lustre/RDS-live/downing/LSDV/GTPV_SPPV/results_GTPV/LSDV126.raxml.supportTBE
Optimized model saved to: /mnt/lustre/RDS-live/downing/LSDV/GTPV_SPPV/results_GTPV/LSDV126.raxml.bestModel
Bootstrap trees saved to: /mnt/lustre/RDS-live/downing/LSDV/GTPV_SPPV/results_GTPV/LSDV126.raxml.bootstraps

Execution log saved to: /mnt/lustre/RDS-live/downing/LSDV/GTPV_SPPV/results_GTPV/LSDV126.raxml.log

Analysis started: 24-Nov-2025 15:30:11 / finished: 24-Nov-2025 15:30:48

Elapsed time: 36.212 seconds

