
RAxML-NG v. 1.2.2 released on 11.04.2024 by The Exelixis Lab.
Developed by: Alexey M. Kozlov and Alexandros Stamatakis.
Contributors: Diego Darriba, Tomas Flouri, Benoit Morel, Sarah Lutteropp, Ben Bettisworth, Julia Haag, Anastasis Togkousidis.
Latest version: https://github.com/amkozlov/raxml-ng
Questions/problems/suggestions? Please visit: https://groups.google.com/forum/#!forum/raxml

System: AMD EPYC 7543P 32-Core Processor, 32 cores, 995 GB RAM

RAxML-NG was called at 24-Nov-2025 14:30:46 as follows:

raxml-ng --all --msa region_LSDV060.aln --model GTR+G --prefix LSDV060 --seed 123 --bs-metric fbp,tbe --redo

Analysis options:
  run mode: ML tree search + bootstrapping (Felsenstein Bootstrap + Transfer Bootstrap)
  start tree(s): random (10) + parsimony (10)
  bootstrap replicates: parsimony (max: 1000) + bootstopping (autoMRE, cutoff: 0.030000)
  random seed: 123
  tip-inner: OFF
  pattern compression: ON
  per-rate scalers: OFF
  site repeats: ON
  logLH epsilon: general: 10.000000, brlen-triplet: 1000.000000
  fast spr radius: AUTO
  spr subtree cutoff: 1.000000
  fast CLV updates: ON
  branch lengths: proportional (ML estimate, algorithm: NR-FAST)
  SIMD kernels: AVX2
  parallelization: coarse-grained (auto), PTHREADS (auto)

WARNING: Running in REDO mode: existing checkpoints are ignored, and all result files will be overwritten!

[00:00:00] Reading alignment from file: region_LSDV060.aln
[00:00:00] Loaded alignment with 14 taxa and 739 sites

WARNING: Sequences NC_004003.1 and KX576657.1 are exactly identical!
WARNING: Sequences NC_004003.1 and AY077836.1 are exactly identical!
WARNING: Sequences NC_004003.1 and AY077835.1 are exactly identical!
WARNING: Sequences MW020570.1 and MN072620.1 are exactly identical!
WARNING: Sequences MN072625.1 and MN072623.1 are exactly identical!
WARNING: Sequences MN072621.1 and MH381810.1 are exactly identical!
WARNING: Sequences MN072621.1 and KC951854.1 are exactly identical!
WARNING: Duplicate sequences found: 7

NOTE: Reduced alignment (with duplicates and gap-only sites/taxa removed) 
NOTE: was saved to: /mnt/lustre/RDS-live/downing/LSDV/GTPV_SPPV/results_GTPV/LSDV060.raxml.reduced.phy

Alignment comprises 1 partitions and 19 patterns

Partition 0: noname
Model: GTR+FO+G4m
Alignment sites / patterns: 739 / 19
Gaps: 0.09 %
Invariant sites: 97.70 %


NOTE: Binary MSA file created: LSDV060.raxml.rba

Parallelization scheme autoconfig: 32 worker(s) x 1 thread(s)

[00:00:00] Generating 10 random starting tree(s) with 14 taxa
[00:00:00] Generating 10 parsimony starting tree(s) with 14 taxa
Parallel parsimony with 32 threads
Parallel reduction/worker buffer size: 1 KB  / 0 KB

[00:00:00] Data distribution: max. partitions/sites/weight per thread: 1 / 19 / 304
[00:00:00] Data distribution: max. searches per worker: 33

Starting ML tree search with 20 distinct starting trees

[00:00:00] [worker #18] ML tree search #19, logLikelihood: -1049.461328
[00:00:00] [worker #13] ML tree search #14, logLikelihood: -1049.461327
[00:00:00] [worker #15] ML tree search #16, logLikelihood: -1049.461328
[00:00:00] [worker #12] ML tree search #13, logLikelihood: -1049.461322
[00:00:00] [worker #14] ML tree search #15, logLikelihood: -1049.461322
[00:00:01] [worker #4] ML tree search #5, logLikelihood: -1049.461330
[00:00:01] [worker #6] ML tree search #7, logLikelihood: -1049.461329
[00:00:01] [worker #10] ML tree search #11, logLikelihood: -1049.461328
[00:00:01] [worker #3] ML tree search #4, logLikelihood: -1049.461327
[00:00:01] [worker #16] ML tree search #17, logLikelihood: -1049.461320
[00:00:01] [worker #19] ML tree search #20, logLikelihood: -1049.461320
[00:00:01] [worker #17] ML tree search #18, logLikelihood: -1049.461328
[00:00:01] [worker #11] ML tree search #12, logLikelihood: -1049.461328
[00:00:01] [worker #9] ML tree search #10, logLikelihood: -1049.461322
[00:00:01] [worker #1] ML tree search #2, logLikelihood: -1049.461434
[00:00:01] [worker #2] ML tree search #3, logLikelihood: -1049.461325
[00:00:01] [worker #8] ML tree search #9, logLikelihood: -1049.461329
[00:00:01] [worker #0] ML tree search #1, logLikelihood: -1049.461321
[00:00:01] [worker #5] ML tree search #6, logLikelihood: -1049.461351
[00:00:01] [worker #7] ML tree search #8, logLikelihood: -1049.461328

[00:00:01] ML tree search completed, best tree logLH: -1049.461320

[00:00:01] Starting bootstrapping analysis with 1000 replicates.

[00:00:01] [worker #13] Bootstrap tree #14, logLikelihood: -1008.674170
[00:00:01] [worker #20] Bootstrap tree #21, logLikelihood: -1022.327634
[00:00:01] [worker #26] Bootstrap tree #27, logLikelihood: -1009.181453
[00:00:01] [worker #27] Bootstrap tree #28, logLikelihood: -1012.894233
[00:00:01] [worker #10] Bootstrap tree #11, logLikelihood: -1077.465263
[00:00:01] [worker #1] Bootstrap tree #2, logLikelihood: -1058.022024
[00:00:01] [worker #25] Bootstrap tree #26, logLikelihood: -1013.680262
[00:00:01] [worker #30] Bootstrap tree #31, logLikelihood: -1000.107603
[00:00:01] [worker #16] Bootstrap tree #17, logLikelihood: -1029.345980
, logLikelihood: -1043.387745
[00:00:01] [worker #17] Bootstrap tree #18, logLikelihood: -1090.214646
[00:00:01] [worker #11] Bootstrap tree #12, logLikelihood: -1009.574320
[00:00:01] [worker #4] Bootstrap tree #5, logLikelihood: -1056.541573
[00:00:01] [worker #18] Bootstrap tree #19, logLikelihood: -1030.173935
[00:00:01] [worker #13] Bootstrap tree #46, logLikelihood: -1045.748500
[00:00:01] [worker #10] Bootstrap tree #43, logLikelihood: -996.874201
[00:00:01] [worker #31] Bootstrap tree #32, logLikelihood: -1030.453968
[00:00:01] [worker #5] Bootstrap tree #6, logLikelihood: -1092.368036
[00:00:01] [worker #2] Bootstrap tree #3, logLikelihood: -1080.548865
[00:00:01] [worker #23] Bootstrap tree #24, logLikelihood: -1033.258281
[00:00:01] [worker #8] Bootstrap tree #9, logLikelihood: -1005.747857
[00:00:01] [worker #12] Bootstrap tree #13, logLikelihood: -1095.732632
[00:00:01] [worker #7] Bootstrap tree #8, logLikelihood: -1009.440117
[00:00:01] [worker #14] Bootstrap tree #15, logLikelihood: -1041.058904
[00:00:01] [worker #1] Bootstrap tree #34, logLikelihood: -1019.540883
[00:00:01] [worker #24] Bootstrap tree #25, logLikelihood: -1062.185853
[00:00:01] [worker #19] Bootstrap tree #20, logLikelihood: -1074.111004
[00:00:01] [worker #17] Bootstrap tree #50, logLikelihood: -1033.386939
[00:00:01] [worker #27] Bootstrap tree #60, logLikelihood: -1004.901122
[00:00:01] [worker #9] Bootstrap tree #10, logLikelihood: -1101.393453
[00:00:01] [worker #3] Bootstrap tree #4, logLikelihood: -1064.952840
[00:00:01] [worker #25] Bootstrap tree #58, logLikelihood: -1046.319841
[00:00:01] [worker #18] Bootstrap tree #51, logLikelihood: -1034.221117
[00:00:01] [worker #20] Bootstrap tree #53, logLikelihood: -1018.695781
[00:00:01] [worker #22] Bootstrap tree #23, logLikelihood: -1099.253141
[00:00:01] [worker #15] Bootstrap tree #16, logLikelihood: -1032.909777
[00:00:01] [worker #4] Bootstrap tree #37, logLikelihood: -1027.827641
[00:00:01] [worker #0] Bootstrap tree #1, logLikelihood: -1076.821547
[00:00:01] [worker #21] Bootstrap tree #22, logLikelihood: -1053.550381
[00:00:01] [worker #29] Bootstrap tree #62, logLikelihood: -1060.453727
[00:00:01] [worker #26] Bootstrap tree #59, logLikelihood: -1070.236096
[00:00:01] [worker #11] Bootstrap tree #44, logLikelihood: -1017.474511
[00:00:01] [worker #6] Bootstrap tree #7, logLikelihood: -1036.835529
[00:00:01] [worker #30] Bootstrap tree #63, logLikelihood: -1051.375315
[00:00:01] [worker #16] Bootstrap tree #49, logLikelihood: -1032.514684
[00:00:01] [worker #28] Bootstrap tree #29, logLikelihood: -1051.521161
[00:00:01] [worker #31] Bootstrap tree #64, logLikelihood: -1043.516174
[00:00:01] [worker #7] Bootstrap tree #40, logLikelihood: -1053.412364
[00:00:01] [worker #8] Bootstrap tree #41, logLikelihood: -1033.177988
[00:00:01] [worker #2] Bootstrap tree #35, logLikelihood: -1016.097837
[00:00:01] [worker #23] Bootstrap tree #56, logLikelihood: -1084.442573
[00:00:01] [worker #14] Bootstrap tree #47, logLikelihood: -1013.236886
[00:00:01] [worker #5] Bootstrap tree #38, logLikelihood: -1029.641852
[00:00:01] [worker #12] Bootstrap tree #45, logLikelihood: -1035.172500
[00:00:01] [worker #9] Bootstrap tree #42, logLikelihood: -962.431068
[00:00:01] [worker #15] Bootstrap tree #48, logLikelihood: -1028.270224
[-1044.41389000:00:01] [worker #24] Bootstrap tree #57, logLikelihood: 
[-1044.41389000:00:01] [worker #24] Bootstrap tree #57, logLikelihood: 
-1020.451638
[00:00:01] [worker #19] Bootstrap tree #52, logLikelihood: -1034.145496
[00:00:01] [worker #21] Bootstrap tree #54, logLikelihood: -1017.753148
[00:00:01] [worker #3] Bootstrap tree #36, logLikelihood: -1021.991173
[00:00:01] [worker #0] Bootstrap tree #33, logLikelihood: -1018.198257
[[00:00:01] [worker #28] Bootstrap tree #61, logLikelihood: -1018.47672600
[[00:00:01] [worker #28] Bootstrap tree #61, logLikelihood: -1018.47672600
:00:01] [worker #6] Bootstrap tree #39, logLikelihood: -1048.083783
[00:00:02] [worker #21] Bootstrap tree #86, logLikelihood: -1023.516872
[00:00:02] [worker #14] Bootstrap tree #79, logLikelihood: -1015.821773
[00:00:02] [worker #10] Bootstrap tree #75, logLikelihood: -1035.139258
[00:00:02] [worker #31] Bootstrap tree #96, logLikelihood: [-1047.84739100

[00:00:02] [worker #24] Bootstrap tree #89, logLikelihood: -1079.075764
00:00:02] [worker #25] Bootstrap tree #90, logLikelihood: [00:00:02] -1036.195012[worker #17] Bootstrap tree #82
[00:00:02] [worker #6] Bootstrap tree #71, logLikelihood: -1050.181188
[00:00:02] [worker #4] Bootstrap tree #69, logLikelihood: -1038.677380
[00:00:02] [worker #8] Bootstrap tree #73, logLikelihood: -1077.952399
[00:00:02] [worker #26] Bootstrap tree #91, logLikelihood: -1032.780222
[00:00:02] [worker #12] Bootstrap tree #77, logLikelihood: -1010.793321
[00:00:02] [worker #9] Bootstrap tree #74, logLikelihood: -1049.742153
[00:00:02] [worker #22] Bootstrap tree #87, logLikelihood: -1014.674925
[00:00:02] [worker #19] Bootstrap tree #84, logLikelihood: -1055.442917
[00:00:02] [worker #15] Bootstrap tree #80, logLikelihood: -1014.166404
[00:00:02] [worker #27] Bootstrap tree #92, logLikelihood: -1025.488821
[00:00:02] [worker #0] Bootstrap tree #65, logLikelihood: -1005.780367
[00:00:02] [worker #1] Bootstrap tree #66, logLikelihood: -1009.910747
[00:00:02] [worker #5] Bootstrap tree #70, logLikelihood: -1032.579583
[00:00:02] [worker #29] Bootstrap tree #94, logLikelihood: -1026.227725
[00:00:02] [worker #28] Bootstrap tree #93, logLikelihood: -1086.673954
[00:00:02] [worker #13] Bootstrap tree #78, logLikelihood: -1113.086857
[00:00:02] [worker #23] Bootstrap tree #88, logLikelihood: -1004.548710
[00:00:02] [worker #3] Bootstrap tree #68, logLikelihood: -1046.901160
[00:00:02] [worker #11] Bootstrap tree #76, logLikelihood: -1060.696123
[00:00:02] [worker #2] Bootstrap tree #67, logLikelihood: -1036.175051
[00:00:02] [worker #20] Bootstrap tree #85, logLikelihood: -1047.063873
[00:00:02] [worker #16] Bootstrap tree #81, logLikelihood: -1065.673408
[00:00:02] [worker #21] Bootstrap tree #118, logLikelihood: -1009.074462
[00:00:02] [worker #30] Bootstrap tree #95, logLikelihood: -1080.040022
[00:00:02] [worker #7] Bootstrap tree #72, logLikelihood: -1025.907089
[00:00:02] [worker #6] Bootstrap tree #103, logLikelihood: -1003.994388
[00:00:02] [worker #31] Bootstrap tree #128, logLikelihood: -1031.217700
[00:00:02] [worker #25] Bootstrap tree #122, logLikelihood: -1087.413545
[00:00:02] [worker #14] Bootstrap tree #111, logLikelihood: [-1000.07507900:00
-1091.268548
[00:00:02] [worker #10] Bootstrap tree #107, logLikelihood: -1093.651899
[00:00:02] [worker #19] Bootstrap tree #116, logLikelihood: -1013.841223
[00:00:02] [worker #8] Bootstrap tree #105, logLikelihood: -1007.864608
[00:00:02] [worker #15] Bootstrap tree #112, logLikelihood: -1069.226647
[00:00:02] [worker #17] Bootstrap tree #114, logLikelihood: -1035.894972
[00:00:02] [worker #12] Bootstrap tree #109, logLikelihood: -1051.373955
[00:00:02] [worker #4] Bootstrap tree #101, logLikelihood: -1036.653982
[00:00:02] [worker #27] Bootstrap tree #124, logLikelihood: -1068.907702
[00:00:02] [worker #2] Bootstrap tree #99, logLikelihood: -1041.506781
[00:00:02] [worker #9] Bootstrap tree #106, logLikelihood: -1045.916765
[00:00:02] [worker #26] Bootstrap tree #123, logLikelihood: -987.067562
-992.146991
[00:00:02] [worker #5] Bootstrap tree #102, logLikelihood: -1036.251481
[00:00:02] [worker #23] Bootstrap tree #120, logLikelihood: -989.333842
[00:00:02] [worker #20] Bootstrap tree #117, logLikelihood: -1018.964587
[00:00:02] [worker #24] Bootstrap tree #121, logLikelihood: -1071.345444
] [worker #1] Bootstrap tree #98, logLikelihood: -1074.653802
[00:00:02] [worker #28] Bootstrap tree #125, logLikelihood: -1021.658976
[00:00:02] [worker #22] Bootstrap tree #119, logLikelihood: -1075.882823
[00:00:02] [worker #0] Bootstrap tree #97, logLikelihood: -1093.710749
[00:00:02] [worker #16] Bootstrap tree #113, logLikelihood: -1063.155094
[00:00:02] [worker #29] Bootstrap tree #126, logLikelihood: -1073.647911
[00:00:02] [worker #11] Bootstrap tree #108, logLikelihood: -1018.600037
[00:00:02] [worker #7] Bootstrap tree #104[00:00:02] -1064.328628[worker #30] Bootstrap tree #127

:00:02] [worker #3] Bootstrap tree #100, logLikelihood: -1058.587443
[00:00:03] [worker #6] Bootstrap tree #135, logLikelihood: -1031.258212
[00:00:03] [worker #11] Bootstrap tree #140, logLikelihood: -1019.672706
[00:00:03] [worker #4] Bootstrap tree #133, logLikelihood: -1049.658205
[00:00:03] [worker #18] Bootstrap tree #147, logLikelihood: -1036.262576
[00:00:03] [worker #5] Bootstrap tree #134, logLikelihood: -1071.727502
[00:00:03] [worker #16] Bootstrap tree #145, logLikelihood: -980.089521
[00:00:03] [worker #10] Bootstrap tree #139, logLikelihood: -1054.495812
[00:00:03] [worker #25] Bootstrap tree #154, logLikelihood: -1024.379385
[00:00:03] [worker #29] Bootstrap tree #158, logLikelihood: -1031.419408
[00:00:03] [worker #9] Bootstrap tree #138, logLikelihood: -1021.252437
[00:00:03] [worker #8] Bootstrap tree #137, logLikelihood: -1032.323810
[00:00:03] [worker #15] Bootstrap tree #144, logLikelihood: -1041.358225
[00:00:03] [worker #24] Bootstrap tree #153, logLikelihood: -1057.470494
[00:00:03] [worker #1] Bootstrap tree #130, logLikelihood: -1052.960589
[00:00:03] [worker #30] Bootstrap tree #159, logLikelihood: -1031.090430
[00:00:03] [worker #2] Bootstrap tree #131, logLikelihood: -995.412614
[00:00:03] [worker #17] Bootstrap tree #146, logLikelihood: -1027.561461
[00:00:03] [worker #28] Bootstrap tree #157, logLikelihood: -1028.374322
[00:00:03] [worker #26] Bootstrap tree #155, logLikelihood: -1009.536728
[00:00:03] [worker #7] Bootstrap tree #136, logLikelihood: -1056.691678
[00:00:03] [worker #20] Bootstrap tree #149, logLikelihood: -1094.812464
[00:00:03] [worker #27] Bootstrap tree #156, logLikelihood: -1061.376035
[00:00:03] [worker #23] Bootstrap tree #152, logLikelihood: -1050.586173
[00:00:03] [worker #22] Bootstrap tree #151, logLikelihood: -1111.593231
[00:00:03] [worker #12] Bootstrap tree #141, logLikelihood: -1031.729805
[00:00:03] [worker #13] Bootstrap tree #142, logLikelihood: -1061.027814
[00:00:03] [worker #6] Bootstrap tree #167, logLikelihood: -1022.604398
[00:00:03] [worker #19] Bootstrap tree #148, logLikelihood: -1041.344104
[00:00:03] [worker #0] Bootstrap tree #129, logLikelihood: -1107.931362
[00:00:03] [worker #11] Bootstrap tree #172, logLikelihood: -1064.572797
[00:00:03] [worker #21] Bootstrap tree #150, logLikelihood: -1077.310048
[00:00:03] [worker #3] Bootstrap tree #132, logLikelihood: -1060.814286
[00:00:03] [worker #31] Bootstrap tree #160, logLikelihood: -1055.166698
[00:00:03] [worker #14] Bootstrap tree #143, logLikelihood: -1062.262159
[00:00:03] [worker #5] Bootstrap tree #166, logLikelihood: -1053.050580
[00:00:03] [worker #9] Bootstrap tree #170, logLikelihood: -1055.926381
[00:00:03] [worker #4] Bootstrap tree #165, logLikelihood: -1065.950575
[00:00:03] [worker #16] Bootstrap tree #177, logLikelihood: -1053.955572
[00:00:03] [worker #24] Bootstrap tree #185, logLikelihood: -1020.189628
[00:00:03] [worker #10] Bootstrap tree #171, logLikelihood: -1056.506448
[00:00:03] [worker #29] Bootstrap tree #190, logLikelihood: -1057.004620
[00:00:03] [worker #20] Bootstrap tree #181, logLikelihood: -1055.688060
[00:00:03] [worker #8] Bootstrap tree #169, logLikelihood: -986.195357
[00:00:03] [worker #18] Bootstrap tree #179, logLikelihood: -1034.323475
[00:00:03] [worker #2] Bootstrap tree #163, logLikelihood: -1019.728213
[00:00:03] [worker #25] Bootstrap tree #186, logLikelihood: -1053.414978
[00:00:03] [worker #28] Bootstrap tree #189, logLikelihood: -1033.917521
[00:00:03] [worker #12] Bootstrap tree #173, logLikelihood: -978.032209
[00:00:03] [worker #1] Bootstrap tree #162, logLikelihood: -1010.071832
[00:00:03] [worker #26] Bootstrap tree #187, logLikelihood: -1027.085396
[00:00:03] [worker #7] Bootstrap tree #168, logLikelihood: -1027.237580
[00:00:03] [worker #30] Bootstrap tree #191, logLikelihood: -1076.714382
[00:00:03] [worker #27] Bootstrap tree #188, logLikelihood: -1096.584921
[00:00:03] [worker #14] Bootstrap tree #175, logLikelihood: -1041.442217
[00:00:03] [worker #21] Bootstrap tree #182, logLikelihood: -1052.286895
[00:00:03] [worker #23] Bootstrap tree #184, logLikelihood: -1062.543294
[00:00:03] [worker #22] Bootstrap tree #183, logLikelihood: -1058.363883
[00:00:03] [worker #15] Bootstrap tree #176, logLikelihood: -1063.108047
[00:00:03] [worker #17] Bootstrap tree #178, logLikelihood: -1060.532908
[00:00:03] [worker #13] Bootstrap tree #174, logLikelihood: -1041.846865
[00:00:03] [worker #0] Bootstrap tree #161, logLikelihood: -1074.438306
[00:00:03] [worker #19] Bootstrap tree #180, logLikelihood: -1062.255446
[00:00:03] [worker #3] Bootstrap tree #164, logLikelihood: -1073.494588
[00:00:03] [worker #31] Bootstrap tree #192, logLikelihood: -1046.614398
[00:00:04] [worker #12] Bootstrap tree #205, logLikelihood: -1023.831840
[00:00:04] [worker #27] Bootstrap tree #220, logLikelihood: -1008.140015
[00:00:04] [worker #31] Bootstrap tree #224, logLikelihood: -1039.041618
[00:00:04] [worker #17] Bootstrap tree #210, logLikelihood: -1002.672121
[00:00:04] [worker #30] Bootstrap tree #223, logLikelihood: -1078.274453
[00:00:04] [worker #23] Bootstrap tree #216, logLikelihood: -1031.041357
[00:00:04] [worker #20] Bootstrap tree #213, logLikelihood: -1045.831424
[00:00:04] [worker #21] Bootstrap tree #214, logLikelihood: [00:00:04] [worker #28] Bootstrap tree #221, logLikelihood: -1034.104952-1022.245385[
[worker #15] orker #21] Bootstrap tree #214, logLikelihood: [00:00:04] [worker #28] Bootstrap tree #221, logLikelihood: -1034.104952-1022.245385[

Bootstrap tree #208, logLikelihood: -1046.074642
[00:00:04] [worker #4] Bootstrap tree #197, logLikelihood: -1042.533700
[00:00:04] [worker #26] Bootstrap tree #219, logLikelihood: -1036.444404
[00:00:04] [worker #8] Bootstrap tree #201, logLikelihood: -1046.205129
[00:00:04] [worker #6] Bootstrap tree #199, logLikelihood: -1010.340464
[00:00:04] [worker #5] Bootstrap tree #198, logLikelihood: -1007.058807
[00:00:04] [worker #2] Bootstrap tree #195, logLikelihood: -1084.331483
[00:00:04] [worker #3] Bootstrap tree #196, logLikelihood: -983.139939
[00:00:04] [worker #24] Bootstrap tree #217, logLikelihood: -1013.194075
[00:00:04] [worker #7] Bootstrap tree #200, logLikelihood: -1054.761990
[00:00:04] [worker #22] Bootstrap tree #215, logLikelihood: -1017.689999
[00:00:04] [worker #18] Bootstrap tree #211, logLikelihood: -1009.060295
[00:00:04] [worker #14] Bootstrap tree #207, logLikelihood: -1048.808585
[00:00:04] [worker #13] Bootstrap tree #206, logLikelihood: -1042.365807
[00:00:04] [worker #16] Bootstrap tree #209, logLikelihood: -1033.090678
[00:00:04] [worker #10] Bootstrap tree #203, logLikelihood: -1060.760805
[00:00:04] [worker #1] Bootstrap tree #194, logLikelihood: -1041.122911
[00:00:04] [worker #25] Bootstrap tree #218, logLikelihood: -1063.996422
[00:00:04] [worker #0] Bootstrap tree #193, logLikelihood: -1009.330474
[00:00:04] [worker #29] Bootstrap tree #222, logLikelihood: -991.693326
[00:00:04] [worker #9] Bootstrap tree #202, logLikelihood: -1086.874848
[00:00:04] [worker #11] Bootstrap tree #204, logLikelihood: -1072.920431
[00:00:04] [worker #19] Bootstrap tree #212, logLikelihood: -1034.993375
[00:00:04] [worker #30] Bootstrap tree #255, logLikelihood: -1004.662352
[00:00:04] [worker #27] Bootstrap tree #252, logLikelihood: -1051.434722
[00:00:04] [worker #8] Bootstrap tree #233, logLikelihood: -1058.435078
[00:00:04] [worker #12] Bootstrap tree #237, logLikelihood: -1029.729188
[00:00:04] [worker #18] Bootstrap tree #243, logLikelihood: -1052.248473
[00:00:04] [worker #22] Bootstrap tree #247, logLikelihood: -1042.491394
-1017.070161[00:00:04] [worker #20] Bootstrap tree #245, logLikelihood: -1021.961226
[00:00:04] [worker #26] Bootstrap tree #251, logLikelihood: -1007.525742

[00:00:04] [worker #6] Bootstrap tree #231, logLikelihood: 0:-1008.46340400:00:04] [worker #4] Bootstrap tree #229, logLikelihood: -1016.582742


[00:00:04] [worker #31] Bootstrap tree #256, logLikelihood: -1026.274928
[00:00:04] [worker #16] Bootstrap tree #241, logLikelihood: -1057.188934
[00:00:04] [worker #24] Bootstrap tree #249, logLikelihood: -1037.046060
[00:00:04] [worker #7] Bootstrap tree #232, logLikelihood: -1054.267178
[00:00:04] [worker #23] Bootstrap tree #248, logLikelihood: -1022.432859
[00:00:04] [worker #14] Bootstrap tree #239, logLikelihood: -1051.874667
[00:00:04] [worker #28] Bootstrap tree #253, logLikelihood: -1013.949903
[00:00:04] [worker #10] Bootstrap tree #235, logLikelihood: -1073.996774
[00:00:04] [worker #15] Bootstrap tree #240, logLikelihood: -1003.048441
[00:00:04] [worker #25] Bootstrap tree #250, logLikelihood: -1027.536748
[00:00:04] [worker #5] Bootstrap tree #230, logLikelihood: -1098.531331
[00:00:04] [worker #2] Bootstrap tree #227, logLikelihood: -1084.632375
[00:00:04] [worker #3] Bootstrap tree #228, logLikelihood: -1045.963031
[00:00:04] [worker #1] Bootstrap tree #226, logLikelihood: -1062.836116
[00:00:04] [worker #9] Bootstrap tree #234, logLikelihood: -1047.113151
[00:00:04] [worker #13] Bootstrap tree #238, logLikelihood: -1047.366229
[00:00:04] [worker #29] Bootstrap tree #254, logLikelihood: -1065.178481
[00:00:04] [worker #19] Bootstrap tree #244, logLikelihood: -1060.030524
[00:00:04] [worker #11] Bootstrap tree #236, logLikelihood: -1056.861692
[00:00:04] [worker #0] Bootstrap tree #225, logLikelihood: -1075.364510
[00:00:05] [worker #22] Bootstrap tree #279, logLikelihood: -1000.746299
[00:00:05] [worker #3] Bootstrap tree #260, logLikelihood: -1058.014664
[00:00:05] [worker #18] Bootstrap tree #275, logLikelihood: -1024.814086
[00:00:05] [worker #0] Bootstrap tree #257, logLikelihood: -1000.728994
[00:00:05] [worker #31] Bootstrap tree #288, logLikelihood: -978.667600
[00:00:05] [worker #1] Bootstrap tree #258, logLikelihood: -1036.901853
[00:00:05] [worker #30] Bootstrap tree #287, logLikelihood: -1029.040763
[00:00:05] [worker #30] Bootstrap tree #287, logLikelihood: -1029.040763
[00:00:05] [worker #6] Bootstrap tree #263, logLikelihood: -1090.959765
[00:00:05] [worker #14] Bootstrap tree #271, logLikelihood: -1075.459430
[00:00:05] [worker #13] Bootstrap tree #270, logLikelihood: -1094.117537
[00:00:05] [worker #20] Bootstrap tree #277, logLikelihood: -1044.791609
[00:00:05] [worker #9] Bootstrap tree #266, logLikelihood: -1040.310538
-1074.780231[
, logLikelihood: -1016.385850
[00:00:05] [worker #4] Bootstrap tree #261, logLikelihood: -1023.954826
[00:00:05] [worker #28] Bootstrap tree #285, logLikelihood: -1079.815878
[00:00:05] [worker #8] Bootstrap tree #265, logLikelihood: -1080.674125
[00:00:05] [worker #25] Bootstrap tree #282, logLikelihood: -1082.506068
[00:00:05] [worker #17] Bootstrap tree #274, logLikelihood: -1058.241488
[00:00:05] [worker #19] Bootstrap tree #276, logLikelihood: -1030.976623
[00:00:05] [worker #15] Bootstrap tree #272, logLikelihood: -1040.466960
00:00:05] [worker #11] Bootstrap tree #268, logLikelihood: -1031.734567
00:00:05] [worker #7] Bootstrap tree #264, logLikelihood: -1050.734384
[00:00:05] [worker #12] Bootstrap tree #269, logLikelihood: -1062.292325
[00:00:05] [worker #5] Bootstrap tree #262, logLikelihood: -1047.122483
[00:00:05] [worker #23] Bootstrap tree #280, logLikelihood: -1016.440907
[00:00:05] [worker #21] Bootstrap tree #278, logLikelihood: -1049.284972
[00:00:05] [worker #10] Bootstrap tree #267, logLikelihood: -1031.659035
[00:00:05] [worker #26] Bootstrap tree #283, logLikelihood: -1060.111614
[00:00:05] [worker #27] Bootstrap tree #284, logLikelihood: -1026.878235
[00:00:05] [worker #16] Bootstrap tree #273, logLikelihood: -1033.563705
[00:00:05] [worker #24] Bootstrap tree #281, logLikelihood: -1058.030236
[00:00:05] [worker #3] Bootstrap tree #292, logLikelihood: -1005.379288
[00:00:05] [worker #9] Bootstrap tree #298, logLikelihood: -1041.538835
[00:00:05] [worker #8] Bootstrap tree #297, logLikelihood: -1087.269481
[00:00:05] [worker #15] Bootstrap tree #304, logLikelihood: -1060.604071
[00:00:05] [worker #22] Bootstrap tree #311, logLikelihood: -1044.238743
[00:00:05] [worker #6] Bootstrap tree #295, logLikelihood: -991.708384
[00:00:05] [worker #26] Bootstrap tree #315, logLikelihood: -1019.389605
[00:00:05] [worker #2] Bootstrap tree #291, logLikelihood: -1021.666239
[00:00:05] [worker #17] Bootstrap tree #306, logLikelihood: -1068.380746
[00:00:05] [worker #25] Bootstrap tree #314, logLikelihood: -1025.312358
[00:00:05] [worker #12] Bootstrap tree #301, logLikelihood: -1047.784153
[00:00:05] [worker #18] Bootstrap tree #307, logLikelihood: -1020.043917
[00:00:05] [worker #1] Bootstrap tree #290, logLikelihood: -1082.297130
[00:00:05] [worker #27] Bootstrap tree #316, logLikelihood: -1071.757769
[00:00:05] [worker #7] Bootstrap tree #296, logLikelihood: -1018.063249
[00:00:05] [worker #31] Bootstrap tree #320, logLikelihood: -1045.820757
[00:00:05] [worker #30] Bootstrap tree #319, logLikelihood: -997.963593
[00:00:05] [worker #23] Bootstrap tree #312, logLikelihood: -1033.718421
[00:00:05] [worker #24] Bootstrap tree #313, logLikelihood: -1044.054338
[00:00:05] [worker #0] Bootstrap tree #289, logLikelihood: -1021.480494
[00:00:05] [worker #29] Bootstrap tree #318, logLikelihood: -1086.155617
-1038.441241
[00:00:05] [worker #19] Bootstrap tree #308, logLikelihood: [-1038.53836300

[00:00:05] [worker #13] Bootstrap tree #302, logLikelihood: -976.274931
[00:00:05] [worker #16] Bootstrap tree #305, logLikelihood: -1058.705687
[00:00:05] [worker #21] Bootstrap tree #310, logLikelihood: -1034.576361
[00:00:05] [worker #28] Bootstrap tree #317, logLikelihood: -1051.697320
[00:00:05] [worker #10] Bootstrap tree #299, logLikelihood: [-1010.316685
-1063.136677
[00:00:05] [worker #11] Bootstrap tree #300, logLikelihood: -1038.204402
[00:00:05] [worker #20] Bootstrap tree #309, logLikelihood: -1083.571958
[00:00:05] [worker #7] Bootstrap tree #328, logLikelihood: -992.402337
[00:00:06] [worker #5] Bootstrap tree #326, logLikelihood: -980.472680
[00:00:06] [worker #28] Bootstrap tree #349, logLikelihood: -1085.615437
[00:00:06] [worker #27] Bootstrap tree #348, logLikelihood: -1011.760678
00:00:06] [worker #4] Bootstrap tree #325, logLikelihood: -1018.439381
[00:00:06] [worker #17] Bootstrap tree #338, logLikelihood: -993.444990
00:00:06] [worker #16] Bootstrap tree #337, logLikelihood: -974.760837
[00:00:06] [worker #19] Bootstrap tree #340, logLikelihood: -996.486580
[00:00:06] [worker #18] Bootstrap tree #339, logLikelihood: -1019.502581
[[00:00:06] [worker #9] Bootstrap tree #330, logLikelihood: -1047.8030030:[[00:00:06] [worker #9] Bootstrap tree #330, logLikelihood: -1047.8030030:00:06] [worker #20] Bootstrap tree #341, logLikelihood: -1072.066039
[00:00:06] [worker #29] Bootstrap tree #350, logLikelihood: -1022.878241
[00:00:06] [worker #3] Bootstrap tree #324, logLikelihood: -1056.387669
-1068.305071[
[worker #2] Bootstrap tree #323, logLikelihood: -1090.830412
[00:00:06] [worker #21] Bootstrap tree #342, logLikelihood: -995.886811
[00:00:06] [worker #22] Bootstrap tree #343, logLikelihood: -1042.646476
[00:00:06] [worker #0] Bootstrap tree #321, logLikelihood: -1025.787570
[00:00:06] [worker #13] Bootstrap tree #334, logLikelihood: -1052.320813
[00:00:06] [worker #31] Bootstrap tree #352, logLikelihood: -1014.131987
[00:00:06] [worker #23] Bootstrap tree #344, logLikelihood: -1041.139336
[00:00:06] [worker #8] Bootstrap tree #329, logLikelihood: -1033.259965
[00:00:06] [worker #8] Bootstrap tree #329, logLikelihood: -1033.259965
[00:00:06] [worker #12] Bootstrap tree #333, logLikelihood: -1034.516164
[00:00:06] [worker #15] Bootstrap tree #336, logLikelihood: -1033.650824
[00:00:06] [worker #6] Bootstrap tree #327, logLikelihood: -1046.928588
[00:00:06] [worker #30] Bootstrap tree #351, logLikelihood: -1038.861968
[00:00:06] [worker #10] Bootstrap tree #331, logLikelihood: [-1003.981737
-1046.141568
[00:00:06] [worker #24] Bootstrap tree #345, logLikelihood: -1053.324550
[00:00:06] [worker #25] Bootstrap tree #346, logLikelihood: -1068.431261
[00:00:06] [worker #1] Bootstrap tree #322, logLikelihood: -1030.771102
[00:00:06] [worker #14] Bootstrap tree #335, logLikelihood: -1044.510730
[00:00:06] [worker #7] Bootstrap tree #360, logLikelihood: -995.863417
[00:00:06] [worker #27] Bootstrap tree #380, logLikelihood: -1051.896392
[00:00:06] [worker #17] Bootstrap tree #370, logLikelihood: -1035.471464
[00:00:06] [worker #19] Bootstrap tree #372, logLikelihood: -1022.412948
[00:00:06] [worker #28] Bootstrap tree #381, logLikelihood: -1052.949082
[00:00:06] [worker #21] Bootstrap tree #374, logLikelihood: -1052.376926
[00:00:06] [worker #30] Bootstrap tree #383, logLikelihood: -1062.922902
[00:00:06] [worker #29] Bootstrap tree #382, logLikelihood: -1013.943256
[00:00:06] [worker #10] Bootstrap tree #363, logLikelihood: -974.043296
[00:00:06] [worker #9] Bootstrap tree #362, logLikelihood: -1049.205359
[00:00:06] [worker #31] Bootstrap tree #384, logLikelihood: -1023.998944
[00:00:06] [worker #24] Bootstrap tree #377, logLikelihood: -1025.369653
[00:00:06] [worker #18] Bootstrap tree #371, logLikelihood: -1050.588382
[00:00:06] [worker #16] Bootstrap tree #369, logLikelihood: -1061.109059
00:00:06] [worker #13] Bootstrap tree #366, logLikelihood: -1024.810045
[00:00:06] [worker #20] Bootstrap tree #373, logLikelihood: -1098.793472
[00:00:06] [worker #5] Bootstrap tree #358, logLikelihood: -1033.391148
[00:00:06] [worker #4] Bootstrap tree #357, logLikelihood: -1084.487480
[00:00:06] [worker #8] Bootstrap tree #361, logLikelihood: -1055.050066
[00:00:06] [worker #15] Bootstrap tree #368, logLikelihood: -1067.419265
[00:00:06] [worker #26] Bootstrap tree #379, logLikelihood: -1071.736463
[00:00:06] [worker #2] Bootstrap tree #355, logLikelihood: -1053.762433
[00:00:06] [worker #22] Bootstrap tree #375, logLikelihood: -1048.556035
[00:00:06] [worker #3] Bootstrap tree #356, logLikelihood: -1028.624014
[00:00:06] [worker #23] Bootstrap tree #376, logLikelihood: -1085.679899
[00:00:06] [worker #6] Bootstrap tree #359, logLikelihood: -1056.157974
[00:00:06] [worker #1] Bootstrap tree #354, logLikelihood: -1009.430345
[00:00:06] [worker #0] Bootstrap tree #353, logLikelihood: -1014.175916
[00:00:06] [worker #14] Bootstrap tree #367, logLikelihood: -995.951784
[00:00:06] [worker #25] Bootstrap tree #378, logLikelihood: -1065.820928
[00:00:06] [worker #11] Bootstrap tree #364, logLikelihood: -1089.756390
[00:00:06] [worker #12] Bootstrap tree #365, logLikelihood: -1071.451179
[00:00:06] [worker #16] Bootstrap tree #401, logLikelihood: -1089.818188
[00:00:06] [worker #21] Bootstrap tree #406, logLikelihood: -1027.230177
[worker #28] Bootstrap tree #413, logLikelihood: -991.194755
[00:00:06] [worker #1] Bootstrap tree #386, logLikelihood: -1045.194338
[00:00:06] [worker #8] Bootstrap tree #393, logLikelihood: -997.075367
00:00:06] [worker #25] Bootstrap tree #410, logLikelihood: -1019.210249
[00:00:07] [worker #6] Bootstrap tree #391, logLikelihood: -1045.006693
[00:00:07] [worker #17] Bootstrap tree #402, logLikelihood: -991.533765
[00:00:07] [worker #14] Bootstrap tree #399, logLikelihood: -1063.597612
[00:00:07] [worker #31] Bootstrap tree #416, logLikelihood: -1048.595306
[00:00:07] [worker #27] Bootstrap tree #412, logLikelihood: -948.724194
[00:00:07] [worker #19] Bootstrap tree #404, logLikelihood: -1018.413976
[00:00:07] [worker #30] Bootstrap tree #415, logLikelihood: -1018.406224

[00:00:07] [worker #3] Bootstrap tree #388, logLikelihood: -1062.677678
[00:00:07] [worker #26] Bootstrap tree #411, logLikelihood: -1018.939200
[00:00:07] [worker #13] Bootstrap tree #398, logLikelihood: -1024.288242
[00:00:07] [worker #7] Bootstrap tree #392, logLikelihood: -1004.376174
[00:00:07] [worker #2] Bootstrap tree #387, logLikelihood: -1108.209745
[00:00:07] [worker #15] Bootstrap tree #400, logLikelihood: -1055.281825
[00:00:07] [worker #9] Bootstrap tree #394, logLikelihood: -1030.876773
[00:00:07] [worker #4] Bootstrap tree #389, logLikelihood: -1021.289992
[00:00:07] [worker #29] Bootstrap tree #414, logLikelihood: -993.697391
[00:00:07] [worker #23] Bootstrap tree #408, logLikelihood: -1032.301692
[00:00:07] [worker #20] Bootstrap tree #405, logLikelihood: -1052.157616
[00:00:07] [worker #12] Bootstrap tree #397, logLikelihood: -1009.196052
[00:00:07] [worker #24] Bootstrap tree #409, logLikelihood: -1039.754554
[00:00:07] [worker #11] Bootstrap tree #396, logLikelihood: -1041.922164
[00:00:07] [worker #22] Bootstrap tree #407, logLikelihood: -1058.098264
[00:00:07] [worker #18] Bootstrap tree #403, logLikelihood: -1085.125459
[00:00:07] [worker #10] Bootstrap tree #395, logLikelihood: -1096.907004
[00:00:07] [worker #0] Bootstrap tree #385, logLikelihood: -1049.052235
[00:00:07] [worker #1] Bootstrap tree #418, logLikelihood: -1036.726986
[00:00:07] [worker #16] Bootstrap tree #433, logLikelihood: -1044.330969
[00:00:07] [worker #28] Bootstrap tree #445, logLikelihood: -1033.107001
[00:00:07] [worker #6] Bootstrap tree #423, logLikelihood: -1019.851590
[00:00:07] [worker #14] Bootstrap tree #431, logLikelihood: -1050.723657
[00:00:07] [worker #8] Bootstrap tree #425, logLikelihood: -1060.298187
[00:00:07] [worker #25] Bootstrap tree #442, logLikelihood: -1026.576201
[00:00:07] [worker #4] Bootstrap tree #421, logLikelihood: -1056.753336
00:07] [worker #24] Bootstrap tree #441, logLikelihood: -1050.274380
[00:00:07] [worker #19] Bootstrap tree #436, logLikelihood: -1019.207482
[00:00:07] [worker #26] Bootstrap tree #443, logLikelihood: -1040.552674
[00:00:07] [worker #27] Bootstrap tree #444, logLikelihood: -1067.218114
[00:00:07] [worker #30] Bootstrap tree #447, logLikelihood: -1066.183021
[[00:00:07] [worker #2] Bootstrap tree #419, logLikelihood: 00-1053.640722:00:07] 
[[00:00:07] [worker #2] Bootstrap tree #419, logLikelihood: 00-1053.640722:00:07] 
[worker #7] Bootstrap tree #424, logLikelihood: -1030.966721
[00:00:07] [worker #17] Bootstrap tree #434, logLikelihood: -1026.729850
[00:00:07] [worker #23] Bootstrap tree #440, logLikelihood: -1024.313102
[00:00:07] [worker #15] Bootstrap tree #432, logLikelihood: -1061.488246
[00:00:07] [worker #13] Bootstrap tree #430, logLikelihood: -1046.077562
[00:00:07] [worker #21] Bootstrap tree #438, logLikelihood: -1032.456335
[00:00:07] [worker #3] Bootstrap tree #420, logLikelihood: -1077.798373
[worker #12] Bootstrap tree #429, logLikelihood: -1045.352301
[00:00:07] [worker #31] Bootstrap tree #448, logLikelihood: -1073.923916
[00:00:07] [worker #11] Bootstrap tree #428, logLikelihood: -1039.970059
[00:00:07] [worker #5] Bootstrap tree #422, logLikelihood: -1035.597400
[00:00:07] [worker #22] Bootstrap tree #439, logLikelihood: -1113.632332
[00:00:07] [worker #20] Bootstrap tree #437, logLikelihood: -1102.732948
[00:00:07] [worker #9] Bootstrap tree #426, logLikelihood: -1035.529408
[00:00:07] [worker #29] Bootstrap tree #446, logLikelihood: -1042.679552
[00:00:07] [worker #10] Bootstrap tree #427, logLikelihood: -1049.461328
[00:00:07] [worker #18] Bootstrap tree #435, logLikelihood: -1046.591331
[00:00:07] [worker #0] Bootstrap tree #417, logLikelihood: -1104.927564
[00:00:08] [worker #8] Bootstrap tree #457, logLikelihood: -1052.152998
[00:00:08] [worker #2] Bootstrap tree #451, logLikelihood: -1069.512254
[00:00:08] [worker #23] Bootstrap tree #472, logLikelihood: -1036.481077
[00:00:08] [worker #9] Bootstrap tree #458, logLikelihood: -1016.502633
[00:00:08] [worker #20] Bootstrap tree #469, logLikelihood: -1057.695571
[00:00:08] [worker #6] Bootstrap tree #455, logLikelihood: -1050.113494
[00:00:08] [worker #31] Bootstrap tree #480, logLikelihood: -1026.591092
[00:00:08] [worker #10] Bootstrap tree #459, logLikelihood: -1071.390611
[worker #7] Bootstrap tree #456, logLikelihood: -1049.523805
[00:00:08] [worker #22] Bootstrap tree #471, logLikelihood: -1062.587920
[00:00:08] [worker #17] Bootstrap tree #466, logLikelihood: -1014.188188
[00:00:08] [worker #13] Bootstrap tree #462, logLikelihood: -1006.593742
[00:00:08] [worker #0] Bootstrap tree #449, logLikelihood: -1008.784558
[00:00:08] [worker #24] Bootstrap tree #473, logLikelihood: -1049.955258
[00:00:08] [worker #11] Bootstrap tree #460, logLikelihood: -1045.664074
[00:00:08] [worker #16] Bootstrap tree #465, logLikelihood: -1009.466643
[00:00:08] [worker #14] Bootstrap tree #463, logLikelihood: -1044.398811
[00:00:08] [worker #21] Bootstrap tree #470, logLikelihood: -1035.390650
[00:00:08] [worker #28] Bootstrap tree #477, logLikelihood: -1060.296431
[00:00:08] [worker #1] Bootstrap tree #450, logLikelihood: -1094.603607
[00:00:08] [worker #15] Bootstrap tree #464, logLikelihood: -1046.575387
[[00:00:08] [worker #19] Bootstrap tree #468, logLikelihood: 00:00:08] [worker #4] Bootstrap tree #453, logLikelihood: 
[[00:00:08] [worker #19] Bootstrap tree #468, logLikelihood: 00:00:08] [worker #4] Bootstrap tree #453, logLikelihood: 
-999.378591
[00:00:08] [worker #27] Bootstrap tree #476, logLikelihood: -1000.602785
[00:00:08] [worker #5] Bootstrap tree #454, logLikelihood: -1012.081072
[00:00:08] [worker #29] Bootstrap tree #478, logLikelihood: -1061.499864
[00:00:08] [worker #3] Bootstrap tree #452, logLikelihood: -1040.525713
[00:00:08] [worker #12] Bootstrap tree #461, logLikelihood: -1030.395632
[00:00:08] [worker #18] Bootstrap tree #467, logLikelihood: -1053.069297
[00:00:08] [worker #26] Bootstrap tree #475, logLikelihood: -1101.104652
[00:00:08] [worker #25] Bootstrap tree #474, logLikelihood: -1051.360775
[00:00:08] [worker #30] Bootstrap tree #479, logLikelihood: -1072.549996
[00:00:08] [worker #20] Bootstrap tree #501, logLikelihood: -1044.143356
[00:00:08] [worker #6] Bootstrap tree #487, logLikelihood: -1050.956349
[00:00:08] [worker #10] Bootstrap tree #491, logLikelihood: -1048.129412
[00:00:08] [worker #7] Bootstrap tree #488, logLikelihood: -1027.594545
[00:00:08] [worker #9] Bootstrap tree #490, logLikelihood: -1076.770320
[00:00:08] [worker #23] Bootstrap tree #504, logLikelihood: -1023.982219
[00:00:08] [worker #22] Bootstrap tree #503, logLikelihood: -1040.380715
[00:00:08] [worker #31] Bootstrap tree #512, logLikelihood: -1011.712144
[00:00:08] [worker #13] Bootstrap tree #494, logLikelihood: -1022.141740
[00:00:08] [worker #24] Bootstrap tree #505, logLikelihood: -1047.428029
[00:00:08] [worker #8] Bootstrap tree #489, logLikelihood: -1049.461326
[00:00:08] [worker #11] Bootstrap tree #492, logLikelihood: -1061.854550
[00:00:08] [worker #2] Bootstrap tree #483, logLikelihood: -1012.316814
[00:00:08] [worker #25] Bootstrap tree #506, logLikelihood: -1008.626246
[00:00:08] [worker #5] Bootstrap tree #486, logLikelihood: -1034.117020
[00:00:08] [worker #28] Bootstrap tree #509, logLikelihood: -1035.112123
[00:00:08] [worker #18] Bootstrap tree #499, logLikelihood: -1019.339777
[00:00:08] [worker #14] Bootstrap tree #495, logLikelihood: -1058.545628
[00:00:08] [worker #19] Bootstrap tree #500, logLikelihood: -1070.766962
[00:00:08] [worker #1] Bootstrap tree #482, logLikelihood: -1044.085622
[00:00:08] [worker #17] Bootstrap tree #498, logLikelihood: -1058.638139
[00:00:08] [worker #27] Bootstrap tree #508, logLikelihood: -1048.009938
[00:00:08] [worker #4] Bootstrap tree #485, logLikelihood: -1061.540293
[00:00:08] [worker #29] Bootstrap tree #510, logLikelihood: -1043.810218
[00:00:08] [worker #16] Bootstrap tree #497, logLikelihood: -1063.652927
[00:00:08] [worker #12] Bootstrap tree #493, logLikelihood: -1021.702941
[00:00:08] [worker #21] Bootstrap tree #502, logLikelihood: -1066.942482
[00:00:08] [worker #15] Bootstrap tree #496, logLikelihood: -1020.788106
[00:00:08] [worker #30] Bootstrap tree #511, logLikelihood: -954.445508
[00:00:08] [worker #3] Bootstrap tree #484, logLikelihood: -1063.258981
[00:00:08] [worker #26] Bootstrap tree #507, logLikelihood: -1009.163791
[00:00:08] [worker #0] Bootstrap tree #481, logLikelihood: -1049.574311
[00:00:09] [worker #3] Bootstrap tree #516, logLikelihood: -1060.335141
[00:00:09] [[worker #17] Bootstrap tree #0530:, logLikelihood: 00:09] [worker #10] Bootstrap tree #523, logLikelihood: -1031.251419
[00:00:09] [worker #21] Bootstrap tree #534, logLikelihood: -1075.678086
[00:00:09] [worker #8] Bootstrap tree #521, logLikelihood: -970.332371
[00:00:09] [worker #19] Bootstrap tree #532, logLikelihood: -1003.686544
[00:00:09] [worker #12] Bootstrap tree #525, logLikelihood: -1031.529038
[00:00:09] [worker #31] Bootstrap tree #544, logLikelihood: -1078.671698
[00:00:09] [worker #20] Bootstrap tree #533, logLikelihood: -1065.342596
[worker #13] Bootstrap tree #526, logLikelihood: -1038.193209
[00:00:09] [worker #6] Bootstrap tree #519, logLikelihood: -1031.716142
[00:00:09] [worker #22] Bootstrap tree #535, logLikelihood: -1043.776142
[00:00:09] [worker #26] Bootstrap tree #539, logLikelihood: -1076.991928
[00:00:09] [worker #24] Bootstrap tree #537, logLikelihood: -1001.538474
[00:00:09] [worker #28] Bootstrap tree #541, logLikelihood: -998.950765
[00:00:09] [worker #14] Bootstrap tree #527, logLikelihood: -1051.861555
[00:00:09] [worker #18] Bootstrap tree #531, logLikelihood: -1071.677794
[00:00:09] [worker #1] Bootstrap tree #514, logLikelihood: -1062.343000
[[00:00:09] [worker #16] Bootstrap tree #529, logLikelihood: -984.89800400:00
[00:00:09] [worker #23] Bootstrap tree #536, logLikelihood: -967.250271
[00:00:09] [worker #11] Bootstrap tree #524, logLikelihood: -1056.781135
[00:00:09] [worker #5] Bootstrap tree #518, logLikelihood: -1049.526435
[00:00:09] [worker #29] Bootstrap tree #542, logLikelihood: -1040.223983
[00:00:09] [worker #9] Bootstrap tree #522, logLikelihood: -1064.778046
[00:00:09] [worker #25] Bootstrap tree #538, logLikelihood: -1024.775742
[00:00:09] [worker #27] Bootstrap tree #540, logLikelihood: -1045.344403
[00:00:09] [worker #15] Bootstrap tree #528, logLikelihood: -1043.648388
[00:00:09] [worker #2] Bootstrap tree #515, logLikelihood: -1076.491608
[00:00:09] [worker #7] Bootstrap tree #520, logLikelihood: -1007.804517
[00:00:09] [worker #4] Bootstrap tree #517, logLikelihood: -1068.066879
[00:00:09] [worker #19] Bootstrap tree #564, logLikelihood: -1047.933945
[00:00:09] [worker #17] Bootstrap tree #562, logLikelihood: -1011.600626
[00:00:09] [worker #0] Bootstrap tree #513, logLikelihood: -1071.936783
[00:00:09] [worker #21] Bootstrap tree #566, logLikelihood: -1088.806127
[00:00:09] [worker #26] Bootstrap tree #571, logLikelihood: -1049.705155
[00:00:09] [worker #8] Bootstrap tree #553, logLikelihood: -1015.486257
[00:00:09] [worker #10] Bootstrap tree #555, logLikelihood: -1054.554963
[00:00:09] [worker #16] Bootstrap tree #561, logLikelihood: -1010.773345
[00:00:09] [worker #18] Bootstrap tree #563, logLikelihood: -1066.379608
[00:00:09] [worker #20] Bootstrap tree #565, logLikelihood: -1015.521928
[00:00:09] [worker #22] Bootstrap tree #567, logLikelihood: -1018.469335
[00:00:09] [worker #31] Bootstrap tree #576, logLikelihood: -997.949033
[00:00:10] [worker #30] Bootstrap tree #575, logLikelihood: -1003.981555
[00:00:10] [worker #28] Bootstrap tree #573, logLikelihood: -1064.980283
[00:00:10] [worker #11] Bootstrap tree #556, logLikelihood: -1014.833904
[00:00:10] [worker #23] Bootstrap tree #568, logLikelihood: -1064.565384
[00:00:10] [worker #5] Bootstrap tree #550, logLikelihood: -1034.305279
[00:00:10] [worker #12] Bootstrap tree #557, logLikelihood: -1058.428938
[00:00:10] [worker #13] Bootstrap tree #558, logLikelihood: -1089.743281
[00:00:10] [worker #3] Bootstrap tree #548, logLikelihood: -1066.239773
[00:00:10] [worker #27] Bootstrap tree #572, logLikelihood: -1002.220038
569, logLikelihood: -1075.537551
[00:00:10] [worker #1] Bootstrap tree #546, logLikelihood: -1014.390870
[00:00:10] [worker #6] Bootstrap tree #551, logLikelihood: -1034.203159
[00:00:10] [worker #2] Bootstrap tree #547, logLikelihood: -1025.740383
[00:00:10] [worker #25] Bootstrap tree #570, logLikelihood: -1031.570371
[00:00:10] [worker #14] Bootstrap tree #559, logLikelihood: -1068.341525
[00:00:10] [worker #29] Bootstrap tree #574, logLikelihood: -1055.818695
[00:00:10] [worker #9] Bootstrap tree #554, logLikelihood: -1056.340596
[00:00:10] [worker #15] Bootstrap tree #560, logLikelihood: -1047.489064
[00:00:10] [worker #7] Bootstrap tree #552, logLikelihood: -1077.335279
[00:00:10] [worker #4] Bootstrap tree #549, logLikelihood: -1040.375069
[00:00:10] [worker #0] Bootstrap tree #545, logLikelihood: -1042.836771
[00:00:11] [worker #1] Bootstrap tree #578, logLikelihood: -1000.936995
[00:00:11] [worker #7] Bootstrap tree #584, logLikelihood: -1083.384085
[00:00:11] [worker #30] Bootstrap tree #607, logLikelihood: -1027.846416
[00:00:11] [worker #22] Bootstrap tree #599, logLikelihood: -1083.550367
[00:00:11] [worker #27] Bootstrap tree #604, logLikelihood: [00:00:11] [worker #10] Bootstrap tree #587, logLikelihood: 
[00:00:11] [worker #27] Bootstrap tree #604, logLikelihood: [00:00:11] [worker #10] Bootstrap tree #587, logLikelihood: 
-1048.478593
[[[00:00:11] [worker #28] Bootstrap tree #605, logLikelihood: 00:00:11] [worker #23] Bootstrap tree #600, logLikelihood: -1033.177412-1006.436423
Bootstrap tree #601[worker #11] , logLikelihood: gLikelihood: 00:00:11] [worker #23] Bootstrap tree #600, logLikelihood: -1033.177412-1006.436423
0[
[Bootstrap tree #588, logLikelihood: -1047.563880
-1032.096823
[worker #18] Bootstrap tree #595, logLikelihood: -1012.349588
[00:00:11] [worker #8] Bootstrap tree #585, logLikelihood: -1053.113417
[00:00:11] [worker #5] Bootstrap tree #582, logLikelihood: -1094.307161
00:00:11] [worker #4] Bootstrap tree #581, logLikelihood: -1017.684356
[00:00:11] [worker #9] Bootstrap tree #586, logLikelihood: -1058.434962
[00:00:11] [worker #15] Bootstrap tree #592, logLikelihood: -1013.269412
[[00:00:11] [worker #12] Bootstrap tree #589, logLikelihood: 00:00:11] [worker #25] Bootstrap tree #-1075.530119602, logLikelihood: 
[[00:00:11] [worker #12] Bootstrap tree #589, logLikelihood: 00:00:11] [worker #25] Bootstrap tree #-1075.530119602, logLikelihood: 
-1035.500494
[00:00:11] [worker #16] Bootstrap tree #593, logLikelihood: -1068.079831
[00:00:11] [worker #13] Bootstrap tree #590, logLikelihood: -1033.392462
[00:00:11] [worker #29] Bootstrap tree #606, logLikelihood: -1006.995365
[00:00:11] [worker #21] Bootstrap tree #598, logLikelihood: -1038.844141
[00:00:11] [worker #19] Bootstrap tree #596, logLikelihood: -1079.479420
[00:00:11] [worker #26] Bootstrap tree #603, logLikelihood: -1079.420744
[00:00:11] [worker #6] Bootstrap tree #583, logLikelihood: -1058.303655
[00:00:11] [worker #31] Bootstrap tree #608, logLikelihood: -1009.241605
[00:00:11] [worker #17] Bootstrap tree #594, logLikelihood: -1056.456187
[00:00:11] [worker #20] Bootstrap tree #597, logLikelihood: -1088.201158
[00:00:11] [worker #14] Bootstrap tree #591, logLikelihood: -977.461251
[00:00:11] [worker #1] Bootstrap tree #610, logLikelihood: -1021.595830
[00:00:11] [worker #2] Bootstrap tree #579, logLikelihood: -1113.512636
[00:00:11] [worker #3] Bootstrap tree #580, logLikelihood: -1035.078862
[00:00:12] [worker #7] Bootstrap tree #616, logLikelihood: -1047.825536
[00:00:12] [worker #10] Bootstrap tree #619, logLikelihood: -1044.270565
[00:00:12] [worker #8] Bootstrap tree #617, logLikelihood: -1055.725641
[00:00:12] [worker #16] Bootstrap tree #625, logLikelihood: -1029.904922
00[00:00:12] [worker #5] Bootstrap tree #614, logLikelihood: -1044.969901
:00:12] [worker #9] Bootstrap tree #618, logLikelihood: -1044.067087
[00:00:12] [worker #4] Bootstrap tree #613, logLikelihood: -1040.355206
00:00:12] [worker #22] Bootstrap tree #631, logLikelihood: -1044.938633
[00:00:12] [worker #24] Bootstrap tree #633, logLikelihood: -1015.591831
[00:00:12] [worker #23] Bootstrap tree #632, logLikelihood: -966.031068
[00:00:12] [worker #25] Bootstrap tree #634, logLikelihood: -1056.785939
[00:00:12] [worker #0] Bootstrap tree #577, logLikelihood: -1078.172314
[00:00:12] [worker #11] Bootstrap tree #620, logLikelihood: -1044.957572
000:00:12] [worker #11] Bootstrap tree #620, logLikelihood: -1044.957572
[00:00:12] [worker #30] Bootstrap tree #639, logLikelihood: -1033.449078
:00:12] [worker #28] Bootstrap tree #637, logLikelihood: -1049.878640
[00:00:12] [worker #27] Bootstrap tree #636, logLikelihood: -1084.620141
[00:00:12] [worker #18] Bootstrap tree #627, logLikelihood: -1021.988506
[00:00:12] [worker #21] Bootstrap tree #630, logLikelihood: -1038.492336
-1054.982042
[00:00:12] [worker #20] Bootstrap tree #629, logLikelihood: -1022.270487
[00:00:12] [worker #15] Bootstrap tree #624, logLikelihood: -1028.123983
[00:00:12] [worker #19] Bootstrap tree #628, logLikelihood: -1036.193935
[00:00:12] [worker #17] Bootstrap tree #626, logLikelihood: -1085.143574
[00:00:12] [worker #12] Bootstrap tree #621, logLikelihood: -1055.409101
[00:00:12] [worker #29] Bootstrap tree #638, logLikelihood: -1063.227986
[00:00:12] [worker #14] Bootstrap tree #623, logLikelihood: -1033.620429
[00:00:12] [worker #26] Bootstrap tree #635, logLikelihood: -1022.737979
[00:00:12] [worker #31] Bootstrap tree #640, logLikelihood: -1124.756638
[00:00:12] [worker #6] Bootstrap tree #615, logLikelihood: -1079.498795
[00:00:12] [worker #2] Bootstrap tree #611, logLikelihood: -1039.467114
[00:00:12] [worker #3] Bootstrap tree #612, logLikelihood: -1037.297974
[00:00:12] [worker #0] Bootstrap tree #609, logLikelihood: -1034.813603
[00:00:13] [worker #4] Bootstrap tree #645, logLikelihood: -1043.773488
[00:00:13] [worker #7] Bootstrap tree #648, logLikelihood: [-1023.9029650

[00:00:13] [worker #13] Bootstrap tree #654, logLikelihood: -1037.665600
[00:00:13] [worker #28] Bootstrap tree #669, logLikelihood: -1060.495910
[00:00:13] [worker #16] Bootstrap tree #657, logLikelihood: -1031.790209
[00:00:13] [worker #5] Bootstrap tree #646, logLikelihood: -999.138638
659, logLikelihood: -1017.352810
[00:00:13] [worker #15] Bootstrap tree #656, logLikelihood: -997.940051
[00:00:13] [worker #19] Bootstrap tree #660, logLikelihood: -1004.230451
[00:00:13] [worker #29] Bootstrap tree #670, logLikelihood: -1000.492873
[00:00:13] [worker #26] Bootstrap tree #667, logLikelihood: -1057.971474
[00:00:13] [worker #20] Bootstrap tree #661, logLikelihood: -1016.298680
[00:00:13] [worker #2] Bootstrap tree #643, logLikelihood: -1031.695351
[00:00:13] [worker #31] Bootstrap tree #672, logLikelihood: -1018.416557
[00:00:13] [worker #17] Bootstrap tree #658, logLikelihood: -1021.206798
[00:00:13] [worker #23] Bootstrap tree #664, logLikelihood: -1061.566699
[00:00:13] [worker #11] Bootstrap tree #652, logLikelihood: -1036.350107
[00:00:13] [worker #27] Bootstrap tree #668, logLikelihood: -1016.067173
-1022.837519
[00:00:13] [worker #21] Bootstrap tree #662, logLikelihood: -1029.158941
[00:00:13] [worker #3] Bootstrap tree #644, logLikelihood: -1066.485749
00:00:13] [worker #9] Bootstrap tree #650, logLikelihood: -1077.068231
[00:00:13] [worker #10] Bootstrap tree #651, logLikelihood: -1052.688098
[00:00:13] [worker #8] Bootstrap tree #649, logLikelihood: -1111.803609
[00:00:13] [worker #25] Bootstrap tree #666, logLikelihood: -1036.996166
[00:00:13] [worker #12] Bootstrap tree #653, logLikelihood: -1069.542879
[00:00:13] [worker #24] Bootstrap tree #665, logLikelihood: -1014.998374
[00:00:13] [worker #1] Bootstrap tree #642, logLikelihood: -1050.865729
[00:00:13] [worker #22] Bootstrap tree #663, logLikelihood: -1063.099322
[00:00:14] [worker #0] Bootstrap tree #641, logLikelihood: -1047.652417
[00:00:14] [worker #16] Bootstrap tree #689, logLikelihood: -1067.156388
[00:00:14] [worker #15] Bootstrap tree #688, logLikelihood: -1044.765335
[00:00:14] [worker #6] Bootstrap tree #647, logLikelihood: -1070.820226
[00:00:14] [worker #28] Bootstrap tree #701, logLikelihood: -1043.520453
[00:00:14] [worker #19] Bootstrap tree #692, logLikelihood: -1085.723787
[00:00:14] [worker #5] Bootstrap tree #678, logLikelihood: [00:00:14-1[worker #7] Bootstrap tree #680, logLikelihood: 
[00:00:14] [worker #5] Bootstrap tree #678, logLikelihood: [00:00:14-1[worker #7] Bootstrap tree #680, logLikelihood: 
-1031.911394
00:00:14] [worker #18] Bootstrap tree #691, logLikelihood: -1038.184475
[00:00:14] [worker #26] Bootstrap tree #699, logLikelihood: -1081.380503
[00:00:14] [worker #13] Bootstrap tree #686, logLikelihood: -1006.655967
[00:00:14] [worker #23] Bootstrap tree #696, logLikelihood: -1022.577743
[00:00:14] [worker #31] Bootstrap tree #704, logLikelihood: -1087.552083
[00:00:14] [worker #29] Bootstrap tree #702, logLikelihood: -1056.717095
[00:00:14] [worker #14] Bootstrap tree #687, logLikelihood: -1027.177451
[00:00:14] [worker #17] Bootstrap tree #690, logLikelihood: -1049.612422
[00:00:14] [worker #22] Bootstrap tree #695, logLikelihood: -1061.451986
[00:00:14] [worker #30] Bootstrap tree #703, logLikelihood: -1084.953809
[00:00:14] [worker #21] Bootstrap tree #694, logLikelihood: -1040.579912
[00:00:14] [worker #4] Bootstrap tree #677, logLikelihood: -1038.920806
[00:00:14] [worker #12] Bootstrap tree #685, logLikelihood: -1084.076440
[00:00:14] [worker #27] Bootstrap tree #700, logLikelihood: -1033.406766
[00:00:14] [worker #11] Bootstrap tree #684, logLikelihood: -1109.440350
[00:00:14] [worker #20] Bootstrap tree #693, logLikelihood: -1087.051304
[00:00:14] [worker #2] Bootstrap tree #675, logLikelihood: -1071.805017
[00:00:14] [worker #8] Bootstrap tree #681, logLikelihood: -1060.137641
[00:00:14] [worker #10] Bootstrap tree #683, logLikelihood: -1023.612000
[00:00:14] [worker #1] Bootstrap tree #674, logLikelihood: -1028.020898
[00:00:14] [worker #3] Bootstrap tree #676, logLikelihood: -1059.712913
[00:00:14] [worker #9] Bootstrap tree #682, logLikelihood: -1055.480576
[00:00:14] [worker #24] Bootstrap tree #697, logLikelihood: -1013.702383
[00:00:14] [worker #25] Bootstrap tree #698, logLikelihood: -1060.365242
[00:00:14] [worker #6] Bootstrap tree #679, logLikelihood: -998.494969
[00:00:14] [worker #0] Bootstrap tree #673, logLikelihood: -1056.401109
[00:00:16] [worker #30] Bootstrap tree #735, logLikelihood: -1031.662492
[00:00:16] [worker #14] Bootstrap tree #719, logLikelihood: -1055.980826
[00:00:16] [worker #21] Bootstrap tree #726, logLikelihood: [00:00:16] [[00:00:16] [worker #21] Bootstrap tree #726, logLikelihood: [00:00:16] [worker #23] Bootstrap tree #728, logLikelihood: -1014.210884
[[00:00:16] [worker #15] Bootstrap tree #720, logLikelihood: 00:00:16] -986.768995[worker #12] Bootstrap tree #717,[[00:00:16] [worker #15] Bootstrap tree #720, logLikelihood: 00:00:16] -986.768995[worker #12] Bootstrap tree #717, logLikelihood: -1013.808225
[00:00:16] [worker #7] Bootstrap tree #712, logLikelihood: -989.523136
[00:00:16] [worker #26] Bootstrap tree #731, logLikelihood: -1033.043353
[00:00:16] [worker #27] Bootstrap tree #732, logLikelihood: -1048.525512
[00:00:16] [worker #31] Bootstrap tree #736, logLikelihood: -1070.610928
[00:00:16] [worker #10] Bootstrap tree #715, logLikelihood: -1068.192310
[00:00:16] [worker #5] Bootstrap tree #710, logLikelihood: -1038.227960
[00:00:16] [worker #18] Bootstrap tree #723, logLikelihood: -1019.813609
[00:00:16] [worker #2] Bootstrap tree #707, logLikelihood: -1071.168115
[00:00:16] [worker #13] Bootstrap tree #718, logLikelihood: -1074.477971
[00:00:16] [worker #3] Bootstrap tree #708, logLikelihood: -1061.624071
[00:00:16] [worker #29] Bootstrap tree #734, logLikelihood: -1023.119555
[00:00:16] [worker #22] Bootstrap tree #727, logLikelihood: -1057.470090
[00:00:16] [worker #6] Bootstrap tree #711, logLikelihood: -998.213981
[00:00:16] [worker #28] Bootstrap tree #733, logLikelihood: -1058.803218
[00:00:16] [worker #17] Bootstrap tree #722, logLikelihood: -1034.621147
[00:00:16] [worker #24] Bootstrap tree #729, logLikelihood: -1016.304940
[00:00:16] [worker #24] Bootstrap tree #729, logLikelihood: -1016.304940
[00:00:16] [worker #19] Bootstrap tree #724, logLikelihood: -1020.664568
[00:00:16] [worker #4] Bootstrap tree #709, logLikelihood: -1044.466075
[00:00:16] [worker #1] Bootstrap tree #706, logLikelihood: -1084.615102
[00:00:16] [worker #0] Bootstrap tree #705, logLikelihood: -1074.862735
[00:00:16] [worker #11] Bootstrap tree #716, logLikelihood: -1034.530609
[00:00:16] [worker #9] Bootstrap tree #714, logLikelihood: -1020.958128
[00:00:16] [worker #25] Bootstrap tree #730, logLikelihood: -1035.600287
[00:00:16] [worker #20] Bootstrap tree #725, logLikelihood: -1091.374561
[00:00:16] [worker #8] Bootstrap tree #713, logLikelihood: -1076.716749
[00:00:16] [worker #16] Bootstrap tree #721, logLikelihood: -1010.710109
[00:00:16] [worker #23] Bootstrap tree #760, logLikelihood: -1017.285026
[00:00:16] [worker #26] Bootstrap tree #763, logLikelihood: -1045.623231
[00:00:16] [worker #30] Bootstrap tree #767, logLikelihood: -1092.889988
[00:00:16] [worker #27] Bootstrap tree #764, logLikelihood: -1037.011740
[00:00:16] [worker #10] Bootstrap tree #747, logLikelihood: -1007.663774
[00:00:16] [worker #7] Bootstrap tree #744, logLikelihood: -1027.290700
[00:00:16] [worker #12] Bootstrap tree #749, logLikelihood: -1012.802868
[00:00:16] [worker #14] Bootstrap tree #751, logLikelihood: -1008.975610
[00:00:16] [worker #15] Bootstrap tree #752, logLikelihood: -1006.211601
[00:00:16] [worker #13] Bootstrap tree #750, logLikelihood: -1079.536993
[00:00:16] [worker #29] Bootstrap tree #766, logLikelihood: -1036.788948
[00:00:16] [worker #2] Bootstrap tree #739, logLikelihood: -1088.581141
[00:00:16] [worker #5] Bootstrap tree #742, logLikelihood: -1011.557620
[worker #6] [Bootstrap tree #743, logLikelihood: 00014.29393601:00:16] 
[worker #6] [Bootstrap tree #743, logLikelihood: 00014.29393601:00:16] 
[worker #28] Bootstrap tree #765, logLikelihood: -1087.369219
[00:00:16] [worker #21] Bootstrap tree #758, logLikelihood: -1020.052477
[00:00:16] [worker #18] Bootstrap tree #755, logLikelihood: -977.605245
[00:00:16] [worker #31] Bootstrap tree #768, logLikelihood: -991.692638
[00:00:16] [worker #17] Bootstrap tree #754, logLikelihood: -1047.688121
[00:00:16] [worker #22] Bootstrap tree #759, logLikelihood: -1017.347359
[00:00:16] [worker #11] Bootstrap tree #748, logLikelihood: -948.760059
[00:00:16] [worker #1] Bootstrap tree #738, logLikelihood: -1014.051154
[00:00:16] [worker #4] Bootstrap tree #741, logLikelihood: -1035.741527
[[00:00:16] [worker #9] Bootstrap tree #746, logLikelihood: -1019.101161
[[00:00:16] [worker #9] Bootstrap tree #746, logLikelihood: -1019.101161
00:00:16] [worker #19] Bootstrap tree #756, logLikelihood: -1068.447657
[00:00:16] [worker #3] Bootstrap tree #740, logLikelihood: -1039.321399
[00:00:16] [worker #8] Bootstrap tree #745, logLikelihood: -1102.882667
[[00:00:16] [worker #24] Bootstrap tree #761, logLikelihood: -1120.971916
00:00:16] [worker #25] Bootstrap tree #762, logLikelihood: -1050.343316
[00:00:16] [worker #20] Bootstrap tree #757, logLikelihood: -1074.671988
[00:00:16] [worker #16] Bootstrap tree #753, logLikelihood: -1013.762420
[00:00:16] [worker #0] Bootstrap tree #737, logLikelihood: -1082.083079
[00:00:18] [worker #31] Bootstrap tree #800, logLikelihood: -1008.120347
[00:00:18] [worker #25] Bootstrap tree #794, logLikelihood: -1075.558101
[00:00:18] [worker #15] Bootstrap tree #784, logLikelihood: -1048.058971
[00:00:18] [worker #3] Bootstrap tree #772, logLikelihood: [

[00:00:18] [worker #7] Bootstrap tree #776, logLikelihood: -974.235292
[00:00:18] [worker #19] Bootstrap tree #788, logLikelihood: -1029.715656
[00:00:18] [worker #27] Bootstrap tree #796, logLikelihood: -1052.331398
[00:00:18] [worker #13] Bootstrap tree #782, logLikelihood: -1095.168357
[00:00:18] [worker #22] Bootstrap tree #791, logLikelihood: -1063.545725
[00:00:18] [worker #26] Bootstrap tree #795, logLikelihood: -1036.251319
[00:00:18] [worker #20] Bootstrap tree #789, logLikelihood: -1097.892123
[00:00:18] [worker #28] Bootstrap tree #797, logLikelihood: -998.414621
[00:00:18] [worker #4] Bootstrap tree #773, logLikelihood: -1079.094169
[00:00:18] [worker #4] Bootstrap tree #773, logLikelihood: -1079.094169
[00:00:18] [worker #30] Bootstrap tree #799, logLikelihood: -1009.864715
[00:00:18] [worker #8] Bootstrap tree #777, logLikelihood: -1098.264852
[00:00:18] [worker #12] Bootstrap tree #781, logLikelihood: -1069.782128
[00:00:18] [worker #21] Bootstrap tree #790, logLikelihood: -970.333312
[00:00:18] [worker #1] Bootstrap tree #770, logLikelihood: -1040.690596
[00:00:18] [worker #10] Bootstrap tree #779, logLikelihood: -1056.156326
[00:00:18] [worker #6] Bootstrap tree #775, logLikelihood: -1062.184777
[00:00:18] [worker #17] Bootstrap tree #786, logLikelihood: -1099.147431
[00:00:18] [worker #2] Bootstrap tree #771, logLikelihood: -1019.458590
[00:00:18] [worker #5] Bootstrap tree #774, logLikelihood: -1029.643496
[00:00:18] [worker #16] Bootstrap tree #785, logLikelihood: -1091.913108
[00:00:18] [worker #14] Bootstrap tree #783, logLikelihood: -1083.921951
[00:00:18] [worker #9] Bootstrap tree #778, logLikelihood: -1018.112735
[00:00:18] [worker #3] Bootstrap tree #804, logLikelihood: -1022.519870
[00:00:18] [worker #19] Bootstrap tree #820, logLikelihood: -1021.762148
[00:00:18] [worker #11] Bootstrap tree #780, logLikelihood: -1031.430468
[00:00:18] [worker #23] Bootstrap tree #792, logLikelihood: -1049.631396
[00:00:18] [worker #18] Bootstrap tree #787, logLikelihood: -1014.600101
[00:00:18] [worker #31] Bootstrap tree #832, logLikelihood: -1029.801096
[00:00:18] [worker #27] Bootstrap tree #828, logLikelihood: -1078.985242
[00:00:18] [worker #24] Bootstrap tree #825, logLikelihood: -1046.871392
[00:00:18] [worker #29] Bootstrap tree #798, logLikelihood: -1067.396292
[00:00:18] [worker #22] Bootstrap tree #823, logLikelihood: [
-1027.176563
[00:00:18] [worker #25] Bootstrap tree #826, logLikelihood: -1031.200235
[00:00:18] [worker #0] Bootstrap tree #769, logLikelihood: -1077.842797
[00:00:18] [worker #15] Bootstrap tree #816, logLikelihood: -1070.706994
[00:00:18] [worker #13] Bootstrap tree #814, logLikelihood: -1043.675978
[00:00:18] [worker #4] Bootstrap tree #805, logLikelihood: -974.334015
[00:00:18] [worker #1] Bootstrap tree #802, logLikelihood: -1016.746919
[00:00:18] [worker #12] Bootstrap tree #813, logLikelihood: -1042.241590
[00:00:18] [worker #26] Bootstrap tree #827, logLikelihood: -1026.842301
[00:00:18] [worker #30] Bootstrap tree #831, logLikelihood: -1009.010983
[00:00:18] [worker #28] Bootstrap tree #829, logLikelihood: -1034.230134
[00:00:18] [worker #11] Bootstrap tree #812, logLikelihood: -995.547622
[00:00:18] [worker #20] Bootstrap tree #821, logLikelihood: -1053.741142
[00:00:18] [worker #18] Bootstrap tree #819, logLikelihood: -1053.560456
[00:00:18] [worker #16] Bootstrap tree #817, logLikelihood: -976.163293
[00:00:18] [worker #8] Bootstrap tree #809, logLikelihood: -1059.804264
[00:00:18] [worker #5] Bootstrap tree #806, logLikelihood: -1022.726980
[00:00:18] [worker #10] Bootstrap tree #811, logLikelihood: -1031.760129
[00:00:18] [worker #6] Bootstrap tree #807, logLikelihood: -1031.982595
[00:00:18] [worker #2] Bootstrap tree #803, logLikelihood: -1059.192411
[00:00:18] [worker #21] Bootstrap tree #822, logLikelihood: -1046.844279
[00:00:18] [worker #23] Bootstrap tree #824, logLikelihood: -1054.223250
[00:00:18] [worker #17] Bootstrap tree #818, logLikelihood: -1054.018235
[00:00:18] [worker #29] Bootstrap tree #830, logLikelihood: -1072.393298
[00:00:18] [worker #14] Bootstrap tree #815, logLikelihood: -1051.198651
[00:00:18] [worker #9] Bootstrap tree #810, logLikelihood: -1119.668808
[00:00:19] [worker #0] Bootstrap tree #801, logLikelihood: -1036.557994
[00:00:20] [worker #22] Bootstrap tree #855, logLikelihood: -1074.114485
[00:00:20] [worker #26] Bootstrap tree #859, logLikelihood: -1096.974412
[00:00:20] [worker #7] Bootstrap tree #840, logLikelihood: -1066.935834
[00:00:20] [worker #21] Bootstrap tree #854, logLikelihood: -1058.511823
[00:00:20] [worker #13] Bootstrap tree #846, logLikelihood: -1023.260108
[00:00:20] [worker #11] Bootstrap tree #844, logLikelihood: -1047.447614
[00:00:20] [worker #28] Bootstrap tree #861, logLikelihood: -1022.710495
[00:00:20] [worker #25] Bootstrap tree #858, logLikelihood: -1104.141044
[00:00:20] [worker #31] Bootstrap tree #864, logLikelihood: -1060.794975
[00:00:20] [worker #18] Bootstrap tree #851, logLikelihood: -997.944870
[00:00:20] [worker #5] Bootstrap tree #838, logLikelihood: -1096.407974
[00:00:20] [worker #9] Bootstrap tree #842, logLikelihood: -1003.610704
[00:00:20] [worker #17] Bootstrap tree #850, logLikelihood: -1019.766715
[00:00:20] [worker #12] Bootstrap tree #845, logLikelihood: -1010.127250
[00:00:20] [worker #24] Bootstrap tree #857, logLikelihood: -1036.772988
[00:00:20] [worker #14] Bootstrap tree #847, logLikelihood: 00:00:20] 
-1017.942689
[00:00:20] [worker #23] Bootstrap tree #856, logLikelihood: -1035.929802
[00:00:20] [worker #16] Bootstrap tree #849, logLikelihood: -1072.674177
[00:00:20] [worker #6] Bootstrap tree #839, logLikelihood: -1043.898018
[00:00:20] [worker #0] Bootstrap tree #833, logLikelihood: -1005.380390
[00:00:20] [worker #29] Bootstrap tree #862, logLikelihood: -1076.185843
[00:00:20] [worker #8] Bootstrap tree #841, logLikelihood: -1076.653637
[00:00:20] [worker #4] Bootstrap tree #837, logLikelihood: -1057.805470
[00:00:20] [worker #3] Bootstrap tree #836, logLikelihood: -1025.801164
[00:00:20] [worker #30] Bootstrap tree #863, logLikelihood: -1031.083784
[00:00:20] [worker #15] Bootstrap tree #848, logLikelihood: -1046.646167
[00:00:20] [worker #20] Bootstrap tree #853, logLikelihood: -1049.114985
00:00:20] [worker #1] Bootstrap tree #834, logLikelihood: -1043.326534
[00:00:20] [worker #2] Bootstrap tree #835, logLikelihood: -1063.657910
[00:00:20] [worker #27] Bootstrap tree #860, logLikelihood: -1067.827612
[00:00:20] [worker #10] Bootstrap tree #843, logLikelihood: -1047.255381
[00:00:20] [worker #21] Bootstrap tree #886, logLikelihood: -1071.240784
[00:00:20] [worker #25] Bootstrap tree #890, logLikelihood: -1010.539599
[00:00:20] [worker #13] Bootstrap tree #878, logLikelihood: -1012.215787
[00:00:20] [worker #5] Bootstrap tree #870, logLikelihood: -1034.530012
-1023.303592
[00:00:20] [worker #22] Bootstrap tree #887, logLikelihood: -1037.313749
[00:00:20] [worker #26] Bootstrap tree #891, logLikelihood: -1033.332983
[00:00:20] [worker #7] Bootstrap tree #872, logLikelihood: -1052.101468
[00:00:20] [worker #8] Bootstrap tree #873, logLikelihood: -1059.806461
[00:00:20] [worker #17] Bootstrap tree #882, logLikelihood: -997.311719
[00:00:20] [worker #31] Bootstrap tree #896, logLikelihood: -1051.993174
[00:00:20] [worker #23] Bootstrap tree #888, logLikelihood: -1008.904358
[00:00:20] [worker #18] Bootstrap tree #883, logLikelihood: -1022.224748
[00:00:20] [worker #6] Bootstrap tree #871, logLikelihood: -1018.118370
[00:00:20] [worker #24] Bootstrap tree #889, logLikelihood: -1040.705439
[00:00:20] [worker #9] Bootstrap tree #874, logLikelihood: -1024.707510
[00:00:20] [worker #19] Bootstrap tree #884, logLikelihood: -1101.080589
[00:00:20] [worker #28] Bootstrap tree #893, logLikelihood: -1019.013502
[00:00:20] [worker #15] Bootstrap tree #880, logLikelihood: -1065.850135
[00:00:20] [worker #12] Bootstrap tree #877, logLikelihood: -1024.198146
[00:00:20] [worker #3] Bootstrap tree #868, logLikelihood: -1036.357508
[00:00:20] [worker #29] Bootstrap tree #894, logLikelihood: -1049.387708
[00:00:20] [worker #16] Bootstrap tree #881, logLikelihood: -1017.342595
[00:00:20] [worker #1] Bootstrap tree #866, logLikelihood: -958.187642
[00:00:20] [worker #2] Bootstrap tree #867, logLikelihood: -1045.646425
[00:00:20] [worker #27] Bootstrap tree #892, logLikelihood: -1045.799698
[00:00:20] [worker #4] Bootstrap tree #869, logLikelihood: -974.794714
[00:00:20] [worker #14] Bootstrap tree #879, logLikelihood: -1039.038388
[00:00:20] [worker #11] Bootstrap tree #876, logLikelihood: -1061.773204
[00:00:20] [worker #10] Bootstrap tree #875, logLikelihood: -971.510664
[00:00:20] [worker #30] Bootstrap tree #895, logLikelihood: -1049.847750
[00:00:20] [worker #0] Bootstrap tree #865, logLikelihood: -1025.851155
[00:00:22] [worker #23] Bootstrap tree #920, logLikelihood: -1034.109438
[00:00:22] [worker #26] Bootstrap tree #923, logLikelihood: -1016.692296
[00:00:22] [worker #29] Bootstrap tree #926, logLikelihood: -1032.698851
[00:00:22] [worker #21] Bootstrap tree #918, logLikelihood: -1040.236842
[00:00:22] [worker #9] Bootstrap tree #906, logLikelihood: -1000.855348
-1042.754570worker #9] Bootstrap tree #906, logLikelihood: -1000.855348
[00:00:22] [worker #17] Bootstrap tree #914, logLikelihood: -1013.235122

[00:00:22] [worker #31] Bootstrap tree #928, logLikelihood: -1029.158252
[00:00:22] [worker #28] Bootstrap tree #925, logLikelihood: -1041.286616
[00:00:22] [worker #25] Bootstrap tree #922, logLikelihood: -1012.857970
[00:00:22] [worker #30] Bootstrap tree #927, logLikelihood: -1026.777948
[00:00:22] [worker #24] Bootstrap tree #921, logLikelihood: -1080.939149
[00:00:22] [worker #24] Bootstrap tree #921, logLikelihood: -1080.939149
[00:00:22] [worker #4] Bootstrap tree #901, logLikelihood: [[[00:00:22] [worker #7] Bootstrap tree #904, logLikelihood: -1026.20360100

] [worker #12] Bootstrap tree #909, logLikelihood: -1033.525886


[00:00:22] [worker #2] Bootstrap tree #899, logLikelihood: -1023.352266
[00:00:22] [worker #27] Bootstrap tree #924, logLikelihood: -1092.279863
[00:00:22] [worker #20] Bootstrap tree #917, logLikelihood: -980.605178
[00:00:22] [worker #22] Bootstrap tree #919, logLikelihood: -1016.677864
[00:00:22] [worker #18] Bootstrap tree #915, logLikelihood: -1070.938201
[00:00:22] [worker #11] Bootstrap tree #908, logLikelihood: -1053.779094
[00:00:22] [worker #1] Bootstrap tree #898, logLikelihood: -1045.681397
[00:00:22] [worker #15] Bootstrap tree #912, logLikelihood: -1035.422076
[00:00:22] [worker #16] Bootstrap tree #913, logLikelihood: -1040.343267
[00:00:22] [worker #8] Bootstrap tree #905, logLikelihood: -1051.807790
[00:00:22] [worker #3] Bootstrap tree #900, logLikelihood: -1057.597748
[00:00:22] [worker #23] Bootstrap tree #952, logLikelihood: -1067.101291
[00:00:22] [worker #13] Bootstrap tree #910, logLikelihood: -1057.687995
[00:00:22] [worker #29] Bootstrap tree #958, logLikelihood: -1095.709597
[00:00:22] [worker #31] Bootstrap tree #960, logLikelihood: -1069.292661
[00:00:22] [worker #5] Bootstrap tree #902, logLikelihood: -1023.749176
[00:00:22] [worker #6] Bootstrap tree #903, logLikelihood: -1074.819107
[00:00:22] [worker #21] Bootstrap tree #950, logLikelihood: -1049.563770
[00:00:22] [worker #9] Bootstrap tree #938, logLikelihood: -1013.157187
[00:00:22] [worker #0] Bootstrap tree #897, logLikelihood: -1077.174155
[00:00:22] [worker #26] Bootstrap tree #955, logLikelihood: -1045.997212
[00:00:22] [worker #7] Bootstrap tree #936, logLikelihood: -1006.289117
[00:00:22] [worker #22] Bootstrap tree #951, logLikelihood: -1025.224900
[00:00:22] [worker #17] Bootstrap tree #946, logLikelihood: -987.643676
[00:00:22] [worker #19] Bootstrap tree #948, logLikelihood: -1049.004723
[00:00:22] [worker #28] Bootstrap tree #957, logLikelihood: -1024.518247
[00:00:22] [worker #20] Bootstrap tree #949, logLikelihood: -1034.078733
[00:00:22] [worker #30] Bootstrap tree #959, logLikelihood: -999.097384
[00:00:22] [worker #11] Bootstrap tree #940, logLikelihood: -1048.483506
[00:00:22] [worker #10] Bootstrap tree #939, logLikelihood: -1060.407438
[00:00:22] [worker #10] Bootstrap tree #939, logLikelihood: -1060.407438
[00:00:22] [worker #14] Bootstrap tree #943, logLikelihood: -1027.883238
[00:00:22] [worker #25] Bootstrap tree #954, logLikelihood: -1019.008078
[00:00:22] [worker #12] Bootstrap tree #941, logLikelihood: -1067.709806
[00:00:22] [worker #4] Bootstrap tree #933, logLikelihood: -1089.551333
[00:00:22] [worker #13] Bootstrap tree #942, logLikelihood: -979.083565
[00:00:22] [worker #3] Bootstrap tree #932, logLikelihood: -1071.040564
[00:00:22] [worker #1] Bootstrap tree #930, logLikelihood: -1043.980042
[00:00:22] [worker #15] Bootstrap tree #944, logLikelihood: -1070.719104
[00:00:22] [worker #24] Bootstrap tree #953, logLikelihood: -1132.858382
[00:00:22] [worker #18] Bootstrap tree #947, logLikelihood: -1036.386706
[00:00:22] [worker #2] Bootstrap tree #931, logLikelihood: -1095.137170
[00:00:22] [worker #27] Bootstrap tree #956, logLikelihood: -1051.998788
[00:00:22] [worker #5] Bootstrap tree #934, logLikelihood: -1026.722942
[00:00:22] [worker #6] Bootstrap tree #935, logLikelihood: -1036.847530
[00:00:22] [worker #0] Bootstrap tree #929, logLikelihood: -1005.443735
[00:00:22] [worker #16] Bootstrap tree #945, logLikelihood: -1059.647470
[00:00:22] [worker #8] Bootstrap tree #937, logLikelihood: -1033.573833
[00:00:24] [worker #5] Bootstrap tree #966, logLikelihood: -972.682824
[00:00:24] [worker #15] Bootstrap tree #976, logLikelihood: -1022.785029
[00:00:24] [worker #11] Bootstrap tree #972, logLikelihood: -1018.666049
00:00:24] [worker #1] Bootstrap tree #962, logLikelihood: -1053.971342
[00:00:24] [worker #8] Bootstrap tree #969, logLikelihood: -1061.835423
[00:00:24] [worker #28] Bootstrap tree #989, logLikelihood: -1041.059256
[00:00:24] [worker #23] Bootstrap tree #984, logLikelihood: -1070.637357
[00:00:24] [worker #12] Bootstrap tree #973, logLikelihood: -1043.943917
[00:00:24] [worker #20] Bootstrap tree #981, logLikelihood: -976.561540
[00:00:24] [worker #17] Bootstrap tree #978, logLikelihood: -977.684484
[00:00:24] [worker #16] Bootstrap tree #977, logLikelihood: -1029.526862
[00:00:24] [worker #25] Bootstrap tree #986, logLikelihood: -1053.100237
[00:00:24] [worker #10] Bootstrap tree #971, logLikelihood: -1038.990318
[00:00:24] [worker #31] Bootstrap tree #992, logLikelihood: -1062.952872
[00:00:24] [worker #4] Bootstrap tree #965, logLikelihood: -1017.999604
[00:00:24] [worker #3] Bootstrap tree #964, logLikelihood: -1013.075814
[00:00:24] [worker #29] Bootstrap tree #990, logLikelihood: -1014.610227
[00:00:24] [worker #6] Bootstrap tree #967, logLikelihood: -1048.079629
[00:00:24] [worker #0] Bootstrap tree #961, logLikelihood: -1017.447356
[00:00:24] [worker #30] Bootstrap tree #991, logLikelihood: -1020.284863
[00:00:24] [worker #14] Bootstrap tree #975, logLikelihood: -1019.524829
[00:00:24] [worker #24] Bootstrap tree #985, logLikelihood: -1025.547472
[00:00:24] [worker #26] Bootstrap tree #987, logLikelihood: -1078.023486
[00:00:24] [worker #19] Bootstrap tree #980, logLikelihood: -1055.726496
[00:00:24] [worker #7] Bootstrap tree #968, logLikelihood: -1006.432536
[00:00:24] [worker #21] Bootstrap tree #982, logLikelihood: -1085.085374
[00:00:24] [worker #9] Bootstrap tree #970, logLikelihood: -1036.243863
[00:00:24] [worker #27] Bootstrap tree #988, logLikelihood: -1041.906421
[00:00:24] [worker #2] Bootstrap tree #963, logLikelihood: -1045.714730
[00:00:24] [worker #22] Bootstrap tree #983, logLikelihood: -1057.071627
[00:00:24] [worker #13] Bootstrap tree #974, logLikelihood: -1096.071047
[00:00:24] [worker #18] Bootstrap tree #979, logLikelihood: -1033.689427
[00:00:24] [worker #5] Bootstrap tree #998, logLikelihood: -1046.498054
[00:00:24] [worker #1] Bootstrap tree #994, logLikelihood: -1026.170906
[00:00:24] [worker #4] Bootstrap tree #997, logLikelihood: -1019.791106
[00:00:24] [worker #3] Bootstrap tree #996, logLikelihood: [-1040.9773280:00:
[00:00:25] [worker #6] Bootstrap tree #999, logLikelihood: -1003.524288
[00:00:25] [worker #7] Bootstrap tree #1000, logLikelihood: -1023.145952
[00:00:25] [worker #0] Bootstrap tree #993, logLikelihood: -1082.748997

Optimized model parameters:

   Partition 0: noname
   Rate heterogeneity: GAMMA (4 cats, mean),  alpha: 0.020122 (ML),  weights&rates: (0.250000,0.000000) (0.250000,0.000000) (0.250000,0.000001) (0.250000,3.999999) 
   Base frequencies (ML): 0.391605 0.129070 0.121315 0.358010 
   Substitution rates (ML): 0.665726 4.818559 0.432449 3.018934 9.676297 1.000000 


Final LogLikelihood: -1049.461320

AIC score: 2166.922640 / AICc score: 2170.303322 / BIC score: 2323.502770
Free parameters (model + branch lengths): 34

WARNING: Best ML tree contains 6 near-zero branches!

Best ML tree with collapsed near-zero branches saved to: /mnt/lustre/RDS-live/downing/LSDV/GTPV_SPPV/results_GTPV/LSDV060.raxml.bestTreeCollapsed
Best ML tree saved to: /mnt/lustre/RDS-live/downing/LSDV/GTPV_SPPV/results_GTPV/LSDV060.raxml.bestTree
All ML trees saved to: /mnt/lustre/RDS-live/downing/LSDV/GTPV_SPPV/results_GTPV/LSDV060.raxml.mlTrees
Best ML tree with Felsenstein bootstrap (FBP) support values saved to: /mnt/lustre/RDS-live/downing/LSDV/GTPV_SPPV/results_GTPV/LSDV060.raxml.supportFBP
Best ML tree with Transfer bootstrap (TBE) support values saved to: /mnt/lustre/RDS-live/downing/LSDV/GTPV_SPPV/results_GTPV/LSDV060.raxml.supportTBE
Optimized model saved to: /mnt/lustre/RDS-live/downing/LSDV/GTPV_SPPV/results_GTPV/LSDV060.raxml.bestModel
Bootstrap trees saved to: /mnt/lustre/RDS-live/downing/LSDV/GTPV_SPPV/results_GTPV/LSDV060.raxml.bootstraps

Execution log saved to: /mnt/lustre/RDS-live/downing/LSDV/GTPV_SPPV/results_GTPV/LSDV060.raxml.log

Analysis started: 24-Nov-2025 14:30:46 / finished: 24-Nov-2025 14:31:12

Elapsed time: 26.522 seconds

