
RAxML-NG v. 1.2.2 released on 11.04.2024 by The Exelixis Lab.
Developed by: Alexey M. Kozlov and Alexandros Stamatakis.
Contributors: Diego Darriba, Tomas Flouri, Benoit Morel, Sarah Lutteropp, Ben Bettisworth, Julia Haag, Anastasis Togkousidis.
Latest version: https://github.com/amkozlov/raxml-ng
Questions/problems/suggestions? Please visit: https://groups.google.com/forum/#!forum/raxml

System: AMD EPYC 7543P 32-Core Processor, 32 cores, 995 GB RAM

RAxML-NG was called at 24-Nov-2025 14:00:54 as follows:

raxml-ng --all --msa region_LSDV015.aln --model GTR+G --prefix LSDV015 --seed 123 --bs-metric fbp,tbe --redo

Analysis options:
  run mode: ML tree search + bootstrapping (Felsenstein Bootstrap + Transfer Bootstrap)
  start tree(s): random (10) + parsimony (10)
  bootstrap replicates: parsimony (max: 1000) + bootstopping (autoMRE, cutoff: 0.030000)
  random seed: 123
  tip-inner: OFF
  pattern compression: ON
  per-rate scalers: OFF
  site repeats: ON
  logLH epsilon: general: 10.000000, brlen-triplet: 1000.000000
  fast spr radius: AUTO
  spr subtree cutoff: 1.000000
  fast CLV updates: ON
  branch lengths: proportional (ML estimate, algorithm: NR-FAST)
  SIMD kernels: AVX2
  parallelization: coarse-grained (auto), PTHREADS (auto)

WARNING: Running in REDO mode: existing checkpoints are ignored, and all result files will be overwritten!

[00:00:00] Reading alignment from file: region_LSDV015.aln
[00:00:00] Loaded alignment with 14 taxa and 510 sites

WARNING: Sequences PV167794.1 and MW020570.1 are exactly identical!
WARNING: Sequences PV167794.1 and MN072621.1 are exactly identical!
WARNING: Sequences PV167794.1 and MN072620.1 are exactly identical!
WARNING: Sequences PV167794.1 and MH381810.1 are exactly identical!
WARNING: Sequences PV167794.1 and KC951854.1 are exactly identical!
WARNING: Sequences NC_004003.1 and MN072622.1 are exactly identical!
WARNING: Sequences NC_004003.1 and KX576657.1 are exactly identical!
WARNING: Sequences NC_004003.1 and AY077836.1 are exactly identical!
WARNING: Sequences NC_004003.1 and AY077835.1 are exactly identical!
WARNING: Duplicate sequences found: 9

NOTE: Reduced alignment (with duplicates and gap-only sites/taxa removed) 
NOTE: was saved to: /mnt/lustre/RDS-live/downing/LSDV/GTPV_SPPV/results_GTPV/LSDV015.raxml.reduced.phy

Alignment comprises 1 partitions and 10 patterns

Partition 0: noname
Model: GTR+FO+G4m
Alignment sites / patterns: 510 / 10
Gaps: 0.00 %
Invariant sites: 98.82 %


NOTE: Binary MSA file created: LSDV015.raxml.rba

Parallelization scheme autoconfig: 32 worker(s) x 1 thread(s)

[00:00:00] Generating 10 random starting tree(s) with 14 taxa
[00:00:00] Generating 10 parsimony starting tree(s) with 14 taxa
Parallel parsimony with 32 threads
Parallel reduction/worker buffer size: 1 KB  / 0 KB

[00:00:00] Data distribution: max. partitions/sites/weight per thread: 1 / 10 / 160
[00:00:00] Data distribution: max. searches per worker: 33

Starting ML tree search with 20 distinct starting trees

[00:00:00] [worker #18] ML tree search #19, logLikelihood: -646.297475
[00:00:00] [worker #19] ML tree search #20, logLikelihood: -646.297475
[00:00:00] [worker #11] ML tree search #12, logLikelihood: -646.297475
[00:00:00] [worker #8] ML tree search #9, logLikelihood: -646.297472
[00:00:00] [worker #6] ML tree search #7, logLikelihood: -646.297472
[00:00:00] [worker #3] ML tree search #4, logLikelihood: -646.297468
[00:00:00] [worker #10] ML tree search #11, logLikelihood: -646.297475
[00:00:00] [worker #12] ML tree search #13, logLikelihood: -646.297475
[00:00:00] [worker #16] ML tree search #17, logLikelihood: -646.297475
[00:00:00] [worker #13] ML tree search #14, logLikelihood: -646.297475
[00:00:00] [worker #2] ML tree search #3, logLikelihood: -646.297472
[00:00:00] [worker #9] ML tree search #10, logLikelihood: -646.297470
[00:00:00] [worker #4] ML tree search #5, logLikelihood: -646.297472
[00:00:00] [worker #14] ML tree search #15, logLikelihood: -646.297475
[00:00:00] [worker #5] ML tree search #6, logLikelihood: -646.297468
[00:00:00] [worker #1] ML tree search #2, logLikelihood: -646.297470
[00:00:00] [worker #17] ML tree search #18, logLikelihood: -646.297475
[00:00:00] [worker #7] ML tree search #8, logLikelihood: -646.297468
[00:00:00] [worker #15] ML tree search #16, logLikelihood: -646.297474
[00:00:00] [worker #0] ML tree search #1, logLikelihood: -646.297471

[00:00:00] ML tree search completed, best tree logLH: -646.297468

[00:00:00] Starting bootstrapping analysis with 1000 replicates.

[00:00:00] [worker #25] Bootstrap tree #26, logLikelihood: -623.615082
[00:00:00] [worker #19] Bootstrap tree #20, logLikelihood: -628.315181
[00:00:00] [worker #3] Bootstrap tree #4, logLikelihood: -619.022415
[00:00:00] [worker #18] Bootstrap tree #19, logLikelihood: -617.965282
00:00:00] [worker #1] Bootstrap tree #2, logLikelihood: -680.874376
[00:00:00] [worker #14] Bootstrap tree #15, logLikelihood: -612.477100
[00:00:00] [worker #28] Bootstrap tree #29, logLikelihood: -619.492320
[00:00:00] [worker #4] Bootstrap tree #5, logLikelihood: -646.297475
[00:00:00] [worker #24] Bootstrap tree #25, logLikelihood: -632.616633
-641.079149
[00:00:00] [worker #21] Bootstrap tree #22, logLikelihood: -649.528194
[00:00:00] [worker #15] Bootstrap tree #16, logLikelihood: -620.337979
[00:00:00] [worker #8] Bootstrap tree #9, logLikelihood: -633.909976
[00:00:00] [worker #27] Bootstrap tree #28, logLikelihood: -619.645546
[00:00:00] [worker #5] Bootstrap tree #6, logLikelihood: -608.012648
[00:00:00] [worker #22] Bootstrap tree #23, logLikelihood: -668.448190
00:00:00] [worker #9] Bootstrap tree #10, logLikelihood: -680.953405
[00:00:00] [worker #30] Bootstrap tree #31, logLikelihood: -642.063029
[worker #17] Bootstrap tree #18, logLikelihood: -699.915993
[00:00:00] [worker #13] Bootstrap tree #14, logLikelihood: -664.139212
[00:00:00] [worker #6] Bootstrap tree #7, logLikelihood: -640.702457
[00:00:00] [worker #31] Bootstrap tree #32, logLikelihood: -638.202722
[00:00:00] [worker #20] Bootstrap tree #21, logLikelihood: -641.398738
[00:00:00] [worker #23] Bootstrap tree #24, logLikelihood: -645.148434
[00:00:00] [worker #16] Bootstrap tree #17, logLikelihood: -636.011619
[00:00:00] [worker #26] Bootstrap tree #27, logLikelihood: -622.458565
[00:00:00] [worker #10] Bootstrap tree #11, logLikelihood: -644.651045
[00:00:00] [worker #12] Bootstrap tree #13, logLikelihood: -646.314109
[00:00:00] [worker #0] Bootstrap tree #1, logLikelihood: -636.977712
[00:00:00] [worker #7] Bootstrap tree #8, logLikelihood: -631.666779
[00:00:00] [worker #11] Bootstrap tree #12, logLikelihood: -651.603055
[00:00:00] [worker #3] Bootstrap tree #36, logLikelihood: -643.059843
[00:00:00] [worker #2] Bootstrap tree #3, logLikelihood: -646.297475
[00:00:00] [worker #25] Bootstrap tree #58, logLikelihood: -645.541790
[00:00:00] [worker #21] Bootstrap tree #54, logLikelihood: -619.540360
[00:00:00] [worker #18] Bootstrap tree #51, logLikelihood: -646.297475
[00:00:00] [worker #19] Bootstrap tree #52, logLikelihood: -610.489857
[00:00:00] [worker #4] Bootstrap tree #37, logLikelihood: -663.738075
[00:00:00] [worker #29] Bootstrap tree #62, logLikelihood: -654.929526
[00:00:00] [worker #27] Bootstrap tree #60, logLikelihood: -630.539304
[00:00:00] [worker #8] Bootstrap tree #41, logLikelihood: -646.342254
00[:00:00] [worker #24] Bootstrap tree #57, logLikelihood: 00:00:00] 

[00:00:00] [worker #15] Bootstrap tree #48, logLikelihood: -635.911546
[00:00:00] [worker #14] Bootstrap tree #47, logLikelihood: -652.344722
[00:00:00] [worker #28] Bootstrap tree #61, logLikelihood: -608.025145
[00:00:00] [worker #26] Bootstrap tree #59, logLikelihood: -614.677732
[00:00:00] [worker #9] Bootstrap tree #42, logLikelihood: -646.297475
[00:00:00] [worker #17] Bootstrap tree #50, logLikelihood: -617.524322
[00:00:00] [worker #6] Bootstrap tree #39, logLikelihood: -637.250084
[00:00:00] [worker #31] Bootstrap tree #64, logLikelihood: -641.452540
[[0000::00::00] ] [worker #12] [worker #5] Bootstrap tree #Bootstrap tree #4538, logLikelihood: -634.398469
[[0000::00::00] ] [worker #12] [worker #5] Bootstrap tree #Bootstrap tree #4538, logLikelihood: -634.398469
, logLikelihood: -642.203571
[00:00:00] [worker #30] Bootstrap tree #63, logLikelihood: -646.297475
[00:00:00] [worker #22] Bootstrap tree #55, logLikelihood: -660.742519
[00:00:00] [worker #10] Bootstrap tree #43, logLikelihood: -646.297471
[00:00:00] [worker #16] Bootstrap tree #49, logLikelihood: -647.541398
[00:00:00] [worker #13] Bootstrap tree #46, logLikelihood: -633.964581
[00:00:00] [worker #20] Bootstrap tree #53, logLikelihood: -632.581984
[00:00:00] [worker #23] Bootstrap tree #56, logLikelihood: -649.921683
[00:00:00] [worker #7] Bootstrap tree #40, logLikelihood: -670.344392
[00:00:00] [worker #0] Bootstrap tree #33, logLikelihood: -624.364816
[00:00:00] [worker #2] Bootstrap tree #35, logLikelihood: -630.993767
[00:00:00] [worker #11] Bootstrap tree #44, logLikelihood: -633.068575
[00:00:00] [worker #4] Bootstrap tree #69, logLikelihood: -641.612522
[00:00:00] [worker #21] Bootstrap tree #86, logLikelihood: [-665.908798
[00:00:00] [worker #21] Bootstrap tree #86, logLikelihood: [-665.908798
00:00:00] [worker #13] Bootstrap tree #78, logLikelihood: -632.990777
[00:00:00] [worker #28] Bootstrap tree #93, logLikelihood: -661.543940
[00:00:00] [worker #18] Bootstrap tree #83, logLikelihood: -641.506321
89[00:00:00] [worker #15] Bootstrap tree #80, logLikelihood: -638.534172, logLikelihood: 
89[00:00:00] [worker #15] Bootstrap tree #80, logLikelihood: -638.534172, logLikelihood: 
-655.025791
[00:00:00] [worker #23] Bootstrap tree #88, logLikelihood: -614.471004
[00:00:00] [worker #27] Bootstrap tree #92, logLikelihood: -646.205789
[00:00:00] [worker #17] Bootstrap tree #82, logLikelihood: -622.532534
[00:00:00] [worker #14] Bootstrap tree #79, logLikelihood: -638.485907
[00:00:00] [worker #9] Bootstrap tree #74, logLikelihood: -652.744652
[00:00:00] [worker #25] Bootstrap tree #90, logLikelihood: -630.919165
[00:00:00] [worker #8] Bootstrap tree #73, logLikelihood: -663.570958
[00:00:00] [worker #29] Bootstrap tree #94, logLikelihood: -629.586040
[00:00:00] [worker #26] Bootstrap tree #91, logLikelihood: -601.170357
[00:00:00] [worker #22] Bootstrap tree #87, logLikelihood: -612.173013
[00:00:00] [worker #1] Bootstrap tree #66, logLikelihood: -617.018196
[00:00:00] [worker #30] Bootstrap tree #95, logLikelihood: -623.655629
[00:00:00] [worker #3] Bootstrap tree #68, logLikelihood: -642.285109
[00:00:00] [worker #19] Bootstrap tree #84, logLikelihood: -641.227754
[00:00:00] [worker #5] Bootstrap tree #70, logLikelihood: -628.517477
[00:00:00] [worker #6] Bootstrap tree #71, logLikelihood: -617.312723
[00:00:00] [worker #16] Bootstrap tree #81, logLikelihood: -644.556276
[00:00:00] [worker #11] Bootstrap tree #76, logLikelihood: -612.212722
[00:00:00] [worker #10] Bootstrap tree #75, logLikelihood: -622.299665
[00:00:00] [worker #12] Bootstrap tree #77, logLikelihood: -608.680555
[00:00:00] [worker #31] Bootstrap tree #96, logLikelihood: -642.598071
00:00:00] [worker #7] Bootstrap tree #72, logLikelihood: -642.321766
[00:00:00] [worker #20] Bootstrap tree #85, logLikelihood: -637.422513
[00:00:00] [worker #2] Bootstrap tree #67, logLikelihood: -664.467255
[00:00:00] [worker #15] Bootstrap tree #112, logLikelihood: -596.378109
[00:00:00] [worker #28] Bootstrap tree #125, logLikelihood: -646.282797
[00:00:00] [worker #24] Bootstrap tree #121, logLikelihood: -644.475124
[00:00:00] [worker #25] Bootstrap tree #122, logLikelihood: -614.497307
[00:00:00] [worker #23] Bootstrap tree #120, logLikelihood: -652.997396
[00:00:00] [worker #0] Bootstrap tree #65, logLikelihood: -653.902639
[00:00:00] [worker #4] Bootstrap tree #101, logLikelihood: -654.555511
[00:00:00] [worker #11] Bootstrap tree #108, logLikelihood: -613.070959
[00:00:00] [worker #27] Bootstrap tree #124, logLikelihood: -646.297471
[00:00:00] [worker #9] Bootstrap tree #106, logLikelihood: -640.780564
[0[:000:00[:] 00] [worker #5] Bootstrap tree #0102[worker #1] Bootstrap tree #:, logLikelihood: :00] , logLikelihood: -607.324571Bootstrap tree #111, logLikelihood: 

0[:000:00[:] 00] [worker #5] Bootstrap tree #0102[worker #1] Bootstrap tree #:, logLikelihood: :00] , logLikelihood: -607.324571Bootstrap tree #111, logLikelihood: 
-659.220780

[00:00:00] [worker #3] Bootstrap tree #100, logLikelihood: -669.988505
[00:00:00] [worker #18] Bootstrap tree #115, logLikelihood: -680.992605
[00:00:00] [worker #13] Bootstrap tree #110, logLikelihood: -652.482936
[00:00:00] [worker #22] Bootstrap tree #119, logLikelihood: -626.069679
[00:00:00] [worker #26] Bootstrap tree #123, logLikelihood: -602.700459
-644.120405
[00:00:00] [worker #29] Bootstrap tree #126, logLikelihood: -647.852759
[00:00:00] [worker #17] Bootstrap tree #114, logLikelihood: -607.644357
[00:00:00] [worker #19] Bootstrap tree #116, logLikelihood: -643.036267
[00:00:00] [worker #12] Bootstrap tree #109, logLikelihood: -639.935195
[00:00:00] [worker #7] Bootstrap tree #104, logLikelihood: -622.497905
[00:00:00] [worker #6] Bootstrap tree #103, logLikelihood: -643.794726
[00:00:00] [worker #20] Bootstrap tree #117, logLikelihood: -652.530335
[00:00:00] [worker #16] Bootstrap tree #113, logLikelihood: -672.499565
[00:00:00] [worker #30] Bootstrap tree #127, logLikelihood: -626.998958
[00:00:00] [worker #10] Bootstrap tree #107, logLikelihood: -657.152046
00[00:00:00] [worker #31] Bootstrap tree #12800, logLikelihood: :00] [worker #8] Bootstrap tree #105, logLikelihood: -615.609174
:0[00:00:00] [worker #31] Bootstrap tree #12800, logLikelihood: :00] [worker #8] Bootstrap tree #105, logLikelihood: -615.609174
-642.467759
00:00] [worker #2] Bootstrap tree #99, logLikelihood: -668.330551
[00:00:00] [worker #0] Bootstrap tree #97, logLikelihood: -633.443955
[00:00:01] [worker #14] Bootstrap tree #143, logLikelihood: -611.868284[
-631.944026
[00:00:01] [worker #20] Bootstrap tree #149, logLikelihood: -640.718692
[00:00:01] [worker #29] Bootstrap tree #158, logLikelihood: -660.280741
[00:00:01] [worker #28] Bootstrap tree #157, logLikelihood: -618.518542
[00:00:01] [worker #23] Bootstrap tree #152, logLikelihood: -639.373200
[00:00:01] [worker #16] Bootstrap tree #145, logLikelihood: -609.463069
[00:00:01] [worker #8] Bootstrap tree #137, logLikelihood: -637.119863
[00:00:01] [worker #1] Bootstrap tree #130, logLikelihood: -630.012941
[00:00:01] [worker #19] Bootstrap tree #148, logLikelihood: -601.457685
[00:00:01] [worker #11] Bootstrap tree #140, logLikelihood: -634.567735
[00:00:01] [worker #21] Bootstrap tree #150, logLikelihood: [00:00:01] [worker #3] 
[00:00:01] [worker #21] Bootstrap tree #150, logLikelihood: [00:00:01] [worker #3] 
Bootstrap tree #132, logLikelihood: -655.444056
[00:00:01] [worker #27] Bootstrap tree #156, logLikelihood: -630.025195
-624.081871
[00:00:01] [worker #7] Bootstrap tree #136, logLikelihood: -628.521402
[00:00:01] [worker #0] Bootstrap tree #129, logLikelihood: -635.931564
[00:00:01] [worker #5] Bootstrap tree #134, logLikelihood: -660.431824
[00:00:01] [worker #26] Bootstrap tree #155, logLikelihood: -624.960633
[00:00:01] [worker #17] Bootstrap tree #146, logLikelihood: -643.128494
[00:00:01] [worker #25] Bootstrap tree #154, logLikelihood: -638.646404
[00:00:01] [worker #6] Bootstrap tree #135, logLikelihood: -646.297475
[00:00:01] [worker #6] Bootstrap tree #135, logLikelihood: -646.297475
[00:00:01] [worker #2] Bootstrap tree #131, logLikelihood: -650.134785
[00:00:01] [worker #12] Bootstrap tree #141, logLikelihood: -663.797020
[00:00:01] [worker #31] Bootstrap tree #160, logLikelihood: -634.802649
00:00:01] [worker #4] Bootstrap tree #133, logLikelihood: -658.294951
[00:00:01] [worker #18] Bootstrap tree #147, logLikelihood: -653.565688
[00:00:01] [worker #9] Bootstrap tree #138, logLikelihood: -624.252891
[00:00:01] [worker #30] Bootstrap tree #159, logLikelihood: -610.737248
[00:00:01] [worker #13] Bootstrap tree #142, logLikelihood: -653.621447
[00:00:01] [worker #10] Bootstrap tree #139, logLikelihood: -647.513507
[00:00:01] [worker #15] Bootstrap tree #144, logLikelihood: -627.380017
[00:00:01] [worker #24] Bootstrap tree #185, logLikelihood: -623.539502
[00:00:01] [worker #14] Bootstrap tree #175, logLikelihood: -640.332939
[00:00:01] [worker #20] Bootstrap tree #181, logLikelihood: -664.755795
[00:00:01] [worker #28] Bootstrap tree #189, logLikelihood: -634.998462
[00:00:01] [worker #29] Bootstrap tree #190, logLikelihood: -634.448448
[00:00:01] [worker #23] Bootstrap tree #184, logLikelihood: -650.957617
[00:00:01] [worker #5] Bootstrap tree #166, logLikelihood: -639.175440
[00:00:01] [worker #27] Bootstrap tree #188, logLikelihood: -626.490009
[00:00:01] [worker #3] Bootstrap tree #164, logLikelihood: -666.921502
[00:00:01] [worker #2] Bootstrap tree #163, logLikelihood: -674.572979
[00:00:01] [worker #17] Bootstrap tree #178, logLikelihood: -648.604610
[00:00:01] [worker #26] Bootstrap tree #187, logLikelihood: -633.965039
[00:00:01] [worker #19] Bootstrap tree #180, logLikelihood: -645.630431
[00:00:01] [worker #16] Bootstrap tree #177, logLikelihood: -653.732703
[00:00:01] [worker #1] Bootstrap tree #162, logLikelihood: -615.895060
[00:00:01] [worker #8] Bootstrap tree #169, logLikelihood: -646.297475
[00:00:01] [worker #22] Bootstrap tree #183, logLikelihood: -639.418353
[00:00:01] [worker #25] Bootstrap tree #186, logLikelihood: -652.184444
[00:00:01] [worker #11] Bootstrap tree #172, logLikelihood: -638.957651
[00:00:01] [worker #7] Bootstrap tree #168, logLikelihood: -654.553102
[00:00:01] [worker #31] Bootstrap tree #192, logLikelihood: -629.124647
[00:00:01] [worker #4] Bootstrap tree #165, logLikelihood: -640.028478
[00:00:01] [worker #21] Bootstrap tree #182, logLikelihood: -627.432903
[00:00:01] [worker #15] Bootstrap tree #176, logLikelihood: -609.677121
00:00:01] [worker #18] Bootstrap tree #179, logLikelihood: -623.442101
[00:00:01] [worker #12] Bootstrap tree #173, logLikelihood: -621.463172
[00:00:01] [worker #10] Bootstrap tree #171, logLikelihood: -633.501832
[00:00:01] [worker #9] Bootstrap tree #170, logLikelihood: -646.297475
[00:00:01] [worker #6] Bootstrap tree #167, logLikelihood: -675.107749
[00:00:01] [worker #30] Bootstrap tree #191, logLikelihood: -636.292329
[00:00:01] [worker #13] Bootstrap tree #174, logLikelihood: -646.297475
[00:00:01] [worker #0] Bootstrap tree #161, logLikelihood: -640.439035
[00:00:01] [worker #14] Bootstrap tree #207, logLikelihood: -618.759090
[00:00:01] [worker #4] Bootstrap tree #197, logLikelihood: -628.689827
[00:00:01] [worker #6] Bootstrap tree #199, logLikelihood: [-608.09072100
-634.354102
[00:00:01] [worker #3] Bootstrap tree #196, logLikelihood: -608.204877
[00:00:01] [worker #25] Bootstrap tree #218, logLikelihood: -611.830710
[00:00:01] [worker #24] Bootstrap tree #217, logLikelihood: -634.204740
[00:00:01] [worker #26] Bootstrap tree #219, logLikelihood: -652.829575
[00:00:01] [worker #5] Bootstrap tree #198, logLikelihood: -634.071288
[00:00:01] [worker #2] Bootstrap tree #195, logLikelihood: -638.422505
[00:00:01] [worker #8] Bootstrap tree #201, logLikelihood: -623.882129
[00:00:01] [worker #22] Bootstrap tree #215, logLikelihood: -618.854938
[00:00:01] [worker #18] Bootstrap tree #211, logLikelihood: -619.963329
[00:00:01] [worker #1] Bootstrap tree #194, logLikelihood: -649.129716
[00:00:01] [worker #15] Bootstrap tree #208, logLikelihood: -640.347828
[00:00:01] [worker #13] Bootstrap tree #206, logLikelihood: -637.070288
[00:00:01] [worker #19] Bootstrap tree #212, logLikelihood: -641.855323
[00:00:01] [worker #21] Bootstrap tree #214, logLikelihood: -622.821006
-661.604671
[00:00:01] [worker #30] Bootstrap tree #223, logLikelihood: -639.303540
[00:00:01] [worker #9] Bootstrap tree #202, logLikelihood: -650.210216
[00:00:01] [worker #17] Bootstrap tree #210, logLikelihood: -646.205196
[00:00:01] [worker #29] Bootstrap tree #222, logLikelihood: -625.750861
[00:00:01] [worker #12] Bootstrap tree #205, logLikelihood: -658.306115
[00:00:01] [worker #7] Bootstrap tree #200, logLikelihood: -657.805058
[00:00:01] [worker #23] Bootstrap tree #216, logLikelihood: -608.133136
[00:00:01] [worker #20] Bootstrap tree #213, logLikelihood: -647.778119
[00:00:01] [worker #28] Bootstrap tree #221, logLikelihood: -638.640493
[00:00:01] [worker #11] Bootstrap tree #204, logLikelihood: -620.919626
[00:00:01] [worker #27] Bootstrap tree #220, logLikelihood: -649.009816
[00:00:01] [worker #16] Bootstrap tree #209, logLikelihood: -641.738723
[00:00:01] [worker #4] Bootstrap tree #229, logLikelihood: -646.297471
[00:00:01] [worker #3] Bootstrap tree #228, logLikelihood: -643.931269
[00:00:01] [worker #25] Bootstrap tree #250, logLikelihood: -630.717294
[00:00:01] [worker #14] Bootstrap tree #239, logLikelihood: -616.641744
[00:00:01] [worker #10] Bootstrap tree #235, logLikelihood: -647.557443
[00:00:01] [worker #0] Bootstrap tree #193, logLikelihood: -626.250957
[00:00:01] [worker #26] Bootstrap tree #251, logLikelihood: -612.711633
[00:00:01] [worker #22] Bootstrap tree #247, logLikelihood: -636.471079
[00:00:01] [worker #2] Bootstrap tree #227, logLikelihood: -649.599459
[00:00:01] [worker #24] Bootstrap tree #249, logLikelihood: -628.319361
[00:00:01] [worker #8] Bootstrap tree #233, logLikelihood: -644.987366
[00:00:01] [worker #17] Bootstrap tree #242, logLikelihood: -647.937621
[00:00:01] [worker #13] Bootstrap tree #238, logLikelihood: -646.297475
[00:00:01] [worker #6] Bootstrap tree #231, logLikelihood: -651.906461
[00:00:01] [worker #21] Bootstrap tree #246, logLikelihood: -603.185048
[00:00:01] [worker #5] Bootstrap tree #230, logLikelihood: -618.453903
[00:00:01] [worker #18] Bootstrap tree #243, logLikelihood: -637.148927
[00:00:01] [worker #1] Bootstrap tree #226, logLikelihood: -647.578265
[00:00:01] [worker #30] Bootstrap tree #255, logLikelihood: -601.155351
[00:00:01] [worker #9] Bootstrap tree #234, logLikelihood: -638.187766
[00:00:01] [worker #19] Bootstrap tree #244, logLikelihood: -638.651220
[00:00:01] [worker #29] Bootstrap tree #254, logLikelihood: -645.147928
[00:00:01] [worker #31] Bootstrap tree #256, logLikelihood: -624.505763
[00:00:01] [worker #12] Bootstrap tree #237, logLikelihood: -620.765329
[00:00:01] [worker #23] Bootstrap tree #248, logLikelihood: -642.049549
[00:00:01] [worker #20] Bootstrap tree #245, logLikelihood: -676.903852
[00:00:01] [worker #28] Bootstrap tree #253, logLikelihood: -601.433140
[00:00:01] [worker #27] Bootstrap tree #252, logLikelihood: -622.527337
[00:00:01] [worker #11] Bootstrap tree #236, logLikelihood: -653.814927
[00:00:01] [worker #16] Bootstrap tree #241, logLikelihood: -628.670213
[00:00:01] [worker #15] Bootstrap tree #240, logLikelihood: -615.552055
[00:00:01] [worker #7] Bootstrap tree #232, logLikelihood: -638.583742
[00:00:01] [worker #0] Bootstrap tree #225, logLikelihood: -665.796036
[00:00:02] [worker #14] Bootstrap tree #271, logLikelihood: -642.689532
[00:00:02] [worker #22] Bootstrap tree #279, logLikelihood: -635.784868
[00:00:02] [worker #9] Bootstrap tree #266, logLikelihood: -624.611522
[00:00:02] [worker #21] Bootstrap tree #278, logLikelihood: -624.729350
[00:00:02] [worker #2] Bootstrap tree #259, logLikelihood: -629.717810
[00:00:02] [worker #4] Bootstrap tree #261, logLikelihood: -639.310877
[00:00:02] [worker #31] Bootstrap tree #288, logLikelihood: -646.297475
:00:02] [worker #26] Bootstrap tree #283, logLikelihood: -628.084130
[00:00:02] [worker #11] Bootstrap tree #268, logLikelihood: -630.692994
[00:00:02] [worker #10] Bootstrap tree #267, logLikelihood: -629.470117
[00:00:02] [worker #29] Bootstrap tree #286, logLikelihood: -660.805482
[00:00:02] [worker #6] Bootstrap tree #263, logLikelihood: -653.163665
[00:00:02] [worker #24] Bootstrap tree #281, logLikelihood: -630.579409
[00:00:02] [Bootstrap tree #270, logLikelihood: 0:00:02] [worker #30] Bootstrap tree #287, logLikelihood: -640.025259
[00:00:02] [Bootstrap tree #270, logLikelihood: 0:00:02] [worker #30] Bootstrap tree #287, logLikelihood: -640.025259
-653.916826
[00:00:02] [worker #23] Bootstrap tree #280, logLikelihood: -610.909439
-658.727646
[00:00:02] [worker #7] Bootstrap tree #264, logLikelihood: -641.416668
[00:00:02] [worker #19] Bootstrap tree #276, logLikelihood: -614.275227
[00:00:02] [worker #20] Bootstrap tree #277, logLikelihood: -622.236007
[00:00:02] [worker #27] Bootstrap tree #284, logLikelihood: [00:00:02] [worker #5] Bootstrap tree #262, logLikelihood: 
[00:00:02] [worker #27] Bootstrap tree #284, logLikelihood: [00:00:02] [worker #5] Bootstrap tree #262, logLikelihood: 
-637.992114
[00:00:02] [worker #18] Bootstrap tree #275, logLikelihood: -650.748758
[00:00:02] [worker #28] Bootstrap tree #285, logLikelihood: -662.833892
[00:00:02] [worker #8] Bootstrap tree #265, logLikelihood: -621.991854
-648.949444
[00:00:02] [worker #25] Bootstrap tree #282, logLikelihood: -674.329457
[00:00:02] [worker #16] Bootstrap tree #273, logLikelihood: -624.301797
[00:00:02] [worker #3] Bootstrap tree #260, logLikelihood: -642.412228
[00:00:02] [worker #0] Bootstrap tree #257, logLikelihood: -633.989663
[00:00:02] [worker #15] Bootstrap tree #272, logLikelihood: -652.072604
[00:00:02] [worker #1] Bootstrap tree #258, logLikelihood: -669.177893
[00:00:02] [worker #4] Bootstrap tree #293, logLikelihood: -634.902281
[00:00:02] [worker #14] Bootstrap tree #303, logLikelihood: -609.371680
[00:00:02] [worker #31] Bootstrap tree #320, logLikelihood: -612.089990
[00:00:02] [worker #2] Bootstrap tree #291, logLikelihood: -620.113464
[00:00:02] [worker #24] Bootstrap tree #313, logLikelihood: -656.637003
[00:00:02] [worker #9] Bootstrap tree #298, logLikelihood: -621.459069
[00:00:02] [worker #13] Bootstrap tree #302, logLikelihood: -621.595112
[00:00:02] [worker #7] Bootstrap tree #296, logLikelihood: -626.635707
[00:00:02] [worker #26] Bootstrap tree #315, logLikelihood: [00:-609.79935600:02] 

[00:00:02] [worker #22] Bootstrap tree #311, logLikelihood: -614.345350
[00:00:02] [worker #17] Bootstrap tree #306, logLikelihood: -636.388388[
-661.536309
[00:00:02] [worker #11] Bootstrap tree #300, logLikelihood: -636.750798
[00:00:02] [worker #21] Bootstrap tree #310, logLikelihood: -608.448438
[00:00:02] [worker #12] Bootstrap tree #301, logLikelihood: -607.893689
[00:00:02] [worker #18] Bootstrap tree #307, logLikelihood: -628.085013
[00:00:02] [worker #29] Bootstrap tree #318, logLikelihood: -632.354730
[00:00:02] [worker #30] Bootstrap tree #319, logLikelihood: -675.288009
[00:00:02] [worker #5] Bootstrap tree #294, logLikelihood: -635.373374
[00:00:02] [worker #28] Bootstrap tree #317, logLikelihood: -662.995091
[00:00:02] [worker #23] Bootstrap tree #312, logLikelihood: -603.535218
[00:00:02] [worker #6] Bootstrap tree #295, logLikelihood: -614.696412
[00:00:02] [worker #16] Bootstrap tree #305, logLikelihood: -647.650824
[00:00:02] [worker #25] Bootstrap tree #314, logLikelihood: -666.181778
[00:00:02] [worker #20] Bootstrap tree #309, logLikelihood: -674.301922
[00:00:02] [worker #8] Bootstrap tree #297, logLikelihood: -632.407192
[00:00:02] [worker #27] Bootstrap tree #316, logLikelihood: -660.433785
[00:00:02] [worker #3] Bootstrap tree #292, logLikelihood: -633.362899
[00:00:02] [worker #0] Bootstrap tree #289, logLikelihood: -629.057304
[00:00:02] [worker #15] Bootstrap tree #304, logLikelihood: -646.165561
[00:00:02] [worker #1] Bootstrap tree #290, logLikelihood: -680.204868
[00:00:02] [worker #24] Bootstrap tree #345, logLikelihood: -605.392172
[00:00:02] [worker #21] Bootstrap tree #342, logLikelihood: -617.423439
[00:00:02] [worker #17] Bootstrap tree #338, logLikelihood: -625.855205
[00:00:02] [worker #1] Bootstrap tree #322, logLikelihood: -622.621577
[00:00:02] [worker #22] Bootstrap tree #343, logLikelihood: -600.228865
[00:00:02] [worker #4] Bootstrap tree #325, logLikelihood: -627.791165
[00:00:02] [worker #2] Bootstrap tree #323, logLikelihood: -627.886781
[00:00:02] [worker #26] Bootstrap tree #347, logLikelihood: [00:00:02] [worker #30] Bootstrap tree #351, logLikelihood: -646.297475

[00:00:02] [worker #26] Bootstrap tree #347, logLikelihood: [00:00:02] [worker #30] Bootstrap tree #351, logLikelihood: -646.297475
00:00:02] [worker #14] Bootstrap tree #335, logLikelihood: -655.276591
[00:00:02] [worker #29] Bootstrap tree #350, logLikelihood: -652.451697
[00:00:02] [worker #23] Bootstrap tree #344, logLikelihood: -656.462296
[00:00:02] [worker #25] Bootstrap tree #346, logLikelihood: -648.117481
[00:00:02] [worker #31] Bootstrap tree #352, logLikelihood: -628.383928
[00:00:02] [worker #13] Bootstrap tree #334, logLikelihood: -598.182757
-644.647814[00:00:02] [worker #12] 
-644.647814[00:00:02] [worker #12] 
Bootstrap tree #333, logLikelihood: -629.744391
[00:00:02] [worker #9] Bootstrap tree #330, logLikelihood: -649.325444
[00:00:02] [worker #3] Bootstrap tree #324, logLikelihood: -645.689783
[00:00:02] [worker #16] Bootstrap tree #337, logLikelihood: -623.631681
00:00:02] [worker #20] Bootstrap tree #341, logLikelihood: -629.537558
[00:00:02] [worker #11] Bootstrap tree #332, logLikelihood: -657.753915
[00:00:02] [worker #6] Bootstrap tree #327, logLikelihood: -619.963110[00
[00:00:02] [worker #6] Bootstrap tree #327, logLikelihood: -619.963110[00
00:02] [worker #28] Bootstrap tree #349, logLikelihood: -672.095102
Bootstrap tree #348, logLikelihood: -621.475829
[00:00:02] [worker #0] Bootstrap tree #321, logLikelihood: -634.036692
[00:00:02] [worker #10] Bootstrap tree #331, logLikelihood: -632.623573
[00:00:02] [worker #5] Bootstrap tree #326, logLikelihood: -623.764658
[00:00:02] [worker #18] Bootstrap tree #339, logLikelihood: -666.057136
[00:00:02] [worker #8] Bootstrap tree #329, logLikelihood: -601.737877
[00:00:02] [worker #15] Bootstrap tree #336, logLikelihood: -654.257840
[00:00:02] [worker #19] Bootstrap tree #340, logLikelihood: -620.271765
[00:00:02] [worker #21] Bootstrap tree #374, logLikelihood: -651.033533
[00:00:02] [worker #17] Bootstrap tree #370, logLikelihood: -610.884262
[00:00:02] [worker #24] Bootstrap tree #377, logLikelihood: -658.733614
[00:00:02] [worker #1] Bootstrap tree #354, logLikelihood: -620.211062
[00:00:02] [worker #4] Bootstrap tree #357, logLikelihood: -634.680323
[00:00:02] [worker #30] Bootstrap tree #383, logLikelihood: -646.297474
[00:00:02] [worker #25] Bootstrap tree #378, logLikelihood: -651.147354
[00:00:02] [worker #14] Bootstrap tree #367, logLikelihood: -638.760206
[00:00:02] [worker #12] Bootstrap tree #365, logLikelihood: -639.324918
[00:00:02] [worker #7] Bootstrap tree #360, logLikelihood: -644.094257
[00:00:03] [worker #23] Bootstrap tree #376, logLikelihood: -648.983939
[00:00:03] [worker #11] Bootstrap tree #364, logLikelihood: -639.278881
[00:00:03] [worker #26] Bootstrap tree #379, logLikelihood: -634.521361
[00:00:03] [worker #13] Bootstrap tree #366, logLikelihood: -603.297286
[00:00:03] [worker #29] Bootstrap tree #382, logLikelihood: -615.381897
[00:00:03] [worker #2] Bootstrap tree #355, logLikelihood: -686.431835
[worker #22] [Bootstrap tree #0375, logLikelihood: :00:03] [worker #31] Bootstrap tree #384, logLikelihood: 

[00:00:03] [worker #5] Bootstrap tree #358, logLikelihood: -649.712118
[00:00:03] [worker #27] Bootstrap tree #380, logLikelihood: -623.037086[-634.506281
[00[:000:0003:00] :03] [worker #10] Bootstrap tree #Bootstrap tree #369363, logLikelihood: , logLikelihood: -645.734647
[00[:000:0003:00] :03] [worker #10] Bootstrap tree #Bootstrap tree #369363, logLikelihood: , logLikelihood: -645.734647
-632.246445
[00:00:03] [worker #20] Bootstrap tree #373, logLikelihood: -678.164205
[00:00:03] [worker #19] Bootstrap tree #372, logLikelihood: -637.535486
[00:00:03] [worker #3] Bootstrap tree #356, logLikelihood: -634.203819
[00[000:003:] 00:03] 381, logLikelihood: [worker #8] Bootstrap tree #361, logLikelihood: -659.113177-646.380900
[00[000:003:] 00:03] 381, logLikelihood: [worker #8] Bootstrap tree #361, logLikelihood: -659.113177-646.380900

[00:00:03] [worker #9] Bootstrap tree #362, logLikelihood: -675.631245
[00:00:03] [worker #18] Bootstrap tree #371, logLikelihood: -606.768912
[00:00:03] [worker #0] Bootstrap tree #353, logLikelihood: -648.272795
[00:00:03] [worker #15] Bootstrap tree #368, logLikelihood: -636.744595
[00:[0:03] [worker #12] Bootstrap tree #397, logLikelihood: -612.62608000
[00:[0:03] [worker #12] Bootstrap tree #397, logLikelihood: -612.62608000
:00:03] [worker #13] Bootstrap tree #398, logLikelihood: -632.989086
[00:00:03] [worker #4] Bootstrap tree #389, logLikelihood: -637.197632
[00:00:03] [worker #14] Bootstrap tree #399, logLikelihood: -630.005238
[00:00:03] [worker #24] Bootstrap tree #409, logLikelihood: -646.910977
[00:00:03] [worker #24] Bootstrap tree #409, logLikelihood: -646.910977
[00:00:03] [worker #17] Bootstrap tree #402, logLikelihood: -671.258608
[00:00:03] [worker #5] Bootstrap tree #390, logLikelihood: -610.723950
[00:00:03] [worker #19] Bootstrap tree #404, logLikelihood: -613.473718
[00:00:03] [worker #31] Bootstrap tree #416, logLikelihood: -636.588049
[00:00:03] [worker #6] Bootstrap tree #391, logLikelihood: -662.115084
[00:00:03] [worker #28] Bootstrap tree #413, logLikelihood: -618.957716
[00:00:03] [worker #3] Bootstrap tree #388, logLikelihood: -643.139659
[00:00:03] [worker #29] Bootstrap tree #414, logLikelihood: -612.689772
[00:00:03] [worker #26] Bootstrap tree #411, logLikelihood: -626.147832
[00:00:03] [worker #25] Bootstrap tree #410, logLikelihood: -680.337893
[00:00:03] [worker #23] Bootstrap tree #408, logLikelihood: -652.54799000
[00:00:03] [worker #23] Bootstrap tree #408, logLikelihood: -652.54799000
:00:03] [worker #27] Bootstrap tree #412, logLikelihood: -621.143605
[00:00:03] [worker #15] Bootstrap tree #400, logLikelihood: -674.324588
[00:00:03] [worker #9] Bootstrap tree #394, logLikelihood: -615.471539
[00:00:03] [worker #21] Bootstrap tree #406, logLikelihood: -645.738786
[00:00:03] [worker #1] Bootstrap tree #386, logLikelihood: -658.387395
[00:00:03] [worker #20] Bootstrap tree #405, logLikelihood: -628.553759
[00:00:03] [worker #10] Bootstrap tree #395, logLikelihood: -680.144551
[00:00:03] [worker #7] Bootstrap tree #392, logLikelihood: -596.624769
[00:00:03] [worker #8] Bootstrap tree #393, logLikelihood: -676.105013
[00:00:03] [worker #22] Bootstrap tree #407, logLikelihood: -638.747917
[00:00:03] [worker #16] Bootstrap tree #401, logLikelihood: -653.504685
[00:00:03] [worker #0] Bootstrap tree #385, logLikelihood: -653.675447
[00:00:03] [worker #2] Bootstrap tree #387, logLikelihood: -620.985282
[00:00:03] [worker #11] Bootstrap tree #396, logLikelihood: -632.967220
[00:00:03] [worker #30] Bootstrap tree #415, logLikelihood: -639.315873
[00:00:03] [worker #14] Bootstrap tree #431, logLikelihood: -633.262917
[00:00:03] [worker #18] Bootstrap tree #403, logLikelihood: -623.301145
[00:00:03] [worker #12] Bootstrap tree #429, logLikelihood: -666.736650
[00:00:03] [worker #31] Bootstrap tree #448, logLikelihood: -625.366287
00:03] [worker #19] Bootstrap tree #436, logLikelihood: -629.274443
[00:00:03] [worker #17] Bootstrap tree #434, logLikelihood: -660.015577
[00:00:03] [worker #4] Bootstrap tree #421, logLikelihood: -652.280924
[00:00:03] [worker #13] Bootstrap tree #430, logLikelihood: -642.022072
[00:00:03] [worker #25] Bootstrap tree #442, logLikelihood: -645.159993
[00:00:03] [worker #5] Bootstrap tree #422, logLikelihood: -662.102947
[00:00:03] [worker #23] Bootstrap tree #440, logLikelihood: -630.565281
[00:00:03] [worker #15] Bootstrap tree #432, logLikelihood: -655.726611
[00:00:03] [worker #3] Bootstrap tree #420, logLikelihood: -626.731788
[00:00:03] [worker #1] Bootstrap tree #418, logLikelihood: -622.824455
[00:00:03] [worker #7] Bootstrap tree #424, logLikelihood: -631.807549
[00:00:03] [worker #28] Bootstrap tree #445, logLikelihood: -633.141491
[00:00:03] [worker #24] Bootstrap tree #441, logLikelihood: -646.297475
[00:00:03] [worker #27] Bootstrap tree #444, logLikelihood: -607.845972
[00:00:03] [worker #20] Bootstrap tree #437, logLikelihood: -630.183173
00:00:03] [worker #21] Bootstrap tree #438, logLikelihood: -638.392665
[00:00:03] [worker #26] Bootstrap tree #443, logLikelihood: -629.206713
[00:00:03] [worker #6] Bootstrap tree #423, logLikelihood: -640.094560
[00:00:03] [worker #16] Bootstrap tree #433, logLikelihood: -663.333398
[00:00:03] [worker #22] Bootstrap tree #439, logLikelihood: -635.105382[

[00:00:03] [worker #29] Bootstrap tree #446, logLikelihood: -646.297475
[00:00:03] [worker #9] Bootstrap tree #426, logLikelihood: -627.240903
[00:00:03] [worker #30] Bootstrap tree #447, logLikelihood: -639.212172
[00:00:03] [worker #10] Bootstrap tree #427, logLikelihood: -651.767408
[00:00:03] [worker #11] Bootstrap tree #428, logLikelihood: -672.645456
[00:00:03] [worker #0] Bootstrap tree #417, logLikelihood: -660.819929
[00:00:03] [worker #18] Bootstrap tree #435, logLikelihood: -622.815259
[00:00:03] [worker #2] Bootstrap tree #419, logLikelihood: -642.887998
[00:00:04] [worker #26] Bootstrap tree #475, logLikelihood: -667.372492
[00:00:04] [worker #23] Bootstrap tree #472, logLikelihood: -648.431459
[00:00:04] [worker #27] Bootstrap tree #476, logLikelihood: -609.761639
[00:00:04] [worker #12] Bootstrap tree #461, logLikelihood: -625.805664
[00:00:04] [worker #7] Bootstrap tree #456, logLikelihood: -655.309520
[00:00:04] [worker #1] Bootstrap tree #450, logLikelihood: -635.889931
[00:00:04] [worker #15] Bootstrap tree #464, logLikelihood: -623.189806
[00:00:04] [worker #20] Bootstrap tree #469, logLikelihood: -642.923340
[00:00:04] [worker #19] Bootstrap tree #468, logLikelihood: -633.009181
[00:00:04] [worker #8] Bootstrap tree #457, logLikelihood: -635.631016
[00:00:04] [worker #29] Bootstrap tree #478, logLikelihood: -658.253131
[00:00:04] [worker #22] Bootstrap tree #471, logLikelihood: -629.963902
[00:00:04] [worker #30] Bootstrap tree #479, logLikelihood: -663.506083
[00:00:04] [worker #3] Bootstrap tree #452, logLikelihood: -646.578032
[00:00:04] [worker #4] Bootstrap tree #453, logLikelihood: -646.522238
[00:00:04] [worker #13] Bootstrap tree #462, logLikelihood: -582.875604
[00:00:04] [worker #28] Bootstrap tree #477, logLikelihood: -629.381968
[00:00:04] [worker #2] Bootstrap tree #451, logLikelihood: -672.635766
-646.297471[
00:04] [worker #31] Bootstrap tree #480, logLikelihood: -643.580782
[00:00:04] [worker #25] Bootstrap tree #474, logLikelihood: -642.839960
[00:00:04] [worker #10] Bootstrap tree #459, logLikelihood: -646.297475
[00:00:04] [worker #5] Bootstrap tree #454, logLikelihood: -666.145650
[00:00:04] [worker #18] Bootstrap tree #467, logLikelihood: -638.131828
[00:00:04] [worker #14] Bootstrap tree #463, logLikelihood: -621.320067
[00:00:04] [worker #17] Bootstrap tree #466, logLikelihood: -620.443838
[00:00:04] [worker #0] Bootstrap tree #449, logLikelihood: -620.219627
[00:00:04] [worker #6] Bootstrap tree #455, logLikelihood: -646.297471
[00:00:04] [worker #11] Bootstrap tree #460, logLikelihood: -631.893637
[00:00:04] [worker #9] Bootstrap tree #458, logLikelihood: -621.227962
[00:00:04] [worker #16] Bootstrap tree #465, logLikelihood: -657.371342
[00:00:04] [worker #12] Bootstrap tree #493, logLikelihood: -632.206155
[00:00:04] [worker #23] Bootstrap tree #504, logLikelihood: -646.297475
[00:00:04] [worker #24] Bootstrap tree #473, logLikelihood: -650.517821
[00:00:04] [worker #7] Bootstrap tree #488, logLikelihood: -643.119245
[00:00:04] [worker #13] Bootstrap tree #494, logLikelihood: -650.192523
[00:00:04] [worker #2] Bootstrap tree #483, logLikelihood: -642.465824
-635.744777[00:00
-635.744777[00:00
:04] [worker #29] Bootstrap tree #510, logLikelihood: [-648.99147300
:00:04] [worker #25] Bootstrap tree #506, logLikelihood: -612.321255
[00:00:04] [worker #21] Bootstrap tree #502, logLikelihood: -634.821628
[00:00:04] [worker #1] Bootstrap tree #482, logLikelihood: -637.122329
[00:00:04] [worker #8] Bootstrap tree #489, logLikelihood: -634.318974
[00:00:04] [worker #20] Bootstrap tree #501, logLikelihood: -644.317631
[00:00:04] [worker #22] Bootstrap tree #503, logLikelihood: -649.865648
[00:00:04] [worker #5] Bootstrap tree #486, logLikelihood: -646.420055
[00:00:04] [worker #4] Bootstrap tree #485, logLikelihood: -642.701448
[00:00:04] [worker #19] Bootstrap tree #500, logLikelihood: -678.723954
[00:00:04] [[worker #27] Bootstrap tree #5080, logLikelihood: :00:04] [worker #6] Bootstrap tree #487, logLikelihood: -657.817609-639.090811
[00:00:04] [[worker #27] Bootstrap tree #5080, logLikelihood: :00:04] [worker #6] Bootstrap tree #487, logLikelihood: -657.817609-639.090811

[00:00:04] [worker #31] Bootstrap tree #512, logLikelihood: -605.082164
[00:00:04] [worker #17] Bootstrap tree #498, logLikelihood: -640.178559
[worker #14] [00:00:04] [worker #28] Bootstrap tree #509, logLikelihood: Bootstrap tree #495, logLikelihood: -631.240253-624.436223
[worker #14] [00:00:04] [worker #28] Bootstrap tree #509, logLikelihood: Bootstrap tree #495, logLikelihood: -631.240253-624.436223

[00:00:04] [worker #26] Bootstrap tree #507, logLikelihood: -655.238808
[worker #10] Bootstrap tree #491, logLikelihood: -646.297471
[00:00:04] [worker #3] Bootstrap tree #484, logLikelihood: -633.289758
[00:00:04] [worker #30] Bootstrap tree #511, logLikelihood: -624.168628
[00:00:04] [worker #11] Bootstrap tree #492, logLikelihood: -621.483039
[00:00:04] [worker #18] Bootstrap tree #499, logLikelihood: -646.297471
[00:00:04] [worker #16] Bootstrap tree #497, logLikelihood: -623.497662
[00:00:04] [worker #9] Bootstrap tree #490, logLikelihood: -630.122329
[00:00:04] [worker #24] Bootstrap tree #505, logLikelihood: -662.086573
[00:00:04] [worker #0] Bootstrap tree #481, logLikelihood: -620.978217
[00:00:05] [worker #8] Bootstrap tree #521, logLikelihood: -646.229860
[00:00:05] [worker #17] Bootstrap tree #530, logLikelihood: -605.842018
[00:00:05] [worker #13] Bootstrap tree #526, logLikelihood: -641.060407
[00:00:05] [worker #27] Bootstrap tree #540, logLikelihood: -650.296021
[00:00:05] [worker #11] Bootstrap tree #524, logLikelihood: -651.246339
[00:00:05] [worker #5] Bootstrap tree #518, logLikelihood: -635.596715
[00:00:05] [worker #21] Bootstrap tree #534, logLikelihood: -644.636856
[00:00:05] [worker #1] Bootstrap tree #514, logLikelihood: -656.800280
[00:00:05] [worker #26] Bootstrap tree #539, logLikelihood: -646.297475
[00:00:05] [worker #2] Bootstrap tree #515, logLikelihood: -632.035669
[00:00:05] [worker #28] Bootstrap tree #541, logLikelihood: -618.084802
[00:00:05] [worker #0] Bootstrap tree #513, logLikelihood: -639.373276
[00:00:05] [worker #31] Bootstrap tree #544, logLikelihood: -658.528873
[00:00:05] [worker #20] Bootstrap tree #533, logLikelihood: -662.451037
00:00:05] [worker #22] Bootstrap tree #535, logLikelihood: [00:00:05] [worker #23] Bootstrap tree #536, logLikelihood: 
00:00:05] [worker #22] Bootstrap tree #535, logLikelihood: [00:00:05] [worker #23] Bootstrap tree #536, logLikelihood: 
-620.113944
[00:00:05] [worker #24] Bootstrap tree #537, logLikelihood: -640.567425
[00:00:05] [worker #15] Bootstrap tree #528, logLikelihood: [-647.94537800
[00:00:05] [worker #15] Bootstrap tree #528, logLikelihood: [-647.94537800
:00:05] [worker #16] Bootstrap tree #529, logLikelihood: -656.691847
[00:00:05] [worker #6] Bootstrap tree #519, logLikelihood: -623.680676
[00:00:05] [worker #18] Bootstrap tree #531, logLikelihood: -646.311112
[00:00:05] [worker #12] Bootstrap tree #525, logLikelihood: -651.578623
[00:00:05] [worker #25] Bootstrap tree #538, logLikelihood: -667.465759
[00:00:05] [worker #19] Bootstrap tree #532, logLikelihood: -646.297471
[00:00:05] [worker #10] Bootstrap tree #523, logLikelihood: -599.407166
[00:00:05] [worker #29] Bootstrap tree #542, logLikelihood: -651.548037
[00:00:05] [worker #4] Bootstrap tree #517, logLikelihood: -650.924365
[00:00:05] [worker #30] Bootstrap tree #543, logLikelihood: -633.988958
[00:00:05] [worker #7] Bootstrap tree #520, logLikelihood: -646.297475
[00:00:05] [worker #3] Bootstrap tree #516, logLikelihood: -625.029805
[00:00:05] [worker #14] Bootstrap tree #527, logLikelihood: -618.921366
[00:00:05] [worker #9] Bootstrap tree #522, logLikelihood: -641.023315
[00:00:05] [worker #8] Bootstrap tree #553, logLikelihood: -611.402327
[00:00:05] [worker #27] Bootstrap tree #572, logLikelihood: -618.687436
[00:00:05] [worker #1] Bootstrap tree #546, logLikelihood: -628.702525
[00:00:05] [worker #5] Bootstrap tree #550, logLikelihood: -646.297475
[00:00:05] [worker #13] Bootstrap tree #558, logLikelihood: -671.265471
[00:00:05] [worker #17] Bootstrap tree #562, logLikelihood: -614.233949
[00:00:05] [worker #21] Bootstrap tree #566, logLikelihood: -649.968709
[00:00:05] [worker #11] Bootstrap tree #556, logLikelihood: -642.389592
[00:00:05] [worker #2] Bootstrap tree #547, logLikelihood: -636.424082
[00:00:05] [worker #22] Bootstrap tree #567, logLikelihood: -650.630746
[00:00:05] [worker #26] Bootstrap tree #571, logLikelihood: -661.582541
[00:00:05] [worker #25] Bootstrap tree #570, logLikelihood: -609.609681
[00:00:05] [worker #23] Bootstrap tree #568, logLikelihood: -635.090800
[00:00:05] [worker #12] Bootstrap tree #557, logLikelihood: -669.632553
[00:00:05] [worker #9] Bootstrap tree #554, logLikelihood: -653.340401
[00:00:05] [worker #16] Bootstrap tree #561, logLikelihood: -629.790942
[00:00:05] [worker #14] Bootstrap tree #559, logLikelihood: -619.657263
[00:00:05] [worker #15] Bootstrap tree #560, logLikelihood: -643.391472
[00:00:05] [worker #4] Bootstrap tree #549, logLikelihood: -631.043275
[00:00:05] [worker #31] Bootstrap tree #576, logLikelihood: -657.751144
[00:00:05] [worker #24] Bootstrap tree #569, logLikelihood: -646.297475
[00:00:05] [worker #6] Bootstrap tree #551, logLikelihood: -656.569060
[00:00:05] [worker #19] Bootstrap tree #564, logLikelihood: -631.336962
[00:00:05] [worker #29] Bootstrap tree #574, logLikelihood: -657.264059
[00:00:05] [worker #0] Bootstrap tree #545, logLikelihood: -590.752163
[00:00:05] [worker #7] Bootstrap tree #552, logLikelihood: -669.662395
[00:00:05] [worker #28] Bootstrap tree #573, logLikelihood: -670.690301
[00:00:05] [worker #18] Bootstrap tree #563, logLikelihood: -645.259214
[00:00:05] [worker #10] Bootstrap tree #555, logLikelihood: -645.457675
[00:00:05] [worker #30] Bootstrap tree #575, logLikelihood: -653.449856
[00:00:05] [worker #3] Bootstrap tree #548, logLikelihood: -620.449560
[00:00:05] [worker #20] Bootstrap tree #565, logLikelihood: -613.604720
[00:00:05] [worker #16] Bootstrap tree #593, logLikelihood: -640.531013
[00:00:05] [worker #11] Bootstrap tree #588, logLikelihood: -685.641313
[00:00:05] [worker #29] Bootstrap tree #606, logLikelihood: -632.619259
[00:00:05] [worker #15] Bootstrap tree #592, logLikelihood: -579.423185
[00:00:05] [worker #8] Bootstrap tree #585, logLikelihood: -621.853719
[00:00:05] [worker #1] Bootstrap tree #578, logLikelihood: -643.472260
[00:00:05] [worker #5] Bootstrap tree #582, logLikelihood: -664.490666
[00:00:05] [worker #22] Bootstrap tree #599, logLikelihood: -677.890765
[00:00:05] [worker #2] Bootstrap tree #579, logLikelihood: -646.297471
[00:00:05] [worker #13] Bootstrap tree #590, logLikelihood: -617.694502
[00:00:05] [worker #25] Bootstrap tree #602, logLikelihood: -662.964239
[00:00:05] [worker #7] Bootstrap tree #584, logLikelihood: -665.396926
[00:00:05] [worker #18] Bootstrap tree #595, logLikelihood: -619.941273
[00:00:05] [worker #21] Bootstrap tree #598, logLikelihood: -643.156004
[00:00:05] [worker #30] Bootstrap tree #607, logLikelihood: -652.949760
[00:00:05] [worker #23] Bootstrap tree #600, logLikelihood: -623.643962
[00:00:05] [worker #4] Bootstrap tree #581, logLikelihood: -646.297475
[00:00:05] [worker #9] Bootstrap tree #586, logLikelihood: -642.269316
00:05] [worker #19] Bootstrap tree #596, logLikelihood: -634.845079
00:00:05] [worker #17] Bootstrap tree #594, logLikelihood: -662.548632
[00:00:05] [worker #12] Bootstrap tree #589, logLikelihood: -663.657955
[00:00:05] [worker #26] Bootstrap tree #603, logLikelihood: -659.024408
[00:00:05] [worker #0] Bootstrap tree #577, logLikelihood: -646.297475
[00:00:05] [worker #6] Bootstrap tree #583, logLikelihood: -641.171594
[00:00:05] [worker #3] Bootstrap tree #580, logLikelihood: -648.159618
[00:00:05] [worker #20] Bootstrap tree #597, logLikelihood: -638.939518
[00:00:05] [worker #14] Bootstrap tree #591, logLikelihood: -622.201596
[00:00:05] [worker #31] Bootstrap tree #608, logLikelihood: -631.568576
[00:00:05] [worker #16] Bootstrap tree #625, logLikelihood: -646.297475
[00:00:05] [worker #24] Bootstrap tree #601, logLikelihood: -663.160808
[00:00:05] [worker #10] Bootstrap tree #587, logLikelihood: -640.567916
[00:00:05] [worker #28] Bootstrap tree #605, logLikelihood: -651.121875
[00:00:05] [worker #11] Bootstrap tree #620, logLikelihood: -603.511435
[00:00:05] [worker #29] Bootstrap tree #638, logLikelihood: -646.297471
[00:00:05] [worker #27] Bootstrap tree #604, logLikelihood: -632.752215
[00:00:05] [worker #5] Bootstrap tree #614, logLikelihood: -638.282773

00:00:05] [worker #5] Bootstrap tree #614, logLikelihood: -638.282773
[00:00:05] [worker #12] Bootstrap tree #621, logLikelihood: -643.477041

[00:00:05] [worker #22] Bootstrap tree #631, logLikelihood: -672.544206
[00:00:05] [worker #8] Bootstrap tree #617, logLikelihood: -647.947447
[00:00:05] [worker #15] Bootstrap tree #624, logLikelihood: -619.391777
[00:00:05] [worker #23] Bootstrap tree #632, logLikelihood: -608.291622
[00:00:05] [worker #21] Bootstrap tree #630, logLikelihood: -646.297475
[00:00:05] [worker #20] Bootstrap tree #629, logLikelihood: -641.498304
[00:00:05] [worker #18] Bootstrap tree #627, logLikelihood: -640.575622
[00:00:05] [worker #19] Bootstrap tree #628, logLikelihood: -691.951603
[00:00:05] [worker #7] Bootstrap tree #616, logLikelihood: -662.069413
[00:00:05] [worker #25] Bootstrap tree #634, logLikelihood: -628.576384
[00:00:05] [worker #13] Bootstrap tree #622, logLikelihood: -674.137402
[00:00:05] [worker #3] Bootstrap tree #612, logLikelihood: -617.522593
[00:00:05] [worker #1] Bootstrap tree #610, logLikelihood: -646.297475
[00:00:05] [worker #30] Bootstrap tree #639, logLikelihood: -628.902927
[00:00:05] [worker #0] Bootstrap tree #609, logLikelihood: -623.482404
[00:00:05] [worker #28] Bootstrap tree #637, logLikelihood: -637.711330
[00:00:05] [worker #9] Bootstrap tree #618, logLikelihood: -643.394920
[00:00:05] [worker #26] Bootstrap tree #635, logLikelihood: -619.302141
[00:00:05] [worker #10] Bootstrap tree #619, logLikelihood: -638.791158
[00:00:05] [worker #17] Bootstrap tree #626, logLikelihood: -646.297475
[00:00:05] [worker #4] Bootstrap tree #613, logLikelihood: -640.049757
[00:00:05] [worker #4] Bootstrap tree #613, logLikelihood: -640.049757
[00:00:05] [worker #14] Bootstrap tree #623, logLikelihood: -615.662478
[00:00:05] [worker #24] Bootstrap tree #633, logLikelihood: 0:00:05] [worker #27] Bootstrap tree #636, logLikelihood: -653.597846
[00:00:05] [worker #24] Bootstrap tree #633, logLikelihood: 0:00:05] [worker #27] Bootstrap tree #636, logLikelihood: -653.597846
-637.361371
[00:00:05] [worker #6] Bootstrap tree #615, logLikelihood: -622.490158
[00:00:05] [worker #31] Bootstrap tree #640, logLikelihood: -637.587954
[00:00:06] [worker #8] Bootstrap tree #649, logLikelihood: -646.297471
[00:00:06] [worker #27] Bootstrap tree #668, logLikelihood: -676.726992
[00:00:06] [worker #28] Bootstrap tree #669, logLikelihood: -646.411425
[00:00:06] [worker #13] Bootstrap tree #654, logLikelihood: -631.147656
[00:00:06] [worker #12] Bootstrap tree #653, logLikelihood: -640.752621
[00:00:06] [worker #18] Bootstrap tree #659, logLikelihood: -677.087671
00:00:06] [worker #2] Bootstrap tree #643, logLikelihood: -614.170142
[00:00:06] [worker #5] Bootstrap tree #646, logLikelihood: -604.588201
[00:00:06] [worker #26] Bootstrap tree #667, logLikelihood: -635.173031
[00:00:06] [worker #7] Bootstrap tree #648, logLikelihood: -628.341002
[00:00:06] [worker #3] Bootstrap tree #644, logLikelihood: -678.806947
[00:00:06] [worker #15] Bootstrap tree #656, logLikelihood: -630.720731
[00:00:06] [worker #16] Bootstrap tree #657, logLikelihood: -632.704098
[00:00:06] [worker #24] Bootstrap tree #665, logLikelihood: -628.071423
[00:00:06] [worker #4] Bootstrap tree #645, logLikelihood: -656.464853
[00:00:06] [worker #30] Bootstrap tree #671, logLikelihood: -646.435534
[00:00:06] [worker #29] Bootstrap tree #670, logLikelihood: -630.147982
[00:00:06] [worker #20] Bootstrap tree #661, logLikelihood: -635.621301
[00:00:06] [worker #22] Bootstrap tree #663, logLikelihood: -639.086457
[00:00:06] [worker #9] Bootstrap tree #650, logLikelihood: -664.132185
[00:00:06] [worker #31] Bootstrap tree #672, logLikelihood: -643.910974
[00:00:06] [worker #0] Bootstrap tree #641, logLikelihood: -628.190316
[00:00:06] [worker #14] Bootstrap tree #655, logLikelihood: -638.572725
[00:00:06] [worker #11] Bootstrap tree #652, logLikelihood: -648.950817
[00:00:06] [worker #25] Bootstrap tree #666, logLikelihood: -651.973173
[00:00:06] [worker #23] Bootstrap tree #664, logLikelihood: -631.792743
[00:00:06] [worker #17] Bootstrap tree #658, logLikelihood: -612.860445
[00:00:06] [worker #1] Bootstrap tree #642, logLikelihood: -628.703481
[00:00:06] [worker #6] Bootstrap tree #647, logLikelihood: -625.301912
[00:00:06] [worker #21] Bootstrap tree #662, logLikelihood: -651.128461
[00:00:06] [worker #19] Bootstrap tree #660, logLikelihood: -646.297474
[00:00:06] [worker #13] Bootstrap tree #686, logLikelihood: -646.297475
00:00:06] [worker #12] Bootstrap tree #685, logLikelihood: -658.518362
[00:00:06] [worker #10] Bootstrap tree #651, logLikelihood: -617.991103
[00:00:06] [worker #26] Bootstrap tree #699, logLikelihood: -618.667349
[00:00:06] [worker #27] Bootstrap tree #700, logLikelihood: -643.863589
[00:00:06] [worker #8] Bootstrap tree #681, logLikelihood: -657.561009
[00:00:06] [worker #5] Bootstrap tree #678, logLikelihood: -644.374250
[00:00:06] [worker #2] Bootstrap tree #675, logLikelihood: -666.207762
[00:00:06] [worker #28] Bootstrap tree #701, logLikelihood: -671.384711
[00:00:06] [worker #16] Bootstrap tree #689, logLikelihood: -661.155512
[00:00:06] [worker #29] Bootstrap tree #702, logLikelihood: -646.360055
[00:00:06] [worker #20] Bootstrap tree #693, logLikelihood: -608.269489
[00:00:06] [worker #18] Bootstrap tree #691, logLikelihood: -635.005279
[00:00:06] [worker #15] Bootstrap tree #688, logLikelihood: -646.297475
[00:00:06] [worker #3] Bootstrap tree #676, logLikelihood: -675.761639
[00:00:06] [worker #4] Bootstrap tree #677, logLikelihood: [
[00:00:06] [worker #4] Bootstrap tree #677, logLikelihood: [
00:00:06] [worker #24] Bootstrap tree #697, logLikelihood: -626.968119
[00:00:06] [worker #7] Bootstrap tree #680, logLikelihood: -680.956261
[00:00:06] [worker #22] Bootstrap tree #695, logLikelihood: -656.291978
[00:00:06] [worker #30] Bootstrap tree #703, logLikelihood: -612.863935
[00:00:06] [worker #6] Bootstrap tree #679, logLikelihood: -616.885936
[00:00:06] [worker #19] Bootstrap tree #692, logLikelihood: -630.964139
[00:00:06] [worker #9] Bootstrap tree #682, logLikelihood: -635.605881
[00:00:06] [worker #31] Bootstrap tree #704, logLikelihood: -646.245485
[00:00:06] [worker #21] Bootstrap tree #694, logLikelihood: -658.664105
[00:00:06] [worker #0] Bootstrap tree #673, logLikelihood: -639.423543
[00:00:06] [worker #17] Bootstrap tree #690, logLikelihood: -623.582338
[00:00:06] [worker #25] Bootstrap tree #698, logLikelihood: -621.862394
[00:00:06] [worker #14] Bootstrap tree #687, logLikelihood: -638.292561
[00:00:06] [worker #23] Bootstrap tree #696, logLikelihood: -618.771727
[00:00:06] [worker #1] Bootstrap tree #674, logLikelihood: -638.808962
[00:00:06] [worker #11] Bootstrap tree #684, logLikelihood: -647.581967
[00:00:06] [worker #10] Bootstrap tree #683, logLikelihood: -638.289927
[00:00:07] [worker #8] Bootstrap tree #713, logLikelihood: -677.156311
[00:00:07] [worker #30] Bootstrap tree #735, logLikelihood: -653.838475
[00:00:07] [worker #16] Bootstrap tree #721, logLikelihood: -625.832530
[00:00:07] [worker #13] Bootstrap tree #718, logLikelihood: -682.775829
[00:00:07] [worker #4] Bootstrap tree #709, logLikelihood: -630.330355
[00:00:07] [worker #12] Bootstrap tree #717, logLikelihood: -633.542885
[00:00:07] [worker #11] Bootstrap tree #716, logLikelihood: -684.669286
[00:00:07] [worker #9] Bootstrap tree #714, logLikelihood: -643.331176
[00:00:07] [worker #19] Bootstrap tree #724, logLikelihood: -622.541445
[00:00:07] [worker #15] Bootstrap tree #720, logLikelihood: -603.309689
[00:00:07] [worker #0] Bootstrap tree #705, logLikelihood: -670.444148
[00:00:07] [worker #22] Bootstrap tree #727, logLikelihood: -655.012125
[00:00:07] [worker #23] Bootstrap tree #728, logLikelihood: -621.451922
[00:00:07] [worker #29] Bootstrap tree #734, logLikelihood: -646.297471
[00:00:07] [worker #31] Bootstrap tree #736, logLikelihood: -665.953113
[00:00:07] [worker #27] Bootstrap tree #732, logLikelihood: -640.507947
:00-640.072039:07] [worker #18] Bootstrap tree #723, logLikelihood: -614.762970
:00-640.072039:07] [worker #18] Bootstrap tree #723, logLikelihood: -614.762970

[00:00:07] [worker #2] Bootstrap tree #707, logLikelihood: -643.029701
[00:00:07] [worker #2] Bootstrap tree #707, logLikelihood: -643.029701
[00:00:07] [worker #21] Bootstrap tree #726, logLikelihood: -646.297475
[00:00:07] [worker #2] Bootstrap tree #707, logLikelihood: -643.029701
[00:00:07] [worker #21] Bootstrap tree #726, logLikelihood: -646.297475
[00:00:07] [worker #24] Bootstrap tree #729, logLikelihood: -621.735715
[00:00:07] [worker #2] Bootstrap tree #707, logLikelihood: -643.029701
[00:00:07] [worker #21] Bootstrap tree #726, logLikelihood: -646.297475
[00:00:07] [worker #24] Bootstrap tree #729, logLikelihood: -621.735715
[00:00:07] [worker #20] Bootstrap tree #725, logLikelihood: -651.290909
[00:00:07] [worker #25] Bootstrap tree #730, logLikelihood: -693.646848
[00:00:07] [worker #26] Bootstrap tree #731, logLikelihood: -646.297475
[00:00:07] [worker #17] Bootstrap tree #722, logLikelihood: -646.575743
[00:00:07] [worker #28] Bootstrap tree #733, logLikelihood: -629.333764
[00:00:07] [worker #14] Bootstrap tree #719, logLikelihood: -675.998449
[00:00:07] [worker #16] Bootstrap tree #753, logLikelihood: -619.942432
[00:00:07] [worker #7] Bootstrap tree #712, logLikelihood: -623.573075
[00:00:07] [worker #5] Bootstrap tree #710, logLikelihood: -669.962832
[00:00:07] [worker #3] Bootstrap tree #708, logLikelihood: -641.632340
[00:00:07] [worker #6] Bootstrap tree #711, logLikelihood: -615.221605
[00:00:07] [worker #10] Bootstrap tree #715, logLikelihood: -626.776794
[00:00:07] [worker #8] Bootstrap tree #745, logLikelihood: -657.991116
[00:00:07] [worker #12] Bootstrap tree #749, logLikelihood: -629.868358
[00:00:07] [worker #4] Bootstrap tree #741, logLikelihood: -644.630411
[00:00:07] [worker #13] Bootstrap tree #750, logLikelihood: -624.893265
[00:00:07] [worker #30] Bootstrap tree #767, logLikelihood: -658.176629
[00:00:07] [worker #19] Bootstrap tree #756, logLikelihood: -646.297475
[00:00:07] [worker #9] Bootstrap tree #746, logLikelihood: -601.843422
[00:00:07] [worker #22] Bootstrap tree #759, logLikelihood: -615.820483
[00:00:07] [worker #23] Bootstrap tree #760, logLikelihood: -626.033626
[00:00:07] [worker #11] Bootstrap tree #748, logLikelihood: -649.337128
[00:00:07] [worker #15] Bootstrap tree #752, logLikelihood: -626.453799
[00:00:07] [worker #17] Bootstrap tree #754, logLikelihood: -635.806250
[00:00:07] [worker #21] Bootstrap tree #758, logLikelihood: -637.697907
[00:00:07] [worker #20] Bootstrap tree #757, logLikelihood: -668.952122
[00:00:07] [worker #31] Bootstrap tree #768, logLikelihood: -639.033703
[00:00:07] [worker #1] Bootstrap tree #738, logLikelihood: -636.614432
[00:00:07] [worker #29] Bootstrap tree #766, logLikelihood: -635.636218
[00:00:07] [worker #2] Bootstrap tree #739, logLikelihood: -645.931255
[00:00:07] [worker #5] Bootstrap tree #742, logLikelihood: -648.669266
[00:00:07] [worker #18] Bootstrap tree #755, logLikelihood: -622.129845
[00:00:07] [worker #26] Bootstrap tree #763, logLikelihood: -563.909153
[00:00:07] [worker #27] Bootstrap tree #764, logLikelihood: -626.466891
[00:00:07] [worker #24] Bootstrap tree #761, logLikelihood: -655.070182
[00:00:07] [worker #25] Bootstrap tree #762, logLikelihood: -677.649800
[00:00:07] [worker #7] Bootstrap tree #744, logLikelihood: -646.297475
[00:00:07] [worker #28] Bootstrap tree #765, logLikelihood: -677.986641
[00:00:07] [worker #3] Bootstrap tree #740, logLikelihood: -659.183908
[00:00:07] [worker #10] Bootstrap tree #747, logLikelihood: -633.284190
-660.992148
[00:00:07] [worker #0] Bootstrap tree #737, logLikelihood: -657.180235
[00:00:07] [worker #6] Bootstrap tree #743, logLikelihood: -613.073813
[00:00:08] [worker #25] Bootstrap tree #794, logLikelihood: -629.403353
[00:00:08] [worker #23] Bootstrap tree #792, logLikelihood: -657.657686
[00:00:08] [worker #7] Bootstrap tree #776, logLikelihood: -608.970037
[00:00:08] [worker #29] Bootstrap tree #798, logLikelihood: -648.186549
[00:00:08] [worker #11] Bootstrap tree #780, logLikelihood: -643.469856
00:00:08] [worker #12] Bootstrap tree #781, logLikelihood: -649.777438
[00:00:08] [worker #10] Bootstrap tree #779, logLikelihood: -636.920055
[00:00:08] [worker #6] Bootstrap tree #775, logLikelihood: -701.146471
[00:00:08] [worker #13] Bootstrap tree #782, logLikelihood: -646.297475
[00:00:08] [worker #16] Bootstrap tree #785, logLikelihood: -650.562166
[00:00:08] [worker #4] Bootstrap tree #773, logLikelihood: -624.475992
[00:00:08] [worker #17] Bootstrap tree #786, logLikelihood: -675.176454
[00:00:08] [worker #20] Bootstrap tree #789, logLikelihood: -638.303146
[00:00:08] [worker #15] Bootstrap tree #784, logLikelihood: -599.988365
[00:00:08] [worker #26] Bootstrap tree #795, logLikelihood: -651.967495
[00:00:08] [worker #24] Bootstrap tree #793, logLikelihood: -645.258351
[00:00:08] [worker #30] Bootstrap tree #799, logLikelihood: -619.466112
[00:00:08] [worker #9] Bootstrap tree #778, logLikelihood: -633.951947
[00:00:08] [worker #22] Bootstrap tree #791, logLikelihood: -698.435606
[00:00:08] [worker #21] Bootstrap tree #790, logLikelihood: -646.297475
[00:00:08] [worker #19] Bootstrap tree #788, logLikelihood: -641.236207
[00:00:08] [worker #1] Bootstrap tree #770, logLikelihood: -620.665476
[00:00:08] [worker #31] Bootstrap tree #800, logLikelihood: -625.228660
[00:00:08] [worker #27] Bootstrap tree #796, logLikelihood: -613.355813
[00:00:08] [worker #2] Bootstrap tree #771, logLikelihood: -628.755502
[00:00:08] [worker #28] Bootstrap tree #797, logLikelihood: -616.138173
[00:00:08] [worker #5] Bootstrap tree #774, logLikelihood: -589.582417
[00:00:08] [worker #14] Bootstrap tree #783, logLikelihood: -640.665790
[00:00:08] [worker #0] Bootstrap tree #769, logLikelihood: -648.560211
[00:00:08] [worker #3] Bootstrap tree #772, logLikelihood: -662.237011
[00:00:08] [worker #8] Bootstrap tree #777, logLikelihood: -679.704142
[00:00:08] [worker #18] Bootstrap tree #787, logLikelihood: -646.297475
[00:00:08] [worker #25] Bootstrap tree #826, logLikelihood: -671.015079
[00:00:08] [worker #7] Bootstrap tree #808, logLikelihood: -662.955114
[00:00:08] [worker #10] Bootstrap tree #811, logLikelihood: -638.057305
[00:00:08] [worker #12] Bootstrap tree #813, logLikelihood: -646.297475
[00:00:08] [worker #13] Bootstrap tree #814, logLikelihood: -641.639028
[00:00:08] [worker #29] Bootstrap tree #830, logLikelihood: -650.600901
[00:00:08] [worker #23] Bootstrap tree #824, logLikelihood: -627.922604
[00:00:08] [worker #24] Bootstrap tree #825, logLikelihood: -643.669079
[00:00:08] [worker #17] Bootstrap tree #818, logLikelihood: -626.338034
[00:00:08] [worker #16] Bootstrap tree #817, logLikelihood: -648.451048
[00:00:08] [worker #6] Bootstrap tree #807, logLikelihood: -649.651498
[00:00:08] [worker #9] Bootstrap tree #810, logLikelihood: -634.782795
00:00:08] [worker #11] Bootstrap tree #812, logLikelihood: -643.768303
[00:00:08] [worker #30] Bootstrap tree #831, logLikelihood: -655.404388
[00:00:08] [worker #3] Bootstrap tree #804, logLikelihood: -609.733863
[00:00:08] [worker #27] Bootstrap tree #828, logLikelihood: -657.361851
[00:00:08] [worker #21] Bootstrap tree #822, logLikelihood: -625.817965
[00:00:08] [worker #15] Bootstrap tree #816, logLikelihood: -647.217398
[00:00:08] [worker #20] Bootstrap tree #821, logLikelihood: -631.208665
[00:00:08] [worker #26] Bootstrap tree #827, logLikelihood: -613.334942
[00:00:08] [worker #28] Bootstrap tree #829, logLikelihood: -621.817117
-649.370062
[00:00:08] [worker #5] Bootstrap tree #806, logLikelihood: -618.828866
[00:00:08] [worker #4] Bootstrap tree #805, logLikelihood: -641.332667
[00:00:08] [worker #1] Bootstrap tree #802, logLikelihood: -635.758852
[00:00:08] [worker #22] Bootstrap tree #823, logLikelihood: -646.297475
[00:00:08] [worker #2] Bootstrap tree #803, logLikelihood: -667.420077
[00:00:08] [worker #8] Bootstrap tree #809, logLikelihood: -648.744644
[00:00:08] [worker #18] Bootstrap tree #819, logLikelihood: -615.767556
[00:00:08] [worker #14] Bootstrap tree #815, logLikelihood: -653.514573
[00:00:08] [worker #19] Bootstrap tree #820, logLikelihood: -589.422676
[00:00:08] [worker #0] Bootstrap tree #801, logLikelihood: -662.358095
[00:00:09] [worker #15] Bootstrap tree #848, logLikelihood: -633.031916
[00:00:09] [worker #24] Bootstrap tree #857, logLikelihood: -627.229144
[00:00:09] [worker #14] Bootstrap tree #847, logLikelihood: -619.426937
[00:00:09] [worker #31] Bootstrap tree #864, logLikelihood: -658.661525
[00:00:09] [worker #30] Bootstrap tree #863, logLikelihood: -605.823488
[00:00:09] [worker #19] Bootstrap tree #852, logLikelihood: -631.781565
[00:00:09] [worker #23] Bootstrap tree #856, logLikelihood: 00:00:09] [worker #13] Bootstrap tree #846, logLikelihood: -646.297475-636.401450

[00:00:09] [worker #23] Bootstrap tree #856, logLikelihood: 00:00:09] [worker #13] Bootstrap tree #846, logLikelihood: -646.297475-636.401450
[00:00:09] [worker #9] Bootstrap tree #842, logLikelihood: -653.756066
[00:00:09] [worker #27] Bootstrap tree #860, logLikelihood: -641.216793
[00:00:09] [worker #11] Bootstrap tree #844, logLikelihood: -624.523421
[00:00:09] [worker #7] Bootstrap tree #840, logLikelihood: [-639.5879410:
[00:00:09] [worker #7] Bootstrap tree #840, logLikelihood: [-639.5879410:
00:09] [worker #4] Bootstrap tree #837, logLikelihood: -642.387572
00:00:09] [worker #12] Bootstrap tree #845, logLikelihood: -641.070606
[00:00:09] [worker #10] Bootstrap tree #843, logLikelihood: -648.291173
[00:00:09] [worker #3] Bootstrap tree #836, logLikelihood: -638.500940
[00:00:09] [worker #29] Bootstrap tree #862, logLikelihood: -641.517328
[00:00:09] [worker #1] Bootstrap tree #834, logLikelihood: -628.271407
[00:00:09] [worker #17] Bootstrap tree #850, logLikelihood: -658.885076
[00:00:09] [worker #26] Bootstrap tree #859, logLikelihood: -643.428014
[00:00:09] [worker #16] Bootstrap tree #849, logLikelihood: -660.022937
[00:00:09] [worker #0] Bootstrap tree #833, logLikelihood: -647.568056
[00:00:09] [worker #2] Bootstrap tree #835, logLikelihood: -617.252375
[00:00:09] [worker #5] Bootstrap tree #838, logLikelihood: -639.052466
[00:00:09] [worker #8] Bootstrap tree #841, logLikelihood: -669.262217
[00:00:09] [worker #20] Bootstrap tree #853, logLikelihood: -639.561195
[00:00:09] [worker #25] Bootstrap tree #858, logLikelihood: -668.490849
[00:00:09] [worker #18] Bootstrap tree #851, logLikelihood: -612.958780
[00:00:09] [worker #22] Bootstrap tree #855, logLikelihood: -630.103501
[00:00:09] [worker #21] Bootstrap tree #854, logLikelihood: -636.042604
[00:00:09] [worker #6] Bootstrap tree #839, logLikelihood: -635.944162
[00:00:09] [worker #28] Bootstrap tree #861, logLikelihood: -646.297475
[00:00:09] [worker #14] Bootstrap tree #879, logLikelihood: -659.179206
[00:00:09] [worker #31] Bootstrap tree #896, logLikelihood: -631.999219
[00:00:09] [worker #24] Bootstrap tree #889, logLikelihood: -678.593597
[00:00:09] [worker #27] Bootstrap tree #892, logLikelihood: -613.751242
[00:00:09] [worker #30] Bootstrap tree #895, logLikelihood: -622.314676
[00:00:09] [worker #12] Bootstrap tree #877, logLikelihood: -629.066786
[00:00:09] [worker #15] Bootstrap tree #880, logLikelihood: -644.271116
[00:00:09] [worker #9] Bootstrap tree #874, logLikelihood: -625.119553
[00:00:09] [worker #13] Bootstrap tree #878, logLikelihood: -646.297474
[00:00:09] [worker #11] Bootstrap tree #876, logLikelihood: -661.524001
[00:00:09] [worker #5] Bootstrap tree #870, logLikelihood: -689.060469
[00:00:09] [worker #1] Bootstrap tree #866, logLikelihood: -649.236165
[00:00:09] [worker #8] Bootstrap tree #873, logLikelihood: -643.457300
[00:00:09] [worker #4] Bootstrap tree #869, logLikelihood: -614.299210
[00:00:09] [worker #19] Bootstrap tree #884, logLikelihood: -684.655603
[00:00:09] [worker #23] Bootstrap tree #888, logLikelihood: -624.327870
[00:00:09] [worker #2] Bootstrap tree #867, logLikelihood: -640.002955
[00:00:09] [worker #16] Bootstrap tree #881, logLikelihood: -647.889680
[00:00:09] [worker #21] Bootstrap tree #886, logLikelihood: -667.049750
[00:00:09] [worker #22] Bootstrap tree #887, logLikelihood: -656.042733
[00:00:09] [worker #7] Bootstrap tree #872, logLikelihood: -649.428083
[00:00:09] [worker #25] Bootstrap tree #890, logLikelihood: -641.779125
[00:00:09] [worker #18] Bootstrap tree #883, logLikelihood: -658.784065
[00:00:09] [worker #20] Bootstrap tree #885, logLikelihood: -646.297471
[00:00:09] [worker #29] Bootstrap tree #894, logLikelihood: -669.038962
[00:00:09] [worker #3] Bootstrap tree #868, logLikelihood: -671.108009
[00:00:09] [worker #10] Bootstrap tree #875, logLikelihood: -608.533362
[00:00:09] [worker #26] Bootstrap tree #891, logLikelihood: -641.750762
[00:00:09] [worker #17] Bootstrap tree #882, logLikelihood: -616.263883
[00:00:09] [worker #6] Bootstrap tree #871, logLikelihood: -663.396489
[00:00:09] [worker #28] Bootstrap tree #893, logLikelihood: -636.061266
[00:00:09] [worker #0] Bootstrap tree #865, logLikelihood: -628.976122
[00:00:10] [worker #18] Bootstrap tree #915, logLikelihood: -636.006484
[00:00:10] [worker #24] Bootstrap tree #921, logLikelihood: -628.260354
[00:00:10] [worker #26] Bootstrap tree #923, logLikelihood: -640.127907
[00:00:10] [worker #1] Bootstrap tree #898, logLikelihood: -628.254527
Bootstrap tree #925, logLikelihood: -621.371379
[00:00:10] [worker #14] Bootstrap tree #911, logLikelihood: -618.895541
[00:00:10] [worker #4] Bootstrap tree #901, logLikelihood: -629.920571
[00:00:10] [worker #25] Bootstrap tree #922, logLikelihood: -633.811194
[00:00:10] [worker #7] Bootstrap tree #904, logLikelihood: -658.100688
[00:00:10] [worker #9] Bootstrap tree #906, logLikelihood: -618.177374
[00:00:10] [worker #8] Bootstrap tree #905, logLikelihood: -663.318575
[00:00:10] [worker #16] Bootstrap tree #913, logLikelihood: -625.193968
[00:00:10] [worker #21] Bootstrap tree #918, logLikelihood: -646.262576
[00:00:10] [worker #10] Bootstrap tree #907, logLikelihood: -634.380698
[00:00:10] [worker #17] Bootstrap tree #914, logLikelihood: -632.641886
919, logLikelihood: -621.456980
[00:00:10] [worker #27] Bootstrap tree #924, logLikelihood: -654.626194
[00:00:10] [worker #2] Bootstrap tree #899, logLikelihood: -683.839235
[00:00:10] [worker #12] Bootstrap tree #909, logLikelihood: -640.237046
[00:00:10] [worker #19] Bootstrap tree #916, logLikelihood: -669.494503
00[00:00:10] [worker #15] Bootstrap tree #912, logLikelihood: -610.506995:
[00:00:10] [worker #23] Bootstrap tree #920, logLikelihood: -693.544319
[00:00:10] [worker #31] Bootstrap tree #928, logLikelihood: -639.938957
[00:00:10] [worker #20] Bootstrap tree #917, logLikelihood: -632.878323
[00:00:10] [worker #6] Bootstrap tree #903, logLikelihood: -646.297475
[00:00:10] [worker #0] Bootstrap tree #897, logLikelihood: -636.033298
[00:00:10] [worker #30] Bootstrap tree #927, logLikelihood: -634.784958
[00:00:10] [worker #13] Bootstrap tree #910, logLikelihood: -646.630620
[00:00:10] [worker #3] Bootstrap tree #900, logLikelihood: -651.155068
[00:00:10] [worker #5] Bootstrap tree #902, logLikelihood: -644.382610
[00:00:10] [worker #29] Bootstrap tree #926, logLikelihood: -614.397946
[00:00:10] [worker #26] Bootstrap tree #955, logLikelihood: -627.295956
[00:00:10] [worker #18] Bootstrap tree #947, logLikelihood: -672.027948
[00:00:10] [worker #16] Bootstrap tree #945, logLikelihood: -638.873850
[00:00:10] [worker #24] Bootstrap tree #953, logLikelihood: -632.235673
[00:00:10] [worker #9] Bootstrap tree #938, logLikelihood: -633.736025
[00:00:10] [worker #4] Bootstrap tree #933, logLikelihood: [-658.452118
:10
[worker #8] Bootstrap tree #937, logLikelihood: -604.448164
[00:00:10] [worker #14] Bootstrap tree #943, logLikelihood: -644.952993
[00:00:10] [worker #25] Bootstrap tree #954, logLikelihood: -651.397409
[00:00:10] [worker #2] Bootstrap tree #931, logLikelihood: -642.317465
[00:00:10] [worker #27] Bootstrap tree #956, logLikelihood: -598.020169
[00:00:10] [worker #1] Bootstrap tree #930, logLikelihood: -634.343155
[00:00:10] [worker #22] Bootstrap tree #951, logLikelihood: -641.133185
[00:00:10] [worker #12] Bootstrap tree #941, logLikelihood: -671.607061
[00:00:10] [worker #10] Bootstrap tree #939, logLikelihood: -603.395695
[00:00:10] [worker #17] Bootstrap tree #946, logLikelihood: -635.289614
[00:00:10] [worker #21] Bootstrap tree #950, logLikelihood: -623.664252
[00:00:10] [worker #31] Bootstrap tree #960, logLikelihood: -637.111247
[00:00:10] [worker #15] Bootstrap tree #944, logLikelihood: -629.112957
[00:00:10] [worker #7] Bootstrap tree #936, logLikelihood: -607.813351
[00:00:10] [worker #19] Bootstrap tree #948, logLikelihood: -640.576355
[00:00:10] [worker #11] Bootstrap tree #940, logLikelihood: -633.369653
[00:00:10] [worker #20] Bootstrap tree #949, logLikelihood: -643.203349
[00:00:10] [worker #23] Bootstrap tree #952, logLikelihood: -630.893548
[00:00:10] [worker #13] Bootstrap tree #942, logLikelihood: -626.373696
[00:00:10] [worker #30] Bootstrap tree #959, logLikelihood: -640.632162
[00:00:10] [worker #0] Bootstrap tree #929, logLikelihood: -645.015953
[00:00:10] [worker #3] Bootstrap tree #932, logLikelihood: -640.896843
[00:00:10] [worker #6] Bootstrap tree #935, logLikelihood: -678.577468
[00:00:10] [worker #5] Bootstrap tree #934, logLikelihood: -623.887689
[00:00:10] [worker #29] Bootstrap tree #958, logLikelihood: -615.004887
[00:00:11] [worker #26] Bootstrap tree #987, logLikelihood: -637.181385
[00:00:11] [worker #14] Bootstrap tree #975, logLikelihood: [00:00:11] -637.018540[worker #22] Bootstrap tree #983, logLikelihood: 
[00:00:11] [worker #14] Bootstrap tree #975, logLikelihood: [00:00:11] -637.018540[worker #22] Bootstrap tree #983, logLikelihood: 
-633.957649
[00:00:11] [worker #28] Bootstrap tree #989, logLikelihood: [-633.472090

[00:00:11] [worker #2] Bootstrap tree #963, logLikelihood: -618.694846
[00:00:11] [worker #1] Bootstrap tree #962, logLikelihood: -606.554433
[00:00:11] [worker #25] Bootstrap tree #986, logLikelihood: -658.237533
[00:00:11] [worker #30] Bootstrap tree #991, logLikelihood: -636.271794
[00:00:11] [worker #17] Bootstrap tree #978, logLikelihood: -640.089473
[00:00:11] [worker #27] Bootstrap tree #988, logLikelihood: -640.956318
[00:00:11] [worker #5] Bootstrap tree #966, logLikelihood: -629.816586
[00:00:11] [worker #10] Bootstrap tree #971, logLikelihood: -654.985870
[00:00:11] [worker #21] Bootstrap tree #982, logLikelihood: -641.192658
[00:00:11] [worker #7] Bootstrap tree #968, logLikelihood: -646.195872
[00:00:11] [worker #16] Bootstrap tree #977, logLikelihood: -608.430188
[00:00:11] [worker #3] Bootstrap tree #964, logLikelihood: -646.297475
[00:00:11] [worker #4] Bootstrap tree #965, logLikelihood: -643.266338
[00:00:11] [worker #18] Bootstrap tree #979, logLikelihood: -645.554909
[00:00:11] [worker #13] Bootstrap tree #974, logLikelihood: -641.100982
[00:00:11] [worker #15] Bootstrap tree #976, logLikelihood: -637.103407
[00:00:11] [worker #19] Bootstrap tree #980, logLikelihood: -653.971819
985, logLikelihood: -636.387346
[00:00:11] [worker #23] Bootstrap tree #984, logLikelihood: -660.612843
-667.793162
[00:00:11] [worker #12] Bootstrap tree #973, logLikelihood: -709.861358
[00:00:11] [worker #11] Bootstrap tree #972, logLikelihood: -629.294155
[00:00:11] [worker #6] Bootstrap tree #967, logLikelihood: -659.335078
[00:00:11] [worker #31] Bootstrap tree #992, logLikelihood: -651.428459
[00:00:11] [worker #29] Bootstrap tree #990, logLikelihood: -645.508970
[00:00:11] [worker #0] Bootstrap tree #961, logLikelihood: -645.873538
[00:00:11] [worker #20] Bootstrap tree #981, logLikelihood: -635.264227
[00:00:11] [worker #1] Bootstrap tree #994, logLikelihood: -639.584840
[00:00:11] [worker #2] Bootstrap tree #995, logLikelihood: -641.847354
998, logLikelihood: -665.885777
[00:00:11] [worker #4] Bootstrap tree #997, logLikelihood: 00:00:11] [worker #7] Bootstrap tree #1000, logLikelihood: 
[00:00:11] [worker #4] Bootstrap tree #997, logLikelihood: 00:00:11] [worker #7] Bootstrap tree #1000, logLikelihood: 
[-626.543138
Bootstrap tree #996, logLikelihood: -647.578277
[00:00:11] [worker #6] Bootstrap tree #999, logLikelihood: -646.113064
[00:00:11] [worker #0] Bootstrap tree #993, logLikelihood: -674.780549

Optimized model parameters:

   Partition 0: noname
   Rate heterogeneity: GAMMA (4 cats, mean),  alpha: 99.846312 (ML),  weights&rates: (0.250000,0.875813) (0.250000,0.964710) (0.250000,1.029570) (0.250000,1.129908) 
   Base frequencies (ML): 0.371561 0.121577 0.076475 0.430386 
   Substitution rates (ML): 1.467178 1.167531 0.001000 0.001000 1.263811 1.000000 


Final LogLikelihood: -646.297468

AIC score: 1360.594936 / AICc score: 1365.605462 / BIC score: 1504.564901
Free parameters (model + branch lengths): 34

WARNING: Best ML tree contains 8 near-zero branches!

Best ML tree with collapsed near-zero branches saved to: /mnt/lustre/RDS-live/downing/LSDV/GTPV_SPPV/results_GTPV/LSDV015.raxml.bestTreeCollapsed
Best ML tree saved to: /mnt/lustre/RDS-live/downing/LSDV/GTPV_SPPV/results_GTPV/LSDV015.raxml.bestTree
All ML trees saved to: /mnt/lustre/RDS-live/downing/LSDV/GTPV_SPPV/results_GTPV/LSDV015.raxml.mlTrees
Best ML tree with Felsenstein bootstrap (FBP) support values saved to: /mnt/lustre/RDS-live/downing/LSDV/GTPV_SPPV/results_GTPV/LSDV015.raxml.supportFBP
Best ML tree with Transfer bootstrap (TBE) support values saved to: /mnt/lustre/RDS-live/downing/LSDV/GTPV_SPPV/results_GTPV/LSDV015.raxml.supportTBE
Optimized model saved to: /mnt/lustre/RDS-live/downing/LSDV/GTPV_SPPV/results_GTPV/LSDV015.raxml.bestModel
Bootstrap trees saved to: /mnt/lustre/RDS-live/downing/LSDV/GTPV_SPPV/results_GTPV/LSDV015.raxml.bootstraps

Execution log saved to: /mnt/lustre/RDS-live/downing/LSDV/GTPV_SPPV/results_GTPV/LSDV015.raxml.log

Analysis started: 24-Nov-2025 14:00:54 / finished: 24-Nov-2025 14:01:07

Elapsed time: 12.978 seconds

