
RAxML-NG v. 1.2.2 released on 11.04.2024 by The Exelixis Lab.
Developed by: Alexey M. Kozlov and Alexandros Stamatakis.
Contributors: Diego Darriba, Tomas Flouri, Benoit Morel, Sarah Lutteropp, Ben Bettisworth, Julia Haag, Anastasis Togkousidis.
Latest version: https://github.com/amkozlov/raxml-ng
Questions/problems/suggestions? Please visit: https://groups.google.com/forum/#!forum/raxml

System: AMD EPYC 7543P 32-Core Processor, 32 cores, 995 GB RAM

RAxML-NG was called at 24-Nov-2025 14:04:00 as follows:

raxml-ng --all --msa region_LSDV023.aln --model GTR+G --prefix LSDV023 --seed 123 --bs-metric fbp,tbe --redo

Analysis options:
  run mode: ML tree search + bootstrapping (Felsenstein Bootstrap + Transfer Bootstrap)
  start tree(s): random (10) + parsimony (10)
  bootstrap replicates: parsimony (max: 1000) + bootstopping (autoMRE, cutoff: 0.030000)
  random seed: 123
  tip-inner: OFF
  pattern compression: ON
  per-rate scalers: OFF
  site repeats: ON
  logLH epsilon: general: 10.000000, brlen-triplet: 1000.000000
  fast spr radius: AUTO
  spr subtree cutoff: 1.000000
  fast CLV updates: ON
  branch lengths: proportional (ML estimate, algorithm: NR-FAST)
  SIMD kernels: AVX2
  parallelization: coarse-grained (auto), PTHREADS (auto)

WARNING: Running in REDO mode: existing checkpoints are ignored, and all result files will be overwritten!

[00:00:00] Reading alignment from file: region_LSDV023.aln
[00:00:00] Loaded alignment with 14 taxa and 220 sites

WARNING: Sequences NC_004003.1 and MW020570.1 are exactly identical!
WARNING: Sequences NC_004003.1 and MN072622.1 are exactly identical!
WARNING: Sequences NC_004003.1 and MN072621.1 are exactly identical!
WARNING: Sequences NC_004003.1 and MN072620.1 are exactly identical!
WARNING: Sequences NC_004003.1 and MH381810.1 are exactly identical!
WARNING: Sequences NC_004003.1 and KX576657.1 are exactly identical!
WARNING: Sequences NC_004003.1 and KC951854.1 are exactly identical!
WARNING: Sequences NC_004003.1 and AY077836.1 are exactly identical!
WARNING: Sequences NC_004003.1 and AY077835.1 are exactly identical!
WARNING: Sequences MN072625.1 and MN072624.1 are exactly identical!
WARNING: Sequences MN072625.1 and MN072623.1 are exactly identical!
WARNING: Duplicate sequences found: 11

NOTE: Reduced alignment (with duplicates and gap-only sites/taxa removed) 
NOTE: was saved to: /mnt/lustre/RDS-live/downing/LSDV/GTPV_SPPV/results_GTPV/LSDV023.raxml.reduced.phy

Alignment comprises 1 partitions and 7 patterns

Partition 0: noname
Model: GTR+FO+G4m
Alignment sites / patterns: 220 / 7
Gaps: 0.00 %
Invariant sites: 98.64 %


NOTE: Binary MSA file created: LSDV023.raxml.rba

Parallelization scheme autoconfig: 32 worker(s) x 1 thread(s)

[00:00:00] Generating 10 random starting tree(s) with 14 taxa
[00:00:00] Generating 10 parsimony starting tree(s) with 14 taxa
Parallel parsimony with 32 threads
Parallel reduction/worker buffer size: 1 KB  / 0 KB

[00:00:00] Data distribution: max. partitions/sites/weight per thread: 1 / 7 / 112
[00:00:00] Data distribution: max. searches per worker: 33

Starting ML tree search with 20 distinct starting trees

[00:00:00] [worker #16] ML tree search #17, logLikelihood: -296.569105
[00:00:00] [worker #0] ML tree search #1, logLikelihood: -296.554620
[00:00:00] [worker #18] ML tree search #19, logLikelihood: -296.569140
[00:00:00] [worker #1] ML tree search #2, logLikelihood: -296.554526
[00:00:00] [worker #15] ML tree search #16, logLikelihood: -296.569111
[00:00:00] [worker #10] ML tree search #11, logLikelihood: -296.569133
[00:00:00] [worker #12] ML tree search #13, logLikelihood: -296.569131
[00:00:00] [worker #11] ML tree search #12, logLikelihood: -296.569117
[00:00:00] [worker #4] ML tree search #5, logLikelihood: -296.552764
[00:00:00] [worker #13] ML tree search #14, logLikelihood: -296.569133
[00:00:00] [worker #19] ML tree search #20, logLikelihood: -296.569125
[00:00:00] [worker #14] ML tree search #15, logLikelihood: -296.569112
[00:00:00] [worker #6] ML tree search #7, logLikelihood: -296.554615
[00:00:00] [worker #17] ML tree search #18, logLikelihood: -296.569111
[00:00:00] [worker #2] ML tree search #3, logLikelihood: -296.554467
[00:00:00] [worker #7] ML tree search #8, logLikelihood: -296.554450
[00:00:00] [worker #5] ML tree search #6, logLikelihood: -296.556924
[00:00:00] [worker #3] ML tree search #4, logLikelihood: -296.554446
[00:00:00] [worker #9] ML tree search #10, logLikelihood: -296.554676
[00:00:00] [worker #8] ML tree search #9, logLikelihood: -296.554650

[00:00:00] ML tree search completed, best tree logLH: -296.552764

[00:00:00] Starting bootstrapping analysis with 1000 replicates.

[00:00:00] [worker #25] Bootstrap tree #26, logLikelihood: -291.339183
[00:00:00] [worker #12] Bootstrap tree #13, logLikelihood: -273.637918
[00:00:00] [worker #18] Bootstrap tree #19, logLikelihood: -283.529004
[00:00:00] [worker #1] Bootstrap tree #2, logLikelihood: -312.558293
[00:00:00] [worker #24] Bootstrap tree #25, logLikelihood: -296.283379
[00:00:00] [worker #28] Bootstrap tree #29, logLikelihood: -296.217837
[00:00:00] [worker #30] Bootstrap tree #31, logLikelihood: -292.809254
[00:00:00] [worker #22] Bootstrap tree #23, logLikelihood: -286.088118
[00:00:00] [worker #14] Bootstrap tree #15, logLikelihood: -291.700709
[00:00:00] [worker #16] Bootstrap tree #17, logLikelihood: -284.562449
[00:00:00] [worker #17] Bootstrap tree #18, logLikelihood: -301.632313
[00:00:00] [worker #8] Bootstrap tree #9, logLikelihood: -284.394064
[00:00:00] [worker #29] Bootstrap tree #30, logLikelihood: -296.569103
-296.569125[
00:00:00] [worker #11] Bootstrap tree #12, logLikelihood: -289.103481
[00:00:00] [worker #2] Bootstrap tree #3, logLikelihood: -289.992461
[00:00:00] [worker #6] Bootstrap tree #7, logLikelihood: -293.102262
[00:00:00] [worker #31] Bootstrap tree #32, logLikelihood: -292.868479
[00:00:00] [worker #5] Bootstrap tree #6, logLikelihood: -293.991041
[00:00:00] [worker #26] Bootstrap tree #27, logLikelihood: -296.569127
[00:00:00] [worker #15] Bootstrap tree #16, logLikelihood: -303.756940
[00:00:00] [worker #9] Bootstrap tree #10, logLikelihood: -296.569110
[00:00:00] [worker #10] Bootstrap tree #11, logLikelihood: -287.002278
[00:00:00] [worker #27] Bootstrap tree #28, logLikelihood: -296.569118
[00:00:00] [worker #21] Bootstrap tree #22, logLikelihood: -296.569128
[00:00:00] [worker #3] Bootstrap tree #4, logLikelihood: -288.975317
[00:00:00] [worker #23] Bootstrap tree #24, logLikelihood: -264.484227
[00:00:00] [worker #0] Bootstrap tree #1, logLikelihood: -303.521685
[00:00:00] [worker #7] Bootstrap tree #8, logLikelihood: -284.098036
[00:00:00] [worker #4] Bootstrap tree #5, logLikelihood: -295.412054
[00:00:00] [worker #19] Bootstrap tree #20, logLikelihood: -296.569140
[00:00:00] [worker #13] Bootstrap tree #14, logLikelihood: -296.569131
[00:00:00] [worker #25] Bootstrap tree #58, logLikelihood: -296.569114
[00:00:00] [worker #12] Bootstrap tree #45, logLikelihood: -299.509378
[00:00:00] [worker #29] Bootstrap tree #62, logLikelihood: -277.884906
[00:00:00] [worker #24] Bootstrap tree #57, logLikelihood: -296.569116
[00:00:00] [worker #1] Bootstrap tree #34, logLikelihood: -313.765871
[00:00:00] [worker #18] Bootstrap tree #51, logLikelihood: -266.568389
[00:00:00] [worker #16] Bootstrap tree #49, logLikelihood: -295.605761
[00:00:00] [worker #22] Bootstrap tree #55, logLikelihood: -296.569134
[00:00:00] [worker #30] Bootstrap tree #63, logLikelihood: -292.523399
[00:00:00] [worker #17] Bootstrap tree #50, logLikelihood: -273.380323
[00:00:00] [worker #14] Bootstrap tree #47, logLikelihood: [00:00:00] -281.539865[worker #28] Bootstrap tree #61, logLikelihood: 
[00:00:00] [worker #14] Bootstrap tree #47, logLikelihood: [00:00:00] -281.539865[worker #28] Bootstrap tree #61, logLikelihood: 
-274.036376
[00:00:00] [worker #20] Bootstrap tree #53, logLikelihood: -296.569111
[00:00:00] [worker #2] Bootstrap tree #35, logLikelihood: -279.131412
[00:00:00] [worker #26] Bootstrap tree #59, logLikelihood: [00:00:00] [worker #3] 
Bootstrap tree #[00:00:00] [worker #26] Bootstrap tree #59, logLikelihood: [00:00:00] [worker #3] 
Bootstrap tree #36, logLikelihood: -301.532028
[00:00:00] [worker #15] Bootstrap tree #48, logLikelihood: -280.446573
[00:00:00] [worker #31] Bootstrap tree #64, logLikelihood: -286.172864
[00:00:00] [worker #5] Bootstrap tree #38, logLikelihood: [-288.4218620:00:00] 
[00:00:00] [worker #5] Bootstrap tree #38, logLikelihood: [-288.4218620:00:00] 
[worker #23] Bootstrap tree #56, logLikelihood: -288.904473
[00:00:00] [worker #11] Bootstrap tree #44, logLikelihood: -296.569141
[00:00:00] [worker #27] Bootstrap tree #60, logLikelihood: -296.569102
[00:00:00] [worker #8] Bootstrap tree #41, logLikelihood: -296.569110
[00:00:00] [worker #21] Bootstrap tree #54, logLikelihood: -296.569109
[00:00:00] [worker #9] Bootstrap tree #42, logLikelihood: -296.569121
[00:00:00] [worker #6] Bootstrap tree #39, logLikelihood: -299.821771
[00:00:00] [worker #7] Bootstrap tree #40, logLikelihood: -273.289656
[00:00:00] [worker #10] Bootstrap tree #43, logLikelihood: -295.314229
[00:00:00] [worker #13] Bootstrap tree #46, logLikelihood: -289.686002
[00:00:00] [worker #4] Bootstrap tree #37, logLikelihood: -289.660219
[00:00:00] [worker #19] Bootstrap tree #52, logLikelihood: -287.651724
[00:00:00] [worker #0] Bootstrap tree #33, logLikelihood: -296.569134
[00:00:00] [worker #17] Bootstrap tree #82, logLikelihood: -264.326619
[00:00:00] [worker #4] Bootstrap tree #69, logLikelihood: -289.838621
[00:00:00] [worker #13] Bootstrap tree #78, logLikelihood: -293.514426
[00:00:00] [[worker #18] Bootstrap tree #830, logLikelihood: :00:00] [worker #2] Bootstrap tree #67, logLikelihood: -309.625144
Bootstrap tree #ker #18] Bootstrap tree #830, logLikelihood: :00:00] [worker #2] Bootstrap tree #67, logLikelihood: -309.625144
-288.570238[0072, logLikelihood: :00:00] [worker #12] Bootstrap tree #77, logLikelihood: 
0072, logLikelihood: :00:00] [worker #12] Bootstrap tree #77, logLikelihood: 
-285.311417
[00:00:00] [worker #25] Bootstrap tree #90, logLikelihood: -282.871027
[00:00:00] [worker #28] Bootstrap tree #93, logLikelihood: -299.780669
[00:00:00] [worker #1] Bootstrap tree #66, logLikelihood: -289.956021
[00:00:00] [worker #24] Bootstrap tree #89, logLikelihood: [-297.463241

[00:00:00] [worker #31] Bootstrap tree #96, logLikelihood: [-285.7780020:00:00] 
[00:00:00] [worker #31] Bootstrap tree #96, logLikelihood: [-285.7780020:00:00] 
[worker #29] Bootstrap tree #94, logLikelihood: -296.569127
[00:00:00] [worker #11] Bootstrap tree #76, logLikelihood: -290.300444
[00:00:00] [worker #16] Bootstrap tree #81, logLikelihood: -283.058334
[00:00:00] [worker #22] Bootstrap tree #87, logLikelihood: -278.463157
[00:00:00] [worker #14] Bootstrap tree #79, logLikelihood: -296.569119
[00:00:00] [worker #21] Bootstrap tree #86, logLikelihood: -297.050037
[00:00:00] [worker #23] Bootstrap tree #88, logLikelihood: -290.656104
[worker #20] Bootstrap tree #85, logLikelihood: -288.790031
[00:00:00] [worker #8] Bootstrap tree #73, logLikelihood: -302.414599
[00:00:00] [worker #6] Bootstrap tree #71, logLikelihood: -296.569113
[00:00:00] [worker #9] Bootstrap tree #74, logLikelihood: -298.042693
[00:00:00] [worker #19] Bootstrap tree #84, logLikelihood: -303.935371
[00:00:00] [worker #30] Bootstrap tree #95, logLikelihood: -305.341609
[00:00:00] [worker #3] Bootstrap tree #68, logLikelihood: -293.936869
[00:00:00] [worker #10] Bootstrap tree #75[ logLikelihood: 00:00:00] [worker #27] Bootstrap tree #92, logLikelihood: 
[00:00:00] [worker #10] Bootstrap tree #75[ logLikelihood: 00:00:00] [worker #27] Bootstrap tree #92, logLikelihood: 
-300.753745
[00:00:00] [worker #15] Bootstrap tree #80, logLikelihood: -291.817631
[00:00:00] [worker #13] Bootstrap tree #110, logLikelihood: -277.847370
[00:00:00] [worker #17] Bootstrap tree #114, logLikelihood: -296.569129
[00:00:00] [worker #0] Bootstrap tree #65, logLikelihood: -297.755267
[00:00:00] [worker #5] Bootstrap tree #70, logLikelihood: -296.569132
[00:00:00] [worker #4] Bootstrap tree #101, logLikelihood: -296.569115
[00:00:00] [worker #18] Bootstrap tree #115, logLikelihood: -296.569115
[00:00:00] [worker #31] Bootstrap tree #128, logLikelihood: -273.322185
[00:00:00] [worker #31] Bootstrap tree #128, logLikelihood: -273.322185
[00:00:00] [worker #28] Bootstrap tree #125, logLikelihood: -299.915889
00:00:00] [worker #12] Bootstrap tree #109, logLikelihood: -303.175370
[00:00:00] [worker #24] Bootstrap tree #121, logLikelihood: -296.569108
[00:00:00] [worker #26] Bootstrap tree #123, logLikelihood: -279.712548
[00:00:00] [worker #7] Bootstrap tree #104, logLikelihood: -308.075422
[00:00:00] [worker #22] Bootstrap tree #119, logLikelihood: -293.182666
[00:00:00] [worker #11] Bootstrap tree #108, logLikelihood: -299.665670
[00:00:00] [worker #25] Bootstrap tree #122, logLikelihood: -280.164144
[00:00:00] [worker #19] Bootstrap tree #116, logLikelihood: -280.496023[
-283.361549
[00:00:00] [worker #1] Bootstrap tree #98, logLikelihood: -285.933977[-288.693687
[00:00:00] [worker #14] Bootstrap tree #111, logLikelihood: -286.113711
[00:00:00] [worker #2] Bootstrap tree #99, logLikelihood: -296.569122
[00:00:00] [worker #23] Bootstrap tree #120, logLikelihood: -291.989408
[00:00:00] [worker #30] Bootstrap tree #127, logLikelihood: -296.569129
[00:00:00] [worker #9] Bootstrap tree #106, logLikelihood: -290.754637
[00:00:00] [worker #16] Bootstrap tree #113, logLikelihood: -290.943974
[00:00:00] [worker #3] Bootstrap tree #100, logLikelihood: -307.335831
, logLikelihood: -289.521556
[00:00:00] [worker #27] Bootstrap tree #124, logLikelihood: -307.904718
[00:00:00] [worker #20] Bootstrap tree #117, logLikelihood: -294.068339[
-296.653884
[00:00:00] [worker #6] Bootstrap tree #103, logLikelihood: -296.569100
[00:00:00] [worker #15] Bootstrap tree #112, logLikelihood: -290.914007
[00:00:00] [worker #5] Bootstrap tree #102, logLikelihood: -293.926955
[00:00:01] [worker #0] Bootstrap tree #97, logLikelihood: -296.569111
[00:00:01] [worker #10] Bootstrap tree #139, logLikelihood: -279.641415
[00:00:01] [worker #16] Bootstrap tree #145, logLikelihood: -271.732470
[00:00:01] [worker #4] Bootstrap tree #133, logLikelihood: -290.229978
[00:00:01] [worker #14] Bootstrap tree #143, logLikelihood: -294.043357
[00:00:01] [worker #19] Bootstrap tree #148, logLikelihood: -265.560589
[00:00:01] [worker #17] Bootstrap tree #146, logLikelihood: -286.052434
[00:00:01] [worker #23] Bootstrap tree #152, logLikelihood: -315.006122
[00:00:01] [worker #28] Bootstrap tree #157, logLikelihood: -302.781732
[00:00:01] [worker #25] Bootstrap tree #154, logLikelihood: -296.569122
[00:00:01] [worker #30] Bootstrap tree #159, logLikelihood: -290.609388
00:00:01] [worker #24] Bootstrap tree #153, logLikelihood: -291.369698
[00:00:01] [worker #26] oBootstrap tree #155, logLikelihood: -278.5136800:
-302.205068
[00:00:01] [worker #0] Bootstrap tree #129, logLikelihood: -291.873592
[00:00:01] [worker #27] Bootstrap tree #156, logLikelihood: -290.168569
[00:00:01] [worker #7] Bootstrap tree #136, logLikelihood: -275.101128
[00:00:01] [worker #21] Bootstrap tree #150, logLikelihood: -269.226515
[00:00:01] [worker #13] Bootstrap tree #142, logLikelihood: -291.538390
[00:00:01] [worker #29] Bootstrap tree #158, logLikelihood: -296.569127
[00:00:01] [worker #18] Bootstrap tree #147, logLikelihood: -296.569121
[00:00:01] [worker #20] Bootstrap tree #149, logLikelihood: -297.855852
[00:00:01] [worker #22] Bootstrap tree #151, logLikelihood: -303.267802
[00:00:01] [worker #12] Bootstrap tree #141, logLikelihood: -294.864923
[00:00:01] [worker #9] Bootstrap tree #138, logLikelihood: -282.164349
[00:00:01] [worker #31] Bootstrap tree #160, logLikelihood: -296.569116
[00:00:01] [worker #1] Bootstrap tree #130, logLikelihood: -296.569120
[00:00:01] [worker #8] Bootstrap tree #137, logLikelihood: -285.332927
[00:00:01] [worker #15] Bootstrap tree #144, logLikelihood: -293.254848
[00:00:01] [worker #3] Bootstrap tree #132, logLikelihood: -296.569125
[00:00:01] [worker #5] Bootstrap tree #134, logLikelihood: -296.569106
[00:00:01] [worker #11] Bootstrap tree #140, logLikelihood: -296.569115
[00:00:01] [worker #2] Bootstrap tree #131, logLikelihood: -296.569122
[00:00:01] [worker #10] Bootstrap tree #171, logLikelihood: -292.097073
[00:00:01] [worker #14] Bootstrap tree #175, logLikelihood: -283.940371
[00:00:01] [worker #4] Bootstrap tree #165, logLikelihood: -296.569118
[00:00:01] [worker #19] Bootstrap tree #180, logLikelihood: -302.808571
Bootstrap tree #186, logLikelihood: -307.014128
[00:00:01] [worker #16] Bootstrap tree #177, logLikelihood: -296.569116
[00:00:01] [worker #28] Bootstrap tree #189, logLikelihood: -273.817402
[00:00:01] [worker #17] Bootstrap tree #178, logLikelihood: -292.738423
[00:00:01] [worker #30] Bootstrap tree #191, logLikelihood: -298.490586
[00:00:01] [worker #24] Bootstrap tree #185, logLikelihood: -281.025131
[00:00:01] [worker #6] Bootstrap tree #167, logLikelihood: -296.569118
[00:00:01] [worker #12] Bootstrap tree #173, logLikelihood: -298.370040
[00:00:01] [worker #13] Bootstrap tree #174, logLikelihood: -297.078592
[00:00:01] [worker #7] Bootstrap tree #168, logLikelihood: -285.118475
[00:00:01] [worker #20] Bootstrap tree #181, logLikelihood: -303.530193
[00:00:01] [worker #15] Bootstrap tree #176, logLikelihood: -298.941879
[00:00:01] [worker #26] Bootstrap tree #187, logLikelihood: -281.188850
[00:00:01] [worker #9] Bootstrap tree #170, logLikelihood: -288.083446
[00:00:01] [worker #18] Bootstrap tree #179, logLikelihood: -296.569121
[00:00:01] [worker #0] Bootstrap tree #161, logLikelihood: -281.309645
[00:00:01] [worker #22] Bootstrap tree #183, logLikelihood: -295.424830
[00:00:01] [worker #29] Bootstrap tree #190, logLikelihood: -297.174905
[00:00:01] [worker #31] Bootstrap tree #192, logLikelihood: -296.569121
[00:00:01] [worker #21] Bootstrap tree #182, logLikelihood: -293.598186
[00:00:01] [worker #8] Bootstrap tree #169, logLikelihood: -286.381769
:01[00:00:01] [worker #3] Bootstrap tree #164, logLikelihood: ] [worker #23] Bootstrap tree #184, logLikelihood: 

[00:00:01] [worker #27] Bootstrap tree #188, logLikelihood: -290.655823
[00:00:01] [worker #2] Bootstrap tree #163, logLikelihood: -296.569127
[00:00:01] [worker #11] Bootstrap tree #172, logLikelihood: -296.569112
00:00:01] [worker #5] Bootstrap tree #166, logLikelihood: -294.717433
[00:00:01] [worker #1] Bootstrap tree #162, logLikelihood: -288.383232
[00:00:02] [worker #26] Bootstrap tree #219, logLikelihood: -280.257517
[00:00:02] [worker #29] Bootstrap tree #222, logLikelihood: -288.528942
[00:00:02] [worker #10] Bootstrap tree #203, logLikelihood: -286.055551
[00:00:02] [worker #30] Bootstrap tree #223, logLikelihood: -300.861263
[00:00:02] [worker #30] Bootstrap tree #223, logLikelihood: -300.861263
[00:00:02] [worker #2] Bootstrap tree #195, logLikelihood: -292.587224
[00:00:02] [worker #25] Bootstrap tree #218, logLikelihood: -287.034324
[00:00:02] [worker #23] Bootstrap tree #216, logLikelihood: -302.645661
[00:00:02] [worker #22] Bootstrap tree #215, logLikelihood: [00-284.32784200:02] 
[00:00:02] [worker #22] Bootstrap tree #215, logLikelihood: [00-284.32784200:02] 
[worker #17] Bootstrap tree #210, logLikelihood: -291.147909
[00:00:02] [worker #13] Bootstrap tree #206, logLikelihood: -286.895493
[00:00:02] [worker #11] Bootstrap tree #204, logLikelihood: -282.535900
[00:00:02] [worker #31] Bootstrap tree #224, logLikelihood: -300.080632
[00:00:02] [worker #24] Bootstrap tree #217, logLikelihood: -296.569120
[00:00:02] [worker #3] Bootstrap tree #196, logLikelihood: -265.706391
[00:00:02] [worker #21] Bootstrap tree #214, logLikelihood: -296.569133
[00:00:02] [worker #27] Bootstrap tree #220, logLikelihood: -281.336158
[00:00:02] [worker #1] Bootstrap tree #194, logLikelihood: -276.887806
[00:00:02] [worker #6] Bootstrap tree #199, logLikelihood: -294.878062
[00:00:02] [worker #0] Bootstrap tree #193, logLikelihood: -295.192013
[00:00:02] [worker #8] Bootstrap tree #201, logLikelihood: -304.776772
[00:00:02] [worker #18] Bootstrap tree #211, logLikelihood: -296.569112
[00:00:02] [worker #14] Bootstrap tree #207, logLikelihood: -296.569110
[00:00:02] [worker #19] Bootstrap tree #212, logLikelihood: -305.706059
[00:00:02] [worker #5] Bootstrap tree #198, logLikelihood: -284.061938
[00:00:02] [worker #16] Bootstrap tree #209, logLikelihood: -284.673401
[00:00:02] [worker #28] Bootstrap tree #221, logLikelihood: -296.569126
[00:00:02] [worker #7] Bootstrap tree #200, logLikelihood: -308.330897
[00:00:02] [worker #12] Bootstrap tree #205, logLikelihood: -296.636758
[00:00:02] [worker #15] Bootstrap tree #208, logLikelihood: -296.569130
[00:00:02] [worker #20] Bootstrap tree #213, logLikelihood: -296.569115
[00:00:02] [worker #4] Bootstrap tree #197, logLikelihood: -296.569133
[00:00:02] [worker #9] Bootstrap tree #202, logLikelihood: -296.569091
[00:00:02] [worker #22] Bootstrap tree #247, logLikelihood: -288.503147
[00:00:02] [worker #10] Bootstrap tree #235, logLikelihood: -284.089292
[00:00:02] [worker #2] Bootstrap tree #227, logLikelihood: -280.131962
[00:00:02] [worker #29] Bootstrap tree #254, logLikelihood: -296.569118
[00:00:02] [worker #3] Bootstrap tree #228, logLikelihood: -301.783069
[00:00:02] [worker #11] Bootstrap tree #236, logLikelihood: -284.726968
[00:00:02] [worker #25] Bootstrap tree #250, logLikelihood: -303.200047
-287.125018
[00:00:02] [worker #26] Bootstrap tree #251, logLikelihood: -292.494455
[00:00:02] [worker #21] Bootstrap tree #246, logLikelihood: [-271.22677500::-291.357551
[00:00:02] [worker #23] Bootstrap tree #248, logLikelihood: -297.149789
[00:00:02] [worker #27] Bootstrap tree #252, logLikelihood: -281.296970
[00:00:02] [worker #31] Bootstrap tree #256, logLikelihood: -311.554925
[00:00:02] [worker #13] Bootstrap tree #238, logLikelihood: -290.194206
[00:00:02] [worker #18] Bootstrap tree #243, logLikelihood: -301.876071
-296.727215
[00:00:02] [worker #19] Bootstrap tree #244, logLikelihood: -276.344994
-296.569117
[00:00:02] [worker #4] Bootstrap tree #229, logLikelihood: -277.777130
[00:00:02] [worker #6] Bootstrap tree #231, logLikelihood: -293.385586
00:00:02] [worker #15] Bootstrap tree #240, logLikelihood: -296.569123
[00:00:02] [worker #28] Bootstrap tree #253, logLikelihood: -292.251502
[00:00:02] [worker #14] Bootstrap tree #239, logLikelihood: -276.879532
[00:00:02] [worker #0] Bootstrap tree #225, logLikelihood: -298.447228
[00:00:02] [worker #16] Bootstrap tree #241, logLikelihood: -294.461393
[00:00:02] [worker #5] Bootstrap tree #230, logLikelihood: -294.222280
[00:00:02] [worker #20] Bootstrap tree #245, logLikelihood: -291.769167
[00:00:02] [worker #8] Bootstrap tree #233, logLikelihood: -288.816071
[00:00:02] [worker #7] Bootstrap tree #232, logLikelihood: -293.292275
[00:00:02] [worker #9] Bootstrap tree #234, logLikelihood: -296.569117
[00:00:02] [worker #12] Bootstrap tree #237, logLikelihood: -294.400957
[00:00:04] [worker #6] Bootstrap tree #263, logLikelihood: -296.371159
[00:00:04] [worker #10] Bootstrap tree #267, logLikelihood: -266.279447
[00:00:04] [worker #3] Bootstrap tree #260, logLikelihood: -286.242753
[00:00:04] [worker #17] Bootstrap tree #274, logLikelihood: -290.863949
[00:00:04] [worker #7] Bootstrap tree #264, logLikelihood: -292.507967
[00:00:04] [worker #28] Bootstrap tree #285, logLikelihood: -288.968347
[00:00:04] [worker #4] Bootstrap tree #261, logLikelihood: -290.659345
[00:00:04] [worker #29] Bootstrap tree #286, logLikelihood: -296.569117
[00:00:04] [worker #15] Bootstrap tree #272, logLikelihood: -282.650840
[00:00:04] [worker #1] Bootstrap tree #258, logLikelihood: -287.862805
[00:00:04] [worker #27] Bootstrap tree #284, logLikelihood: -287.951167
[00:00:04] [worker #18] Bootstrap tree #275, logLikelihood: -305.248364
[00:00:04] [worker #14] Bootstrap tree #271, logLikelihood: -296.569127
[00:00:04] [worker #14] Bootstrap tree #271, logLikelihood: -296.569127
[00:00:04] [worker #21] Bootstrap tree #278, logLikelihood: -296.840463
[00:00:04] [worker #30] Bootstrap tree #287, logLikelihood: -271.892332
[00:00:04] [worker #2] Bootstrap tree #259, logLikelihood: -298.765514
[00:00:04] [worker #13] Bootstrap tree #270, logLikelihood: -296.475059[
-272.281898
[00:00:04] [worker #11] Bootstrap tree #268, logLikelihood: -295.965139
[00:00:04] [worker #22] Bootstrap tree #279, logLikelihood: -296.569105
[00:00:04] [worker #12] Bootstrap tree #269, logLikelihood: -283.919973
[00:00:04] [worker #0] Bootstrap tree #257, logLikelihood: -287.388079
[00:00:04] [worker #24] Bootstrap tree #281, logLikelihood: -296.569133
[00:00:04] [worker #9] Bootstrap tree #266, logLikelihood: -295.415645
[00:00:04] [worker #31] Bootstrap tree #288, logLikelihood: -291.552985
[00:00:04] [worker #25] Bootstrap tree #282, logLikelihood: -296.569127
[00:00:04] [worker #26] Bootstrap tree #283, logLikelihood: -277.511216
[00:00:04] [worker #19] Bootstrap tree #276, logLikelihood: -296.569119
[00:00:04] [worker #20] Bootstrap tree #277, logLikelihood: -296.569126
[00:00:04] [worker #16] Bootstrap tree #273, logLikelihood: -296.569116
[00:00:04] [worker #5] Bootstrap tree #262, logLikelihood: -296.569103
[00:00:04] [worker #8] Bootstrap tree #265, logLikelihood: -287.161890
[00:00:04] [worker #10] Bootstrap tree #299, logLikelihood: -296.569129
[00:00:04] [worker #6] Bootstrap tree #295, logLikelihood: -296.569122
[00:00:04] [worker #4] Bootstrap tree #293, logLikelihood: -282.571341
[00:00:04] [worker #17] Bootstrap tree #306, logLikelihood: -298.882689
[00:00:04] [worker #7] Bootstrap tree #296, logLikelihood: -261.125478
[00:00:04] [worker #14] Bootstrap tree #303, logLikelihood: -270.526159
[00:00:04] [worker #3] Bootstrap tree #292, logLikelihood: -296.569113
[00:00:04] [worker #29] Bootstrap tree #318, logLikelihood: -296.569108
[00:00:04] [worker #28] Bootstrap tree #317, logLikelihood: -296.569124
[00:00:04] [worker #12] Bootstrap tree #301, logLikelihood: -272.605023
-296.569117
[00:00:04] [worker #1] Bootstrap tree #290, logLikelihood: -301.599541
[00:00:04] [worker #18] Bootstrap tree #307, logLikelihood: -296.569115
[00:00:04] [worker #15] Bootstrap tree #304, logLikelihood: -296.569110
[00:00:04] [worker #22] Bootstrap tree #311, logLikelihood: -288.212683
[00:00:04] [worker #13] Bootstrap tree #302, logLikelihood: -284.635518
[00:00:04] [worker #27] Bootstrap tree #316, logLikelihood: -296.569116
[00:00:04] [worker #11] Bootstrap tree #300, logLikelihood: -303.330353
[00:00:04] [worker #21] Bootstrap tree #310, logLikelihood: -296.569141
[00:00:04] [worker #31] Bootstrap tree #320, logLikelihood: -265.620617
[00:00:04] [worker #9] Bootstrap tree #298, logLikelihood: -292.191207
[00:00:04] [worker #24] Bootstrap tree #313, logLikelihood: -284.131822
[00:00:04] [worker #2] Bootstrap tree #291, logLikelihood: -296.451743
[00:00:04] [worker #25] Bootstrap tree #314, logLikelihood: -296.569133
[00:00:04] [worker #30] Bootstrap tree #319, logLikelihood: -296.569111
[00:00:04] [worker #26] Bootstrap tree #315, logLikelihood: -277.469106
[00:00:04] [worker #19] Bootstrap tree #308, logLikelihood: -282.611936
[00:00:04] [worker #0] Bootstrap tree #289, logLikelihood: -284.623245
[00:00:04] [worker #20] Bootstrap tree #309, logLikelihood: -296.569127
[00:00:04] [worker #16] Bootstrap tree #305, logLikelihood: -295.117084
[00:00:04] [worker #5] Bootstrap tree #294, logLikelihood: -296.569127
[00:00:04] [worker #8] Bootstrap tree #297, logLikelihood: -296.569105
[00:00:06] [worker #1] Bootstrap tree #322, logLikelihood: -269.824004
[00:00:06] [worker #26] Bootstrap tree #347, logLikelihood: -265.895927
[00:00:06] [worker #4] Bootstrap tree #325, logLikelihood: -300.498857
[00:00:06] [worker #3] Bootstrap tree #324, logLikelihood: -296.569117
[00:00:06] [worker #18] Bootstrap tree #339, logLikelihood: -292.231222
[00:00:06] [worker #10] Bootstrap tree #331, logLikelihood: [-280.386371
-276.959200
[00:00:06] [worker #24] Bootstrap tree #345, logLikelihood: -296.569127
[00:00:06] [worker #11] Bootstrap tree #332, logLikelihood: -293.792727
[00:00:06] [worker #15] Bootstrap tree #336, logLikelihood: -294.182080
[00:00:06] [worker #13] Bootstrap tree #334, logLikelihood: -282.970899
[00:00:06] [worker #2] Bootstrap tree #323, logLikelihood: -302.786525
[00:00:06] [worker #12] Bootstrap tree #333, logLikelihood: -281.335040
[00:00:06] [worker #14] Bootstrap tree #335, logLikelihood: [00:00:06] [worker #21] Bootstrap tree #342, logLikelihood: -296.569122-296.569120[
-296.569116
worker #14] Bootstrap tree #335, logLikelihood: [00:00:06] [worker #21] Bootstrap tree #342, logLikelihood: -296.569122-296.569120[
-296.569116
[00:00:06] [worker #7] Bootstrap tree #328, logLikelihood: -292.026164
00:00:06] [worker #29] Bootstrap tree #350, logLikelihood: -283.914950
[00:00:06] [worker #22] Bootstrap tree #343, logLikelihood: -300.906302
[[0000::0000::06] 6] Bootstrap tree #326[worker #8] Bootstrap tree #329, logLikelihood: -277.959561
[[0000::0000::06] 6] Bootstrap tree #326[worker #8] Bootstrap tree #329, logLikelihood: -277.959561

[00:00:06] [worker #19] Bootstrap tree #340, logLikelihood: -294.978722
[00:00:06] [worker #6] Bootstrap tree #327, logLikelihood: -299.760546
[00:00:06] [worker #28] Bootstrap tree #349, logLikelihood: -297.783713
[00:00:06] [worker #25] Bootstrap tree #346, logLikelihood: -296.569124
[00:00:06] [worker #30] Bootstrap tree #351, logLikelihood: -296.569091
[00:00:06] [worker #17] Bootstrap tree #338, logLikelihood: -290.328257
[00:00:06] [worker #16] Bootstrap tree #337, logLikelihood: -297.250565
[00:00:06] [worker #1] Bootstrap tree #354, logLikelihood: -281.508078
[00:00:06] [worker #20] Bootstrap tree #341, logLikelihood: -305.890472
[00:00:06] [worker #9] Bootstrap tree #330, logLikelihood: -296.569115
[00:00:06] [worker #26] Bootstrap tree #379, logLikelihood: -284.570395
[00:00:06] [worker #31] Bootstrap tree #352, logLikelihood: -298.206183
[00:00:06] [worker #0] Bootstrap tree #321, logLikelihood: -296.569129
[00:00:06] [worker #3] Bootstrap tree #356, logLikelihood: -285.119500
[00:00:06] [worker #15] Bootstrap tree #368, logLikelihood: -284.477428
[00:00:06] [worker #4] Bootstrap tree #357, logLikelihood: -291.935633
[00:00:06] [worker #14] Bootstrap tree #367, logLikelihood: -307.317921
[00:00:06] [worker #18] Bootstrap tree #371, logLikelihood: -296.569141
[00:00:06] [worker #27] Bootstrap tree #380, logLikelihood: -291.437550
[00:00:06] [worker #24] Bootstrap tree #377, logLikelihood: -283.606185
[00:00:06] [worker #23] Bootstrap tree #376, logLikelihood: -306.292900
[00:00:06] [worker #2] Bootstrap tree #355, logLikelihood: -300.384906
00:00:06] [worker #7] Bootstrap tree #360, logLikelihood: -276.956065
[00:00:06] [worker #12] Bootstrap tree #365, logLikelihood: [
-266.631432
[00:00:06] [worker #13] Bootstrap tree #366, logLikelihood: -285.310798
[00:00:06] [worker #21] Bootstrap tree #374, logLikelihood: -297.919753
[00:00:06] [worker #10] Bootstrap tree #363, logLikelihood: -301.634911
[00:00:06] [worker #30] Bootstrap tree #383, logLikelihood: [00:-282.02276600:06] 
[00:00:06] [worker #30] Bootstrap tree #383, logLikelihood: [00:-282.02276600:06] 
[worker #8] Bootstrap tree #361, logLikelihood: -279.136054
[00:00:06] [worker #19] Bootstrap tree #372, logLikelihood: -286.953812
[00:00:06] [worker #25] Bootstrap tree #378, logLikelihood: -277.844084
[00:00:06] [worker #29] Bootstrap tree #382, logLikelihood: -279.309934
[00:00:06] [worker #16] Bootstrap tree #369, logLikelihood: -296.266350
[00:00:06] [worker #28] Bootstrap tree #381, logLikelihood: -283.013224
[00:00:06] [worker #11] Bootstrap tree #364, logLikelihood: -296.569125
[00:00:06] [worker #5] Bootstrap tree #358, logLikelihood: -296.945343
[00:00:06] [worker #20] Bootstrap tree #373, logLikelihood: -292.278403
[00:00:06] [worker #17] Bootstrap tree #370, logLikelihood: -294.637905
[00:00:06] [worker #22] Bootstrap tree #375, logLikelihood: -296.569114
[00:00:06] [worker #31] Bootstrap tree #384, logLikelihood: -293.182236
[00:00:06] [worker #9] Bootstrap tree #362, logLikelihood: -296.569108
[00:00:06] [worker #0] Bootstrap tree #353, logLikelihood: -304.831152
[00:00:09] [worker #10] Bootstrap tree #395, logLikelihood: -294.644330
[00:00:09] [worker #18] Bootstrap tree #403, logLikelihood: -275.046107
[00:00:09] [worker #11] Bootstrap tree #396, logLikelihood: -278.048374
[00:00:09] [worker #12] Bootstrap tree #397, logLikelihood: [00:00:09] -302.514406[worker #23] Bootstrap tree #4
[00:00:09] [worker #8] Bootstrap tree #393, logLikelihood: -296.081875
[00:00:09] [worker #31] Bootstrap tree #416, logLikelihood: -280.119798
[00:00:09] [worker #22] Bootstrap tree #407, logLikelihood: -301.321039
[00:00:09] [worker #2] Bootstrap tree #387, logLikelihood: -285.007978
[00:00:09] [worker #28] Bootstrap tree #413, logLikelihood: -298.797037
[00:00:09] [worker #3] Bootstrap tree #388, logLikelihood: -306.197698
[00:00:09] [worker #30] Bootstrap tree #415, logLikelihood: -302.484249
[00:00:09] [worker #24] Bootstrap tree #409, logLikelihood: -288.548917
[worker #21] Bootstrap tree #406, logLikelihood: -294.111369[00:00:09] [worker #7] Bootstrap tree #392, logLikelihood: -279.521010

worker #21] Bootstrap tree #406, logLikelihood: -294.111369[00:00:09] [worker #7] Bootstrap tree #392, logLikelihood: -279.521010


[00:00:09] [worker #16] Bootstrap tree #401, logLikelihood: -296.569118
[00:00:09] [worker #20] Bootstrap tree #405, logLikelihood: -302.129088
[00:00:09] [worker #29] Bootstrap tree #414, logLikelihood: -296.569091
[00:00:09] [worker #9] Bootstrap tree #394, logLikelihood: -292.868564
[00:00:09] [worker #15] Bootstrap tree #400, logLikelihood: -279.004137
[00:00:09] [worker #13] Bootstrap tree #398[ logLikelihood: 00:00:09] [worker #17] Bootstrap tree #402-295.471019[
[00:00:09] [worker #13] Bootstrap tree #398[ logLikelihood: 00:00:09] [worker #17] Bootstrap tree #402-295.471019[
00-296.56912700:09] 
-296.569116
[00:00:09] [worker #25] Bootstrap tree #410, logLikelihood: -296.569131
[00:00:09] [worker #26] Bootstrap tree #411, logLikelihood: -300.910118
[00:00:09] [worker #1] Bootstrap tree #386, logLikelihood: -286.871396
[00:00:09] [worker #0] Bootstrap tree #385, logLikelihood: -299.459481
[00:00:09] [worker #5] Bootstrap tree #390, logLikelihood: -292.208237
[00:00:09] [worker #4] Bootstrap tree #389, logLikelihood: -296.569133
[00:00:09] [worker #6] Bootstrap tree #391, logLikelihood: -296.569137
[00:00:09] [worker #10] Bootstrap tree #427, logLikelihood: -300.791596
[00:00:09] [worker #11] Bootstrap tree #428, logLikelihood: -284.991103
[00:00:09] [worker #23] Bootstrap tree #440, logLikelihood: -277.800922
[00:00:09] [worker #27] Bootstrap tree #412, logLikelihood: -287.721613
[00:00:09] [worker #31] Bootstrap tree #448, logLikelihood: -296.569110
[00:00:09] [worker #30] Bootstrap tree #447, logLikelihood: -293.271538
[00:00:09] [worker #3] Bootstrap tree #420, logLikelihood: -276.106682
[00:00:09] [worker #8] Bootstrap tree #425, logLikelihood: -296.569141
[00:00:09] [worker #18] Bootstrap tree #435, logLikelihood: -307.223024
[00:00:09] [worker #24] Bootstrap tree #441, logLikelihood: -285.739732
[00:00:09] [worker #15] Bootstrap tree #432, logLikelihood: -316.385333
[00:00:09] [worker #22] Bootstrap tree #439, logLikelihood: -288.843700
[00:00:09] [worker #13] Bootstrap tree #430, logLikelihood: -279.363789
[00:00:09] [worker #17] Bootstrap tree #434, logLikelihood: -290.355466
[00:00:09] [worker #2] Bootstrap tree #419, logLikelihood: -299.138578
[00:00:09] [worker #21] Bootstrap tree #438, logLikelihood: -287.444033
[00:00:09] [worker #4] Bootstrap tree #421, logLikelihood: -296.569114
[00:00:09] [worker #20] Bootstrap tree #437, logLikelihood: -281.569047
[00:00:09] [worker #14] Bootstrap tree #431[ logLikelihood: 00:00:09] [worker #29] Bootstrap tree #446, logLikelihood: -292.259613
[00:00:09] [worker #14] Bootstrap tree #431[ logLikelihood: 00:00:09] [worker #29] Bootstrap tree #446, logLikelihood: -292.259613

[00:00:09] [worker #7] Bootstrap tree #424, logLikelihood: -296.569122
[00:00:09] [worker #28] Bootstrap tree #445, logLikelihood: -296.569116
[00:00:09] [worker #26] Bootstrap tree #443, logLikelihood: -278.232006
[00:00:09] [worker #9] Bootstrap tree #426, logLikelihood: [-296.53211800
-298.770395
[00:00:09] [worker #12] Bootstrap tree #429, logLikelihood: -296.569110
[00:00:09] [worker #1] Bootstrap tree #418, logLikelihood: -279.922161[
[-296.56911800:00:09] [worker #19] Bootstrap tree #436, logLikelihood: 
[-296.56911800:00:09] [worker #19] Bootstrap tree #436, logLikelihood: 
-281.127101
[00:00:09] [worker #6] Bootstrap tree #423, logLikelihood: -287.679880
[00:00:09] [worker #0] Bootstrap tree #417, logLikelihood: -317.726605
[00:00:09] [worker #27] Bootstrap tree #444, logLikelihood: [00:00:09] [worker #5] 
[00:00:09] [worker #27] Bootstrap tree #444, logLikelihood: [00:00:09] [worker #5] 
Bootstrap tree #422, logLikelihood: -296.569134
[00:00:12] [worker #13] Bootstrap tree #462, logLikelihood: -268.880615
[00:00:12] [worker #2] Bootstrap tree #451, logLikelihood: -291.443516
:12] [worker #15] Bootstrap tree #464, logLikelihood: -300.237945
[00:00:12] [[worker #23] Bootstrap tree #472, logLikelihood: 00:00:12] [worker #7] Bootstrap tree #456, logLikelihood: -288.497458
[00:00:12] [[worker #23] Bootstrap tree #472, logLikelihood: 00:00:12] [worker #7] Bootstrap tree #456, logLikelihood: -288.497458
-285.604326
[00:00:12] [worker #22] Bootstrap tree #471, logLikelihood: -279.152127
[00:00:12] [worker #25] Bootstrap tree #474, logLikelihood: -291.157726
[00:00:12] [worker #11] Bootstrap tree #460, logLikelihood: -287.828507
[00:00:12] [worker #20] Bootstrap tree #469, logLikelihood: -296.569127
[00:00:12] [worker #8] Bootstrap tree #457, logLikelihood: -280.330963
[00:00:12] [worker #30] Bootstrap tree #479, logLikelihood: -292.406861
[00:00:12] [worker #31] Bootstrap tree #480, logLikelihood: -296.569147
[00:00:12] [worker #12] Bootstrap tree #461, logLikelihood: -296.569120
[00:00:12] [worker #5] Bootstrap tree #454, logLikelihood: -307.174903
[00:00:12] [worker #1] Bootstrap tree #450, logLikelihood: -282.596804
[00:00:12] [worker #19] Bootstrap tree #468, logLikelihood: -290.151044
[00:00:12] [worker #26] Bootstrap tree #475, logLikelihood: -296.569114
[00:00:12] [worker #4] Bootstrap tree #453, logLikelihood: -294.586261
[00:00:12] [worker #21] Bootstrap tree #470, logLikelihood: -296.368712
[00:00:12] [worker #28] Bootstrap tree #477, logLikelihood: -296.569122

[00:00:12] [worker #24] Bootstrap tree #473, logLikelihood: -296.569120
[00:00:12] [worker #29] Bootstrap tree #478, logLikelihood: -296.569119
[00:00:12] [worker #14] Bootstrap tree #463, logLikelihood: -296.569115
[00:00:12] [worker #2] Bootstrap tree #483, logLikelihood: -271.796764
[00:00:12] [worker #13] Bootstrap tree #494, logLikelihood: -299.488864
[00:00:12] [worker #0] Bootstrap tree #449, logLikelihood: -290.403842
[00:00:12] [worker #7] Bootstrap tree #488, logLikelihood: -287.102755
[00:00:12] [worker #16] Bootstrap tree #465, logLikelihood: -281.328562
[00:00:12] [worker #10] Bootstrap tree #459, logLikelihood: -296.569121
[00:00:12] [worker #3] Bootstrap tree #452, logLikelihood: -296.569117
[00:00:12] [worker #17] Bootstrap tree #466, logLikelihood: -294.885492
[00:00:12] [worker #6] Bootstrap tree #455, logLikelihood: -300.236206
[00:00:12] [worker #15] Bootstrap tree #496, logLikelihood: -277.334187
[00:00:12] [worker #27] Bootstrap tree #476, logLikelihood: -296.569073
[00:00:12] [worker #18] Bootstrap tree #467, logLikelihood: -294.902800
[00:00:12] [worker #23] Bootstrap tree #504, logLikelihood: -302.083132
[00:00:12] [worker #25] Bootstrap tree #506, logLikelihood: -297.620607
00:12] [worker #8] Bootstrap tree #489, logLikelihood: -279.458071
[00:00:12] [worker #20] Bootstrap tree #501, logLikelihood: -284.342879
[00:00:12] [worker #31] Bootstrap tree #512, logLikelihood: -271.764891
[00:00:12] [worker #30] Bootstrap tree #511, logLikelihood: -285.902171
[00:00:12] [worker #29] Bootstrap tree #510, logLikelihood: -277.769707
[00:00:12] [worker #12] Bootstrap tree #493, logLikelihood: -290.082484
[00:00:12] [worker #1] Bootstrap tree #482, logLikelihood: -296.569150
[00:00:12] [worker #22] Bootstrap tree #503, logLikelihood: -297.311813
[00:00:12] [worker #11] Bootstrap tree #492, logLikelihood: -289.452463
[00:00:12] [worker #26] Bootstrap tree #507, logLikelihood: -282.933404
[00:00:12] [worker #24] Bootstrap tree #505, logLikelihood: -284.562947
00:00:12] [worker #19] Bootstrap tree #500, logLikelihood: -296.569122
[00:00:12] [worker #5] Bootstrap tree #486, logLikelihood: -277.825075
[00:00:12] [worker #4] Bootstrap tree #485, logLikelihood: -301.248970
[00:00:12] [worker #14] Bootstrap tree #495, logLikelihood: -294.350275
[00:00:12] [worker #28] Bootstrap tree #509, logLikelihood: -283.903590
[00:00:12] [worker #21] Bootstrap tree #502, logLikelihood: -284.783262
[00:00:12] [worker #3] Bootstrap tree #484, logLikelihood: -298.798345
[00:00:12] [worker #16] Bootstrap tree #497, logLikelihood: -281.607665
[worker #10] Bootstrap tree #491, logLikelihood: -303.226790
[00:00:12] [worker #9] Bootstrap tree #490, logLikelihood: -296.569102
[00:00:12] [worker #0] Bootstrap tree #481, logLikelihood: -281.233544
[00:00:12] [worker #6] Bootstrap tree #487, logLikelihood: -284.680624
[00:00:12] [worker #17] Bootstrap tree #498, logLikelihood: -279.955616
[00:00:12] [worker #27] Bootstrap tree #508, logLikelihood: -293.457363
[00:00:12] [worker #18] Bootstrap tree #499, logLikelihood: -296.569141
[00:00:16] [worker #2] Bootstrap tree #515, logLikelihood: -290.816641
[00:00:16] [worker #22] Bootstrap tree #535, logLikelihood: -283.231662
[00:00:16] [worker #20] Bootstrap tree #533, logLikelihood: -307.254844
[00:00:16] [worker #13] Bootstrap tree #526, logLikelihood: -282.140327
[00:00:16] [worker #5] Bootstrap tree #518, logLikelihood: -296.152215
[00:00:16] [worker #11] Bootstrap tree #524, logLikelihood: -293.707198
00:00:16] [worker #24] Bootstrap tree #537, logLikelihood: -276.179127
[00:00:16] [worker #26] Bootstrap tree #539, logLikelihood: -295.770158
[00:00:16] [worker #30] Bootstrap tree #543, logLikelihood: -281.496486

[00:00:16] [worker #25] Bootstrap tree #538, logLikelihood: -289.995367
[00:00:16] [worker #18] Bootstrap tree #531, logLikelihood: -304.667021
[00:00:16] [worker #29] Bootstrap tree #542, logLikelihood: -293.811138
[00:00:16] [worker #17] Bootstrap tree #530, logLikelihood: -279.206913
[00:00:16] [worker #14] Bootstrap tree #527, logLikelihood: -296.045988
[00:00:16] [worker #7] Bootstrap tree #520, logLikelihood: -299.530401
[00:00:16] [worker #21] Bootstrap tree #534, logLikelihood: -293.995605
[00:00:16] [worker #28] Bootstrap tree #541, logLikelihood: -296.953329
-285.647757
[00:00:16] [worker #12] Bootstrap tree #525, logLikelihood: -302.262702
[00:00:16] [worker #15] Bootstrap tree #528, logLikelihood: -299.432222
[00:00:16] [worker #4] Bootstrap tree #517, logLikelihood: -292.923176
[00:00:16] [worker #16] Bootstrap tree #529, logLikelihood: -290.055124
[00:00:16] [worker #9] Bootstrap tree #522, logLikelihood: -282.777318
[00:00:16] [worker #31] Bootstrap tree #544, logLikelihood: -285.530415
[00:00:16] [worker #19] Bootstrap tree #532, logLikelihood: -296.569134
[00:00:16] [worker #3] Bootstrap tree #516, logLikelihood: -294.933286
[00:00:16] [worker #0] Bootstrap tree #513, logLikelihood: -296.569103
[00:00:16] [worker #8] Bootstrap tree #521, logLikelihood: -296.569127
[00:00:16] [worker #1] Bootstrap tree #514, logLikelihood: -296.569133
[00:00:16] [worker #6] Bootstrap tree #519, logLikelihood: -296.569127
[00:00:16] [worker #10] Bootstrap tree #523, logLikelihood: -296.569124
[00:00:16] [worker #20] Bootstrap tree #565, logLikelihood: -284.271544
[00:00:16] [worker #22] Bootstrap tree #567, logLikelihood: -294.421729
[00:00:16] [worker #2] Bootstrap tree #547, logLikelihood: -296.569130
[00:00:16] [worker #30] Bootstrap tree #575, logLikelihood: -278.409870
[00:00:16] [worker #5] Bootstrap tree #550, logLikelihood: -280.972496
[00:00:16] [worker #11] Bootstrap tree #556, logLikelihood: -301.217490
[00:00:16] [worker #26] Bootstrap tree #571, logLikelihood: -296.412221
[00:00:16] [worker #18] Bootstrap tree #563, logLikelihood: -287.457153
[00:00:16] [worker #17] Bootstrap tree #562, logLikelihood: -310.081370
[00:00:16] [worker #4] Bootstrap tree #549, logLikelihood: -307.831989
[00:00:16] [worker #24] Bootstrap tree #569, logLikelihood: -293.873353
[00:00:16] [worker #29] Bootstrap tree #574, logLikelihood: -296.569135
[00:00:16] [worker #9] Bootstrap tree #554, logLikelihood: -288.215980
00:00:16] [worker #15] Bootstrap tree #560, logLikelihood: [-308.5226890:00
-315.607783
00:00:16] [worker #27] Bootstrap tree #572, logLikelihood: -296.569116
[00:00:16] [worker #28] Bootstrap tree #573, logLikelihood: -295.531482
[00:00:16] [worker #12] Bootstrap tree #557, logLikelihood: -296.569127
[00:00:16] [worker #31] Bootstrap tree #576, logLikelihood: -296.569117
[00:00:16] [worker #10] Bootstrap tree #555, logLikelihood: -296.145860
[00:00:16] [worker #21] Bootstrap tree #566, logLikelihood: -292.718437
-296.569118
16[00:00:16] [worker #13] ] Bootstrap tree #558, logLikelihood: [worker #23] Bootstrap tree #568, logLikelihood: -296.569117
16[00:00:16] [worker #13] ] Bootstrap tree #558, logLikelihood: [worker #23] Bootstrap tree #568, logLikelihood: -296.569117
-301.369854
[00:00:16] [worker #14] Bootstrap tree #559, logLikelihood: -296.569114
[00:00:16] [worker #16] Bootstrap tree #561, logLikelihood: -296.569091
[00:00:16] [worker #19] Bootstrap tree #564, logLikelihood: -296.569114
[00:00:16] [worker #8] Bootstrap tree #553, logLikelihood: -303.311704
[00:00:16] [worker #25] Bootstrap tree #570, logLikelihood: -296.569127
[00:00:16] [worker #6] Bootstrap tree #551, logLikelihood: -296.569127
[00:00:16] [worker #0] Bootstrap tree #545, logLikelihood: -268.387999
[00:00:16] [worker #1] Bootstrap tree #546, logLikelihood: -317.199804
[00:00:21] [worker #17] Bootstrap tree #594, logLikelihood: -276.019099
[00:00:21] [worker #12] Bootstrap tree #589, logLikelihood: -289.485915
[00:00:21] [worker #11] Bootstrap tree #588, logLikelihood: -298.106814
[00:00:21] [worker #24] Bootstrap tree #601, logLikelihood: -290.315737
606, logLikelihood: -307.764281
[00:00:21] [worker #5] Bootstrap tree #582, logLikelihood: -315.564954
[00:00:21] [worker #2] Bootstrap tree #579, logLikelihood: -299.176383
[00:00:21] [worker #16] Bootstrap tree #593, logLikelihood: -290.477143
[00:00:21] [[worker #18] Bootstrap tree #595, logLikelihood: :00:21] [worker #15] Bootstrap tree #592, logLikelihood: -282.469626-296.569113
-293.526146[[worker #18] Bootstrap tree #595, logLikelihood: :00:21] [worker #15] Bootstrap tree #592, logLikelihood: -282.469626-296.569113

0093.526146[
:00:21] [worker #28] Bootstrap tree #605, logLikelihood: -288.951300
[00:00:21] [worker #26] Bootstrap tree #603, logLikelihood: -288.195626
[00:00:21] [worker #1] Bootstrap tree #578, logLikelihood: -270.604356
[00:00:21] [worker #23] Bootstrap tree #600, logLikelihood: -296.569108
[00:00:21] [worker #6] Bootstrap tree #583, logLikelihood: -296.569134[[-295.867774
0:210] [worker #10] Bootstrap tree #587, logLikelihood: -287.161872:
-286.189018
[00:00:21] [worker #19] Bootstrap tree #596, logLikelihood: -295.982964
[00:00:21] [worker #30] Bootstrap tree #607, logLikelihood: -289.803723
[00:00:21] [worker #14] Bootstrap tree #591, logLikelihood: -286.115559
[00:00:21] [worker #0] Bootstrap tree #577, logLikelihood: -297.509531
[00:00:21] [worker #8] Bootstrap tree #585, logLikelihood: -296.569115
00:00:21] [worker #22] Bootstrap tree #599, logLikelihood: -306.559911
[00:00:21] [worker #27] Bootstrap tree #604, logLikelihood: -295.453111
[00:00:21] [worker #25] Bootstrap tree #602, logLikelihood: -286.662305
[00:00:21] [worker #9] Bootstrap tree #586, logLikelihood: -296.023671
[00:00:21] [worker #7] Bootstrap tree #584, logLikelihood: -296.569118
[00:00:21] [worker #21] Bootstrap tree #598, logLikelihood: -296.569105
[00:00:21] [worker #3] Bootstrap tree #580, logLikelihood: -288.409249
[00:00:21] [worker #31] Bootstrap tree #608, logLikelihood: -296.569116
[00:00:21] [worker #30] Bootstrap tree #639, logLikelihood: -278.920297
[00:00:21] [worker #29] Bootstrap tree #638, logLikelihood: -291.484849
[00:00:21] [worker #19] Bootstrap tree #628, logLikelihood: -296.364973
[00:00:21] [worker #7] Bootstrap tree #616, logLikelihood: -294.859652
[00:00:21] [worker #24] Bootstrap tree #633, logLikelihood: -288.361061
[00:00:21] [worker #23] Bootstrap tree #632, logLikelihood: -270.485647
00:00:21] [worker #17] Bootstrap tree #626, logLikelihood: -296.967819
[00:00:21] [worker #5] Bootstrap tree #614, logLikelihood: -277.056986
[00:00:21] [worker #12] Bootstrap tree #621, logLikelihood: -291.140511
[00:00:21] [worker #20] Bootstrap tree #629, logLikelihood: -290.662813
[00:00:21] [worker #21] Bootstrap tree #630, logLikelihood: -280.644175
[00:00:21] [worker #21] Bootstrap tree #630, logLikelihood: -280.644175
[00:00:21] [worker #6] Bootstrap tree #615, logLikelihood: -304.722292
[00:00:21] [worker #21] Bootstrap tree #630, logLikelihood: -280.644175
[00:00:21] [worker #6] Bootstrap tree #615, logLikelihood: -304.722292
[00:00:21] [worker #16] Bootstrap tree #625, logLikelihood: -298.879042
[00:00:21] [worker #14] Bootstrap tree #623, logLikelihood: -284.046265
[00:00:21] [worker #18] Bootstrap tree #627, logLikelihood: -280.239207
[00:00:21] [worker #26] Bootstrap tree #635, logLikelihood: -282.077253
[00:00:21] [worker #11] Bootstrap tree #620, logLikelihood: -288.247272
[00:00:21] [worker #25] Bootstrap tree #634, logLikelihood: -287.685276
[00:00:21] [worker #4] Bootstrap tree #613, logLikelihood: -296.569096
[00:00:21] [worker #2] Bootstrap tree #611, logLikelihood: -296.569137
[00:00:21] [worker #28] Bootstrap tree #637, logLikelihood: [0:00:21] [worker #1] Bootstrap tree #610,[00:00:21] [worker #28] Bootstrap tree #637, logLikelihood: [0:00:21] [worker #1] Bootstrap tree #610, logLikelihood: -296.569116
[00:00:21] [worker #15] Bootstrap tree #624, logLikelihood: -296.569140
[00:00:21] [worker #13] Bootstrap tree #622, logLikelihood: -296.569109
[00:00:21] [worker #27] Bootstrap tree #636, logLikelihood: -297.906777
[00:00:21] [worker #10] Bootstrap tree #619, logLikelihood: -296.569111
[00:00:21] [worker #9] Bootstrap tree #618, logLikelihood: -292.046078
[00:00:21] [worker #31] Bootstrap tree #640, logLikelihood: -298.929384
[00:00:21] [worker #3] Bootstrap tree #612, logLikelihood: -296.569116
[00:00:21] [worker #8] Bootstrap tree #617, logLikelihood: -296.569122
[00:00:21] [worker #22] Bootstrap tree #631, logLikelihood: -296.469403
[00:00:21] [worker #0] Bootstrap tree #609, logLikelihood: -289.163294
[00:00:26] [worker #2] Bootstrap tree #643, logLikelihood: [00:00:26] [worker #11] Bootstrap tree #652-290.393668
[00:00:26] [worker #2] Bootstrap tree #643, logLikelihood: [00:00:26] [worker #11] Bootstrap tree #652-290.393668
-274.633339
00:00:26] [worker #19] Bootstrap tree #660, logLikelihood: -298.610667
[00:00:26] [worker #5] Bootstrap tree #646, logLikelihood: -270.304149
[00:00:26] [worker #23] Bootstrap tree #664, logLikelihood: -278.943153
[00:00:26] [worker #16] Bootstrap tree #657, logLikelihood: -287.883111
[00:00:26] [worker #0] Bootstrap tree #641, logLikelihood: -295.195491
[00:00:26] [worker #9] Bootstrap tree #650, logLikelihood: -304.373217
[00:00:26] [worker #29] Bootstrap tree #670, logLikelihood: -286.278421
[00:00:26] [worker #29] Bootstrap tree #670, logLikelihood: -286.278421
[00:00:26] [worker #22] Bootstrap tree #663, logLikelihood: -297.834274
[00:00:26] [worker #7] Bootstrap tree #648, logLikelihood: -295.054499
[[00:00:2600:00] :26] [worker #17] Bootstrap tree #Bootstrap tree #658666, logLikelihood: , logLikelihood: -282.767100
[[00:00:2600:00] :26] [worker #17] Bootstrap tree #Bootstrap tree #658666, logLikelihood: , logLikelihood: -282.767100
-289.972205
[[00:00::0026:] 26] [worker #13] [worker #3] Bootstrap tree #, logLikelihood: 644, logLikelihood: -289.973270
[00:00:26] [worker #20] Bootstrap tree #661, logLikelihood: -286.928415
[00:00:26] [worker #15] Bootstrap tree #656, logLikelihood: -285.197108
[00:00:26] [worker #8] Bootstrap tree #649, logLikelihood: -296.569119
[00:00:26] [worker #12] Bootstrap tree #653, logLikelihood: -298.735831
[00:00:26] [worker #6] Bootstrap tree #647, logLikelihood: -301.100336
[00:00:26] [worker #27] Bootstrap tree #668, logLikelihood: -293.859837
-296.569116[00:[00:00:26] [worker #30] Bootstrap tree #671, logLikelihood: -289.601841[0[00:00:26] [worker #30] Bootstrap tree #671, logLikelihood: -289.601841[00:00:26] [worker #18] Bootstrap tree #659, logLikelihood: -292.406891
[00:00:26] [worker #4] Bootstrap tree #645, logLikelihood: -296.569117
[00:00:26] [worker #21] Bootstrap tree #662, logLikelihood: -296.569133
[00:00:26] [worker #1] Bootstrap tree #642, logLikelihood: -296.569111
[00:00:26] [worker #31] Bootstrap tree #672, logLikelihood: -296.569105
[00:00:26] [worker #31] Bootstrap tree #672, logLikelihood: -296.569105
[00:00:26] [worker #28] Bootstrap tree #669, logLikelihood: -296.569119
[00:00:26] [worker #24] Bootstrap tree #665, logLikelihood: -283.487326
[00:00:26] [worker #26] Bootstrap tree #667, logLikelihood: -283.179623
[00:00:26] [worker #16] Bootstrap tree #689, logLikelihood: -291.538407
[00:00:26] [worker #19] Bootstrap tree #692, logLikelihood: -300.058068
[00:00:26] [worker #2] Bootstrap tree #675, logLikelihood: -309.399221
[00:00:26] [worker #5] Bootstrap tree #678, logLikelihood: -276.837543
[00:00:26] [worker #11] Bootstrap tree #684, logLikelihood: -305.016611
[00:00:26] [worker #7] Bootstrap tree #680, logLikelihood: -297.572136
[00:00:26] [worker #22] Bootstrap tree #695, logLikelihood: -289.040632
[00:00:26] [worker #0] Bootstrap tree #673, logLikelihood: -292.480068
00:00:26] [worker #9] Bootstrap tree #682, logLikelihood: [00:-295.07852500:26] 

00:00:26] [worker #26] Bootstrap tree #699, logLikelihood: -309.484305
[00:00:26] [worker #20] Bootstrap tree #693, logLikelihood: -300.256057
[00:00:26] [worker #23] Bootstrap tree #696, logLikelihood: -284.038186
[00:00:26] [worker #13] Bootstrap tree #686, logLikelihood: -293.738825
[00:00:26] [worker #30] Bootstrap tree #703, logLikelihood: -296.569129
[00:00:26] [worker #8] Bootstrap tree #681, logLikelihood: -296.569135
[00:00:26] [worker #25] Bootstrap tree #698, logLikelihood: -291.058558
[00:00:26] [worker #18] Bootstrap tree #691, logLikelihood: -284.460498
[00:00:26] [worker #1] Bootstrap tree #674, logLikelihood: -289.594250
[00:00:[26] [worker #6] Bootstrap tree #679, logLikelihood: 0:00:26] [worker #27] Bootstrap tree #700, logLikelihood: -286.895362
[00:00:[26] [worker #6] Bootstrap tree #679, logLikelihood: 0:00:26] [worker #27] Bootstrap tree #700, logLikelihood: -286.895362
-296.569116
[00:00:26] [worker #3] Bootstrap tree #676, logLikelihood: -298.684258
[00:00:26] [worker #12] Bootstrap tree #685, logLikelihood: -295.536805
[00:00:26] [worker #31] Bootstrap tree #704, logLikelihood: -283.050204
[00:00:26] [worker #4] Bootstrap tree #677, logLikelihood: -282.108465
[00:00:26] [worker #15] Bootstrap tree #688, logLikelihood: [00:00:26] -289.553773[worker #24] Bootstrap tree #697
, logLikelihood: [00:00:26] [worker #21] Bootstrap tree #694, logLikelihood: -297.919858
[00:00:26] [worker #14] Bootstrap tree #687, logLikelihood: -297.281435
[00:00:26] [worker #17] Bootstrap tree #690, logLikelihood: -296.569127[
, logLikelihood: -296.569118
[00:00:26] [worker #28] Bootstrap tree #701, logLikelihood: -307.528351
[00:00:32] [worker #31] Bootstrap tree #736, logLikelihood: -296.301569
[00:00:32] [worker #7] Bootstrap tree #712, logLikelihood: -292.929388
[00:00:32] [worker #23] Bootstrap tree #728, logLikelihood: -305.945063[
[00:00:32] [worker #23] Bootstrap tree #728, logLikelihood: -305.945063[
00:00:32] [worker #5] Bootstrap tree #710, logLikelihood: -317.203096
[00:00:32] [worker #15] Bootstrap tree #720, logLikelihood: [00-287.751415:00:32] 
[00:00:32] [worker #15] Bootstrap tree #720, logLikelihood: [00-287.751415:00:32] 
[worker #16] Bootstrap tree #721, logLikelihood: -286.652349
[00:00:32] [worker #10] Bootstrap tree #715, logLikelihood: -276.662933
[00:00:32] [worker #25] Bootstrap tree #730, logLikelihood: -296.569096
[00:00:32] [worker #1] Bootstrap tree #706, logLikelihood: -305.942122
[00:00:32] [worker #14] Bootstrap tree #719, logLikelihood: -303.039615
[00:00:32] [worker #24] Bootstrap tree #729, logLikelihood: -280.467738
[00:00:32] [worker #20] Bootstrap tree #725, logLikelihood: -287.763989
00:00:32] [worker #29] Bootstrap tree #734, logLikelihood: -281.603004
[00:00:32] [worker #3] Bootstrap tree #708, logLikelihood: -294.100703
[00:00:32] [worker #0] Bootstrap tree #705, logLikelihood: -298.589639
[00:00:32] [worker #2] Bootstrap tree #707, logLikelihood: -288.573897
[worker #30] Bootstrap tree #735, logLikelihood: [-290.58556400
-298.038691[00
-293.811989
[00:00:32] [worker #18] Bootstrap tree #723, logLikelihood: -296.569126
:00:32] [worker #22] Bootstrap tree #727, logLikelihood: -296.569114
[00:00:32] [worker #13] Bootstrap tree #718, logLikelihood: -291.236236
[00:00:32] [worker #6] Bootstrap tree #711, logLikelihood: -296.569127
[00:00:32] [worker #11] Bootstrap tree #716, logLikelihood: -307.323193
[00:00:32] [worker #27] Bootstrap tree #732, logLikelihood: -281.681613
[00:00:32] [worker #9] Bootstrap tree #714, logLikelihood: -296.569116
[00:00:32] [worker #28] Bootstrap tree #733, logLikelihood: -288.340648
[00:00:32] [worker #4] Bootstrap tree #709, logLikelihood: -296.569096
[00:00:32] [worker #8] Bootstrap tree #713, logLikelihood: -296.569116
[00:00:32] [worker #19] Bootstrap tree #724, logLikelihood: -276.715104
[00:00:32] [worker #12] Bootstrap tree #717, logLikelihood: -296.031625
[00:00:32] [worker #17] Bootstrap tree #722, logLikelihood: -296.569096
[00:00:32] [worker #7] Bootstrap tree #744, logLikelihood: -295.608446
[00:00:32] [worker #16] Bootstrap tree #753, logLikelihood: -286.289568
[00:00:32] [worker #23] Bootstrap tree #760, logLikelihood: -303.577139
[00:00:32] [worker #31] Bootstrap tree #768, logLikelihood: -288.150556
[00:00:32] [worker #29] Bootstrap tree #766, logLikelihood: -290.413838
[00:00:32] [worker #5] Bootstrap tree #742, logLikelihood: -279.235433
[00:00:32] [worke-284.387291[00:00:32] 

[00:00:32] [worker #11] Bootstrap tree #748, logLikelihood: -279.487225
[00:00:32] [worker #3] Bootstrap tree #740, logLikelihood: -302.557923
[00:00:32] [worker #13] Bootstrap tree #750, logLikelihood: -284.472980
[00:00:32] [worker #14] Bootstrap tree #751, logLikelihood: -283.271684
[00:00:32] [worker #27] Bootstrap tree #764, logLikelihood: -281.555238
[00:00:32] [worker #26] Bootstrap tree #763, logLikelihood: -282.813440
[00:00:32] [worker #24] Bootstrap tree #761, logLikelihood: -296.569125
[00:00:32] [worker #30] Bootstrap tree #767, logLikelihood: -287.392584
[00:00:32] [worker #21] Bootstrap tree #758, logLikelihood: -284.827008
[00:00:32] [worker #6] Bootstrap tree #743, logLikelihood: -303.753373
[00:00:32] [worker #1] Bootstrap tree #738, logLikelihood: -296.569096
[00:00:32] [worker #2] Bootstrap tree #739, logLikelihood: -293.354024
[00:00:32] [worker #18] Bootstrap tree #755, logLikelihood: -298.035132
[00:00:32] [worker #10] Bootstrap tree #747, logLikelihood: -269.659770
[00:00:32] [worker #22] Bootstrap tree #759, logLikelihood: -296.569149
[00:00:32] [worker #19] Bootstrap tree #756, logLikelihood: [-298.873330
-287.405211[00:00:32] [worker #8] Bootstrap tree #745, logLikelihood: -317.314048
-287.405211[00:00:32] [worker #8] Bootstrap tree #745, logLikelihood: -317.314048

[00:00:32] [worker #20] Bootstrap tree #757, logLikelihood: -296.569122
[00:00:32] [worker #28] Bootstrap tree #765, logLikelihood: -302.258302
[00:00:32] [worker #12] Bootstrap tree #749, logLikelihood: -287.751529
[00:00:32] [worker #9] Bootstrap tree #746, logLikelihood: -296.569137
[00:00:32] [worker #17] Bootstrap tree #754, logLikelihood: -296.569120
[00:00:32] [worker #0] Bootstrap tree #737, logLikelihood: -287.660350
[00:00:39] [worker #2] Bootstrap tree #771, logLikelihood: -278.885712
[00:00:39] [worker #27] Bootstrap tree #796, logLikelihood: -282.008378
000[:39] [worker #7] Bootstrap tree #776, logLikelihood: -291.038549:00:39] [worker #16] B
[00:00:39] [worker #31] Bootstrap tree #800, logLikelihood: -298.604094
[00:00:39] [[worker #29] Bootstrap tree #798:00:39] [worker #11] Bootstrap tree #780, logLikelihood: -287.352068-296.509869
[00:00:39] [[worker #29] Bootstrap tree #798:00:39] [worker #11] Bootstrap tree #780, logLikelihood: -287.352068-296.509869
[00:00:39] [worker #28] Bootstrap tree #797, logLikelihood: -281.780609
[00:00:39] [worker #28] Bootstrap tree #797, logLikelihood: -281.780609

[00:00:39] [worker #3] Bootstrap tree #772, logLikelihood: -296.569146
[00:00:39] [worker #22] Bootstrap tree #791, logLikelihood: -300.113274
[00:00:39] [worker #30] Bootstrap tree #799, logLikelihood: -276.314745
[00:00:39] [worker #18] Bootstrap tree #787, logLikelihood: -296.569133
[00:00:39] [worker #24] Bootstrap tree #793, logLikelihood: -299.110131
[00:00:39] [worker #20] Bootstrap tree #789, logLikelihood: -298.107549

[00:00:39] [worker #12] Bootstrap tree #781, logLikelihood: -288.854749
[00:00:39] [worker #0] Bootstrap tree #769, logLikelihood: -298.446969
[00:00:39] [worker #9] Bootstrap tree #778, logLikelihood: -290.605755
[00:00:39] [[worker #21] Bootstrap tree #790, logLikelihood: 0:00:39] [worker #13] Bootstrap tree #782, logLikelihood: -278.308308-299.103388
000:00:39] [[worker #21] Bootstrap tree #790, logLikelihood: 0:00:39] [worker #13] Bootstrap tree #782, logLikelihood: -278.308308-299.103388

[:0::00:3939] ] [worker #25] Bootstrap tree #794, logLikelihood: Bootstrap tree #783, logLikelihood: -296.569128
[:0::00:3939] ] [worker #25] Bootstrap tree #794, logLikelihood: Bootstrap tree #783, logLikelihood: -296.569128
-286.632106
:39] [worker #10] Bootstrap tree #779, logLikelihood: -296.569127
[00:00:39] [worker #8] Bootstrap tree #777, logLikelihood: -298.349452
[00:00:39] [worker #23] Bootstrap tree #792, logLikelihood: -290.146991
[00:00:39] [worker #15] Bootstrap tree #784, logLikelihood: -276.422629
[00:00:39] [worker #5] Bootstrap tree #774, logLikelihood: -296.569091
[00:00:39] [worker #6] Bootstrap tree #775, logLikelihood: -296.569116
[00:00:39] [worker #4] Bootstrap tree #773, logLikelihood: -298.178024
[00:00:39] [worker #2] Bootstrap tree #803, logLikelihood: -287.090642
[00:00:40] [worker #19] Bootstrap tree #788, logLikelihood: -296.569124
[00:00:40] [worker #17] Bootstrap tree #786, logLikelihood: -297.374671
[00:00:40] [worker #31] Bootstrap tree #832, logLikelihood: -305.954486
[00:00:40] [worker #16] Bootstrap tree #817, logLikelihood: -286.209635
[00:00:40] [worker #27] Bootstrap tree #828, logLikelihood: -294.213305
[00:00:40] [worker #30] Bootstrap tree #831, logLikelihood: -273.524801
00:00:40] [worker #11] Bootstrap tree #812, logLikelihood: -300.967486
[00:00:40] [worker #28] Bootstrap tree #829, logLikelihood: -293.292560
00[:00:040] :[worker #26] 00:82740] [worker #3] Bootstrap tree #804, logLikelihood: -292.141404
00[:00:040] :[worker #26] 00:82740] [worker #3] Bootstrap tree #804, logLikelihood: -292.141404
-274.996709
[00:00:40] [worker #22] Bootstrap tree #823, logLikelihood: -289.138223
[00:00:40] [worker #29] Bootstrap tree #830, logLikelihood: -296.569126
[00:00:40] [worker #7] Bootstrap tree #808, logLikelihood: -288.350986
[00:00:40] [worker #1] Bootstrap tree #802, logLikelihood: -289.346425
[00:00:40] [worker #18] Bootstrap tree #819, logLikelihood: -294.111344
[00:00:40] [worker #24] Bootstrap tree #825, logLikelihood: -294.701186
[00:00:40] [worker #12] Bootstrap tree #813, logLikelihood: -300.367507
[00:00:40] [worker #6] Bootstrap tree #807, logLikelihood: -300.676738
[00:00:40] [worker #20] Bootstrap tree #821, logLikelihood: -278.736492
[00:00:40] [worker #25] Bootstrap tree #826, logLikelihood: -296.569147
[00:00:40] [worker #10] Bootstrap tree #811, logLikelihood: -290.941154
[00:00:40] [worker #0] Bootstrap tree #801, logLikelihood: -275.965941
[00:00:40] [worker #14] Bootstrap tree #815, logLikelihood: -303.804386
00:00:40] [worker #19] Bootstrap tree #820, logLikelihood: -282.202223
[00:00:40] [worker #8] Bootstrap tree #809, logLikelihood: -285.699911
[00:00:40] [worker #15] Bootstrap tree #816, logLikelihood: -296.569119
[00:00:40] [worker #21] Bootstrap tree #822, logLikelihood: -297.168746
[00:00:40] [worker #13] Bootstrap tree #814, logLikelihood: -296.631438
[00:00:40] [worker #23] Bootstrap tree #824, logLikelihood: -285.819730
[00:00:40] [worker #9] Bootstrap tree #810, logLikelihood: -293.553360
[00:00:40] [worker #5] Bootstrap tree #806, logLikelihood: -296.569118
[00:00:40] [worker #17] Bootstrap tree #818, logLikelihood: -287.217178
[00:00:40] [worker #4] Bootstrap tree #805, logLikelihood: -296.569103
[00:00:47] [worker #7] Bootstrap tree #840, logLikelihood: -280.557721
[00:00:47] [worker #20] Bootstrap tree #853, logLikelihood: -300.402323
[00:00:47] [worker #5] Bootstrap tree #838, logLikelihood: -291.174736
[00:00:47] [worker #24] Bootstrap tree #857, logLikelihood: -291.007021
[00:00:47] [worker #23] Bootstrap tree #856, logLikelihood: -287.219047

[00:00:47] [worker #3] Bootstrap tree #836, logLikelihood: -278.339871
[00:00:47] [worker #27] Bootstrap tree #860, logLikelihood: -296.569117
[00:00:47] [worker #18] Bootstrap tree #851, logLikelihood: -267.573437[
-279.103161
[00:00:47] [worker #19] Bootstrap tree #852, logLikelihood: -283.195660
[00:00:47] [worker #25] Bootstrap tree #858, logLikelihood: -301.745944
[00:00:47] [worker #8] Bootstrap tree #841, logLikelihood: [-289.34597300:00:47
] [00:00:47] [worker #8] Bootstrap tree #841, logLikelihood: [-289.34597300:00:47
] [worker #10] Bootstrap tree #843, logLikelihood: -292.276462
[00:00:47] [worker #11] Bootstrap tree #844, logLikelihood: -285.984334
[00:00:47] [worker #31] Bootstrap tree #864, logLikelihood: -307.737742
[00:00:47] [worker #28] Bootstrap tree #861, logLikelihood: -296.569105
[00:00:47] [worker #0] Bootstrap tree #833, logLikelihood: -299.979436
[00:00:47] [worker #9] Bootstrap tree #842, logLikelihood: -286.266540
[00:00:47] [worker #17] Bootstrap tree #850, logLikelihood: [-302.1940220:
-273.216547
[00:00:47] [worker #29] Bootstrap tree #862, logLikelihood: -298.438318
[00:00:47] [worker #16] Bootstrap tree #849, logLikelihood: -298.060021
[00:00:47] [worker #26] Bootstrap tree #859, logLikelihood: -286.043774
[00:00:47] [worker #12] Bootstrap tree #845, logLikelihood: -296.703739
[00:00:47] [worker #2] Bootstrap tree #835, logLikelihood: -294.669642

[00:00:47] [worker #7] Bootstrap tree #872, logLikelihood: -296.714188
[00:00:47] [worker #13] Bootstrap tree #846, logLikelihood: -304.311165
[00:00:47] [worker #4] Bootstrap tree #837, logLikelihood: -284.997398
[00:00:47] [worker #6] Bootstrap tree #839, logLikelihood: -300.598410
[00:00:47] [worker #15] Bootstrap tree #848, logLikelihood: -276.128554
[00:00:47] [worker #1] Bootstrap tree #834, logLikelihood: -296.569124
[00:00:47] [worker #5] Bootstrap tree #870, logLikelihood: -296.569141
[00:00:47] [worker #3] Bootstrap tree #868, logLikelihood: -285.251636
[00:00:47] [worker #23] Bootstrap tree #888, logLikelihood: -306.616095
[00:00:47] [worker #27] Bootstrap tree #892, logLikelihood: -300.556024
[00:00:47] [worker #24] Bootstrap tree #889, logLikelihood: -304.758211
[00:00:47] [worker #11] Bootstrap tree #876, logLikelihood: -296.569126
[00:00:47] [worker #20] Bootstrap tree #885, logLikelihood: -296.569110
[00:00:47] [worker #8] Bootstrap tree #873, logLikelihood: -292.390424
[00:00:47] [worker #14] Bootstrap tree #879, logLikelihood: -296.569134
[00:00:47] [worker #22] Bootstrap tree #887, logLikelihood: -296.569113
[00:00:47] [worker #31] Bootstrap tree #896, logLikelihood: -298.108381
[00:00:47] [worker #18] Bootstrap tree #883, logLikelihood: -270.742197
[00:00:47] [worker #15] Bootstrap tree #880, logLikelihood: [-284.096504
-278.055067
[00:00:47] [worker #17] Bootstrap tree #882, logLikelihood: -296.569121
[00:00:47] [worker #16] Bootstrap tree #881, logLikelihood: -303.319534
[00:00:47] [worker #19] Bootstrap tree #884, logLikelihood: -296.569107
[00:00:47] [worker #10] Bootstrap tree #875, logLikelihood: -287.210217
[00:00:47] [worker #30] Bootstrap tree #895, logLikelihood: -308.164816
[00:00:47] [worker #25] Bootstrap tree #890, logLikelihood: -296.569114
[00:00:47] [worker #9] Bootstrap tree #874, logLikelihood: -270.327282
[00:00:47] [worker #6] Bootstrap tree #871, logLikelihood: -304.574496
[00:00:47] [worker #13] Bootstrap tree #878, logLikelihood: -296.569108
[00:00:47] [worker #4] Bootstrap tree #869, logLikelihood: -288.980046
[00:00:47] [worker #0] Bootstrap tree #865, logLikelihood: -289.226051
[00:00:47] [worker #2] Bootstrap tree #867, logLikelihood: -293.051005
[00:00:47] [worker #1] Bootstrap tree #866, logLikelihood: -296.569116
[00:00:47] [worker #28] Bootstrap tree #893, logLikelihood: -296.569114
[00:00:47] [worker #21] Bootstrap tree #886, logLikelihood: -303.243586
[00:00:47] [worker #26] Bootstrap tree #891, logLikelihood: -296.569124
[00:00:47] [worker #29] Bootstrap tree #894, logLikelihood: -298.183619
[00:00:55] [worker #17] Bootstrap tree #914, logLikelihood: -296.104252
[00:00:55] [worker #17] Bootstrap tree #914, logLikelihood: -296.104252
[00000:55] [[worker #14] Bootstrap tree #911, logLikelihood: 00:00:55] [worker #6] Bootstrap tree #903, logLikelihood: -280.890199
[00:00:55] [worker #17] Bootstrap tree #914, logLikelihood: -296.104252
[00000:55] [[worker #14] Bootstrap tree #911, logLikelihood: 00:00:55] [worker #6] Bootstrap tree #903, logLikelihood: -280.890199
-283.063966
[00:00:55] [worker #7] Bootstrap tree #904, logLikelihood: -280.054873
[00:00:55] [worker #28] Bootstrap tree #925, logLikelihood: -277.164643
[00:00:55] [worker #11] Bootstrap tree #908, logLikelihood: -297.142253
[00:00:55] [worker #2] Bootstrap tree #899, logLikelihood: -296.569101
[00:00:55] [worker #15] Bootstrap tree #912, logLikelihood: -298.174999
[00:00:55] [worker #4] Bootstrap tree #901, logLikelihood: -304.072777
[00:00:55] [worker #16] Bootstrap tree #913, logLikelihood: -268.728708
[00:00:55] [worker #26] Bootstrap tree #923, logLikelihood: -290.432262
[00:00:55] [worker #29] Bootstrap tree #926, logLikelihood: -273.251471
00[:0000:550] :55] [worker #13] Bootstrap tree #Bootstrap tree #910915, logLikelihood: , logLikelihood: -283.658675
00[:0000:550] :55] [worker #13] Bootstrap tree #Bootstrap tree #910915, logLikelihood: , logLikelihood: -283.658675
-296.569131
[00:00:55] [worker #5] Bootstrap tree #902, logLikelihood: -289.058901
[00:00:55] [worker #10] Bootstrap tree #907, logLikelihood: -277.847370
[00:00:55] [worker #3] Bootstrap tree #900, logLikelihood: -296.569107
[00:00:55] [worker #21] Bootstrap tree #918, logLikelihood: -295.899282
[00:00:55] [worker #12] Bootstrap tree #909, logLikelihood: -280.535483
[00:00:55] [worker #27] Bootstrap tree #924, logLikelihood: -296.569106
[00:00:55] [worker #30] Bootstrap tree #927, logLikelihood: -275.085788
[00:00:55] [worker #1] Bootstrap tree #898, logLikelihood: -296.569131
[00:00:55] [worker #8] Bootstrap tree #905, logLikelihood: -287.175162
[00:00:55] [worker #9] Bootstrap tree #906, logLikelihood: -283.606185
[00:00:55] [worker #19] Bootstrap tree #916, logLikelihood: -281.287854
[00:00:55] [worker #20] Bootstrap tree #917, logLikelihood: -296.569129
[00:00:55] [worker #22] Bootstrap tree #919, logLikelihood: -296.706411
[00:00:55] [worker #25] Bootstrap tree #922, logLikelihood: -289.673693
[00:00:55] [worker #31] Bootstrap tree #928, logLikelihood: -292.397592
[00:00:55] [worker #24] Bootstrap tree #921, logLikelihood: -295.180172
[00:00:55] [worker #0] Bootstrap tree #897, logLikelihood: -285.891993
[00:00:55] [worker #14] Bootstrap tree #943, logLikelihood: -291.655951
[00:00:55] [worker #23] Bootstrap tree #920, logLikelihood: -307.550007
[00:00:55] [worker #7] Bootstrap tree #936, logLikelihood: -266.655874
[00:00:55] [worker #6] Bootstrap tree #935, logLikelihood: -296.762690
[00:00:55] [worker #17] Bootstrap tree #946, logLikelihood: -300.024086
[00:00:55] [worker #5] Bootstrap tree #934, logLikelihood: -285.300129
[00:00:55] [worker #11] Bootstrap tree #940, logLikelihood: -286.999602
[00:00:55] [worker #28] Bootstrap tree #957, logLikelihood: -293.480323
[00:00:55] [worker #4] Bootstrap tree #933, logLikelihood: -296.569112
[00:00:55] [worker #2] Bootstrap tree #931, logLikelihood: -296.569127
[00:00:55] [worker #15] Bootstrap tree #944, logLikelihood: -273.411336
[00:00:55] [worker #18] Bootstrap tree #947, logLikelihood: -301.044148
[00:00:55] [worker #3] Bootstrap tree #932, logLikelihood: -295.418636
[00:00:55] [worker #26] Bootstrap tree #955, logLikelihood: -282.148424
[00:00:55] [worker #10] Bootstrap tree #939, logLikelihood: -283.939689
[00:00:55] [worker #16] Bootstrap tree #945, logLikelihood: -295.373518
[00:00:55] [worker #8] Bootstrap tree #937, logLikelihood: -286.152149
00-300.602511[:00:55] [worker #13] Bootstrap tree #942, logLikelihood: 
00-300.602511[:00:55] [worker #13] Bootstrap tree #942, logLikelihood: 
-286.771806
:55] [worker #30] Bootstrap tree #959, logLikelihood: -305.913053
[00:00:55] [worker #29] Bootstrap tree #958, logLikelihood: -286.701064
00[:00:55] [worker #12] Bootstrap tree #941, logLikelihood: 00:00:55] [worker #1] 
00[:00:55] [worker #12] Bootstrap tree #941, logLikelihood: 00:00:55] [worker #1] 
930, logLikelihood: -296.569106
[00:00:55] [worker #21] Bootstrap tree #950, logLikelihood: -298.702879
[00:00:55] [worker #27] Bootstrap tree #956, logLikelihood: -296.569111
[00:00:55] [worker #19] Bootstrap tree #948, logLikelihood: -292.264556
[00:00:55] [worker #20] Bootstrap tree #949, logLikelihood: -296.569116
[00:00:55] [worker #25] Bootstrap tree #954, logLikelihood: -296.569096
[00:00:55] [worker #24] Bootstrap tree #953, logLikelihood: -296.569122
[00:00:55] [worker #22] Bootstrap tree #951, logLikelihood: -296.569139
[00:00:55] [worker #31] Bootstrap tree #960, logLikelihood: -305.616693
[00:00:55] [worker #23] Bootstrap tree #952, logLikelihood: -283.934088
[00:00:55] [worker #0] Bootstrap tree #929, logLikelihood: -296.030772
[00:01:03] [worker #16] Bootstrap tree #977, logLikelihood: -272.507523
[00:01:03] [worker #26] Bootstrap tree #987, logLikelihood: [-280.42586300:01:03][00:01:03] [worker #26] Bootstrap tree #987, logLikelihood: [-280.42586300:01:03] [worker #20] Bootstrap tree #981, logLikelihood: -283.237100
[00:01:03] [worker #5] Bootstrap tree #966, logLikelihood: -285.027309[
[00:01:03] [worker #5] Bootstrap tree #966, logLikelihood: -285.027309[
00:01:03] [worker #10] Bootstrap tree #971, logLikelihood: -306.190886
[00:01:03] [worker #11] Bootstrap tree #972, logLikelihood: -296.569114
[00:01:03] [worker #11] Bootstrap tree #972, logLikelihood: -296.569114
[00:01:03] [worker #2] Bootstrap tree #963, logLikelihood: -296.569117
[00:01:03] [worker #4] Bootstrap tree #965, logLikelihood: -287.071143
[00:01:03] [worker #8] Bootstrap tree #969, logLikelihood: -290.820591
[00:01:03] [worker #23] Bootstrap tree #984, logLikelihood: -305.887127
[00:01:03] [worker #7] Bootstrap tree #968, logLikelihood: -285.671280
[00:01:03] [worker #17] Bootstrap tree #978, logLikelihood: -294.762058
[00:01:03] [worker #14] Bootstrap tree #975, logLikelihood: -296.569122
[00:01:03] [worker #31] Bootstrap tree #992, logLikelihood: -298.359101[
[[00:01:03] [worker #19] Bootstrap tree #
980
:01:03] [worker #12] Bootstrap tree #973, logLikelihood: -308.916965
[00:01:03] [worker #29] Bootstrap tree #990, logLikelihood: -287.545386
[00:01:03] [worker #22] Bootstrap tree #983, logLikelihood: -298.981749
[00:01:03] [worker #21] Bootstrap tree #982, logLikelihood: -296.569135
[00:01:03] [worker #9] Bootstrap tree #970, logLikelihood: -296.569110
[00:01:03] [worker #27] Bootstrap tree #988, logLikelihood: -296.569121
[00:01:03] [worker #15] Bootstrap tree #976, logLikelihood: -296.569116
[00:01:03] [worker #13] Bootstrap tree #974, logLikelihood: [00:-292.36204301:03] 
[00:01:03] [worker #13] Bootstrap tree #974, logLikelihood: [00:-292.36204301:03] 
[worker #25] Bootstrap tree #986, logLikelihood: -292.008587
[00:01:03] [worker #6] Bootstrap tree #967, logLikelihood: -296.569112
[00:01:03] [worker #3] Bootstrap tree #964, logLikelihood: -296.569140
[00:01:03] [worker #0] Bootstrap tree #961, logLikelihood: -299.334385
[00:01:03] [worker #1] Bootstrap tree #962, logLikelihood: -296.569118
[00:01:03] [worker #24] Bootstrap tree #985, logLikelihood: -293.738730
[00:01:03] [worker #30] Bootstrap tree #991, logLikelihood: -296.569096
[00:01:03] [worker #5] Bootstrap tree #998, logLikelihood: -287.225359
[00:01:03] [worker #28] Bootstrap tree #989, logLikelihood: -287.428839
[00:01:03] [worker #7] Bootstrap tree #1000, logLikelihood: -289.992450
[00:01:03] [worker #4] Bootstrap tree #997, logLikelihood: -293.782464
[00:01:03] [worker #2] Bootstrap tree #995, logLikelihood: -304.167522
[00:01:03] [worker #6] Bootstrap tree #999, logLikelihood: -296.569118
[00:01:03] [worker #3] Bootstrap tree #996, logLikelihood: -288.505397
[00:01:03] [worker #1] Bootstrap tree #994, logLikelihood: -293.944888
[00:01:03] [worker #0] Bootstrap tree #993, logLikelihood: -296.569127

Optimized model parameters:

   Partition 0: noname
   Rate heterogeneity: GAMMA (4 cats, mean),  alpha: 99.846193 (ML),  weights&rates: (0.250000,0.875813) (0.250000,0.964710) (0.250000,1.029570) (0.250000,1.129908) 
   Base frequencies (ML): 0.338710 0.163581 0.104523 0.393186 
   Substitution rates (ML): 0.001000 0.001000 47.364766 0.001000 204.540406 1.000000 


Final LogLikelihood: -296.552764

AIC score: 661.105528 / AICc score: 673.970393 / BIC score: 776.488865
Free parameters (model + branch lengths): 34

WARNING: Best ML tree contains 10 near-zero branches!

Best ML tree with collapsed near-zero branches saved to: /mnt/lustre/RDS-live/downing/LSDV/GTPV_SPPV/results_GTPV/LSDV023.raxml.bestTreeCollapsed
Best ML tree saved to: /mnt/lustre/RDS-live/downing/LSDV/GTPV_SPPV/results_GTPV/LSDV023.raxml.bestTree
All ML trees saved to: /mnt/lustre/RDS-live/downing/LSDV/GTPV_SPPV/results_GTPV/LSDV023.raxml.mlTrees
Best ML tree with Felsenstein bootstrap (FBP) support values saved to: /mnt/lustre/RDS-live/downing/LSDV/GTPV_SPPV/results_GTPV/LSDV023.raxml.supportFBP
Best ML tree with Transfer bootstrap (TBE) support values saved to: /mnt/lustre/RDS-live/downing/LSDV/GTPV_SPPV/results_GTPV/LSDV023.raxml.supportTBE
Optimized model saved to: /mnt/lustre/RDS-live/downing/LSDV/GTPV_SPPV/results_GTPV/LSDV023.raxml.bestModel
Bootstrap trees saved to: /mnt/lustre/RDS-live/downing/LSDV/GTPV_SPPV/results_GTPV/LSDV023.raxml.bootstraps

Execution log saved to: /mnt/lustre/RDS-live/downing/LSDV/GTPV_SPPV/results_GTPV/LSDV023.raxml.log

Analysis started: 24-Nov-2025 14:04:00 / finished: 24-Nov-2025 14:05:12

Elapsed time: 72.604 seconds

