
RAxML-NG v. 1.2.2 released on 11.04.2024 by The Exelixis Lab.
Developed by: Alexey M. Kozlov and Alexandros Stamatakis.
Contributors: Diego Darriba, Tomas Flouri, Benoit Morel, Sarah Lutteropp, Ben Bettisworth, Julia Haag, Anastasis Togkousidis.
Latest version: https://github.com/amkozlov/raxml-ng
Questions/problems/suggestions? Please visit: https://groups.google.com/forum/#!forum/raxml

System: AMD EPYC 7543P 32-Core Processor, 32 cores, 995 GB RAM

RAxML-NG was called at 24-Nov-2025 14:58:11 as follows:

raxml-ng --all --msa region_LSDV093.aln --model GTR+G --prefix LSDV093 --seed 123 --bs-metric fbp,tbe --redo

Analysis options:
  run mode: ML tree search + bootstrapping (Felsenstein Bootstrap + Transfer Bootstrap)
  start tree(s): random (10) + parsimony (10)
  bootstrap replicates: parsimony (max: 1000) + bootstopping (autoMRE, cutoff: 0.030000)
  random seed: 123
  tip-inner: OFF
  pattern compression: ON
  per-rate scalers: OFF
  site repeats: ON
  logLH epsilon: general: 10.000000, brlen-triplet: 1000.000000
  fast spr radius: AUTO
  spr subtree cutoff: 1.000000
  fast CLV updates: ON
  branch lengths: proportional (ML estimate, algorithm: NR-FAST)
  SIMD kernels: AVX2
  parallelization: coarse-grained (auto), PTHREADS (auto)

WARNING: Running in REDO mode: existing checkpoints are ignored, and all result files will be overwritten!

[00:00:00] Reading alignment from file: region_LSDV093.aln
[00:00:00] Loaded alignment with 14 taxa and 228 sites

WARNING: Sequences PV167794.1 and NC_004003.1 are exactly identical!
WARNING: Sequences PV167794.1 and MW020570.1 are exactly identical!
WARNING: Sequences PV167794.1 and MN072622.1 are exactly identical!
WARNING: Sequences PV167794.1 and MN072621.1 are exactly identical!
WARNING: Sequences PV167794.1 and MN072620.1 are exactly identical!
WARNING: Sequences PV167794.1 and MH381810.1 are exactly identical!
WARNING: Sequences PV167794.1 and KX576657.1 are exactly identical!
WARNING: Sequences PV167794.1 and KC951854.1 are exactly identical!
WARNING: Sequences PV167794.1 and AY077836.1 are exactly identical!
WARNING: Sequences PV167794.1 and AY077835.1 are exactly identical!
WARNING: Sequences MN072625.1 and MN072624.1 are exactly identical!
WARNING: Sequences MN072625.1 and MN072623.1 are exactly identical!
WARNING: Duplicate sequences found: 12

NOTE: Reduced alignment (with duplicates and gap-only sites/taxa removed) 
NOTE: was saved to: /mnt/lustre/RDS-live/downing/LSDV/GTPV_SPPV/results_GTPV/LSDV093.raxml.reduced.phy

Alignment comprises 1 partitions and 5 patterns

Partition 0: noname
Model: GTR+FO+G4m
Alignment sites / patterns: 228 / 5
Gaps: 0.00 %
Invariant sites: 99.56 %


NOTE: Binary MSA file created: LSDV093.raxml.rba

Parallelization scheme autoconfig: 32 worker(s) x 1 thread(s)

[00:00:00] Generating 10 random starting tree(s) with 14 taxa
[00:00:00] Generating 10 parsimony starting tree(s) with 14 taxa
Parallel parsimony with 32 threads
Parallel reduction/worker buffer size: 1 KB  / 0 KB

[00:00:00] Data distribution: max. partitions/sites/weight per thread: 1 / 5 / 80
[00:00:00] Data distribution: max. searches per worker: 33

Starting ML tree search with 20 distinct starting trees

[00:00:00] [worker #13] ML tree search #14, logLikelihood: -301.765079
[00:00:00] [worker #12] ML tree search #13, logLikelihood: -301.765079
[00:00:00] [worker #14] ML tree search #15, logLikelihood: -301.765079
[00:00:00] [worker #16] ML tree search #17, logLikelihood: -301.765079
[00:00:00] [worker #19] ML tree search #20, logLikelihood: -301.765079
[00:00:00] [worker #3] ML tree search #4, logLikelihood: -301.748453
[00:00:00] [worker #2] ML tree search #3, logLikelihood: -301.748453
[00:00:00] [worker #9] ML tree search #10, logLikelihood: -301.748456
[00:00:01] [worker #4] ML tree search #5, logLikelihood: -301.748458
[00:00:01] [worker #8] ML tree search #9, logLikelihood: -301.748457
[00:00:01] [worker #0] ML tree search #1, logLikelihood: -301.748455
[00:00:01] [worker #7] ML tree search #8, logLikelihood: -301.748453
[00:00:01] [worker #17] ML tree search #18, logLikelihood: -301.765079
[00:00:01] [worker #18] ML tree search #19, logLikelihood: -301.765080
[00:00:01] [worker #11] ML tree search #12, logLikelihood: -301.765080
[00:00:01] [worker #5] ML tree search #6, logLikelihood: -301.754047
[00:00:01] [worker #15] ML tree search #16, logLikelihood: -301.765079
[00:00:01] [worker #6] ML tree search #7, logLikelihood: -301.748455
[00:00:01] [worker #10] ML tree search #11, logLikelihood: -301.765079
[00:00:01] [worker #1] ML tree search #2, logLikelihood: -301.748454

[00:00:01] ML tree search completed, best tree logLH: -301.748453

[00:00:01] Starting bootstrapping analysis with 1000 replicates.

[00:00:01] [worker #30] Bootstrap tree #31, logLikelihood: -280.310206
[00:00:01] [worker #23] Bootstrap tree #24, logLikelihood: -284.525412
[00:00:01] [worker #7] Bootstrap tree #8, logLikelihood: -285.063078
[00:00:01] [worker #11] Bootstrap tree #12, logLikelihood: [-290.741571

[00:00:01] [worker #6] Bootstrap tree #7, logLikelihood: -301.765080
[00:00:01] [worker #25] Bootstrap tree #26, logLikelihood: -301.765079
[00:00:01] [worker #14] Bootstrap tree #15, logLikelihood: -301.765079
[00:00:01] [worker #9] Bootstrap tree #10, logLikelihood: -301.765079
[00:00:01] [worker #5] Bootstrap tree #6, logLikelihood: -301.765079
[00:00:01] [worker #1] Bootstrap tree #2, logLikelihood: -301.765079
[00:00:01] [worker #18] Bootstrap tree #19, logLikelihood: -301.765079
[00:00:01] [worker #12] Bootstrap tree #13, logLikelihood: -301.765080
[00:00:01] [worker #20] Bootstrap tree #21, logLikelihood: [-301.7650790-301.765079
-301.765080
[00:00:01] [worker #8] Bootstrap tree #9, logLikelihood: -288.910736
[00:00:01] [worker #15] Bootstrap tree #16, logLikelihood: -301.765079
[00:00:01] [worker #17] Bootstrap tree #18, logLikelihood: -301.765079
[00:00:01] [worker #22] Bootstrap tree #23, logLikelihood: -301.765079
[00:00:01] [worker #28] Bootstrap tree #29, logLikelihood: -286.721107
[00:00:01] [worker #24] Bootstrap tree #25, logLikelihood: -301.765079
[00:00:01] [worker #16] Bootstrap tree #17, logLikelihood: -301.765079
[00:00:01] [worker #4] Bootstrap tree #5, logLikelihood: -301.765080
[00:00:01] [worker #29] Bootstrap tree #30, logLikelihood: -294.313542
[00:00:01] [worker #19] Bootstrap tree #20, logLikelihood: -301.765080
[00:00:01] [worker #27] Bootstrap tree #28, logLikelihood: -301.765079
[00:00:01] [worker #2] Bootstrap tree #3, logLikelihood: -301.765080
[00:00:01] [worker #31] Bootstrap tree #32, logLikelihood: -301.765079
[00:00:01] [worker #13] Bootstrap tree #14, logLikelihood: -301.765079
[00:00:01] [worker #26] Bootstrap tree #27, logLikelihood: -301.765079
[00:00:01] [worker #0] Bootstrap tree #1, logLikelihood: -301.765080
[00:00:01] [worker #10] Bootstrap tree #43, logLikelihood: -301.765080
[00:00:01] [worker #9] Bootstrap tree #42, logLikelihood: -288.863428
[00:00:01] [worker #11] Bootstrap tree #44, logLikelihood: -301.765079
[00:00:01] [worker #7] Bootstrap tree #40, logLikelihood: -301.765080
58, logLikelihood: -301.765079
[00:00:01] [worker #12] Bootstrap tree #45, logLikelihood: -301.765079
[00:00:01] [worker #17] Bootstrap tree #50, logLikelihood: -292.681785
[00:00:01] [worker #6] Bootstrap tree #39, logLikelihood: -301.765080
[00:00:01] [worker #2] Bootstrap tree #35, logLikelihood: -291.343366
[00:00:01] [worker #23] Bootstrap tree #56, logLikelihood: -301.765080
-303.527026
[00:00:01] [worker #30] Bootstrap tree #63, logLikelihood: -301.765080
[00:00:01] [worker #24] Bootstrap tree #57, logLikelihood: -301.765080
[00:00:01] [worker #28] Bootstrap tree #61, logLikelihood: -293.912341
[00:00:01] [worker #1] Bootstrap tree #34, logLikelihood: -300.919390
[00:00:01] [worker #18] Bootstrap tree #51, logLikelihood: -301.765080
[00:00:01] [worker #21] Bootstrap tree #54, logLikelihood: -301.765079
[00:00:01] [worker #15] Bootstrap tree #48, logLikelihood: -301.765080
[00:00:01] [worker #3] Bootstrap tree #36, logLikelihood: -290.898520
[00:00:01] [worker #5] Bootstrap tree #38, logLikelihood: -301.765079
[00:00:01] [worker #4] Bootstrap tree #37, logLikelihood: -301.765080
[00:00:01] [worker #19] Bootstrap tree #52, logLikelihood: -289.715872
[00:00:01] [worker #16] Bootstrap tree #49, logLikelihood: -301.765080
[00:00:01] [worker #20] Bootstrap tree #53, logLikelihood: -301.765079
[00:00:01] [worker #29] Bootstrap tree #62, logLikelihood: -295.173318
[00:00:01] [worker #22] Bootstrap tree #55, logLikelihood: -301.765079
[00:00:01] [worker #26] Bootstrap tree #59, logLikelihood: -301.765080
[00:00:01] [worker #31] Bootstrap tree #64, logLikelihood: -301.765079
[00:00:01] [worker #8] Bootstrap tree #41, logLikelihood: -301.765080
[00:00:01] [worker #27] Bootstrap tree #60, logLikelihood: -301.765079
[00:00:01] [worker #13] Bootstrap tree #46, logLikelihood: -294.427804
[00:00:01] [worker #0] Bootstrap tree #33, logLikelihood: -283.929934
[00:00:02] [worker #21] Bootstrap tree #86, logLikelihood: -292.763987
[00:00:02] [worker #5] Bootstrap tree #70, logLikelihood: -287.527793
[00:00:02] [worker #20] Bootstrap tree #85, logLikelihood: -292.324055
[00:00:02] [worker #3] Bootstrap tree #68, logLikelihood: -301.765079
[00:00:02] [worker #17] Bootstrap tree #82, logLikelihood: -301.765080
[00:00:02] [worker #10] Bootstrap tree #75, logLikelihood: -294.553336
[00:00:02] [worker #13] Bootstrap tree #78, logLikelihood: -293.093590
[00:00:02] [worker #25] Bootstrap tree #90, logLikelihood: -296.395520
[00:00:02] [worker #11] Bootstrap tree #76, logLikelihood: -301.765079
[00:00:02] [worker #12] Bootstrap tree #77, logLikelihood: -301.765079
00:00:02] [worker #1] Bootstrap tree #66, logLikelihood: -282.620498
[00:00:02] [worker #27] Bootstrap tree #92, logLikelihood: -285.286397
[00:00:02] [worker #8] Bootstrap tree #73, logLikelihood: -301.765080
[00:00:02] [worker #16] Bootstrap tree #81, logLikelihood: -301.765079
[00:00:02] [worker #23] Bootstrap tree #88, logLikelihood: -301.765079
[00:00:02] [worker #19] Bootstrap tree #84, logLikelihood: -299.565814
[00:00:02] [worker #30] Bootstrap tree #95, logLikelihood: -301.765079
[00:00:02] [worker #7] Bootstrap tree #72, logLikelihood: -301.765079
[00:00:02] [worker #31] Bootstrap tree #96, logLikelihood: -295.410033
[00:00:02] [worker #9] Bootstrap tree #74, logLikelihood: -301.765079
[00:00:02] [worker #4] Bootstrap tree #69, logLikelihood: -301.765080
[00:00:02] [worker #2] Bootstrap tree #67, logLikelihood: -301.765079
[00:00:02] [worker #29] Bootstrap tree #94, logLikelihood: -301.765080
[00:00:02] [worker #14] Bootstrap tree #79, logLikelihood: -289.292923
[00:00:02] [worker #6] Bootstrap tree #71, logLikelihood: [-301.76507900:
-301.765080
[00:00:02] [worker #18] Bootstrap tree #83, logLikelihood: -301.765079
[00:00:02] [worker #28] Bootstrap tree #93, logLikelihood: -301.765079
[00:00:02] [worker #0] Bootstrap tree #65, logLikelihood: -301.765080
[00:00:02] [worker #21] Bootstrap tree #118, logLikelihood: -301.765079
[00:00:02] [worker #24] Bootstrap tree #89, logLikelihood: -301.765079[00

[00:00:02] [worker #26] Bootstrap tree #91, logLikelihood: -293.138466
[00:00:02] [worker #11] Bootstrap tree #108, logLikelihood: -295.727193
[00:00:02] [worker #5] Bootstrap tree #102, logLikelihood: -301.765079
[00:00:02] [worker #25] Bootstrap tree #122, logLikelihood: -298.075253
[00:00:02] [worker #10] Bootstrap tree #107, logLikelihood: -301.765079
[[0:00:02] [worker #3] :Bootstrap tree #0100:, logLikelihood: 02] [worker #13] Bootstrap tree #110, logLikelihood: -301.863030
[[0:00:02] [worker #3] :Bootstrap tree #0100:, logLikelihood: 02] [worker #13] Bootstrap tree #110, logLikelihood: -301.863030
-300.074107
[00:00:02] [worker #23] Bootstrap tree #120, logLikelihood: -301.765079
[00:00:02] [worker #20] Bootstrap tree #117, logLikelihood: -301.765080
[00:00:02] [worker #17] Bootstrap tree #114, logLikelihood: -301.765080
[00:00:02] [worker #16] Bootstrap tree #113, logLikelihood: -292.156875
[00:00:02] [worker #31] Bootstrap tree #128, logLikelihood: -291.236646
[00:00:02] [worker #12] Bootstrap tree #109, logLikelihood: -301.765080
[00:00:02] [worker #7] Bootstrap tree #104, logLikelihood: -300.934741
[00:00:02] [worker #8] Bootstrap tree #105, logLikelihood: -295.213895
[00:00:02] [worker #9] Bootstrap tree #106, logLikelihood: -301.765079
[00:00:02] [worker #19] Bootstrap tree #116, logLikelihood: -301.765079
[00:00:02] [worker #27] Bootstrap tree #124, logLikelihood: -292.768579
[00:00:02] [worker #26] Bootstrap tree #123, logLikelihood: -301.765079
[00:00:02] [worker #2] Bootstrap tree #99, logLikelihood: -300.690428
[00:00:02] [worker #14] Bootstrap tree #111, logLikelihood: -301.765079
[00:00:02] [worker #1] Bootstrap tree #98, logLikelihood: -301.765080
[00:00:02] [worker #15] Bootstrap tree #112, logLikelihood: -283.660961
[00:00:02] [worker #28] Bootstrap tree #125, logLikelihood: [0:00:02
[00:00:02] [worker #28] Bootstrap tree #125, logLikelihood: [0:00:02
] [worker #6] Bootstrap tree #103, logLikelihood: -301.765079
[00:00:03] [worker #18] Bootstrap tree #115, logLikelihood: -302.896310
[00:00:03] [worker #30] Bootstrap tree #127, logLikelihood: -301.765080
[00:00:03] [worker #29] Bootstrap tree #126, logLikelihood: -301.765079
[00:00:03] [worker #4] Bootstrap tree #101, logLikelihood: -301.765079
[00:00:03] [worker #0] Bootstrap tree #97, logLikelihood: -301.765080
[00:00:03] [worker #24] Bootstrap tree #121, logLikelihood: -301.765079
[00:00:03] [worker #22] Bootstrap tree #119, logLikelihood: -301.765080
[00:00:05] [worker #8] Bootstrap tree #137, logLikelihood: -301.765079
[00:00:05] [worker #14] Bootstrap tree #143, logLikelihood: [-291.15893000:00:05] 

[00:00:05] [worker #29] Bootstrap tree #158, logLikelihood: -301.765079
[00:00:05] [worker #23] Bootstrap tree #152, logLikelihood: -296.248727
[00:00:05] [worker #6] Bootstrap tree #135, logLikelihood: -301.765079
[00:00:05] [worker #18] Bootstrap tree #147, logLikelihood: -301.745016[
-300.934741
[00:00:05] [worker #13] Bootstrap tree #142, logLikelihood: -301.765079
[00:00:05] [worker #3] Bootstrap tree #132, logLikelihood: -297.710073
[[0:00:005:] 00:05] [worker #5] Bootstrap tree #134[worker #4] Bootstrap tree # 5] [worker #30] 133, logLikelihood: -301.765079
000:00:005:] 00:05] [worker #5] Bootstrap tree #134[worker #4] Bootstrap tree # 5] [worker #30] 133, logLikelihood: -301.765079

:00:05] [worker #31] Bootstrap tree #160, logLikelihood: [-301.76508000
[00:00:05] [worker #25] Bootstrap tree #154, logLikelihood: -301.765080
[00:00:05] [worker #27] Bootstrap tree #156, logLikelihood: -301.765080
[00:00:05] [worker #21] Bootstrap tree #150, logLikelihood: -301.765080
[00:00:05] [worker #24] Bootstrap tree #153, logLikelihood: -301.765079
[00:00:05] [worker #16] Bootstrap tree #145, logLikelihood: -301.765080
[00:00:05] [worker #10] Bootstrap tree #139, logLikelihood: -301.765080
[00:00:05] [worker #0] Bootstrap tree #129, logLikelihood: -301.765080
[00:00:05] [worker #19] Bootstrap tree #148, logLikelihood: -301.765079
[00:00:05] [worker #2] Bootstrap tree #131, logLikelihood: -301.765080
[00:00:05] [worker #20] Bootstrap tree #149, logLikelihood: -302.994246
[00:00:05] [worker #28] Bootstrap tree #157, logLikelihood: -301.765079
[00:00:05] [worker #9] Bootstrap tree #138, logLikelihood: -301.765080
[00:00:05] [worker #12] Bootstrap tree #141, logLikelihood: -301.765079
[00:00:05] [worker #1] Bootstrap tree #130, logLikelihood: -294.383509
[00:00:05] [worker #26] Bootstrap tree #155, logLikelihood: -301.765079
[00:00:05] [worker #7] Bootstrap tree #136, logLikelihood: -301.765079
[00:00:05] [worker #22] Bootstrap tree #151, logLikelihood: -301.765079
[00:00:05] [worker #14] Bootstrap tree #175, logLikelihood: -291.381295
[00:00:05] [worker #17] Bootstrap tree #146, logLikelihood: -301.765080
[00:00:05] [worker #15] Bootstrap tree #176, logLikelihood: -295.913337
[00:00:05] [worker #4] Bootstrap tree #165, logLikelihood: -301.765080
[00:00:05] [worker #23] Bootstrap tree #184, logLikelihood: -301.765079
[00:00:05] [worker #29] Bootstrap tree #190, logLikelihood: -301.000628
[00:00:05] [worker #6] Bootstrap tree #167, logLikelihood: -303.392314
[00:00:05] [worker #8] Bootstrap tree #169, logLikelihood: -292.507497
[00:00:05] [worker #31] Bootstrap tree #192, logLikelihood: -301.765079
[00:00:05] [worker #25] Bootstrap tree #186, logLikelihood: -301.765080
[00:00:05] [worker #30] Bootstrap tree #191, logLikelihood: -301.765080
[00:00:05] [worker #26] Bootstrap tree #187, logLikelihood: -292.344902
[00:00:05] [worker #5] Bootstrap tree #166, logLikelihood: -301.765079
[00:00:05] [worker #10] Bootstrap tree #171, logLikelihood: -299.104382
[00:00:05] [worker #3] Bootstrap tree #164, logLikelihood: -301.765080
[00:00:05] [worker #24] Bootstrap tree #185, logLikelihood: -286.420278
[00:00:05] [worker #19] Bootstrap tree #180, logLikelihood: -290.884657
[00:00:05] [worker #17] Bootstrap tree #178, logLikelihood: -302.852552
[00:00:05] [worker #11] Bootstrap tree #172, logLikelihood: -301.765080
[00:00:05] [worker #27] Bootstrap tree #188, logLikelihood: -301.765079
[00:00:05] [worker #7] Bootstrap tree #168, logLikelihood: -290.317126
[00:00:05] [worker #22] Bootstrap tree #183, logLikelihood: -301.765080
[00:00:05] [worker #21] Bootstrap tree #182, logLikelihood: -300.887191
[00:00:05] [worker #18] Bootstrap tree #179, logLikelihood: -301.765079
[00:00:05] [worker #9] Bootstrap tree #170, logLikelihood: -301.765080
[00:00:05] [worker #0] Bootstrap tree #161, logLikelihood: -301.765080
[00:00:05] [worker #1] Bootstrap tree #162, logLikelihood: -301.765080
[00:00:05] [worker #12] Bootstrap tree #173, logLikelihood: -301.765080
[00:00:05] [worker #16] Bootstrap tree #177, logLikelihood: -301.765080
[00:00:05] [worker #13] Bootstrap tree #174, logLikelihood: -301.765080
, logLikelihood: -289.966360[00:00:05] [worker #20] Bootstrap tree #181, logLikelihood: -301.765079
, logLikelihood: -289.966360[00:00:05] [worker #20] Bootstrap tree #181, logLikelihood: -301.765079

00:00:05] [worker #2] Bootstrap tree #163, logLikelihood: -301.765080
[00:00:08] [worker #10] Bootstrap tree #203, logLikelihood: -284.058750
[00:00:08] [worker #24] Bootstrap tree #217, logLikelihood: -301.765080
[00:00:08] [worker #26] Bootstrap tree #219, logLikelihood: -301.765079
[00:00:09] [worker #3] Bootstrap tree #196, logLikelihood: -282.439178
[00:00:09] [worker #28] Bootstrap tree #221, logLikelihood: -300.413136
[00:00:09] [worker #20] Bootstrap tree #213, logLikelihood: -301.765079
[00:00:09] [worker #21] Bootstrap tree #214, logLikelihood: -298.178577
[00:00:09] [worker #12] Bootstrap tree #205, logLikelihood: -297.598905
[00:00:09] [worker #13] Bootstrap tree #206, logLikelihood: -301.765080
[00:00:09] [worker #13] Bootstrap tree #206, logLikelihood: -301.765080
[00:00:09] [worker #27] Bootstrap tree #220, logLikelihood: -301.765080
[00:00:09] [worker #19] Bootstrap tree #212, logLikelihood: -301.765080
[00:00:09] [worker #31] Bootstrap tree #224, logLikelihood: -301.765080
[00:00:09] [worker #15] Bootstrap tree #208, logLikelihood: -301.765079
[00:00:09] [worker #16] Bootstrap tree #209, logLikelihood: -301.765079
[00:00:09] [worker #25] Bootstrap tree #218, logLikelihood: -301.765079
[00:00:09] [worker #11] Bootstrap tree #204, logLikelihood: -301.765080
[00:00:09] [worker #18] Bootstrap tree #211, logLikelihood: -301.765080
[00:00:09] [worker #22] Bootstrap tree #215, logLikelihood: -301.765080
[00:00:09] [worker #30] Bootstrap tree #223, logLikelihood: -301.765079
[00:00:09] [worker #1] Bootstrap tree #194, logLikelihood: -287.216846
[00:00:09] [worker #8] Bootstrap tree #201, logLikelihood: -301.765079
[00:00:09] [worker #4] Bootstrap tree #197, logLikelihood: -301.765079
[00:00:09] [worker #0] Bootstrap tree #193, logLikelihood: -292.568070
[00:00:09] [worker #5] Bootstrap tree #198, logLikelihood: -301.765080
[00:00:09] [worker #14] Bootstrap tree #207, logLikelihood: -301.765080
[00:00:09] [worker #29] Bootstrap tree #222, logLikelihood: -285.588157
[00:00:09] [worker #6] Bootstrap tree #199, logLikelihood: -301.765079
[00:00:09] [worker #7] Bootstrap tree #200, logLikelihood: -298.923195
[00:00:09] [worker #17] Bootstrap tree #210, logLikelihood: -301.765079
[00:00:09] [worker #9] Bootstrap tree #202, logLikelihood: -301.765080
[00:00:09] [worker #23] Bootstrap tree #216, logLikelihood: -301.765080
[00:00:09] [worker #2] Bootstrap tree #195, logLikelihood: -301.765079
[00:00:09] [worker #28] Bootstrap tree #253, logLikelihood: -276.920806
[00:00:09] [worker #3] Bootstrap tree #228, logLikelihood: -301.765079
[00:00:09] [worker #16] Bootstrap tree #241, logLikelihood: -301.765080
[00:00:09] [worker #22] Bootstrap tree #247, logLikelihood: -299.006497
[00:00:09] [worker #21] Bootstrap tree #246, logLikelihood: -295.328215
[00:00:09] [worker #4] Bootstrap tree #229, logLikelihood: -299.442971
[00:00:09] [worker #13] Bootstrap tree #238, logLikelihood: -301.765079
[00:00:09] [worker #24] Bootstrap tree #249, logLikelihood: -293.729394
[000:00:09] 00[worker #27] Bootstrap tree #252, logLikelihood: 00:09] [worker #26] Bootstrap tree #251, logLikelihood: -299.120893
[000:00:09] 00[worker #27] Bootstrap tree #252, logLikelihood: 00:09] [worker #26] Bootstrap tree #251, logLikelihood: -299.120893
-301.765079
[00:00:09] [worker #7] Bootstrap tree #232, logLikelihood: -301.765080
[00:00:09] [worker #25] Bootstrap tree #250, logLikelihood: -287.180908
[00:00:09] [worker #15] Bootstrap tree #240, logLikelihood: -301.765080
[00:00:09] [worker #20] Bootstrap tree #245, logLikelihood: -301.765079
-301.765079
[00:00:09] [worker #5] Bootstrap tree #230, logLikelihood: -303.524960
[00:00:09] [worker #19] Bootstrap tree #244, logLikelihood: -301.765079
[00:00:09] [worker #12] Bootstrap tree #237, logLikelihood: -301.765079
[00:00:09] [worker #30] Bootstrap tree #255, logLikelihood: -301.765079
[00:00:09] [worker #8] Bootstrap tree #233, logLikelihood: -283.235911
[00:00:09] [worker #1] Bootstrap tree #226, logLikelihood: -301.765079
[00:00:09] [worker #31] Bootstrap tree #256, logLikelihood: -301.765080
[00:00:09] [worker #11] Bootstrap tree #236, logLikelihood: -301.765079
[[[00:00:09] [worker #2] Bootstrap tree #227, logLikelihood: -301.765079
[worker #23] Bootstrap tree #248, logLikelihood: -301.765079
-301.765079
[00:00:09] [worker #18] Bootstrap tree #243, logLikelihood: -297.640481
[00:00:09] [worker #0] Bootstrap tree #225, logLikelihood: -301.765079
[00:00:09] [worker #14] Bootstrap tree #239, logLikelihood: -301.765080
[00:00:09] [worker #9] Bootstrap tree #234, logLikelihood: -301.765079
[00:00:09] [worker #6] Bootstrap tree #231, logLikelihood: -301.765079
[00:00:09] [worker #29] Bootstrap tree #254, logLikelihood: -301.765080
[00:00:14] [worker #1] Bootstrap tree #258, logLikelihood: -297.121126
[00:00:14] [[worker #14] Bootstrap tree #00271, logLikelihood: :00:14] [worker #21] Bootstrap tree #278, logLikelihood: -301.765079
[00:00:14] [[worker #14] Bootstrap tree #00271, logLikelihood: :00:14] [worker #21] Bootstrap tree #278, logLikelihood: -301.765079
-303.503363
[00:00:14] [worker #5] Bootstrap tree #262, logLikelihood: -301.765080
[00:00:14] [worker #9] Bootstrap tree #266, logLikelihood: -301.585354
[00:00:14] [worker #23] Bootstrap tree #280, logLikelihood: -287.836108
[00:00:14] [worker #29] Bootstrap tree #286, logLikelihood: -301.765080
[00:00:14] [worker #6] Bootstrap tree #263, logLikelihood: -301.765079
[00:00:14] [worker #12] Bootstrap tree #269, logLikelihood: -293.051833
[00:00:14] [worker #10] Bootstrap tree #267, logLikelihood: -283.501854
[00:00:14] [worker #31] Bootstrap tree #288, logLikelihood: -299.225197
[00:00:14] [worker #11] Bootstrap tree #268, logLikelihood: -287.089881
[00:00:14] [worker #22] Bootstrap tree #279, logLikelihood: -301.765079
[00:00:14] [worker #25] Bootstrap tree #282, logLikelihood: -302.602214
[00:00:14] [worker #18] Bootstrap tree #275, logLikelihood: -301.765080
[00:00:14] [worker #20] Bootstrap tree #277, logLikelihood: -301.765079
[00:00:14] [worker #15] Bootstrap tree #272, logLikelihood: -292.830067
[00:00:14] [worker #17] Bootstrap tree #274, logLikelihood: -301.765079
[00:00:14] [worker #7] Bootstrap tree #264, logLikelihood: -301.765079
[00:00:14] [worker #4] Bootstrap tree #261, logLikelihood: -301.765080
[[00:00:14] [worker #16] Bootstrap tree #273, logLikelihood: -301.765080
[00:00:14] [worker #24] Bootstrap tree #281, logLikelihood: -301.765079
[00:00:14] [worker #13] Bootstrap tree #270, logLikelihood: -301.765080
[00:00:14] [worker #19] Bootstrap tree #276, logLikelihood: -301.765079
[00:00:14] [worker #2] Bootstrap tree #259, logLikelihood: -301.765079
00:00:14] [worker #3] Bootstrap tree #260, logLikelihood: -301.765079
[00:00:14] [worker #30] Bootstrap tree #287, logLikelihood: -301.765080
[00:00:14] [worker #26] Bootstrap tree #283, logLikelihood: -301.765079
[00:00:14] [worker #0] Bootstrap tree #257, logLikelihood: -301.765080
[00:00:14] [worker #28] Bootstrap tree #285, logLikelihood: -301.765080
[00:00:14] [worker #27] Bootstrap tree #284, logLikelihood: -301.765079
[00:00:14] [worker #21] Bootstrap tree #310, logLikelihood: -290.713319
[00:00:14] [worker #8] Bootstrap tree #265, logLikelihood: -301.765080
[00:00:14] [worker #6] Bootstrap tree #295, logLikelihood: -292.504051
[00:00:14] [worker #12] Bootstrap tree #301, logLikelihood: -283.655278
[00:00:14] [worker #23] Bootstrap tree #312, logLikelihood: -301.765079
[00:00:14] [worker #1] Bootstrap tree #290, logLikelihood: -299.533596
[00:00:14] [worker #22] Bootstrap tree #311, logLikelihood: -301.765079
[00:00:14] [worker #14] Bootstrap tree #303, logLikelihood: -301.765080
[00:00:14] [worker #24] Bootstrap tree #313, logLikelihood: -298.750421
[00:00:14] [worker #18] Bootstrap tree #307, logLikelihood: -299.357222
[00:00:14] [worker #11] Bootstrap tree #300, logLikelihood: -300.963745
[00:00:14] [worker #10] Bootstrap tree #299, logLikelihood: -293.988518
[00:00:14] [worker #31] Bootstrap tree #320, logLikelihood: -291.417444
[00:00:14] [worker #15] Bootstrap tree #304, logLikelihood: -285.777061
[00:00:15] [worker #29] Bootstrap tree #318, logLikelihood: -301.765080
[00:00:15] [worker #20] Bootstrap tree #309, logLikelihood: -301.765079
[00:00:15] [worker #5] Bootstrap tree #294, logLikelihood: -301.765079
[00:00:15] [worker #25] Bootstrap tree #314, logLikelihood: -301.765079
[00:00:15] [worker #2] Bootstrap tree #291, logLikelihood: -291.024119
[00:00:15] [worker #16] Bootstrap tree #305, logLikelihood: -301.765079
[00:00:15] [worker #7] Bootstrap tree #296, logLikelihood: -278.915213
[00:00:15] [worker #4] Bootstrap tree #293, logLikelihood: -301.765079
[00:00:15] [worker #19] Bootstrap tree #308, logLikelihood: -301.765080
[00:00:15] [worker #3] Bootstrap tree #292, logLikelihood: -301.765079
[00:00:15] [worker #17] Bootstrap tree #306, logLikelihood: -301.765080
[00:00:15] [worker #9] Bootstrap tree #298, logLikelihood: -301.765079
[00:00:15] [worker #27] Bootstrap tree #316, logLikelihood: -301.765079
[00:00:15] [worker #8] Bootstrap tree #297, logLikelihood: -301.765079
[00:00:15] [worker #30] Bootstrap tree #319, logLikelihood: -301.765079
[00:00:15] [worker #13] Bootstrap tree #302, logLikelihood: -301.765079
[00:00:15] [worker #0] Bootstrap tree #289, logLikelihood: -294.887095
[00:00:15] [worker #28] Bootstrap tree #317, logLikelihood: -301.765079
[00:00:15] [worker #26] Bootstrap tree #315, logLikelihood: -301.765080
[00:00:22] [worker #12] Bootstrap tree #333, logLikelihood: -301.765079
[00:00:22] [worker #19] Bootstrap tree #340, logLikelihood: -296.090333
00:00:22] [worker #14] Bootstrap tree #335, logLikelihood: -301.765080
[00:00:22] [worker #28] Bootstrap tree #349, logLikelihood: -301.765079
[00:00:22] [worker #25] Bootstrap tree #346, logLikelihood: [00:00:22] [worker #1] Bootstrap tree #322, logLikelihood: 

00:00:22] [worker #25] Bootstrap tree #346, logLikelihood: [00:00:22] [worker #1] Bootstrap tree #322, logLikelihood: 
[-301.76508000:00:

[[[00:00:22] [worker #5] 00:00:22] [worker #6] Bootstrap tree #327, logLikelihood: 00:00:22] [worker #24] Bootstrap tree #345, logLikelihood: Bootstrap tree #326, logLikelihood: -301.765080
[[[00:00:22] [worker #5] 00:00:22] [worker #6] Bootstrap tree #327, logLikelihood: 00:00:22] [worker #24] Bootstrap tree #345, logLikelihood: Bootstrap tree #326, logLikelihood: -301.765080
-301.765079-301.765080
[[[00:00:22] [worker #5] 00:00:22] [worker #6] Bootstrap tree #327, logLikelihood: 00:00:22] [worker #24] Bootstrap tree #345, logLikelihood: Bootstrap tree #326, logLikelihood: -301.765080
-301.765079-301.765080
[00:00:22] [worker #2] Bootstrap tree #323, logLikelihood: -289.600587
[00:00:22] [worker #26] Bootstrap tree #347, logLikelihood: -301.765079
[00:00:22] [worker #29] Bootstrap tree #350, logLikelihood: -301.765079
[00:00:22] [worker #16] Bootstrap tree #337, logLikelihood: -301.765079
[00:00:22] [worker #15] Bootstrap tree #336, logLikelihood: -286.420278
[00:00:22] [worker #7] Bootstrap tree #328, logLikelihood: -287.750476
[00:00:22] [worker #13] Bootstrap tree #334, logLikelihood: -301.765079
[00:00:22] [worker #23] Bootstrap tree #344, logLikelihood: -301.765079
[00:00:22] [worker #3] Bootstrap tree #324, logLikelihood: -299.774568
[00:00:22] [worker #21] Bootstrap tree #342, logLikelihood: -288.571412
[00:00:22] [worker #30] Bootstrap tree #351, logLikelihood: -301.765080
[00:00:22] [worker #9] Bootstrap tree #330, logLikelihood: -301.765079
[00:00:22] [worker #22] Bootstrap tree #343, logLikelihood: -301.765079
[00:00:22] [worker #18] Bootstrap tree #339, logLikelihood: -292.630788
[00:00:22] [worker #11] Bootstrap tree #332, logLikelihood: -301.765080
[00:00:22] [worker #0] Bootstrap tree #321, logLikelihood: -294.629062
[00:00:22] [worker #4] Bootstrap tree #325, logLikelihood: -301.765080
[00:00:22] [worker #17] Bootstrap tree #338, logLikelihood: -301.765079
[00:00:22] [worker #27] Bootstrap tree #348, logLikelihood: -292.620222
[00:00:22] [worker #8] Bootstrap tree #329, logLikelihood: -291.531568
[00:00:22] [worker #10] Bootstrap tree #331, logLikelihood: -301.765079
[00:00:22] [worker #20] Bootstrap tree #341, logLikelihood: -301.765079
[00:00:22] [worker #12] Bootstrap tree #365, logLikelihood: -301.765080
[00:00:22] [worker #14] Bootstrap tree #367, logLikelihood: -301.765079
[00:00:22] [worker #24] Bootstrap tree #377, logLikelihood: -281.883552
[00:00:22] [worker #6] Bootstrap tree #359, logLikelihood: -301.765080
[00:00:22] [worker #3] Bootstrap tree #356, logLikelihood: -299.804662
[00:00:22] [worker #21] Bootstrap tree #374, logLikelihood: -301.765079
[00:00:22] [worker #7] Bootstrap tree #360, logLikelihood: -301.765079
[00:00:22] [worker #13] Bootstrap tree #366, logLikelihood: -287.971923
[00:00:22] [worker #25] Bootstrap tree #378, logLikelihood: -301.765079
[00:00:22] [worker #16] Bootstrap tree #369, logLikelihood: -301.765079
[00:00:22] [worker #22] Bootstrap tree #375, logLikelihood: -301.765079
[00:00:22] [worker #31] Bootstrap tree #384, logLikelihood: -301.765080
[00:00:22] [worker #29] Bootstrap tree #382, logLikelihood: -301.765080
[00:00:22] [worker #9] Bootstrap tree #362, logLikelihood: -299.361135
[00:00:22] [worker #1] Bootstrap tree #354, logLikelihood: -301.765079
[00:00:22] [worker #23] Bootstrap tree #376, logLikelihood: -301.765079
[00:00:22] [worker #26] Bootstrap tree #379, logLikelihood: -301.765079
[[00:00:22] [worker #15] Bootstrap tree #368, logLikelihood: -288.265347
[00:00:22] [worker #30] Bootstrap tree #383, logLikelihood: -291.896341
00:00:22] [worker #2] Bootstrap tree #355, logLikelihood: -304.231141
[00:00:22] [worker #10] Bootstrap tree #363, logLikelihood: -289.525218
[00:00:22] [worker #28] Bootstrap tree #381, logLikelihood: -302.812947
[00:00:22] [worker #27] Bootstrap tree #380, logLikelihood: -301.765080
[00:00:22] [worker #19] Bootstrap tree #372, logLikelihood: -301.765079
[00:00:22] [worker #11] Bootstrap tree #364, logLikelihood: -301.765079
[00:00:22] [worker #0] Bootstrap tree #353, logLikelihood: -301.765080
[00:00:22] [worker #8] Bootstrap tree #361, logLikelihood: -301.765079
[00:00:22] [worker #5] Bootstrap tree #358, logLikelihood: -301.765080
[00:00:22] [worker #20] Bootstrap tree #373, logLikelihood: -301.765080
[00:00:22] [worker #4] Bootstrap tree #357, logLikelihood: -301.765079
[00:00:22] [worker #18] Bootstrap tree #371, logLikelihood: -301.765079
[00:00:23] [worker #17] Bootstrap tree #370, logLikelihood: -301.765079
[00:00:32] [worker #6] Bootstrap tree #391, logLikelihood: -301.765080
[00:00:32] [worker #23] Bootstrap tree #408, logLikelihood: -304.921786
[00:00:32] [worker #10] Bootstrap tree #395, logLikelihood: -297.051105
[00:00:32] [worker #10] Bootstrap tree #395, logLikelihood: -297.051105
[00:00:32] [worker #29] Bootstrap tree #414, logLikelihood: -301.765080
[00:00:32] [worker #24] Bootstrap tree #409, logLikelihood: -301.765079
[00:00:32] [worker #17] Bootstrap tree #402, logLikelihood: -301.765079
[00:00:32] [worker #30] Bootstrap tree #415, logLikelihood: -297.828024
[00:00:32] [worker #25] Bootstrap tree #410, logLikelihood: -301.765079
[00:00:32] [worker #3] Bootstrap tree #388, logLikelihood: -301.765079
[00:00:32] [worker #21] Bootstrap tree #406, logLikelihood: -301.765080
[00:00:32] [worker #4] Bootstrap tree #389, logLikelihood: -289.717427
[00:00:32] [worker #7] Bootstrap tree #392, logLikelihood: -301.765080
[00:00:32] [worker #1] Bootstrap tree #386, logLikelihood: -301.765079
[[00:00:32] [worker #26] Bootstrap tree #411, logLikelihood: -301.765079
[worker #8] Bootstrap tree #393, logLikelihood: -301.765079
00:00:32] [worker #15] Bootstrap tree #400, logLikelihood: -301.742541
[00:00:32] [worker #22] Bootstrap tree #407, logLikelihood: -301.765079
[00:00:32] [worker #11] Bootstrap tree #396, logLikelihood: -301.765080
[00:00:32] [worker #14] Bootstrap tree #399, logLikelihood: -301.765079
[00:00:32] [worker #16] Bootstrap tree #401, logLikelihood: -301.765079
[00:00:32] [worker #2] Bootstrap tree #387, logLikelihood: -301.765079
[00:00:32] [worker #31] Bootstrap tree #416, logLikelihood: -301.765079
[00:00:32] [worker #19] Bootstrap tree #404, logLikelihood: -301.765079
[00:00:32] [worker #18] Bootstrap tree #403, logLikelihood: -293.093590
[00:00:32] [worker #28] Bootstrap tree #413, logLikelihood: -291.192671
[00:00:32] [worker #5] Bootstrap tree #390, logLikelihood: -287.963606
[00:00:32] [worker #12] Bootstrap tree #397, logLikelihood: -296.248727
[00:00:32] [worker #20] Bootstrap tree #405, logLikelihood: -301.765079
[00:00:32] [worker #27] Bootstrap tree #412, logLikelihood: -301.765079
[00:00:32] [worker #13] Bootstrap tree #398, logLikelihood: -301.765079
[00:00:32] [worker #0] Bootstrap tree #385, logLikelihood: -302.944724
[00:00:32] [worker #9] Bootstrap tree #394, logLikelihood: -301.765079
[00:00:32] [worker #29] Bootstrap tree #446, logLikelihood: -296.102984
[00:00:32] [worker #8] Bootstrap tree #425, logLikelihood: -289.855348
[00:00:32] [worker #23] Bootstrap tree #440, logLikelihood: -301.765080
[00:00:32] [worker #26] Bootstrap tree #443, logLikelihood: -287.643365
[00:00:32] [worker #16] Bootstrap tree #433, logLikelihood: -301.765080
[00:00:32] [worker #2] Bootstrap tree #419, logLikelihood: -301.765080
[00:00:32] [worker #25] Bootstrap tree #442, logLikelihood: -301.765079
[00:00:32] [worker #24] Bootstrap tree #441, logLikelihood: -296.060916
[00:00:32] [worker #13] Bootstrap tree #430, logLikelihood: -294.457598
[00:00:32] [worker #6] Bootstrap tree #423, logLikelihood: -301.765080
[00:00:32] [worker #5] Bootstrap tree #422, logLikelihood: -279.005710
[00:00:32] [worker #1] Bootstrap tree #418, logLikelihood: -301.418356
421[, logLikelihood: -299.237090

[00:00:32] [worker #21] Bootstrap tree #438, logLikelihood: -296.837784
[00:00:32] [worker #3] Bootstrap tree #420, logLikelihood: -301.765080
[00:00:32] [worker #7] Bootstrap tree #424, logLikelihood: -301.765080
[00:00:32] [worker #30] Bootstrap tree #447, logLikelihood: -301.765080
[00:00:32] [worker #31] Bootstrap tree #448, logLikelihood: -301.765079
[00:00:32] [worker #17] Bootstrap tree #434, logLikelihood: -301.765079
[00:00:32] [worker #14] Bootstrap tree #431, logLikelihood: -301.765079
[00:00:32] [worker #28] Bootstrap tree #445, logLikelihood: -301.765079
[worker #22] Bootstrap tree #439, logLikelihood: -291.372690
[00:00:32] [worker #18] Bootstrap tree #435, logLikelihood: -296.406054
[00:00:32] [worker #12] Bootstrap tree #429, logLikelihood: -301.765080
[00:00:32] [worker #11] Bootstrap tree #428, logLikelihood: -296.401972
[00:00:32] [worker #9] Bootstrap tree #426, logLikelihood: -301.765079
[00:00:32] [worker #19] Bootstrap tree #436, logLikelihood: -292.400359
[00:00:32] [worker #20] Bootstrap tree #437, logLikelihood: -301.765079
[00:00:32] [worker #15] Bootstrap tree #432, logLikelihood: -301.765079
[00:00:32] [worker #27] Bootstrap tree #444, logLikelihood: -301.765079
[00:00:33] [worker #0] Bootstrap tree #417, logLikelihood: -303.802381
[00:00:45] [worker #7] Bootstrap tree #456, logLikelihood: -301.426496
[00:00:45] [worker #28] Bootstrap tree #477, logLikelihood: -301.765079
[00:00:45] [worker #29] Bootstrap tree #478, logLikelihood: -293.728628
[00:00:45] [worker #3] Bootstrap tree #452, logLikelihood: -301.512386
[00:00:45] [worker #9] Bootstrap tree #458, logLikelihood: -293.307409
[00:00:45] [worker #13] Bootstrap tree #462, logLikelihood: -287.192826
[00:00:45] [worker #23] Bootstrap tree #472, logLikelihood: -301.765080
[00:00:45] [worker #4] Bootstrap tree #453, logLikelihood: -301.765080
[00:00:45] [worker #6] Bootstrap tree #455, logLikelihood: -301.765079
-301.765079[
-301.765079[
00:00:45] [worker #22] Bootstrap tree #471, logLikelihood: -301.765079
[00:00:45] [worker #16] Bootstrap tree #465, logLikelihood: -287.572329
[00:00:45] [worker #19] Bootstrap tree #468, logLikelihood: -301.765079
[00:00:45] [worker #17] Bootstrap tree #466, logLikelihood: -290.143524
[00:00:45] [worker #5] Bootstrap tree #454, logLikelihood: -302.334628
[00:00:45] [worker #10] Bootstrap tree #459, logLikelihood: -306.102293
[00:00:45] [worker #31] Bootstrap tree #480, logLikelihood: -301.765080
[00:00:45] [worker #18] Bootstrap tree #467, logLikelihood: -301.765080
[00:000:045:] 00:45] [worker #15] Bootstrap tree #Bootstrap tree #463, logLikelihood: , logLikelihood: -301.765080-301.765080
[00:000:045:] 00:45] [worker #15] Bootstrap tree #Bootstrap tree #463, logLikelihood: , logLikelihood: -301.765080-301.765080

[00:00:45] [worker #8] Bootstrap tree #457, logLikelihood: -301.765080
[00:00:45] [worker #27] Bootstrap tree #476, logLikelihood: -301.765079
[00:00:45] [worker #21] Bootstrap tree #470, logLikelihood: -301.765079
00:00:45] [worker #25] Bootstrap tree #474, logLikelihood: -301.765080
[00:00:45] [worker #11] Bootstrap tree #460, logLikelihood: -301.765079
[00:00:45] [worker #24] Bootstrap tree #473, logLikelihood: -301.765080
[00:00:45] [worker #12] Bootstrap tree #461, logLikelihood: -301.765079
[00:00:45] [worker #26] Bootstrap tree #475, logLikelihood: -301.765079
[00:00:45] [worker #0] Bootstrap tree #449, logLikelihood: -301.765079
[00:00:45] [worker #2] Bootstrap tree #451, logLikelihood: -301.765079
[00:00:45] [worker #1] Bootstrap tree #450, logLikelihood: -301.765079
[00:00:45] [worker #3] Bootstrap tree #484, logLikelihood: -301.765080
[00:00:45] [worker #29] Bootstrap tree #510, logLikelihood: -291.404330
[00:00:45] [worker #30] Bootstrap tree #479, logLikelihood: -301.765080
[00:00:45] [worker #13] Bootstrap tree #494, logLikelihood: -302.224327
[00:00:45] [worker #10] Bootstrap tree #491, logLikelihood: -298.910817
[00:00:45] [worker #21] Bootstrap tree #502, logLikelihood: -301.765079
[00:00:45] [worker #18] Bootstrap tree #499, logLikelihood: -301.765079
[00:00:45] [worker #6] Bootstrap tree #487, logLikelihood: -293.360233
[00:00:45] [worker #22] Bootstrap tree #503, logLikelihood: -292.366396
[00:00:45] [worker #23] Bootstrap tree #504, logLikelihood: -301.582428
[00:00:45] [worker #19] Bootstrap tree #500, logLikelihood: -301.765080
[00:00:45] [worker #16] Bootstrap tree #497, logLikelihood: -301.765079
[00:00:45] [worker #28] Bootstrap tree #509, logLikelihood: -301.765079
[00:00:45] [worker #7] Bootstrap tree #488, logLikelihood: -301.765080
[00:00:45] [worker #14] Bootstrap tree #495, logLikelihood: -298.535030
[00:00:45] [worker #25] Bootstrap tree #506, logLikelihood: -300.857308
[00:00:45] [worker #30] Bootstrap tree #511, logLikelihood: -290.898520
[00:00:45] [worker #17] Bootstrap tree #498, logLikelihood: -290.317126
[00:00:45] [worker #1] Bootstrap tree #482, logLikelihood: -291.533224
[worker #4] Bootstrap tree #485, logLikelihood: -301.765080
[00:00:45] [worker #31] Bootstrap tree #512, logLikelihood: -301.765079
[00:00:45] [worker #8] Bootstrap tree #489, logLikelihood: -301.765079
[00:00:46] [worker #20] Bootstrap tree #501, logLikelihood: -301.765080
[00:00:46] [worker #20] Bootstrap tree #501, logLikelihood: -301.765080
[00:00:46] [worker #9] Bootstrap tree #490, logLikelihood: -301.765079
[00:00:46] [worker #5] Bootstrap tree #486, logLikelihood: -301.765079
[00:00:46] [worker #15] Bootstrap tree #496, logLikelihood: -301.765079
[00:00:46] [worker #26] Bootstrap tree #507, logLikelihood: -299.781055
[00:00:46] [worker #11] Bootstrap tree #492, logLikelihood: -301.765080
[00:00:46] [worker #27] Bootstrap tree #508, logLikelihood: -301.765079
[00:00:46] [worker #0] Bootstrap tree #481, logLikelihood: -301.765079
[00:00:46] [worker #24] Bootstrap tree #505, logLikelihood: -301.765079
00:00:46] [worker #12] Bootstrap tree #493, logLikelihood: -301.765080
[00:00:46] [worker #2] Bootstrap tree #483, logLikelihood: -301.765079
[00:01:02] [worker #29] Bootstrap tree #542, logLikelihood: -304.817914
[00:01:02] [worker #8] Bootstrap tree #521, logLikelihood: -299.056850
[00:01:02] [worker #19] Bootstrap tree #532, logLikelihood: -299.307174
[00:01:02] [worker #14] Bootstrap tree #527, logLikelihood: -293.067168
[00:01:02] [worker #17] Bootstrap tree #530, logLikelihood: -293.876515
[00:01:02] [worker #3] Bootstrap tree #516, logLikelihood: -296.505688
[00:01:02] [worker #25] Bootstrap tree #538, logLikelihood: -298.568733
[00:01:02] [worker #18] Bootstrap tree #531, logLikelihood: -297.570168
[00:01:02] [worker #28] Bootstrap tree #541, logLikelihood: -293.067168
[00:01:02] [worker #11] Bootstrap tree #524, logLikelihood: -301.765079
[00:01:02] [worker #12] Bootstrap tree #525, logLikelihood: -301.765079
[00:01:02] [worker #15] Bootstrap tree #528, logLikelihood: -301.765079
[00:01:02] [worker #9] Bootstrap tree #522, logLikelihood: -296.487875

[00:01:02] [worker #4] Bootstrap tree #517, logLikelihood: -295.084797
-301.765079
:01:02] [worker #7] Bootstrap tree #520, logLikelihood: -301.765080
[00:01:02] [worker #31] Bootstrap tree #544, logLikelihood: -291.159222
[00:01:02] [worker #2] Bootstrap tree #515, logLikelihood: -301.765080
[00:01:02] [worker #6] Bootstrap tree #519, logLikelihood: -301.765079
[00:01:02] [worker #10] Bootstrap tree #523, logLikelihood: -301.765079
[00:01:02] [worker #27] Bootstrap tree #540, logLikelihood: -301.765080
[00:01:02] [worker #13] Bootstrap tree #526, logLikelihood: -294.506694
[00:01:02] [worker #8] Bootstrap tree #553, logLikelihood: -302.429370
[00:01:02] [worker #30] Bootstrap tree #543, logLikelihood: -301.765080
[00:01:02] [worker #16] Bootstrap tree #529, logLikelihood: -287.133757
[00:01:02] [worker #1] Bootstrap tree #514, logLikelihood: -301.765079
[00:01:02] [worker #5] Bootstrap tree #518, logLikelihood: -301.765080
[00:01:02] [worker #19] Bootstrap tree #564, logLikelihood: -301.902987
[00:01:02] [worker #26] Bootstrap tree #539, logLikelihood: -301.765079
[00:01:02] [worker #21] Bootstrap tree #534, logLikelihood: -301.765079
[00:01:02] [worker #3] Bootstrap tree #548, logLikelihood: -297.999736
[00:01:02] [worker #14] Bootstrap tree #559, logLikelihood: -301.765079
[00:01:02] [worker #0] Bootstrap tree #513, logLikelihood: -301.765080
[00:01:02] [worker #22] Bootstrap tree #535, logLikelihood: -301.765079
[00:01:02] [worker #24] Bootstrap tree #537, logLikelihood: -301.765080
[00:01:02] [worker #18] Bootstrap tree #563, logLikelihood: -301.765079
[00:01:02] [worker #29] Bootstrap tree #574, logLikelihood: -294.508285
[00:01:02] [worker #17] Bootstrap tree #562, logLikelihood: -301.765080
[00:01:02] [worker #25] Bootstrap tree #570, logLikelihood: -301.765080
[00:01:02] [worker #11] Bootstrap tree #556, logLikelihood: -301.598600[
-301.765079
[00:01:02] [worker #12] Bootstrap tree #557, logLikelihood: -301.765079
[00:01:02] [worker #2] Bootstrap tree #547, logLikelihood: -297.789393
[00:01:02] [worker #20] Bootstrap tree #565, logLikelihood: -301.765079
[00:01:02] [worker #10] Bootstrap tree #555, logLikelihood: -301.765079
[00:01:02] [worker #7] Bootstrap tree #552, logLikelihood: -301.765080
[00:01:02] [worker #30] Bootstrap tree #575, logLikelihood: -301.765079
[00:01:02] [worker #28] Bootstrap tree #573, logLikelihood: -301.765080
[00:01:02] [worker #31] Bootstrap tree #576, logLikelihood: -296.943758
[00:01:02] [worker #6] Bootstrap tree #551, logLikelihood: -301.765080
[00:01:02] [worker #23] Bootstrap tree #568, logLikelihood: -297.262818
[00:01:02] [worker #5] Bootstrap tree #550, logLikelihood: -291.284436
[00:01:02] [worker #26] Bootstrap tree #571, logLikelihood: -301.765080
[00:01:02] [worker #27] Bootstrap tree #572, logLikelihood: -301.765079
[00:01:02] [worker #13] Bootstrap tree #558, logLikelihood: -309.392481
[[00:01:02] [worker #16] Bootstrap tree #561, logLikelihood: -301.765080
[00:01:02] [worker #9] Bootstrap tree #554, logLikelihood: -301.765080
[00:01:02] [worker #1] Bootstrap tree #546, logLikelihood: -301.582428
00:01:02] [worker #22] Bootstrap tree #567, logLikelihood: -288.899633
[00:01:02] [worker #4] Bootstrap tree #549, logLikelihood: -301.765080
[00:01:02] [worker #21] Bootstrap tree #566, logLikelihood: -300.181982
[00:01:02] [worker #24] Bootstrap tree #569, logLikelihood: -301.765080
[00:01:02] [worker #0] Bootstrap tree #545, logLikelihood: -301.765080
[00:01:20] [worker #7] Bootstrap tree #584, logLikelihood: -302.980582
[00:01:20] [worker #13] Bootstrap tree #590, logLikelihood: -284.385814
[00:01:20] [worker #29] Bootstrap tree #606, logLikelihood: -305.511661
[00:01:20] [worker #20] Bootstrap tree #597, logLikelihood: -301.765080
[00:01:20] [worker #9] Bootstrap tree #586, logLikelihood: -301.765079
[00:01:20] [worker #28] Bootstrap tree #605, logLikelihood: -296.916076
[00:01:20] [worker #28] Bootstrap tree #605, logLikelihood: -296.916076
[00:01:20] [worker #23] Bootstrap tree #600, logLikelihood: -301.765080
[00:01:20] [worker #26] Bootstrap tree #603, logLikelihood: -301.765079
[00:01:20] [worker #16] Bootstrap tree #593, logLikelihood: -299.675786
[00:01:20] [worker #12] Bootstrap tree #589, logLikelihood: -301.765079
[00:01:20] [worker #19] Bootstrap tree #596, logLikelihood: -301.765080
[00:01:20] [worker #18] Bootstrap tree #595, logLikelihood: -293.246413
[00:01:20] [worker #24] Bootstrap tree #601, logLikelihood: -299.078902
[00:01:20] [worker #3] Bootstrap tree #580, logLikelihood: -301.765080
[00:01:20] [worker #1] Bootstrap tree #578, logLikelihood: -289.639940
[00:01:20] [worker #2] Bootstrap tree #579, logLikelihood: -301.390609
[00:01:20] [worker #5] Bootstrap tree #582, logLikelihood: -301.765079
[00:01:20] [worker #15] Bootstrap tree #592, logLikelihood: -288.601409
[00:01:20] [worker #22] Bootstrap tree #599, logLikelihood: -301.765080
[00:01:20] [worker #27] Bootstrap tree #604, logLikelihood: -301.765079
[00:01:20] [worker #14] Bootstrap tree #591, logLikelihood: -301.765079
[00:01:20] [worker #4] Bootstrap tree #581, logLikelihood: -301.765080
[00:01:20] [worker #11] Bootstrap tree #588, logLikelihood: -301.765079
[00:01:20] [worker #10] Bootstrap tree #587, logLikelihood: -291.122921
[00:01:20] [worker #30] Bootstrap tree #607, logLikelihood: -301.765079
[00:01:20] [worker #6] Bootstrap tree #583, logLikelihood: -301.765079
[00:01:20] [worker #0] Bootstrap tree #577, logLikelihood: -301.765080
[00:01:20] [worker #21] Bootstrap tree #598, logLikelihood: -303.388793
[00:01:20] [worker #17] Bootstrap tree #594, logLikelihood: -301.765079
[00:01:21] [worker #31] Bootstrap tree #608, logLikelihood: -301.765079
[00:01:21] [worker #18] Bootstrap tree #627, logLikelihood: -290.526379
[00:01:21] [worker #23] Bootstrap tree #632, logLikelihood: -282.424498
[00:01:21] [worker #8] Bootstrap tree #585, logLikelihood: -301.765079
[00:01:21] [worker #13] Bootstrap tree #622, logLikelihood: -301.765080
[00:01:21] [worker #7] Bootstrap tree #616, logLikelihood: -301.765079
[00:01:21] [worker #25] Bootstrap tree #602, logLikelihood: -301.765079
[00:01:21] [worker #29] Bootstrap tree #638, logLikelihood: -291.663586
[00:01:21] [worker #2] Bootstrap tree #611, logLikelihood: -301.765080
[00:01:21] [worker #26] Bootstrap tree #635, logLikelihood: -301.765080
[00:01:21] [worker #12] Bootstrap tree #621, logLikelihood: -301.765079
[00:01:21] [worker #28] Bootstrap tree #637, logLikelihood: -301.765080
[00:01:21] [worker #9] Bootstrap tree #618, logLikelihood: -301.765079
[00:01:21] [worker #19] Bootstrap tree #628, logLikelihood: -299.366524
[00:01:21] [worker #5] Bootstrap tree #614, logLikelihood: -286.600840
[00:01:21] [worker #14] Bootstrap tree #623, logLikelihood: -301.765079
[00:01:21] [worker #10] Bootstrap tree #619, logLikelihood: -294.644299
[00:01:21] [worker #1] Bootstrap tree #610, logLikelihood: -301.765079
00[00::0101:2121] ] [worker #30] Bootstrap tree #639Bootstrap tree #, logLikelihood: 624, logLikelihood: -291.794021-00[00::0101:2121] ] [worker #30] Bootstrap tree #639Bootstrap tree #, logLikelihood: 624, logLikelihood: -291.794021-301.765079
[00:01:21] [worker #20] Bootstrap tree #629, logLikelihood: -301.765079
[00:01:21] [worker #31] Bootstrap tree #640, logLikelihood: -301.765080
[00:01:21] [worker #21] Bootstrap tree #630, logLikelihood: -293.691358
[00:01:21] [worker #4] Bootstrap tree #613, logLikelihood: -301.765079
[00:01:21] [worker #3] Bootstrap tree #612, logLikelihood: -296.937219
[00:01:21] [worker #22] Bootstrap tree #631, logLikelihood: -301.765079
[00:01:21] [worker #27] Bootstrap tree #636, logLikelihood: -293.407661
[00:01:21] [worker #0] Bootstrap tree #609, logLikelihood: -301.765080
[00:01:21] [worker #11] Bootstrap tree #620, logLikelihood: -301.765079
[00:01:21] [worker #24] Bootstrap tree #633, logLikelihood: -301.765079
[00:01:21] [worker #6] Bootstrap tree #615, logLikelihood: -297.999736
[00:01:21] [worker #25] Bootstrap tree #634, logLikelihood: -301.765080
[00:01:21] [worker #16] Bootstrap tree #625, logLikelihood: -293.133749
[00:01:21] [worker #8] Bootstrap tree #617, logLikelihood: -301.765080
[00:01:21] [worker #17] Bootstrap tree #626, logLikelihood: -301.765079
[00:01:38] [worker #12] Bootstrap tree #653, logLikelihood: -301.765080
[00:01:38] [worker #27] Bootstrap tree #668, logLikelihood: -301.765079
[00:01:38] [worker #11] Bootstrap tree #652, logLikelihood: -285.504801[

[00:01:38] [worker #22] Bootstrap tree #663, logLikelihood: -296.679760
[00:01:38] [worker #18] Bootstrap tree #659, logLikelihood: -292.272570
[00:01:38] [worker #13] Bootstrap tree #654, logLikelihood: -301.765080
[00:01:38] [worker #2] Bootstrap tree #643, logLikelihood: -301.765080
00:01:38] [worker #23] Bootstrap tree #664, logLikelihood: -301.765079
[00:01:38] [worker #6] Bootstrap tree #647, logLikelihood: -301.765080
[00:01:38] [worker #24] Bootstrap tree #665, logLikelihood: -286.542077
[00:01:38] [worker #17] Bootstrap tree #658, logLikelihood: -301.765080
[00:01:38] [worker #20] Bootstrap tree #661, logLikelihood: -301.765080
[00:01:38] [worker #31] Bootstrap tree #672, logLikelihood: -301.765079
[00:01:38] [worker #0] Bootstrap tree #641, logLikelihood: -294.383509
[00:01:38] [worker #14] Bootstrap tree #655, logLikelihood: -301.765079
[00:01:38] [worker #8] Bootstrap tree #649, logLikelihood: -302.377069
[00:01:38] [worker #28] Bootstrap tree #669, logLikelihood: -301.765079
[00:01:38] [worker #29] Bootstrap tree #670, logLikelihood: -289.177458
[00:01:38] [worker #7] Bootstrap tree #648, logLikelihood: -301.765079
667, logLikelihood: -301.765079
[00:01:38] [worker #5] Bootstrap tree #646, logLikelihood: [00:01:-301.76507938] [worker #15] Bootstrap tree #656
[00:01:38] [worker #5] Bootstrap tree #646, logLikelihood: [00:01:-301.76507938] [worker #15] Bootstrap tree #656
, logLikelihood: -301.765079
[00:01:38] [worker #25] Bootstrap tree #666, logLikelihood: -294.282304
[00:01:38] [worker #10] Bootstrap tree #651, logLikelihood: -301.765080
[00:01:38] [worker #16] Bootstrap tree #657, logLikelihood: -301.765080
[00:01:38] [worker #21] Bootstrap tree #662, logLikelihood: -299.533596
00:01:38] [worker #30] Bootstrap tree #671, logLikelihood: -301.765079
[00:01:38] [worker #3] Bootstrap tree #644, logLikelihood: -301.765079
[00:01:38] [worker #4] Bootstrap tree #645, logLikelihood: -301.765080
[00:01:38] [worker #9] Bootstrap tree #682, logLikelihood: -294.468254
[00:01:38] [worker #19] Bootstrap tree #660, logLikelihood: -298.339540
[00:01:38] [worker #19] Bootstrap tree #660, logLikelihood: -298.339540
[00:01:38] [worker #1] Bootstrap tree #642, logLikelihood: -301.765079
[00:01:38] [worker #18] Bootstrap tree #691, logLikelihood: -301.765080
[00:01:38] [worker #2] Bootstrap tree #675, logLikelihood: -301.765079
[00:01:38] [worker #31] Bootstrap tree #704, logLikelihood: -296.906851
[00:01:38] [worker #22] Bootstrap tree #695, logLikelihood: -301.765079
[00:01:38] [worker #11] Bootstrap tree #684, logLikelihood: -301.765080
[00:01:38] [worker #27] Bootstrap tree #700, logLikelihood: -303.392314
[00:01:38] [worker #7] Bootstrap tree #680, logLikelihood: -302.378054
[00:01:38] [worker #5] Bootstrap tree #678, logLikelihood: -301.765080
[00:01:38] [worker #20] Bootstrap tree #693, logLikelihood: -301.765079
[00:01:38] [worker #29] Bootstrap tree #702, logLikelihood: -301.765080
[00:01:38] [worker #13] Bootstrap tree #686, logLikelihood: -301.765080
[00:01:38] [worker #23] Bootstrap tree #696, logLikelihood: -283.919594
[00:01:38] [worker #6] Bootstrap tree #679, logLikelihood: -280.647592
[00:01:38] [worker #8] Bootstrap tree #681, logLikelihood: -301.765079
[00:01:38] [worker #14] Bootstrap tree #687, logLikelihood: -301.765080
[00:01:38] [worker #12] Bootstrap tree #685, logLikelihood: -301.765080
[00:01:38] [worker #26] Bootstrap tree #699, logLikelihood: -301.765080
[00:01:38] [worker #25] Bootstrap tree #698, logLikelihood: -301.765080
[00:01:38] [worker #24] Bootstrap tree #697, logLikelihood: -301.765080
[00:01:38] [worker #17] Bootstrap tree #690, logLikelihood: -301.765080
[00:01:38] [worker #15] Bootstrap tree #688, logLikelihood: -288.120702
[00:01:38] [worker #1] Bootstrap tree #674, logLikelihood: -291.286497
-297.570168
[00:01:38] [worker #10] Bootstrap tree #683, logLikelihood: -297.501758
[00:01:38] [worker #21] Bootstrap tree #694, logLikelihood: -302.628202
[00:01:38] [worker #19] Bootstrap tree #692, logLikelihood: -292.910586[
[worker #16] Bootstrap tree #689, logLikelihood: -301.765079
[00:01:38] [worker #3] Bootstrap tree #676, logLikelihood: -306.757228
[00:01:38] [worker #0] Bootstrap tree #673, logLikelihood: -301.765079
[00:01:38] [worker #4] Bootstrap tree #677, logLikelihood: -301.765079
[00:01:38] [worker #30] Bootstrap tree #703, logLikelihood: -301.765080
[00:01:59] [worker #15] Bootstrap tree #720, logLikelihood: -293.200029
[00:01:59] [worker #19] Bootstrap tree #724, logLikelihood: -295.515691
[00:01:59] [worker #9] Bootstrap tree #714, logLikelihood: -288.180797
[00:01:59] [worker #18] Bootstrap tree #723, logLikelihood: -293.790957
[00:01:59] [worker #17] Bootstrap tree #722, logLikelihood: -294.517065
[00:01:59] [worker #20] Bootstrap tree #725, logLikelihood: -301.765079
[00:01:59] [worker #31] Bootstrap tree #736, logLikelihood: -301.765079
[00:01:59] [worker #29] Bootstrap tree #734, logLikelihood: -301.765079
[00:01:59] [worker #12] Bootstrap tree #717, logLikelihood: -301.765080

[00:01:59] [worker #28] Bootstrap tree #733, logLikelihood: -301.765080
[00:01:59] [worker #11] Bootstrap tree #716, logLikelihood: -301.765080
[00:01:59] [worker #5] Bootstrap tree #710, logLikelihood: -301.765079
00:01:59] [worker #14] Bootstrap tree #719, logLikelihood: -301.765079
[00:01:59] [worker #1] Bootstrap tree #706, logLikelihood: -301.765079
[00:01:59] [worker #25] Bootstrap tree #730, logLikelihood: -301.765079
[00:01:59] [worker #26] Bootstrap tree #731, logLikelihood: -301.765079
[00:01:59] [worker #7] Bootstrap tree #712, logLikelihood: -301.765079
[00:01:59] [worker #10] Bootstrap tree #715, logLikelihood: -301.765079
[00:01:59] [worker #6] Bootstrap tree #711, logLikelihood: -301.765080
[00:01:59] [worker #13] Bootstrap tree #718, logLikelihood: -301.765080
[00:01:59] [worker #22] Bootstrap tree #727, logLikelihood: -301.765079
00:01:59] [worker #23] Bootstrap tree #728, logLikelihood: -301.765079
[00:02:00] [worker #0] Bootstrap tree #705, logLikelihood: -301.765080
[00:02:00] [worker #30] Bootstrap tree #735, logLikelihood: -301.765080
00:02:00] [worker #2] Bootstrap tree #707, logLikelihood: -301.765080
[00:02:00] [worker #27] Bootstrap tree #732, logLikelihood: -293.057000
[00:02:00] [worker #24] Bootstrap tree #729, logLikelihood: -301.765079
[00:02:00] [worker #3] Bootstrap tree #708, logLikelihood: -301.765079
[00:02:00] [worker #4] Bootstrap tree #709, logLikelihood: -301.765079
[00:02:00] [worker #8] Bootstrap tree #713, logLikelihood: -301.765079
[00:02:00] [worker #21] Bootstrap tree #726, logLikelihood: -301.765080
[00:02:00] [worker #19] Bootstrap tree #756, logLikelihood: -301.765080
[00:02:00] [worker #15] Bootstrap tree #752, logLikelihood: -301.765079
[00:02:00] [worker #17] Bootstrap tree #754, logLikelihood: -301.765080
[00:02:00] [worker #18] Bootstrap tree #755, logLikelihood: -285.035671
[00:02:00] [worker #20] Bootstrap tree #757, logLikelihood: -301.765080
[00:02:00] [worker #11] Bootstrap tree #748, logLikelihood: -292.033793
[00:02:00] [worker #9] Bootstrap tree #746, logLikelihood: -301.765080
[00:02:00] [worker #31] Bootstrap tree #768, logLikelihood: -298.293651
[00:02:00] [worker #16] Bootstrap tree #753, logLikelihood: -301.765080
[00:02:00] [worker #29] Bootstrap tree #766, logLikelihood: -301.765079
[00:02:00] [worker #5] Bootstrap tree #742, logLikelihood: -301.765079
[worker #13] Bootstrap tree #750, logLikelihood: -301.765079
[00:02:00] [worker #1] Bootstrap tree #738, logLikelihood: -301.765079
[00:02:00] [worker #14] Bootstrap tree #751, logLikelihood: -301.765080
[00:02:00] [worker #26] Bootstrap tree #763, logLikelihood: -301.765080
[00:02:00] [worker #12] Bootstrap tree #749, logLikelihood: -288.729996
[00:02:00] [worker #7] Bootstrap tree #744, logLikelihood: -301.765079
[00:02:00] [worker #28] Bootstrap tree #765, logLikelihood: -301.765079
[00:02:00] [worker #0] Bootstrap tree #737, logLikelihood: -301.765080
[00:02:00] [worker #23] Bootstrap tree #760, logLikelihood: -301.765080
[00:02:00] [worker #27] Bootstrap tree #764, logLikelihood: -301.765080
[00:02:00] [worker #24] Bootstrap tree #761, logLikelihood: -301.765079
[00:02:00] [worker #25] Bootstrap tree #762, logLikelihood: -301.765080
[00:02:00] [worker #30] Bootstrap tree #767, logLikelihood: -301.765079
[00:02:00] [worker #3] Bootstrap tree #740, logLikelihood: -301.765080
[00:02:00] [worker #2] Bootstrap tree #739, logLikelihood: -301.765080
[00:02:00] [worker #4] Bootstrap tree #741, logLikelihood: -301.765079
[00:02:00] [worker #8] Bootstrap tree #745, logLikelihood: -301.765079
[00:02:00] [worker #6] Bootstrap tree #743, logLikelihood: -301.765080
[00:02:00] [worker #22] Bootstrap tree #759, logLikelihood: -301.765079
[00:02:00] [worker #21] Bootstrap tree #758, logLikelihood: -301.765080
[00:02:00] [worker #10] Bootstrap tree #747, logLikelihood: -301.765079
[00:02:21] [worker #21] Bootstrap tree #790, logLikelihood: -292.060694
-279.643147[00:02:21] [worker #15] Bootstrap tree #784, logLikelihood: 
-279.643147[00:02:21] [worker #15] Bootstrap tree #784, logLikelihood: 
-278.793449
[00:02:21] [worker #7] Bootstrap tree #776, logLikelihood: -301.765079
[00:02:21] [worker #8] Bootstrap tree #777, logLikelihood: -301.765079
[00:02:21] [worker #29] Bootstrap tree #798, logLikelihood: -296.867200
[00:02:21] [worker #1] Bootstrap tree #770, logLikelihood: -285.118948
[00:02:21] [worker #6] Bootstrap tree #775, logLikelihood: -301.765079
[00:02:21] [worker #31] Bootstrap tree #800, logLikelihood: -301.765079
[00:02:21] [worker #9] Bootstrap tree #778, logLikelihood: [
[00:02:21] [worker #9] Bootstrap tree #778, logLikelihood: [
00:02:21] [worker #18] Bootstrap tree #787, logLikelihood: -301.765079[
, logLikelihood: -299.429029
[00:02:21] [worker #2] Bootstrap tree #771, logLikelihood: -301.765080
[00:02:21] [worker #3] Bootstrap tree #772, logLikelihood: -297.363058
-287.348391[00:02:21] [worker #28] Bootstrap tree #797, logLikelihood: 
-287.348391[00:02:21] [worker #28] Bootstrap tree #797, logLikelihood: 
301.765080
[00:02:21] [worker #14] Bootstrap tree #783, logLikelihood: -297.262818
[00:02:21] [worker #25] Bootstrap tree #794, logLikelihood: -296.761946
[00:02:21] [worker #10] Bootstrap tree #779, logLikelihood: -287.494624
[00:02:21] [worker #24] Bootstrap tree #793, logLikelihood: -301.765079
[00:02:21] [worker #30] Bootstrap tree #799, logLikelihood: -284.396966
[00:02:21] [worker #5] Bootstrap tree #774, logLikelihood: -301.765080
[00:02:21] [worker #4] Bootstrap tree #773, logLikelihood: -294.354604
[00:02:21] [worker #17] Bootstrap tree #786, logLikelihood: -301.765079
[00:02:21] [worker #27] Bootstrap tree #796, logLikelihood: -301.765079
[00:02:21] [worker #22] Bootstrap tree #791, logLikelihood: -301.765080
[00:02:21] [worker #20] Bootstrap tree #789, logLikelihood: -292.091918
[00:02:21] [worker #16] Bootstrap tree #785, logLikelihood: -293.472504
[00:02:21] [worker #12] Bootstrap tree #781, logLikelihood: -301.765079
[00:02:21] [worker #23] Bootstrap tree #792, logLikelihood: -301.765079
[00:02:21] [worker #13] Bootstrap tree #782, logLikelihood: -301.765080
[00:02:21] [worker #0] Bootstrap tree #769, logLikelihood: -300.990619
[00:02:21] [worker #2] Bootstrap tree #803, logLikelihood: -301.765079
[00:02:21] [worker #26] Bootstrap tree #827, logLikelihood: -287.953632
[00:02:21] [worker #9] Bootstrap tree #810, logLikelihood: -290.454597
[00:02:21] [worker #3] Bootstrap tree #804, logLikelihood: -301.765079
[00:02:21] [worker #16] Bootstrap tree #817, logLikelihood: -301.765080
[00:02:21] [worker #19] Bootstrap tree #820, logLikelihood: -286.429177
[00:02:21] [worker #15] Bootstrap tree #816, logLikelihood: -301.765079
[00:02:21] [worker #1] Bootstrap tree #802, logLikelihood: -292.323584
[00:02:21] [worker #24] Bootstrap tree #825, logLikelihood: -299.870860
[00:02:21] [worker #28] Bootstrap tree #829, logLikelihood: -298.341281
[00:02:21] [worker #25] Bootstrap tree #826, logLikelihood: -301.765080
-301.765080
00:02:21] [worker #12] Bootstrap tree #813, logLikelihood: -301.765080
[00:02:21] [worker #17] Bootstrap tree #818, logLikelihood: -301.765079
[00:02:21] [worker #21] Bootstrap tree #822, logLikelihood: -298.849463
-298.623134
[00:02:21] [worker #11] Bootstrap tree #812, logLikelihood: -301.765079
[00:02:21] [worker #14] Bootstrap tree #815, logLikelihood: -301.765079
[00:02:21] [worker #10] Bootstrap tree #811, logLikelihood: -301.765080
[00:02:21] [worker #30] Bootstrap tree #831, logLikelihood: -301.765079
[00:02:21] [worker #29] Bootstrap tree #830, logLikelihood: -301.765079
00:02:21] [worker #31] Bootstrap tree #832, logLikelihood: -301.765079
[00:02:21] [worker #23] Bootstrap tree #824, logLikelihood: -301.765079
[00:02:21] [worker #20] Bootstrap tree #821, logLikelihood: -292.288345
[00:02:21] [worker #27] Bootstrap tree #828, logLikelihood: -297.390630
[00:02:21] [worker #22] Bootstrap tree #823, logLikelihood: -301.765080
[00:02:21] [worker #4] Bootstrap tree #805, logLikelihood: -301.765080
[00:02:21] [worker #8] Bootstrap tree #809, logLikelihood: -301.765079
[00:02:21] [worker #6] Bootstrap tree #807, logLikelihood: -295.894144
[00:02:21] [worker #18] Bootstrap tree #819, logLikelihood: -301.765080
[00:02:21] [worker #5] Bootstrap tree #806, logLikelihood: -294.404520
[00:02:21] [worker #0] Bootstrap tree #801, logLikelihood: -301.765080
[00:02:46] [worker #21] Bootstrap tree #854, logLikelihood: -301.765079
[00:02:46] [worker #2] Bootstrap tree #835, logLikelihood: -288.805348
[00:02:46] [worker #8] Bootstrap tree #841, logLikelihood: -298.967816
[00:02:46] [worker #27] Bootstrap tree #860, logLikelihood: -297.413091
[00:02:46] [worker #17] Bootstrap tree #850, logLikelihood: -301.417639
[00:02:46] [worker #11] Bootstrap tree #844, logLikelihood: -280.563779
[00:02:46] [worker #6] Bootstrap tree #839, logLikelihood: -297.051105
[00:02:46] [worker #20] Bootstrap tree #853, logLikelihood: -304.729859
[00:02:46] [worker #28] Bootstrap tree #861, logLikelihood: -301.562183
[00:02:46] [worker #13] Bootstrap tree #846, logLikelihood: -305.175624
[[000:02:46] [worker #5] Bootstrap tree #:838, logLikelihood: :46] [worker #24] Bootstrap tree #857, logLikelihood: -298.833385
[[000:02:46] [worker #5] Bootstrap tree #:838, logLikelihood: :46] [worker #24] Bootstrap tree #857, logLikelihood: -298.833385
-301.765080
[00:02:46] [worker #31] Bootstrap tree #864, logLikelihood: -302.522836
[00:02:46] [worker #12] Bootstrap tree #845, logLikelihood: -294.998322
[00:02:46] [worker #14] Bootstrap tree #847, logLikelihood: -283.879682
[00:02:46] [worker #26] Bootstrap tree #859, logLikelihood: -301.765079
[00:02:46] [worker #29] Bootstrap tree #862, logLikelihood: -301.765080
[00:02:46] [worker #16] Bootstrap tree #849, logLikelihood: -301.765079
[00:02:46] [worker #18] Bootstrap tree #851, logLikelihood: -301.765079
[00:02:46] [worker #4] Bootstrap tree #837, logLikelihood: -301.765080
[00:02:46] [worker #1] Bootstrap tree #834, logLikelihood: -301.765079
[00:02:46] [worker #15] Bootstrap tree #848, logLikelihood: -301.765079
[00:02:46] [worker #25] Bootstrap tree #858, logLikelihood: -301.765079
[00:02:46] [worker #22] Bootstrap tree #855, logLikelihood: -301.765079
[00:02:46] [worker #7] Bootstrap tree #840, logLikelihood: -301.765080
[00:02:46] [worker #23] Bootstrap tree #856, logLikelihood: -301.765079
[00:02:46] [worker #3] Bootstrap tree #836, logLikelihood: -289.820630
[00:02:46] [worker #30] Bootstrap tree #863, logLikelihood: -301.765079
[00:02:46] [worker #0] Bootstrap tree #833, logLikelihood: -301.765079
[00:02:46] [worker #19] Bootstrap tree #852, logLikelihood: -295.670296
[00:02:46] [worker #9] Bootstrap tree #842, logLikelihood: -301.765080
[00:02:46] [worker #2] Bootstrap tree #867, logLikelihood: -301.765080
[00:02:46] [worker #10] Bootstrap tree #843, logLikelihood: -301.765080
[00:02:46] [worker #11] Bootstrap tree #876, logLikelihood: -301.765080
[00:02:46] [worker #27] Bootstrap tree #892, logLikelihood: -301.765080
[00:02:46] [worker #24] Bootstrap tree #889, logLikelihood: -304.014550
[00:02:46] [worker #8] Bootstrap tree #873, logLikelihood: -294.122040
[00:02:46] [worker #21] Bootstrap tree #886, logLikelihood: -301.765080
[00:02:46] [worker #17] Bootstrap tree #882, logLikelihood: -301.765079
[00:02:46] [worker #6] Bootstrap tree #871, logLikelihood: -301.765080
[00:02:46] [worker #13] Bootstrap tree #878, logLikelihood: -301.765080
[00:02:46] [worker #18] Bootstrap tree #883, logLikelihood: -282.724483
[00:02:46] [worker #20] Bootstrap tree #885, logLikelihood: -294.487649
[00:02:46] [worker #28] Bootstrap tree #893, logLikelihood: -285.133688
[00:02:46] [worker #5] Bootstrap tree #870, logLikelihood: -301.765079
[00:02:46] [worker #1] Bootstrap tree #866, logLikelihood: -301.765079
[00:02:46] [worker #4] Bootstrap tree #869, logLikelihood: -301.765079
[00:02:46] [worker #26] Bootstrap tree #891, logLikelihood: -301.765079
[00:02:46] [worker #12] Bootstrap tree #877, logLikelihood: -301.765080
[00:02:46] [worker #31] Bootstrap tree #896, logLikelihood: -301.765079
[00:02:47] [worker #23] Bootstrap tree #888, logLikelihood: -301.765079
[00:02:47] [worker #3] Bootstrap tree #868, logLikelihood: -298.389912
[00:02:47] [worker #7] Bootstrap tree #872, logLikelihood: -301.765080
[00:02:47] [worker #29] Bootstrap tree #894, logLikelihood: -301.765080
[00:02:47] [worker #14] Bootstrap tree #879, logLikelihood: -301.765079
[00:02:47] [worker #15] Bootstrap tree #880, logLikelihood: -301.765080
[00:02:47] [worker #25] Bootstrap tree #890, logLikelihood: -301.765079
[00:02:47] [worker #16] Bootstrap tree #881, logLikelihood: -301.765079
[00:02:47] [worker #9] Bootstrap tree #874, logLikelihood: -289.126426
[00:02:47] [worker #10] Bootstrap tree #875, logLikelihood: -301.765080
[00:02:47] [worker #30] Bootstrap tree #895, logLikelihood: -301.765080
[00:02:47] [worker #22] Bootstrap tree #887, logLikelihood: -301.873449
[00:02:47] [worker #0] Bootstrap tree #865, logLikelihood: -301.765080
[00:02:47] [worker #19] Bootstrap tree #884, logLikelihood: -301.765079
[00:03:13] [worker #30] Bootstrap tree #927, logLikelihood: -296.549307
-296.426844
[00:03:13] [worker #11] Bootstrap tree #908, logLikelihood: [00:03:13] [worker #29] [ootstrap tree #926, logLikelihood: 0:03:13] -301.765079[worker #25] Bootstrap tree #922, logLikelihood: 
[00:03:13] [worker #11] Bootstrap tree #908, logLikelihood: [00:03:13] [worker #29] [ootstrap tree #926, logLikelihood: 0:03:13] -301.765079[worker #25] Bootstrap tree #922, logLikelihood: 
-301.765080-299.524278
[00:03:13] [worker #11] Bootstrap tree #908, logLikelihood: [00:03:13] [worker #29] [ootstrap tree #926, logLikelihood: 0:03:13] -301.765079[worker #25] Bootstrap tree #922, logLikelihood: 
-301.765080-299.524278

[00:0003::0313:] 13] [worker #24] Bootstrap tree #Bootstrap tree #919, logLikelihood: ots, logLikelihood: -292.279103
[00:0003::0313:] 13] [worker #24] Bootstrap tree #Bootstrap tree #919, logLikelihood: ots, logLikelihood: -292.279103
[00:03:13] [worker #21] Bootstrap tree #918, logLikelihood: -301.765079
-301.765080
[00:03:13] [worker #4] Bootstrap tree #901, logLikelihood: -295.054244
[00:03:13] [worker #13] Bootstrap tree #910, logLikelihood: -301.765079
[00:03:13] [worker #6] Bootstrap tree #903, logLikelihood: -301.765079
[00:03:13] [worker #26] Bootstrap tree #923, logLikelihood: -296.018414
[00:03:13] [worker #16] Bootstrap tree #913, logLikelihood: -301.765079
[00:03:13] [worker #20] Bootstrap tree #917, logLikelihood: -301.765080
[00:03:13] [worker #1] Bootstrap tree #898, logLikelihood: -290.245238
[00:03:13] [worker #5] Bootstrap tree #902, logLikelihood: -301.765079
[00:03:13] [worker #18] Bootstrap tree #915, logLikelihood: -301.765079
[00:03:13] [worker #10] Bootstrap tree #907, logLikelihood: -301.765079
[00:03:13] [worker #23] Bootstrap tree #920, logLikelihood: -301.765079
[00:03:13] [worker #7] Bootstrap tree #904, logLikelihood: -301.765080
[00:03:13] [worker #2] Bootstrap tree #899, logLikelihood: -297.112918
[00:03:13] [worker #29] Bootstrap tree #958, logLikelihood: -301.765080
[00:03:13] [worker #14] Bootstrap tree #911, logLikelihood: -301.765080
[00:03:13] [worker #3] Bootstrap tree #900, logLikelihood: -305.811560
[00:03:13] [worker #0] Bootstrap tree #897, logLikelihood: -301.765079
[00:03:13] [worker #19] Bootstrap tree #916, logLikelihood: -301.765080
[00:03:13] [worker #27] Bootstrap tree #924, logLikelihood: -301.765079
[00:03:13] [worker #31] Bootstrap tree #928, logLikelihood: -301.765080
[00:03:13] [worker #12] Bootstrap tree #909, logLikelihood: -301.765079
[00:03:13] [worker #8] Bootstrap tree #937, logLikelihood: -301.765079
[00:03:13] [worker #22] Bootstrap tree #951, logLikelihood: -301.765080
[00:03:13] [worker #30] Bootstrap tree #959, logLikelihood: [00:03:13] [worker #15] Bootstrap tree #
[00:03:13] [worker #30] Bootstrap tree #959, logLikelihood: [00:03:13] [worker #15] Bootstrap tree #
912, logLikelihood: -301.765079
[00:03:14] [worker #17] Bootstrap tree #914, logLikelihood: -301.765079
[00:03:14] [worker #9] Bootstrap tree #938, logLikelihood: -301.765079
[00:03:14] [worker #24] Bootstrap tree #953, logLikelihood: -301.765080
[00:03:14] [worker #5] Bootstrap tree #934, logLikelihood: -292.496980
[00:03:14] [worker #1] Bootstrap tree #930, logLikelihood: -296.348407
[00:03:14] [worker #16] Bootstrap tree #945, logLikelihood: -296.078137
[00:03:14] [worker #20] Bootstrap tree #949, logLikelihood: -295.043480
[00:03:14] [worker #21] Bootstrap tree #950, logLikelihood: -301.765080
[00:03:14] [worker #28] Bootstrap tree #925, logLikelihood: -301.765079
[00:03:14] [worker #13] Bootstrap tree #942, logLikelihood: -301.765080
[00:03:14] [worker #26] Bootstrap tree #955, logLikelihood: -301.765080
-298.454926
[00:03:14] [worker #2] Bootstrap tree #931, logLikelihood: -301.765080
[00:03:14] [worker #4] Bootstrap tree #933, logLikelihood: -301.765080
[00:03:14] [worker #11] Bootstrap tree #940, logLikelihood: -301.765079
[00:03:14] [worker #25] Bootstrap tree #954, logLikelihood: -301.765079
[00:03:14] [worker #10] Bootstrap tree #939, logLikelihood: -301.765079
[00:03:14] [worker #14] Bootstrap tree #943, logLikelihood: -301.765080
[00:03:14] [worker #19] Bootstrap tree #948, logLikelihood: -298.798050
[00:03:14] [worker #31] Bootstrap tree #960, logLikelihood: -295.854405
[00:03:14] [worker #18] Bootstrap tree #947, logLikelihood: -301.765080
[00:03:14] [worker #23] Bootstrap tree #952, logLikelihood: -301.765079
[00:03:14] [worker #27] Bootstrap tree #956, logLikelihood: -289.292594
[00:03:14] [worker #12] Bootstrap tree #941, logLikelihood: -301.765079
[00:03:14] [worker #7] Bootstrap tree #936, logLikelihood: -301.765080
[00:03:14] [worker #3] Bootstrap tree #932, logLikelihood: -301.765080
[00:03:14] [worker #28] Bootstrap tree #957, logLikelihood: -301.765079
[00:03:14] [worker #17] Bootstrap tree #946, logLikelihood: -301.765079
[00:03:14] [worker #15] Bootstrap tree #944, logLikelihood: -301.765079
[00:03:14] [worker #0] Bootstrap tree #929, logLikelihood: -301.765079
[00:03:46] [worker #18] Bootstrap tree #979, logLikelihood: -301.765080
[00:03:46] [worker #15] Bootstrap tree #976, logLikelihood: -290.949507
[00:03:46] [worker #24] Bootstrap tree #985, logLikelihood: -288.328503
[00:03:46] [worker #3] Bootstrap tree #964, logLikelihood: -301.765079
[00:03:46] [worker #25] Bootstrap tree #986, logLikelihood: -307.403445
[00:03:46] [worker #13] Bootstrap tree #974, logLikelihood: -301.765080
[00:03:46] [worker #20] Bootstrap tree #981, logLikelihood: -284.152126
46] [worker #12] Bootstrap tree #973, logLikelihood: -309.897389
[00:03:46] [worker #21] Bootstrap tree #982, logLikelihood: -301.765080
[00:03:46] [worker #28] Bootstrap tree #989, logLikelihood: -301.765080
[00:03:46] [worker #22] Bootstrap tree #983, logLikelihood: -301.765080
[00:03:46] [worker #19] Bootstrap tree #980, logLikelihood: -301.765080
[00:03:46] [worker #4] Bootstrap tree #965, logLikelihood: -292.996005
[00:03:46] [worker #31] Bootstrap tree #992, logLikelihood: [00:03:46] -301.765079[worker #26] Bootstrap tree #987, logLikelihood: 
[00:03:46] [worker #31] Bootstrap tree #992, logLikelihood: [00:03:46] -301.765079[worker #26] Bootstrap tree #987, logLikelihood: 
-301.765079
00:03:46] [worker #5] Bootstrap tree #966, logLikelihood: -292.182056
[00:03:46] [worker #1] Bootstrap tree #962, logLikelihood: -301.765080
[00:03:46] [worker #0] Bootstrap tree #961, logLikelihood: -301.333688
[00:03:46] [worker #9] Bootstrap tree #970, logLikelihood: -301.765080
[00:03:46] [worker #10] Bootstrap tree #971, logLikelihood: -301.765079
[00:03:46] [worker #23] Bootstrap tree #984, logLikelihood: -301.765079
[00:03:46] [worker #8] Bootstrap tree #969, logLikelihood: -301.765079
[00:03:46] [worker #14] Bootstrap tree #975, logLikelihood: -301.765080
[00:03:46] [worker #2] Bootstrap tree #963, logLikelihood: -301.765080
[00:03:46] [worker #11] Bootstrap tree #972, logLikelihood: -301.765079
[00:03:46] [worker #6] Bootstrap tree #967, logLikelihood: -293.876902
[00:03:46] [worker #7] Bootstrap tree #968, logLikelihood: -301.765080
[00:03:46] [worker #30] Bootstrap tree #991, logLikelihood: -301.765079
[00:03:46] [worker #17] Bootstrap tree #978, logLikelihood: -292.308251
[00:03:46] [worker #27] Bootstrap tree #988, logLikelihood: -301.765079
[00:03:46] [worker #29] Bootstrap tree #990, logLikelihood: -286.518543
[00:03:46] [worker #3] Bootstrap tree #996, logLikelihood: -300.882842
[00:03:46] [worker #16] Bootstrap tree #977, logLikelihood: -301.765079
[00:03:46] [worker #6] Bootstrap tree #999, logLikelihood: -290.543313
[00:03:46] [worker #4] Bootstrap tree #997, logLikelihood: -299.078902
[00:03:46] [worker #2] Bootstrap tree #995, logLikelihood: -301.765079
[00:03:47] [worker #7] Bootstrap tree #1000, logLikelihood: -301.765079
[00:03:47] [worker #1] Bootstrap tree #994, logLikelihood: -301.765080
[00:03:47] [worker #5] Bootstrap tree #998, logLikelihood: -301.765080
[00:03:47] [worker #0] Bootstrap tree #993, logLikelihood: -296.438818

Optimized model parameters:

   Partition 0: noname
   Rate heterogeneity: GAMMA (4 cats, mean),  alpha: 99.854387 (ML),  weights&rates: (0.250000,0.875818) (0.250000,0.964711) (0.250000,1.029568) (0.250000,1.129903) 
   Base frequencies (ML): 0.377212 0.146961 0.149083 0.326745 
   Substitution rates (ML): 0.001000 0.001000 0.001000 0.001000 69.604725 1.000000 


Final LogLikelihood: -301.748453

AIC score: 671.496906 / AICc score: 683.828512 / BIC score: 788.094657
Free parameters (model + branch lengths): 34

WARNING: Best ML tree contains 10 near-zero branches!

Best ML tree with collapsed near-zero branches saved to: /mnt/lustre/RDS-live/downing/LSDV/GTPV_SPPV/results_GTPV/LSDV093.raxml.bestTreeCollapsed
Best ML tree saved to: /mnt/lustre/RDS-live/downing/LSDV/GTPV_SPPV/results_GTPV/LSDV093.raxml.bestTree
All ML trees saved to: /mnt/lustre/RDS-live/downing/LSDV/GTPV_SPPV/results_GTPV/LSDV093.raxml.mlTrees
Best ML tree with Felsenstein bootstrap (FBP) support values saved to: /mnt/lustre/RDS-live/downing/LSDV/GTPV_SPPV/results_GTPV/LSDV093.raxml.supportFBP
Best ML tree with Transfer bootstrap (TBE) support values saved to: /mnt/lustre/RDS-live/downing/LSDV/GTPV_SPPV/results_GTPV/LSDV093.raxml.supportTBE
Optimized model saved to: /mnt/lustre/RDS-live/downing/LSDV/GTPV_SPPV/results_GTPV/LSDV093.raxml.bestModel
Bootstrap trees saved to: /mnt/lustre/RDS-live/downing/LSDV/GTPV_SPPV/results_GTPV/LSDV093.raxml.bootstraps

Execution log saved to: /mnt/lustre/RDS-live/downing/LSDV/GTPV_SPPV/results_GTPV/LSDV093.raxml.log

Analysis started: 24-Nov-2025 14:58:11 / finished: 24-Nov-2025 15:02:28

Elapsed time: 257.107 seconds

