
RAxML-NG v. 1.2.2 released on 11.04.2024 by The Exelixis Lab.
Developed by: Alexey M. Kozlov and Alexandros Stamatakis.
Contributors: Diego Darriba, Tomas Flouri, Benoit Morel, Sarah Lutteropp, Ben Bettisworth, Julia Haag, Anastasis Togkousidis.
Latest version: https://github.com/amkozlov/raxml-ng
Questions/problems/suggestions? Please visit: https://groups.google.com/forum/#!forum/raxml

System: AMD EPYC 7543P 32-Core Processor, 32 cores, 995 GB RAM

RAxML-NG was called at 24-Nov-2025 13:58:39 as follows:

raxml-ng --all --msa region_LSDV005.aln --model GTR+G --prefix LSDV005 --seed 123 --bs-metric fbp,tbe --redo

Analysis options:
  run mode: ML tree search + bootstrapping (Felsenstein Bootstrap + Transfer Bootstrap)
  start tree(s): random (10) + parsimony (10)
  bootstrap replicates: parsimony (max: 1000) + bootstopping (autoMRE, cutoff: 0.030000)
  random seed: 123
  tip-inner: OFF
  pattern compression: ON
  per-rate scalers: OFF
  site repeats: ON
  logLH epsilon: general: 10.000000, brlen-triplet: 1000.000000
  fast spr radius: AUTO
  spr subtree cutoff: 1.000000
  fast CLV updates: ON
  branch lengths: proportional (ML estimate, algorithm: NR-FAST)
  SIMD kernels: AVX2
  parallelization: coarse-grained (auto), PTHREADS (auto)

WARNING: Running in REDO mode: existing checkpoints are ignored, and all result files will be overwritten!

[00:00:00] Reading alignment from file: region_LSDV005.aln
[00:00:00] Loaded alignment with 14 taxa and 517 sites

WARNING: Sequences PV167794.1 and MW020570.1 are exactly identical!
WARNING: Sequences PV167794.1 and MN072620.1 are exactly identical!
WARNING: Sequences NC_004003.1 and MN072622.1 are exactly identical!
WARNING: Sequences NC_004003.1 and KX576657.1 are exactly identical!
WARNING: Sequences NC_004003.1 and AY077836.1 are exactly identical!
WARNING: Sequences NC_004003.1 and AY077835.1 are exactly identical!
WARNING: Sequences MN072625.1 and MN072623.1 are exactly identical!
WARNING: Sequences MN072621.1 and KC951854.1 are exactly identical!
WARNING: Duplicate sequences found: 8

NOTE: Reduced alignment (with duplicates and gap-only sites/taxa removed) 
NOTE: was saved to: /mnt/lustre/RDS-live/downing/LSDV/GTPV_SPPV/results_GTPV/LSDV005.raxml.reduced.phy

Alignment comprises 1 partitions and 14 patterns

Partition 0: noname
Model: GTR+FO+G4m
Alignment sites / patterns: 517 / 14
Gaps: 0.00 %
Invariant sites: 98.07 %


NOTE: Binary MSA file created: LSDV005.raxml.rba

Parallelization scheme autoconfig: 32 worker(s) x 1 thread(s)

[00:00:00] Generating 10 random starting tree(s) with 14 taxa
[00:00:00] Generating 10 parsimony starting tree(s) with 14 taxa
Parallel parsimony with 32 threads
Parallel reduction/worker buffer size: 1 KB  / 0 KB

[00:00:00] Data distribution: max. partitions/sites/weight per thread: 1 / 14 / 224
[00:00:00] Data distribution: max. searches per worker: 33

Starting ML tree search with 20 distinct starting trees

[00:00:00] [worker #16] ML tree search #17, logLikelihood: -712.508966
[00:00:00] [worker #10] ML tree search #11, logLikelihood: -712.508966
[00:00:00] [worker #11] ML tree search #12, logLikelihood: -712.508963
[00:00:00] [worker #19] ML tree search #20, logLikelihood: -712.508964
[00:00:00] [worker #13] ML tree search #14, logLikelihood: -712.508966
[00:00:00] [worker #18] ML tree search #19, logLikelihood: -712.508966
[00:00:00] [worker #9] ML tree search #10, logLikelihood: -712.508969
[00:00:00] [worker #4] ML tree search #5, logLikelihood: -712.508961
[00:00:00] [worker #0] ML tree search #1, logLikelihood: -712.508975
[00:00:00] [worker #12] ML tree search #13, logLikelihood: -712.508966
[00:00:00] [worker #8] ML tree search #9, logLikelihood: -712.508970
[00:00:00] [worker #6] ML tree search #7, logLikelihood: -712.508964
[00:00:00] [worker #2] ML tree search #3, logLikelihood: -712.508968
[00:00:00] [worker #7] ML tree search #8, logLikelihood: -712.508964
[00:00:00] [worker #1] ML tree search #2, logLikelihood: -712.508964
[00:00:00] [worker #14] ML tree search #15, logLikelihood: -712.508966
[00:00:00] [worker #15] ML tree search #16, logLikelihood: -712.508964
[00:00:00] [worker #3] ML tree search #4, logLikelihood: -712.508968
[00:00:00] [worker #17] ML tree search #18, logLikelihood: -712.508963
[00:00:00] [worker #5] ML tree search #6, logLikelihood: -712.508976

[00:00:00] ML tree search completed, best tree logLH: -712.508961

[00:00:00] Starting bootstrapping analysis with 1000 replicates.

[00:00:00] [worker #26] Bootstrap tree #27, logLikelihood: -665.595642
[00:00:00] [worker #10] Bootstrap tree #11, logLikelihood: -696.855086
[00:00:00] [worker #2] Bootstrap tree #3, logLikelihood: -724.911718
[00:00:00] [worker #11] Bootstrap tree #12, logLikelihood: -684.504631
[00:00:00] [worker #17] Bootstrap tree #18, logLikelihood: -738.818253
[00:00:00] [worker #13] Bootstrap tree #14, logLikelihood: -741.928158
[00:00:00] [worker #15] Bootstrap tree #16, logLikelihood: -685.286963
[00:00:00] [worker #31] Bootstrap tree #32, logLikelihood: -698.000854
[00:00:00] [worker #4] Bootstrap tree #5, logLikelihood: -696.495237
[00:00:00] [worker #19] Bootstrap tree #20, logLikelihood: -730.818634
[00:00:00] [worker #6] Bootstrap tree #7, logLikelihood: -689.333459
[00:00:00] [worker #20] Bootstrap tree #21, logLikelihood: -679.244072
[00:00:00] [worker #28] Bootstrap tree #29, logLikelihood: -704.816958
[00:00:00] [worker #9] Bootstrap tree #10, logLikelihood: -773.137876
[00:00:00] [worker #8] Bootstrap tree #9, logLikelihood: -698.358742
[00:00:00] [worker #24] Bootstrap tree #25, logLikelihood: -694.797903
[00:00:00] [worker #1] Bootstrap tree #2, logLikelihood: -736.933259
[00:00:00] [worker #23] Bootstrap tree #[4, logLikelihood: 00:00:00] [worker #30] Bootstrap tree #31, logLikelihood: -679.488414
[00:00:00] [worker #23] Bootstrap tree #[4, logLikelihood: 00:00:00] [worker #30] Bootstrap tree #31, logLikelihood: -679.488414
-721.716833
[00:00:00] [worker #7] Bootstrap tree #8, logLikelihood: -690.455171
[00:00:00] [worker #25] Bootstrap tree #26, logLikelihood: -681.723793
00:00:00] [worker #27] Bootstrap tree #28, logLikelihood: -697.854956
[00:00:00] [worker #21] Bootstrap tree #22, logLikelihood: -703.688206
[00:00:00] [worker #18] Bootstrap tree #19, logLikelihood: -716.264100
[00:00:00] [worker #29] Bootstrap tree #30, logLikelihood: -735.629827
[00:00:00] [worker #14] Bootstrap tree #15, logLikelihood: -690.754218
[00:00:00] [worker #22] Bootstrap tree #23, logLikelihood: -717.210068
[00:00:00] [worker #3] Bootstrap tree #4, logLikelihood: -701.878877
[00:00:00] [worker #16] Bootstrap tree #17, logLikelihood: -704.494495
[00:00:00] [worker #0] Bootstrap tree #1, logLikelihood: -698.791758
[00:00:00] [worker #26] Bootstrap tree #59, logLikelihood: -712.248483
[00:00:00] [worker #17] Bootstrap tree #50, logLikelihood: -682.982077
[00:00:00] [worker #12] Bootstrap tree #13, logLikelihood: -698.218969
[00:00:00] [worker #5] Bootstrap tree #6, logLikelihood: -696.881548
[00:00:00] [worker #11] Bootstrap tree #44, logLikelihood: -715.623485
[00:00:00] [worker #15] Bootstrap tree #48, logLikelihood: -708.838812
[00:00:00] [worker #10] Bootstrap tree #43, logLikelihood: -715.184791
[00:00:00] [worker #20] Bootstrap tree #53, logLikelihood: -690.476499
[00:00:00] [worker #19] Bootstrap tree #52, logLikelihood: -695.221777
[00:00:00] [worker #13] Bootstrap tree #46, logLikelihood: -740.538405
[00:00:00] [worker #9] Bootstrap tree #42, logLikelihood: -705.380162
[00:00:00] [worker #4] Bootstrap tree #37, logLikelihood: -729.647258
[00:00:00] [worker #2] Bootstrap tree #35, logLikelihood: -707.444578
[00:00:00] [worker #24] Bootstrap tree #57, logLikelihood: -704.520353
[00:00:00] [worker #28] Bootstrap tree #61, logLikelihood: -699.425118
[00:00:00] [worker #27] Bootstrap tree #60, logLikelihood: -725.325249
[00:00:00] [worker #31] Bootstrap tree #64, logLikelihood: -694.064656
[00:00:00] [worker #6] Bootstrap tree #39, logLikelihood: -733.747365
[00:00:00] [worker #1] Bootstrap tree #34, logLikelihood: -746.424154
[00:00:00] [worker #30] Bootstrap tree #63, logLikelihood: -709.135302
00:00:00] [worker #7] Bootstrap tree #40, logLikelihood: -716.262680
[00:00:00] [worker #3] Bootstrap tree #36, logLikelihood: -706.853299
[00:00:00] [worker #8] Bootstrap tree #41, logLikelihood: -688.827779
[00:00:00] [worker #18] Bootstrap tree #51, logLikelihood: -707.656379
[00:00:00] [worker #29] Bootstrap tree #62, logLikelihood: -709.723192
[00:00:00] [worker #22] Bootstrap tree #55, logLikelihood: -704.045524
[00:00:00] [worker #23] Bootstrap tree #56, logLikelihood: -712.508963
[00:00:00] [worker #16] Bootstrap tree #49, logLikelihood: -758.720257
[00:00:00] [worker #14] Bootstrap tree #47, logLikelihood: -687.016877
[00:00:00] [worker #21] Bootstrap tree #54, logLikelihood: -718.575419
[00:00:00] [worker #25] Bootstrap tree #58, logLikelihood: -707.411323
[00:00:00] [worker #12] Bootstrap tree #45, logLikelihood: -699.127857
[00:00:00] [worker #5] Bootstrap tree #38, logLikelihood: -742.351516
[00:00:00] [worker #0] Bootstrap tree #33, logLikelihood: -703.548246
[00:00:00] [worker #1] Bootstrap tree #66, logLikelihood: -704.698982
[00:00:00] [worker #28] Bootstrap tree #93, logLikelihood: -705.936771
[00:00:00] [worker #24] Bootstrap tree #89, logLikelihood: -708.930560
[00:00:00] [worker #6] Bootstrap tree #71, logLikelihood: -716.769802
[00:00:00] [worker #18] Bootstrap tree #83, logLikelihood: -702.213924
[00:00:00] [worker #16] Bootstrap tree #81, logLikelihood: -678.895065
[00:00:00] [worker #26] Bootstrap tree #91, logLikelihood: -700.142240
[00:00:00] [worker #25] Bootstrap tree #90, logLikelihood: -700.046009
[00:00:00] [worker #29] Bootstrap tree #94, logLikelihood: -707.523697
[00:00:00] [worker #12] Bootstrap tree #77, logLikelihood: -675.276919
[00:00:00] [worker #15] Bootstrap tree #80, logLikelihood: -691.894959
[00:00:00] [worker #27] Bootstrap tree #92, logLikelihood: -695.998925
[00:00:00] [worker #7] Bootstrap tree #72, logLikelihood: [-693.202840
-701.023535
[00:00:00] [worker #9] Bootstrap tree #74, logLikelihood: -682.121109[00
:00[00:00:00] [worker #9] Bootstrap tree #74, logLikelihood: -682.121109[00
:00:00] [worker #4] Bootstrap tree #69, logLikelihood: -700.150956
[00:00:00] [worker #31] Bootstrap tree #96, logLikelihood: -736.214544
[00:00:00] [worker #20] Bootstrap tree #85, logLikelihood: -716.847313
[00:00:00] [worker #8] Bootstrap tree #73, logLikelihood: -770.292166
[00:00:00] [worker #19] Bootstrap tree #84, logLikelihood: -689.657223
[00:00:00] [worker #10] Bootstrap tree #75, logLikelihood: -669.926182
[00:00:00] [worker #14] Bootstrap tree #79, logLikelihood: -681.932777
[00:00:00] [worker #23] Bootstrap tree #88, logLikelihood: [-688.269370
-704.658852[00:00:00] [worker #11] Bootstrap tree #76, logLikelihood: -720.282752

-704.658852[00:00:00] [worker #11] Bootstrap tree #76, logLikelihood: -720.282752

[00:00:00] [worker #2] Bootstrap tree #67, logLikelihood: [00:00:00] -707.674891[worker #21] Bootstrap tree #86, logLikelihood: 
[00:00:00] [worker #2] Bootstrap tree #67, logLikelihood: [00:00:00] -707.674891[worker #21] Bootstrap tree #86, logLikelihood: 
-707.024721
[00:00:00] [worker #0] Bootstrap tree #65, logLikelihood: -709.673299
[00:00:00] [worker #17] Bootstrap tree #82, logLikelihood: -691.236031
[00:00:00] [worker #5] Bootstrap tree #70, logLikelihood: -683.017965
[00:00:00] [worker #13] Bootstrap tree #78, logLikelihood: -712.317205
[00:00:00] [worker #22] Bootstrap tree #87, logLikelihood: -695.019533
[00:00:00] [worker #6] Bootstrap tree #103, logLikelihood: -681.628002
[00:00:00] [worker #1] Bootstrap tree #98, logLikelihood: -723.013141
[00:00:00] [worker #28] Bootstrap tree #125, logLikelihood: -722.695119
[00:00:00] [worker #25] Bootstrap tree #122, logLikelihood: -695.130042
[00:00:00] [worker #24] Bootstrap tree #121, logLikelihood: -673.182735
[00:00:00] [worker #27] Bootstrap tree #124, logLikelihood: -715.267167
[00:00:00] [worker #20] Bootstrap tree #117, logLikelihood: -709.072574
[00:00:00] [worker #29] Bootstrap tree #126, logLikelihood: -717.006897
[00:00:00] [worker #4] Bootstrap tree #101, logLikelihood: -695.717461
[00:00:00] [worker #26] Bootstrap tree #123, logLikelihood: -685.527920
[00:00:00] [worker #12] Bootstrap tree #109, logLikelihood: -778.156738
[00:00:00] [worker #12] Bootstrap tree #109, logLikelihood: -778.156738
[00:00:00] [worker #18] Bootstrap tree #115, logLikelihood: -745.464667
[00:00:00] [worker #12] Bootstrap tree #109, logLikelihood: -778.156738
[00:00:00] [worker #18] Bootstrap tree #115, logLikelihood: -745.464667
[00:00:00] [worker #15] Bootstrap tree #112, logLikelihood: -741.425565
[00:00:00] [worker #10] Bootstrap tree #107, logLikelihood: -687.905742
[00:00:00] [worker #11] Bootstrap tree #108, logLikelihood: -707.816311
[00:00:00] [worker #3] Bootstrap tree #100, logLikelihood: -713.811206
[00:00:00] [worker #31] Bootstrap tree #128, logLikelihood: -669.374090
[00:00:00] [worker #23] Bootstrap tree #120, logLikelihood: -739.557319
[worker #30] Bootstrap tree #[00:00:00] [worker #13] Bootstrap tree #110, logLikelihood: -703.165825127, logLikelihood: 

[00:00:00] [worker #8] Bootstrap tree #105, logLikelihood: -681.809214
[00:00:00] [worker #16] Bootstrap tree #113, logLikelihood: -712.508963
00:00] [worker #19] Bootstrap tree #116, logLikelihood: -705.744479
[00:00:00] [worker #21] Bootstrap tree #118, logLikelihood: -691.431553[
-769.234080
[00:00:00] [worker #17] Bootstrap tree #114, logLikelihood: -687.380780
[00:00:00] [worker #9] Bootstrap tree #106, logLikelihood: -717.165581
[00:00:00] [worker #2] Bootstrap tree #99, logLikelihood: -745.600223
[00:00:00] [worker #5] Bootstrap tree #102, logLikelihood: -721.934050
[00:00:00] [worker #14] Bootstrap tree #111, logLikelihood: -710.881112
[00:00:00] [worker #22] Bootstrap tree #119, logLikelihood: -724.436054
[00:00:00] [worker #0] Bootstrap tree #97, logLikelihood: -679.682064
[00:00:01] [worker #7] Bootstrap tree #136, logLikelihood: -687.698696
[00:00:01] [worker #16] Bootstrap tree #145, logLikelihood: -657.610430
[00:00:01] [worker #10] Bootstrap tree #139, logLikelihood: -693.905088
[00:00:01] [worker #1] Bootstrap tree #130, logLikelihood: -730.735633
[00:00:01] [worker #24] Bootstrap tree #153, logLikelihood: -712.732948
[00:00:01] [worker #31] Bootstrap tree #160, logLikelihood: -713.390842
[00:00:01] [worker #8] Bootstrap tree #137, logLikelihood: -680.269319
[00:00:01] [worker #3] Bootstrap tree #132, logLikelihood: -705.040631
[00:00:01] [worker #11] Bootstrap tree #140, logLikelihood: -675.877643
[00:00:01] [worker #20] Bootstrap tree #149, logLikelihood: -726.374061
[00:00:01] [worker #25] Bootstrap tree #154, logLikelihood: -705.481271
[00:00:01] [worker #29] Bootstrap tree #158, logLikelihood: [-687.52039000

[00:00:01] [worker #5] Bootstrap tree #134, logLikelihood: -700.717254
[00:00:01] [worker #27] Bootstrap tree #156, logLikelihood: -675.817215
[00:00:01] [worker #17] Bootstrap tree #146, logLikelihood: -699.573171
[00:00:01] [worker #22] Bootstrap tree #151, logLikelihood: -715.520825
[00:00:01] [worker #23] Bootstrap tree #152, logLikelihood: -728.145436
[00:00:01] [worker #9] Bootstrap tree #138, logLikelihood: -713.646818
[00:00:01] [worker #19] Bootstrap tree #148, logLikelihood: -695.803516
[00:00:01] [worker #15] Bootstrap tree #144, logLikelihood: -709.784167
[00:00:01] [worker #30] Bootstrap tree #159, logLikelihood: -697.755987
[00:00:01] [worker #12] Bootstrap tree #141, logLikelihood: -711.633517
[00:00:01] [worker #4] Bootstrap tree #133, logLikelihood: -701.531796
[00:00:01] [worker #13] Bootstrap tree #142, logLikelihood: -724.503171
[00:00:01] [worker #28] Bootstrap tree #157, logLikelihood: -693.391073
[00:00:01] [worker #18] Bootstrap tree #147, logLikelihood: -701.943353
[00:00:01] [worker #7] Bootstrap tree #168, logLikelihood: -725.960965
[00:00:01] [worker #14] Bootstrap tree #143, logLikelihood: -682.238545
[00:00:01] [worker #6] Bootstrap tree #135, logLikelihood: -698.254272
[00:00:01] [worker #2] Bootstrap tree #131, logLikelihood: -686.980632
[00:00:01] [worker #16] Bootstrap tree #177, logLikelihood: -735.563481
[00:00:01] [worker #26] Bootstrap tree #155, logLikelihood: -732.395756
[00:00:01] [worker #24] Bootstrap tree #185, logLikelihood: -726.402688
[00:00:01] [worker #10] Bootstrap tree #171, logLikelihood: -665.921102
[00:00:01] [worker #1] Bootstrap tree #162, logLikelihood: -685.540543
[00:00:01] [worker #3] Bootstrap tree #164, logLikelihood: -704.259490
[00:00:01] [worker #17] Bootstrap tree #178, logLikelihood: -715.730000
[00:00:01] [worker #31] Bootstrap tree #192, logLikelihood: -673.720580
[00:00:01] [worker #0] Bootstrap tree #129, logLikelihood: -741.882877
[00:00:01] [worker #11] Bootstrap tree #172, logLikelihood: -701.498049
[00:00:01] [worker #27] Bootstrap tree #188, logLikelihood: -704.615319
[00:00:01] [worker #8] Bootstrap tree #169, logLikelihood: -697.497595
[00:00:01] [worker #20] Bootstrap tree #181, logLikelihood: -744.671071
[00:00:01] [worker #30] Bootstrap tree #191, logLikelihood: -690.105768
[00:00:01] [worker #19] Bootstrap tree #180, logLikelihood: -681.427106
[00:00:01] [worker #21] Bootstrap tree #182, logLikelihood: -741.982501
[00:00:01] [worker #4] Bootstrap tree #165, logLikelihood: -712.508966
[00:00:01] [worker #25] Bootstrap tree #186, logLikelihood: -720.653541
[00:00:01] [worker #22] Bootstrap tree #183, logLikelihood: -699.481188
[00:00:01] [worker #29] Bootstrap tree #190, logLikelihood: [-712.50896600
[00:00:01] [worker #29] Bootstrap tree #190, logLikelihood: [-712.50896600
:00:01] [worker #12] Bootstrap tree #173, logLikelihood: -709.016513
[00:00:01] [worker #5] Bootstrap tree #166, logLikelihood: -687.642367
[00:00:01] [worker #23] Bootstrap tree #184, logLikelihood: -726.777850
[00:00:01] [worker #15] Bootstrap tree #176, logLikelihood: -696.535521
[00:00:01] [worker #14] Bootstrap tree #175, logLikelihood: -710.851423
[00:00:01] [worker #9] Bootstrap tree #170, logLikelihood: -685.547940
[00:00:01] [worker #18] Bootstrap tree #179, logLikelihood: -714.984202
[00:00:01] [worker #13] Bootstrap tree #174, logLikelihood: -758.618368
[00:00:01] [worker #28] Bootstrap tree #189, logLikelihood: -683.434226
[00:00:01] [worker #2] Bootstrap tree #163, logLikelihood: -739.331907
[00:00:01] [worker #6] Bootstrap tree #167, logLikelihood: -729.289013
[00:00:01] [worker #26] Bootstrap tree #187, logLikelihood: -712.508963
[00:00:01] [worker #0] Bootstrap tree #161, logLikelihood: -721.964884
[00:00:01] [worker #16] Bootstrap tree #209, logLikelihood: -674.644100
[00:00:01] [worker #4] Bootstrap tree #197, logLikelihood: -676.264953
[00:00:01] [worker #11] Bootstrap tree #204, logLikelihood: -675.184203
[00:00:01] [worker #1] Bootstrap tree #194, logLikelihood: -657.689296
[[00:00:01] [worker #21] Bootstrap tree #214, logLikelihood: 00:00:01] [worker #7] Bootstrap tree #200, logLikelihood: -715.606280

[[00:00:01] [worker #21] Bootstrap tree #214, logLikelihood: 00:00:01] [worker #7] Bootstrap tree #200, logLikelihood: -715.606280

[00:00:01] [worker #15] Bootstrap tree #208, logLikelihood: -707.974497[[00:00:01] [work198, logLikelihood: -712.403713
[00:00:01] [worker #29] Bootstrap tree #222, logLikelihood: -679.666548
[00:00:01] [worker #17] Bootstrap tree #210, logLikelihood: -683.195612
[00:00:01] [worker #8] Bootstrap tree #201, logLikelihood: -692.187051
[00:00:01] [worker #25] Bootstrap tree #218, logLikelihood: -678.178329
[00:00:01] [worker #10] Bootstrap tree #203, logLikelihood: -714.613633[
-709.215702
[00:00:01] [worker #27] Bootstrap tree #220, logLikelihood: -689.498639
[00:00:01] [worker #31] Bootstrap tree #224, logLikelihood: -681.457885
[00:00:01] [worker #14] Bootstrap tree #207, logLikelihood: -683.014071
[00:00:01] [worker #24] Bootstrap tree #217, logLikelihood: -709.370504
[00:00:01] [worker #2] Bootstrap tree #195, logLikelihood: -687.245148
[00:00:01] [worker #13] Bootstrap tree #206, logLikelihood: -720.245044
[00:00:01] [worker #18] Bootstrap tree #211, logLikelihood: -701.949385
[00:00:01] [worker #3] Bootstrap tree #196, logLikelihood: -658.284383
, logLikelihood: 0-734.022943[00:00:01] [worker #28] Bootstrap tree #221, logLikelihood: -709.414296
-705.330619

[00:00:01] [worker #12] Bootstrap tree #205, logLikelihood: -733.608777
[00:00:01] [worker #26] Bootstrap tree #219, logLikelihood: -696.158789
[00:00:01] [worker #22] Bootstrap tree #215, logLikelihood: -694.821746
[00:00:01] [worker #30] Bootstrap tree #223, logLikelihood: -769.646126
[00:00:01] [worker #9] Bootstrap tree #202, logLikelihood: -713.942992
[00:00:01] [worker #23] Bootstrap tree #216, logLikelihood: -720.269103
[00:00:01] [worker #0] Bootstrap tree #193, logLikelihood: -687.305860
[00:00:01] [worker #11] Bootstrap tree #236, logLikelihood: -695.235944
[00:00:01] [worker #4] Bootstrap tree #229, logLikelihood: [-709.9135220:
-722.127668
[00:00:01] [worker #17] Bootstrap tree #242, logLikelihood: -704.814191
[00:00:01] [worker #5] Bootstrap tree #230, logLikelihood: -741.745967
[00:00:01] [worker #27] Bootstrap tree #252, logLikelihood: -685.095434
[00:00:01] [worker #16] Bootstrap tree #241, logLikelihood: -729.062008
[00:00:01] [worker #29] Bootstrap tree #254, logLikelihood: -725.087242
[00:00:01] [worker #1] Bootstrap tree #226, logLikelihood: -699.354183
[00:00:01] [worker #6] Bootstrap tree #231, logLikelihood: -678.426698
[00:00:01] [worker #26] Bootstrap tree #251, logLikelihood: -692.828927
[00:00:01] [worker #25] Bootstrap tree #250, logLikelihood: -687.630589
[00:00:01] [worker #21] Bootstrap tree #246, logLikelihood: -730.736210
[00:00:01] [worker #8] Bootstrap tree #233, logLikelihood: -712.508966
[00:00:01] [worker #31] Bootstrap tree #256, logLikelihood: -701.021648
[00:00:01] [worker #3] Bootstrap tree #228, logLikelihood: -693.097894
[00:00:01] [worker #15] Bootstrap tree #240, logLikelihood: -692.507327
[00:00:01] [worker #18] Bootstrap tree #243, logLikelihood: -720.941560
[00:00:01] [worker #19] Bootstrap tree #244, logLikelihood: -692.049636
[00:00:01] [worker #12] Bootstrap tree #237, logLikelihood: -744.898383
[00:00:01] [worker #10] Bootstrap tree #235, logLikelihood: -692.435758
[00:00:01] [worker #14] Bootstrap tree #239, logLikelihood: -716.069532
[00:00:01] [worker #24] Bootstrap tree #249, logLikelihood: -714.030159
[00:00:01] [worker #20] Bootstrap tree #245, logLikelihood: -737.320926
[00:00:01] [worker #13] Bootstrap tree #238, logLikelihood: -707.313555
[00:00:01] [worker #2] Bootstrap tree #227, logLikelihood: -686.745332
[00:00:01] [worker #28] Bootstrap tree #253, logLikelihood: -677.383928
[00:00:01] [worker #22] Bootstrap tree #247, logLikelihood: -693.870110
[00:00:01] [worker #30] Bootstrap tree #255, logLikelihood: -710.839373
[00:00:01] [worker #9] Bootstrap tree #234, logLikelihood: -720.706304
[00:00:01] [worker #0] Bootstrap tree #225, logLikelihood: -727.316932
[00:00:01] [worker #23] Bootstrap tree #248, logLikelihood: -722.842949
[00:00:02] [worker #26] Bootstrap tree #283, logLikelihood: -655.131377
[00:00:02] [worker #4] Bootstrap tree #261, logLikelihood: -712.416883
[00:00:02] [worker #29] Bootstrap tree #286, logLikelihood: -751.843344
-655.512168
[00:00:02] [worker #5] Bootstrap tree #262, logLikelihood: -718.738939
[00:00:02] [worker #21] Bootstrap tree #278, logLikelihood: -693.694654
[00:00:02] [worker #31] Bootstrap tree #288, logLikelihood: -678.483355
[00:00:02] [worker #7] Bootstrap tree #264, logLikelihood: -731.002411
[00:00:02] [worker #19] Bootstrap tree #276, logLikelihood: -699.668933
[00:00:02] [worker #27] Bootstrap tree #284, logLikelihood: -711.780634
[00:00:02] [worker #15] Bootstrap tree #272, logLikelihood: -712.719990
[00:00:02] [worker #17] Bootstrap tree #274, logLikelihood: -724.941429
[00:00:02] [worker #10] Bootstrap tree #267, logLikelihood: -694.807525
[00:00:02] [worker #1] Bootstrap tree #258, logLikelihood: -705.306027
[00:00:02] [worker #11] Bootstrap tree #268, logLikelihood: -720.582014
[00:00:02] [worker #14] Bootstrap tree #271, logLikelihood: -738.538446
[00:00:02] [worker #9] Bootstrap tree #266, logLikelihood: -716.711011
[00:00:02] [worker #24] Bootstrap tree #281, logLikelihood: -728.567687
[00:00:02] [worker #13] Bootstrap tree #270, logLikelihood: -696.959859
[00:00:02] [worker #30] Bootstrap tree #287, logLikelihood: -674.114683
[00:00:02] [worker #22] Bootstrap tree #279, logLikelihood: -724.161767
[00:00:02] [worker #25] Bootstrap tree #282, logLikelihood: -724.684534
[00:00:02] [worker #12] Bootstrap tree #269, logLikelihood: -697.368274
[00:00:02] [worker #3] Bootstrap tree #260, logLikelihood: -711.078740
[00:00:02] [worker #23] Bootstrap tree #280, logLikelihood: -675.334827
[00:000:0200] [worker #2] Bootstrap tree #:25902, logLikelihood: ] [worker #6] Bootstrap tree #263, logLikelihood: -694.754807-712.508963
[00:000:0200] [worker #2] Bootstrap tree #:25902, logLikelihood: ] [worker #6] Bootstrap tree #263, logLikelihood: -694.754807-712.508963

[00:00:02] [worker #16] Bootstrap tree #273, logLikelihood: -685.899591
[00:00:02] [worker #18] Bootstrap tree #275, logLikelihood: -713.203727
[00:00:02] [worker #8] Bootstrap tree #265, logLikelihood: -709.489629
[00:00:02] [worker #28] Bootstrap tree #285, logLikelihood: -723.363555
[00:00:02] [worker #0] Bootstrap tree #257, logLikelihood: -663.696941
[00:00:02] [worker #15] Bootstrap tree #304, logLikelihood: -677.322297
[00:00:02] [worker #31] Bootstrap tree #320, logLikelihood: -669.533433
[00:00:02] [worker #29] Bootstrap tree #318, logLikelihood: -673.590456
[00:00:02] [worker #26] Bootstrap tree #315, logLikelihood: -705.331436
[00:00:02] [worker #5] Bootstrap tree #294, logLikelihood: -678.997855
[00:00:02] [worker #11] Bootstrap tree #300, logLikelihood: -702.291230[
-709.906192
[00:00:02] [worker #20] Bootstrap tree #309, logLikelihood: [-762.478683

[00:00:02] [worker #21] Bootstrap tree #310, logLikelihood: -715.142951
[00:00:02] [worker #9] Bootstrap tree #298, logLikelihood: -683.563785
[00:00:02] [worker #10] Bootstrap tree #299, logLikelihood: -723.315210
[00:00:02] [worker #4] Bootstrap tree #293, logLikelihood: -731.218608
[00:00:02] [worker #24] Bootstrap tree #313, logLikelihood: -707.220269
-718.132076
[00:00:02] [worker #27] Bootstrap tree #316, logLikelihood: -732.866911
[00:00:02] [worker #16] Bootstrap tree #305, logLikelihood: -693.999483
[00:00:02] [worker #22] Bootstrap tree #311, logLikelihood: -663.182065
[00:00:02] [worker #1] Bootstrap tree #290, logLikelihood: -712.615032
[00:00[:02] 0[worker #28] Bootstrap tree #:31700, logLikelihood: :02] [worker #14] Bootstrap tree #303, logLikelihood: -719.412868
[00:00[:02] 0[worker #28] Bootstrap tree #:31700, logLikelihood: :02] [worker #14] Bootstrap tree #303, logLikelihood: -719.412868
-693.059481
[00:00:02] [worker #19] Bootstrap tree #308, logLikelihood: -725.154695
[00:00:02] [worker #23] Bootstrap tree #312, logLikelihood: -703.902358
[00:00:02] [worker #2] Bootstrap tree #291, logLikelihood: -706.171870
[00:00:02] [worker #12] Bootstrap tree #301, logLikelihood: [-698.158330
-699.700469
[00:00:02] [worker #17] Bootstrap tree #306, logLikelihood: -731.000098
[00:00:02] [worker #17] Bootstrap tree #306, logLikelihood: -731.000098
[00:00:02] [worker #18] Bootstrap tree #307, logLikelihood: -726.194695
[00:00:02] [worker #13] Bootstrap tree #302, logLikelihood: -710.162065
00[00:0000::0202] [worker #30] [worker #6] Bootstrap tree #Bootstrap tree #295, logLikelihood: , logLikelihood: -736.632995-669.100566
00[00:0000::0202] [worker #30] [worker #6] Bootstrap tree #Bootstrap tree #295, logLikelihood: , logLikelihood: -736.632995-669.100566

[00:00:02] [worker #0] Bootstrap tree #289, logLikelihood: -722.849279
[00:00:02] [worker #3] Bootstrap tree #324, logLikelihood: -685.639759
[00:00:02] [worker #1] Bootstrap tree #322, logLikelihood: -674.969161
[00:00:02] [worker #6] Bootstrap tree #327, logLikelihood: [-691.18583200:[00:00:02] [worker #6] Bootstrap tree #327, logLikelihood: [-691.18583200:00:02] [worker #29] Bootstrap tree #350, logLikelihood: -720.535770
[00:00:02] [worker #21] Bootstrap tree #342, logLikelihood: -694.495330
[00:00:02] [worker #17] Bootstrap tree #338, logLikelihood: -675.251654
[00:00:02] [worker #25] Bootstrap tree #346, logLikelihood: -697.091137
[00:00:02] [worker #24] Bootstrap tree #345, logLikelihood: -701.037255
[00:00:02] [worker #19] Bootstrap tree #340, logLikelihood: -716.096653
[00:00:02] [worker #8] Bootstrap tree #329, logLikelihood: -692.058907
[00:00:02] [worker #12] Bootstrap tree #333, logLikelihood: -698.523139
[00:00:02] [worker #27] Bootstrap tree #348, logLikelihood: -653.641788
[00:00:02] [worker #10] Bootstrap tree #331, logLikelihood: -707.951336
[00:00:02] [worker #31] Bootstrap tree #352, logLikelihood: -717.560564
[00:00:02] [worker #15] Bootstrap tree #336, logLikelihood: -756.317764
[00:00:02] [worker #0] Bootstrap tree #321, logLikelihood: -669.434582
[00:00:02] [worker #18] Bootstrap tree #339, logLikelihood: -702.202317
[00:00:02] [worker #5] Bootstrap tree #326, logLikelihood: -695.518483
[00:00:02] [worker #26] Bootstrap tree #347, logLikelihood: -713.633045
[00:00:02] [worker #16] Bootstrap tree #337, logLikelihood: -692.192331
[00:00:02] [worker #2] Bootstrap tree #323, logLikelihood: -696.631380
[00:00:02] [worker #11] Bootstrap tree #332, logLikelihood: -712.452613
[00:00:02] [worker #4] Bootstrap tree #325, logLikelihood: -691.312856
[00:00:02] [worker #9] Bootstrap tree #330, logLikelihood: -692.676931
[00:00:02] [worker #7] Bootstrap tree #328, logLikelihood: -692.846647
[00:00:02] [worker #30] Bootstrap tree #351, logLikelihood: -695.986142
[00:00:02] [worker #23] Bootstrap tree #344, logLikelihood: -704.452192
[00:00:02] [worker #28] Bootstrap tree #349, logLikelihood: -723.090942
[00:00:02] [worker #20] Bootstrap tree #341, logLikelihood: -740.115662
[00:00:02] [worker #13] Bootstrap tree #334, logLikelihood: -713.450382
[00:00:02] [worker #22] Bootstrap tree #343, logLikelihood: -727.588104
[00:00:02] [worker #14] Bootstrap tree #335, logLikelihood: -706.544942
[00:00:02] [worker #3] Bootstrap tree #356, logLikelihood: -688.494359
[00:00:02] [worker #6] Bootstrap tree #359, logLikelihood: -682.210607
[00:00:02] [worker #29] Bootstrap tree #382, logLikelihood: -736.408911
[00:00:02] [worker #1] Bootstrap tree #354, logLikelihood: -694.624875
[00:00:02] [worker #27] Bootstrap tree #380, logLikelihood: -708.998134
[00:00:02] [worker #21] Bootstrap tree #374, logLikelihood: -717.072395
[00:00:02] [worker #11] Bootstrap tree #364, logLikelihood: -709.582589
[00:00:02] [worker #19] Bootstrap tree #372, logLikelihood: -709.596741
[00:00:02] [worker #8] Bootstrap tree #361, logLikelihood: -702.292987
[00:00:02] [worker #17] Bootstrap tree #370, logLikelihood: -707.446866
[00:00:02] [worker #10] Bootstrap tree #363, logLikelihood: -696.415343
[00:00:02] [worker #15] Bootstrap tree #368, logLikelihood: -694.179307
[00:00:02] [worker #13] Bootstrap tree #366, logLikelihood: -694.970420
[00:00:02] [worker #5] Bootstrap tree #358, logLikelihood: -694.772370
[00:00:02] [worker #31] Bootstrap tree #384, logLikelihood: -706.284483
[00:00:02] [worker #25] Bootstrap tree #378, logLikelihood: -703.979150
[00:00:02] [worker #16] Bootstrap tree #369, logLikelihood: -709.776591
[00:00:02] [worker #28] Bootstrap tree #381, logLikelihood: -689.236341
[00:00:02] [worker #4] Bootstrap tree #357, logLikelihood: -738.360689
[00:00:02] [worker #2] Bootstrap tree #355, logLikelihood: -740.130189
[00:00:02] [worker #23] Bootstrap tree #376, logLikelihood: -747.091598
[worker #12] Bootstrap tree #365, logLikelihood: -708.369908
[00:00:02] [worker #22] Bootstrap tree #375, logLikelihood: -685.296677
[00:00:02] [worker #22] Bootstrap tree #375, logLikelihood: -685.296677
[00:00:02] [worker #30] Bootstrap tree #383, logLikelihood: -697.064685
[00:00:02] [worker #9] Bootstrap tree #362, logLikelihood: -761.355306
[00:00:02] [worker #0] Bootstrap tree #353, logLikelihood: -726.471881
[00:00:02] [worker #14] Bootstrap tree #367, logLikelihood: -714.022825
[00:00:02] [worker #7] Bootstrap tree #360, logLikelihood: -701.268639
[00:00:02] [worker #26] Bootstrap tree #379, logLikelihood: -703.777809
[00:00:02] [worker #24] Bootstrap tree #377, logLikelihood: -679.935754
[00:00:02] [worker #20] Bootstrap tree #373, logLikelihood: -731.014521
[00:00:02] [worker #18] Bootstrap tree #371, logLikelihood: -681.787234
[00:00:03] [worker #1] Bootstrap tree #386, logLikelihood: -662.018485
[00:00:03] [worker #28] Bootstrap tree #413, logLikelihood: -663.914600
[00:00:03] [worker #18] Bootstrap tree #403, logLikelihood: -705.745282
[00:00:03] [worker #17] Bootstrap tree #402, logLikelihood: -702.272092
[00:00:03] [worker #25] Bootstrap tree #410, logLikelihood: -742.257864
[00:00:03] [worker #19] Bootstrap tree #404, logLikelihood: -660.530312
-706.517083
[00:00:03] [worker #5] Bootstrap tree #390, logLikelihood: -699.377028
[00:00:03] [worker #29] Bootstrap tree #414, logLikelihood: -708.614731
[00:00:03] [worker #8] Bootstrap tree #393, logLikelihood: -737.526231
[00:00:03] [worker #10] Bootstrap tree #395, logLikelihood: -721.289195
[00:00:03] [worker #31] Bootstrap tree #416, logLikelihood: -714.578739
[00:00:03] [worker #12] Bootstrap tree #397, logLikelihood: -731.449175
[00:00:03] [worker #14] Bootstrap tree #399, logLikelihood: -676.276882
[00:00:03] [worker #9] Bootstrap tree #394, logLikelihood: -684.111157
[[00:00:0003:] 00:03] [worker #26] Bootstrap tree #Bootstrap tree #, logLikelihood: 
[[00:00:0003:] 00:03] [worker #26] Bootstrap tree #Bootstrap tree #, logLikelihood: 
, logLikelihood: -687.699269
[00:00:03] [worker #30] Bootstrap tree #415, logLikelihood: -720.717117
[00:00:03] [worker #13] Bootstrap tree #398, logLikelihood: -715.153712
[00:00:03] [worker #20] Bootstrap tree #405, logLikelihood: -712.830504
[00:00:03] [worker #6] Bootstrap tree #391, logLikelihood: -686.102690
[00:00:03] [worker #21] Bootstrap tree #406, logLikelihood: -728.969671
[00:00:03] [worker #23] Bootstrap tree #408, logLikelihood: -740.659301
[00:00:03] [worker #16] Bootstrap tree #401, logLikelihood: -712.508960
[00:00:03] [worker #11] Bootstrap tree #396, logLikelihood: -718.987830
[00:00:03] [worker #22] Bootstrap tree #407, logLikelihood: -708.133272
[00:00:03] [worker #27] Bootstrap tree #412, logLikelihood: -685.762157
[00:00:03] [worker #7] Bootstrap tree #392, logLikelihood: -688.118054
[00:00:03] [worker #3] Bootstrap tree #388, logLikelihood: -740.383137
[00:00:03] [worker #24] Bootstrap tree #409, logLikelihood: -725.163102
[00:00:03] [worker #1] Bootstrap tree #418, logLikelihood: -729.333314
[00:00:03] [worker #28] Bootstrap tree #445, logLikelihood: -756.892003
[00:00:03] [worker #18] Bootstrap tree #435, logLikelihood: -680.426114
[00:00:03] [worker #17] Bootstrap tree #434, logLikelihood: -724.806895
[00:00:03] [worker #0] Bootstrap tree #385, logLikelihood: -728.676894
[00:00:03] [worker #29] Bootstrap tree #446, logLikelihood: -730.648818
[00:00:03] [worker #19] Bootstrap tree #436, logLikelihood: -698.366702
[00:00:03] [worker #25] Bootstrap tree #442, logLikelihood: -742.321258
[00:00:03] [worker #8] Bootstrap tree #425, logLikelihood: -680.624658
[00:00:03] [worker #4] Bootstrap tree #421, logLikelihood: -739.823001
[00:00:03] [worker #13] Bootstrap tree #430, logLikelihood: -705.441323
[00:00:03] [worker #10] Bootstrap tree #427, logLikelihood: -722.513069
[00:00:03] [worker #5] Bootstrap tree #422, logLikelihood: -727.762635
[00:00:03] [worker #31] Bootstrap tree #448, logLikelihood: -692.694118
[00:00:03] [worker #11] Bootstrap tree #428, logLikelihood: -686.690533
[00:00:03] [worker #23] Bootstrap tree #440, logLikelihood: -718.765398
[00:00:03] [worker #22] Bootstrap tree #439, logLikelihood: -714.860156
[00:00:03] [worker #30] Bootstrap tree #447, logLikelihood: -731.472617
[00:00:03] [worker #27] Bootstrap tree #444, logLikelihood: -716.992269
:00:03] [worker #24] Bootstrap tree #441, logLikelihood: -708.559697[00:00:03] [worker #12] Bootstrap tree #429, logLikelihood: 
:00:03] [worker #24] Bootstrap tree #441, logLikelihood: -708.559697[00:00:03] [worker #12] Bootstrap tree #429, logLikelihood: 
-671.253231
[00:00:03] [worker #16] Bootstrap tree #433, logLikelihood: -707.361255
[00:00:03] [worker #26] Bootstrap tree #443, logLikelihood: -734.717709
[00:00:03] [worker #9] Bootstrap tree #426, logLikelihood: -741.266667
[00:00:03] [worker #14] Bootstrap tree #431, logLikelihood: -698.009458
[00:00:03] [worker #2] Bootstrap tree #419, logLikelihood: -719.894964
[00:00:03] [worker #15] Bootstrap tree #432, logLikelihood: -718.345082
[00:00:03] [worker #21] Bootstrap tree #438, logLikelihood: -712.917531
[00:00:03] [worker #3] Bootstrap tree #420, logLikelihood: -727.819876
[00:00:03] [worker #20] Bootstrap tree #437, logLikelihood: -703.941927
[00:00:03] [worker #20] Bootstrap tree #437, logLikelihood: -703.941927
[00:00:03] [worker #6] Bootstrap tree #423, logLikelihood: -687.691442
[00:00:03] [worker #7] Bootstrap tree #424, logLikelihood: -725.115438
[00:00:03] [worker #0] Bootstrap tree #417, logLikelihood: -709.725964
[00:00:04] [worker #20] Bootstrap tree #469, logLikelihood: -697.334360
[00:00:04] [worker #17] Bootstrap tree #466, logLikelihood: -725.886221
[00:00:04] [worker #19] Bootstrap tree #468, logLikelihood: -701.884385
[00:00:04] [worker #3] Bootstrap tree #452, logLikelihood: -707.644950
[00:00:04] [worker #18] Bootstrap tree #467, logLikelihood: [-702.126364
-665.558634
[00:00:04] [worker #10] Bootstrap tree #459, logLikelihood: -717.563995[

[00:00:04] [worker #11] Bootstrap tree #460, logLikelihood: -673.433510
[00:00:04] [worker #4] Bootstrap tree #453, logLikelihood: -721.466971
[00:00:04] [worker #30] Bootstrap tree #479, logLikelihood: -703.093586
[00:00:04] [worker #21] Bootstrap tree #470, logLikelihood: -708.314900
[00:00:04] [worker #14] Bootstrap tree #463, logLikelihood: -730.598873
[00:00:04] [worker #8] Bootstrap tree #457, logLikelihood: -666.266154
[00:00:04] [worker #16] Bootstrap tree #465, logLikelihood: -683.576178
[00:00:04] [worker #12] Bootstrap tree #461, logLikelihood: -721.038092
00:00:04] [worker #22] Bootstrap tree #471, logLikelihood: -705.140689
[00:00:04] [worker #5] Bootstrap tree #454, logLikelihood: -690.231154
[00:00:04] [worker #15] Bootstrap tree #464, logLikelihood: -696.344670
[00:00:04] [worker #27] Bootstrap tree #476, logLikelihood: -697.021100
[00:00:04] [worker #31] Bootstrap tree #480, logLikelihood: -698.601141
[00:00:04] [worker #25] Bootstrap tree #474, logLikelihood: -711.399523
[00:00:04] [worker #1] Bootstrap tree #450, logLikelihood: -700.297757
[00:00:04] [worker #7] Bootstrap tree #456, logLikelihood: -686.407531
[00:00:04] [worker #29] Bootstrap tree #478, logLikelihood: -721.935864
[00:00:04] [worker #2] Bootstrap tree #451, logLikelihood: -729.028198
[00:00:04] [worker #9] Bootstrap tree #458, logLikelihood: -703.422506
[worker #26] Bootstrap tree #475, logLikelihood: -733.769194
[00:00:04] [worker #24] Bootstrap tree #473, logLikelihood: -730.355428
:00:04] [worker #6] Bootstrap tree #455, logLikelihood: -727.769174
[00:00:04] [worker #23] Bootstrap tree #472, logLikelihood: -704.212544
[00:00:04] [worker #19] Bootstrap tree #500, logLikelihood: -706.870586
[00:00:04] [worker #0] Bootstrap tree #449, logLikelihood: -701.833868
[00:00:04] [worker #28] Bootstrap tree #509, logLikelihood: -671.830538
[00:00:04] [worker #4] Bootstrap tree #485, logLikelihood: -724.041808
[00:00:04] [worker #11] Bootstrap tree #492, logLikelihood: -755.059379
[00:00:04] [worker #3] Bootstrap tree #484, logLikelihood: -745.687837
[00:00:04] [worker #21] Bootstrap tree #502, logLikelihood: -660.793220
[00:00:04] [worker #14] Bootstrap tree #495, logLikelihood: -707.215761
[00:00:04] [worker #30] Bootstrap tree #511, logLikelihood: -696.288618
[00:00:04] [worker #20] Bootstrap tree #501, logLikelihood: -751.402739
[00:00:04] [worker #25] Bootstrap tree #506, logLikelihood: -647.894651
04] [worker #16] Bootstrap tree #497, logLikelihood: -691.902024
[00:00:04] [worker #1] Bootstrap tree #482, logLikelihood: -699.152588
[00:00:04] [worker #13] Bootstrap tree #494, logLikelihood: -712.328623
[00:00:04] [worker #22] Bootstrap tree #503, logLikelihood: -700.652108
[00:00:04] [worker #17] Bootstrap tree #498, logLikelihood: -709.446535
[00:00:04] [worker #18] Bootstrap tree #499, logLikelihood: -720.392315
[00:00:04] [worker #31] Bootstrap tree #512, logLikelihood: -643.198995
[00:00:04] [worker #27] Bootstrap tree #508, logLikelihood: -705.136817
[00:00:04] [worker #10] Bootstrap tree #491, logLikelihood: -732.543999
[00:00:04] [worker #29] Bootstrap tree #510, logLikelihood: -692.859061[
-709.590579
[00:00:04] [worker #7] Bootstrap tree #488, logLikelihood: -693.900058
[00:00:04] [worker #6] Bootstrap tree #487, logLikelihood: -690.029922
[00:00:04] [worker #23] Bootstrap tree #504, logLikelihood: -728.811281
[00:00:04] [worker #2] Bootstrap tree #483, logLikelihood: -700.835204
[00:00:04] [worker #9] Bootstrap tree #490, logLikelihood: -697.390188
[00:00:04] [worker #12] Bootstrap tree #493, logLikelihood: -698.005430
[00:00:04] [worker #8] Bootstrap tree #489, logLikelihood: -680.634976
[00:00:04] [worker #5] Bootstrap tree #486, logLikelihood: -714.368349
[00:00:04] [worker #24] Bootstrap tree #505, logLikelihood: -717.497296
[00:00:04] [worker #26] Bootstrap tree #507, logLikelihood: -732.313529
[00:00:04] [worker #0] Bootstrap tree #481, logLikelihood: -683.579088
[00:00:04] [worker #5] Bootstrap tree #518, logLikelihood: -709.015756
[00:00:04] [worker #25] Bootstrap tree #538, logLikelihood: -706.654306
[00:00:04] [worker #29] Bootstrap tree #542, logLikelihood: -739.694302
[00:00:04] [worker #27] Bootstrap tree #540, logLikelihood: -714.130162
[worker #2] Bootstrap tree #515, logLikelihood: [-726.2024690
-729.4692490
-694.330410
[00:00:04] [worker #10] Bootstrap tree #523, logLikelihood: -704.870012
[00:00:04] [worker #22] Bootstrap tree #535, logLikelihood: [-717.93058200
[00:00:04] [worker #22] Bootstrap tree #535, logLikelihood: [-717.93058200
:00:04] [worker #17] Bootstrap tree #530, logLikelihood: -676.336704
[00:00:04] [worker #11] Bootstrap tree #524, logLikelihood: -704.744796
[00:00:04] [worker #13] Bootstrap tree #526, logLikelihood: -738.943482
[00:00:04] [worker #20] Bootstrap tree #533, logLikelihood: -719.517222
[00:00:04] [worker #15] Bootstrap tree #528, logLikelihood: -709.712984
[00:00:04] [worker #4] Bootstrap tree #517, logLikelihood: -699.333413
[00:00:04] [worker #23] Bootstrap tree #536, logLikelihood: -688.075105
-693.612734
[00:00:04] [worker #28] Bootstrap tree #541, logLikelihood: -651.953020
-721.499703
[00:00:04] [worker #8] Bootstrap tree #521, logLikelihood: -696.961703
[00:00:04] [worker #6] Bootstrap tree #519, logLikelihood: -696.738575
[00:00:04] [worker #21] Bootstrap tree #534, logLikelihood: -747.119198
[00:00:04] [worker #3] Bootstrap tree #516, logLikelihood: -738.146477
[00:00:04] [worker #14] Bootstrap tree #527, logLikelihood: -679.246259
[00:00:04] [worker #1] Bootstrap tree #514, logLikelihood: -728.929088
[00:00:04] [worker #30] Bootstrap tree #543, logLikelihood: -689.682424
[00:00:04] [worker #7] Bootstrap tree #520, logLikelihood: -720.923738
[00:00:04] [worker #18] Bootstrap tree #531, logLikelihood: -746.630104
[00:00:04] [worker #5] Bootstrap tree #550, logLikelihood: -734.892821
[00:00:04] [worker #26] Bootstrap tree #539, logLikelihood: -780.238005
[00:00:04] [worker #12] Bootstrap tree #525, logLikelihood: -693.055848
[00:00:04] [worker #19] Bootstrap tree #532, logLikelihood: -724.951325
[00:00:04] [worker #25] Bootstrap tree #570, logLikelihood: -689.177380
[00:00:04] [worker #11] Bootstrap tree #556, logLikelihood: -696.594861
[00:00:04] [worker #0] Bootstrap tree #513, logLikelihood: -713.492554
[00:00:04] [worker #10] Bootstrap tree #555, logLikelihood: -718.708206
[00:00:04] [worker #15] Bootstrap tree #560, logLikelihood: -722.265702
[00:00:04] [worker #31] Bootstrap tree #576, logLikelihood: -698.982155
[00:00:04] [worker #13] Bootstrap tree #558, logLikelihood: -721.691247
[00:00:04] [worker #29] Bootstrap tree #574, logLikelihood: -732.927788
[00:00:04] [worker #22] Bootstrap tree #567, logLikelihood: -711.765236
[00:00:04] [worker #20] Bootstrap tree #565, logLikelihood: -689.850359
[00:00:04] [worker #9] Bootstrap tree #554, logLikelihood: -745.933277
[00:00:04] [worker #7] Bootstrap tree #552, logLikelihood: 0:00:04] [worker #17] Bootstrap tree #562, logLikelihood: -711.051659
[00:00:04] [worker #7] Bootstrap tree #552, logLikelihood: 0:00:04] [worker #17] Bootstrap tree #562, logLikelihood: -711.051659
-674.704964
[00:00:04] [worker #2] Bootstrap tree #547, logLikelihood: -694.157117[00:
[00:00:04] [worker #2] Bootstrap tree #547, logLikelihood: -694.157117[00:
00:04] [worker #27] Bootstrap tree #572, logLikelihood: -723.010915
[00:00:04] [worker #6] Bootstrap tree #551, logLikelihood: -700.403246
[00:00:04] [worker #1] Bootstrap tree #546, logLikelihood: -725.376606
[00:00:05] [worker #4] Bootstrap tree #549, logLikelihood: -704.829971
[00:00:05] [worker #3] Bootstrap tree #548, logLikelihood: -687.715734
[00:00:05] [worker #16] Bootstrap tree #561, logLikelihood: -674.563376
[00:00:05] [worker #28] Bootstrap tree #573, logLikelihood: -693.891868
[00:00:05] [worker #12] Bootstrap tree #557, logLikelihood: -684.889456
[00:00:05] [worker #21] Bootstrap tree #566, logLikelihood: -744.899999
[00:00:05] [worker #19] Bootstrap tree #564, logLikelihood: -708.068340
[00:00:05] [worker #8] Bootstrap tree #553, logLikelihood: [-671.860176
-686.794963
[00:00:05] [worker #23] Bootstrap tree #568, logLikelihood: -675.899637
[00:00:05] [worker #14] Bootstrap tree #559, logLikelihood: -692.051874
[00:00:05] [worker #30] Bootstrap tree #575, logLikelihood: -742.627485
[00:00:05] [worker #24] Bootstrap tree #569, logLikelihood: -757.946409
[00:00:05] [worker #26] Bootstrap tree #571, logLikelihood: -702.566532
[00:00:05] [worker #0] Bootstrap tree #545, logLikelihood: -690.478158
[00:00:05] [worker #25] Bootstrap tree #602, logLikelihood: -677.378336
[00:00:05] [worker #22] Bootstrap tree #599, logLikelihood: -725.226901
[00:00:05] [worker #29] Bootstrap tree #606, logLikelihood: -684.867541
[00:00:05] [worker #11] Bootstrap tree #588, logLikelihood: -721.853365
[00:00:05] [worker #13] Bootstrap tree #590, logLikelihood: -686.591066
[00:00:05] [worker #17] Bootstrap tree #594, logLikelihood: -705.473134
[00:00:05] [worker #1] Bootstrap tree #578, logLikelihood: -700.637064
[00:00:05] [worker #18] Bootstrap tree #595, logLikelihood: -696.626838
[00:00:05] [worker #20] Bootstrap tree #597, logLikelihood: -669.925754
[00:00:05] [worker #5] Bootstrap tree #582, logLikelihood: -685.230998
[00:00:05] [worker #4] Bootstrap tree #581, logLikelihood: -734.257193
[00:00:05] [worker #27] Bootstrap tree #604, logLikelihood: -712.421537
[00:00:05] [worker #16] Bootstrap tree #593, logLikelihood: -724.501346
[00:00:05] [worker #2] Bootstrap tree #579, logLikelihood: -735.424337
[00:00:05] [worker #7] Bootstrap tree #584, logLikelihood: -718.827611
[00:00:05] [worker #31] Bootstrap tree #608, logLikelihood: -651.738384
[00:00:05] [worker #21] Bootstrap tree #598, logLikelihood: -695.243684
[00:00:05] [worker #23] Bootstrap tree #600, logLikelihood: -675.419189
[00:00:05] [worker #19] Bootstrap tree #596, logLikelihood: -687.332984
[00:00:05] [worker #30] Bootstrap tree #607, logLikelihood: -724.352799
[00:00:05] [worker #9] Bootstrap tree #586, logLikelihood: -713.598167
[00:00:05] [worker #24] Bootstrap tree #601, logLikelihood: -726.483055
[00:00:05] [worker #8] Bootstrap tree #585, logLikelihood: -709.115543
[00:00:05] [worker #10] Bootstrap tree #587, logLikelihood: -699.095961
[00:00:05] [worker #14] Bootstrap tree #591, logLikelihood: -712.117432
[00:00:05] [worker #26] Bootstrap tree #603, logLikelihood: -744.682402
[00:00:05] [worker #6] Bootstrap tree #583, logLikelihood: -715.301585
[00:00:05] [worker #15] Bootstrap tree #592, logLikelihood: -683.964636
[00:00:05] [worker #12] Bootstrap tree #589, logLikelihood: -717.829676
[00:00:05] [worker #3] Bootstrap tree #580, logLikelihood: -685.443189
[00:00:05] [worker #11] Bootstrap tree #620, logLikelihood: -670.705306
[00:00:05] [worker #20] Bootstrap tree #629, logLikelihood: -698.193921
[00:00:05] [worker #5] Bootstrap tree #614, logLikelihood: -710.761750
[00:00:05] [worker #28] Bootstrap tree #605, logLikelihood: -726.680548
[00:00:05] [worker #18] Bootstrap tree #627, logLikelihood: -660.450968
[00:00:05] [worker #29] Bootstrap tree #638, logLikelihood: -725.971781
[00:00:05] [worker #13] Bootstrap tree #622, logLikelihood: -670.822109
[00:00:05] [worker #1] Bootstrap tree #610, logLikelihood: -737.531826
[00:00:05] [worker #17] Bootstrap tree #626, logLikelihood: -758.049340
[00:00:05] [worker #22] Bootstrap tree #631, logLikelihood: -744.385315
[00:00:05] [worker #25] Bootstrap tree #634, logLikelihood: -737.456545
[00:00:05] [worker #0] Bootstrap tree #577, logLikelihood: -727.087132
[00:00:05] [worker #4] Bootstrap tree #613, logLikelihood: -685.581605
[00:00:06] [worker #31] Bootstrap tree #640, logLikelihood: -702.605822
[00:00:06] [worker #16] Bootstrap tree #625, logLikelihood: -700.740804
[00:00:06] [worker #7] Bootstrap tree #616, logLikelihood: -720.522849
[00:00:06] [worker #30] Bootstrap tree #639, logLikelihood: -670.453553
[00:00:06] [worker #27] Bootstrap tree #636, logLikelihood: -708.042491
[00:00:06] [worker #19] Bootstrap tree #628, logLikelihood: -750.744903
[00:00:06] [worker #9] Bootstrap tree #618, logLikelihood: -684.337237
[00:00:06] [worker #21] Bootstrap tree #630, logLikelihood: -686.706787
[00:00:06] [worker #2] Bootstrap tree #611, logLikelihood: -720.850192
[00:00:06] [worker #8] Bootstrap tree #617, logLikelihood: -738.320094
[00:00:06] [worker #10] Bootstrap tree #619, logLikelihood: -656.486608
[00:00:06] [worker #15] Bootstrap tree #624, logLikelihood: -662.539929
[00:00:06] [worker #28] Bootstrap tree #637, logLikelihood: -682.524098
[00:00:06] [worker #24] Bootstrap tree #633, logLikelihood: -718.244624
[00:00:06] [worker #23] Bootstrap tree #632, logLikelihood: -689.805402
[00:00:06] [worker #14] Bootstrap tree #623, logLikelihood: -698.295716
[00:00:06] [worker #26] Bootstrap tree #635, logLikelihood: [-692.53691600
[[00:00:06] [worker #3] Bootstrap tree #612, logLikelihood: -738.925053
[00:00:06] [worker #12] Bootstrap tree #621, logLikelihood: -727.257296
[00:00:06] [worker #0] Bootstrap tree #609, logLikelihood: -691.615358
[00:00:06] [worker #19] Bootstrap tree #660, logLikelihood: -687.739086
[00:00:06] [worker #20] Bootstrap tree #661, logLikelihood: -683.723208
[00:00:06] [worker #29] Bootstrap tree #670, logLikelihood: -706.266011
, logLikelihood: -665.167431
[00:00:06] [worker #1] Bootstrap tree #642, logLikelihood: -687.951912
[00:00:06] [worker #11] Bootstrap tree #652, logLikelihood: -727.430846
[00:00:06] [worker #31] Bootstrap tree #672, logLikelihood: -712.508963
[00:00:06] [[worker #18] Bootstrap tree #659 , logLikelihood: 10:06] [worker #24] Bootstrap tree #665, logLikelihood: -680.728552
[00:00:06] [[worker #18] Bootstrap tree #659 , logLikelihood: 10:06] [worker #24] Bootstrap tree #665, logLikelihood: -680.728552

[00:00:06] [worker #27] Bootstrap tree #668, logLikelihood: -739.330514
[00:00:06] [worker #7] Bootstrap tree #648, logLikelihood: -685.430776
[00:00:06] [worker #13] Bootstrap tree #654, logLikelihood: -714.889672
[00:00:06] [worker #9] Bootstrap tree #650, logLikelihood: -743.112019
[00:00:06] [worker #16] Bootstrap tree #657, logLikelihood: -692.984542
[00:00:06] [worker #22] Bootstrap tree #663, logLikelihood: -701.834723
[00:00:06] [worker #2] Bootstrap tree #643, logLikelihood: -695.785324
[00:00:06] [worker #15] Bootstrap tree #656, logLikelihood: -688.736911
[00:00:06] [worker #21] Bootstrap tree #662, logLikelihood: -746.007930
:00:06] [worker #23] Bootstrap tree #664, logLikelihood: -708.239391[-721.596306
[00:00:06] [worker #10] Bootstrap tree #651, logLikelihood: -706.882285
[00:00:06] [worker #28] Bootstrap tree #669, logLikelihood: -690.630878
[00:00:06] [worker #4] Bootstrap tree #645, logLikelihood: -704.730451
[00:00:06] [worker #12] Bootstrap tree #653, logLikelihood: -687.299621
[00:00:06] [worker #26] Bootstrap tree #667, logLikelihood: -676.714396
[00:00:06] [worker #25] Bootstrap tree #666, logLikelihood: -707.960756
[00:00:06] [worker #3] Bootstrap tree #644, logLikelihood: -726.876230
[00:00:06] [worker #14] Bootstrap tree #655, logLikelihood: -698.994653
[00:00:06] [worker #30] Bootstrap tree #671, logLikelihood: [-699.44644300:
-671.524504
[00:00:06] [worker #19] Bootstrap tree #692, logLikelihood: -706.513883
[00:00:06] [worker #6] Bootstrap tree #647, logLikelihood: -685.813557
[00:00:06] [worker #29] Bootstrap tree #702, logLikelihood: -735.050414
[00:00:06] [worker #0] Bootstrap tree #641, logLikelihood: -698.775741
[00:00:06] [worker #5] Bootstrap tree #678, logLikelihood: -693.240248
[00:00:06] [worker #31] Bootstrap tree #704, logLikelihood: -742.183053
[00:00:06] [worker #24] Bootstrap tree #697, logLikelihood: -687.042393
[00:00:06] [worker #18] Bootstrap tree #691, logLikelihood: -684.392841
[00:00:06] [worker #20] Bootstrap tree #693, logLikelihood: -681.494373
[00:00:06] [worker #13] Bootstrap tree #686, logLikelihood: -682.498390
[00:00:06] [worker #25] Bootstrap tree #698, logLikelihood: -692.128775
[00:00:06] [worker #15] Bootstrap tree #688, logLikelihood: -685.127294
[00:00:06] [worker #22] Bootstrap tree #695, logLikelihood: -695.352970
[00:00:06] [worker #1] Bootstrap tree #674, logLikelihood: -687.282180
[00:00:06] [worker #4] Bootstrap tree #677, logLikelihood: -680.262275
[00:00:06] [worker #11] Bootstrap tree #684, logLikelihood: -723.286135
[00:00:06] [worker #28] Bootstrap tree #701, logLikelihood: -732.438262
[00:00:06] [worker #12] Bootstrap tree #685, logLikelihood: -733.305481
[00:00:06] [worker #7] Bootstrap tree #680, logLikelihood: [-708.71989300

[00:00:06] [worker #27] Bootstrap tree #700, logLikelihood: -700.872651
[00:00:06] [worker #8] Bootstrap tree #681, logLikelihood: -693.669269
[00:00:06] [worker #14] Bootstrap tree #687, logLikelihood: -685.496727
[00:00:06] [worker #10] Bootstrap tree #683, logLikelihood: -719.281103
[00:00:06] [worker #9] Bootstrap tree #682, logLikelihood: -719.675876
[00:00:06] [worker #23] Bootstrap tree #696, logLikelihood: -688.238110
[00:00:06] [worker #26] Bootstrap tree #699, logLikelihood: -704.683573
[00:00:06] [worker #30] Bootstrap tree #703, logLikelihood: -718.525485
[00:00:06] [worker #17] Bootstrap tree #690, logLikelihood: -695.361724
[00:00:06] [worker #3] Bootstrap tree #676, logLikelihood: -741.460499
[00:00:06] [worker #2] Bootstrap tree #675, logLikelihood: -734.594150
[00:00:06] [worker #21] Bootstrap tree #694, logLikelihood: -700.686581
[00:00:06] [worker #6] Bootstrap tree #679, logLikelihood: -704.192725
[00:00:07] [worker #0] Bootstrap tree #673, logLikelihood: -672.898928
[00:00:07] [worker #29] Bootstrap tree #734, logLikelihood: -684.794113
[00:00:07] [worker #2] Bootstrap tree #707, logLikelihood: -723.870695
[00:00:07] [worker #9] Bootstrap tree #714, logLikelihood: -686.866045
[00:00:07] [worker #11] Bootstrap tree #716, logLikelihood: -695.309840
[00:00:07] [worker #26] Bootstrap tree #731, logLikelihood: -711.435368
[00:00:07] [worker #27] Bootstrap tree #732, logLikelihood: -687.907575
[00:00:07] [worker #28] Bootstrap tree #733, logLikelihood: -684.193366
[00:00:07] [worker #18] Bootstrap tree #723, logLikelihood: -672.945784
[00:00:07] [worker #22] Bootstrap tree #727, logLikelihood: -687.423152
[00:00:07] [worker #24] Bootstrap tree #729, logLikelihood: -674.479796
[00:00:07] [worker #31] Bootstrap tree #736, logLikelihood: -685.624528
[00:00:07] [worker #5] Bootstrap tree #710, logLikelihood: -715.879777
[00:00:07] [worker #23] Bootstrap tree #728, logLikelihood: -678.446234
[00:00:07] [worker #16] Bootstrap tree #721, logLikelihood: -708.711266
[00:00:07] [worker #6] Bootstrap tree #711, logLikelihood: -697.396672
[worker #12] Bootstrap tree #717, logLikelihood: -726.666932
[00:00:07] [worker #4] Bootstrap tree #709, logLikelihood: -693.255590
[00:00:07] [worker #13] Bootstrap tree #718, logLikelihood: -728.616899
[00:00:07] [worker #30] Bootstrap tree #735, logLikelihood: -702.779103
[00:00:07] [worker #20] Bootstrap tree #725, logLikelihood: -697.871694
[00:00:07] [worker #8] Bootstrap tree #713, logLikelihood: -712.788399
[00:00:07] [worker #15] Bootstrap tree #720, logLikelihood: -698.940366
[00:00:07] [worker #7] Bootstrap tree #712, logLikelihood: -682.842188
[00:00:07] [worker #19] Bootstrap tree #724, logLikelihood: -689.449926
[00:00:07] [worker #21] Bootstrap tree #726, logLikelihood: -689.348493
[00:00:07] [worker #10] Bootstrap tree #715, logLikelihood: -681.324045
[00:00:07] [worker #25] Bootstrap tree #730, logLikelihood: -724.559233
[00:00:07] [worker #3] Bootstrap tree #708, logLikelihood: -739.893540
[00:00:07] [worker #17] Bootstrap tree #722, logLikelihood: -708.105148
[00:00:07] [worker #28] Bootstrap tree #765, logLikelihood: -734.658270
[00:00:07] [worker #29] Bootstrap tree #766, logLikelihood: -750.199789
[00:00:07] [worker #11] Bootstrap tree #748, logLikelihood: -716.733091
[00:00:07] [worker #27] Bootstrap tree #764, logLikelihood: -693.533935
[00:00:07] [worker #0] Bootstrap tree #705, logLikelihood: -738.127231
[00:00:07] [worker #2] Bootstrap tree #739, logLikelihood: -695.690599
[00:00:07] [worker #1] Bootstrap tree #706, logLikelihood: -735.792579
[00:00:07] [worker #14] Bootstrap tree #719, logLikelihood: -728.005941
[00:00:07] [worker #18] Bootstrap tree #755, logLikelihood: -721.128627
[00:00:07] [worker #26] Bootstrap tree #763, logLikelihood: -675.764779
[00:00:07] [worker #9] Bootstrap tree #746, logLikelihood: -713.798211
[00:00:07] [worker #22] Bootstrap tree #759, logLikelihood: -711.492101
[00:00:07] [worker #5] Bootstrap tree #742, logLikelihood: -727.300711
[00:00:07] [worker #20] Bootstrap tree #757, logLikelihood: -677.933428
[00:00:07] [worker #13] Bootstrap tree #750, logLikelihood: -709.748085
760, logLikelihood: -662.758852
[00:00:07] [worker #7] Bootstrap tree #744, logLikelihood: -711.525222
[00:00:07] [worker #8] Bootstrap tree #745, logLikelihood: -712.971443
[00:00:07] [worker #30] Bootstrap tree #767, logLikelihood: -685.667171
[00:00:07] [worker #4] Bootstrap tree #741, logLikelihood: -708.205722
[00:00:07] [worker #21] Bootstrap tree #758, logLikelihood: -692.401114
[00:00:07] [worker #31] Bootstrap tree #768, logLikelihood: -729.627048
[00:00:07] [worker #12] Bootstrap tree #749, logLikelihood: -712.611819
[00:00:07] [worker #19] Bootstrap tree #756, logLikelihood: -709.567133
[00:00:07] [worker #10] Bootstrap tree #747, logLikelihood: -712.508267
[00[:000:0007:] [[worker #24] 07] [worker #15] 761:Bootstrap tree #, logLikelihood: 752:, logLikelihood: 07] [worker #16] Bootstrap tree #753, logLikelihood: -673.649519-681.976565
[00[:000:0007:] [[worker #24] 07] [worker #15] 761:Bootstrap tree #, logLikelihood: 752:, logLikelihood: 07] [worker #16] Bootstrap tree #753, logLikelihood: -673.649519-681.976565

[00[:000:0007:] [[worker #24] 07] [worker #15] 761:Bootstrap tree #, logLikelihood: 752:, logLikelihood: 07] [worker #16] Bootstrap tree #753, logLikelihood: -673.649519-681.976565


[00:00:07] [worker #25] Bootstrap tree #762, logLikelihood: -684.533064
[00:00:07] [worker #6] Bootstrap tree #743, logLikelihood: -700.571542
[00:00:07] [worker #17] Bootstrap tree #754, logLikelihood: -706.233878
[00:00:07] [worker #1] Bootstrap tree #738, logLikelihood: -691.971217
[00:00:07] [worker #3] Bootstrap tree #740, logLikelihood: -711.792952
[00:00:08] [worker #14] Bootstrap tree #751, logLikelihood: -698.521900
[00:00:08] [worker #0] Bootstrap tree #737, logLikelihood: -706.790133
[00:00:08] [worker #5] Bootstrap tree #774, logLikelihood: -670.269910
[00:00:08] [worker #12] Bootstrap tree #781, logLikelihood: -763.797201
[00:00:08] [worker #30] Bootstrap tree #799, logLikelihood: -690.920677
[00:00:08] [worker #6] Bootstrap tree #775, logLikelihood: -755.398988
[[00:00:08] [worker #6] Bootstrap tree #775, logLikelihood: -755.398988
[00:00:08] [worker #2] Bootstrap tree #771, logLikelihood: -679.468992
[00:00:08] [worker #31] Bootstrap tree #800, logLikelihood: -707.930139
[00:00:08] [worker #22] Bootstrap tree #791, logLikelihood: -730.208947
[00:00:08] [worker #11] Bootstrap tree #780, logLikelihood: -709.270546
[00:00:08] [worker #26] Bootstrap tree #795, logLikelihood: -725.181639
[00:00:08] [worker #16] Bootstrap tree #785, logLikelihood: -748.208416
[00:00:08] [worker #9] Bootstrap tree #778, logLikelihood: -704.193921
[00:00:08] [worker #14] Bootstrap tree #783, logLikelihood: -698.891051
[00:00:08] [worker #21] Bootstrap tree #790, logLikelihood: -701.813935
[00:00:08] [worker #13] Bootstrap tree #782, logLikelihood: -727.989439
[00:00:08] [worker #24] Bootstrap tree #793, logLikelihood: -727.523167
[00:00:08] [worker #29] Bootstrap tree #798, logLikelihood: -700.666114
[00:00:08] [worker #4] Bootstrap tree #773, logLikelihood: -708.531726
00:00:08] [worker #18] Bootstrap tree #787, logLikelihood: -695.765362
[00:00:08] [worker #7] Bootstrap tree #776, logLikelihood: -709.617213
[00:00:08] [worker #27] Bootstrap tree #796, logLikelihood: -706.983263
[00:00:08] [worker #19] Bootstrap tree #788, logLikelihood: -702.385275
[00:00:08] [worker #8] Bootstrap tree #777, logLikelihood: -742.445188
[00:00:08] [worker #20] Bootstrap tree #789, logLikelihood: -705.233501
[00:00:08] [worker #10] Bootstrap tree #779, logLikelihood: -677.497058
[00:00:08] [worker #25] Bootstrap tree #794, logLikelihood: -712.508963
[00:00:08] [worker #15] Bootstrap tree #784, logLikelihood: -663.250277
[00:00:08] [worker #28] Bootstrap tree #797, logLikelihood: -683.312295
[00:00:08] [worker #23] Bootstrap tree #792, logLikelihood: -697.598428
[00:00:08] [worker #1] Bootstrap tree #770, logLikelihood: -703.139523
[00:00:08] [worker #0] Bootstrap tree #769, logLikelihood: -762.653410
[00:00:08] [worker #17] Bootstrap tree #786, logLikelihood: -756.758336
[00:00:08] [worker #5] Bootstrap tree #806, logLikelihood: -669.259409
[00:00:08] [worker #2] Bootstrap tree #803, logLikelihood: -720.732782
[00:00:08] [worker #31] Bootstrap tree #832, logLikelihood: -724.988482
[00:00:08] [worker #3] Bootstrap tree #772, logLikelihood: -737.467534
[00:00:08] [worker #22] Bootstrap tree #823, logLikelihood: -690.367925
[00:00:09] [worker #30] Bootstrap tree #831, logLikelihood: -731.154824
[00:00:09] [worker #12] Bootstrap tree #813, logLikelihood: -705.045733
[00:00:09] [worker #11] Bootstrap tree #812, logLikelihood: -717.678571
[00:00:09] [worker #16] Bootstrap tree #817, logLikelihood: -691.074900
[00:00:09] [worker #29] Bootstrap tree #830, logLikelihood: -741.515100
[00:00:09] [[worker #6] Bootstrap tree #807, logLikelihood: 0:00:09] [worker #7] Bootstrap tree #808, logLikelihood: -715.995481
000:00:09] [[worker #6] Bootstrap tree #807, logLikelihood: 0:00:09] [worker #7] Bootstrap tree #808, logLikelihood: -715.995481
-728.985500
:00:09] [worker #24] Bootstrap tree #825, logLikelihood: -708.330144
[00:00:09] [worker #26] Bootstrap tree #827, logLikelihood: -706.817745
[00:00:09] [worker #21] Bootstrap tree #822, logLikelihood: -667.959346
[00:00:09] [worker #20] Bootstrap tree #821, logLikelihood: -724.509558
[00:00:09] [worker #18] Bootstrap tree #819, logLikelihood: -676.596659
[00:00:09] [worker #19] Bootstrap tree #820, logLikelihood: -646.485842
[00:00:09] [worker #13] Bootstrap tree #814, logLikelihood: -721.058667
[00:00:09] [worker #10] Bootstrap tree #811, logLikelihood: -683.933200
[00:00:09] [worker #4] Bootstrap tree #805, logLikelihood: -667.304961
[00:00:09] [worker #14] Bootstrap tree #815, logLikelihood: -720.207351
[00:00:09] [worker #8] Bootstrap tree #[809, logLikelihood: 00:00:09] [worker #15] Bootstrap tree #816, logLikelihood: -705.212904
[00:00:09] [worker #8] Bootstrap tree #[809, logLikelihood: 00:00:09] [worker #15] Bootstrap tree #816, logLikelihood: -705.212904
-697.286542
[00:00:09] [worker #28] Bootstrap tree #829, logLikelihood: -672.223535
[00:00:09] [worker #23] Bootstrap tree #824, logLikelihood: -727.197308
810, logLikelihood: -727.577775
[00:00:09] [worker #25] Bootstrap tree #826, logLikelihood: -736.626060
[00:00:09] [worker #27] Bootstrap tree #828, logLikelihood: -696.210502
[00:00:09] [worker #1] Bootstrap tree #802, logLikelihood: -729.433962
[00:00:09] [worker #17] Bootstrap tree #818, logLikelihood: -686.941462
[00:00:09] [worker #3] Bootstrap tree #804, logLikelihood: -663.429156
[00:00:09] [worker #0] Bootstrap tree #801, logLikelihood: -693.605048
[00:00:10] [worker #29] Bootstrap tree #862, logLikelihood: -696.528058
[00:00:10] [worker #17] Bootstrap tree #850, logLikelihood: -712.622923
00:00:10] [worker #19] Bootstrap tree #852, logLikelihood: -727.384238
[00:00:10] [worker #28] Bootstrap tree #861, logLikelihood: -728.820290
[00:00:10] [worker #13] Bootstrap tree #846, logLikelihood: -693.377428
[00:00:10] [worker #21] Bootstrap tree #854, logLikelihood: -714.261151
[0[:00:10] 0:[worker #7] 0Bootstrap tree #:84010] [worker #24] Bootstrap tree #857, logLikelihood: -716.843197-728.929165
[0[:00:10] 0:[worker #7] 0Bootstrap tree #:84010] [worker #24] Bootstrap tree #857, logLikelihood: -716.843197-728.929165

[00:00:10] [worker #8] Bootstrap tree #841, logLikelihood: -732.358477
[00:00:10] [worker #11] Bootstrap tree #844, logLikelihood: -697.535156
[00:00:10] [worker #12] Bootstrap tree #845, logLikelihood: -687.747319
[00:00:10] [worker #31] Bootstrap tree #864, logLikelihood: -707.808009
[00:00:10] [worker #15] Bootstrap tree #848, logLikelihood: -714.002015
[00:00:10] [worker #5] Bootstrap tree #838, logLikelihood: -766.632561
[00:00:10] [worker #20] Bootstrap tree #853, logLikelihood: -723.709845
[00:00:10] [worker #23] Bootstrap tree #856, logLikelihood: -655.946086
[00[000:10] [worker #9] Bootstrap tree #8420, logLikelihood: :00:10] [worker #4] Bootstrap tree #837, logLikelihood: -714.359402
[00[000:10] [worker #9] Bootstrap tree #8420, logLikelihood: :00:10] [worker #4] Bootstrap tree #837, logLikelihood: -714.359402
-712.508966
[00:00:10] [worker #26] Bootstrap tree #859, logLikelihood: -716.835175
[00:00:10] [worker #22] Bootstrap tree #855, logLikelihood: -683.396336
[00:00:10] [worker #18] Bootstrap tree #851, logLikelihood: -696.927073
[00:00:10] [worker #2] Bootstrap tree #835, logLikelihood: -711.097309
[00:00:10] [worker #16] Bootstrap tree #849, logLikelihood: -715.230040
[00:00:10] [worker #16] Bootstrap tree #849, logLikelihood: -715.230040
[00:00:10] [worker #10] Bootstrap tree #843, logLikelihood: -743.703301
[00:00:10] [worker #30] Bootstrap tree #863, logLikelihood: -671.698211
[00:00:10] [worker #6] Bootstrap tree #839, logLikelihood: -700.667994
[00:00:10] [worker #13] Bootstrap tree #878, logLikelihood: -670.195187
[00:00:10] [worker #28] Bootstrap tree #893, logLikelihood: -737.861396
[00:00:10] [worker #14] Bootstrap tree #847, logLikelihood: -693.628746
[00:00:10] [worker #8] Bootstrap tree #873, logLikelihood: -704.384003
[00:00:10] [worker #29] Bootstrap tree #894, logLikelihood: -706.924613
[00:00:10] [worker #11] Bootstrap tree #876, logLikelihood: -678.191637
[00:00:10] [worker #25] Bootstrap tree #858, logLikelihood: -725.851152
[00:00:10] [worker #19] Bootstrap tree #884, logLikelihood: [-716.995819
00
[00:00:10] [worker #21] Bootstrap tree #886, logLikelihood: -729.596405
[00:00:10] [worker #17] Bootstrap tree #882, logLikelihood: -704.596249
[00:00:10] [worker #3] Bootstrap tree #836, logLikelihood: -704.435261
[00:00:10] [worker #0] Bootstrap tree #833, logLikelihood: -711.019987
[00:00:10] [worker #1] Bootstrap tree #834, logLikelihood: -656.063191
[00:00:10] [worker #7] Bootstrap tree #872, logLikelihood: -733.301821
[00:00:10] [worker #16] Bootstrap tree #881, logLikelihood: -700.221050
[00:00:10] [worker #6] Bootstrap tree #871, logLikelihood: -728.481120
[00:00:10] [worker #24] Bootstrap tree #889, logLikelihood: -746.526602
[00:00:10] [worker #31] Bootstrap tree #896, logLikelihood: -691.083414
[00:00:10] [worker #30] Bootstrap tree #895, logLikelihood: -752.140660
[00:00:10] [worker #2] Bootstrap tree #867, logLikelihood: -690.092332
[00:00:10] [worker #4] Bootstrap tree #869, logLikelihood: -674.379431
[00:00:10] [worker #10] Bootstrap tree #875, logLikelihood: -661.855391
[00:00:10] [worker #18] Bootstrap tree #883, logLikelihood: -683.254497
[00:00:10] [worker #5] Bootstrap tree #870, logLikelihood: -726.779988
[00:00:10] [worker #20] Bootstrap tree #885, logLikelihood: -717.925729
[00:00:10] [worker #22] Bootstrap tree #887, logLikelihood: -695.372114
00:00:10] [worker #23] Bootstrap tree #888, logLikelihood: -672.162421
[00:00:10] [worker #15] Bootstrap tree #880, logLikelihood: -761.028863
[00:00:10] [worker #12] Bootstrap tree #877, logLikelihood: -723.416510
[00:00:10] [worker #9] Bootstrap tree #874, logLikelihood: -679.460377
[00:00:10] [worker #26] Bootstrap tree #891, logLikelihood: -713.493856
[00:00:10] [worker #14] Bootstrap tree #879, logLikelihood: -738.031067
[00:00:10] [worker #25] Bootstrap tree #890, logLikelihood: -699.494334
[00:00:10] [worker #27] Bootstrap tree #892, logLikelihood: -747.771417
[00:00:10] [worker #1] Bootstrap tree #866, logLikelihood: -690.600054
[00:00:10] [worker #3] Bootstrap tree #868, logLikelihood: -687.882425
[00:00:10] [worker #0] Bootstrap tree #865, logLikelihood: -654.440409
[00:00:11] [worker #19] Bootstrap tree #916, logLikelihood: -685.536121
[00:00:11] [worker #20] Bootstrap tree #917, logLikelihood: -681.753520
[00:00:11] [worker #29] Bootstrap tree #926, logLikelihood: -692.722572
-721.104989
[00:00:11] [worker #24] Bootstrap tree #921, logLikelihood: -685.166781
[00:00:11] [worker #27] Bootstrap tree #924, logLikelihood: -706.409780
[00:00:11] [worker #14] Bootstrap tree #911, logLikelihood: -678.409975
[00:00:11] [worker #1] Bootstrap tree #898, logLikelihood: -676.216700
[00:00:11] [worker #22] Bootstrap tree #919, logLikelihood: -685.621656
[00:00:11] [worker #31] Bootstrap tree #928, logLikelihood: -700.646700
[00:00:11] [worker #12] Bootstrap tree #909, logLikelihood: -714.482977
[00:00:11] [worker #7] Bootstrap tree #904, logLikelihood: -722.435664
00:00:11] [worker #30] Bootstrap tree #927, logLikelihood: -715.869463
[00:00:11] [worker #5] Bootstrap tree #902, logLikelihood: -701.471784
00:00:11] [worker #21] Bootstrap tree #918, logLikelihood: -714.174146[
000:11:[00:00:11] [worker #2] Bootstrap tree #899, logLikelihood: -729.231460
-712.50896400
:-712.50896400
:11] [worker #8] Bootstrap tree #905, logLikelihood: -701.303849
[00:00:11] [worker #13] Bootstrap tree #910, logLikelihood: -695.757740
[00:00:11] [worker #18] Bootstrap tree #915, logLikelihood: -705.092209
[00:00:11] [worker #10] Bootstrap tree #907, logLikelihood: -704.947406
[00:00:11] [worker #23] Bootstrap tree #920, logLikelihood: -727.255894
[00:00:11] [worker #6] Bootstrap tree #903, logLikelihood: -724.040712
[00:00:11] [worker #4] Bootstrap tree #901, logLikelihood: -736.461660
[00:00:11] [worker #25] Bootstrap tree #922, logLikelihood: -695.548778
[00:00:11] [worker #3] Bootstrap tree #900, logLikelihood: -713.884948
[00:00:11] [worker #0] Bootstrap tree #897, logLikelihood: -689.730749
[00:00:11] [worker #11] Bootstrap tree #908, logLikelihood: -724.258725
[00:00:11] [worker #9] Bootstrap tree #906, logLikelihood: -689.184090
[00:00:11] [worker #29] Bootstrap tree #958, logLikelihood: -656.285566
[00:00:11] [worker #16] Bootstrap tree #913, logLikelihood: -716.742631
[00:00:11] [worker #15] Bootstrap tree #912, logLikelihood: -697.055733
[00:00:11] [worker #26] Bootstrap tree #955, logLikelihood: -680.553293
[00:00:11] [worker #20] Bootstrap tree #949, logLikelihood: -722.529396
[00:00:11] [worker #17] Bootstrap tree #946, logLikelihood: -678.848164
[00:00:11] [worker #19] Bootstrap tree #948, logLikelihood: -714.831904
[00:00:11] [worker #31] Bootstrap tree #960, logLikelihood: -726.429808
[00:00:11] [worker #22] Bootstrap tree #951, logLikelihood: -720.041416
[00:00:11] [worker #28] Bootstrap tree #957, logLikelihood: [
-714.507837
[00:00:11] [worker #14] Bootstrap tree #943, logLikelihood: -701.996090
[00:00:11] [worker #1] Bootstrap tree #930, logLikelihood: -735.537044
[00:00:11] [worker #12] Bootstrap tree #941, logLikelihood: -679.910365
[00:00:11] [worker #27] Bootstrap tree #956, logLikelihood: -683.601098
[00:00:11] [worker #7] Bootstrap tree #936, logLikelihood: -657.960986[
-687.240241
[00:00:11] [worker #18] Bootstrap tree #947, logLikelihood: -721.507953
[00:00:11] [worker #23] Bootstrap tree #952, logLikelihood: -697.157563
[00:00:11] [worker #10] Bootstrap tree #939, logLikelihood: [00:00:11] [worker #21] 
[00:00:11] [worker #10] Bootstrap tree #939, logLikelihood: [00:00:11] [worker #21] 
Bootstrap tree #950, logLikelihood: -711.671436
[00:00:11] [worker #30] Bootstrap tree #959, logLikelihood: -717.693132
[00:00:11] [worker #2] Bootstrap tree #931, logLikelihood: -735.924471
[00:00:11] [worker #8] Bootstrap tree #937, logLikelihood: -676.661629
[00:00:11] [worker #5] Bootstrap tree #934, logLikelihood: -697.642508
[00:00:11] [worker #16] Bootstrap tree #945, logLikelihood: -700.476882
[00:00:11] [worker #6] Bootstrap tree #935, logLikelihood: -707.128289
[00:00:11] [worker #9] Bootstrap tree #938, logLikelihood: -671.733349
[00:00:11] [worker #4] Bootstrap tree #933, logLikelihood: -682.897955
[00:00:11] [worker #11] Bootstrap tree #940, logLikelihood: -682.706970
[00:00:11] [worker #3] Bootstrap tree #932, logLikelihood: -692.807753
[00:00:11] [worker #25] Bootstrap tree #954, logLikelihood: -709.569419
[00:00:11] [worker #15] Bootstrap tree #944, logLikelihood: -697.622567
[00:00:11] [worker #0] Bootstrap tree #929, logLikelihood: -694.794466
[00:00:12] [worker #26] Bootstrap tree #987, logLikelihood: -724.179134
[00:00:12] [worker #28] Bootstrap tree #989, logLikelihood: -694.741857
[00:00:12] [worker #15] Bootstrap tree #976, logLikelihood: -725.151924
00:00:12] [worker #17] Bootstrap tree #978, logLikelihood: -705.729719
[00:00:12] [worker #24] Bootstrap tree #985, logLikelihood: -715.207676
[00:00:12] [worker #11] Bootstrap tree #972, logLikelihood: -709.606001
[00:00:12] [worker #16] Bootstrap tree #977, logLikelihood: -701.665198
[00:00:12] [worker #2] Bootstrap tree #963, logLikelihood: [00:735.422531o00:12] 
[worker #30] [00:00:12] [worker #2] Bootstrap tree #963, logLikelihood: [00:735.422531o00:12] 
[worker #30] Bootstrap tree #991, logLikelihood: -699.862506
[00:00:12] [worker #3] Bootstrap tree #964, logLikelihood: -665.871066
[00:00:12] [worker #22] Bootstrap tree #983, logLikelihood: -686.726308
[00:00:12] [worker #29] Bootstrap tree #990, logLikelihood: -668.834626
[00:00:12] [worker #23] Bootstrap tree #984, logLikelihood: -727.304656
[00:00:12] [worker #9] Bootstrap tree #970, logLikelihood: -747.826250
[00:00:12] [worker #8] Bootstrap tree #969, logLikelihood: -687.287137
:00:12] [worker #7] Bootstrap tree #968, logLikelihood: -738.698512
[00:00:12] [worker #18] Bootstrap tree #979, logLikelihood: -712.508966
[00:00:12] [worker #19] Bootstrap tree #980, logLikelihood: -709.441442
[00:00:12] [worker #14] Bootstrap tree #975, logLikelihood: -700.163430
[00:00:12] [worker #12] Bootstrap tree #973, logLikelihood: -754.100966
[00:00:12] [worker #10] Bootstrap tree #971, logLikelihood: -762.706040
[00:00:12] [worker #31] Bootstrap tree #992, logLikelihood: -712.508966
[00:00:12] [worker #20] Bootstrap tree #981, logLikelihood: -699.815388
[00:00:12] [worker #21] Bootstrap tree #982, logLikelihood: -727.187883
[00:00:12] [worker #5] Bootstrap tree #966, logLikelihood: -706.745256
[00:00:12] [worker #6] Bootstrap tree #967, logLikelihood: -711.430700
[00:00:12] [worker #1] Bootstrap tree #962, logLikelihood: -666.155075
[00:00:12] [worker #25] Bootstrap tree #986, logLikelihood: -693.480450
[00:00:12] [worker #0] Bootstrap tree #961, logLikelihood: -683.697112
[00:00:12] [worker #4] Bootstrap tree #965, logLikelihood: -728.047375
[00:00:12] [worker #27] Bootstrap tree #988, logLikelihood: -685.898862
[00:00:12] [worker #13] Bootstrap tree #974, logLikelihood: -711.941036
[00:00:12] [worker #3] Bootstrap tree #996, logLikelihood: -669.401008
[00:00:12] [worker #2] Bootstrap tree #995, logLikelihood: -686.495894
[00:00:12] [worker #7] Bootstrap tree #1000, logLikelihood: -715.669726
[00:00:12] [worker #6] Bootstrap tree #999, logLikelihood: -711.373430
[00:00:12] [worker #5] Bootstrap tree #998, logLikelihood: -731.602063
[00:00:12] [worker #4] Bootstrap tree #997, logLikelihood: -712.959907
[00:00:12] [worker #1] Bootstrap tree #994, logLikelihood: -700.639946
[00:00:12] [worker #0] Bootstrap tree #993, logLikelihood: -704.592032

Optimized model parameters:

   Partition 0: noname
   Rate heterogeneity: GAMMA (4 cats, mean),  alpha: 99.846173 (ML),  weights&rates: (0.250000,0.875813) (0.250000,0.964710) (0.250000,1.029570) (0.250000,1.129908) 
   Base frequencies (ML): 0.359751 0.134451 0.106378 0.399420 
   Substitution rates (ML): 1.750030 3.341011 0.289045 0.001000 2.356308 1.000000 


Final LogLikelihood: -712.508961

AIC score: 1493.017922 / AICc score: 1497.955682 / BIC score: 1637.451380
Free parameters (model + branch lengths): 34

WARNING: Best ML tree contains 7 near-zero branches!

Best ML tree with collapsed near-zero branches saved to: /mnt/lustre/RDS-live/downing/LSDV/GTPV_SPPV/results_GTPV/LSDV005.raxml.bestTreeCollapsed
Best ML tree saved to: /mnt/lustre/RDS-live/downing/LSDV/GTPV_SPPV/results_GTPV/LSDV005.raxml.bestTree
All ML trees saved to: /mnt/lustre/RDS-live/downing/LSDV/GTPV_SPPV/results_GTPV/LSDV005.raxml.mlTrees
Best ML tree with Felsenstein bootstrap (FBP) support values saved to: /mnt/lustre/RDS-live/downing/LSDV/GTPV_SPPV/results_GTPV/LSDV005.raxml.supportFBP
Best ML tree with Transfer bootstrap (TBE) support values saved to: /mnt/lustre/RDS-live/downing/LSDV/GTPV_SPPV/results_GTPV/LSDV005.raxml.supportTBE
Optimized model saved to: /mnt/lustre/RDS-live/downing/LSDV/GTPV_SPPV/results_GTPV/LSDV005.raxml.bestModel
Bootstrap trees saved to: /mnt/lustre/RDS-live/downing/LSDV/GTPV_SPPV/results_GTPV/LSDV005.raxml.bootstraps

Execution log saved to: /mnt/lustre/RDS-live/downing/LSDV/GTPV_SPPV/results_GTPV/LSDV005.raxml.log

Analysis started: 24-Nov-2025 13:58:39 / finished: 24-Nov-2025 13:58:53

Elapsed time: 13.989 seconds

