
RAxML-NG v. 1.2.2 released on 11.04.2024 by The Exelixis Lab.
Developed by: Alexey M. Kozlov and Alexandros Stamatakis.
Contributors: Diego Darriba, Tomas Flouri, Benoit Morel, Sarah Lutteropp, Ben Bettisworth, Julia Haag, Anastasis Togkousidis.
Latest version: https://github.com/amkozlov/raxml-ng
Questions/problems/suggestions? Please visit: https://groups.google.com/forum/#!forum/raxml

System: AMD EPYC 7543P 32-Core Processor, 32 cores, 995 GB RAM

RAxML-NG was called at 24-Nov-2025 14:57:28 as follows:

raxml-ng --all --msa region_LSDV092.aln --model GTR+G --prefix LSDV092 --seed 123 --bs-metric fbp,tbe --redo

Analysis options:
  run mode: ML tree search + bootstrapping (Felsenstein Bootstrap + Transfer Bootstrap)
  start tree(s): random (10) + parsimony (10)
  bootstrap replicates: parsimony (max: 1000) + bootstopping (autoMRE, cutoff: 0.030000)
  random seed: 123
  tip-inner: OFF
  pattern compression: ON
  per-rate scalers: OFF
  site repeats: ON
  logLH epsilon: general: 10.000000, brlen-triplet: 1000.000000
  fast spr radius: AUTO
  spr subtree cutoff: 1.000000
  fast CLV updates: ON
  branch lengths: proportional (ML estimate, algorithm: NR-FAST)
  SIMD kernels: AVX2
  parallelization: coarse-grained (auto), PTHREADS (auto)

WARNING: Running in REDO mode: existing checkpoints are ignored, and all result files will be overwritten!

[00:00:00] Reading alignment from file: region_LSDV092.aln
[00:00:00] Loaded alignment with 14 taxa and 684 sites

WARNING: Sequences PV167794.1 and MW020570.1 are exactly identical!
WARNING: Sequences PV167794.1 and MN072621.1 are exactly identical!
WARNING: Sequences PV167794.1 and MN072620.1 are exactly identical!
WARNING: Sequences PV167794.1 and MH381810.1 are exactly identical!
WARNING: Sequences PV167794.1 and KC951854.1 are exactly identical!
WARNING: Sequences NC_004003.1 and MN072622.1 are exactly identical!
WARNING: Sequences NC_004003.1 and KX576657.1 are exactly identical!
WARNING: Sequences NC_004003.1 and AY077836.1 are exactly identical!
WARNING: Sequences NC_004003.1 and AY077835.1 are exactly identical!
WARNING: Sequences MN072625.1 and MN072623.1 are exactly identical!
WARNING: Duplicate sequences found: 10

NOTE: Reduced alignment (with duplicates and gap-only sites/taxa removed) 
NOTE: was saved to: /mnt/lustre/RDS-live/downing/LSDV/GTPV_SPPV/results_GTPV/LSDV092.raxml.reduced.phy

Alignment comprises 1 partitions and 13 patterns

Partition 0: noname
Model: GTR+FO+G4m
Alignment sites / patterns: 684 / 13
Gaps: 0.00 %
Invariant sites: 98.68 %


NOTE: Binary MSA file created: LSDV092.raxml.rba

Parallelization scheme autoconfig: 32 worker(s) x 1 thread(s)

[00:00:00] Generating 10 random starting tree(s) with 14 taxa
[00:00:00] Generating 10 parsimony starting tree(s) with 14 taxa
Parallel parsimony with 32 threads
Parallel reduction/worker buffer size: 1 KB  / 0 KB

[00:00:00] Data distribution: max. partitions/sites/weight per thread: 1 / 13 / 208
[00:00:00] Data distribution: max. searches per worker: 33

Starting ML tree search with 20 distinct starting trees

[00:00:00] [worker #18] ML tree search #19, logLikelihood: -930.870296
[00:00:00] [worker #19] ML tree search #20, logLikelihood: -930.870296
[00:00:00] [worker #6] ML tree search #7, logLikelihood: -930.870285
[00:00:00] [worker #15] ML tree search #16, logLikelihood: -930.870296
[00:00:00] [worker #17] ML tree search #18, logLikelihood: -930.870296
[00:00:00] [worker #0] ML tree search #1, logLikelihood: -930.870301
[00:00:00] [worker #12] ML tree search #13, logLikelihood: -930.870296
[00:00:00] [worker #7] ML tree search #8, logLikelihood: -930.870294
[00:00:00] [worker #16] ML tree search #17, logLikelihood: -930.870296
[00:00:00] [worker #11] ML tree search #12, logLikelihood: -930.870296
[00:00:00] [worker #10] ML tree search #11, logLikelihood: -930.870287
[00:00:00] [worker #1] ML tree search #2, logLikelihood: -930.870285
[00:00:00] [worker #14] ML tree search #15, logLikelihood: -930.870296
[00:00:00] [worker #8] ML tree search #9, logLikelihood: -930.870309
[00:00:00] [worker #13] ML tree search #14, logLikelihood: -930.870296
[00:00:01] [worker #5] ML tree search #6, logLikelihood: -930.870291
[00:00:01] [worker #2] ML tree search #3, logLikelihood: -930.870294
[00:00:01] [worker #3] ML tree search #4, logLikelihood: -930.870285
[00:00:01] [worker #4] ML tree search #5, logLikelihood: -930.870285
[00:00:01] [worker #9] ML tree search #10, logLikelihood: -930.870301

[00:00:01] ML tree search completed, best tree logLH: -930.870285

[00:00:01] Starting bootstrapping analysis with 1000 replicates.

[00:00:01] [worker #1] Bootstrap tree #2, logLikelihood: -950.506111
[00:00:01] [worker #4] Bootstrap tree #5, logLikelihood: -923.904688
00[:00:01] [worker #15] Bootstrap tree #16, logLikelihood: -921.581894
-944.639100
[00:00:01] [worker #14] Bootstrap tree #15, logLikelihood: -899.849059
[00:00:01] [worker #10] Bootstrap tree #11, logLikelihood: -905.423374
[00:00:01] [worker #24] Bootstrap tree #25, logLikelihood: -923.660443
[00:00:01] [worker #29] Bootstrap tree #30, logLikelihood: -945.555003
[00:00:01] [worker #16] Bootstrap tree #17, logLikelihood: -911.024285
[00:00:01] [worker #31] Bootstrap tree #32, logLikelihood: -961.716531
[00:00:01] [worker #25] Bootstrap tree #26, logLikelihood: -930.870296
[00:00:01] [worker #9] Bootstrap tree #10, logLikelihood: -933.545474
[00:00:01] [worker #28] Bootstrap tree #29, logLikelihood: -943.607623
[00:00:01] [worker #30] Bootstrap tree #31, logLikelihood: -916.142676
[00:00:01] [worker #18] Bootstrap tree #19, logLikelihood: -903.867849
[00:00:01] [worker #7] Bootstrap tree #8, logLikelihood: -915.506486
[00:00:01] [worker #21] Bootstrap tree #22, logLikelihood: -916.173971
[00:00:01] [worker #22] Bootstrap tree #23, logLikelihood: -951.865989
[[[00:00:01] [worker #5] Bootstrap tree #6, logLikelihood: -895.6675310:
00
:01] [worker #23] Bootstrap tree #24, logLikelihood: -940.793777
[00:00:01] [worker #27] Bootstrap tree #28, logLikelihood: -933.496986
[00:00:01] [worker #26] Bootstrap tree #27, logLikelihood: -953.467441
[00:00:01] [worker #13] Bootstrap tree #14, logLikelihood: -952.106776
[00:00:01] [worker #12] Bootstrap tree #13, logLikelihood: -936.787257
[00:00:01] [worker #11] Bootstrap tree #12, logLikelihood: -954.547396
[00:00:01] [worker #19] Bootstrap tree #20, logLikelihood: -939.457982
[00:00:01] [worker #0] Bootstrap tree #1, logLikelihood: -962.367072
[00:00:01] [worker #8] Bootstrap tree #9, logLikelihood: -897.382517
[00:00:01] [worker #17] Bootstrap tree #18, logLikelihood: -980.870470
[00:00:01] [worker #20] Bootstrap tree #21, logLikelihood: -929.274665
[00:00:01] [worker #6] Bootstrap tree #39, logLikelihood: -935.145007
[00:00:01] [worker #3] Bootstrap tree #4, logLikelihood: -922.866909
[00:00:01] [worker #7] Bootstrap tree #40, logLikelihood: -909.011726
[00:00:01] [worker #24] Bootstrap tree #57, logLikelihood: -948.921406
[00:00:01] [worker #4] Bootstrap tree #37, logLikelihood: -919.836566
[00:00:01] [worker #1] Bootstrap tree #34, logLikelihood: -940.131157
[00:00:01] [worker #14] Bootstrap tree #47, logLikelihood: -901.405075
[00:00:01] [worker #16] Bootstrap tree #49, logLikelihood: -934.081299
[00:00:01] [worker #11] Bootstrap tree #44, logLikelihood: -917.894197
[00:00:01] [worker #10] Bootstrap tree #43, logLikelihood: -924.954534
[00:00:01] [worker #30] Bootstrap tree #63, logLikelihood: -908.409924
[00:00:01] [worker #26] Bootstrap tree #59, logLikelihood: -942.250995
[00:00:01] [worker #15] Bootstrap tree #48, logLikelihood: -904.610671
[00:00:01] [worker #25] Bootstrap tree #58, logLikelihood: -908.934730
[00:00:01] [worker #18] Bootstrap tree #51, logLikelihood: -944.976078
[00:00:01] [worker #9] Bootstrap tree #42, logLikelihood: -913.991843
[worker #27] Bootstrap tree #60, logLikelihood: -930.870296
[00:00:01] [worker #23] Bootstrap tree #56, logLikelihood: -910.093696
[00:00:01] [worker #21] Bootstrap tree #54, logLikelihood: -920.826318
[00:00:01] [worker #5] Bootstrap tree #38, logLikelihood: -908.346526
00[:00:01] [worker #29] Bootstrap tree #62, logLikelihood: -924.023967
00:00:01] [worker #13] Bootstrap tree #46, logLikelihood: -937.071885
[00:00:01] [worker #2] Bootstrap tree #35, logLikelihood: -942.978787
[00:00:01] [worker #28] Bootstrap tree #61, logLikelihood: -904.049533
[00:00:01] [worker #31] Bootstrap tree #64, logLikelihood: -958.858252
[00:00:01] [worker #17] Bootstrap tree #50, logLikelihood: -902.688179
[00:00:01] [worker #12] Bootstrap tree #45, logLikelihood: -930.897181
[00:00:01] [worker #8] Bootstrap tree #41, logLikelihood: -916.589396
[00:00:01] [worker #22] Bootstrap tree #55, logLikelihood: -929.898807
[00:00:01] [worker #3] Bootstrap tree #36, logLikelihood: -945.276459
[00:00:01] [worker #0] Bootstrap tree #33, logLikelihood: -933.897155
[00:00:01] [worker #20] Bootstrap tree #53, logLikelihood: -900.652756
[00:00:02] [worker #19] Bootstrap tree #52, logLikelihood: -912.647254
[00:00:02] [worker #29] Bootstrap tree #94, logLikelihood: -923.344697
[00:00:02] [worker #20] Bootstrap tree #85, logLikelihood: -900.089062
[00:00:02] [worker #8] Bootstrap tree #73, logLikelihood: -940.399568
[00:00:02] [worker #4] Bootstrap tree #69, logLikelihood: -940.368169
[00:00:02] [worker #2] Bootstrap tree #67, logLikelihood: -916.100978
[00:00:02] [worker #30] Bootstrap tree #95, logLikelihood: -950.521621
[00:00:02] [worker #11] Bootstrap tree #76, logLikelihood: -922.894786
[00:00:02] [worker #14] Bootstrap tree #79, logLikelihood: -930.870287
[00:00:02] [worker #31] Bootstrap tree #96, logLikelihood: -939.656712
[00:00:02] [worker #26] Bootstrap tree #91, logLikelihood: -953.918691
[00:00:02] [worker #25] Bootstrap tree #90, logLikelihood: -901.597634
[00:00:02] [worker #24] Bootstrap tree #89, logLikelihood: -927.974070
[00:00:02] [worker #1] Bootstrap tree #66, logLikelihood: -962.016078
[00:00:02] [worker #15] Bootstrap tree #80, logLikelihood: -906.544658
[00:00:02] [worker #3] Bootstrap tree #68, logLikelihood: -926.714417
[00:00:02] [worker #28] Bootstrap tree #93, logLikelihood: -919.614518
[00:00:02] [worker #12] Bootstrap tree #77, logLikelihood: -913.430429
[00:00:02] [worker #9] Bootstrap tree #74, logLikelihood: -916.833685
[00:00:02] [worker #17] Bootstrap tree #82, logLikelihood: -940.245694
[00:00:02] [worker #19] Bootstrap tree #84, logLikelihood: -923.794972
[00:00:02] [worker #5] Bootstrap tree #70, logLikelihood: -923.593647
[00:00:02] [worker #6] Bootstrap tree #71, logLikelihood: -939.861056
[00:00:02] [worker #0] Bootstrap tree #65, logLikelihood: -896.327302
[00:00:02] [worker #22] Bootstrap tree #87, logLikelihood: -929.385951
[00:00:02] [worker #16] Bootstrap tree #81, logLikelihood: -904.737303
[00:00:02] [worker #21] Bootstrap tree #86, logLikelihood: -931.710811
[00:00:02] [worker #13] Bootstrap tree #78, logLikelihood: -969.479745
[00:00:02] [worker #29] Bootstrap tree #126, logLikelihood: -914.888623
[00:00:02] [worker #8] Bootstrap tree #105, logLikelihood: -897.279741
[00:00:02] [worker #27] Bootstrap tree #92, logLikelihood: -930.218085
[00:00:02] [worker #14] Bootstrap tree #111, logLikelihood: -889.541448
[00:00:02] [worker #10] Bootstrap tree #75, logLikelihood: -907.335180
[00:00:02] [worker #23] Bootstrap tree #88, logLikelihood: -901.648276
[00:00:02] [worker #2] Bootstrap tree #99, logLikelihood: -917.869920
[00:00:02] [worker #7] Bootstrap tree #72, logLikelihood: -920.702693
[00:00:02] [worker #18] Bootstrap tree #83, logLikelihood: -932.514136
[00:00:02] [worker #30] Bootstrap tree #127, logLikelihood: -940.190769
[00:00:02] [worker #26] Bootstrap tree #123, logLikelihood: -945.975143
[00:00:02] [worker #4] Bootstrap tree #101, logLikelihood: -942.212635
[00:00:02] [worker #3] Bootstrap tree #100, logLikelihood: -930.491663
[00:00:02] [worker #31] Bootstrap tree #128, logLikelihood: -943.695950
[00:00:02] [worker #25] Bootstrap tree #122, logLikelihood: -916.480291
[00:00:02] [worker #1] Bootstrap tree #98, logLikelihood: -931.298421
[00:00:02] [worker #20] Bootstrap tree #117, logLikelihood: -914.199592
[00:00:02] [worker #15] Bootstrap tree #112, logLikelihood: -950.507121
[00:00:02] [worker #11] Bootstrap tree #108, logLikelihood: -923.718395
[00:00:02] [worker #22] Bootstrap tree #119, logLikelihood: -932.825024
[00:00:02] [worker #19] Bootstrap tree #116, logLikelihood: -938.408913
[00:00:02] [worker #21] Bootstrap tree #118, logLikelihood: -943.278974
[00:00:02] [worker #24] Bootstrap tree #121, logLikelihood: -917.238333
[00:00:02] [worker #16] Bootstrap tree #113, logLikelihood: -932.064729
[00:00:02] [worker #12] Bootstrap tree #109, logLikelihood: -920.127115
[00:00:02] [worker #27] Bootstrap tree #124, logLikelihood: -967.918380
[00:00:02] [worker #5] Bootstrap tree #102, logLikelihood: -945.969855
[00:00:02] [worker #6] Bootstrap tree #103, logLikelihood: -914.081234
[00:00:02] [worker #6] Bootstrap tree #103, logLikelihood: -914.081234
[00:00:02] [worker #13] Bootstrap tree #110, logLikelihood: -889.517881
[00:00:02] [worker #9] Bootstrap tree #106, logLikelihood: -916.911598
[00:00:02] [worker #28] Bootstrap tree #125, logLikelihood: -925.093339
[00:00:02] [worker #10] Bootstrap tree #107, logLikelihood: -942.978762
[00:00:02] [worker #7] Bootstrap tree #104, logLikelihood: -937.458297
[00:00:02] [worker #17] Bootstrap tree #114, logLikelihood: -906.344698
[00:00:02] [worker #23] Bootstrap tree #120, logLikelihood: -928.026642
[00:00:02] [worker #18] Bootstrap tree #115, logLikelihood: -928.670787
[00:00:02] [worker #0] Bootstrap tree #97, logLikelihood: -920.559524
[00:00:03] [worker #25] Bootstrap tree #154, logLikelihood: -920.410319
[00:00:03] [worker #16] Bootstrap tree #145, logLikelihood: -923.906350
[00:00:03] [worker #9] Bootstrap tree #138, logLikelihood: -919.563029
[00:00:03] [worker #19] Bootstrap tree #148, logLikelihood: -896.868856
[00:00:03] [worker #22] Bootstrap tree #151, logLikelihood: -967.216629
[00:00:03] [worker #4] Bootstrap tree #133, logLikelihood: -907.846204
[00:00:03] [worker #10] Bootstrap tree #139, logLikelihood: -941.279579
[00:00:03] [worker #5] Bootstrap tree #134, logLikelihood: -913.183695
[00:00:03] [worker #29] Bootstrap tree #158, logLikelihood: -960.504459
[00:00:03] [worker #3] Bootstrap tree #132, logLikelihood: -940.848326
[00:00:03] [worker #31] Bootstrap tree #160, logLikelihood: -955.262115
[00:00:03] [worker #7] Bootstrap tree #136, logLikelihood: -947.917481
[00:00:03] [worker #12] Bootstrap tree #141, logLikelihood: -917.178241
[00:00:03] [worker #23] Bootstrap tree #152, logLikelihood: -999.499428
[00:00:03] [worker #14] Bootstrap tree #143, logLikelihood: -896.512078
[00:00:03] [worker #8] Bootstrap tree #137, logLikelihood: -900.396673
[00:00:03] [worker #26] Bootstrap tree #155, logLikelihood: -927.933896
[00:00:03] [worker #13] Bootstrap tree #142, logLikelihood: -898.637050
[00:00:03] [worker #27] Bootstrap tree #156, logLikelihood: -920.432497
[00:00:03] [worker #6] Bootstrap tree #135, logLikelihood: -931.131905
[00:00:03] [worker #11] Bootstrap tree #140, logLikelihood: -939.082252
[00:00:03] [worker #1] Bootstrap tree #130, logLikelihood: -967.445000
[00:00:03] [worker #28] Bootstrap tree #157, logLikelihood: -920.158301
[00:00:03] [worker #30] Bootstrap tree #159, logLikelihood: -892.567676
[00:00:03] [worker #20] Bootstrap tree #149, logLikelihood: -946.147172
[00:00:03] [worker #24] Bootstrap tree #153, logLikelihood: -914.785782
[00:00:03] [worker #15] Bootstrap tree #144, logLikelihood: -932.033303
[00:00:03] [worker #2] Bootstrap tree #131, logLikelihood: -921.861478
[00:00:03] [worker #0] Bootstrap tree #129, logLikelihood: -957.079170
[00:00:03] [worker #17] Bootstrap tree #146, logLikelihood: -903.844645
[00:00:03] [worker #25] Bootstrap tree #186, logLikelihood: -903.626943
[00:00:03] [worker #9] Bootstrap tree #170, logLikelihood: -919.938339
[00:00:03] [worker #16] Bootstrap tree #177, logLikelihood: -963.427911
[00:00:03] [worker #18] Bootstrap tree #147, logLikelihood: -955.591648
[00:00:03] [worker #19] Bootstrap tree #180, logLikelihood: -945.354252
[00:00:03] [worker #21] Bootstrap tree #150, logLikelihood: -921.497594
[00:00:03] [worker #4] Bootstrap tree #165, logLikelihood: -925.007578
[00:00:03] [worker #22] Bootstrap tree #183, logLikelihood: -913.918664
[00:00:03] [worker #13] Bootstrap tree #174, logLikelihood: -923.462829
[00:00:03] [worker #5] Bootstrap tree #166, logLikelihood: -933.252022
[00:00:03] [worker #31] Bootstrap tree #192, logLikelihood: -950.142379
[00:00:03] [worker #14] Bootstrap tree #175, logLikelihood: -921.584725
[00:00:03] [worker #29] Bootstrap tree #190, logLikelihood: -951.713366
[00:00:03] [worker #23] Bootstrap tree #184, logLikelihood: -960.911951
[00:00:03] [worker #12] Bootstrap tree #173, logLikelihood: -902.684060
[00:00:04] [worker #26] Bootstrap tree #187, logLikelihood: -903.332979
[00:00:04] [worker #11] Bootstrap tree #172, logLikelihood: -948.410120
[00:00:04] [worker #27] Bootstrap tree #188, logLikelihood: -926.555123
[00:00:04] [worker #10] Bootstrap tree #171, logLikelihood: -935.591231
[00:00:04] [worker #24] Bootstrap tree #185, logLikelihood: -884.382737
[[[00:00:04] [worker #6] Bootstrap tree #167, logLikelihood: -916.392175
00:00:04] [worker #2] Bootstrap tree #163, logLikelihood: -953.548143
00:00:04] [worker #20] Bootstrap tree #181, logLikelihood: -945.711129
[00:00:04] [worker #8] Bootstrap tree #169, logLikelihood: -893.989430
[00:00:04] [worker #3] Bootstrap tree #164, logLikelihood: -935.903949
[00:00:04] [worker #30] Bootstrap tree #191, logLikelihood: -935.310714
[00:00:04] [worker #28] Bootstrap tree #189, logLikelihood: -968.428278
[00:00:04] [worker #1] Bootstrap tree #162, logLikelihood: -921.547699
[00:00:04] [worker #15] Bootstrap tree #176, logLikelihood: -909.207348
[00:00:04] [worker #21] Bootstrap tree #182, logLikelihood: -931.520207
[00:00:04] [worker #7] Bootstrap tree #168, logLikelihood: -930.256808
[00:00:04] [worker #17] Bootstrap tree #178, logLikelihood: -930.870287
00:04] [worker #18] Bootstrap tree #179, logLikelihood: -929.442401
[00:00:04] [worker #0] Bootstrap tree #161, logLikelihood: -906.236514
[00:00:05] [worker #26] Bootstrap tree #219, logLikelihood: -934.006969
[00:00:05] [worker #3] Bootstrap tree #196, logLikelihood: -918.711459
[00:00:05] [worker #10] Bootstrap tree #203, logLikelihood: -920.232513
[00:00:05] [worker #19] Bootstrap tree #212, logLikelihood: -920.383473
[00:00:05] [worker #9] Bootstrap tree #202, logLikelihood: -907.022298
[worker #8] Bootstrap tree #201, logLikelihood: -933.231456
[00:00:05] [worker #31] Bootstrap tree #224, logLikelihood: -935.339576
[00:00:05] [worker #7] Bootstrap tree #200, logLikelihood: -904.773141
[00:00:05] [worker #21] Bootstrap tree #214, logLikelihood: -938.532045
-921.635251
[00:00:05] [worker #6] Bootstrap tree #199, logLikelihood: -908.289462
[00:00:05] [worker #4] Bootstrap tree #197, logLikelihood: -904.817124
[00:00:05] [worker #14] Bootstrap tree #207, logLikelihood: -915.334256
[00:00:05] [worker #22] Bootstrap tree #215, logLikelihood: -918.629278
[00:00:05] [worker #2] Bootstrap tree #195, logLikelihood: -939.110684
[00:00:05] [worker #16] Bootstrap tree #209, logLikelihood: -941.955917
[00:00:05] [worker #15] Bootstrap tree #208, logLikelihood: -939.753895
[00:00:05] [worker #11] Bootstrap tree #204, logLikelihood: -898.161076
[00:00:05] [worker #25] Bootstrap tree #218, logLikelihood: -910.768904
[00:00:05] [worker #24] Bootstrap tree #217, logLikelihood: -950.926855
[00:00:05] [worker #18] Bootstrap tree #211, logLikelihood: -887.735398
[00:00:05] [worker #17] Bootstrap tree #210, logLikelihood: -912.390595
[00:00:05] [worker #20] Bootstrap tree #213, logLikelihood: -905.927142
[00:00:05] [worker #13] Bootstrap tree #206, logLikelihood: -932.824965
[00:00:05] [worker #27] Bootstrap tree #220, logLikelihood: -909.851935
[00:00:05] [worker #1] Bootstrap tree #194, logLikelihood: -933.267090
[00:00:05] [worker #29] Bootstrap tree #222, logLikelihood: -919.866999
[00:00:05] [worker #5] Bootstrap tree #198, logLikelihood: -943.103735
[00:00:05] [worker #30] Bootstrap tree #223, logLikelihood: -930.870296
[00:00:05] [worker #28] Bootstrap tree #221, logLikelihood: -917.544572
[00:00:05] [worker #0] Bootstrap tree #193, logLikelihood: -891.000425
[00:00:05] [worker #12] Bootstrap tree #205, logLikelihood: -947.760560
[00:00:05] [worker #7] Bootstrap tree #232, logLikelihood: -921.672869
[00:00:05] [worker #7] Bootstrap tree #232, logLikelihood: -921.672869
[00:00:05] [worker #10] Bootstrap tree #235, logLikelihood: -902.904699
[00:00:05] [worker #31] Bootstrap tree #256, logLikelihood: -964.508044
[00:00:05] [worker #19] Bootstrap tree #244, logLikelihood: -909.967343
[00:00:05] [worker #26] Bootstrap tree #251, logLikelihood: -923.536957
[00:00:05] [worker #21] Bootstrap tree #246, logLikelihood: -916.024925
[00:00:05] [worker #4] Bootstrap tree #229, logLikelihood: -952.241951
[00:00:05] [worker #8] Bootstrap tree #233, logLikelihood: -930.389088
[[00:00:05] [worker #9] Bootstrap tree #234, logLikelihood: -928.301681
-935.546981
[00:00:05] [worker #14] Bootstrap tree #239, logLikelihood: -919.578566
[00:00:05] [worker #11] Bootstrap tree #236, logLikelihood: -927.219681
[00:00:05] [worker #20] Bootstrap tree #245, logLikelihood: -929.865848
[00:00:05] [worker #17] Bootstrap tree #242, logLikelihood: -891.945797
[00:00:05] [worker #22] Bootstrap tree #247, logLikelihood: -932.626103
[00:00:05] [worker #1] Bootstrap tree #226, logLikelihood: -900.764541
[00:00:05] [worker #15] Bootstrap tree #240, logLikelihood: -898.915004
[00:00:05] [worker #27] Bootstrap tree #252, logLikelihood: [-947.723751
-969.667415
[00:00:05] [worker #28] Bootstrap tree #253, logLikelihood: -901.728661
[00:00:05] [worker #25] Bootstrap tree #250, logLikelihood: -918.955000
[00:00:05] [worker #16] Bootstrap tree #241, logLikelihood: -930.662938
[00:00:05] [worker #24] Bootstrap tree #249, logLikelihood: -927.120860
[00:00:05] [worker #2] Bootstrap tree #227, logLikelihood: -938.366620
[00:00:05] [worker #18] Bootstrap tree #243, logLikelihood: -955.502784
[00:00:05] [worker #30] Bootstrap tree #255, logLikelihood: -913.409177
[00:00:05] [worker #5] Bootstrap tree #230, logLikelihood: -936.916576
[00:00:05] [worker #6] Bootstrap tree #231, logLikelihood: -901.497898
[00:00:05] [worker #29] Bootstrap tree #254, logLikelihood: -906.355448
[00:00:05] [worker #13] Bootstrap tree #238, logLikelihood: -937.711722
[00:00:05] [worker #0] Bootstrap tree #225, logLikelihood: -953.438660
[00:00:05] [worker #12] Bootstrap tree #237, logLikelihood: -917.898807
[00:00:06] [worker #24] Bootstrap tree #281, logLikelihood: -908.450909
[00:00:06] [worker #7] Bootstrap tree #264, logLikelihood: -909.716255
[00:00:06] [worker #31] Bootstrap tree #288, logLikelihood: -898.302855
[00:00:06] [worker #1] Bootstrap tree #258, logLikelihood: -924.373805
[00:00:06] [worker #20] Bootstrap tree #277, logLikelihood: -958.694216
[00:00:06] [worker #8] Bootstrap tree #265, logLikelihood: -928.412335
[00:00:06] [worker #17] Bootstrap tree #274, logLikelihood: -934.336547
[00:00:06] [worker #3] Bootstrap tree #260, logLikelihood: -945.378826
[00:00:06] [worker #12] Bootstrap tree #269, logLikelihood: -917.424308
[00:00:06] [worker #21] Bootstrap tree #278, logLikelihood: -905.360844
[00:00:06] [worker #15] Bootstrap tree #272, logLikelihood: -933.209841
[00:00:06] [worker #25] Bootstrap tree #282, logLikelihood: -947.536292
[00:00:06] [worker #4] Bootstrap tree #261, logLikelihood: -911.479584
[00:00:06] [worker #27] Bootstrap tree #284, logLikelihood: -930.870296
[00:00:06] [worker #27] Bootstrap tree #284, logLikelihood: -930.870296
[00:00:06] [worker #5] Bootstrap tree #262, logLikelihood: -937.315502[00:00:06] [worker #30] Bootstrap tree #287, logLikelihood: 
[00:00:06] [worker #27] Bootstrap tree #284, logLikelihood: -930.870296
[00:00:06] [worker #5] Bootstrap tree #262, logLikelihood: -937.315502[00:00:06] [worker #30] Bootstrap tree #287, logLikelihood: 
-904.068280
[00:00:06] [worker #26] Bootstrap tree #283, logLikelihood: -909.653923
[00:00:06] [worker #29] Bootstrap tree #286, logLikelihood: -932.338499
[00:00:06] [worker #19] Bootstrap tree #276, logLikelihood: -945.806782
[00:00:06] [worker #28] Bootstrap tree #285, logLikelihood: -935.817258
[00:00:06] [worker #10] Bootstrap tree #267, logLikelihood: -924.047877
[00:00:06] [worker #9] Bootstrap tree #266, logLikelihood: -947.461731
[00:00:06] [worker #2] Bootstrap tree #259, logLikelihood: -906.975701
[00:00:06] [worker #11] Bootstrap tree #268, logLikelihood: -932.774056
[00:00:06] [worker #23] Bootstrap tree #280, logLikelihood: -908.309338
[00:00:06] [worker #18] Bootstrap tree #275, logLikelihood: -930.738522
[00:00:06] [worker #6] Bootstrap tree #263, logLikelihood: -937.102383
[00:00:06] [worker #22] Bootstrap tree #279, logLikelihood: -930.814979
[00:00:06] [worker #14] Bootstrap tree #271, logLikelihood: -958.356640
[00:00:06] [worker #16] Bootstrap tree #273, logLikelihood: -920.728704
[00:00:06] [worker #0] Bootstrap tree #257, logLikelihood: -922.178132
[00:00:06] [worker #13] Bootstrap tree #270, logLikelihood: -920.472410
[00:00:06] [worker #24] Bootstrap tree #313, logLikelihood: -930.970080
[00:00:06] [worker #1] Bootstrap tree #290, logLikelihood: -955.207962
[00:00:06] [worker #31] Bootstrap tree #320, logLikelihood: -924.029112
[00:00:07] [worker #7] Bootstrap tree #296, logLikelihood: -902.485481
[00:00:07] [worker #27] Bootstrap tree #316, logLikelihood: -957.110565
[00:00:07] [worker #5] Bootstrap tree #294, logLikelihood: -930.412423
[00:00:07] [worker #29] Bootstrap tree #318, logLikelihood: -922.982980
[00:00:07] [worker #17] Bootstrap tree #306, logLikelihood: -937.696415
[00:00:07] [worker #3] Bootstrap tree #292, logLikelihood: -941.938259
[00:00:07] [worker #21] Bootstrap tree #310, logLikelihood: -908.578029
[00:00:07] [worker #12] Bootstrap tree #301, logLikelihood: -929.539725
[00:00:07] [worker #10] Bootstrap tree #299, logLikelihood: -925.101632
[00:00:07] [worker #11] Bootstrap tree #300, logLikelihood: -960.289682
[00:00:07] [worker #22] Bootstrap tree #311, logLikelihood: -890.246897
[[00:00:07] [worker #8] Bootstrap tree #297, logLikelihood: 00:00:07] [worker #6] 
[[00:00:07] [worker #8] Bootstrap tree #297, logLikelihood: 00:00:07] [worker #6] 
Bootstrap tree #295, logLikelihood: -904.834238
[00:00:07] [worker #20] Bootstrap tree #309, logLikelihood: -964.959693
[00:00:07] [worker #30] Bootstrap tree #319, logLikelihood: -978.526509
[00:00:07] [worker #14] Bootstrap tree #303, logLikelihood: -909.498271
[00:00:07] [worker #2] Bootstrap tree #291, logLikelihood: -921.786622
[00:00:07] [worker #25] Bootstrap tree #314, logLikelihood: -929.903660
[00:00:07] [worker #13] Bootstrap tree #302, logLikelihood: -905.194263
[00:00:07] [worker #4] Bootstrap tree #293, logLikelihood: -936.202300
[00:00:07] [worker #19] Bootstrap tree #308, logLikelihood: [-920.49731000:
, logLikelihood: -963.018042
[00:00:07] [worker #16] Bootstrap tree #305, logLikelihood: -946.648043
[00:00:07] [worker #26] Bootstrap tree #315, logLikelihood: -896.102667
[00[:00:07] 0:00orker #23] :07312] , logLikelihood: [worker #9] Bootstrap tree #298, logLikelihood: -913.647796-910.427198

[00[:00:07] 0:00orker #23] :07312] , logLikelihood: [worker #9] Bootstrap tree #298, logLikelihood: -913.647796-910.427198

[00[:00:07] 0:00orker #23] :07312] , logLikelihood: [worker #9] Bootstrap tree #298, logLikelihood: -913.647796-910.427198

[00:00:07] [worker #15] Bootstrap tree #304, logLikelihood: -913.691414
[00:00:07] [worker #0] Bootstrap tree #289, logLikelihood: -939.521583
[00:00:07] [worker #18] Bootstrap tree #307, logLikelihood: -946.484013
[00:00:08] [worker #25] Bootstrap tree #346, logLikelihood: -930.870296
[00:00:08] [worker #9] Bootstrap tree #330, logLikelihood: -919.940224
[00:00:08] [worker #19] Bootstrap tree #340, logLikelihood: -932.051248
[00:00:08] [worker #21] Bootstrap tree #342, logLikelihood: -911.276702
[00:00:08] [worker #1] Bootstrap tree #322, logLikelihood: -896.611354
[00:00:08] [worker #2] Bootstrap tree #323, logLikelihood: -927.204425
[00:00:08] [worker #24] Bootstrap tree #345, logLikelihood: -917.741133
[00:00:08] [worker #15] Bootstrap tree #336, logLikelihood: -927.622065
[00:00:08] [worker #27] Bootstrap tree #348, logLikelihood: -905.023785
[00:00:08] [worker #22] Bootstrap tree #343, logLikelihood: -919.195798
[00:00:08] [worker #31] Bootstrap tree #352, logLikelihood: -903.944042
[00:00:08] [worker #11] Bootstrap tree #332, logLikelihood: -962.674541
[00:00:08] [worker #17] Bootstrap tree #338, logLikelihood: -915.674427
[00:00:08] [worker #6] Bootstrap tree #327, logLikelihood: -919.542890
[00:00:08] [worker #18] Bootstrap tree #339, logLikelihood: -908.785915
[00:00:08] [worker #30] Bootstrap tree #351, logLikelihood: -941.924379
00:08] [worker #13] Bootstrap tree #334, logLikelihood: -910.193239
[00:00:08] [worker #4] Bootstrap tree #325, logLikelihood: -900.114819
[00:00:08] [worker #10] Bootstrap tree #331, logLikelihood: -934.160755
[00:00:08] [worker #23] Bootstrap tree #344, logLikelihood: -926.117538
[00:00:08] [worker #14] Bootstrap tree #335, logLikelihood: -940.150284
[00:00:08] [worker #12] Bootstrap tree #333, logLikelihood: -928.442034
[00:00:08] [worker #7] Bootstrap tree #328, logLikelihood: -923.861726
[00:00:08] [worker #8] Bootstrap tree #329, logLikelihood: -892.479930
[00:00:08] [worker #29] Bootstrap tree #350, logLikelihood: -929.225364
[00:00:08] [worker #20] Bootstrap tree #341, logLikelihood: -946.716918
[00:00:08] [worker #28] Bootstrap tree #349, logLikelihood: -923.708689
[00:00:08] [worker #0] Bootstrap tree #321, logLikelihood: -921.542142
[00:00:08] [worker #3] Bootstrap tree #324, logLikelihood: -924.962075
[00:00:08] [worker #26] Bootstrap tree #347, logLikelihood: -888.818117
00:00:08] [worker #9] Bootstrap tree #362, logLikelihood: -952.386891
[00:00:08] [worker #16] Bootstrap tree #337, logLikelihood: -917.912286
[00:00:08] [worker #5] Bootstrap tree #326, logLikelihood: -886.255971
[00:00:08] [worker #25] Bootstrap tree #378, logLikelihood: -901.471532
[00:00:08] [worker #18] Bootstrap tree #371, logLikelihood: -930.870296
[00:00:08] [worker #19] Bootstrap tree #372, logLikelihood: -949.037519
[00:00:08] [worker #11] Bootstrap tree #364, logLikelihood: -948.278165
[00:00:08] [worker #27] Bootstrap tree #380, logLikelihood: -922.044391
[00:00:08] [worker #15] Bootstrap tree #368, logLikelihood: -922.950358
[00:00:08] [worker #10] Bootstrap tree #363, logLikelihood: -930.870296
[00:00:08] [worker #8] Bootstrap tree #361, logLikelihood: -917.623661
[00:00:08] [worker #17] Bootstrap tree #370, logLikelihood: -937.768368
[00:00:08] [worker #23] Bootstrap tree #376, logLikelihood: -941.677419
[00:00:08] [worker #2] Bootstrap tree #355, logLikelihood: -941.996409
[00:00:08] [worker #13] Bootstrap tree #366, logLikelihood: -930.870296
[[0:000:08:00:08] [worker #21] Bootstrap tree #374, logLikelihood: ] [worker #12] Bootstrap tree #365, logLikelihood: 
[[0:000:08:00:08] [worker #21] Bootstrap tree #374, logLikelihood: ] [worker #12] Bootstrap tree #365, logLikelihood: 
-937.666229
[00:00:08] [worker #29] Bootstrap tree #382, logLikelihood: -886.649393
[00:00:08] [worker #4] Bootstrap tree #357, logLikelihood: -898.343709
[00:00:08] [worker #24] Bootstrap tree #377, logLikelihood: -941.830035
[00:00:08] [worker #30] Bootstrap tree #383, logLikelihood: -912.405758
Bootstrap tree #359, logLikelihood: -906.531134
[00:00:08] [worker #31] Bootstrap tree #384, logLikelihood: -917.026400
[00:00:08] [worker #26] Bootstrap tree #379, logLikelihood: -900.566087
[00:00:08] [worker #20] Bootstrap tree #373, logLikelihood: -933.143310
[00:00:08] [worker #22] Bootstrap tree #375, logLikelihood: -943.973308
[00:00:08] [worker #14] Bootstrap tree #367, logLikelihood: -897.516544
[00:00:08] [worker #7] Bootstrap tree #360, logLikelihood: -882.582986
[00:00:08] [worker #16] Bootstrap tree #369, logLikelihood: -935.557838
[00:00:08] [worker #1] Bootstrap tree #354, logLikelihood: -899.630450
[00:00:08] [worker #3] Bootstrap tree #356, logLikelihood: -909.047003
[00:00:08] [worker #5] Bootstrap tree #358, logLikelihood: -946.308516
[00:00:09] [worker #0] Bootstrap tree #353, logLikelihood: -952.649159
[00:00:09] [worker #28] Bootstrap tree #381, logLikelihood: -932.572074
[00:00:10] [worker #15] Bootstrap tree #400, logLikelihood: -894.347384
[00:00:10] [worker #17] Bootstrap tree #402, logLikelihood: -924.270369
[00:00:10] [worker #26] Bootstrap tree #411, logLikelihood: -907.310259
[00:00:10] [worker #14] Bootstrap tree #399, logLikelihood: -944.824123
[00:00:10] [worker #27] Bootstrap tree #412, logLikelihood: -:00:10] [worker #25] Bootstrap tree #410, logLikelihood: -858.385574
[00:00:10] [worker #27] Bootstrap tree #412, logLikelihood: -:00:10] [worker #25] Bootstrap tree #410, logLikelihood: -858.385574
-961.941894
[00:00:10] [worker #1] Bootstrap tree #386, logLikelihood: -933.286523
[00:00:10] [worker #30] Bootstrap tree #415, logLikelihood: -903.344459
[00:00:10] [worker #13] Bootstrap tree #398, logLikelihood: [00:00:10] [worker #18] Bootstrap tree #403, logLikelihood: -930.870296-956.560203

[00:00:10] [worker #13] Bootstrap tree #398, logLikelihood: [00:00:10] [worker #18] Bootstrap tree #403, logLikelihood: -930.870296-956.560203
-955.090041
00:00:10] [worker #31] Bootstrap tree #416, logLikelihood: -907.737587
[00:00:10] [worker #9] Bootstrap tree #394, logLikelihood: [00:00:10] [worker #8] Bootstrap tree #393, logLikelihood: -914.415349-908.772493

[00:00:10] [worker #9] Bootstrap tree #394, logLikelihood: [00:00:10] [worker #8] Bootstrap tree #393, logLikelihood: -914.415349-908.772493
[00:00:10] [worker #11] Bootstrap tree #396, logLikelihood: -874.230258
[00:00:10] [worker #29] Bootstrap tree #414, logLikelihood: -934.682949
[00:00:10] [worker #19] Bootstrap tree #404, logLikelihood: -910.033999
[00:00:10] [worker #4] Bootstrap tree #389, logLikelihood: -919.388127
[00:00:10] [worker #7] Bootstrap tree #392, logLikelihood: -902.844920
00:00:10] [worker #3] Bootstrap tree #388, logLikelihood: -944.275361
[00:00:10] [worker #24] Bootstrap tree #409, logLikelihood: -932.124171
[00:00:10] [worker #21] Bootstrap tree #406, logLikelihood: -964.038234
[00:00:10] [worker #5] Bootstrap tree #390, logLikelihood: -867.082442
[00:00:10] [worker #20] Bootstrap tree #405, logLikelihood: -940.627605
[00:00:10] [worker #22] Bootstrap tree #407, logLikelihood: -929.911550
[00:00:10] [worker #0] Bootstrap tree #385, logLikelihood: -927.740263
[00:00:10] [worker #16] Bootstrap tree #401, logLikelihood: -924.542581
[00:00:10] [worker #12] Bootstrap tree #397, logLikelihood: -925.241243
[00:00:10] [worker #23] Bootstrap tree #408, logLikelihood: -967.673029
[00:00:10] [worker #10] Bootstrap tree #395, logLikelihood: -958.131188
[00:00:10] [worker #28] Bootstrap tree #413, logLikelihood: -923.642945
[00:00:10] [worker #1] Bootstrap tree #418, logLikelihood: -933.234820
[00:00:10] [worker #6] Bootstrap tree #391, logLikelihood: -960.913975
[00:00:10] [worker #17] Bootstrap tree #434, logLikelihood: -915.225924
[00:00:10] [worker #25] Bootstrap tree #442, logLikelihood: -921.806393
[00:00:10] [worker #19] Bootstrap tree #436, logLikelihood: -940.306872
[00:00:10] [worker #14] Bootstrap tree #431, logLikelihood: -907.430624
[00:00:10] [worker #15] Bootstrap tree #432, logLikelihood: -943.231750
[[00:00:10] [worker #13] Bootstrap tree #430, logLikelihood: 00:00:-905.39640210] [worker #9] 
[[00:00:10] [worker #13] Bootstrap tree #430, logLikelihood: 00:00:-905.39640210] [worker #9] 
Bootstrap tree #426, logLikelihood: -882.973008
[00:00:10] [worker #4] Bootstrap tree #421, logLikelihood: -944.018573
[00:00:10] [worker #2] Bootstrap tree #419, logLikelihood: -943.047689
[00:00:10] [worker #20] Bootstrap tree #437, logLikelihood: -941.859583
[00:00:10] [worker #29] Bootstrap tree #446, logLikelihood: -967.682148
[00:00:10] [worker #11] Bootstrap tree #428, logLikelihood: -919.705000
[00:00:10] [worker #24] Bootstrap tree #441, logLikelihood: -924.876854
[00:00:10] [worker #27] Bootstrap tree #444, logLikelihood: -913.594291
[00:00:10] [worker #3] Bootstrap tree #420, logLikelihood: -949.689897
[00:00:10] [worker #7] Bootstrap tree #424, logLikelihood: -928.914516
[00:00:10] [worker #26] Bootstrap tree #443, logLikelihood: -927.056191
[00:00:10] [worker #18] Bootstrap tree #435, logLikelihood: -941.322796
[00:00:10] [worker #30] Bootstrap tree #447, logLikelihood: -913.527610
[00:00:10] [worker #10] Bootstrap tree #427, logLikelihood: -956.455158
[00:00:10] [worker #8] Bootstrap tree #425, logLikelihood: -919.272646
[00:00:10] [worker #21] Bootstrap tree #438, logLikelihood: -914.592300
[00:00:10] [worker #12] Bootstrap tree #429, logLikelihood: -918.995673
[00:00:10] [worker #12] Bootstrap tree #429, logLikelihood: -918.995673
[00:00:10] [worker #5] Bootstrap tree #422, logLikelihood: -945.415119
[00:00:10] [worker #31] Bootstrap tree #448, logLikelihood: -933.682594
[00:00:10] [worker #23] Bootstrap tree #440, logLikelihood: -938.341720
[00:00:10] [worker #22] Bootstrap tree #439, logLikelihood: -947.497664
[00:00:10] [worker #0] Bootstrap tree #417, logLikelihood: -955.523409
[00:00:10] [worker #28] Bootstrap tree #445, logLikelihood: -937.351063
[00:00:10] [worker #16] Bootstrap tree #433, logLikelihood: -944.343352
[00:00:10] [worker #6] Bootstrap tree #423, logLikelihood: -908.354375
[00:00:12] [worker #26] Bootstrap tree #475, logLikelihood: -949.683132
[00:00:12] [worker #19] Bootstrap tree #468, logLikelihood: -935.103698
[00:00:12] [worker #9] Bootstrap tree #458, logLikelihood: -914.304323
[00:00:12] [worker #14] Bootstrap tree #463, logLikelihood: -941.179384
[00:00:12] [worker #24] Bootstrap tree #473, logLikelihood: -947.349469
[00:00:12] [worker #23] Bootstrap tree #472, logLikelihood: -921.157938
[00:00:12] [worker #7] Bootstrap tree #456, logLikelihood: -956.868732
[00:00:12] [worker #22] Bootstrap tree #471, logLikelihood: -892.575421
[00:00:12] [worker #28] Bootstrap tree #477, logLikelihood: -934.308868
[00:00:12] [worker #15] Bootstrap tree #464, logLikelihood: -932.384191
[00:00:12] [worker #3] Bootstrap tree #452, logLikelihood: -907.311917
[00:00:12] [worker #2] Bootstrap tree #451, logLikelihood: -928.322530
[00:00:12] [worker #21] Bootstrap tree #470, logLikelihood: -916.793450
[00:00:12] [worker #10] Bootstrap tree #459, logLikelihood: -936.520063
[worker #18] Bootstrap tree #467, logLikelihood: -921.198663
[00:00:12] [worker #16] Bootstrap tree #465, logLikelihood: -895.843980
[00:00:12] [worker #25] Bootstrap tree #474, logLikelihood: -981.361851
[00:00:12] [worker #6] Bootstrap tree #455, logLikelihood: -927.331107
[00:00:12] [worker #11] Bootstrap tree #460, logLikelihood: -905.639301
[00:00:12] [worker #17] Bootstrap tree #466, logLikelihood: -921.627046
[00:00:12] [worker #4] Bootstrap tree #453, logLikelihood: -925.862564
[00:00:12] [worker #0] Bootstrap tree #449, logLikelihood: -914.128096
[00:00:12] [worker #5] Bootstrap tree #454, logLikelihood: -926.355513
[00:00:12] [worker #8] Bootstrap tree #457, logLikelihood: -897.212270
[00:00:12] [worker #12] Bootstrap tree #461, logLikelihood: -939.210671
[00:00:12] [worker #29] Bootstrap tree #478, logLikelihood: -936.469441
[00:00:12] [worker #22] Bootstrap tree #503, logLikelihood: -931.263580
[00:00:12] [worker #13] Bootstrap tree #462, logLikelihood: -891.313582
[00:00:13] [worker #27] Bootstrap tree #476, logLikelihood: -907.569760
[00:00:13] [worker #26] Bootstrap tree #507, logLikelihood: -922.978589
[00:00:13] [worker #1] Bootstrap tree #450, logLikelihood: -922.700484
[00:00:13] [worker #20] Bootstrap tree #469, logLikelihood: -952.088218
[00:00:13] [worker #30] Bootstrap tree #479, logLikelihood: -942.588942
[00:00:13] [worker #14] Bootstrap tree #495, logLikelihood: -902.958985
[00:00:13] [worker #31] Bootstrap tree #480, logLikelihood: -966.913026
[00:00:13] [worker #16] Bootstrap tree #497, logLikelihood: -924.741305
[00:00:13] [worker #19] Bootstrap tree #500, logLikelihood: -940.913290
[00:00:13] [worker #24] Bootstrap tree #505, logLikelihood: -897.121968
[00:00:13] [worker #2] Bootstrap tree #483, logLikelihood: -905.979143
[00:00:13] [worker #15] Bootstrap tree #496, logLikelihood: -906.619167
[00:00:13] [worker #23] Bootstrap tree #504, logLikelihood: -942.319481
[00:00:13] [worker #11] Bootstrap tree #492, logLikelihood: -964.859608
[00:00:13] [worker #17] Bootstrap tree #498, logLikelihood: -906.598118
[00:00:13] [worker #7] Bootstrap tree #488, logLikelihood: -869.944606
[00:00:13] [worker #28] Bootstrap tree #509, logLikelihood: -948.975491
[00:00:13] [worker #6] Bootstrap tree #487, logLikelihood: -930.870296
[00:00:13] [worker #10] Bootstrap tree #491, logLikelihood: -962.317042
[00:00:13] [worker #9] Bootstrap tree #490, logLikelihood: -904.802595
[00:00:13] [worker #25] Bootstrap tree #506, logLikelihood: -937.149707
[00:00:13] [worker #12] Bootstrap tree #493, logLikelihood: -885.995152
[00:00:13] [worker #18] Bootstrap tree #499, logLikelihood: -926.628838
[00:00:13] [worker #0] Bootstrap tree #481, logLikelihood: -935.209346
[00:00:13] [worker #29] Bootstrap tree #510, logLikelihood: -924.890862
[00:00:13] [worker #4] Bootstrap tree #485, logLikelihood: -932.198871
[00:00:13] [worker #8] Bootstrap tree #489, logLikelihood: -903.384544
[00:00:13] [worker #5] Bootstrap tree #486, logLikelihood: -930.893860
[00:00:13] [worker #20] Bootstrap tree #501, logLikelihood: -906.255000
[00:00:13] [worker #3] Bootstrap tree #484, logLikelihood: -969.071148
[00:00:13] [worker #13] Bootstrap tree #494, logLikelihood: -952.258204
[00:00:13] [worker #27] Bootstrap tree #508, logLikelihood: -906.657188
[00:00:13] [worker #21] Bootstrap tree #502, logLikelihood: -943.517700
[00:00:13] [worker #30] Bootstrap tree #511, logLikelihood: -903.643712
[00:00:13] [worker #1] Bootstrap tree #482, logLikelihood: -921.999061
[00:00:13] [worker #31] Bootstrap tree #512, logLikelihood: -882.416472
[00:00:15] [worker #4] Bootstrap tree #517, logLikelihood: -898.952177
[00:00:15] [worker #25] Bootstrap tree #538, logLikelihood: -978.395010
[00:00:15] [worker #2] Bootstrap tree #515, logLikelihood: -924.277515
[00:00:15] [worker #23] Bootstrap tree #536, logLikelihood: -900.915542
[[00:00:15] [worker #29] Bootstrap tree #542, logLikelihood: [-925.04387700
00526, logLikelihood: [-906.845762:15] [worker #24] Bootstrap tree #537, logLikelihood: 00:00:15] [worker #21] Bootstrap tree #534, logLikelihood: -902.132020
00526, logLikelihood: [-906.845762:15] [worker #24] Bootstrap tree #537, logLikelihood: 00:00:15] [worker #21] Bootstrap tree #534, logLikelihood: -902.132020
-921.211789
[00:00:15] [worker #20] Bootstrap tree #533, logLikelihood: -941.749664

[00:00:15] [worker #17] Bootstrap tree #530, logLikelihood: -913.248634
[00:00:15] [worker #9] Bootstrap tree #522, logLikelihood: -918.062777
[00:00:15] [worker #1] Bootstrap tree #514, logLikelihood: -883.144487
[00:00:15] [worker #14] Bootstrap tree #527, logLikelihood: -913.342969
[00:00:15] [worker #0] Bootstrap tree #513, logLikelihood: -941.668971
[00:00:15] [worker #15] Bootstrap tree #528, logLikelihood: -906.848891
[00:00:15] [worker #31] Bootstrap tree #544, logLikelihood: -936.034352
:15] [worker #10] Bootstrap tree #523, logLikelihood: -900.766041
[00:00:15] [worker #22] Bootstrap tree #535, logLikelihood: -896.581410
[00:00:15] [worker #11] Bootstrap tree #524, logLikelihood: -938.845395
[00:00:15] [worker #26] Bootstrap tree #539, logLikelihood: -936.759478
[00:00:15] [worker #16] Bootstrap tree #529, logLikelihood: -903.988855
[00:00:15] [worker #7] Bootstrap tree #520, logLikelihood: -968.861854
[00:00:15] [worker #19] Bootstrap tree #532, logLikelihood: -903.559956
[00:00:15] [worker #30] Bootstrap tree #543, logLikelihood: -914.261217
[00:00:15] [worker #3] Bootstrap tree #516, logLikelihood: -955.982202
[00:00:15] [worker #28] Bootstrap tree #541, logLikelihood: -913.289221
[00:00:15] [worker #8] Bootstrap tree #521, logLikelihood: -917.863337
[00:00:15] [worker #6] Bootstrap tree #519, logLikelihood: -905.325141
[00:00:15] [worker #12] Bootstrap tree #525, logLikelihood: -940.952125
[00:00:15] [worker #18] Bootstrap tree #531, logLikelihood: -938.270000
[00:00:15] [worker #27] Bootstrap tree #540, logLikelihood: -906.970389
[00:00:15] [worker #2] Bootstrap tree #547, logLikelihood: -928.736004
[00:00:15] [worker #4] Bootstrap tree #549, logLikelihood: -930.626095
[00:00:15] [worker #5] Bootstrap tree #518, logLikelihood: -935.976096
[00:00:15] [worker #23] Bootstrap tree #568, logLikelihood: -923.478501
[00:00:15] [worker #1] Bootstrap tree #546, logLikelihood: -942.334253
[00:00:15] [worker #14] Bootstrap tree #559, logLikelihood: -910.606036
[00:00:15] [worker #20] Bootstrap tree #565, logLikelihood: -930.405039
[00:00:15] [worker #11] Bootstrap tree #556, logLikelihood: -901.146154
[00:00:15] [worker #9] Bootstrap tree #554, logLikelihood: -923.496751
[00:00:15] [worker #25] Bootstrap tree #570, logLikelihood: -919.834084
15] [worker #13] Bootstrap tree #558, logLikelihood: -973.952069
[00:00:15] [worker #17] Bootstrap tree #562, logLikelihood: -929.790249
[00:00:15] [worker #29] Bootstrap tree #574, logLikelihood: -902.313031
[00:00:15] [worker #30] Bootstrap tree #575, logLikelihood: -956.248084
[00:00:15] [worker #21] Bootstrap tree #566, logLikelihood: -919.100214
[00:00:15] [worker #24] Bootstrap tree #569, logLikelihood: -940.918448
[00:00:15] [worker #22] Bootstrap tree #567, logLikelihood: -943.965353
[00:00:15] [worker #16] Bootstrap tree #561, logLikelihood: -920.723075
[00:00:15] [worker #27] Bootstrap tree #572, logLikelihood: -920.945473
[00:00:15] [worker #10] Bootstrap tree #555, logLikelihood: -958.174039
[00:00:15] [worker #0] Bootstrap tree #545, logLikelihood: -920.884837
[00:00:15] [worker #3] Bootstrap tree #548, logLikelihood: -918.774401
[00:00:15] [worker #19] Bootstrap tree #564, logLikelihood: -916.700067
[00:00:15] [worker #26] Bootstrap tree #571, logLikelihood: -933.012654
[worker #28] Bootstrap tree #573, logLikelihood: -937.418260[
-959.562863
[00:00:15] [worker #31] Bootstrap tree #576, logLikelihood: -936.311734
[00:00:15] [worker #8] Bootstrap tree #553, logLikelihood: -936.654354
[00:00:15] [worker #18] Bootstrap tree #563, logLikelihood: -953.427505
[00:00:15] [worker #12] Bootstrap tree #557, logLikelihood: -930.754217
[00:00:15] [worker #15] Bootstrap tree #560, logLikelihood: -918.798864
[00:00:15] [worker #7] Bootstrap tree #552, logLikelihood: -928.974861
[00:00:15] [worker #5] Bootstrap tree #550, logLikelihood: -922.208741
[00:00:17] [worker #14] Bootstrap tree #591, logLikelihood: -893.501598
[00:00:17] [worker #23] Bootstrap tree #600, logLikelihood: -931.927347
[00:00:17] [worker #2] Bootstrap tree #579, logLikelihood: -933.746809
[00:00:17] [worker #11] Bootstrap tree #588, logLikelihood: -925.012503
[00:00:17] [worker #15] Bootstrap tree #592, logLikelihood: -930.870296
[00:00:17] [worker #22] Bootstrap tree #599, logLikelihood: -942.821449
[00:00:17] [worker #10] Bootstrap tree #587, logLikelihood: -936.147839
[00:00:17] [worker #31] Bootstrap tree #608, logLikelihood: -892.155562
[00:00:17] [worker #7] Bootstrap tree #584, logLikelihood: -949.614629
[00:00:17] [worker #3] Bootstrap tree #580, logLikelihood: -916.135510
[00:00:17] [worker #26] Bootstrap tree #603, logLikelihood: -936.105954
[00:00:17] [worker #16] Bootstrap tree #593, logLikelihood: -930.870296
[00:00:17] [worker #0] Bootstrap tree #577, logLikelihood: -905.065074
[00:00:17] [worker #18] Bootstrap tree #595, logLikelihood: -914.524057
[00:00:17] [worker #19] Bootstrap tree #596, logLikelihood: -915.001312
[00:00:17] [worker #23] Bootstrap tree #632, logLikelihood: -897.434169
[00:00:17] [worker #17] Bootstrap tree #594, logLikelihood: -900.433112
[00:00:17] [worker #5] Bootstrap tree #582, logLikelihood: -940.555824
[00:00:17] [worker #24] Bootstrap tree #601, logLikelihood: [-920.1354790:00:17] [00:00:17] [worker #24] Bootstrap tree #601, logLikelihood: [-920.1354790:00:17] [worker #28] Bootstrap tree #605, logLikelihood: -953.100516
[00:00:17] [worker #4] Bootstrap tree #581, logLikelihood: -925.286331
[00:00:17] [worker #27] Bootstrap tree #604, logLikelihood: -932.515626
[00:00:17] [worker #21] Bootstrap tree #598, logLikelihood: -902.053241
[00:00:17] [worker #9] Bootstrap tree #586, logLikelihood: -939.499159
[00:00:17] [worker #8] Bootstrap tree #585, logLikelihood: -934.051879
, logLikelihood: -941.821405[
00:00:17] [worker #1] Bootstrap tree #578, logLikelihood: -923.470566
[00:00:17] [worker #25] Bootstrap tree #602, logLikelihood: -940.792355
[00:00:17] [worker #12] Bootstrap tree #589, logLikelihood: -953.051853
[00:00:17] [worker #20] Bootstrap tree #597, logLikelihood: -935.047763
[00:00:17] [worker #13] Bootstrap tree #590, logLikelihood: -889.255655
[00:00:17] [worker #6] Bootstrap tree #583, logLikelihood: -925.102498
[00:00:17] [worker #30] Bootstrap tree #607, logLikelihood: -913.145758
[00:00:17] [worker #14] Bootstrap tree #623, logLikelihood: -924.989200
[00:00:17] [worker #2] Bootstrap tree #611, logLikelihood: -914.539053
[00:00:17] [worker #11] Bootstrap tree #620, logLikelihood: -878.220966
[00:00:17] [worker #22] Bootstrap tree #631, logLikelihood: -951.264585
[00:00:17] [worker #15] Bootstrap tree #624, logLikelihood: -923.389050
[00:00:17] [worker #28] Bootstrap tree #637, logLikelihood: -904.421639
[00:00:17] [worker #3] Bootstrap tree #612, logLikelihood: -906.859179
[00:00:17] [worker #19] Bootstrap tree #628, logLikelihood: -913.523587
[00:00:17] [worker #31] Bootstrap tree #640, logLikelihood: [00:00:17] [worker #7] Bootstrap tree #616, logLikelihood: 
[00:00:17] [worker #31] Bootstrap tree #640, logLikelihood: [00:00:17] [worker #7] Bootstrap tree #616, logLikelihood: 
-965.212468
[00:00:17] [worker #13] Bootstrap tree #622, logLikelihood: -893.406085
[00:00:17] [worker #27] Bootstrap tree #636, logLikelihood: -917.734522
[00:00:17] [worker #21] Bootstrap tree #630, logLikelihood: -890.397844
[00:00:17] [worker #10] Bootstrap tree #619, logLikelihood: -930.310783
[00:00:17] [worker #17] Bootstrap tree #626, logLikelihood: -917.150877
[00:00:17] [worker #12] Bootstrap tree #621, logLikelihood: -947.574165
[00:00:17] [worker #6] Bootstrap tree #615, logLikelihood: -922.990903
[00:00:17] [worker #16] Bootstrap tree #625, logLikelihood: -935.935103
[00:00:17] [worker #8] Bootstrap tree #617, logLikelihood: -934.410645
[00:00:17] [worker #24] Bootstrap tree #633, logLikelihood: -918.159059
[00:00:17] [worker #1] Bootstrap tree #610, logLikelihood: -922.088649
[00:00:17] [worker #18] Bootstrap tree #627, logLikelihood: -939.210379
[00:00:18] [worker #26] Bootstrap tree #635, logLikelihood: -890.410652
[[00:00:18] [worker #9] Bootstrap tree #618, logLikelihood: 00:00:18] 
[[00:00:18] [worker #9] Bootstrap tree #618, logLikelihood: 00:00:18] 
[worker #5] Bootstrap tree #614, logLikelihood: -926.255877
[00:00:18] [worker #25] Bootstrap tree #634, logLikelihood: -917.618683
[00:00:18] [worker #20] Bootstrap tree #629, logLikelihood: -895.888475
[00:00:18] [worker #29] Bootstrap tree #638, logLikelihood: -972.014709
[00:00:18] [worker #4] Bootstrap tree #613, logLikelihood: -933.737812
[00:00:18] [worker #0] Bootstrap tree #609, logLikelihood: -928.779138
[00:00:18] [worker #30] Bootstrap tree #639, logLikelihood: -952.072597
[00:00:20] [worker #23] Bootstrap tree #664, logLikelihood: -924.248719
[00:00:20] [worker #2] Bootstrap tree #643, logLikelihood: -919.554389
[00:00:20] [worker #19] Bootstrap tree #660, logLikelihood: -944.443867
[00:00:20] [worker #13] Bootstrap tree #654, logLikelihood: -930.372948
[00:00:20] [worker #1] Bootstrap tree #642, logLikelihood: -913.591928
[00:00:20] [worker #18] Bootstrap tree #659, logLikelihood: -920.933438
[00:00:20] [worker #4] Bootstrap tree #645, logLikelihood: -926.567742
[00:00:20] [worker #16] Bootstrap tree #657, logLikelihood: -913.494198
[00:00:20] [worker #10] Bootstrap tree #651, logLikelihood: -924.554278
[00:00:20] [worker #26] Bootstrap tree #667, logLikelihood: -956.392924
[00:00:20] [worker #22] Bootstrap tree #663, logLikelihood: -931.611533
[00:00:20] [worker #14] Bootstrap tree #655, logLikelihood: -952.402145
[00:00:20] [worker #31] Bootstrap tree #672, logLikelihood: -918.671004
[00:00:20] [worker #12] Bootstrap tree #653, logLikelihood: -927.595746
[00:00:20] [worker #25] Bootstrap tree #666, logLikelihood: -922.851868
[00:00:20] [worker #9] Bootstrap tree #650, logLikelihood: -933.521334
-905.110433[00:00:20] [worker #15] Bootstrap tree #656, logLikelihood: -924.964141

[00:00:20] [worker #7] Bootstrap tree #648, logLikelihood: -934.193350
[00:00:20] [worker #6] Bootstrap tree #647, logLikelihood: -932.973472
[00:00:20] [worker #30] Bootstrap tree #671, logLikelihood: -886.045677
[00:00:20] [worker #5] Bootstrap tree #646, logLikelihood: -893.587967
[00:00:20] [worker #8] Bootstrap tree #649, logLikelihood: -963.219817
[00:00:20] [worker #24] Bootstrap tree #665, logLikelihood: -912.173046
[00:00:20] [worker #0] Bootstrap tree #641, logLikelihood: -951.363495
[00:00:20] [worker #28] Bootstrap tree #669, logLikelihood: -936.225988
[00:00:20] [worker #11] Bootstrap tree #652, logLikelihood: -952.925894
[00:00:20] [worker #23] Bootstrap tree #696, logLikelihood: -935.007624
[00:00:20] [worker #27] Bootstrap tree #668, logLikelihood: -954.296581
[00:00:20] [worker #21] Bootstrap tree #662, logLikelihood: -967.217361
[00:00:20] [worker #20] Bootstrap tree #661, logLikelihood: -932.605438
[00:00:20] [worker #29] Bootstrap tree #670, logLikelihood: -931.447302
[00:00:20] [worker #3] Bootstrap tree #644, logLikelihood: -929.193415
[00:00:20] [worker #19] Bootstrap tree #692, logLikelihood: -929.342606
[00:00:20] [worker #16] Bootstrap tree #689, logLikelihood: -935.557524
[00:00:20] [worker #7] Bootstrap tree #680, logLikelihood: -949.323732
[00:00:20] [worker #13] Bootstrap tree #686, logLikelihood: -944.374275
[00:00:20] [worker #26] Bootstrap tree #699, logLikelihood: -899.575395
[00:00:20] [worker #4] Bootstrap tree #677, logLikelihood: -920.717320
[00:00:20] [worker #14] Bootstrap tree #687, logLikelihood: -909.803973
[00:00:20] [worker #1] Bootstrap tree #674, logLikelihood: -935.764648
[00:00:20] [worker #28] Bootstrap tree #701, logLikelihood: -956.238505
[00:00:20] [worker #25] Bootstrap tree #698, logLikelihood: -929.815586
[00:00:20] [worker #10] Bootstrap tree #683, logLikelihood: -951.367756
[00:00:20] [worker #2] Bootstrap tree #675, logLikelihood: -956.027559
[00:00:21] [worker #18] Bootstrap tree #691, logLikelihood: -935.667827
[00:00:21] [worker #9] Bootstrap tree #682, logLikelihood: -905.913035
[00:00:21] [worker #22] Bootstrap tree #695, logLikelihood: -932.796833
[00:00:21] [worker #6] Bootstrap tree #679, logLikelihood: -904.914846
[00:00:21] [worker #8] Bootstrap tree #681, logLikelihood: -948.193021
[00:00:21] [worker #15] Bootstrap tree #688, logLikelihood: -937.040149
[00:00:21] [worker #24] Bootstrap tree #697, logLikelihood: -931.823319
[00:00:21] [worker #0] Bootstrap tree #673, logLikelihood: -885.396682
[00:00:21] [worker #3] Bootstrap tree #676, logLikelihood: -939.121719
[00:00:21] [worker #12] Bootstrap tree #685, logLikelihood: -973.183821
[00:00:21] [worker #29] Bootstrap tree #702, logLikelihood: -930.870296
[00:00:21] [worker #20] Bootstrap tree #693, logLikelihood: -916.128901
[00:00:21] [worker #31] Bootstrap tree #704, logLikelihood: -903.637885
[00:00:21] [worker #30] Bootstrap tree #703, logLikelihood: -970.798338
[00:00:21] [worker #5] Bootstrap tree #678, logLikelihood: -934.517598
[00:00:21] [worker #27] Bootstrap tree #700, logLikelihood: -913.990960
[00:00:21] [worker #17] Bootstrap tree #690, logLikelihood: -919.863474
[00:00:21] [worker #11] Bootstrap tree #684, logLikelihood: -943.574884
[00:00:21] [worker #21] Bootstrap tree #694, logLikelihood: -955.440025
[00:00:23] [worker #11] Bootstrap tree #716, logLikelihood: -920.258028
[00:00:23] [worker #18] Bootstrap tree #723, logLikelihood: -962.400650
[00:00:23] [worker #30] Bootstrap tree #735, logLikelihood: -942.393335
[00:00:23] [worker #14] Bootstrap tree #719, logLikelihood: -942.807997
:00:23] [worker #28] Bootstrap tree #733, logLikelihood: -926.621995
[00:00:23] [worker #9] Bootstrap tree #714, logLikelihood: -917.349568
[00:00:24] [worker #5] Bootstrap tree #710, logLikelihood: -925.613750
[00:00:24] [worker #25] Bootstrap tree #730, logLikelihood: -947.567215
[00:00:24] [worker #10] Bootstrap tree #715, logLikelihood: -939.113679
[00:00:24] [worker #31] Bootstrap tree #736, logLikelihood: -949.139574
[00:00:24] [worker #26] Bootstrap tree #731, logLikelihood: -931.416566
[00:00:24] [worker #3] Bootstrap tree #708, logLikelihood: -918.402460
[00:00:24] [worker #2] Bootstrap tree #707, logLikelihood: -920.893951
[00:00:24] [worker #21] Bootstrap tree #726, logLikelihood: -963.778711
[00:00:24] [worker #23] Bootstrap tree #728, logLikelihood: -901.160959
[00:00:24] [worker #7] Bootstrap tree #712, logLikelihood: -890.506890
[00:00:24] [worker #1] Bootstrap tree #706, logLikelihood: -948.326968
[00:00:24] [worker #15] Bootstrap tree #720, logLikelihood: -903.663364
[00:00:24] [worker #17] Bootstrap tree #722, logLikelihood: -923.334631
[00:00:24] [worker #12] Bootstrap tree #717, logLikelihood: -930.870296
[00:00:24] [worker #22] Bootstrap tree #727, logLikelihood: -915.114260
[00:00:24] [worker #19] Bootstrap tree #724, logLikelihood: -903.637055
[00:00:24] [worker #6] Bootstrap tree #711, logLikelihood: -923.279349
[00:00:24] [worker #24] Bootstrap tree #729, logLikelihood: -930.870296
[00:00:24] [worker #4] Bootstrap tree #709, logLikelihood: -896.677753
-934.020589
[00:00:24] [worker #0] Bootstrap tree #705, logLikelihood: -934.032124
[00:00:24] [worker #16] Bootstrap tree #721, logLikelihood: -931.128791
[00:00:24] [worker #27] Bootstrap tree #732, logLikelihood: -922.896107
[00:00:24] [worker #8] Bootstrap tree #713, logLikelihood: -976.641005
[00:00:24] [worker #20] Bootstrap tree #725, logLikelihood: -953.810913
[00:00:24] [worker #11] Bootstrap tree #748, logLikelihood: -906.725233
[00:00:24] [worker #9] Bootstrap tree #746, logLikelihood: -895.819328
[00:00:24] [worker #29] Bootstrap tree #734, logLikelihood: -910.331513
[00:00:24] [worker #30] Bootstrap tree #767, logLikelihood: -921.254804
[00:00:24] [worker #25] Bootstrap tree #762, logLikelihood: -962.949338
[00:00:24] [worker #18] Bootstrap tree #755, logLikelihood: -923.121322
[00:00:24] [worker #5] Bootstrap tree #742, logLikelihood: -952.883595
[00:00:24] [worker #26] Bootstrap tree #763, logLikelihood: -889.178879
[00:00:24] [worker #23] Bootstrap tree #760, logLikelihood: -909.904204
[00:00:24] [worker #14] Bootstrap tree #751, logLikelihood: -914.870937
[00:00:24] [worker #10] Bootstrap tree #747, logLikelihood: -950.367825
[00:00:24] [worker #1] Bootstrap tree #738, logLikelihood: -891.249132
[00:00:24] [worker #3] Bootstrap tree #740, logLikelihood: -913.891019
[00:00:24] [worker #22] Bootstrap tree #759, logLikelihood: -912.796475
[00:00:24] [worker #28] Bootstrap tree #765, logLikelihood: -960.893794
[00:00:24] [worker #31] Bootstrap tree #768, logLikelihood: -907.141992
[00:00:24] [worker #13] Bootstrap tree #750, logLikelihood: -920.760057
[00:00:24] [worker #27] Bootstrap tree #764, logLikelihood: -891.192768
[00:00:24] [worker #20] Bootstrap tree #757, logLikelihood: -915.507002
[00:00:24] [worker #21] Bootstrap tree #758, logLikelihood: -934.251033
[00:00:24] [worker #19] Bootstrap tree #756, logLikelihood: -923.846081
[00:00:24] [worker #15] Bootstrap tree #752, logLikelihood: -923.630829
[00:00:24] [worker #6] Bootstrap tree #743, logLikelihood: -949.129454
00:00:24] [worker #24] Bootstrap tree #761, logLikelihood: -953.473421
[00:00:24] [worker #7] Bootstrap tree #744, logLikelihood: -918.141495
[00:00:24] [worker #0] Bootstrap tree #737, logLikelihood: -911.363550
[00:00:24] [worker #12] Bootstrap tree #749, logLikelihood: -921.214688
[00:00:24] [worker #17] Bootstrap tree #754, logLikelihood: -951.547411
[00:00:24] [worker #2] Bootstrap tree #739, logLikelihood: -979.313500
[00:00:24] [worker #29] Bootstrap tree #766, logLikelihood: -905.457895
[00:00:24] [worker #4] Bootstrap tree #741, logLikelihood: -915.341604
[00:00:24] [worker #16] Bootstrap tree #753, logLikelihood: -924.649529
[00:00:24] [worker #8] Bootstrap tree #745, logLikelihood: -942.645910
[00:00:27] [worker #5] Bootstrap tree #774, logLikelihood: -893.986203
[00:00:27] [worker #9] Bootstrap tree #778, logLikelihood: -921.132335
[00:00:27] [worker #23] Bootstrap tree #792, logLikelihood: -918.029735
[00:00:27] [worker #31] Bootstrap tree #800, logLikelihood: [-907.575137
-946.662115
[00:00:27] [worker #13] Bootstrap tree #782, logLikelihood: -900.103652
[00:00:27] [worker #21] Bootstrap tree #790, logLikelihood: -905.705568
[00:00:27] [worker #30] Bootstrap tree #799, logLikelihood: -885.169608
[00:00:27] [worker #27] Bootstrap tree #796, logLikelihood: -883.450116
[00:00:27] [worker #14] Bootstrap tree #783, logLikelihood: -919.917618
[00:00:27] [worker #29] Bootstrap tree #798, logLikelihood: -897.766657
[00:00:27] [worker #10] Bootstrap tree #779, logLikelihood: -914.861997
[00:00:27] [worker #22] Bootstrap tree #791, logLikelihood: -960.241189
[00:00:27] [worker #8] Bootstrap tree #777, logLikelihood: -948.594619
[00:00:27] [worker #16] Bootstrap tree #785, logLikelihood: -939.498893
[00:00:27] [worker #17] Bootstrap tree #786, logLikelihood: -956.827181
[00:00:27] [worker #18] Bootstrap tree #787, logLikelihood: -917.861881
[00:00:27] [worker #4] Bootstrap tree #773, logLikelihood: -926.644171
[00:00:27] [worker #25] Bootstrap tree #794, logLikelihood: -953.730657
[00:00:27] [worker #11] Bootstrap tree #780, logLikelihood: -914.776822
[00:00:27] [worker #24] Bootstrap tree #793, logLikelihood: -970.188298
[00:00:27] [worker #28] Bootstrap tree #797, logLikelihood: -939.817891
[00:00:27] [worker #26] Bootstrap tree #795, logLikelihood: -920.120001
[00:00:27] [worker #6] Bootstrap tree #775, logLikelihood: -941.094089
[00:00:27] [worker #3] Bootstrap tree #772, logLikelihood: -938.889590
[00:00:27] [worker #2] Bootstrap tree #771, logLikelihood: -915.152968
[00:00:27] [worker #15] Bootstrap tree #784, logLikelihood: -923.951455
[00:00:27] [worker #19] Bootstrap tree #788, logLikelihood: -957.066298
[00:00:27] [worker #12] Bootstrap tree #813, logLikelihood: -908.747481
[00:00:27] [worker #0] Bootstrap tree #769, logLikelihood: -928.078047
[00:00:27] [worker #20] Bootstrap tree #789, logLikelihood: -940.252459
[00:00:27] [worker #7] Bootstrap tree #776, logLikelihood: -941.234271
[00:00:27] [worker #21] Bootstrap tree #822, logLikelihood: -910.704442
[00:00:27] [worker #5] Bootstrap tree #806, logLikelihood: -946.935818
[00:00:27] [worker #1] Bootstrap tree #770, logLikelihood: -926.510027
[00:00:27] [worker #22] Bootstrap tree #823, logLikelihood: -890.971772
[00:00:27] [worker #9] Bootstrap tree #810, logLikelihood: -925.142042
[00:00:27] [worker #14] Bootstrap tree #815, logLikelihood: -903.167826
[00:00:27] [worker #17] Bootstrap tree #818, logLikelihood: -919.573627
[00:00:27] [worker #23] Bootstrap tree #824, logLikelihood: -899.117317
[00:00:27] [worker #28] Bootstrap tree #829, logLikelihood: -926.536228
[00:00:27] [worker #29] Bootstrap tree #830, logLikelihood: -926.169316
[00:00:27] [worker #30] Bootstrap tree #831, logLikelihood: -951.482455
[00:00:27] [worker #13] Bootstrap tree #814, logLikelihood: -935.815088
[00:00:27] [worker #6] Bootstrap tree #807, logLikelihood: -939.913989
[00:00:27] [worker #25] Bootstrap tree #826, logLikelihood: -913.636521
[00:00:27] [worker #8] Bootstrap tree #809, logLikelihood: -918.415906
[00:00:27] [worker #31] Bootstrap tree #832, logLikelihood: -932.533907
[00:00:27] [worker #24] Bootstrap tree #825, logLikelihood: -930.870296
[00:00:27] [worker #15] Bootstrap tree #816, logLikelihood: -948.270299
[00:00:27] [worker #10] Bootstrap tree #811, logLikelihood: -956.275029
[00:00:27] [worker #11] Bootstrap tree #812, logLikelihood: -921.793928
[00:00:27] [worker #27] Bootstrap tree #828, logLikelihood: -962.057092
[00:00:27] [worker #18] Bootstrap tree #819, logLikelihood: -940.378104
[00:00:27] [worker #16] Bootstrap tree #817, logLikelihood: -929.460710
[00:00:27] [worker #3] Bootstrap tree #804, logLikelihood: -925.722721
[00:00:27] [worker #19] Bootstrap tree #820, logLikelihood: -930.870287
[00:00:27] [worker #26] Bootstrap tree #827, logLikelihood: -934.140360
[00:00:27] [worker #2] Bootstrap tree #803, logLikelihood: -928.626195
[[00:00:27] [worker #7] Bootstrap tree #808, logLikelihood: -948.650002
00:00:27] [worker #4] Bootstrap tree #805, logLikelihood: -906.437715
[00:00:27] [worker #1] Bootstrap tree #802, logLikelihood: -910.521108
[00:00:27] [worker #20] Bootstrap tree #821, logLikelihood: -908.912350
[00:00:28] [worker #0] Bootstrap tree #801, logLikelihood: -913.156106
[00:00:31] [worker #2] Bootstrap tree #835, logLikelihood: -913.500828
[00:00:31] [worker #30] Bootstrap tree #863, logLikelihood: -941.235616
[00:00:31] [worker #21] Bootstrap tree #854, logLikelihood: -917.727297
[00:00:31] [worker #10] Bootstrap tree #843, logLikelihood: -949.580470
[00:00:31] [worker #6] Bootstrap tree #839, logLikelihood: -904.734841
[00:00:31] [worker #11] Bootstrap tree #844, logLikelihood: -880.838831
[00:00:31] [worker #8] Bootstrap tree #841, logLikelihood: -926.983853
[00:00:31] [worker #12] Bootstrap tree #845, logLikelihood: -941.836236
[00:00:31] [worker #27] Bootstrap tree #860, logLikelihood: -938.765976
[00:00:31] [worker #4] Bootstrap tree #837, logLikelihood: -923.092672
[00:00:31] [worker #17] Bootstrap tree #850, logLikelihood: -929.794490
[00:00:31] [worker #22] Bootstrap tree #855, logLikelihood: -903.757415
[00:00:31] [worker #25] Bootstrap tree #858, logLikelihood: -946.189608
[00:00:31] [worker #29] Bootstrap tree #862, logLikelihood: -939.574092
[00:00:31] [worker #7] Bootstrap tree #840, logLikelihood: -899.306087
[00:00:31] [worker #28] Bootstrap tree #861, logLikelihood: -908.989972
[00:00:31] [worker #20] Bootstrap tree #853, logLikelihood: -954.301937
[00:00:31] [worker #16] Bootstrap tree #849, logLikelihood: -953.345083
[00:00:31] [worker #14] Bootstrap tree #847, logLikelihood: -928.994498
[00:00:31] [worker #26] Bootstrap tree #859, logLikelihood: -943.334341
[00:00:31] [worker #0] Bootstrap tree #833, logLikelihood: -923.058162
[00:00:31] [worker #18] Bootstrap tree #851, logLikelihood: -886.690971
[00:00:31] [worker #1] Bootstrap tree #834, logLikelihood: -879.949002
[00:00:31] [worker #13] Bootstrap tree #846, logLikelihood: -927.707283
[00:00:31] [worker #23] Bootstrap tree #856, logLikelihood: -913.193648
[00:00:31] [worker #31] Bootstrap tree #864, logLikelihood: -964.615489
[00:00:31] [worker #15] Bootstrap tree #848, logLikelihood: -913.454995
[00:00:31] [worker #19] Bootstrap tree #852, logLikelihood: -939.252329
[00:00:31] [worker #9] Bootstrap tree #842, logLikelihood: -913.505586
[00:00:31] [worker #2] Bootstrap tree #867, logLikelihood: -921.189161
[00:00:31] [worker #3] Bootstrap tree #836, logLikelihood: -887.342621
[00:00:31] [worker #10] Bootstrap tree #875, logLikelihood: -880.659470
[00:00:31] [worker #5] Bootstrap tree #838, logLikelihood: -938.555864
[00:00:31] [worker #24] Bootstrap tree #857, logLikelihood: -947.079994
[00:00:31] [worker #30] Bootstrap tree #895, logLikelihood: -933.355045
[00:00:31] [worker #6] Bootstrap tree #871, logLikelihood: -969.958527
[00:00:31] [worker #11] Bootstrap tree #876, logLikelihood: -954.111788
[00:00:31] [worker #20] Bootstrap tree #885, logLikelihood: -893.236503
[00:00:31] [worker #8] Bootstrap tree #873, logLikelihood: -950.247343
[00:00:31] [worker #12] Bootstrap tree #877, logLikelihood: -909.086723
[00:00:31] [worker #21] Bootstrap tree #886, logLikelihood: -930.268661
[00:00:31] [worker #17] Bootstrap tree #882, logLikelihood: -942.741484
[00:00:31] [worker #16] Bootstrap tree #881, logLikelihood: -913.710437
[00:00:31] [worker #29] Bootstrap tree #894, logLikelihood: -918.341558
[00:00:31] [worker #25] Bootstrap tree #890, logLikelihood: -933.500183
[00:00:31] [worker #7] Bootstrap tree #872, logLikelihood: -918.591977
[00:00:31] [worker #27] Bootstrap tree #892, logLikelihood: -933.646382
[00:00:31] [worker #4] Bootstrap tree #869, logLikelihood: -874.997833
[00:00:31] [worker #28] Bootstrap tree #893, logLikelihood: -929.309698
[00:00:31] [worker #26] Bootstrap tree #891, logLikelihood: -907.142341
[00:00:31] [worker #15] Bootstrap tree #880, logLikelihood: -934.249546
-926.003631
[00:00:31] [worker #3] Bootstrap tree #868, logLikelihood: -933.236273
[00:00:31] [worker #22] Bootstrap tree #887, logLikelihood: -948.840632
[00:00:31] [worker #23] Bootstrap tree #888, logLikelihood: -941.050639
[00:00:31] [worker #1] Bootstrap tree #866, logLikelihood: -959.257395
[00:00:31] [worker #9] Bootstrap tree #874, logLikelihood: -930.938893
[00:00:31] [worker #5] Bootstrap tree #870, logLikelihood: -969.209091
[00:00:31] [worker #31] Bootstrap tree #896, logLikelihood: -941.375442
[00:00:31] [worker #13] Bootstrap tree #878, logLikelihood: -914.919783
[00:00:31] [worker #0] Bootstrap tree #865, logLikelihood: -940.637061
[00:00:32] [worker #19] Bootstrap tree #884, logLikelihood: -934.892740
[00:00:32] [worker #24] Bootstrap tree #889, logLikelihood: -955.309966
[00:00:32] [worker #14] Bootstrap tree #879, logLikelihood: -904.624812
[00:00:35] [worker #29] Bootstrap tree #926, logLikelihood: -886.445708
[00:00:35] [worker #14] Bootstrap tree #911, logLikelihood: -918.900250
[00:00:35] [worker #31] Bootstrap tree #928, logLikelihood: -899.157990
[00:00:35] [worker #12] Bootstrap tree #909, logLikelihood: -890.508805
[00:00:35] [worker #8] Bootstrap tree #905, logLikelihood: -895.724799
[00:00:35] [worker #5] Bootstrap tree #902, logLikelihood: -895.035515
[00:00:35] [worker #3] Bootstrap tree #900, logLikelihood: -948.554609
[00:00:35] [worker #27] Bootstrap tree #924, logLikelihood: -928.261233
[00:00:35] [worker #15] Bootstrap tree #912, logLikelihood: -916.747388
[00:00:35] [worker #1] Bootstrap tree #898, logLikelihood: -919.627418
[00:00:35] [worker #19] Bootstrap tree #916, logLikelihood: -950.216619
[00:00:35] [worker #7] Bootstrap tree #904, logLikelihood: -916.947613
[00:00:35] [worker #6] Bootstrap tree #903, logLikelihood: -926.127268
] [worker #18] [00:00:35] [worker #21] Bootstrap tree #918, logLikelihood: Bootstrap tree #915, logLikelihood: -944.934860
] [worker #18] [00:00:35] [worker #21] Bootstrap tree #918, logLikelihood: Bootstrap tree #915, logLikelihood: -944.934860
-915.076609
[00:00:35] [worker #16] Bootstrap tree #913, logLikelihood: -910.354648
[00:00:35] [worker #10] Bootstrap tree #907, logLikelihood: -893.878085
[00:00:35] [worker #11] Bootstrap tree #908, logLikelihood: -940.714680
[00:00:35] [worker #26] Bootstrap tree #923, logLikelihood: -931.575572
[00:00:35] [worker #9] Bootstrap tree #906, logLikelihood: -931.494104
[00:00:35] [worker #23] Bootstrap tree #920, logLikelihood: -942.806901
00:00:35] [worker #30] Bootstrap tree #927, logLikelihood: -908.798430
[00:00:35] [worker #20] Bootstrap tree #917, logLikelihood: -916.660758
[00:00:35] [worker #13] Bootstrap tree #910, logLikelihood: -888.839501
[00:00:35] [worker #28] Bootstrap tree #925, logLikelihood: -928.242016
[00:00:35] [worker #24] Bootstrap tree #921, logLikelihood: -909.751027
[00:00:35] [worker #0] Bootstrap tree #897, logLikelihood: -927.826489
[00:00:35] [worker #25] Bootstrap tree #922, logLikelihood: -900.948726
[00:00:35] [worker #22] Bootstrap tree #919, logLikelihood: -894.079213
[00:00:35] [worker #17] Bootstrap tree #914, logLikelihood: -920.910944
[00:00:35] [worker #2] Bootstrap tree #899, logLikelihood: -954.812540
[00:00:35] [worker #4] Bootstrap tree #901, logLikelihood: -955.263012
[00:00:35] [worker #29] Bootstrap tree #958, logLikelihood: -933.464410
[00:00:35] [worker #11] Bootstrap tree #940, logLikelihood: -916.478640
[00:00:35] [worker #21] Bootstrap tree #950, logLikelihood: -931.698996
[00:00:35] [worker #8] Bootstrap tree #937, logLikelihood: -914.334772
[00:00:35] [worker #6] Bootstrap tree #935, logLikelihood: -878.017494
[00:00:35] [worker #27] Bootstrap tree #956, logLikelihood: -928.968546
[00:00:35] [worker #7] Bootstrap tree #936, logLikelihood: -905.151575
[00:00:35] [worker #10] Bootstrap tree #939, logLikelihood: [915.652447
-917.153651
00:00:35] [worker #19] Bootstrap tree #948, logLikelihood: -896.598570
[00:00:35] [worker #3] Bootstrap tree #932, logLikelihood: -919.202591
[00:00:35] [worker #26] Bootstrap tree #955, logLikelihood: -902.996587
[00:00:35] [worker #5] Bootstrap tree #934, logLikelihood: -940.754227
[00:00:35] [worker #0] Bootstrap tree #929, logLikelihood: -929.526788
[00:00:35] [worker #1] Bootstrap tree #930, logLikelihood: -934.763383
[00:00:35] [worker #15] Bootstrap tree #944, logLikelihood: -913.027508
[00:00:35] [worker #17] Bootstrap tree #946, logLikelihood: -937.357209
[00:00:35] [worker #16] Bootstrap tree #945, logLikelihood: -960.278242
[00:00:35] [worker #25] Bootstrap tree #954, logLikelihood: -917.351401
[00:00:35] [worker #12] Bootstrap tree #941, logLikelihood: -905.682470
[00:00:35] [worker #14] Bootstrap tree #943, logLikelihood: -911.696192
[00:00:35] [worker #2] Bootstrap tree #931, logLikelihood: [-937.95122200
-933.731542
[00:00:35] [worker #23] Bootstrap tree #952, logLikelihood: -887.712330
[00:00:35] [worker #28] Bootstrap tree #957, logLikelihood: -944.077020
[00:00:35] [worker #28] Bootstrap tree #957, logLikelihood: -944.077020
[00:00:35] [worker #18] Bootstrap tree #947, logLikelihood: -933.178379
[00:00:35] [worker #9] Bootstrap tree #938, logLikelihood: -915.288877
[00:00:35] [worker #13] Bootstrap tree #942, logLikelihood: -920.723166
[00:00:35] [worker #30] Bootstrap tree #959, logLikelihood: -949.521715
[00:00:35] [worker #4] Bootstrap tree #933, logLikelihood: -918.691964
[00:00:35] [worker #22] Bootstrap tree #951, logLikelihood: -949.515175
[00:00:35] [worker #20] Bootstrap tree #949, logLikelihood: -930.870287
[00:00:38] [worker #29] Bootstrap tree #990, logLikelihood: -876.534626
[00:00:38] [worker #24] Bootstrap tree #985, logLikelihood: -935.054476
[00:00:38] [worker #27] Bootstrap tree #988, logLikelihood: -937.943518
[00:00:38] [worker #17] Bootstrap tree #978, logLikelihood: -892.184677
[00:00:38] [worker #6] Bootstrap tree #967, logLikelihood: -916.981811
[00:00:38] [worker #10] Bootstrap tree #971, logLikelihood: -929.295787
[00:00:38] [worker #0] Bootstrap tree #961, logLikelihood: -921.745679
[00:00:38] [worker #4] Bootstrap tree #965, logLikelihood: -905.068193
[00:00:38] [worker #18] Bootstrap tree #979, logLikelihood: -914.395914
[00:00:38] [worker #21] Bootstrap tree #982, logLikelihood: -952.101354
[00:00:38] [worker #2] Bootstrap tree #963, logLikelihood: -954.332055
[00:00:38] [worker #23] Bootstrap tree #984, logLikelihood: -937.884542
[00:00:38] [worker #11] Bootstrap tree #972, logLikelihood: -892.121873
[00:00:38] [worker #8] Bootstrap tree #969, logLikelihood: -950.027006
[00:00:38] [worker #9] Bootstrap tree #970, logLikelihood: -897.153563
[00:00:38] [worker #14] Bootstrap tree #975, logLikelihood: -934.372285
[00:00:38] [worker #22] Bootstrap tree #983, logLikelihood: -945.572377
[00:00:38] [worker #28] Bootstrap tree #989, logLikelihood: -908.350524
[00:00:38] [worker #20] Bootstrap tree #981, logLikelihood: -945.379214
[00:00:38] [worker #5] Bootstrap tree #966, logLikelihood: -920.264188
[00:00:38] [worker #26] Bootstrap tree #987, logLikelihood: -936.986253
[00:00:38] [worker #16] Bootstrap tree #977, logLikelihood: -915.972603
[00:00:38] [worker #13] Bootstrap tree #974, logLikelihood: -927.405484
[00:00:39] [worker #31] Bootstrap tree #992, logLikelihood: -935.780824
[00:00:39] [worker #19] Bootstrap tree #980, logLikelihood: -922.478235
[00:00:39] [worker #12] Bootstrap tree #973[ logLikelihood: --930.8702960
[worker #30] Bootstrap tree #991, logLikelihood: -946.166117
[00:00:39] [worker #25] Bootstrap tree #986, logLikelihood: -911.170372
[00:00:39] [worker #7] Bootstrap tree #968, logLikelihood: -930.149791
[00:00:39] [worker #3] Bootstrap tree #964, logLikelihood: -933.751413
[00:00:39] [worker #1] Bootstrap tree #962, logLikelihood: -909.405086
[00:00:39] [worker #15] Bootstrap tree #976, logLikelihood: -926.842454
[00:00:39] [worker #4] Bootstrap tree #997, logLikelihood: -941.689846
[00:00:39] [worker #0] Bootstrap tree #993, logLikelihood: -904.564320
[00:00:39] [worker #7] Bootstrap tree #1000, logLikelihood: -894.769957
[00:00:39] [worker #6] Bootstrap tree #999, logLikelihood: -920.721406
[00:00:39] [worker #2] Bootstrap tree #995, logLikelihood: -895.360250
[00:00:39] [worker #1] Bootstrap tree #994, logLikelihood: -890.354637
[00:00:39] [worker #5] Bootstrap tree #998, logLikelihood: -910.244942
[00:00:39] [worker #3] Bootstrap tree #996, logLikelihood: -890.924356

Optimized model parameters:

   Partition 0: noname
   Rate heterogeneity: GAMMA (4 cats, mean),  alpha: 99.846300 (ML),  weights&rates: (0.250000,0.875813) (0.250000,0.964710) (0.250000,1.029570) (0.250000,1.129908) 
   Base frequencies (ML): 0.345048 0.157166 0.114034 0.383752 
   Substitution rates (ML): 2.428759 3.359409 0.001000 0.001000 1.454024 1.000000 


Final LogLikelihood: -930.870285

AIC score: 1929.740569 / AICc score: 1933.407750 / BIC score: 2083.691139
Free parameters (model + branch lengths): 34

WARNING: Best ML tree contains 9 near-zero branches!

Best ML tree with collapsed near-zero branches saved to: /mnt/lustre/RDS-live/downing/LSDV/GTPV_SPPV/results_GTPV/LSDV092.raxml.bestTreeCollapsed
Best ML tree saved to: /mnt/lustre/RDS-live/downing/LSDV/GTPV_SPPV/results_GTPV/LSDV092.raxml.bestTree
All ML trees saved to: /mnt/lustre/RDS-live/downing/LSDV/GTPV_SPPV/results_GTPV/LSDV092.raxml.mlTrees
Best ML tree with Felsenstein bootstrap (FBP) support values saved to: /mnt/lustre/RDS-live/downing/LSDV/GTPV_SPPV/results_GTPV/LSDV092.raxml.supportFBP
Best ML tree with Transfer bootstrap (TBE) support values saved to: /mnt/lustre/RDS-live/downing/LSDV/GTPV_SPPV/results_GTPV/LSDV092.raxml.supportTBE
Optimized model saved to: /mnt/lustre/RDS-live/downing/LSDV/GTPV_SPPV/results_GTPV/LSDV092.raxml.bestModel
Bootstrap trees saved to: /mnt/lustre/RDS-live/downing/LSDV/GTPV_SPPV/results_GTPV/LSDV092.raxml.bootstraps

Execution log saved to: /mnt/lustre/RDS-live/downing/LSDV/GTPV_SPPV/results_GTPV/LSDV092.raxml.log

Analysis started: 24-Nov-2025 14:57:28 / finished: 24-Nov-2025 14:58:11

Elapsed time: 42.509 seconds

