
RAxML-NG v. 1.2.2 released on 11.04.2024 by The Exelixis Lab.
Developed by: Alexey M. Kozlov and Alexandros Stamatakis.
Contributors: Diego Darriba, Tomas Flouri, Benoit Morel, Sarah Lutteropp, Ben Bettisworth, Julia Haag, Anastasis Togkousidis.
Latest version: https://github.com/amkozlov/raxml-ng
Questions/problems/suggestions? Please visit: https://groups.google.com/forum/#!forum/raxml

System: AMD EPYC 7543P 32-Core Processor, 32 cores, 995 GB RAM

RAxML-NG was called at 24-Nov-2025 14:14:27 as follows:

raxml-ng --all --msa region_LSDV039.aln --model GTR+G --prefix LSDV039 --seed 123 --bs-metric fbp,tbe --redo

Analysis options:
  run mode: ML tree search + bootstrapping (Felsenstein Bootstrap + Transfer Bootstrap)
  start tree(s): random (10) + parsimony (10)
  bootstrap replicates: parsimony (max: 1000) + bootstopping (autoMRE, cutoff: 0.030000)
  random seed: 123
  tip-inner: OFF
  pattern compression: ON
  per-rate scalers: OFF
  site repeats: ON
  logLH epsilon: general: 10.000000, brlen-triplet: 1000.000000
  fast spr radius: AUTO
  spr subtree cutoff: 1.000000
  fast CLV updates: ON
  branch lengths: proportional (ML estimate, algorithm: NR-FAST)
  SIMD kernels: AVX2
  parallelization: coarse-grained (auto), PTHREADS (auto)

WARNING: Running in REDO mode: existing checkpoints are ignored, and all result files will be overwritten!

[00:00:00] Reading alignment from file: region_LSDV039.aln
[00:00:00] Loaded alignment with 14 taxa and 3033 sites

WARNING: Sequences NC_004003.1 and KX576657.1 are exactly identical!
WARNING: Sequences NC_004003.1 and AY077836.1 are exactly identical!
WARNING: Sequences NC_004003.1 and AY077835.1 are exactly identical!
WARNING: Sequences MW020570.1 and MN072620.1 are exactly identical!
WARNING: Sequences MN072621.1 and MH381810.1 are exactly identical!
WARNING: Sequences MN072621.1 and KC951854.1 are exactly identical!
WARNING: Duplicate sequences found: 6

NOTE: Reduced alignment (with duplicates and gap-only sites/taxa removed) 
NOTE: was saved to: /mnt/lustre/RDS-live/downing/LSDV/GTPV_SPPV/results_GTPV/LSDV039.raxml.reduced.phy

Alignment comprises 1 partitions and 32 patterns

Partition 0: noname
Model: GTR+FO+G4m
Alignment sites / patterns: 3033 / 32
Gaps: 0.00 %
Invariant sites: 98.22 %


NOTE: Binary MSA file created: LSDV039.raxml.rba

Parallelization scheme autoconfig: 32 worker(s) x 1 thread(s)

[00:00:00] Generating 10 random starting tree(s) with 14 taxa
[00:00:00] Generating 10 parsimony starting tree(s) with 14 taxa
Parallel parsimony with 32 threads
Parallel reduction/worker buffer size: 1 KB  / 0 KB

[00:00:00] Data distribution: max. partitions/sites/weight per thread: 1 / 32 / 512
[00:00:00] Data distribution: max. searches per worker: 33

Starting ML tree search with 20 distinct starting trees

[00:00:00] [worker #9] ML tree search #10, logLikelihood: -4232.781934
[00:00:00] [worker #19] ML tree search #20, logLikelihood: -4232.781931
[00:00:00] [worker #18] ML tree search #19, logLikelihood: -4232.781931
[00:00:01] [worker #17] ML tree search #18, logLikelihood: -4232.781931
[00:00:01] [worker #15] ML tree search #16, logLikelihood: -4232.781931
[00:00:01] [worker #7] ML tree search #8, logLikelihood: -4232.781948
[00:00:01] [worker #13] ML tree search #14, logLikelihood: -4232.781933
[00:00:01] [worker #5] ML tree search #6, logLikelihood: -4232.781957
[00:00:01] [worker #14] ML tree search #15, logLikelihood: -4232.781936
[00:00:01] [worker #11] ML tree search #12, logLikelihood: -4232.781931
[00:00:01] [worker #2] ML tree search #3, logLikelihood: -4232.781960
[00:00:01] [worker #6] ML tree search #7, logLikelihood: -4232.781948
[00:00:01] [worker #0] ML tree search #1, logLikelihood: -4232.781959
[00:00:01] [worker #1] ML tree search #2, logLikelihood: -4232.781949
[00:00:01] [worker #10] ML tree search #11, logLikelihood: -4232.781933
[00:00:01] [worker #4] ML tree search #5, logLikelihood: -4232.781946
[00:00:01] [worker #16] ML tree search #17, logLikelihood: -4232.781933
[00:00:01] [worker #8] ML tree search #9, logLikelihood: -4232.781936
[00:00:01] [worker #3] ML tree search #4, logLikelihood: -4232.781964
[00:00:01] [worker #12] ML tree search #13, logLikelihood: -4232.781936

[00:00:01] ML tree search completed, best tree logLH: -4232.781931

[00:00:01] Starting bootstrapping analysis with 1000 replicates.

[00:00:01] [worker #4] Bootstrap tree #5, logLikelihood: -4281.738668
[00:00:01] [worker #18] Bootstrap tree #19, logLikelihood: -4222.393764
[00:00:01] [worker #13] Bootstrap tree #14, logLikelihood: -4287.586693
[00:00:01] [worker #27] Bootstrap tree #28, logLikelihood: -4119.837193
[00:00:01] [worker #30] Bootstrap tree #31, logLikelihood: -4171.894403
[00:00:01] [worker #22] Bootstrap tree #23, logLikelihood: -4319.556719
[00:00:01] [worker #21] Bootstrap tree #22, logLikelihood: -4140.555518
[00:00:01] [worker #26] Bootstrap tree #27, logLikelihood: -4123.153190
[00:00:01] [worker #3] Bootstrap tree #4, logLikelihood: -4234.634685
[00:00:01] [worker #2] Bootstrap tree #3, logLikelihood: -4281.189085
[00:00:01] [worker #29] Bootstrap tree #30, logLikelihood: -4262.389773
[00:00:01] [worker #8] Bootstrap tree #9, logLikelihood: -4094.414542
[00:00:01] [worker #28] Bootstrap tree #29, logLikelihood: -4171.479928
[00:00:01] [worker #23] Bootstrap tree #24, logLikelihood: -4146.724395
[00:00:01] [worker #16] Bootstrap tree #17, logLikelihood: -4250.047232
[00:00:01] [worker #15] Bootstrap tree #16, logLikelihood: -4347.122959
[00:00:01] [worker #5] Bootstrap tree #6, logLikelihood: -4160.046702
[00:00:01] [worker #4] Bootstrap tree #37, logLikelihood: -4190.467181
[00:00:01] [worker #18] Bootstrap tree #51, logLikelihood: -4237.232124
[00:00:01] [worker #24] Bootstrap tree #25, logLikelihood: -4251.118178
[00:00:01] [worker #31] Bootstrap tree #32, logLikelihood: -4284.475942
00:00:01] [worker #19] Bootstrap tree #20, logLikelihood: -4156.428287
[00:00:01] [worker #10] Bootstrap tree #11, logLikelihood: [-4218.5465330:00:
-4231.138266worker #10] Bootstrap tree #11, logLikelihood: [-4218.5465330:00:
01] [worker #9] Bootstrap tree #10, logLikelihood: 00:00:01] [worker #11] Bootstrap tree #12-4289.852351, logLikelihood: 

[00:00:01] [worker #17] Bootstrap tree #18, logLikelihood: -4216.068623
[00:00:01] [worker #6] Bootstrap tree #7, logLikelihood: -4249.468538
[00:00:02] [worker #12] Bootstrap tree #13, logLikelihood: -4313.717035
[00:00:02] [worker #7] Bootstrap tree #8, logLikelihood: -4203.609433
[00:00:02] [worker #25] Bootstrap tree #26, logLikelihood: -4229.276012
[00:00:02] [worker #13] Bootstrap tree #46, logLikelihood: -4239.525954
[00:00:02] [worker #20] Bootstrap tree #21, logLikelihood: -4233.117566
[00:00:02] [worker #30] Bootstrap tree #63, logLikelihood: -4277.387832
[00:00:02] [worker #1] Bootstrap tree #2, logLikelihood: -4206.747813
[00:00:02] [worker #26] Bootstrap tree #59, logLikelihood: -4229.474425
[00:00:02] [worker #2] Bootstrap tree #35, logLikelihood: -4323.370243
[00:00:02] [worker #27] Bootstrap tree #60, logLikelihood: -4225.422311
[00:00:02] [worker #0] Bootstrap tree #1, logLikelihood: -4200.045085
[00:00:02] [worker #14] Bootstrap tree #15, logLikelihood: -4224.874080
[00:00:02] [worker #3] Bootstrap tree #36, logLikelihood: -4274.724446
[00:00:02] [worker #21] Bootstrap tree #54, logLikelihood: -4199.377215
[00:00:02] [worker #22] Bootstrap tree #55, logLikelihood: -4223.475061
[00:00:02] [worker #29] Bootstrap tree #62, logLikelihood: -4180.943423
[00:00:02] [worker #8] Bootstrap tree #41, logLikelihood: -4163.845068
[00:00:02] [worker #16] Bootstrap tree #49, logLikelihood: -4234.561112
[00:00:02] [worker #23] Bootstrap tree #56, logLikelihood: -4232.913440
[00:00:02] [worker #28] Bootstrap tree #61, logLikelihood: -4115.338996
[00:00:02] [worker #5] Bootstrap tree #38, logLikelihood: -4208.693886
[00:00:02] [worker #15] Bootstrap tree #48, logLikelihood: -4173.570543
[00:00:02] [worker #25] Bootstrap tree #58, logLikelihood: -4261.207939
[00:00:02] [worker #31] Bootstrap tree #64, logLikelihood: [-4192.81459100
[00:00:02] [worker #31] Bootstrap tree #64, logLikelihood: [-4192.81459100
:00:02] [worker #11] Bootstrap tree #44, logLikelihood: [00:00-4225.061974:02
-4249.799803
[00:00:02] [worker #12] Bootstrap tree #45, logLikelihood: -4268.962065
[00:00:02] [worker #19] Bootstrap tree #52, logLikelihood: -4211.194273
[00:00:02] [worker #10] Bootstrap tree #43, logLikelihood: -4202.431873
[00:00:02] [worker #6] Bootstrap tree #39, logLikelihood: -4320.060518
[00:00:02] [worker #20] Bootstrap tree #53, logLikelihood: -4340.629654
[00:00:02] [worker #9] Bootstrap tree #42, logLikelihood: -4144.915157
[00:00:02] [worker #24] Bootstrap tree #57, logLikelihood: -4329.314437
[00:00:02] [worker #1] Bootstrap tree #34, logLikelihood: -4294.860962
[00:00:02] [worker #7] Bootstrap tree #40, logLikelihood: -4212.878073
[00:00:02] [worker #0] Bootstrap tree #33, logLikelihood: -4220.110602
[00:00:02] [worker #14] Bootstrap tree #47, logLikelihood: -4193.676261
[00:00:02] [worker #18] Bootstrap tree #83, logLikelihood: -4264.045709
[00:00:02] [worker #23] Bootstrap tree #88, logLikelihood: [00-4146.282617:00:02] [[00:00:02] [worker #23] Bootstrap tree #88, logLikelihood: [00-4146.282617:00:02] [worker #20] Bootstrap tree #85, logLikelihood: -4231.231677
00:00:02] [worker #16] Bootstrap tree #81, logLikelihood: -4230.906131
[00:00:02] [worker #22] Bootstrap tree #87, logLikelihood: -4312.649389
[00:00:02] [worker #15] Bootstrap tree #80, logLikelihood: -4186.218325
[00:00:02] [worker #26] Bootstrap tree #91, logLikelihood: -4164.940053
00[00:00:02] [worker #1] Bootstrap tree #66, logLikelihood: -4208.690528
:00:02] [worker #13] Bootstrap tree #78, logLikelihood: [00:00:02] [worker #9] Bootstrap tree #74, logLikelihood: -4277.731610-4137.526257
:00:02] [worker #13] Bootstrap tree #78, logLikelihood: [00:00:02] [worker #9] Bootstrap tree #74, logLikelihood: -4277.731610-4137.526257

[00:00:02] [worker #10] Bootstrap tree #75, logLikelihood: -4193.262050
-4140.029331[
[worker #12] Bootstrap tree #77, logLikelihood: -4171.145018
[00:00:02] [worker #25] Bootstrap tree #90, logLikelihood: -4146.113931
[00:00:02] [worker #24] Bootstrap tree #89, logLikelihood: -4167.370908
[00:00:02] [worker #4] Bootstrap tree #69, logLikelihood: -4311.954413
[00:00:02] [worker #11] Bootstrap tree #76, logLikelihood: -4313.234201
[00:00:02] [worker #5] Bootstrap tree #70, logLikelihood: -4197.640456
[00:00:02] [worker #30] Bootstrap tree #95, logLikelihood: -4278.880030
[00:00:02] [worker #3] Bootstrap tree #68, logLikelihood: -4149.131665
[[00:00:02] [worker #27] Bootstrap tree #92, logLikelihood: -4202.015824
00:00:02] [worker #28] Bootstrap tree #93, logLikelihood: -4178.830233
[00:00:02] [worker #0] Bootstrap tree #65, logLikelihood: -4155.905761
[00:00:02] [worker #14] Bootstrap tree #79, logLikelihood: -4200.542378
[00:00:02] [worker #19] Bootstrap tree #84, logLikelihood: -4205.560653
[00:00:02] [worker #31] Bootstrap tree #96, logLikelihood: -4200.143361
[00:00:02] [worker #8] Bootstrap tree #73, logLikelihood: -4231.523751
[00:00:02] [worker #29] Bootstrap tree #94, logLikelihood: -4290.379633
[00:00:02] [worker #21] Bootstrap tree #86, logLikelihood: -4240.901470
[00:00:03] [worker #7] Bootstrap tree #72, logLikelihood: -4241.730307
[00:00:03] [worker #6] Bootstrap tree #71, logLikelihood: -4235.185118
[00:00:03] [worker #2] Bootstrap tree #67, logLikelihood: -4227.742775
[00:00:03] [worker #20] Bootstrap tree #117, logLikelihood: -4231.468111
[00:00:03] [worker #16] Bootstrap tree #113, logLikelihood: -4239.275109
[00:00:03] [worker #15] Bootstrap tree #112, logLikelihood: -4240.606799
[00:00:03] [worker #4] Bootstrap tree #101, logLikelihood: -4144.902312
[00:00:03] [worker #26] Bootstrap tree #123, logLikelihood: -4147.181097
[00:00:03] [worker #24] Bootstrap tree #121, logLikelihood: -4103.265683
[00:00:03] [worker #9] Bootstrap tree #106, logLikelihood: -4227.258514
[00:00:03] [worker #27] Bootstrap tree #124, logLikelihood: -4239.355065
[00:00:03] [worker #18] Bootstrap tree #115, logLikelihood: -4254.870670
[00:00:03] [worker #17] Bootstrap tree #114, logLikelihood: -4276.149735
[00:00:03] [worker #10] Bootstrap tree #107, logLikelihood: -4250.526956
[00:00:03] [worker #30] Bootstrap tree #127, logLikelihood: -4256.040921
[00:00:03] [worker #30] Bootstrap tree #127, logLikelihood: -4256.040921
[00:00:03] [worker #25] Bootstrap tree #122, logLikelihood: -4204.720711
[00:00:03] [worker #23] Bootstrap tree #120, logLikelihood: -4202.720192
[00:00:03] [worker #11] Bootstrap tree #108, logLikelihood: -4242.895209
[00:00:03] [worker #1] Bootstrap tree #98, logLikelihood: -4332.518941
[00:00:03] [worker #3] Bootstrap tree #100, logLikelihood: -4231.740527
[00:00:03] [worker #5] Bootstrap tree #102, logLikelihood: -4188.006664
[00:00:03] [worker #31] Bootstrap tree #128, logLikelihood: -4203.248101
[00:00:03] [worker #13] Bootstrap tree #110, logLikelihood: -4205.591756
[00:00:03] [worker #22] Bootstrap tree #119, logLikelihood: -4225.868965
[00:00:03] [worker #19] Bootstrap tree #116, logLikelihood: -4273.290774
[00:00:03] [worker #29] Bootstrap tree #126, logLikelihood: -4174.022226
[00:00:03] [worker #12] Bootstrap tree #109, logLikelihood: -4256.508930
[00:00:03] [worker #28] Bootstrap tree #125, logLikelihood: -4151.188567
[00:00:03] [worker #7] Bootstrap tree #104, logLikelihood: -4314.961888
[00:00:03] [worker #21] Bootstrap tree #118, logLikelihood: -4255.316584
[00:00:03] [worker #6] Bootstrap tree #103, logLikelihood: -4169.522262
[00:00:03] [worker #0] Bootstrap tree #97, logLikelihood: -4218.213530
:03] [worker #8] Bootstrap tree #105, logLikelihood: -4147.507813
[00:00:03] [worker #14] Bootstrap tree #111, logLikelihood: -4317.867985
[00:00:03] [worker #2] Bootstrap tree #99, logLikelihood: -4309.398335
[00:00:03] [worker #24] Bootstrap tree #153, logLikelihood: -4247.681153
[00:00:03] [worker #27] Bootstrap tree #156, logLikelihood: -4194.287756
[00:00:03] [worker #4] Bootstrap tree #133, logLikelihood: -4147.963806
[00:00:03] [worker #14] Bootstrap tree #143, logLikelihood: -4169.047327
[00:00:03] [worker #1] Bootstrap tree #130, logLikelihood: -4310.855715
[00:00:03] [worker #25] 0Bootstrap tree #154, logLikelihood: [00:03] 0[worker #15] :Bootstrap tree #004-4278.431948
[00:00:03] [worker #25] 0Bootstrap tree #154, logLikelihood: [00:03] 0[worker #15] :Bootstrap tree #004-4278.431948
:03] [worker #28] Bootstrap tree #157, logLikelihood: , logLikelihood: -4195.536595
[00:00:03] [worker #25] 0Bootstrap tree #154, logLikelihood: [00:03] 0[worker #15] :Bootstrap tree #004-4278.431948
:03] [worker #28] Bootstrap tree #157, logLikelihood: , logLikelihood: -4195.536595
-4193.741660
[00:00:03] [worker #12] Bootstrap tree #141, logLikelihood: -4404.530610
[00:00:03] [worker #9] Bootstrap tree #138, logLikelihood: -4106.626448
[00:00:03] [worker #3] Bootstrap tree #132, logLikelihood: -4216.747087
[00:00:03] [worker #17] Bootstrap tree #146, logLikelihood: -4168.154251
[00:00:03] [worker #18] Bootstrap tree #147, logLikelihood: -4235.395105
[00:00:03] [worker #16] Bootstrap tree #145, logLikelihood: -4234.967388
[00:00:03] [worker #7] Bootstrap tree #136, logLikelihood: -4299.310736
[00:00:03] [worker #26] Bootstrap tree #155, logLikelihood: -4150.464157
[00:00:03] [worker #21] Bootstrap tree #150, logLikelihood: -4184.868697
[00:00:03] [worker #13] Bootstrap tree #142, logLikelihood: -4297.792233
[00:00:03] [worker #2] Bootstrap tree #131, logLikelihood: -4168.508362
[00:00:03] [worker #31] Bootstrap tree #160, logLikelihood: -4281.581296
[00:00:03] [worker #29] Bootstrap tree #158, logLikelihood: -4201.528686
[00:00:03] [worker #10] Bootstrap tree #139, logLikelihood: -4169.619294
[00:00:03] [worker #30] Bootstrap tree #159, logLikelihood: -4181.736043
[00:00:03] [worker #22] Bootstrap tree #151, logLikelihood: -4198.687401
[00:00:03] [worker #23] Bootstrap tree #152, logLikelihood: -4256.744842
[00:00:03] [worker #19] Bootstrap tree #148, logLikelihood: -4251.026672
[00:00:03] [worker #6] Bootstrap tree #135, logLikelihood: -4263.374237
[00:00:03] [worker #11] Bootstrap tree #140, logLikelihood: -4201.284768
[00:00:03] [worker #20] Bootstrap tree #149, logLikelihood: -4415.093115
[00:00:03] [worker #8] Bootstrap tree #137, logLikelihood: -4176.653923
[00:00:03] [worker #5] Bootstrap tree #134, logLikelihood: -4361.675480
[00:00:03] [worker #0] Bootstrap tree #129, logLikelihood: -4156.059995
[00:00:04] [worker #18] Bootstrap tree #179, logLikelihood: -4100.372685
[00:00:04] [worker #14] Bootstrap tree #175, logLikelihood: -4147.316034
[00:00:04] [worker #24] Bootstrap tree #185, logLikelihood: -4197.370476
[00:00:04] [worker #12] Bootstrap tree #173, logLikelihood: -4243.011042
[00:00:04] [worker #27] Bootstrap tree #188, logLikelihood: -4250.406949
[00:00:04] [worker #1] Bootstrap tree #162, logLikelihood: -4303.597376
[00:00:04] [worker #17] Bootstrap tree #178, logLikelihood: -4277.281790
[00:00:04] [worker #29] Bootstrap tree #190, logLikelihood: -4155.593058
[00:00:04] [worker #4] Bootstrap tree #165, logLikelihood: -4202.965893
[00:00:04] [worker #26] Bootstrap tree #187, logLikelihood: -4241.941025
[00:00:04] [worker #2] Bootstrap tree #163, logLikelihood: -4210.247411
[00:00:04] [worker #10] Bootstrap tree #171, logLikelihood: -4136.245091
[00:00:04] [worker #6] Bootstrap tree #167, logLikelihood: -4257.021141
[00:00:04] [worker #22] Bootstrap tree #183, logLikelihood: -4279.676082
[00:00:04] [worker #9] Bootstrap tree #170, logLikelihood: -4148.808577
[00:00:04] [worker #21] Bootstrap tree #182, logLikelihood: -4193.002323
[00:00:04] [worker #25] Bootstrap tree #186, logLikelihood: -4217.063026
[00:00:04] [worker #28] Bootstrap tree #189, logLikelihood: -4305.477288
[00:00:04] [worker #7] Bootstrap tree #168, logLikelihood: -4249.000712
[00:00:04] [worker #19] Bootstrap tree #180, logLikelihood: -4108.930029

[00:00:04] [worker #16] Bootstrap tree #177, logLikelihood: -4404.178376
[00:00:04] [worker #30] Bootstrap tree #191, logLikelihood: -4187.444482
[00:00:04] [worker #13] Bootstrap tree #174, logLikelihood: -4333.679715
[00:00:04] [worker #23] Bootstrap tree #184, logLikelihood: -4160.947513
[00:00:04] [worker #3] Bootstrap tree #164, logLikelihood: -4223.968052
[00:00:04] [worker #11] Bootstrap tree #172, logLikelihood: -4207.960505
[00:00:04] [worker #5] Bootstrap tree #166, logLikelihood: -4259.046724
[00:00:04] [worker #31] Bootstrap tree #192, logLikelihood: -4194.052247
[00:00:04] [worker #20] Bootstrap tree #181, logLikelihood: -4255.180092
[00:00:04] [worker #8] Bootstrap tree #169, logLikelihood: -4266.803455
[00:00:04] [worker #0] Bootstrap tree #161, logLikelihood: -4154.640740
[00:00:04] [worker #7] Bootstrap tree #200, logLikelihood: -4194.637412
[00:00:04] [worker #14] Bootstrap tree #207, logLikelihood: -4291.710500
[00:00:04] [worker #9] Bootstrap tree #202, logLikelihood: -4268.778814
[00:00:04] [worker #26] Bootstrap tree #219, logLikelihood: -4308.038943
[00:00:04] [worker #27] Bootstrap tree #220, logLikelihood: -4045.172477
[00:00:04] [worker #16] Bootstrap tree #209, logLikelihood: -4126.469230
-4242.328065
04] [worker #11] Bootstrap tree #204, logLikelihood: -4265.407997
[00:00:04] [worker #23] Bootstrap tree #216, logLikelihood: -4330.693963
[00:00:04] [worker #1] Bootstrap tree #194, logLikelihood: -4258.177895
[00:00:04] [worker #12] Bootstrap tree #205, logLikelihood: -4277.290114
[00:00:04] [worker #22] Bootstrap tree #215, logLikelihood: -4130.155787
[00:00:04] [worker #13] Bootstrap tree #206, logLikelihood: -4220.498793
[00:00:04] [worker #29] Bootstrap tree #222, logLikelihood: -4217.029926
[00:00:04] [worker #10] Bootstrap tree #203, logLikelihood: -4185.450836
-4162.272442
[00:00:04] [worker #17] Bootstrap tree #210, logLikelihood: -4107.073621
[00:00:04] [worker #18] Bootstrap tree #211, logLikelihood: -4209.499412
[00:00:04] [worker #30] Bootstrap tree #223, logLikelihood: -4305.391312
[00:00:04] [worker #4] Bootstrap tree #197, logLikelihood: -4241.698824
[00:00:04] [worker #20] Bootstrap tree #213, logLikelihood: -4229.330204
[00:00:04] [worker #5] Bootstrap tree #198, logLikelihood: -4261.160582
[00:00:04] [worker #6] Bootstrap tree #199, logLikelihood: -4135.218651
[00:00:04] [worker #31] Bootstrap tree #224, logLikelihood: -4207.820366
[00:00:04] [worker #19] Bootstrap tree #212, logLikelihood: -4221.740737
[00:00:04] [worker #24] Bootstrap tree #217, logLikelihood: -4220.803863
[00:00:04] [worker #24] Bootstrap tree #217, logLikelihood: -4220.803863
[00:00:04] [worker #28] Bootstrap tree #221, logLikelihood: -4155.780573
[00:00:04] [worker #8] Bootstrap tree #201, logLikelihood: -4327.505267
[00:00:04] [worker #21] Bootstrap tree #214, logLikelihood: -4192.660909
[00:00:04] [worker #2] Bootstrap tree #195, logLikelihood: -4194.898047
[00:00:04] [worker #3] Bootstrap tree #196, logLikelihood: -4206.057843
[00:00:04] [worker #0] Bootstrap tree #193, logLikelihood: -4183.443525
[00:00:04] [worker #9] Bootstrap tree #234, logLikelihood: -4198.177875
[00:00:05] [worker #27] Bootstrap tree #252, logLikelihood: -4188.678447
[00:00:05] [worker #22] Bootstrap tree #247, logLikelihood: -4152.031264
[00:00:05] [worker #1] Bootstrap tree #226, logLikelihood: -4203.585507
[00:00:05] [worker #24] Bootstrap tree #249, logLikelihood: -4244.844230
[00:00:05] [worker #26] Bootstrap tree #251, logLikelihood: -4189.811487
[00:00:05] [worker #18] Bootstrap tree #243, logLikelihood: -4194.336518
[00:00:05] [worker #19] Bootstrap tree #244, logLikelihood: -4173.521314

[00:00:05] [worker #6] Bootstrap tree #231, logLikelihood: -4127.725431
-4242.764750
[00:00:05] [worker #4] Bootstrap tree #229, logLikelihood: -4207.389957
[[00:00:05] [worker #11] Bootstrap tree #236, logLikelihood: -4209.115326
00:00:05] [worker #30] Bootstrap tree #255, logLikelihood: -4188.413002
[00:00:05] [worker #17] Bootstrap tree #242, logLikelihood: -4239.140796
[00:00:05] [worker #13] Bootstrap tree #238, logLikelihood: -4163.045296
[00:00:05] [worker #5] Bootstrap tree #230, logLikelihood: -4243.362555
[00:00:05] [worker #23] Bootstrap tree #248, logLikelihood: -4268.596544
[00:00:05] [worker #7] Bootstrap tree #232, logLikelihood: -4205.780205
[00:00:05] [worker #20] Bootstrap tree #245, logLikelihood: -4225.732013
[00:00:05] [worker #25] Bootstrap tree #250, logLikelihood: -4171.659817
[00:00:05] [worker #29] Bootstrap tree #254, logLikelihood: -4235.452230
[00:00:05] [worker #16] Bootstrap tree #241, logLikelihood: -4344.292314
[00:00:05] [worker #12] Bootstrap tree #237, logLikelihood: -4258.942841
[00:00:05] [worker #3] Bootstrap tree #228, logLikelihood: -4155.819283
[00:00:05] [worker #10] Bootstrap tree #235, logLikelihood: -4213.661727
[00:00:05] [worker #21] Bootstrap tree #246, logLikelihood: -4205.365460
[00:00:05] [worker #15] Bootstrap tree #240, logLikelihood: -4228.678423
[00:00:05] [worker #8] Bootstrap tree #233, logLikelihood: -4153.966304
[00:00:05] [worker #28] Bootstrap tree #253, logLikelihood: -4182.677557
[00:00:05] [worker #2] Bootstrap tree #227, logLikelihood: -4228.563532
[00:00:05] [worker #0] Bootstrap tree #225, logLikelihood: -4170.448030
[00:00:05] [worker #14] Bootstrap tree #271, logLikelihood: -4294.141140
[00:00:05] [worker #9] Bootstrap tree #266, logLikelihood: -4077.073916
[00:00:05] [worker #30] Bootstrap tree #287, logLikelihood: -4273.657413
[00:00:05] [worker #22] Bootstrap tree #279, logLikelihood: -4204.321317
[00:00:05] [worker #20] Bootstrap tree #277, logLikelihood: -4117.712549
[00:00:05] [worker #11] Bootstrap tree #268, logLikelihood: -4279.119018
-4194.046429[
00:00:05] [worker #16] Bootstrap tree #273, logLikelihood: -4197.390212
[00:00:05] [worker #18] Bootstrap tree #275, logLikelihood: -4248.050721
[00:00:05] [worker #4] Bootstrap tree #261, logLikelihood: -4241.700142
[00:00:05] [worker #2] Bootstrap tree #259, logLikelihood: -4278.399970
[00:00:05] [worker #3] Bootstrap tree #260, logLikelihood: -4149.277765
[00:00:05] [worker #17] Bootstrap tree #274, logLikelihood: -4188.453618
[00:00:05] [worker #21] Bootstrap tree #278, logLikelihood: -4220.125335
[00:00:05] [worker #8] Bootstrap tree #265, logLikelihood: -4295.689428
[00:00:05] [worker #25] Bootstrap tree #282, logLikelihood: -4310.198310
[[00:00:05] [worker #12] Bootstrap tree #269, logLikelihood: -4186.636868
00:00:05] [worker #29] Bootstrap tree #286, logLikelihood: -4268.390332
[00:00:05] [worker #7] Bootstrap tree #264, logLikelihood: -4244.626428
[worker #24] Bootstrap tree #281, logLikelihood: -4188.706495
[worker #24] Bootstrap tree #281, logLikelihood: -4188.706495
[00:00:05] [worker #31] Bootstrap tree #288, logLikelihood: -4323.139208[
[worker #24] Bootstrap tree #281, logLikelihood: -4188.706495
[00:00:05] [worker #31] Bootstrap tree #288, logLikelihood: -4323.139208[
00:00:05] [worker #13] Bootstrap tree #270, logLikelihood: -4342.832574
[00:00:05] [worker #23] Bootstrap tree #280, logLikelihood: -4080.334059
[00:00:05] [worker #19] Bootstrap tree #276, logLikelihood: -4185.661408
[00:00:05] [worker #15] Bootstrap tree #272, logLikelihood: -4228.350414
[00:00:05] [worker #6] Bootstrap tree #263, logLikelihood: -4250.042288
[00:00:05] [worker #26] Bootstrap tree #283, logLikelihood: -4190.982763
[00:00:06] [worker #10] Bootstrap tree #267, logLikelihood: -4239.250748
[00:00:06] [worker #0] Bootstrap tree #257, logLikelihood: -4211.442370
[00:00:06] [worker #5] Bootstrap tree #262, logLikelihood: -4251.285826
[00:00:06] [worker #28] Bootstrap tree #285, logLikelihood: -4251.354731
[00:00:06] [worker #1] Bootstrap tree #258, logLikelihood: -4201.515796
[00:00:06] [worker #9] Bootstrap tree #298, logLikelihood: -4091.606412
[00:00:06] [worker #14] Bootstrap tree #303, logLikelihood: -4249.189544
[00:00:06] [worker #30] Bootstrap tree #319, logLikelihood: -4251.618038
[00:00:06] [worker #22] Bootstrap tree #311, logLikelihood: -4223.034221
[00:00:06] [worker #4] Bootstrap tree #293, logLikelihood: -4281.641326
[00:00:06] [worker #8] Bootstrap tree #297, logLikelihood: -4151.943586
[00:00:06] [worker #17] Bootstrap tree #306, logLikelihood: -4292.049534
[00:00:06] [worker #25] Bootstrap tree #314, logLikelihood: -4235.751270
[00:00:06] [worker #15] Bootstrap tree #304, logLikelihood: -4192.863067
[00:00:06] [worker #24] Bootstrap tree #313, logLikelihood: -4195.474042
[00:00:06] [worker #26] Bootstrap tree #315, logLikelihood: -4112.659890
[00:00:06] [worker #2] Bootstrap tree #291, logLikelihood: -4216.053937
[00:00:06] [worker #21] Bootstrap tree #310, logLikelihood: -4161.739976
[00:00:06] [worker #19] Bootstrap tree #308, logLikelihood: -4269.616396
[00:00:06] [worker #16] Bootstrap tree #305, logLikelihood: -4177.848888
[00:00:06] [worker #11] Bootstrap tree #300, logLikelihood: -4395.995511
[00:00:06] [worker #12] Bootstrap tree #301, logLikelihood: -4348.136628
[00:00:06] [worker #3] Bootstrap tree #292, logLikelihood: -4219.156960
[00:00:06] [worker #10] Bootstrap tree #299, logLikelihood: -4199.109323
[00:00:06] [worker #20] Bootstrap tree #309, logLikelihood: -4261.619738
[00:00:06] [worker #1] Bootstrap tree #290, logLikelihood: -4144.523803
[00:00:06] [worker #7] Bootstrap tree #296, logLikelihood: -4254.670736
[00:00:06] [worker #13] Bootstrap tree #302, logLikelihood: -4093.356658
[00:00:06] [worker #29] Bootstrap tree #318, logLikelihood: -4272.368201
[00:00:06] [worker #31] Bootstrap tree #320, logLikelihood: -4237.495333
[00:00:06] [worker #18] Bootstrap tree #307, logLikelihood: -4240.921649
-4245.092004
[00:00:06] [worker #28] Bootstrap tree #317, logLikelihood: -4279.021972
[00:00:06] [worker #5] Bootstrap tree #294, logLikelihood: -4217.557077
[00:00:06] [worker #23] Bootstrap tree #312, logLikelihood: -4261.447746
[00:00:06] [worker #6] Bootstrap tree #295, logLikelihood: -4181.289094
[00:00:06] [worker #0] Bootstrap tree #289, logLikelihood: -4227.222578
[00:00:07] [worker #27] Bootstrap tree #348, logLikelihood: -4203.348649
[00:00:07] [worker #28] Bootstrap tree #349, logLikelihood: -4181.964888
[00:00:07] [worker #2] Bootstrap tree #323, logLikelihood: -4186.204971
[00:00:07] [worker #17] Bootstrap tree #338, logLikelihood: -4264.607759
[00:00:07] [worker #30] Bootstrap tree #351, logLikelihood: -4243.015789
[00:00:07] [worker #3] Bootstrap tree #324, logLikelihood: [00:00:07-4285.788112] [worker #4] Bootstrap tree #325, logLikelihood: 
[00:00:07] [worker #3] Bootstrap tree #324, logLikelihood: [00:00:07-4285.788112] [worker #4] Bootstrap tree #325, logLikelihood: 
[00:00:07] -4231.058816[worker #1] Bootstrap tree #322

[00:00:07] [worker #6] Bootstrap tree #327, logLikelihood: -4230.549302
[00:00:07] [worker #25] Bootstrap tree #346, logLikelihood: -4266.457093
[00:00:07] [worker #13] Bootstrap tree #334, logLikelihood: -4281.043991[
00[00:00:07] [worker #13] Bootstrap tree #334, logLikelihood: -4281.043991[
00:00:07] [worker #8] Bootstrap tree #329, logLikelihood: -4208.978110
[:00:07] [worker #15] Bootstrap tree #336, logLikelihood: -4286.555096
[00:000::00:07] [worker #19] Bootstrap tree #Bootstrap tree #340347, logLikelihood: , logLikelihood: -4144.740785-4214.464132
[00:000::00:07] [worker #19] Bootstrap tree #Bootstrap tree #340347, logLikelihood: , logLikelihood: -4144.740785-4214.464132

[00:00:07] [worker #31] Bootstrap tree #352, logLikelihood: -4216.784529
[00:00:07] [worker #12] Bootstrap tree #333, logLikelihood: -4208.018706
[00:00:07] [worker #21] Bootstrap tree #342, logLikelihood: -4178.645114
[00:00:07] [worker #14] Bootstrap tree #335, logLikelihood: -4198.105879
[00:00:07] [worker #18] Bootstrap tree #339, logLikelihood: -4160.372659
[00:00:07] [worker #16] Bootstrap tree #337, logLikelihood: -4319.091833
[00:00:07] [worker #22] Bootstrap tree #343, logLikelihood: -4243.189945
[00:00:07] [worker #24] Bootstrap tree #345, logLikelihood: -4218.971416
[00:00:07] [worker #11] Bootstrap tree #332, logLikelihood: -4286.524710
[00:00:07] [worker #5] Bootstrap tree #326, logLikelihood: -4196.777533
[00:00:07] [worker #7] Bootstrap tree #328, logLikelihood: -4261.666278
[00:00:07] [worker #23] Bootstrap tree #344, logLikelihood: -4295.967293
[00:00:07] [worker #10] Bootstrap tree #331, logLikelihood: -4213.932841
[00:00:07] [worker #9] Bootstrap tree #330, logLikelihood: -4219.134223
[00:00:07] [worker #20] Bootstrap tree #341, logLikelihood: -4304.555226
[00:00:07] [worker #29] Bootstrap tree #350, logLikelihood: -4175.509756
[00:00:07] [worker #0] Bootstrap tree #321, logLikelihood: -4211.673144
[00:00:07] [worker #28] Bootstrap tree #381, logLikelihood: -4297.787204
[00:00:07] [worker #4] Bootstrap tree #357, logLikelihood: -4310.179934
[00:00:07] [worker #15] Bootstrap tree #368, logLikelihood: -4117.489280
[00:00:07] [worker #1] Bootstrap tree #354, logLikelihood: -4191.936025
[00:00:07] [worker #25] Bootstrap tree #378, logLikelihood: -4243.377428
[00:00:07] [worker #9] Bootstrap tree #362, logLikelihood: -4239.281083
[00:00:07] [worker #14] Bootstrap tree #367, logLikelihood: -4170.300244
[00:00:07] [worker #13] Bootstrap tree #366, logLikelihood: -4229.127297
[00:00:07] [worker #3] Bootstrap tree #356, logLikelihood: -4250.802771
[00:00:07] [worker #18] Bootstrap tree #371, logLikelihood: -4318.136799
[00:00:07] [worker #19] Bootstrap tree #372, logLikelihood: -4177.248697
[00:00:07] [worker #30] Bootstrap tree #383, logLikelihood: -4254.341596
[00:00:07] [worker #27] Bootstrap tree #380, logLikelihood: -4225.190964[00:l[00:00:07] [worker #27] Bootstrap tree #380, logLikelihood: -4225.190964[00:l00:07] [worker #17] Bootstrap tree #370, logLikelihood: -4253.557396
[00:00:07] [worker #11] Bootstrap tree #364, logLikelihood: -4300.145614
[00:00:07] [worker #6] Bootstrap tree #359, logLikelihood: -4244.818452
[00:00:07] [worker #26] Bootstrap tree #379, logLikelihood: -4232.331194
[00:00:07] [worker #2] Bootstrap tree #355, logLikelihood: -4272.885808
[00:00:07] [worker #31] Bootstrap tree #384, logLikelihood: -4296.055986
[00:00:07] [worker #21] Bootstrap tree #374, logLikelihood: -4203.507747
[00:00:07] [worker #24] Bootstrap tree #377, logLikelihood: -4325.432616
[00:00:07] [worker #8] Bootstrap tree #361, logLikelihood: -4286.031859
[00:00:07] [worker #23] Bootstrap tree #376, logLikelihood: -4260.462079
[00:00:07] [worker #20] Bootstrap tree #373, logLikelihood: -4210.583461
[00:00:07] [worker #5] Bootstrap tree #358, logLikelihood: -4226.846973
[00:00:07] [worker #10] Bootstrap tree #363, logLikelihood: -4197.984002
[00:00:07] [worker #7] Bootstrap tree #360, logLikelihood: -4224.423339
[00:00:07] [worker #16] Bootstrap tree #369, logLikelihood: -4278.095114
[00:00:07] [worker #29] Bootstrap tree #382, logLikelihood: -4233.868484
[00:00:07] [worker #22] Bootstrap tree #375, logLikelihood: -4243.671459
[00:00:08] [worker #12] Bootstrap tree #365, logLikelihood: -4280.503253
[00:00:08] [worker #0] Bootstrap tree #353, logLikelihood: -4254.440699
[00:00:08] [worker #29] Bootstrap tree #414, logLikelihood: -4181.841422
[00:00:08] [worker #14] Bootstrap tree #399, logLikelihood: -4236.541530
[00:00:08] [worker #5] Bootstrap tree #390, logLikelihood: -4146.537179
[00:00:08] [worker #18] Bootstrap tree #403, logLikelihood: -4332.958580
[00:00:08] [worker #6] Bootstrap tree #391, logLikelihood: -4242.661896
[00:00:08] [worker #28] Bootstrap tree #413, logLikelihood: -4219.317813
[00:00:08] [worker #20] Bootstrap tree #405, logLikelihood: -4162.281883
-4249.992759
[00:00:08] [worker #27] Bootstrap tree #412, logLikelihood: -4199.631883
[00:00:08] [worker #1] Bootstrap tree #386, logLikelihood: -4105.620908
[00:00:08] [worker #23] Bootstrap tree #408, logLikelihood: -4231.502963
[[00:000:008:] 00:08Bootstrap tree #] 394[worker #16] Bootstrap tree #401, logLikelihood: -4156.906477-4183.202722
[[00:000:008:] 00:08Bootstrap tree #] 394[worker #16] Bootstrap tree #401, logLikelihood: -4156.906477-4183.202722

[00:00:08] [worker #31] Bootstrap tree #416, logLikelihood: -4214.443974
[00:00:08] [worker #3] Bootstrap tree #388, logLikelihood: -4226.796782
[00:00:08] [worker #10] Bootstrap tree #395, logLikelihood: -4238.020056
[00:00:08] [worker #25] Bootstrap tree #410, logLikelihood: -4276.901194
[00:00:08] [worker #12] Bootstrap tree #397, logLikelihood: -4218.737937
[00:00:08] [worker #4] Bootstrap tree #389, logLikelihood: -4238.857958
[00:00:08] [worker #19] Bootstrap tree #404, logLikelihood: -4198.126446
[00:00:08] [worker #21] Bootstrap tree #406, logLikelihood: -4179.906993
[00:00:08] [worker #15] Bootstrap tree #400, logLikelihood: -4197.957896
[00:00:08] [worker #13] Bootstrap tree #398, logLikelihood: -4235.157162
[00:00:08] [worker #24] Bootstrap tree #409, logLikelihood: -4207.730737
[00:00:08] [worker #22] Bootstrap tree #407, logLikelihood: -4223.624889
[00:00:08] [worker #30] Bootstrap tree #415, logLikelihood: -4205.354898
[00:00:08] [worker #8] Bootstrap tree #393, logLikelihood: -4304.939961
[00:00:08] [worker #7] Bootstrap tree #392, logLikelihood: -4126.973342
[00:00:08] [worker #26] Bootstrap tree #411, logLikelihood: -4184.181273
[00:00:08] [worker #2] Bootstrap tree #387, logLikelihood: -4190.488653
[00:00:08] [worker #17] Bootstrap tree #402, logLikelihood: -4235.664431
[00:00:08] [worker #0] Bootstrap tree #385, logLikelihood: -4178.147436
[00:00:09] [worker #14] Bootstrap tree #431, logLikelihood: -4347.971794
[00:00:09] [worker #10] Bootstrap tree #427, logLikelihood: -4222.563346
[00:00:09] [worker #9] Bootstrap tree #426, logLikelihood: -4227.317297
[00:00:09] [worker #11] Bootstrap tree #428, logLikelihood: -4215.478538
[00:00:09] [worker #25] Bootstrap tree #442, logLikelihood: -4216.812498
[00:00:09] [worker #22] Bootstrap tree #439, logLikelihood: -4162.391732
-4214.227239
[00:00:09] [worker #29] Bootstrap tree #446, logLikelihood: -4289.361119
-4164.704111[[
00:00:09] [worker #18] Bootstrap tree #435, logLikelihood: -4251.312910
-4207.444282
[00:00:09] [worker #23] Bootstrap tree #440, logLikelihood: -4292.974101
[00:00:09] [worker #3] Bootstrap tree #420, logLikelihood: -4194.487202
[00:00:09] [worker #1] Bootstrap tree #418, logLikelihood: -4233.184432
[00:00:09] [worker #20] Bootstrap tree #437, logLikelihood: -4258.305893
[00:00:09] [worker #4] Bootstrap tree #421, logLikelihood: -4290.206815
[00:00:09] [worker #15] Bootstrap tree #432, logLikelihood: -4385.456754
[00:00:09] [worker #2] Bootstrap tree #419, logLikelihood: -4290.542392
[00:00:09] [worker #24] Bootstrap tree #441, logLikelihood: -4175.220821
[00:00:09] [worker #31] Bootstrap tree #448, logLikelihood: -4290.576469
[00:00:09] [worker #17] Bootstrap tree #434, logLikelihood: -4214.317833
[00:00:09] [worker #21] Bootstrap tree #438, logLikelihood: [-4185.203690
-4260.642467
[00:00:09] [worker #19] Bootstrap tree #436, logLikelihood: -4169.206418
[[00:0000::0009:] 09] [worker #27] Bootstrap tree #444Bootstrap tree #, logLikelihood: 443, logLikelihood: -4113.662420-4247.256414
[[00:0000::0009:] 09] [worker #27] Bootstrap tree #444Bootstrap tree #, logLikelihood: 443, logLikelihood: -4113.662420-4247.256414
[
[[00:0000::0009:] 09] [worker #27] Bootstrap tree #444Bootstrap tree #, logLikelihood: 443, logLikelihood: -4113.662420-4247.256414
[
00:00:09] [worker #12] Bootstrap tree #429, logLikelihood: -4256.446891
[[00:0000::0009:] 09] [worker #27] Bootstrap tree #444Bootstrap tree #, logLikelihood: 443, logLikelihood: -4113.662420-4247.256414
[
00:00:09] [worker #12] Bootstrap tree #429, logLikelihood: -4256.446891
[00:00:09] [worker #30] Bootstrap tree #447, logLikelihood: -4292.500954
[[00:0000::0009:] 09] [worker #27] Bootstrap tree #444Bootstrap tree #, logLikelihood: 443, logLikelihood: -4113.662420-4247.256414
[
00:00:09] [worker #12] Bootstrap tree #429, logLikelihood: -4256.446891
[00:00:09] [worker #30] Bootstrap tree #447, logLikelihood: -4292.500954
[00:00:09] [worker #16] Bootstrap tree #433, logLikelihood: -4222.973901
[00:00:09] [worker #8] Bootstrap tree #425, logLikelihood: -4218.576046
[00:00:09] [worker #7] Bootstrap tree #424, logLikelihood: -4130.880176
[00:00:09] [worker #0] Bootstrap tree #417, logLikelihood: -4261.190890
[00:00:10] [worker #21] Bootstrap tree #470, logLikelihood: -4185.808667
[00:00:10] [worker #1] Bootstrap tree #450, logLikelihood: -4254.225335
[00:00:10] [worker #3] Bootstrap tree #452, logLikelihood: -4154.360231
[00:00:10] [worker #10] Bootstrap tree #459, logLikelihood: -4173.485151
[00:00:10] [worker #30] Bootstrap tree #479, logLikelihood: -4315.945189
[00:00:10] [worker #31] Bootstrap tree #480, logLikelihood: -4182.140580
[00:00:10] [worker #22] Bootstrap tree #471, logLikelihood: -4128.996057
[00:00:10] [worker #9] Bootstrap tree #458, logLikelihood: -4235.109434
[00:00:10] [worker #28] Bootstrap tree #477, logLikelihood: -4249.584180
[00:00:10] [worker #25] Bootstrap tree #474, logLikelihood: -4350.385484
[00:00:10] [worker #7] Bootstrap tree #456, logLikelihood: -4262.809470
[00:00:10] [worker #14] Bootstrap tree #463, logLikelihood: -4191.184685
[00:00:10] [worker #12] Bootstrap tree #461, logLikelihood: -4274.998688
[00:00:10] [worker #20] Bootstrap tree #469, logLikelihood: -4317.949496
[00:00:10] [worker #2] Bootstrap tree #451, logLikelihood: -4175.566227
[00:00:10] [worker #15] Bootstrap tree #464, logLikelihood: -4210.998678
[00:00:10] [worker #11] Bootstrap tree #460, logLikelihood: -4209.880464
[00:00:10] [worker #8] Bootstrap tree #457, logLikelihood: -4256.445757
[00:00:10] [worker #29] Bootstrap tree #478, logLikelihood: -4246.852675
[[00:00:10] [worker #19] Bootstrap tree #468, logLikelihood: 00:0:10] [[[00:00:10] [worker #19] Bootstrap tree #468, logLikelihood: 00:0:10] [worker #27] Bootstrap tree #476, logLikelihood: -4128.854403
[00:00:10] [worker #5] Bootstrap tree #454, logLikelihood: -4190.525201
[00:00:10] [worker #24] Bootstrap tree #473, logLikelihood: -4211.997082
[00:00:10] [worker #16] Bootstrap tree #465, logLikelihood: -4285.935133
[00:00:10] [worker #4] Bootstrap tree #453, logLikelihood: -4256.648512
[00:00:10] [worker #6] Bootstrap tree #455, logLikelihood: -4215.165383
[00:00:10] [worker #0] Bootstrap tree #449, logLikelihood: -4182.271275
[00:00:10] [worker #17] Bootstrap tree #466, logLikelihood: -4357.169841
[00:00:10] [worker #13] Bootstrap tree #462, logLikelihood: -4125.770491
[00:00:10] [worker #23] Bootstrap tree #472, logLikelihood: -4179.792758
[00:00:10] [worker #26] Bootstrap tree #475, logLikelihood: -4255.504241
[00:00:10] [worker #18] Bootstrap tree #467, logLikelihood: -4219.085802
[00:00:10] [worker #7] Bootstrap tree #488, logLikelihood: -4182.094252
[00:00:10] [worker #30] Bootstrap tree #511, logLikelihood: -4230.330725
[00:00:10] [worker #10] Bootstrap tree #491, logLikelihood: -4241.486745
[00:00:10] [worker #8] Bootstrap tree #489, logLikelihood: -4211.168605
[00:00:10] [worker #28] Bootstrap tree #509, logLikelihood: -4221.681316
[00:00:10] [worker #20] Bootstrap tree #501, logLikelihood: -4153.422710
[00:00:10] [worker #16] Bootstrap tree #497, logLikelihood: -4230.336142
[00:00:10] [worker #3] Bootstrap tree #484, logLikelihood: -4189.630045
[00:00:10] [worker #21] Bootstrap tree #502, logLikelihood: -4263.676863
[[00:00:10] [worker #1] Bootstrap tree #482, logLikelihood: -4221.22006600:
[[00:00:10] [worker #1] Bootstrap tree #482, logLikelihood: -4221.22006600:
00:10] [worker #5] Bootstrap tree #486, logLikelihood: -4189.351181
[00:00:10] [worker #9] Bootstrap tree #490, logLikelihood: -4243.953910
[00:00:10] [worker #27] Bootstrap tree #508, logLikelihood: -4225.489612
[00:00:10] [worker #22] Bootstrap tree #503, logLikelihood: -4275.522679
[00:00:10] [worker #14] Bootstrap tree #495, logLikelihood: -4146.085187
[00:00:10] [worker #31] Bootstrap tree #512, logLikelihood: -4253.912174
[00:00:10] [worker #24] Bootstrap tree #505, logLikelihood: -4280.504591
[00:00:10] [worker #4] Bootstrap tree #485, logLikelihood: -4168.848842
[00:00:10] [worker #2] Bootstrap tree #483, logLikelihood: -4256.494788
[00:00:10] [worker #17] Bootstrap tree #498, logLikelihood: -4171.294377
[00:00:10] [worker #25] Bootstrap tree #506, logLikelihood: -4188.542743
[00:00:10] [worker #11] Bootstrap tree #492, logLikelihood: -4261.584220
[00:00:10] [worker #12] Bootstrap tree #493, logLikelihood: -4173.898744
[00:00:10] [worker #13] Bootstrap tree #494, logLikelihood: -4273.023612
[00:00:10] [worker #19] Bootstrap tree #500, logLikelihood: -4213.648259
[00:00:10] [worker #15] Bootstrap tree #496, logLikelihood: -4294.476019
[00:00:10] [worker #0] Bootstrap tree #481, logLikelihood: -4203.797680
[00:00:10] [worker #29] Bootstrap tree #510, logLikelihood: -4135.815329
[00:00:10] [worker #26] Bootstrap tree #507, logLikelihood: -4174.472787
[00:00:10] [worker #18] Bootstrap tree #499, logLikelihood: -4193.925859
[00:00:10] [worker #23] Bootstrap tree #504, logLikelihood: -4237.761454
[00:00:10] [worker #6] Bootstrap tree #487, logLikelihood: -4250.256297
[00:00:11] [worker #20] Bootstrap tree #533, logLikelihood: -4085.603871
[00:00:11] [worker #30] Bootstrap tree #543, logLikelihood: -4205.700790
[00:00:11] [worker #31] Bootstrap tree #544, logLikelihood: -4315.541532
[00:00:11] [worker #13] Bootstrap tree #526, logLikelihood: -4150.263534
[00:00:11] [worker #24] Bootstrap tree #537, logLikelihood: -4289.364379
[00:00:11] [worker #16] Bootstrap tree #529, logLikelihood: -4239.604579
[00:00:11] [worker #4] Bootstrap tree #517, logLikelihood: -4201.616410
[00:00:11] [worker #3] Bootstrap tree #516, logLikelihood: -4316.990142
[00:00:11] [worker #7] Bootstrap tree #520, logLikelihood: -4231.959411
[[00:00:11] [worker #8] Bootstrap tree #521, logLikelihood: -4256.867195
00:00:11] [worker #27] Bootstrap tree #540, logLikelihood: -4194.410654
[00:00:11] [worker #29] Bootstrap tree #542, logLikelihood: -4258.290073
[00:00:11] [worker #25] Bootstrap tree #538, logLikelihood: -4226.635867
[00:00:11] [worker #23] Bootstrap tree #536, logLikelihood: -4172.062141
[00:00:11] [worker #22] Bootstrap tree #535, logLikelihood: -4325.979573
[00:00:11] [worker #18] Bootstrap tree #531, logLikelihood: -4215.491328
[00:00:11] [worker #10] Bootstrap tree #523, logLikelihood: -4281.499650
[00:00:11] [worker #28] Bootstrap tree #541, logLikelihood: -4223.957755
[00:00:11] [worker #21] Bootstrap tree #534, logLikelihood: -4249.815198
[00:00:11] [worker #1] Bootstrap tree #514, logLikelihood: -4233.344495
[00:00:11] [worker #2] Bootstrap tree #515, logLikelihood: -4267.134870
[00:00:11] [worker #19] Bootstrap tree #532, logLikelihood: -4194.671243
[00:00:11] [worker #0] Bootstrap tree #513, logLikelihood: -4217.246264
[00:00:11] [worker #14] Bootstrap tree #527, logLikelihood: -4267.527315
[00:00:11] [worker #15] Bootstrap tree #528, logLikelihood: -4160.337012
[00:00:11] [worker #6] Bootstrap tree #519, logLikelihood: -4244.398216
[00:00:11] [worker #11] Bootstrap tree #524, logLikelihood: -4261.731443
[00:00:11] [worker #5] Bootstrap tree #518, logLikelihood: -4139.014337
[00:00:11] [worker #9] Bootstrap tree #522, logLikelihood: -4236.099967
[00:00:12] [worker #26] Bootstrap tree #539, logLikelihood: -4266.511993
[00:00:12] [worker #17] Bootstrap tree #530, logLikelihood: -4069.192454
[00:00:12] [worker #12] Bootstrap tree #525, logLikelihood: -4199.056862
[00:00:12] [worker #7] Bootstrap tree #552, logLikelihood: -4264.010491
[00:00:12] [worker #31] Bootstrap tree #576, logLikelihood: -4171.708089
[00:00:12] [worker #8] Bootstrap tree #553, logLikelihood: -4173.862538
[00:00:12] [worker #20] Bootstrap tree #565, logLikelihood: -4133.704648
[00:00:12] [worker #21] Bootstrap tree #566, logLikelihood: -4343.141603
[[00:00:12] [worker #6] Bootstrap tree #551, logLikelihood: -4138.768085
[00:00:12] [worker #1] Bootstrap tree #546, logLikelihood: -4312.975099
00:00:12] [worker #30] Bootstrap tree #575, logLikelihood: -4195.856541
[00:00:12] [worker #19] Bootstrap tree #564, logLikelihood: -4207.126278
[00:00:12] [worker #16] Bootstrap tree #561, logLikelihood: -4242.031908[
-4337.999779
[00:00:12] [worker #29] Bootstrap tree #574, logLikelihood: -4169.537383
[00:00:12] [worker #28] Bootstrap tree #573, logLikelihood: -4226.486826
[00:00:12] [worker #4] Bootstrap tree #549, logLikelihood: -4265.228948
[00:00:12] [worker #18] Bootstrap tree #563, logLikelihood: -4294.075488
[00:00:12] [worker #15] Bootstrap tree #560, logLikelihood: -4196.338119
[00:00:12] [worker #3] Bootstrap tree #548, logLikelihood: -4234.933110
[00:00:12] [worker #22] Bootstrap tree #567, logLikelihood: -4184.983237
[00:00:12] [worker #24] Bootstrap tree #569, logLikelihood: -4275.394118
[00:00:12] [worker #13] Bootstrap tree #558, logLikelihood: -4290.721497
[00:00:12] [worker #2] Bootstrap tree #547, logLikelihood: -4189.217366
[00:00:12] [worker #10] Bootstrap tree #555, logLikelihood: -4302.692794
[00:00:12] [worker #23] Bootstrap tree #568, logLikelihood: -4303.009391
[00:00:12] [worker #14] Bootstrap tree #559, logLikelihood: -4277.610508
[00:00:12] [worker #5] Bootstrap tree #550, logLikelihood: -4109.784295
[00:00:12] [worker #25] Bootstrap tree #570, logLikelihood: -4227.873453
[00:00:12] [worker #17] Bootstrap tree #562, logLikelihood: -4377.078471
[00:00:12] [worker #11] Bootstrap tree #556, logLikelihood: -4210.184394
[00:00:12] [worker #9] Bootstrap tree #554, logLikelihood: -4308.011474
[00:00:12] [worker #0] Bootstrap tree #545, logLikelihood: -4172.351308
[00:00:12] [worker #12] Bootstrap tree #557, logLikelihood: -4149.406775
[00:00:12] [worker #26] Bootstrap tree #571, logLikelihood: -4222.109412
[00:00:13] [worker #30] Bootstrap tree #607, logLikelihood: -4203.568239
[00:00:13] [worker #6] Bootstrap tree #583, logLikelihood: -4271.812862
[00:00:13] [[worker #5] Bootstrap tree #582, logLikelihood: 0:00:13] [worker #31] Bootstrap tree #608, logLikelihood: -4147.342843
[00:00:13] [[worker #5] Bootstrap tree #582, logLikelihood: 0:00:13] [worker #31] Bootstrap tree #608, logLikelihood: -4147.342843
-4173.870664
[00:00:13] [worker #29] Bootstrap tree #606, logLikelihood: -4216.031177
[00:00:13] [worker #23] Bootstrap tree #600, logLikelihood: -4205.038207
[00:00:13] [worker #18] Bootstrap tree #595, logLikelihood: -4240.281417
[00:00:13] [worker #21] Bootstrap tree #598, logLikelihood: -4183.049243
[00:00:13] [worker #28] Bootstrap tree #605, logLikelihood: -4273.726488
[00:00:13] [worker #22] Bootstrap tree #599, logLikelihood: -4233.497390
[00:00:13] [worker #27] Bootstrap tree #604, logLikelihood: -4101.818825
[00:00:13] [worker #24] Bootstrap tree #601, logLikelihood: -4242.938378
[00:00:13] [worker #17] Bootstrap tree #594, logLikelihood: -4181.622439
[00:00:13] [worker #4] Bootstrap tree #581, logLikelihood: -4199.076268
[00:00:13] [worker #15] Bootstrap tree #592, logLikelihood: -4148.103857
[00:00:13] [worker #11] Bootstrap tree #588, logLikelihood: -4214.343810
[00:00:13] [worker #19] Bootstrap tree #596, logLikelihood: -4077.044976
[00:00:13] [worker #8] Bootstrap tree #585, logLikelihood: -4222.267749
[00:00:13] [worker #3] Bootstrap tree #580, logLikelihood: -4255.627417
[00:00:13] [worker #25] Bootstrap tree #602, logLikelihood: -4257.563944
[00:00:13] [worker #7] Bootstrap tree #584, logLikelihood: -4239.481265
[00:00:13] [worker #26] Bootstrap tree #603, logLikelihood: -4207.331073
[00:00:13] [worker #1] Bootstrap tree #578, logLikelihood: -4166.619371
[00:00:13] [worker #10] Bootstrap tree #587, logLikelihood: -4236.707023
[00:00:13] [worker #9] Bootstrap tree #586, logLikelihood: -4292.974899
[00:00:13] [worker #12] Bootstrap tree #589, logLikelihood: -4289.590324
[00:00:13] [worker #0] Bootstrap tree #577, logLikelihood: -4274.582724
00[00::0000::13] ] [worker #14] [worker #13] Bootstrap tree #274.582724
[ker 591590, logLikelihood: , logLikelihood: -4239.476962-4295.652945
00[00::0000::13] ] [worker #14] [worker #13] Bootstrap tree #274.582724
[ker 591590, logLikelihood: , logLikelihood: -4239.476962-4295.652945

[00:00:13] [worker #2] Bootstrap tree #579, logLikelihood: -4253.970409
[00:00:13] [worker #20] Bootstrap tree #597, logLikelihood: -4248.915648
[00:00:13] [worker #16] Bootstrap tree #593, logLikelihood: -4230.735525
[00:00:13] [worker #5] Bootstrap tree #614, logLikelihood: -4099.431453
[00:00:13] [worker #23] Bootstrap tree #632, logLikelihood: -4220.904345
[00:00:13] [worker #31] Bootstrap tree #640, logLikelihood: -4247.818089
[00:00:13] [worker #18] Bootstrap tree #627, logLikelihood: -4155.215793
[[00:00:13] [worker #28] Bootstrap tree #637, logLikelihood: -4240.473802
00:00:13] [worker #6] Bootstrap tree #615, logLikelihood: -4242.409860
[00:00:13] [worker #30] Bootstrap tree #639, logLikelihood: -4143.991450
[00:00:13] [worker #17] Bootstrap tree #626, logLikelihood: -4141.128760
[00:00:13] [worker #19] Bootstrap tree #628, logLikelihood: -4266.314681
[00:00:13] [worker #26] Bootstrap tree #635, logLikelihood: -4176.349137
[00:00:13] [worker #29] Bootstrap tree #638, logLikelihood: -4257.805152
[00:00:13] [worker #8] Bootstrap tree #617, logLikelihood: -4194.314203
[00:00:13] [worker #15] Bootstrap tree #624, logLikelihood: -4276.811249
[00:00:13] [worker #27] Bootstrap tree #636, logLikelihood: -4218.265369
[00:00:13] [worker #24] Bootstrap tree #633, logLikelihood: -4214.678794
[00:00:13] [worker #22] Bootstrap tree #631, logLikelihood: -4272.298094
[00:00:13] [worker #21] Bootstrap tree #630, logLikelihood: -4245.755542
[[00:00:13] [worker #7] Bootstrap tree #616, logLikelihood: -4283.1020500-4194.989755
[00:00:13] [worker #4] Bootstrap tree #613, logLikelihood: -4292.591062
[00:00:13] [worker #9] Bootstrap tree #618, logLikelihood: -4175.106274
[00:00:13] [worker #2] Bootstrap tree #611, logLikelihood: -4153.240370
[00:00:13] [worker #1] Bootstrap tree #610, logLikelihood: -4224.293976
[00:00:13] [worker #16] Bootstrap tree #625, logLikelihood: -4312.348016
[00:00:13] [worker #10] Bootstrap tree #619, logLikelihood: -4203.925089
[00:00:13] [worker #3] Bootstrap tree #612, logLikelihood: -4327.041268
[00:00:13] [worker #11] Bootstrap tree #620, logLikelihood: -4163.782932
[00:00:14] [worker #0] Bootstrap tree #609, logLikelihood: -4251.098904
[00:00:14] [worker #20] Bootstrap tree #629, logLikelihood: -4211.173117
[00:00:14] [worker #12] Bootstrap tree #621, logLikelihood: -4250.155424
[00:00:14] [worker #14] Bootstrap tree #623, logLikelihood: -4209.262025
[00:00:14] [worker #13] Bootstrap tree #622, logLikelihood: -4217.966402
[00:00:15] [worker #15] Bootstrap tree #656, logLikelihood: -4212.884590
[00:00:15] [worker #31] Bootstrap tree #672, logLikelihood: -4309.499067
[00:00:15] [worker #8] Bootstrap tree #649, logLikelihood: -4255.862917
[00:00:15] [worker #22] Bootstrap tree #663, logLikelihood: -4205.411363
[00:00:15] [worker #26] Bootstrap tree #667, logLikelihood: -4261.843315
[00:00:15] [worker #12] Bootstrap tree #653, logLikelihood: -4204.670611
[00:00:15] [worker #9] Bootstrap tree #650, logLikelihood: -4319.034444
[00:00:15] [worker #27] Bootstrap tree #668, logLikelihood: -4221.600341
[00:00:15] [worker #19] Bootstrap tree #660, logLikelihood: -4166.136754
[00:00:15] [worker #10] Bootstrap tree #651, logLikelihood: -4202.553663
[00:00:15] [worker #1] Bootstrap tree #642, logLikelihood: -4194.386241
[00:00:15] [worker #28] Bootstrap tree #669, logLikelihood: -4146.208576
[00:00:15] [worker #3] Bootstrap tree #644, logLikelihood: -4296.700097
[00:00:15] [worker #25] Bootstrap tree #666, logLikelihood: -4273.166094
[00:00:15] [worker #30] Bootstrap tree #671, logLikelihood: -4293.795175
[00:00:15] [worker #17] Bootstrap tree #658, logLikelihood: -4298.740721
[00:00:15] [worker #0] Bootstrap tree #641, logLikelihood: -4264.112878
[00:00:15] [worker #16] Bootstrap tree #657, logLikelihood: -4325.963148
[00:00:15] [worker #11] Bootstrap tree #652, logLikelihood: -4350.939577
[00:00:15] [worker #21] Bootstrap tree #662, logLikelihood: -4201.515639
[00:00:15] [worker #2] Bootstrap tree #643, logLikelihood: -4177.840383
[00:00:15] [worker #18] Bootstrap tree #659, logLikelihood: -4220.322407
[00:00:15] [worker #4] Bootstrap tree #645, logLikelihood: -4209.932957
[00:00:15] [worker #23] Bootstrap tree #664, logLikelihood: -4177.410807
[00:00:15] [worker #6] Bootstrap tree #647, logLikelihood: -4258.250886
[00:00:15] [worker #13] Bootstrap tree #654, logLikelihood: -4111.320832
[00:00:15] [worker #15] Bootstrap tree #688, logLikelihood: -4235.799673
[00:00:15] [worker #20] Bootstrap tree #661, logLikelihood: -4118.342597
[00:00:15] [worker #7] Bootstrap tree #648, logLikelihood: -4222.233650
[00:00:15] [worker #14] Bootstrap tree #655, logLikelihood: -4246.073350
[00:00:15] [worker #29] Bootstrap tree #670, logLikelihood: -4283.434952
[00:00:15] [worker #24] Bootstrap tree #665, logLikelihood: -4149.456116
[00:00:15] [worker #8] Bootstrap tree #681, logLikelihood: -4160.360879
[00:00:15] [worker #5] Bootstrap tree #646, logLikelihood: -4225.192023
[00:00:15] [worker #9] Bootstrap tree #682, logLikelihood: -4236.977507
[00:00:16] [worker #31] Bootstrap tree #704, logLikelihood: -4260.382141
[00:00:16] [worker #22] Bootstrap tree #695, logLikelihood: -4262.177191
[00:00:16] [worker #27] Bootstrap tree #700, logLikelihood: -4215.865510
[00:00:16] [worker #12] Bootstrap tree #685, logLikelihood: -4171.021845
[00:00:16] [worker #26] Bootstrap tree #699, logLikelihood: -4206.656698
[00:00:16] [worker #10] Bootstrap tree #683, logLikelihood: -4197.722908
[00:00:16] [worker #3] Bootstrap tree #676, logLikelihood: -4124.456477
[00:00:16] [worker #23] Bootstrap tree #696, logLikelihood: -4242.005353
[00:00:16] [worker #19] Bootstrap tree #692, logLikelihood: -4238.246062
[00:00:16] [worker #25] Bootstrap tree #698, logLikelihood: -4130.496426
[00:00:16] [worker #1] Bootstrap tree #674, logLikelihood: -4226.118397
[00:00:16] [worker #13] Bootstrap tree #686, logLikelihood: -4238.827478
[00:00:16] [worker #14] Bootstrap tree #687, logLikelihood: -4246.009118
[00:00:16] [worker #30] Bootstrap tree #703, logLikelihood: -4270.152688
[00:00:16] [worker #2] Bootstrap tree #675, logLikelihood: -4232.698670
[00:00:16] [worker #28] Bootstrap tree #701, logLikelihood: -4260.354420
[00:00:16] [worker #7] Bootstrap tree #680, logLikelihood: -4285.161099
[00:00:16] [worker #16] Bootstrap tree #689, logLikelihood: -4180.858493
[00:00:16] [worker #11] Bootstrap tree #684, logLikelihood: -4249.464197
[00:00:16] [worker #4] Bootstrap tree #677, logLikelihood: -4233.066886
[00:00:16] [worker #17] Bootstrap tree #690, logLikelihood: -4263.189888
[00:00:16] [worker #18] Bootstrap tree #691, logLikelihood: -4284.309792
[00:00:16] [worker #6] Bootstrap tree #679, logLikelihood: -4271.361279
[00:00:16] [worker #5] Bootstrap tree #678, logLikelihood: -4273.906088
[00:00:16] [worker #24] Bootstrap tree #697, logLikelihood: -4193.301596
[00:00:16] [worker #21] Bootstrap tree #694, logLikelihood: -4259.829333
[00:00:16] [worker #20] Bootstrap tree #693, logLikelihood: -4231.203532
[00:00:16] [worker #29] Bootstrap tree #702, logLikelihood: -4214.030269
[00:00:16] [worker #0] Bootstrap tree #673, logLikelihood: -4123.092956
[00:00:17] [worker #25] Bootstrap tree #730, logLikelihood: -4239.972936
[00:00:17] [worker #20] Bootstrap tree #725, logLikelihood: -4178.327016[
-4193.880777[
-4214.730171
[00:00:17] [worker #19] Bootstrap tree #724, logLikelihood: -4203.494646
[00:00:17] [worker #9] Bootstrap tree #714, logLikelihood: -4162.945316
[00:00:17] [worker #15] Bootstrap tree #720, logLikelihood: -4214.792146
[00:00:17] [worker #11] Bootstrap tree #716, logLikelihood: -4165.697233
[00:00:17] [worker #3] Bootstrap tree #708, logLikelihood: -4279.283553
[00:00:17] [worker #7] Bootstrap tree #712, logLikelihood: -4314.894121
[00:00:17] [worker #31] Bootstrap tree #736, logLikelihood: -4143.778136
[00:00:17] [worker #5] Bootstrap tree #710, logLikelihood: -4237.794935[
-4169.065342
[00:00:17] [worker #29] Bootstrap tree #734, logLikelihood: -4245.025212
[00:00:17] [worker #4] Bootstrap tree #709, logLikelihood: -4172.818929
[00:00:17] [worker #23] Bootstrap tree #728, logLikelihood: -4195.857300
[00:00:17] [worker #28] Bootstrap tree #733, logLikelihood: -4127.240113
[00:00:17] [worker #30] Bootstrap tree #735, logLikelihood: -4198.067904
[00:00:17] [worker #24] Bootstrap tree #729, logLikelihood: -4170.857493
[00:00:17] [worker #22] Bootstrap tree #727, logLikelihood: -4142.020748
[00:00:17] [worker #14] Bootstrap tree #719, logLikelihood: -4201.688474
[00:00:17] [worker #16] Bootstrap tree #721, logLikelihood: -4281.543349
[00:00:17] [worker #1] Bootstrap tree #706, logLikelihood: -4338.730039
[00:00:17] [worker #21] Bootstrap tree #726, logLikelihood: -4201.073310
[00:00:17] [worker #10] Bootstrap tree #715, logLikelihood: -4239.791878
[00:00:17] [worker #12] Bootstrap tree #717, logLikelihood: -4243.394666
[00:00:17] [worker #6] Bootstrap tree #711, logLikelihood: -4222.220714
[00:00:17] [worker #13] Bootstrap tree #718, logLikelihood: -4268.818689
[00:00:17] [worker #0] Bootstrap tree #705, logLikelihood: -4146.501959
[00:00:17] [worker #17] Bootstrap tree #722, logLikelihood: -4185.793913
[00:00:17] [worker #2] Bootstrap tree #707, logLikelihood: -4250.779117
[00:00:17] [worker #26] Bootstrap tree #731, logLikelihood: -4240.170928
[00:00:17] [worker #8] Bootstrap tree #745, logLikelihood: -4298.061837
[00:00:17] [worker #18] Bootstrap tree #755, logLikelihood: -4237.748448
[00:00:17] [worker #15] Bootstrap tree #752, logLikelihood: -4325.371396
[00:00:17] [worker #27] Bootstrap tree #764, logLikelihood: -4177.173759
[00:00:17] [worker #20] Bootstrap tree #757, logLikelihood: -4142.919770
[00:00:17] [worker #11] Bootstrap tree #748, logLikelihood: -4190.482868
[00:00:17] [worker #5] Bootstrap tree #742, logLikelihood: -4220.751187
[00:00:17] [worker #31] Bootstrap tree #768, logLikelihood: -4179.806457
[00:00:17] [worker #19] Bootstrap tree #756, logLikelihood: -4141.986826
[00:00:17] [worker #7] Bootstrap tree #744, logLikelihood: -4276.217154
[00:00:17] [worker #9] Bootstrap tree #746, logLikelihood: -4232.410892
[00:00:17] [worker #28] Bootstrap tree #765, logLikelihood: -4235.670714
[00:00:17] [worker #3] Bootstrap tree #740, logLikelihood: -4174.024012
[00:00:17] [worker #23] Bootstrap tree #760, logLikelihood: -4304.501651
[00:00:17] [worker #29] Bootstrap tree #766, logLikelihood: -4281.710075
00[00:00:17] [worker #16] Bootstrap tree #753, logLikelihood: -4138.101161
:00:17] [worker #25] Bootstrap tree #762, logLikelihood: -4179.871369
[00:00:17] [worker #24] Bootstrap tree #761, logLikelihood: -4292.949693
[00:00:17] [worker #4] Bootstrap tree #741, logLikelihood: -4255.674800
[00:00:17] [worker #14] Bootstrap tree #751, logLikelihood: -4113.448371
[00:00:17] [worker #12] Bootstrap tree #749, logLikelihood: -4203.360178
[00:00:17] [worker #30] Bootstrap tree #767, logLikelihood: -4176.248326
[00:00:17] [worker #10] Bootstrap tree #747, logLikelihood: -4147.263551
[00:00:17] [worker #1] Bootstrap tree #738, logLikelihood: -4194.187297
00:00:17] [worker #22] Bootstrap tree #759, logLikelihood: -4134.467591
[00:00:17] [worker #17] Bootstrap tree #754, logLikelihood: -4183.972454
[[00:00:17] [worker #21] Bootstrap tree #758, logLikelihood: -4155.287107
00:00:17] [worker #2] Bootstrap tree #739, logLikelihood: -4318.775461
[00:00:17] [worker #6] Bootstrap tree #743, logLikelihood: -4211.793912
[00:00:17] [worker #13] Bootstrap tree #750, logLikelihood: -4163.362563
[00:00:17] [worker #26] Bootstrap tree #763, logLikelihood: -4261.572488
[00:00:17] [worker #0] Bootstrap tree #737, logLikelihood: -4168.197388
[00:00:19] [worker #19] Bootstrap tree #788, logLikelihood: -4269.052375
[00:00:19] [worker #6] Bootstrap tree #775, logLikelihood: -4218.708667
[00:00:19] [worker #8] Bootstrap tree #777, logLikelihood: -4216.821729
[00:00:19] [worker #30] Bootstrap tree #799, logLikelihood: -4228.541388
[00:00:19] [worker #7] Bootstrap tree #776, logLikelihood: -4218.644799
[00:00:19] [worker #21] Bootstrap tree #790, logLikelihood: -4228.171272
[00:00:19] [worker #25] Bootstrap tree #794, logLikelihood: -4215.937433
19] [worker #28] Bootstrap tree #797, logLikelihood: -4162.759212
[00:00:19] [worker #4] Bootstrap tree #773, logLikelihood: -4259.938299
[00:00:19] [worker #5] Bootstrap tree #774, logLikelihood: -4200.253523
[00:00:19] [worker #3] Bootstrap tree #772, logLikelihood: -4279.636843
[00:00:19] [worker #1] Bootstrap tree #770, logLikelihood: -4207.061891
[00:00:19] [worker #20] Bootstrap tree #789, logLikelihood: -4211.102886
[00:00:19] [worker #11] Bootstrap tree #780, logLikelihood: -4245.882469
[00:00:19] [worker #10] Bootstrap tree #779, logLikelihood: -4193.796445
[00:00:19] [worker #12] Bootstrap tree #781, logLikelihood: -4244.526770
[00:00:19] [worker #26] Bootstrap tree #795, logLikelihood: -4137.899632
[00:00:19] [worker #29] Bootstrap tree #798, logLikelihood: -4147.494617
[00:00:19] [worker #29] Bootstrap tree #798, logLikelihood: -4147.494617
[00:00:19] [worker #15] Bootstrap tree #784, logLikelihood: -4156.749507
[00:00:19] [worker #27] Bootstrap tree #796, logLikelihood: -4223.780593
[00:00:19] [worker #17] Bootstrap tree #786, logLikelihood: -4237.182905
[[[[[00:00:19] [worker #13] Bootstrap tree #782, logLikelihood: 00:00:19] [worker #9] Bootstrap tree #
[worker #23] ] [worker #13] Bootstrap tree #782, logLikelihood: 00:00:19] [worker #9] Bootstrap tree #
778, logLikelihood: -4279.140413
00:00:19] [worker #22] Bootstrap tree #791, logLikelihood: -4215.237919
Bootstrap tree #792, logLikelihood: -4174.575507
00:00:19] [worker #18] Bootstrap tree #787, logLikelihood: -4242.951929
[00:00:19] [worker #16] Bootstrap tree #785, logLikelihood: -4278.596482
[00:00:19] [worker #31] Bootstrap tree #800, logLikelihood: -4278.178559
[00:00:19] [worker #2] Bootstrap tree #771, logLikelihood: -4271.778702
[00:00:19] [worker #14] Bootstrap tree #783, logLikelihood: -4219.695101
[00:00:19] [worker #0] Bootstrap tree #769, logLikelihood: -4197.514310
[00:00:19] [worker #24] Bootstrap tree #793, logLikelihood: -4253.347257
[00:00:19] [worker #19] Bootstrap tree #820, logLikelihood: -4226.897313
[00:00:19] [worker #6] Bootstrap tree #807, logLikelihood: -4199.637127
[00:00:19] [worker #1] Bootstrap tree #802, logLikelihood: -4204.100392
[00:00:19] [worker #11] Bootstrap tree #812, logLikelihood: -4321.774349
[00:00:19] [worker #10] Bootstrap tree #811, logLikelihood: -4116.675302
[00:00:19] [worker #3] Bootstrap tree #804, logLikelihood: -4266.686460
[00:00:19] [worker #28] Bootstrap tree #829, logLikelihood: -4078.729138
[00:00:19] [worker #21] Bootstrap tree #822, logLikelihood: -4240.277744
[00:00:19] [worker #26] Bootstrap tree #827, logLikelihood: -4239.283341
[00:00:19] [worker #8] Bootstrap tree #809, logLikelihood: -4255.071257
00:00:19] [worker #30] Bootstrap tree #831, logLikelihood: -4211.417241
[00:00:19] [worker #25] Bootstrap tree #826, logLikelihood: -4179.438311
[00:00:19] [worker #5] Bootstrap tree #806, logLikelihood: -4267.965675
[00:00:19] [worker #4] Bootstrap tree #805, logLikelihood: -4201.119432
[00:00:19] [worker #2] Bootstrap tree #803, logLikelihood: -4216.732871
[00:00:19] [worker #12] Bootstrap tree #813, logLikelihood: -4168.381300
] [worker #16] [[00:00:19] [worker #27] Bootstrap tree #828, logLikelihood: Bootstrap tree #817, logLikelihood: -4274.410527
] [worker #16] [[00:00:19] [worker #27] Bootstrap tree #828, logLikelihood: Bootstrap tree #817, logLikelihood: -4274.410527
-4204.064120
-4171.772778
[00:00:19] [worker #18] Bootstrap tree #819, logLikelihood: -4223.011897
[00:00:19] [worker #17] Bootstrap tree #818, logLikelihood: -4195.805527
[00:00:19] [worker #29] Bootstrap tree #830, logLikelihood: -4312.733338
[00:00:19] [worker #20] Bootstrap tree #821, logLikelihood: -4214.192518
[00:00:19] [worker #22] Bootstrap tree #823, logLikelihood: -4156.144928
[00:00:19] [worker #31] Bootstrap tree #832, logLikelihood: -4326.970405
[00:00:19] [worker #24] Bootstrap tree #825, logLikelihood: -4182.562298
[00:00:19] [worker #23] Bootstrap tree #824, logLikelihood: -4213.760878
[00:00:19] [worker #15] Bootstrap tree #816, logLikelihood: -4298.896907
[00:00:19] [worker #7] Bootstrap tree #808, logLikelihood: -4265.368400
[00:00:19] [worker #14] Bootstrap tree #815, logLikelihood: -4264.729544
[00:00:19] [worker #13] Bootstrap tree #814, logLikelihood: -4219.875276
[00:00:19] [worker #0] Bootstrap tree #801, logLikelihood: -4187.494828
[00:00:21] [worker #31] Bootstrap tree #864, logLikelihood: -4245.791285
[00:00:21] [worker #19] Bootstrap tree #852, logLikelihood: -4289.380982
[00:00:21] [worker #8] Bootstrap tree #841, logLikelihood: -4223.530794
[00:00:21] [worker #9] Bootstrap tree #842, logLikelihood: -4308.014368
[00:00:21] [worker #1] Bootstrap tree #834, logLikelihood: -4138.604557
[00:00:21] [worker #26] Bootstrap tree #859, logLikelihood: -4218.698085
[00:00:21] [worker #13] Bootstrap tree #846, logLikelihood: -4210.225889
[00:00:21] [worker #12] Bootstrap tree #845, logLikelihood: -4215.261548
[00:00:21] [worker #28] Bootstrap tree #861, logLikelihood: -4256.202723
00:00:21] [worker #15] Bootstrap tree #848, logLikelihood: -4294.525829
[[[000:00:21] [worker #24] Bootstrap tree #:00:21] [worker #7] Bootstrap tree #840, logLikelihood: 0:00:21] [worker #23] Bootstrap tree #, logLikelihood: 856, logLikelihood: -4265.181515
[[[000:00:21] [worker #24] Bootstrap tree #:00:21] [worker #7] Bootstrap tree #840, logLikelihood: 0:00:21] [worker #23] Bootstrap tree #, logLikelihood: 856, logLikelihood: -4265.181515

[00:00:21] [worker #21] Bootstrap tree #854, logLikelihood: -4238.841159
[00:00:21] [worker #11] Bootstrap tree #844, logLikelihood: -4241.148433
[00:00:21] [worker #5] Bootstrap tree #838, logLikelihood: -4362.112630
[00:00:21] [worker #10] Bootstrap tree #843, logLikelihood: -4222.389154
[00:00:21] [worker #17] Bootstrap tree #850, logLikelihood: -4313.348919
[00:00:21] [worker #18] Bootstrap tree #851, logLikelihood: -4191.706132
[00:00:21] [worker #20] Bootstrap tree #853, logLikelihood: -4214.539982
[00:00:21] [worker #4] Bootstrap tree #837, logLikelihood: -4145.927010
[00:00:21] [worker #16] Bootstrap tree #849, logLikelihood: -4202.970655
:00:21] [worker #25] Bootstrap tree #858, logLikelihood: -4201.633051
[00:00:21] [worker #29] Bootstrap tree #862, logLikelihood: -4189.956390
[00:00:21] [worker #2] Bootstrap tree #835, logLikelihood: -4218.163353
[[000:000:21] 00:Bootstrap tree #21836] , logLikelihood: [worker #30] Bootstrap tree #863, logLikelihood: -4198.601476
[[000:000:21] 00:Bootstrap tree #21836] , logLikelihood: [worker #30] Bootstrap tree #863, logLikelihood: -4198.601476
-4186.517389
00:00:21] [worker #14] Bootstrap tree #847, logLikelihood: -4258.426365
[00:00:21] [worker #6] Bootstrap tree #839, logLikelihood: -4207.270639
[00:00:21] [worker #27] Bootstrap tree #860, logLikelihood: -4237.494632
[00:00:21] [worker #22] Bootstrap tree #855, logLikelihood: -4212.952479
[00:00:21] [worker #0] Bootstrap tree #833, logLikelihood: -4256.261770
[00:00:21] [worker #31] Bootstrap tree #896, logLikelihood: -4221.955098
[00:00:21] [worker #19] Bootstrap tree #884, logLikelihood: -4226.756368
[00:00:21] [worker #8] Bootstrap tree #873, logLikelihood: -4261.197081
[00:00:21] [worker #1] Bootstrap tree #866, logLikelihood: -4225.324842
] [worker #28] Bootstrap tree #893, logLikelihood: -4189.564177
[00:00:21] [worker #17] Bootstrap tree #882, logLikelihood: -4152.038829
-4241.161344[
[worker #11] Bootstrap tree #876, logLikelihood: -4185.972198
[00:00:21] [worker #10] Bootstrap tree #875, logLikelihood: -4142.805270
[00:00:21] [worker #13] Bootstrap tree #878, logLikelihood: -4163.682893
[00:00:21] [worker #9] Bootstrap tree #874, logLikelihood: -4324.445439
[00:00:21] [worker #7] Bootstrap tree #872, logLikelihood: -4107.956497
[00:00:21] [worker #23] Bootstrap tree #888, logLikelihood: -4171.976594
[00:00:21] [worker #3] Bootstrap tree #868, logLikelihood: -4168.343362
[00:00:21] [worker #18] Bootstrap tree #883, logLikelihood: -4295.341521

[00:00:21] [worker #30] Bootstrap tree #895, logLikelihood: -4193.764306
[00:00:21] [worker #25] Bootstrap tree #890, logLikelihood: -4151.170526
00:00:21] [worker #6] Bootstrap tree #871, logLikelihood: -4209.623279
[00:00:21] [worker #5] Bootstrap tree #870, logLikelihood: -4073.861411
[00:00:21] [worker #16] Bootstrap tree #881, logLikelihood: -4269.929439
[00:00:21] [worker #20] Bootstrap tree #885, logLikelihood: -4169.586317
[00:00:21] [worker #29] Bootstrap tree #894, logLikelihood: -4197.112003
[00:00:21] [worker #2] Bootstrap tree #867, logLikelihood: -4122.431606
[00:00:21] [worker #14] Bootstrap tree #879, logLikelihood: -4279.600898
[00:00:21] [worker #21] Bootstrap tree #886, logLikelihood: -4278.935327
[00:00:21] [worker #27] Bootstrap tree #892, logLikelihood: -4309.791470
[00:00:21] [worker #4] Bootstrap tree #869, logLikelihood: -4193.938427
[00:00:21] [worker #12] Bootstrap tree #877, logLikelihood: -4233.032777
[00:00:21] [worker #24] Bootstrap tree #889, logLikelihood: -4213.070643
[00:00:21] [worker #22] Bootstrap tree #887, logLikelihood: -4232.684948
[00:00:22] [worker #0] Bootstrap tree #865, logLikelihood: -4329.145050
[00:00:23] [worker #8] Bootstrap tree #905, logLikelihood: -4216.787776
[00:00:23] [worker #23] Bootstrap tree #920, logLikelihood: -4319.374178
[00:00:23] [worker #10] Bootstrap tree #907, logLikelihood: -4160.736404
-4200.180723[
-4277.202897
[00:00:23] [worker #28] Bootstrap tree #925, logLikelihood: -4255.162210
[00:00:23] [worker #16] Bootstrap tree #913, logLikelihood: -4218.379600
00:00:23] [worker #13] Bootstrap tree #910, logLikelihood: -4206.324305
[00:00:23] [worker #29] Bootstrap tree #926, logLikelihood: -4314.522131
[00:00:23] [worker #6] Bootstrap tree #903, logLikelihood: -4278.753003
[00:00:23] [worker #25] Bootstrap tree #922, logLikelihood: -4263.622242
00:00:23] [worker #12] Bootstrap tree #909, logLikelihood: -4223.384329
[00:00:23] [worker #11] Bootstrap tree #908, logLikelihood: -4241.552480
[00:00:23] [worker #30] Bootstrap tree #927, logLikelihood: -4234.323570
[00:00:23] [worker #4] Bootstrap tree #901, logLikelihood: -4132.141585
[00:00:23] [worker #15] Bootstrap tree #912, logLikelihood: -4192.494888
[00:00:23] [worker #3] Bootstrap tree #900, logLikelihood: -4148.902001
[00:00:23] [worker #14] Bootstrap tree #911, logLikelihood: -4231.397640
[00:00:23] [worker #9] Bootstrap tree #906, logLikelihood: -4204.661444
[00:00:23] [worker #1] Bootstrap tree #898, logLikelihood: -4182.176408
[00:00:23] [worker #27] Bootstrap tree #924, logLikelihood: -4366.397054
[00:00:23] [worker #20] Bootstrap tree #917, logLikelihood: -4252.595720
00:23] [worker #2] Bootstrap tree #899, logLikelihood: [-4186.86122800:00
:00:23] [worker #2] Bootstrap tree #899, logLikelihood: [-4186.86122800:00
:23] [worker #5] Bootstrap tree #902, logLikelihood: -4249.878340
[00:00:23] [worker #7] Bootstrap tree #904, logLikelihood: -4223.885273
[00:00:23] [worker #17] Bootstrap tree #914, logLikelihood: -4156.413776
[00:00:23] [worker #21] Bootstrap tree #918, logLikelihood: -4176.850713
[00:00:23] [worker #19] Bootstrap tree #916, logLikelihood: -4158.424452
[00:00:23] [worker #31] Bootstrap tree #928, logLikelihood: -4127.522619
[00:00:23] [worker #24] Bootstrap tree #921, logLikelihood: -4190.714165
[00:00:23] [worker #18] Bootstrap tree #915, logLikelihood: -4261.362991
[00:00:23] [worker #28] Bootstrap tree #957, logLikelihood: -4266.406021
[00:00:23] [worker #8] Bootstrap tree #937, logLikelihood: -4195.562904
[00:00:23] [worker #26] Bootstrap tree #955, logLikelihood: -4296.528808
[00:00:23] [worker #25] Bootstrap tree #954, logLikelihood: -4255.216226
[00:00:23] [worker #29] Bootstrap tree #958, logLikelihood: -4182.587421
[00:00:23] [worker #0] Bootstrap tree #897, logLikelihood: -4264.997413
[00:00:23] [worker #14] Bootstrap tree #943, logLikelihood: -4235.145296
[00:00:24] [worker #22] Bootstrap tree #951, logLikelihood: -4235.222201
[00:00:24] [worker #23] Bootstrap tree #952, logLikelihood: -4179.640666
[00:00:24] [worker #11] Bootstrap tree #940, logLikelihood: -4190.869340
[00:00:24] [worker #10] Bootstrap tree #939, logLikelihood: -4302.105844
[00:00:24] [worker #12] Bootstrap tree #941, logLikelihood: -4265.180028
[00:00:24] [worker #2] Bootstrap tree #931, logLikelihood: -4189.373381
[00:00:24] [worker #17] Bootstrap tree #946, logLikelihood: -4155.898617
[00:00:24] [worker #16] Bootstrap tree #945, logLikelihood: -4233.061566
[00:00:24] [worker #6] Bootstrap tree #935, logLikelihood: -4199.805788
[00:00:24] [worker #15] Bootstrap tree #944, logLikelihood: -4227.991277
[00:00:24] [worker #7] Bootstrap tree #936, logLikelihood: -4167.608488
[00:00:24] [worker #20] Bootstrap tree #949, logLikelihood: -4188.815195
[00:00:24] [worker #27] Bootstrap tree #956, logLikelihood: -4286.071443
[00:00:24] [worker #13] Bootstrap tree #942, logLikelihood: -4297.092548
[00:00:24] [worker #4] Bootstrap tree #933, logLikelihood: -4248.734615
[00:00:24] [worker #31] Bootstrap tree #960, logLikelihood: -4220.240794
[00:00:24] [worker #19] Bootstrap tree #948, logLikelihood: -4143.922171
[00:00:24] [worker #3] Bootstrap tree #932, logLikelihood: -4309.257254
[00:00:24] [worker #21] Bootstrap tree #950, logLikelihood: -4281.807992
[00:00:24] [worker #9] Bootstrap tree #938, logLikelihood: -4146.932571
[00:00:24] [worker #30] Bootstrap tree #959, logLikelihood: -4277.918992
[00:00:24] [worker #1] Bootstrap tree #930, logLikelihood: -4273.066957
[00:00:24] [worker #5] Bootstrap tree #934, logLikelihood: -4163.647057
[00:00:24] [worker #24] Bootstrap tree #953, logLikelihood: -4214.933241
[00:00:24] [worker #18] Bootstrap tree #947, logLikelihood: -4238.718819
[00:00:24] [worker #0] Bootstrap tree #929, logLikelihood: -4199.479552
[00:00:26] [worker #13] Bootstrap tree #974, logLikelihood: -4178.119635
[00:00:26] [worker #11] Bootstrap tree #972, logLikelihood: -4265.135336
[00:00:26] [worker #27] Bootstrap tree #988, logLikelihood: -4136.003189
[00:00:26] [worker #7] Bootstrap tree #968, logLikelihood: -4288.675029
[00:00:26] [worker #2] Bootstrap tree #963, logLikelihood: -4267.867247
[00:00:26] [worker #5] Bootstrap tree #966, logLikelihood: -4226.261235
:00:26] [worker #23] Bootstrap tree #984, logLikelihood: -4219.511025
[00:00:26] [worker #26] Bootstrap tree #987, logLikelihood: -4163.983477
[00:00:26] [worker #17] Bootstrap tree #978, logLikelihood: -4216.699699
[00:00:26] [worker #20] Bootstrap tree #981, logLikelihood: [00:00:26] [worker #31] Bootstrap tree #992, logLikelihood: -4215.274313
[00:00:26] [worker #20] Bootstrap tree #981, logLikelihood: [00:00:26] [worker #31] Bootstrap tree #992, logLikelihood: -4215.274313
-4264.126931
[00:00:26] [worker #3] Bootstrap tree #964, logLikelihood: -4175.566114
[00:00:26] [worker #16] Bootstrap tree #977, logLikelihood: -4245.600271
[00:00:26] [worker #22] Bootstrap tree #983, logLikelihood: -4233.062680
[00:00:26] [worker #6] Bootstrap tree #967, logLikelihood: -4291.794626
-4176.885527
[00:00:26] [worker #30] Bootstrap tree #991, logLikelihood: -4198.434301
[00:00:26] [worker #1] Bootstrap tree #962, logLikelihood: -4197.944337
[00:00:26] [worker #21] Bootstrap tree #982, logLikelihood: -4270.955330
[00:00:26] [worker #8] Bootstrap tree #969, logLikelihood: -4165.535603
[00:00:26] [worker #25] Bootstrap tree #986, logLikelihood: -4192.011991
[00:00:26] [worker #28] Bootstrap tree #989, logLikelihood: -4262.572551
[00:00:26] [worker #24] Bootstrap tree #985, logLikelihood: -4255.642061
[00:00:26] [worker #10] Bootstrap tree #971, logLikelihood: -4203.767037
[00:00:26] [worker #4] Bootstrap tree #965, logLikelihood: -4162.341418
[00:00:26] [worker #15] Bootstrap tree #976, logLikelihood: -4210.534098
[00:00:26] [worker #18] Bootstrap tree #979, logLikelihood: -4202.639373
[00:00:26] [worker #19] Bootstrap tree #980, logLikelihood: -4154.850264
[00:00:26] [worker #9] Bootstrap tree #970, logLikelihood: -4288.712628
[00:00:26] [worker #29] Bootstrap tree #990, logLikelihood: -4271.627828
[00:00:26] [worker #14] Bootstrap tree #975, logLikelihood: -4166.645286
[00:00:26] [worker #0] Bootstrap tree #961, logLikelihood: -4204.670454
[00:00:26] [worker #5] Bootstrap tree #998, logLikelihood: -4212.140826
[00:00:26] [worker #7] Bootstrap tree #1000, logLikelihood: -4240.078113
[00:00:26] [worker #3] Bootstrap tree #996, logLikelihood: -4295.886038
[00:00:26] [worker #2] Bootstrap tree #995, logLikelihood: -4178.733356
[00:00:26] [worker #4] Bootstrap tree #997, logLikelihood: -4101.559994
[00:00:27] [worker #6] Bootstrap tree #999, logLikelihood: -4173.252971
[00:00:27] [worker #1] Bootstrap tree #994, logLikelihood: -4249.610043
[00:00:27] [worker #0] Bootstrap tree #993, logLikelihood: -4201.276448

Optimized model parameters:

   Partition 0: noname
   Rate heterogeneity: GAMMA (4 cats, mean),  alpha: 0.277452 (ML),  weights&rates: (0.250000,0.003645) (0.250000,0.087113) (0.250000,0.555920) (0.250000,3.353321) 
   Base frequencies (ML): 0.337465 0.144654 0.116557 0.401324 
   Substitution rates (ML): 1.524158 2.902361 0.620410 1.095383 3.096187 1.000000 


Final LogLikelihood: -4232.781931

AIC score: 8533.563862 / AICc score: 8534.357724 / BIC score: 8738.152317
Free parameters (model + branch lengths): 34

WARNING: Best ML tree contains 5 near-zero branches!

Best ML tree with collapsed near-zero branches saved to: /mnt/lustre/RDS-live/downing/LSDV/GTPV_SPPV/results_GTPV/LSDV039.raxml.bestTreeCollapsed
Best ML tree saved to: /mnt/lustre/RDS-live/downing/LSDV/GTPV_SPPV/results_GTPV/LSDV039.raxml.bestTree
All ML trees saved to: /mnt/lustre/RDS-live/downing/LSDV/GTPV_SPPV/results_GTPV/LSDV039.raxml.mlTrees
Best ML tree with Felsenstein bootstrap (FBP) support values saved to: /mnt/lustre/RDS-live/downing/LSDV/GTPV_SPPV/results_GTPV/LSDV039.raxml.supportFBP
Best ML tree with Transfer bootstrap (TBE) support values saved to: /mnt/lustre/RDS-live/downing/LSDV/GTPV_SPPV/results_GTPV/LSDV039.raxml.supportTBE
Optimized model saved to: /mnt/lustre/RDS-live/downing/LSDV/GTPV_SPPV/results_GTPV/LSDV039.raxml.bestModel
Bootstrap trees saved to: /mnt/lustre/RDS-live/downing/LSDV/GTPV_SPPV/results_GTPV/LSDV039.raxml.bootstraps

Execution log saved to: /mnt/lustre/RDS-live/downing/LSDV/GTPV_SPPV/results_GTPV/LSDV039.raxml.log

Analysis started: 24-Nov-2025 14:14:27 / finished: 24-Nov-2025 14:14:56

Elapsed time: 28.899 seconds

