
RAxML-NG v. 1.2.2 released on 11.04.2024 by The Exelixis Lab.
Developed by: Alexey M. Kozlov and Alexandros Stamatakis.
Contributors: Diego Darriba, Tomas Flouri, Benoit Morel, Sarah Lutteropp, Ben Bettisworth, Julia Haag, Anastasis Togkousidis.
Latest version: https://github.com/amkozlov/raxml-ng
Questions/problems/suggestions? Please visit: https://groups.google.com/forum/#!forum/raxml

System: AMD EPYC 7543P 32-Core Processor, 32 cores, 995 GB RAM

RAxML-NG was called at 24-Nov-2025 16:17:02 as follows:

raxml-ng --all --msa region_LSDV036.aln --model GTR+G --prefix LSDV036 --seed 123 --bs-metric fbp,tbe --redo

Analysis options:
  run mode: ML tree search + bootstrapping (Felsenstein Bootstrap + Transfer Bootstrap)
  start tree(s): random (10) + parsimony (10)
  bootstrap replicates: parsimony (max: 1000) + bootstopping (autoMRE, cutoff: 0.030000)
  random seed: 123
  tip-inner: OFF
  pattern compression: ON
  per-rate scalers: OFF
  site repeats: ON
  logLH epsilon: general: 10.000000, brlen-triplet: 1000.000000
  fast spr radius: AUTO
  spr subtree cutoff: 1.000000
  fast CLV updates: ON
  branch lengths: proportional (ML estimate, algorithm: NR-FAST)
  SIMD kernels: AVX2
  parallelization: coarse-grained (auto), PTHREADS (auto)

WARNING: Running in REDO mode: existing checkpoints are ignored, and all result files will be overwritten!

[00:00:00] Reading alignment from file: region_LSDV036.aln
[00:00:00] Loaded alignment with 30 taxa and 606 sites

WARNING: Sequences PV167793.1 and PV434148.1 are exactly identical!
WARNING: Sequences PV167793.1 and PP886239.1 are exactly identical!
WARNING: Sequences PV167793.1 and PP886238.1 are exactly identical!
WARNING: Sequences PV167793.1 and PP886237.1 are exactly identical!
WARNING: Sequences PV167793.1 and PP886236.1 are exactly identical!
WARNING: Sequences PV167793.1 and PQ014465.1 are exactly identical!
WARNING: Sequences PV167793.1 and OQ434239.1 are exactly identical!
WARNING: Sequences PV167793.1 and OQ434238.1 are exactly identical!
WARNING: Sequences PV167793.1 and OQ434237.1 are exactly identical!
WARNING: Sequences PV167793.1 and OQ434236.1 are exactly identical!
WARNING: Sequences PV167793.1 and OQ434235.1 are exactly identical!
WARNING: Sequences PV167793.1 and OR239060.1 are exactly identical!
WARNING: Sequences PV167793.1 and NC_004002.1 are exactly identical!
WARNING: Sequences PV167793.1 and ON961657.1 are exactly identical!
WARNING: Sequences PV167793.1 and ON961656.1 are exactly identical!
WARNING: Sequences PV167793.1 and ON961655.1 are exactly identical!
WARNING: Sequences PV167793.1 and MT137384.1 are exactly identical!
WARNING: Sequences PV167793.1 and MW167071.1 are exactly identical!
WARNING: Sequences PV167793.1 and MW167070.1 are exactly identical!
WARNING: Sequences PV167793.1 and MW020571.1 are exactly identical!
WARNING: Sequences PV167793.1 and MN072631.1 are exactly identical!
WARNING: Sequences PV167793.1 and MN072630.1 are exactly identical!
WARNING: Sequences PV167793.1 and MN072629.1 are exactly identical!
WARNING: Sequences PV167793.1 and MN072628.1 are exactly identical!
WARNING: Sequences PV167793.1 and AY077832.1 are exactly identical!
WARNING: Sequences PV167793.1 and AY077834.1 are exactly identical!
WARNING: Sequences MN072627.1 and MN072626.1 are exactly identical!
WARNING: Duplicate sequences found: 27

NOTE: Reduced alignment (with duplicates and gap-only sites/taxa removed) 
NOTE: was saved to: /mnt/lustre/RDS-live/downing/LSDV/GTPV_SPPV/results_SPPV/LSDV036.raxml.reduced.phy

Alignment comprises 1 partitions and 10 patterns

Partition 0: noname
Model: GTR+FO+G4m
Alignment sites / patterns: 606 / 10
Gaps: 0.10 %
Invariant sites: 99.67 %


NOTE: Binary MSA file created: LSDV036.raxml.rba

Parallelization scheme autoconfig: 32 worker(s) x 1 thread(s)

[00:00:00] Generating 10 random starting tree(s) with 30 taxa
[00:00:00] Generating 10 parsimony starting tree(s) with 30 taxa
Parallel parsimony with 32 threads
Parallel reduction/worker buffer size: 1 KB  / 0 KB

[00:00:00] Data distribution: max. partitions/sites/weight per thread: 1 / 10 / 160
[00:00:00] Data distribution: max. searches per worker: 33

Starting ML tree search with 20 distinct starting trees

[00:00:00] [worker #5] ML tree search #6, logLikelihood: -734.555666
[00:00:00] [worker #0] ML tree search #1, logLikelihood: -734.556568
[00:00:00] [worker #7] ML tree search #8, logLikelihood: -740.759415
[00:00:00] [worker #12] ML tree search #13, logLikelihood: -734.562397
[00:00:00] [worker #19] ML tree search #20, logLikelihood: -734.561978
[00:00:00] [worker #11] ML tree search #12, logLikelihood: -734.562038
[00:00:00] [worker #2] ML tree search #3, logLikelihood: -740.759199
[00:00:00] [worker #13] ML tree search #14, logLikelihood: -734.562009
[00:00:00] [worker #16] ML tree search #17, logLikelihood: -734.562075
[00:00:00] [worker #17] ML tree search #18, logLikelihood: -734.562389
[00:00:00] [worker #18] ML tree search #19, logLikelihood: -734.561922
[00:00:00] [worker #9] ML tree search #10, logLikelihood: -734.555536
[00:00:00] [worker #14] ML tree search #15, logLikelihood: -734.562020
[00:00:00] [worker #3] ML tree search #4, logLikelihood: -734.556358
[00:00:00] [worker #8] ML tree search #9, logLikelihood: -734.556127
[00:00:00] [worker #4] ML tree search #5, logLikelihood: -734.556064
[00:00:00] [worker #15] ML tree search #16, logLikelihood: -734.562411
[00:00:00] [worker #10] ML tree search #11, logLikelihood: -734.562374
[00:00:00] [worker #1] ML tree search #2, logLikelihood: -734.555840
[00:00:00] [worker #6] ML tree search #7, logLikelihood: -734.556473

[00:00:00] ML tree search completed, best tree logLH: -734.555536

[00:00:00] Starting bootstrapping analysis with 1000 replicates.

[00:00:00] [worker #2] Bootstrap tree #3, logLikelihood: -748.196231
[00:00:00] [worker #17] Bootstrap tree #18, logLikelihood: -732.919470
[00:00:00] [worker #11] Bootstrap tree #12, logLikelihood: -718.839525
[00:00:00] [worker #28] Bootstrap tree #29, logLikelihood: -735.489170
[00:00:00] [worker #20] Bootstrap tree #21, logLikelihood: -720.306357
[00:00:00] [worker #24] Bootstrap tree #25, logLikelihood: -743.987061
[00:00:00] [worker #13] Bootstrap tree #14, logLikelihood: -727.947620
[00:00:00] [worker #6] Bootstrap tree #7, logLikelihood: -728.485971
[00:00:00] [worker #26] Bootstrap tree #27, logLikelihood: -720.419411
[00:00:00] [worker #16] Bootstrap tree #17, logLikelihood: -728.765856
[00:00:00] [worker #30] Bootstrap tree #31, logLikelihood: -700.732148
[00:00:00] [worker #18] Bootstrap tree #19, logLikelihood: -705.784238
[00:00:00] [worker #31] Bootstrap tree #32, logLikelihood: -732.504161
[00:00:00] [worker #1] Bootstrap tree #2, logLikelihood: -734.562360
[00:00:00] [worker #25] Bootstrap tree #26, logLikelihood: -727.145055
[00:00:00] [worker #23] Bootstrap tree #24, logLikelihood: -734.562131
[00:00:00] [worker #29] Bootstrap tree #30, logLikelihood: -734.561903
[00:00:00] [worker #19] Bootstrap tree #20, logLikelihood: -734.561922
[00:00:00] [worker #22] Bootstrap tree #23, logLikelihood: -726.948324
[00:00:00] [worker #7] Bootstrap tree #8, logLikelihood: -728.849766
[00:00:00] [worker #4] Bootstrap tree #5, logLikelihood: -727.840780
[00:00:00] [worker #10] Bootstrap tree #11, logLikelihood: -731.290610
[00:00:00] [worker #9] Bootstrap tree #10, logLikelihood: -744.266964
[00:00:00] [worker #21] Bootstrap tree #22, logLikelihood: -726.695951
[00:00:00] [worker #12] Bootstrap tree #13, logLikelihood: -725.368598
[00:00:00] [worker #3] Bootstrap tree #4, logLikelihood: -731.139197
[00:00:00] [worker #14] Bootstrap tree #15, logLikelihood: -719.242359
[00:00:00] [worker #5] Bootstrap tree #6, logLikelihood: -734.562113
[00:00:00] [worker #27] Bootstrap tree #28, logLikelihood: -716.944686
[00:00:00] [worker #11] Bootstrap tree #44, logLikelihood: -748.453485
[00:00:00] [worker #28] Bootstrap tree #61, logLikelihood: -743.677887
[00:00:00] [worker #15] Bootstrap tree #16, logLikelihood: -734.562020
[00:00:00] [worker #8] Bootstrap tree #9, logLikelihood: -702.488447
[00:00:00] [worker #2] Bootstrap tree #35, logLikelihood: -716.063215
[00:00:00] [worker #17] Bootstrap tree #50, logLikelihood: -727.279078
[00:00:00] [worker #6] Bootstrap tree #39, logLikelihood: -737.199059
[00:00:00] [worker #24] Bootstrap tree #57, logLikelihood: -720.067921
[00:00:00] [worker #30] Bootstrap tree #63, logLikelihood: -727.125515
[00:00:00] [worker #20] Bootstrap tree #53, logLikelihood: -714.282349
[00:00:00] [worker #13] Bootstrap tree #46, logLikelihood: -734.561985
[00:00:00] [worker #25] Bootstrap tree #58, logLikelihood: -725.565337
[00:00:00] [worker #26] Bootstrap tree #59, logLikelihood: -747.405728
[00:00:00] [worker #1] Bootstrap tree #34, logLikelihood: -734.562411
[00:00:00] [worker #16] Bootstrap tree #49, logLikelihood: -731.436511
[00:00:00] [worker #31] Bootstrap tree #64, logLikelihood: -734.562392
[00:00:00] [worker #18] Bootstrap tree #51, logLikelihood: -719.860448
[00:00:00] [worker #23] Bootstrap tree #56, logLikelihood: -765.241313
[00:00:00] [worker #3] Bootstrap tree #36, logLikelihood: -726.822322
[00:00:00] [worker #29] Bootstrap tree #62, logLikelihood: -751.280924
[00:00:00] [worker #19] Bootstrap tree #52, logLikelihood: -756.073002
[00:00:00] [worker #21] Bootstrap tree #54, logLikelihood: -713.329070
[00:00:00] [worker #0] Bootstrap tree #1, logLikelihood: -734.562366
[00:00:00] [worker #7] Bootstrap tree #40, logLikelihood: -743.591899
[00:00:00] [worker #4] Bootstrap tree #37, logLikelihood: -727.097677
[00:00:00] [worker #14] Bootstrap tree #47, logLikelihood: -721.623146
[00:00:00] [worker #5] Bootstrap tree #38, logLikelihood: -753.180637
[00:00:00] [worker #22] Bootstrap tree #55, logLikelihood: -722.825611
[00:00:00] [worker #8] Bootstrap tree #41, logLikelihood: -742.202721
[00:00:00] [worker #9] Bootstrap tree #42, logLikelihood: -713.287863
[00:00:01] [worker #10] Bootstrap tree #43, logLikelihood: -734.562405
[00:00:01] [worker #12] Bootstrap tree #45, logLikelihood: -745.574676
[00:00:01] [worker #27] Bootstrap tree #60, logLikelihood: -729.302209
[00:00:01] [worker #15] Bootstrap tree #48, logLikelihood: -718.395656
[00:00:01] [worker #0] Bootstrap tree #33, logLikelihood: -734.562052
[00:00:02] [worker #3] Bootstrap tree #68, logLikelihood: -721.063947
[00:00:02] [worker #19] Bootstrap tree #84, logLikelihood: -733.086075
[00:00:02] [worker #30] Bootstrap tree #95, logLikelihood: -727.961700
[00:00:02] [worker #31] Bootstrap tree #96, logLikelihood: -719.884471
[00:00:02] [worker #15] Bootstrap tree #80, logLikelihood: -717.908252
[00:00:02] [worker #12] Bootstrap tree #77, logLikelihood: -700.036706
[00:00:02] [worker #29] Bootstrap tree #94, logLikelihood: -737.138279
[00:00:02] [worker #11] Bootstrap tree #76, logLikelihood: -727.029993
[00:00:02] [worker #25] Bootstrap tree #90, logLikelihood: -749.998406
[00:00:02] [worker #18] Bootstrap tree #83, logLikelihood: -730.300392
[00:00:02] [worker #6] Bootstrap tree #71, logLikelihood: -756.084365
[00:00:02] [worker #24] Bootstrap tree #89, logLikelihood: -749.171924
[00:00:02] [worker #13] Bootstrap tree #78, logLikelihood: -736.075399
[00:00:02] [worker #20] Bootstrap tree #85, logLikelihood: -734.561801
[00:00:02] [worker #28] Bootstrap tree #93, logLikelihood: -753.405191
[00:00:02] [worker #17] Bootstrap tree #82, logLikelihood: -734.562412
[00:00:02] [worker #26] Bootstrap tree #91, logLikelihood: -725.459457
[00:00:02] [worker #23] Bootstrap tree #88, logLikelihood: -729.899600
[00:00:02] [worker #5] Bootstrap tree #70, logLikelihood: -734.562054
[00:00:02] [worker #27] Bootstrap tree #92, logLikelihood: -717.002995
[00:00:02] [worker #0] Bootstrap tree #65, logLikelihood: -730.033435
[00:00:02] [worker #14] Bootstrap tree #79, logLikelihood: -727.025206
[00:00:02] [worker #4] Bootstrap tree #69, logLikelihood: -733.999120
[00:00:02] [worker #1] Bootstrap tree #66, logLikelihood: -712.204926
[00:00:02] [worker #10] Bootstrap tree #75, logLikelihood: -725.080843
[00:00:02] [worker #15] Bootstrap tree #112, logLikelihood: -707.946365
[00:00:02] [worker #7] Bootstrap tree #72, logLikelihood: -709.184237
[00:00:02] [worker #9] Bootstrap tree #74, logLikelihood: -714.417587
87, logLikelihood: -721.858329
[00:00:02] [worker #31] Bootstrap tree #128, logLikelihood: -717.832968
[00:00:02] [worker #16] Bootstrap tree #81, logLikelihood: -734.561850
[00:00:02] [worker #21] Bootstrap tree #86, logLikelihood: -727.994205
[00:00:02] [worker #30] Bootstrap tree #127, logLikelihood: -746.502113
[00:00:02] [worker #12] Bootstrap tree #109, logLikelihood: -734.562390
[00:00:02] [worker #8] Bootstrap tree #73, logLikelihood: -738.963808
[00:00:02] [worker #2] Bootstrap tree #67, logLikelihood: -734.562409
[00:00:02] [worker #3] Bootstrap tree #100, logLikelihood: -720.372606
[00:00:02] [worker #19] Bootstrap tree #116, logLikelihood: -732.504175
[00:00:02] [worker #24] Bootstrap tree #121, logLikelihood: -695.487378
[00:00:02] [worker #6] Bootstrap tree #103, logLikelihood: -726.678673
[00:00:02] [worker #29] Bootstrap tree #126, logLikelihood: -751.404693
[00:00:02] [worker #11] Bootstrap tree #108, logLikelihood: -716.112795
[00:00:02] [worker #25] Bootstrap tree #122, logLikelihood: -732.504229
[00:00:02] [worker #20] Bootstrap tree #117, logLikelihood: -751.823336
[00:00:02] [worker #17] Bootstrap tree #114, logLikelihood: -710.829381
[00:00:02] [worker #18] Bootstrap tree #115, logLikelihood: -772.430250
[00:00:02] [worker #13] Bootstrap tree #110, logLikelihood: -733.762578
[00:00:02] [worker #26] Bootstrap tree #123, logLikelihood: -718.876242
[00:00:02] [worker #23] Bootstrap tree #120, logLikelihood: -720.892346
[00:00:02] [worker #5] Bootstrap tree #102, logLikelihood: -719.214310
[00:00:02] [worker #28] Bootstrap tree #125, logLikelihood: -742.556528
[00:00:02] [worker #14] Bootstrap tree #111, logLikelihood: -723.947755
[00:00:02] [worker #27] Bootstrap tree #124, logLikelihood: -742.768165
[00:00:02] [worker #8] Bootstrap tree #105, logLikelihood: -721.530063
[00:00:02] [worker #16] Bootstrap tree #113, logLikelihood: -741.284857
[00:00:02] [worker #1] Bootstrap tree #98, logLikelihood: -730.108438
[00:00:02] [worker #10] Bootstrap tree #107, logLikelihood: -734.562371
[00:00:02] [worker #2] Bootstrap tree #99, logLikelihood: -736.355456
[00:00:02] [worker #22] Bootstrap tree #119, logLikelihood: -739.231330
[00:00:02] [worker #4] Bootstrap tree #101, logLikelihood: -739.684645
[00:00:02] [worker #0] Bootstrap tree #97, logLikelihood: -744.074307
[00:00:02] [worker #7] Bootstrap tree #104, logLikelihood: -719.418128
[00:00:02] [worker #9] Bootstrap tree #106, logLikelihood: -722.775350
[00:00:02] [worker #21] Bootstrap tree #118, logLikelihood: -732.504336
[00:00:05] Bootstrapping converged after 128 replicates.

Optimized model parameters:

   Partition 0: noname
   Rate heterogeneity: GAMMA (4 cats, mean),  alpha: 99.846416 (ML),  weights&rates: (0.250000,0.875813) (0.250000,0.964710) (0.250000,1.029570) (0.250000,1.129908) 
   Base frequencies (ML): 0.442260 0.093269 0.105593 0.358878 
   Substitution rates (ML): 66.340701 0.001000 17.970989 0.001000 0.001000 1.000000 


Final LogLikelihood: -734.555536

AIC score: 1601.111072 / AICc score: 1617.519236 / BIC score: 1891.965151
Free parameters (model + branch lengths): 66

WARNING: Best ML tree contains 26 near-zero branches!

Best ML tree with collapsed near-zero branches saved to: /mnt/lustre/RDS-live/downing/LSDV/GTPV_SPPV/results_SPPV/LSDV036.raxml.bestTreeCollapsed
Best ML tree saved to: /mnt/lustre/RDS-live/downing/LSDV/GTPV_SPPV/results_SPPV/LSDV036.raxml.bestTree
All ML trees saved to: /mnt/lustre/RDS-live/downing/LSDV/GTPV_SPPV/results_SPPV/LSDV036.raxml.mlTrees
Best ML tree with Felsenstein bootstrap (FBP) support values saved to: /mnt/lustre/RDS-live/downing/LSDV/GTPV_SPPV/results_SPPV/LSDV036.raxml.supportFBP
Best ML tree with Transfer bootstrap (TBE) support values saved to: /mnt/lustre/RDS-live/downing/LSDV/GTPV_SPPV/results_SPPV/LSDV036.raxml.supportTBE
Optimized model saved to: /mnt/lustre/RDS-live/downing/LSDV/GTPV_SPPV/results_SPPV/LSDV036.raxml.bestModel
Bootstrap trees saved to: /mnt/lustre/RDS-live/downing/LSDV/GTPV_SPPV/results_SPPV/LSDV036.raxml.bootstraps

Execution log saved to: /mnt/lustre/RDS-live/downing/LSDV/GTPV_SPPV/results_SPPV/LSDV036.raxml.log

Analysis started: 24-Nov-2025 16:17:02 / finished: 24-Nov-2025 16:17:07

Elapsed time: 5.681 seconds

