
RAxML-NG v. 1.2.2 released on 11.04.2024 by The Exelixis Lab.
Developed by: Alexey M. Kozlov and Alexandros Stamatakis.
Contributors: Diego Darriba, Tomas Flouri, Benoit Morel, Sarah Lutteropp, Ben Bettisworth, Julia Haag, Anastasis Togkousidis.
Latest version: https://github.com/amkozlov/raxml-ng
Questions/problems/suggestions? Please visit: https://groups.google.com/forum/#!forum/raxml

System: AMD EPYC 7543P 32-Core Processor, 32 cores, 995 GB RAM

RAxML-NG was called at 24-Nov-2025 14:13:01 as follows:

raxml-ng --all --msa region_LSDV036.aln --model GTR+G --prefix LSDV036 --seed 123 --bs-metric fbp,tbe --redo

Analysis options:
  run mode: ML tree search + bootstrapping (Felsenstein Bootstrap + Transfer Bootstrap)
  start tree(s): random (10) + parsimony (10)
  bootstrap replicates: parsimony (max: 1000) + bootstopping (autoMRE, cutoff: 0.030000)
  random seed: 123
  tip-inner: OFF
  pattern compression: ON
  per-rate scalers: OFF
  site repeats: ON
  logLH epsilon: general: 10.000000, brlen-triplet: 1000.000000
  fast spr radius: AUTO
  spr subtree cutoff: 1.000000
  fast CLV updates: ON
  branch lengths: proportional (ML estimate, algorithm: NR-FAST)
  SIMD kernels: AVX2
  parallelization: coarse-grained (auto), PTHREADS (auto)

WARNING: Running in REDO mode: existing checkpoints are ignored, and all result files will be overwritten!

[00:00:00] Reading alignment from file: region_LSDV036.aln
[00:00:00] Loaded alignment with 14 taxa and 611 sites

WARNING: Sequences PV167794.1 and MW020570.1 are exactly identical!
WARNING: Sequences PV167794.1 and MN072621.1 are exactly identical!
WARNING: Sequences PV167794.1 and MN072620.1 are exactly identical!
WARNING: Sequences PV167794.1 and MH381810.1 are exactly identical!
WARNING: Sequences PV167794.1 and KC951854.1 are exactly identical!
WARNING: Sequences NC_004003.1 and KX576657.1 are exactly identical!
WARNING: Sequences NC_004003.1 and AY077836.1 are exactly identical!
WARNING: Sequences NC_004003.1 and AY077835.1 are exactly identical!
WARNING: Sequences MN072625.1 and MN072624.1 are exactly identical!
WARNING: Sequences MN072625.1 and MN072623.1 are exactly identical!
WARNING: Duplicate sequences found: 10

NOTE: Reduced alignment (with duplicates and gap-only sites/taxa removed) 
NOTE: was saved to: /mnt/lustre/RDS-live/downing/LSDV/GTPV_SPPV/results_GTPV/LSDV036.raxml.reduced.phy

Alignment comprises 1 partitions and 9 patterns

Partition 0: noname
Model: GTR+FO+G4m
Alignment sites / patterns: 611 / 9
Gaps: 0.00 %
Invariant sites: 99.18 %


NOTE: Binary MSA file created: LSDV036.raxml.rba

Parallelization scheme autoconfig: 32 worker(s) x 1 thread(s)

[00:00:00] Generating 10 random starting tree(s) with 14 taxa
[00:00:00] Generating 10 parsimony starting tree(s) with 14 taxa
Parallel parsimony with 32 threads
Parallel reduction/worker buffer size: 1 KB  / 0 KB

[00:00:00] Data distribution: max. partitions/sites/weight per thread: 1 / 9 / 144
[00:00:00] Data distribution: max. searches per worker: 33

Starting ML tree search with 20 distinct starting trees

[00:00:00] [worker #12] ML tree search #13, logLikelihood: -776.376181
[00:00:00] [worker #11] ML tree search #12, logLikelihood: -776.376195
[00:00:00] [worker #13] ML tree search #14, logLikelihood: -776.376175
[00:00:00] [worker #6] ML tree search #7, logLikelihood: -776.386047
[00:00:00] [worker #0] ML tree search #1, logLikelihood: -776.375113
[00:00:00] [worker #14] ML tree search #15, logLikelihood: -776.376189
[00:00:00] [worker #1] ML tree search #2, logLikelihood: -776.423604
[00:00:01] [worker #17] ML tree search #18, logLikelihood: -776.376195
[00:00:01] [worker #4] ML tree search #5, logLikelihood: -776.368512
[00:00:01] [worker #9] ML tree search #10, logLikelihood: -776.364708
[00:00:01] [worker #2] ML tree search #3, logLikelihood: -776.372685
[00:00:01] [worker #3] ML tree search #4, logLikelihood: -776.387995
[00:00:01] [worker #16] ML tree search #17, logLikelihood: -776.376131
[00:00:01] [worker #19] ML tree search #20, logLikelihood: -776.374059
[00:00:01] [worker #8] ML tree search #9, logLikelihood: -776.373956
[00:00:01] [worker #15] ML tree search #16, logLikelihood: -776.376152
[00:00:01] [worker #18] ML tree search #19, logLikelihood: -776.376200
[00:00:01] [worker #7] ML tree search #8, logLikelihood: -776.375541
[00:00:01] [worker #5] ML tree search #6, logLikelihood: -776.374589
[00:00:01] [worker #10] ML tree search #11, logLikelihood: -776.376197

[00:00:01] ML tree search completed, best tree logLH: -776.364708

[00:00:01] Starting bootstrapping analysis with 1000 replicates.

[00:00:01] [worker #11] Bootstrap tree #12, logLikelihood: -743.434006
[00:00:01] [worker #17] Bootstrap tree #18, logLikelihood: -758.871489
[00:00:01] [worker #10] Bootstrap tree #11, logLikelihood: -750.143756
[00:00:01] [worker #8] Bootstrap tree #9, logLikelihood: -743.172688
[00:00:01] [worker #15] Bootstrap tree #16, logLikelihood: -775.019730
[00:00:01] [worker #25] Bootstrap tree #26, logLikelihood: -777.843185
[00:00:01] [worker #20] Bootstrap tree #21, logLikelihood: -736.928817
[00:00:01] [worker #30] Bootstrap tree #31, logLikelihood: -727.685331
[00:00:01] [worker #1] Bootstrap tree #2, logLikelihood: -777.088366
[00:00:01] [worker #24] Bootstrap tree #25, logLikelihood: -762.520544
[00:00:01] [worker #31] Bootstrap tree #32, logLikelihood: -793.004953
[00:00:01] [worker #12] Bootstrap tree #13, logLikelihood: -763.528066
[00:00:01] [worker #23] Bootstrap tree #24, logLikelihood: -776.376908
[00:00:01] [worker #4] Bootstrap tree #5, logLikelihood: -776.376184
[00:00:01] [worker #0] Bootstrap tree #1, logLikelihood: -784.527041
[00:00:01] [worker #29] Bootstrap tree #30, logLikelihood: -763.520069
[00:00:01] [worker #22] Bootstrap tree #23, logLikelihood: -772.031057
[00:00:01] [worker #5] Bootstrap tree #6, logLikelihood: -745.039073
[00:00:01] [worker #27] Bootstrap tree #28, logLikelihood: -757.526940
[00:00:01] [worker #26] Bootstrap tree #27, logLikelihood: -764.980168
[00:00:01] [worker #2] Bootstrap tree #3, logLikelihood: -776.376180
[00:00:01] [worker #19] Bootstrap tree #20, logLikelihood: -766.507365
[00:00:01] [worker #28] Bootstrap tree #29, logLikelihood: -790.291105
[00:00:01] [worker #6] Bootstrap tree #7, logLikelihood: -760.774124
[00:00:01] [worker #14] Bootstrap tree #15, logLikelihood: -760.380230
[00:00:01] [worker #18] Bootstrap tree #19, logLikelihood: -775.137656
[00:00:01] [worker #7] Bootstrap tree #8, logLikelihood: -788.456735
[00:00:01] [worker #9] Bootstrap tree #10, logLikelihood: -776.376867
[00:00:01] [worker #21] Bootstrap tree #22, logLikelihood: -773.332312
[00:00:01] [worker #3] Bootstrap tree #4, logLikelihood: -779.091743
[00:00:01] [worker #16] Bootstrap tree #17, logLikelihood: -749.540764
[00:00:01] [worker #11] Bootstrap tree #44, logLikelihood: -792.456779
[00:00:01] [worker #25] Bootstrap tree #58, logLikelihood: -779.006436
[00:00:01] [worker #15] Bootstrap tree #48, logLikelihood: -776.502708
[00:00:01] [worker #13] Bootstrap tree #14, logLikelihood: -776.170258
[00:00:01] [worker #22] Bootstrap tree #55, logLikelihood: -773.962640
[00:00:01] [worker #10] Bootstrap tree #43, logLikelihood: -761.738719
[00:00:01] [worker #1] Bootstrap tree #34, logLikelihood: -800.114190
[00:00:01] [worker #8] Bootstrap tree #41, logLikelihood: -777.348273
[00:00:01] [worker #24] Bootstrap tree #57, logLikelihood: -764.143296
[00:00:01] [worker #30] Bootstrap tree #63, logLikelihood: -806.989691
[00:00:01] [worker #31] Bootstrap tree #64, logLikelihood: -772.590793
[00:00:01] [worker #20] Bootstrap tree #53, logLikelihood: -740.157533
[00:00:01] [worker #17] Bootstrap tree #50, logLikelihood: -757.102187
[00:00:01] [worker #12] Bootstrap tree #45, logLikelihood: -767.457427
[00:00:01] [worker #7] Bootstrap tree #40, logLikelihood: -760.635115
[00:00:01] [worker #4] Bootstrap tree #37, logLikelihood: -728.698103
[00:00:01] [worker #2] Bootstrap tree #35, logLikelihood: -728.737891
[00:00:01] [worker #26] Bootstrap tree #59, logLikelihood: -790.816946
[[00:00:01] [worker #14] Bootstrap tree #47, logLikelihood: -785.745876
00:00:01] [worker #27] Bootstrap tree #60, logLikelihood: -776.376174
[00:00:01] [worker #5] Bootstrap tree #38, logLikelihood: -788.004502
[00:00:01] [worker #6] Bootstrap tree #39, logLikelihood: -762.138102
[00:00:01] [worker #18] Bootstrap tree #51, logLikelihood: -797.764302
[00:00:01] [worker #23] Bootstrap tree #56, logLikelihood: -757.012893
[00:00:01] [worker #16] Bootstrap tree #49, logLikelihood: -759.374691
[00:00:01] [worker #19] Bootstrap tree #52, logLikelihood: -757.231655
[00:00:01] [worker #0] Bootstrap tree #33, logLikelihood: -748.882016
[00:00:01] [worker #21] Bootstrap tree #54, logLikelihood: -776.376896
[00:00:01] [worker #9] Bootstrap tree #42, logLikelihood: -732.419738
[00:00:01] [worker #3] Bootstrap tree #36, logLikelihood: -732.602751
[00:00:01] [worker #29] Bootstrap tree #62, logLikelihood: -777.134352
[00:00:01] [worker #28] Bootstrap tree #61, logLikelihood: -798.325243
[00:00:01] [worker #13] Bootstrap tree #46, logLikelihood: -743.678534
[00:00:02] [worker #14] Bootstrap tree #79, logLikelihood: -741.543804
[00:00:02] [worker #13] Bootstrap tree #78, logLikelihood: -766.684841
[00:00:02] [worker #7] Bootstrap tree #72, logLikelihood: -740.711578
[00:00:02] [worker #23] Bootstrap tree #88, logLikelihood: -764.678058
[00:00:02] [worker #10] Bootstrap tree #75, logLikelihood: -776.376197
[00:00:02] [worker #21] Bootstrap tree #86, logLikelihood: -731.825268
[00:00:02] [worker #11] Bootstrap tree #76, logLikelihood: -758.526750
[00:00:02] [worker #6] Bootstrap tree #71, logLikelihood: -810.091050
[00:00:02] [worker #31] Bootstrap tree #96, logLikelihood: -776.276296
[00:00:02] [worker #28] Bootstrap tree #93, logLikelihood: -795.648002
[00:00:02] [worker #2] Bootstrap tree #67, logLikelihood: -760.961921
[00:00:02] [worker #25] Bootstrap tree #90, logLikelihood: -791.448180
[00:00:02] [worker #19] Bootstrap tree #84, logLikelihood: -776.376170
[00:00:02] [worker #24] Bootstrap tree #89, logLikelihood: -793.280177
[00:00:02] [worker #30] Bootstrap tree #95, logLikelihood: -779.641337
[00:00:02] [worker #16] Bootstrap tree #81, logLikelihood: -742.308894
[00:00:02] [worker #18] Bootstrap tree #83, logLikelihood: -777.410975
[00:00:02] [worker #4] Bootstrap tree #69, logLikelihood: -763.282623
[00:00:02] [worker #8] Bootstrap tree #73, logLikelihood: -809.113742
[00:00:02] [worker #3] Bootstrap tree #68, logLikelihood: [-775.53296000:00:
02[00:00:02] [worker #3] Bootstrap tree #68, logLikelihood: [-775.53296000:00:
02] [worker #15] Bootstrap tree #80, logLikelihood: -767.982622
[00:00:02] [worker #12] Bootstrap tree #77, logLikelihood: -757.838350
[00:00:02] [worker #20] Bootstrap tree #85, logLikelihood: -762.720936
[00:00:02] [worker #1] Bootstrap tree #66, logLikelihood: -746.836494
[00:00:02] [worker #9] Bootstrap tree #74, logLikelihood: -719.856149
[00:00:02] [worker #27] Bootstrap tree #92, logLikelihood: -767.405682
[00:00:02] [worker #29] Bootstrap tree #94, logLikelihood: -772.486814
[00:00:02] [worker #17] Bootstrap tree #82, logLikelihood: -774.574443
[00:00:02] [worker #26] Bootstrap tree #91, logLikelihood: -776.376181
[00:00:02] [worker #5] Bootstrap tree #70, logLikelihood: -789.162167
[00:00:02] [worker #0] Bootstrap tree #65, logLikelihood: -780.448123
[00:00:02] [worker #22] Bootstrap tree #87, logLikelihood: -761.663098
[00:00:02] [worker #7] Bootstrap tree #104, logLikelihood: -760.733926
[00:00:02] [worker #4] Bootstrap tree #101, logLikelihood: -753.239395
[00:00:02] [worker #25] Bootstrap tree #122, logLikelihood: -797.507227
[00:00:02] [worker #6] Bootstrap tree #103, logLikelihood: -765.760987
[00:00:02] [worker #21] Bootstrap tree #118, logLikelihood: -776.649567
[00:00:02] [worker #3] Bootstrap tree #100, logLikelihood: -801.802011
[00:00:02] [worker #16] Bootstrap tree #113, logLikelihood: -787.299500
[00:00:02] [worker #13] Bootstrap tree #110, logLikelihood: -769.541897
[00:00:02] [worker #19] Bootstrap tree #116, logLikelihood: -766.153718
[00:00:02] [worker #23] Bootstrap tree #120, logLikelihood: -747.430919
[00:00:02] [worker #10] Bootstrap tree #107, logLikelihood: -770.917055
[00:00:02] [worker #31] Bootstrap tree #128, logLikelihood: -744.284306
[00:00:02] [worker #18] Bootstrap tree #115, logLikelihood: -799.778401
[00:00:02] [worker #5] Bootstrap tree #102, logLikelihood: -742.477933
[00:00:02] [worker #14] Bootstrap tree #111, logLikelihood: -757.754265
[00:00:02] [worker #11] Bootstrap tree #108, logLikelihood: -728.646725
[00:00:02] [worker #1] Bootstrap tree #98, logLikelihood: -777.034379
[00:00:02] [worker #17] Bootstrap tree #114, logLikelihood: -723.733288
[00:00:02] [worker #24] Bootstrap tree #121, logLikelihood: -714.107874
[00:00:02] [worker #9] Bootstrap tree #106, logLikelihood: -783.650522
[00:00:02] [worker #8] Bootstrap tree #105, logLikelihood: -764.645801
[[00:00:02] [worker #2] Bootstrap tree #99, logLikelihood: 00:00:02] [worker #27] Bootstrap tree #124, logLikelihood: 
[[00:00:02] [worker #2] Bootstrap tree #99, logLikelihood: 00:00:02] [worker #27] Bootstrap tree #124, logLikelihood: 
-779.302274
[00:00:02] [worker #26] Bootstrap tree #123, logLikelihood: -772.553168
[00:00:02] [worker #29] Bootstrap tree #126, logLikelihood: -776.376602
[00:00:02] [worker #12] Bootstrap tree #109, logLikelihood: -797.914503
[00:00:02] [worker #15] Bootstrap tree #112, logLikelihood: -740.552615
[00:00:02] [worker #28] Bootstrap tree #125, logLikelihood: -792.156752
[00:00:02] [worker #20] Bootstrap tree #117, logLikelihood: -793.488189
[00:00:02] [worker #22] Bootstrap tree #119, logLikelihood: -742.291556
[00:00:02] [worker #30] Bootstrap tree #127, logLikelihood: -799.053488
[00:00:02] [worker #0] Bootstrap tree #97, logLikelihood: -793.987447
[00:00:03] [worker #30] Bootstrap tree #159, logLikelihood: -759.262396
[00:00:03] [worker #20] Bootstrap tree #149, logLikelihood: -773.837630
[00:00:03] [worker #22] Bootstrap tree #151, logLikelihood: -792.249893
[00:00:03] [worker #10] Bootstrap tree #139, logLikelihood: -750.716642
[00:00:03] [worker #3] Bootstrap tree #132, logLikelihood: -774.683785
[00:00:03] [worker #17] Bootstrap tree #146, logLikelihood: -787.428165
[00:00:03] [worker #2] Bootstrap tree #131, logLikelihood: -762.309187
[00:00:03] [worker #24] Bootstrap tree #153, logLikelihood: -796.447513
[00:00:03] [worker #12] Bootstrap tree #141, logLikelihood: -757.017347
[00:00:03] [worker #4] Bootstrap tree #133, logLikelihood: -737.972932
-770.412797[00:00:03] 
-770.412797[00:00:03] 
[worker #7] Bootstrap tree #136, logLikelihood: -776.376170
[00:00:03] [worker #16] Bootstrap tree #145, logLikelihood: -748.811681
[00:00:03] [worker #31] Bootstrap tree #160, logLikelihood: -752.967038
[00:00:03] [worker #8] Bootstrap tree #137, logLikelihood: -754.396835
[00:00:03] [worker #25] Bootstrap tree #154, logLikelihood: -733.512852
[00:00:03] [worker #5] Bootstrap tree #134, logLikelihood: -795.794528
[00:00:03] [worker #29] Bootstrap tree #158, logLikelihood: -766.893292
[00:00:03] [worker #27] Bootstrap tree #156, logLikelihood: -754.704425
[00:00:03] [worker #21] Bootstrap tree #150, logLikelihood: -793.683410
[00:00:03] [worker #9] Bootstrap tree #138, logLikelihood: -741.347147
[00:00:03] [worker #1] Bootstrap tree #130, logLikelihood: -758.516936
[00:00:03] [worker #14] Bootstrap tree #143, logLikelihood: -731.732071
[00:00:03] [worker #18] Bootstrap tree #147, logLikelihood: -769.380880
[00:00:03] [worker #19] Bootstrap tree #148, logLikelihood: -758.935355
[00:00:03] [worker #6] Bootstrap tree #135, logLikelihood: -776.463457
[00:00:03] [worker #26] Bootstrap tree #155, logLikelihood: -755.958062
[00:00:03] [worker #13] Bootstrap tree #142, logLikelihood: -781.868395
[00:00:03] [worker #23] Bootstrap tree #152, logLikelihood: -795.789922
[00:00:03] [worker #11] Bootstrap tree #140, logLikelihood: -767.314261
[00:00:03] [worker #0] Bootstrap tree #129, logLikelihood: -795.472038
[00:00:03] [worker #30] Bootstrap tree #191, logLikelihood: -748.088681
[00:00:03] [worker #15] Bootstrap tree #144, logLikelihood: -743.322885
[00:00:03] [worker #20] Bootstrap tree #181, logLikelihood: -770.690440
[00:00:03] [worker #22] Bootstrap tree #183, logLikelihood: -781.364797
[00:00:03] [worker #17] Bootstrap tree #178, logLikelihood: -801.905725
[00:00:03] [worker #3] Bootstrap tree #164, logLikelihood: -805.591339
[00:00:03] [worker #7] Bootstrap tree #168, logLikelihood: -773.304355
[00:00:03] [worker #4] Bootstrap tree #165, logLikelihood: -779.550463
[00:00:03] [worker #27] Bootstrap tree #188, logLikelihood: -732.330750
[00:00:03] [worker #5] Bootstrap tree #166, logLikelihood: -760.047022
[00:00:03] [worker #10] Bootstrap tree #171, logLikelihood: -772.524818
[00:00:03] [worker #18] Bootstrap tree #179, logLikelihood: -778.454031
[00:00:03] [worker #8] Bootstrap tree #169, logLikelihood: -754.698252
[00:00:03] [worker #1] Bootstrap tree #162, logLikelihood: -725.725954
[00:00:03] [worker #16] Bootstrap tree #177, logLikelihood: -776.376156
[00:00:03] [worker #31] Bootstrap tree #192, logLikelihood: -776.376170
[00:00:03] [worker #14] Bootstrap tree #175, logLikelihood: -787.258609
[00:00:03] [worker #2] Bootstrap tree #163, logLikelihood: -787.112291
[00:00:03] [worker #19] Bootstrap tree #180, logLikelihood: -782.302851
[00:00:03] [worker #26] Bootstrap tree #187, logLikelihood: -743.294959
[00:00:03] [worker #28] Bootstrap tree #189, logLikelihood: -776.381768
[00:00:03] [worker #21] Bootstrap tree #182, logLikelihood: -770.744811
[00:00:03] [worker #25] Bootstrap tree #186, logLikelihood: -744.050942
[00:00:03] [worker #6] Bootstrap tree #167, logLikelihood: -841.668034
[00:00:03] [worker #23] Bootstrap tree #184, logLikelihood: -772.662240
[00:00:03] [worker #12] Bootstrap tree #173, logLikelihood: -778.397441
[00:00:03] [worker #9] Bootstrap tree #170, logLikelihood: -765.430316
[00:00:03] [worker #24] Bootstrap tree #185, logLikelihood: -765.743667
[00:00:03] [worker #13] Bootstrap tree #174, logLikelihood: -787.770095
[00:00:04] [worker #0] Bootstrap tree #161, logLikelihood: -776.376195
[00:00:04] [worker #29] Bootstrap tree #190, logLikelihood: -783.600341
[00:00:04] [worker #11] Bootstrap tree #172, logLikelihood: -776.376198
[00:00:04] [worker #15] Bootstrap tree #176, logLikelihood: -768.200272
[00:00:04] [worker #25] Bootstrap tree #218, logLikelihood: -715.358593
[00:00:04] [worker #22] Bootstrap tree #215, logLikelihood: -760.566808
[00:00:04] [worker #1] Bootstrap tree #194, logLikelihood: -745.769766
[00:00:04] [worker #10] Bootstrap tree #203, logLikelihood: -743.976127
[00:00:04] [worker #23] Bootstrap tree #216, logLikelihood: -771.421122
[00:00:04] [worker #18] Bootstrap tree #211, logLikelihood: -751.288516
[00:00:04] [worker #14] Bootstrap tree #207, logLikelihood: -746.908443
[00:00:04] [worker #12] Bootstrap tree #205, logLikelihood: -763.930452
[00:00:04] [worker #29] Bootstrap tree #222, logLikelihood: -776.376154
[00:00:04] [worker #30] Bootstrap tree #223, logLikelihood: -776.739607
[00:00:04] [worker #27] Bootstrap tree #220, logLikelihood: -754.001320
[00:00:04] [worker #5] Bootstrap tree #198, logLikelihood: -744.743047
[00:00:04] [worker #15] Bootstrap tree #208, logLikelihood: -777.120757
[00:00:04] [worker #2] Bootstrap tree #195, logLikelihood: -762.197771
[00:00:04] [worker #17] Bootstrap tree #210, logLikelihood: -756.675314
219, logLikelihood: [-796.449155
-776.376164[
00:00:04] [worker #24] Bootstrap tree #217, logLikelihood: -767.595448
[00:00:04] [worker #13] Bootstrap tree #206, logLikelihood: -803.056985
[00:00:04] [worker #11] Bootstrap tree #204, logLikelihood: -762.320229
[00:00:04] [worker #16] Bootstrap tree #209, logLikelihood: -751.504663
[00:00:04] [worker #19] Bootstrap tree #212, logLikelihood: -747.788785
[00:00:04] [worker #20] Bootstrap tree #213, logLikelihood: -810.508963
[00:00:04] [worker #4] Bootstrap tree #197, logLikelihood: -780.896560
[00:00:04] [worker #31] Bootstrap tree #224, logLikelihood: -801.463509
[00:00:04] [worker #28] Bootstrap tree #221, logLikelihood: -785.033214
[00:00:04] [worker #21] Bootstrap tree #214, logLikelihood: -775.394510
[00:00:04] [worker #3] Bootstrap tree #196, logLikelihood: -729.261119
[00:00:04] [worker #6] Bootstrap tree #199, logLikelihood: -757.850486
[00:00:04] [worker #8] Bootstrap tree #201, logLikelihood: -761.812475
[00:00:04] [worker #9] Bootstrap tree #202, logLikelihood: -760.066175
[00:00:04] [worker #0] Bootstrap tree #193, logLikelihood: -776.376175
[00:00:05] [worker #22] Bootstrap tree #247, logLikelihood: -796.727929
[00:00:05] [worker #1] Bootstrap tree #226, logLikelihood: -763.143746
[00:00:05] [worker #5] Bootstrap tree #230, logLikelihood: -772.941826
[00:00:05] [worker #25] Bootstrap tree #250, logLikelihood: -780.233160
[00:00:05] [worker #14] Bootstrap tree #239, logLikelihood: -757.504174
[00:00:05] [worker #18] Bootstrap tree #243, logLikelihood: -776.376170
[00:00:05] [worker #23] Bootstrap tree #248, logLikelihood: -774.142355
[00:00:05] [worker #27] Bootstrap tree #252, logLikelihood: -776.376170
[00:00:05] [worker #16] Bootstrap tree #241, logLikelihood: -740.436793
[00:00:05] [worker #12] Bootstrap tree #237, logLikelihood: -781.107145
[00:00:05] [worker #26] Bootstrap tree #251, logLikelihood: -718.510224
[00:00:05] [worker #17] Bootstrap tree #242, logLikelihood: -770.222202
[00:00:05] [worker #13] Bootstrap tree #238, logLikelihood: -771.346874
:00:05] [worker #7] Bootstrap tree #232, logLikelihood: -780.806700
[00:00:05] [worker #10] Bootstrap tree #235, logLikelihood: -775.250459
[00:00:05] [worker #15] Bootstrap tree #240, logLikelihood: -776.376187
[00:00:05] [worker #2] Bootstrap tree #227, logLikelihood: -786.010468
[00:00:05] [worker #11] Bootstrap tree #236, logLikelihood: -780.074313
[00:00:05] [worker #24] Bootstrap tree #249, logLikelihood: -791.736240
[00:00:05] [worker #21] Bootstrap tree #246, logLikelihood: -790.521226
[[00:000::05] :05] [worker #4] Bootstrap tree #2290, logLikelihood: :[worker #3] 00Bootstrap tree #:-808.89905822805


[00:00:05] [worker #30] Bootstrap tree #255, logLikelihood: -767.081990
[00:00:05] [worker #6] Bootstrap tree #231, logLikelihood: -776.376170
[00:00:05] [worker #28] Bootstrap tree #253, logLikelihood: -709.402011
[00:00:05] [worker #29] Bootstrap tree #254, logLikelihood: -760.306185
[00:00:05] [worker #31] Bootstrap tree #256, logLikelihood: -795.911187
[00:00:05] [worker #9] Bootstrap tree #234, logLikelihood: -774.827977
[00:00:05] [worker #20] Bootstrap tree #245, logLikelihood: -765.378077
[00:00:05] [worker #8] Bootstrap tree #233, logLikelihood: -768.667129
[00:00:05] [worker #0] Bootstrap tree #225, logLikelihood: -755.477124
[00:00:06] [worker #17] Bootstrap tree #274, logLikelihood: -783.472626
[00:00:06] [worker #28] Bootstrap tree #285, logLikelihood: -757.635207
[00:00:06] [worker #23] Bootstrap tree #280, logLikelihood: -762.291990
[00:00:06] [worker #16] Bootstrap tree #273, logLikelihood: -745.921999
[00:00:06] [worker #3] Bootstrap tree #260, logLikelihood: -783.715529
[00:00:06] [worker #10] Bootstrap tree #267, logLikelihood: -723.525062
[00:00:06] [worker #26] Bootstrap tree #283, logLikelihood: -752.995481
[00:00:06] [worker #19] Bootstrap tree #276, logLikelihood: -748.458367
00[[00:00:06] [worker #29] Bootstrap tree #286, logLikelihood: -792.811193
00:00:06] [worker #22] Bootstrap tree #279, logLikelihood: :0:06] 
00:00:06] [worker #22] Bootstrap tree #279, logLikelihood: :0:06] 
[worker #9] Bootstrap tree #266, logLikelihood: -772.974273
[00:00:06] [worker #7] Bootstrap tree #264, logLikelihood: -776.376194
[00:00:06] [worker #5] Bootstrap tree #262, logLikelihood: -783.459104
[00:00:06] [worker #11] Bootstrap tree #268, logLikelihood: -749.291485
[00:00:06] [worker #27] Bootstrap tree #284, logLikelihood: -776.376934
[00:00:06] [worker #24] Bootstrap tree #281, logLikelihood: -770.785145
[00:00:06] [worker #6] Bootstrap tree #263, logLikelihood: -787.916400
00:00:06] [worker #12] Bootstrap tree #269, logLikelihood: -772.290022
[00:00:06] [worker #14] Bootstrap tree #271, logLikelihood: -784.516227
[00:00:06] [worker #13] Bootstrap tree #270, logLikelihood: -786.098488
[00:00:06] [worker #18] Bootstrap tree #275, logLikelihood: -760.088956
[00:00:06] [worker #2] Bootstrap tree #259, logLikelihood: -778.444069
[00:00:06] [worker #15] Bootstrap tree #272, logLikelihood: -757.397619
[00:00:06] [worker #1] Bootstrap tree #258, logLikelihood: -776.376192
[00:00:06] [worker #30] Bootstrap tree #287, logLikelihood: [-736.5284400:00:06
[00:00:06] [worker #30] Bootstrap tree #287, logLikelihood: [-736.5284400:00:06
] [worker #4] Bootstrap tree #261, logLikelihood: -776.376181
[00:00:06] [worker #21] Bootstrap tree #278, logLikelihood: -776.376154
[00:00:06] [worker #31] Bootstrap tree #288, logLikelihood: -776.376176
[00:00:06] [worker #20] Bootstrap tree #277, logLikelihood: -775.733038
[00:00:06] [worker #0] Bootstrap tree #257, logLikelihood: -744.747554
[00:00:06] [worker #25] Bootstrap tree #282, logLikelihood: -789.782636
[00:00:06] [worker #17] Bootstrap tree #306, logLikelihood: -823.791418
[00:00:06] [worker #8] Bootstrap tree #265, logLikelihood: -747.354952
[00:00:06] [worker #16] Bootstrap tree #305, logLikelihood: -778.114555
[00:00:06] [worker #3] Bootstrap tree #292, logLikelihood: -763.555105
[00:00:06] [worker #28] Bootstrap tree #317, logLikelihood: -776.631133
[00:00:06] [worker #26] Bootstrap tree #315, logLikelihood: -774.119531
[00:00:06] [worker #1] Bootstrap tree #290, logLikelihood: -799.024619
00:00:06] [worker #9] Bootstrap tree #298, logLikelihood: -776.552743
[00:00:06] [worker #6] Bootstrap tree #295, logLikelihood: -742.736427
[00:00:06] [worker #5] Bootstrap tree #294, logLikelihood: -757.588056
[00:00:06] [worker #12] Bootstrap tree #301, logLikelihood: -756.880285
[00:00:06] [worker #14] Bootstrap tree #303, logLikelihood: -776.376164
[00:00:06] [worker #24] Bootstrap tree #313, logLikelihood: -789.857768
[00:00:06] [worker #2] Bootstrap tree #291, logLikelihood: -721.456642
[00:00:06] [worker #29] Bootstrap tree #318, logLikelihood: -776.376189
[00:00:06] [worker #10] Bootstrap tree #299, logLikelihood: -815.269752
[00:00:06] [worker #15] Bootstrap tree #304, logLikelihood: -770.710682
[00:00:06] [worker #22] Bootstrap tree #311, logLikelihood: -763.443474
-744.628997
[00:00:06] [worker #23] Bootstrap tree #312, logLikelihood: [-750.01600200:
[00:00:06] [worker #23] Bootstrap tree #312, logLikelihood: [-750.01600200:
00:06] [worker #18] Bootstrap tree #307, logLikelihood: -781.034041
[00:00:06] [worker #19] Bootstrap tree #308, logLikelihood: -727.383126
[00:00:06] [worker #11] Bootstrap tree #300, logLikelihood: -807.556331
[00:00:06] [worker #31] Bootstrap tree #320, logLikelihood: -768.241273
[00:00:06] [worker #4] Bootstrap tree #293, logLikelihood: [00:00-736.626121:06] 

[00:00:06] [worker #20] Bootstrap tree #309, logLikelihood: -773.927906
[00:00:06] [worker #27] Bootstrap tree #316, logLikelihood: -781.923763
[00:00:06] [worker #30] Bootstrap tree #319, logLikelihood: -775.444790
[00:00:06] [worker #21] Bootstrap tree #310, logLikelihood: -764.083270
[00:00:06] [worker #8] Bootstrap tree #297, logLikelihood: -775.418763
[00:00:07] [worker #0] Bootstrap tree #289, logLikelihood: -801.454522
[00:00:07] [worker #25] Bootstrap tree #314, logLikelihood: -794.660044
[00:00:08] [worker #5] Bootstrap tree #326, logLikelihood: -744.351366
[00:00:08] [worker #4] Bootstrap tree #325, logLikelihood: -748.143272
[00:00:08] [worker #14] Bootstrap tree #335, logLikelihood: -788.572617
[00:00:08] [worker #15] Bootstrap tree #336, logLikelihood: -747.825471
[00:00:08] [worker #11] Bootstrap tree #332, logLikelihood: -748.554842
[00:00:08] [worker #9] Bootstrap tree #330, logLikelihood: -796.464105
[00:00:08] [worker #31] Bootstrap tree #352, logLikelihood: -776.374433
[00:00:08] [worker #3] Bootstrap tree #324, logLikelihood: -753.289696
[00:00:08] [worker #24] Bootstrap tree #345, logLikelihood: -803.861523
[00:00:08] [worker #13] Bootstrap tree #334, logLikelihood: -739.030117
[00:00:08] [worker #2] Bootstrap tree #323, logLikelihood: -776.376151
[00:00:08] [worker #7] Bootstrap tree #328, logLikelihood: -733.847483
[00:00:08] [worker #30] Bootstrap tree #351, logLikelihood: -761.345255
[00:00:08] [worker #25] Bootstrap tree #346, logLikelihood: -760.527058
[00:00:08] [worker #12] Bootstrap tree #333, logLikelihood: -765.917812
[00:00:08] [worker #21] Bootstrap tree #342, logLikelihood: -776.382348
[00:00:08] [worker #27] Bootstrap tree #348, logLikelihood: -759.283448
[00:00:08] [worker #27] Bootstrap tree #348, logLikelihood: -759.283448
[00:00:08] [worker #18] Bootstrap tree #339, logLikelihood: -765.413760
[00:00:08] [worker #23] Bootstrap tree #344, logLikelihood: [776.37617000
[00:00:08] [worker #23] Bootstrap tree #344, logLikelihood: [776.37617000
:00:08] [worker #29] Bootstrap tree #350, logLikelihood: -767.142085
[00:00:08] [worker #20] Bootstrap tree #341, logLikelihood: -776.376181
[00:00:08] [worker #0] Bootstrap tree #321, logLikelihood: -802.717587
[00:00:08] [worker #10] Bootstrap tree #331, logLikelihood: -772.974318
[00:00:08] [worker #28] Bootstrap tree #349, logLikelihood: -787.586244
[00:00:08] [worker #19] Bootstrap tree #340, logLikelihood: -743.715218
[00:00:08] [worker #8] Bootstrap tree #329, logLikelihood: -777.789271
[00:00:08] [worker #26] Bootstrap tree #347, logLikelihood: -770.766949
[00:00:08] [worker #1] Bootstrap tree #322, logLikelihood: -770.246606
[00:00:08] [worker #16] Bootstrap tree #337, logLikelihood: -779.073466
[00:00:08] [worker #6] Bootstrap tree #327, logLikelihood: -767.017907
[00:00:08] [worker #22] Bootstrap tree #343, logLikelihood: -751.582047
[00:00:08] [worker #5] Bootstrap tree #358, logLikelihood: -776.376151
[00:00:08] [worker #14] Bootstrap tree #367, logLikelihood: -776.376998
[00:00:08] [worker #17] Bootstrap tree #338, logLikelihood: -742.365451
[00:00:08] [worker #4] Bootstrap tree #357, logLikelihood: -776.376170
[00:00:08] [worker #15] Bootstrap tree #368, logLikelihood: -764.744282
[00:00:08] [worker #9] Bootstrap tree #362, logLikelihood: -791.616833
[00:00:08] [worker #11] Bootstrap tree #364, logLikelihood: -801.564397
[00:00:08] [worker #7] Bootstrap tree #360, logLikelihood: -743.108068
[00:00:08] [worker #23] Bootstrap tree #376, logLikelihood: -810.289369
[00:00:08] [worker #25] Bootstrap tree #378, logLikelihood: -789.878709
[00:00:08] [worker #24] Bootstrap tree #377, logLikelihood: -771.188332
[00:00:08] [worker #18] Bootstrap tree #371, logLikelihood: -803.154780
[00:00:08] [worker #3] Bootstrap tree #356, logLikelihood: -742.403643
[[00:00::08:] 08] [worker #21] [worker #31] Bootstrap tree #, logLikelihood: 384, logLikelihood: -776.376194-786.163652
[[00:00::08:] 08] [worker #21] [worker #31] Bootstrap tree #, logLikelihood: 384, logLikelihood: -776.376194-786.163652

[00:00:08] [worker #2] Bootstrap tree #355, logLikelihood: -776.376908
[00:00:08] [worker #12] Bootstrap tree #365, logLikelihood: -799.851182
[00:00:08] [worker #10] Bootstrap tree #363, logLikelihood: -742.051381
[00:00:08] [worker #30] Bootstrap tree #383, logLikelihood: -791.616002
[00:00:08] [worker #19] Bootstrap tree #372, logLikelihood: -746.120331
[00:00:08] [worker #20] Bootstrap tree #373, logLikelihood: -793.262021
[00:00:08] [worker #29] Bootstrap tree #382, logLikelihood: -776.376164
[00:00:08] [worker #16] Bootstrap tree #369, logLikelihood: -773.665864
[00:00:08] [worker #8] Bootstrap tree #361, logLikelihood: -760.471626
[00:00:08] [worker #22] Bootstrap tree #375, logLikelihood: -785.436069
[00:00:08] [worker #27] Bootstrap tree #380, logLikelihood: -778.741474
[00:00:08] [worker #0] Bootstrap tree #353, logLikelihood: -793.451395
[00:00:08] [worker #13] Bootstrap tree #366, logLikelihood: -776.555856
[00:00:08] [worker #6] Bootstrap tree #359, logLikelihood: -768.261209
[00:00:08] [worker #26] Bootstrap tree #379, logLikelihood: -743.840379
[00:00:08] [worker #1] Bootstrap tree #354, logLikelihood: [-759.36310000
00
:00:08] [worker #17] Bootstrap tree #370, logLikelihood: -776.810711
[00:00:09] [worker #31] Bootstrap tree #416, logLikelihood: -768.778778
[00:00:09] [worker #16] Bootstrap tree #401, logLikelihood: -798.432915
[00:00:09] [worker #8] Bootstrap tree #393, logLikelihood: [-772.628242
-765.766164
[00:00:09] [worker #12] Bootstrap tree #397, logLikelihood: -754.153651
[00:00:09] [worker #15] Bootstrap tree #400, logLikelihood: -776.376165
[00:00:09] [worker #7] Bootstrap tree #392, logLikelihood: -730.361578
[00:00:09] [worker #14] Bootstrap tree #399, logLikelihood: -755.831144
[00:00:09] [worker #1] Bootstrap tree #386, logLikelihood: -737.827430
[00:00:09] [worker #11] Bootstrap tree #396, logLikelihood: -738.939326
[00:00:09] [worker #5] Bootstrap tree #390, logLikelihood: -730.341458
[00:00:09] [worker #4] Bootstrap tree #389, logLikelihood: -781.662518
[00:00:09] [worker #19] Bootstrap tree #404, logLikelihood: -764.722309
[00:00:09] [worker #2] Bootstrap tree #387, logLikelihood: -775.556913
:09] [worker #18] Bootstrap tree #403, logLikelihood: -768.424278
[00:00:09] [worker #30] Bootstrap tree #415, logLikelihood: -739.779403
[00:00:09] [worker #10] Bootstrap tree #395, logLikelihood: -762.395915
00:00:09] [worker #17] Bootstrap tree #402, logLikelihood: -776.376194
[00:00:09] [worker #23] Bootstrap tree #408, logLikelihood: -789.687398
[00:00:09] [worker #20] Bootstrap tree #405, logLikelihood: -738.128812
[00:00:09] [worker #3] Bootstrap tree #388, logLikelihood: -767.577743
[00:00:09] [worker #29] Bootstrap tree #414, logLikelihood: -758.116872
[00:00:09] [worker #24] Bootstrap tree #409, logLikelihood: -775.707579
[00:00:09] [worker #13] Bootstrap tree #398, logLikelihood: -759.750162
[00:00:09] [worker #9] Bootstrap tree #394, logLikelihood: -813.792208
[00:00:09] [worker #0] Bootstrap tree #385, logLikelihood: -783.766457
[00:00:09] [worker #27] Bootstrap tree #412, logLikelihood: -726.601169
[00:00:09] [worker #26] Bootstrap tree #411, logLikelihood: -765.778222
[00:00:09] [worker #22] Bootstrap tree #407, logLikelihood: -770.044297
[00:00:09] [worker #6] Bootstrap tree #391, logLikelihood: -782.291881
[00:00:09] [worker #28] Bootstrap tree #413, logLikelihood: -758.413010
[00:00:09] [worker #15] Bootstrap tree #432, logLikelihood: -747.730057
[00:00:09] [worker #8] Bootstrap tree #425, logLikelihood: -779.697295
[00:00:09] [worker #25] Bootstrap tree #410, logLikelihood: -792.960073
[00:00:10] [worker #19] Bootstrap tree #436, logLikelihood: -768.908433
[00:00:10] [worker #5] Bootstrap tree #422, logLikelihood: -776.376986
[00:00:10] [worker #31] Bootstrap tree #448, logLikelihood: -777.024970
[00:00:10] [worker #12] Bootstrap tree #429, logLikelihood: -746.415108
[00:00:10] [worker #1] Bootstrap tree #418, logLikelihood: -758.402109
[00:00:10] [worker #11] Bootstrap tree #428, logLikelihood: -782.279640
[00:00:10] [worker #7] Bootstrap tree #424, logLikelihood: -778.178218
[00:00:10] [worker #30] Bootstrap tree #447, logLikelihood: -744.541139
[00:00:10] [worker #14] Bootstrap tree #431, logLikelihood: -773.511144
[00:00:10] [worker #24] Bootstrap tree #441, logLikelihood: -763.446419
[[00:00:10] [worker #10] Bootstrap tree #427, logLikelihood: -800.471279:00:10] 
[[00:00:10] [worker #10] Bootstrap tree #427, logLikelihood: -800.471279:00:10] 
[worker #13] Bootstrap tree #430, logLikelihood: -769.945055
[00:00:10] [worker #2] Bootstrap tree #419, logLikelihood: -794.191281
[00:00:10] [worker #4] Bootstrap tree #421, logLikelihood: -783.241277
[00:00:10] [worker #21] Bootstrap tree #438, logLikelihood: -765.161028
[00:00:10] [worker #29] Bootstrap tree #446, logLikelihood: -782.063812
[00:00:10] [worker #16] Bootstrap tree #433, logLikelihood: -760.430696
[00:00:10] [worker #18] Bootstrap tree #435, logLikelihood: -737.148977
[00:00:10] [worker #23] Bootstrap tree #440, logLikelihood: -759.232722
[00:00:10] [worker #3] Bootstrap tree #420, logLikelihood: -772.488189
[00:00:10] [worker #20] Bootstrap tree #437, logLikelihood: -770.257716
[00:00:10] [worker #27] Bootstrap tree #444, logLikelihood: -776.376154
[00:00:10] [worker #9] Bootstrap tree #426, logLikelihood: -780.648711
[00:00:10] [worker #0] Bootstrap tree #417, logLikelihood: -767.327519
[00:00:10] [worker #26] Bootstrap tree #443, logLikelihood: -777.018867
[00:00:10] [worker #25] Bootstrap tree #442, logLikelihood: -766.651057
[00:00:10] [worker #22] Bootstrap tree #439, logLikelihood: -738.704457
[00:00:10] [worker #17] Bootstrap tree #434, logLikelihood: -775.333298
[00:00:10] [worker #28] Bootstrap tree #445, logLikelihood: -739.430451
[00:00:10] [worker #6] Bootstrap tree #423, logLikelihood: -758.070864
[00:00:11] [worker #18] Bootstrap tree #467, logLikelihood: -735.721630
[00:00:11] [worker #17] Bootstrap tree #466, logLikelihood: [-744.1312350
474, logLikelihood: -748.393050

[00:00:11] [worker #22] Bootstrap tree #471, logLikelihood: -769.416591
[00:00:11] [worker #28] Bootstrap tree #477, logLikelihood: -764.766528
[00:00:11] [worker #15] Bootstrap tree #464, logLikelihood: -780.678908
[00:00:11] [worker #6] Bootstrap tree #455, logLikelihood: [00:00:11] [worker #4] Bootstrap tree #453
] [worker #1] rker #6] Bootstrap tree #455, logLikelihood: [00:00:11] [worker #4] Bootstrap tree #453
, logLikelihood: [-746.193602
Bootstrap tree #450, logLikelihood: -785.485046
[00:00:11] [worker #2] Bootstrap tree #451, logLikelihood: -775.558230[
[worker #11] [Bootstrap tree #460, logLikelihood: 0:00:11
[worker #11] [Bootstrap tree #460, logLikelihood: 0:00:11
] [worker #8] Bootstrap tree #457, logLikelihood: -774.930719
[00:00:11] [worker #16] Bootstrap tree #465, logLikelihood: -739.013114
[00:00:11] [worker #23] Bootstrap tree #472, logLikelihood: -745.283258
[00:00:11] [worker #20] Bootstrap tree #469, logLikelihood: -763.030608
[00:00:11] [worker #7] Bootstrap tree #456, logLikelihood: -759.562011
[00:00:11] [worker #10] Bootstrap tree #459, logLikelihood: -762.473473
[00:00:11] [worker #24] Bootstrap tree #473, logLikelihood: -768.782802
[00:00:11] [worker #3] Bootstrap tree #452, logLikelihood: -783.193035
[00:00:11] [worker #19] Bootstrap tree #468, logLikelihood: -739.069674
[00:00:11] [worker #0] Bootstrap tree #449, logLikelihood: -773.854181
[00:00:11] [worker #26] Bootstrap tree #475, logLikelihood: -776.376602
[00:00:11] [worker #31] Bootstrap tree #480, logLikelihood: -765.758219
-776.374260
[00:00:11] [worker #29] Bootstrap tree #478, logLikelihood: -776.376190
[00:00:12] [worker #5] Bootstrap tree #454, logLikelihood: -757.513200
[00:00:12] [worker #27] Bootstrap tree #476, logLikelihood: -751.993700
[00:00:12] [worker #14] Bootstrap tree #463, logLikelihood: -795.663383
[00:00:12] [worker #9] Bootstrap tree #458, logLikelihood: -736.464344
[00:00:12] [worker #21] Bootstrap tree #470, logLikelihood: -762.558295
[00:00:12] [worker #12] Bootstrap tree #461, logLikelihood: -786.984837
[00:00:12] [worker #17] Bootstrap tree #498, logLikelihood: -782.691415
[00:00:12] [worker #18] Bootstrap tree #499, logLikelihood: -774.344655
[00:00:12] [worker #22] Bootstrap tree #503, logLikelihood: -773.354402
[00:00:12] [worker #25] Bootstrap tree #506, logLikelihood: -758.317764
[00:00:12] [worker #8] Bootstrap tree #489, logLikelihood: -805.003446
[00:00:12] [worker #6] Bootstrap tree #487, logLikelihood: -785.166493
[00:00:12] [worker #16] Bootstrap tree #497, logLikelihood: -775.247047
[00:00:12] [worker #11] Bootstrap tree #492, logLikelihood: -756.806336
[00:00:12] [worker #10] Bootstrap tree #491, logLikelihood: -799.983331
[00:00:12] [worker #2] Bootstrap tree #483, logLikelihood: -786.856975
[00:00:12] [worker #1] Bootstrap tree #482, logLikelihood: -783.664352
[00:00:12] [worker #28] Bootstrap tree #509, logLikelihood: -751.867960
[00:00:12] [worker #23] Bootstrap tree #504, logLikelihood: -773.607235
[00:00:12] [worker #13] Bootstrap tree #494, logLikelihood: -785.385136
[00:00:12] [worker #15] Bootstrap tree #496, logLikelihood: -758.710118
[00:00:12] [worker #31] Bootstrap tree #512, logLikelihood: -752.140207
[00:00:12] [worker #4] Bootstrap tree #485, logLikelihood: -758.866329
[00:00:12] [worker #24] Bootstrap tree #505, logLikelihood: -768.499653
[00:00:12] [worker #7] Bootstrap tree #488, logLikelihood: -781.880391
[00:00:12] [worker #30] Bootstrap tree #511, logLikelihood: -761.994984
[00:00:12] [worker #19] Bootstrap tree #500, logLikelihood: -756.498460
[00:00:12] [worker #3] Bootstrap tree #484, logLikelihood: -772.620019
[00:00:12] [worker #21] Bootstrap tree #502, logLikelihood: -753.220255
[00:00:12] [worker #5] Bootstrap tree #486, logLikelihood: -752.433553
[00:00:12] [worker #20] Bootstrap tree #501, logLikelihood: -789.177042
[00:00:12] [worker #9] Bootstrap tree #490, logLikelihood: -776.621560
[00:00:12] [worker #29] Bootstrap tree #510, logLikelihood: -767.042235
[00:00:12] [worker #0] Bootstrap tree #481, logLikelihood: -790.762918
[00:00:12] [worker #27] Bootstrap tree #508, logLikelihood: -755.183826
[00:00:12] [worker #14] Bootstrap tree #495, logLikelihood: -770.778165
[00:00:12] [worker #26] Bootstrap tree #507, logLikelihood: -763.845396
[00:00:12] [worker #12] Bootstrap tree #493, logLikelihood: -776.376181
[00:00:14] [worker #5] Bootstrap tree #518, logLikelihood: -741.810303
[00:00:14] [worker #8] Bootstrap tree #521, logLikelihood: -776.376712
[00:00:14] [worker #22] Bootstrap tree #535, logLikelihood: -770.110810
[00:00:14] [worker #16] Bootstrap tree #529, logLikelihood: -755.150921
[00:00:14] [worker #10] Bootstrap tree #523, logLikelihood: -792.566553
[[[00:00:14] [worker #25] Bootstrap tree #538, logLikelihood: 00:00:14] [worker #12] Bootstrap tree #525, logLikelihood: -776.376175-782.103808
[[[00:00:14] [worker #25] Bootstrap tree #538, logLikelihood: 00:00:14] [worker #12] Bootstrap tree #525, logLikelihood: -776.376175-782.103808


[00:00:14] [worker #29] Bootstrap tree #542, logLikelihood: -764.912818
[00:00:14] [worker #3] Bootstrap tree #516, logLikelihood: -761.944376
[00:00:14] [worker #19] Bootstrap tree #532, logLikelihood: -765.542248
[00:00:14] [worker #23] Bootstrap tree #536, logLikelihood: -715.941149
[00:00:14] [worker #28] Bootstrap tree #541, logLikelihood: -739.923734
[00:00:14] [worker #2] Bootstrap tree #515, logLikelihood: -776.376195
[00:00:14] [worker #18] Bootstrap tree #531, logLikelihood: -800.829154
[00:00:14] [worker #4] Bootstrap tree #517, logLikelihood: -750.733911
[00:00:14] [worker #31] Bootstrap tree #544, logLikelihood: -778.216123
[00:00:14] [worker #7] Bootstrap tree #520, logLikelihood: -787.033618
[00:00:14] [worker #20] Bootstrap tree #533, logLikelihood: -772.993514
[00:00:14] [worker #24] Bootstrap tree #537, logLikelihood: -776.376192
[00:00:14] [worker #11] Bootstrap tree #524, logLikelihood: -754.563548
[00:00:14] [worker #26] Bootstrap tree #539, logLikelihood: -772.768634
[00:00:14] [worker #9] Bootstrap tree #522, logLikelihood: -751.574100
[00:00:14] [worker #14] Bootstrap tree #527, logLikelihood: -731.616716
[00:00:14] [worker #21] Bootstrap tree #534, logLikelihood: -792.593768
[00:00:14] [worker #1] Bootstrap tree #514, logLikelihood: -785.408330
[00:00:14] [worker #6] Bootstrap tree #519, logLikelihood: -788.264696
[00:00:14] [worker #0] Bootstrap tree #513, logLikelihood: -776.376168
[00:00:14] [worker #15] Bootstrap tree #528, logLikelihood: -776.376197
[00:00:14] [worker #17] Bootstrap tree #530, logLikelihood: -776.376178
[00:00:14] [worker #30] Bootstrap tree #543, logLikelihood: -791.449412
[00:00:14] [worker #13] Bootstrap tree #526, logLikelihood: -754.883137
[00:00:14] [worker #12] Bootstrap tree #557, logLikelihood: -795.742352
[00:00:14] [worker #5] Bootstrap tree #550, logLikelihood: -759.478105
[00:00:14] [worker #20] Bootstrap tree #565, logLikelihood: -788.799639
[00:00:14] [worker #8] Bootstrap tree #553, logLikelihood: -738.013375
[00:00:14] [worker #9] Bootstrap tree #554, logLikelihood: -746.461102
[00:00:14] [worker #19] Bootstrap tree #564, logLikelihood: -760.062466
[00:00:14] [worker #16] Bootstrap tree #561, logLikelihood: -743.086739
[00:00:14] [worker #25] Bootstrap tree #570, logLikelihood: -756.955366
[00:00:14] [worker #4] Bootstrap tree #549, logLikelihood: -785.160331
[00:00:14] [worker #26] Bootstrap tree #571, logLikelihood: -773.769084
[00:00:14] [worker #10] Bootstrap tree #555, logLikelihood: -758.333528
[00:00:14] [worker #22] Bootstrap tree #567, logLikelihood: -786.623793
[00:00:14] [worker #18] Bootstrap tree #563, logLikelihood: -793.949131
[00:00:14] [worker #23] Bootstrap tree #568, logLikelihood: -785.346630
[00:00:14] [worker #11] Bootstrap tree #556, logLikelihood: -771.168225
[00:00:14] [worker #11] Bootstrap tree #556, logLikelihood: -771.168225
[00:00:14] [worker #1] Bootstrap tree #546, logLikelihood: -776.376177
[00:00:14] [worker #7] Bootstrap tree #552, logLikelihood: -796.915271
[00:00:14] [[worker #27] Bootstrap tree #572, logLikelihood: 0:00:14] [worker #31] Bootstrap tree #576, logLikelihood: -770.454438
[00:00:14] [[worker #27] Bootstrap tree #572, logLikelihood: 0:00:14] [worker #31] Bootstrap tree #576, logLikelihood: -770.454438
-777.773257
[00:00:14] [worker #15] Bootstrap tree #560, logLikelihood: -748.254257
[00:00:14] [worker #3] Bootstrap tree #548, logLikelihood: -781.843215
[00:00:14] [worker #29] Bootstrap tree #574, logLikelihood: -785.924143
[00:00:14] [worker #24] Bootstrap tree #569, logLikelihood: -751.599041
[00:00:14] [worker #14] Bootstrap tree #559, logLikelihood: -746.302272
[00:00:14] [worker #17] Bootstrap tree #562, logLikelihood: -756.894317
[00:00:14] [worker #2] Bootstrap tree #547, logLikelihood: -779.785676
[00:00:14] [worker #21] Bootstrap tree #566, logLikelihood: -781.657901
[00:00:14] [worker #6] Bootstrap tree #551, logLikelihood: -763.542888
[00:00:14] [worker #28] Bootstrap tree #573, logLikelihood: -747.720151
[00:00:14] [worker #0] Bootstrap tree #545, logLikelihood: -749.209528
[00:00:14] [worker #13] Bootstrap tree #558, logLikelihood: -755.582860
[00:00:14] [worker #30] Bootstrap tree #575, logLikelihood: -777.984731
[00:00:16] [worker #7] Bootstrap tree #584, logLikelihood: -764.104243
[00:00:16] [worker #5] Bootstrap tree #582, logLikelihood: -784.612833
[00:00:16] [worker #15] Bootstrap tree #592, logLikelihood: -737.700403
[00:00:16] [worker #13] Bootstrap tree #590, logLikelihood: -761.117280
[00:00:16] [worker #18] Bootstrap tree #595, logLikelihood: -770.111549
[00:00:16] [worker #24] Bootstrap tree #601, logLikelihood: -759.115445
[00:00:16] [worker #8] Bootstrap tree #585, logLikelihood: -798.652871
[00:00:16] [worker #26] Bootstrap tree #603, logLikelihood: -803.285552
[00:00:16] [worker #29] Bootstrap tree #606, logLikelihood: -776.376197
[00:00:16] [worker #9] Bootstrap tree #586, logLikelihood: -776.376142
[00:00:16] [worker #20] Bootstrap tree #597, logLikelihood: -778.548305
[00:00:16] [worker #12] Bootstrap tree #589, logLikelihood: -774.720249
[00:00:16] [worker #28] Bootstrap tree #605, logLikelihood: -776.376156
[00:00:16] [worker #16] Bootstrap tree #593, logLikelihood: -777.234770
[00:00:16] [worker #4] Bootstrap tree #581, logLikelihood: -799.983289
[00:00:16] [worker #14] Bootstrap tree #591, logLikelihood: -756.298386
[00:00:16] [worker #22] Bootstrap tree #599, logLikelihood: -776.376155
[00:00:16] [worker #1] Bootstrap tree #578, logLikelihood: -736.063835
[00:00:16] [worker #19] Bootstrap tree #596, logLikelihood: -747.497922
[00:00:16] [worker #23] Bootstrap tree #600, logLikelihood: -766.533284
[00:00:16] [worker #2] Bootstrap tree #579, logLikelihood: -807.420570
[00:00:16] [worker #3] Bootstrap tree #580, logLikelihood: -745.232907
[00:00:16] [worker #27] Bootstrap tree #604, logLikelihood: -774.783109
[00:00:16] [worker #25] Bootstrap tree #602, logLikelihood: -757.174251
[00:00:16] [worker #11] Bootstrap tree #588, logLikelihood: -769.558321
[00:00:16] [worker #30] Bootstrap tree #607, logLikelihood: -757.596846
[00:00:16] [worker #17] Bootstrap tree #594, logLikelihood: -770.763694
[00:00:16] [worker #10] Bootstrap tree #587, logLikelihood: -776.376192
[00:00:16] [worker #31] Bootstrap tree #608, logLikelihood: -770.141099
[00:00:16] [worker #15] Bootstrap tree #624, logLikelihood: -760.876336
[00:00:16] [worker #0] Bootstrap tree #577, logLikelihood: -763.383844
[00:00:16] [worker #6] Bootstrap tree #583, logLikelihood: -775.926027
[00:00:16] [worker #29] Bootstrap tree #638, logLikelihood: -749.800513
[00:00:16] [worker #5] Bootstrap tree #614, logLikelihood: -776.376186
[00:00:16] [worker #18] Bootstrap tree #627, logLikelihood: -783.462991
[00:00:16] [worker #20] Bootstrap tree #629, logLikelihood: -724.238197
[00:00:16] [worker #21] Bootstrap tree #598, logLikelihood: -751.568420
[00:00:16] [worker #7] Bootstrap tree #616, logLikelihood: -783.209161
[00:00:16] [worker #13] Bootstrap tree #622, logLikelihood: -767.916619
[00:00:16] [worker #28] Bootstrap tree #637, logLikelihood: -806.813608
[00:00:16] [worker #24] Bootstrap tree #633, logLikelihood: -762.730271
[00:00:16] [worker #19] Bootstrap tree #628, logLikelihood: -814.931713
[00:00:16] [worker #26] Bootstrap tree #635, logLikelihood: -760.547904
[00:00:16] [worker #14] Bootstrap tree #623, logLikelihood: -779.925621
[00:00:16] [worker #8] Bootstrap tree #617, logLikelihood: -781.819817
[00:00:16] [worker #9] Bootstrap tree #618, logLikelihood: -776.375443
[00:00:16] [worker #22] Bootstrap tree #631, logLikelihood: -762.750291
[00:00:16] [worker #2] Bootstrap tree #611, logLikelihood: -776.376164
[00:00:16] [worker #16] Bootstrap tree #625, logLikelihood: -773.260380
[00:00:16] [worker #12] Bootstrap tree #621, logLikelihood: -819.318908
[00:00:16] [worker #23] Bootstrap tree #632, logLikelihood: -776.376181
[00:00:16] [worker #27] Bootstrap tree #636, logLikelihood: -799.396335
[00:00:16] [worker #1] Bootstrap tree #610, logLikelihood: -776.376888
[00:00:16] [worker #30] Bootstrap tree #639, logLikelihood: -792.730119
[00:00:16] [worker #31] Bootstrap tree #640, logLikelihood: -776.376155
[00:00:16] [worker #10] Bootstrap tree #619, logLikelihood: -739.485198
[00:00:16] [worker #4] Bootstrap tree #613, logLikelihood: -743.414438
[00:00:16] [worker #17] Bootstrap tree #626, logLikelihood: -758.390912
[00:00:16] [worker #3] Bootstrap tree #612, logLikelihood: -766.079668
[00:00:16] [worker #0] Bootstrap tree #609, logLikelihood: -760.192829
[00:00:16] [worker #11] Bootstrap tree #620, logLikelihood: -773.579512
[00:00:16] [worker #6] Bootstrap tree #615, logLikelihood: -769.290538
[00:00:16] [worker #21] Bootstrap tree #630, logLikelihood: -767.769843
[00:00:16] [worker #25] Bootstrap tree #634, logLikelihood: -776.376180
[00:00:18] [worker #8] Bootstrap tree #649, logLikelihood: -811.369603
[00:00:18] [worker #18] Bootstrap tree #659, logLikelihood: -776.376165
[00:00:18] [worker #16] Bootstrap tree #657, logLikelihood: -772.606834
[00:00:18] [worker #19] Bootstrap tree #660, logLikelihood: -778.209530
[00:00:18] [worker #11] Bootstrap tree #652, logLikelihood: -778.128083
[00:00:18] [worker #25] Bootstrap tree #666, logLikelihood: -790.274229
] [worker #9] Bootstrap tree #650, logLikelihood: -808.907220
[00:00:18] [worker #5] Bootstrap tree #646, logLikelihood: -764.748195
[00:00:18] [worker #22] Bootstrap tree #663, logLikelihood: -770.961887
[00:00:18] [worker #7] Bootstrap tree #648, logLikelihood: -751.453893
[00:00:18] [worker #21] Bootstrap tree #662, logLikelihood: -770.470182
[00:00:18] [worker #10] Bootstrap tree #651, logLikelihood: -776.376173
[00:00:18] [worker #31] Bootstrap tree #672, logLikelihood: -729.903424
[00:00:18] [worker #23] Bootstrap tree #664, logLikelihood: -776.290890
[00:00:18] [worker #12] Bootstrap tree #653, logLikelihood: -773.327098
[00:00:18] [worker #26] Bootstrap tree #667, logLikelihood: -761.375092
[00:00:18] [worker #13] Bootstrap tree #654, logLikelihood: -748.846602
[00:00:18] [worker #2] Bootstrap tree #643, logLikelihood: -778.845005
[00:00:18] [worker #14] Bootstrap tree #655, logLikelihood: -784.508608
[00:00:18] [worker #6] Bootstrap tree #647, logLikelihood: -770.167569
[00:00:18] [worker #29] Bootstrap tree #670, logLikelihood: -755.881225
[00:00:18] [worker #15] Bootstrap tree #656, logLikelihood: -731.101577
[00:00:18] [worker #1] Bootstrap tree #642, logLikelihood: -763.604128
[00:00:18] [worker #28] Bootstrap tree #669, logLikelihood: -776.376197
[00:00:18] [worker #4] Bootstrap tree #645, logLikelihood: -776.688016
[00:00:18] [worker #24] Bootstrap tree #665, logLikelihood: -755.585861
[00:00:18] [worker #27] Bootstrap tree #668, logLikelihood: -760.956326
[00:00:18] [worker #20] Bootstrap tree #661, logLikelihood: -803.403224
[00:00:18] [worker #3] Bootstrap tree #644, logLikelihood: -787.172528
[00:00:18] [worker #0] Bootstrap tree #641, logLikelihood: -748.278296
[00:00:18] [worker #17] Bootstrap tree #658, logLikelihood: -796.840312
[00:00:18] [worker #19] Bootstrap tree #692, logLikelihood: -788.577357
[00:00:18] [worker #8] Bootstrap tree #681, logLikelihood: -768.399751
[00:00:18] [worker #30] Bootstrap tree #671, logLikelihood: -768.001642
[00:00:18] [worker #11] Bootstrap tree #684, logLikelihood: -757.091108
[00:00:18] [worker #18] Bootstrap tree #691, logLikelihood: -770.188048
[worker #25] Bootstrap tree #698[, logLikelihood: -751.356821
-773.106582
[00:00:18] [worker #5] Bootstrap tree #678, logLikelihood: -766.780536
[00:00:18] [worker #31] Bootstrap tree #704, logLikelihood: [-787.867494
[00:00:18] [worker #31] Bootstrap tree #704, logLikelihood: [-787.867494
00:00:18] [worker #16] Bootstrap tree #689, logLikelihood: -740.779792
[00:00:18] [worker #14] Bootstrap tree #687, logLikelihood: -759.618681
[00:00:18] [worker #27] Bootstrap tree #700, logLikelihood: -774.288363
[00:00:18] [worker #29] Bootstrap tree #702, logLikelihood: -760.819789
[00:00:18] [worker #22] Bootstrap tree #695, logLikelihood: -801.531937
[00:00:18] [worker #23] Bootstrap tree #696, logLikelihood: -738.727513
[00:00:19] [worker #26] Bootstrap tree #699, logLikelihood: -767.434430
[00:00:19] [worker #12] Bootstrap tree #685, logLikelihood: -770.534367
[00:00:19] [worker #15] Bootstrap tree #688, logLikelihood: -776.376177
[00:00:19] [worker #2] Bootstrap tree #675, logLikelihood: -771.842558
[00:00:19] [worker #9] Bootstrap tree #682, logLikelihood: -767.306225
[00:00:19] [worker #21] Bootstrap tree #694, logLikelihood: -774.711824
[00:00:19] [worker #13] Bootstrap tree #686, logLikelihood: -776.376151
[00:00:19] [worker #3] Bootstrap tree #676, logLikelihood: -750.815628
[00:00:19] [worker #1] Bootstrap tree #674, logLikelihood: -723.440316
[00:00:19] [worker #4] Bootstrap tree #677, logLikelihood: -775.328408
[00:00:19] [worker #24] Bootstrap tree #697, logLikelihood: -726.735697
[00:00:19] [worker #20] Bootstrap tree #693, logLikelihood: -731.385654
[00:00:19] [worker #28] Bootstrap tree #701, logLikelihood: -785.643480
[00:00:19] [worker #7] Bootstrap tree #680, logLikelihood: -800.569986
00:00:19] [worker #6] Bootstrap tree #679, logLikelihood: -756.354912
[00:00:19] [worker #30] Bootstrap tree #703, logLikelihood: -772.563342
[00:00:19] [worker #17] Bootstrap tree #690, logLikelihood: -745.619923
[00:00:19] [worker #0] Bootstrap tree #673, logLikelihood: -775.074153
[00:00:21] [worker #17] Bootstrap tree #722, logLikelihood: -764.583701
[00:00:21] [worker #8] Bootstrap tree #713, logLikelihood: -799.503777
[00:00:21] [worker #10] Bootstrap tree #715, logLikelihood: -742.330058
[00:00:21] [worker #23] Bootstrap tree #728, logLikelihood: -761.221516
[00:00:21] [worker #29] Bootstrap tree #734, logLikelihood: -739.119301
[00:00:21] [worker #14] Bootstrap tree #719, logLikelihood: -748.231909
[00:00:21] [worker #22] Bootstrap tree #727, logLikelihood: -808.306407
00:00:21] [worker #18] Bootstrap tree #723, logLikelihood: -748.739040
[00:00:21] [worker #2] Bootstrap tree #707, logLikelihood: -778.629765
[[00:00:21] [worker #11] Bootstrap tree #716, logLikelihood: -776.376152
00:00:21] [worker #9] Bootstrap tree #714, logLikelihood: -765.060022
[00:00:21] [worker #12] Bootstrap tree #717, logLikelihood: -750.572692
[00:00:21] [worker #5] Bootstrap tree #710, logLikelihood: -750.719896
[00:00:21] [worker #16] Bootstrap tree #721, logLikelihood: -771.557721
[00:00:21] [worker #19] Bootstrap tree #724, logLikelihood: -748.722360
[00:00:21] [worker #13] Bootstrap tree #718, logLikelihood: -776.376177
[00:00:21] [worker #4] Bootstrap tree #709, logLikelihood: -768.725420
[00:00:21] [worker #1] Bootstrap tree #706, logLikelihood: -757.990720
[00:00:21] [worker #25] Bootstrap tree #730, logLikelihood: -774.168336
[00:00:21] [worker #15] Bootstrap tree #720, logLikelihood: -723.997947
[00:00:21] [worker #7] Bootstrap tree #712, logLikelihood: -737.790526
[00:00:21] [worker #24] Bootstrap tree #729, logLikelihood: -772.619983
[00:00:21] [worker #27] Bootstrap tree #732, logLikelihood: -757.420761
[00:00:21] [worker #21] Bootstrap tree #726, logLikelihood: -759.549282
[00:00:21] [worker #28] Bootstrap tree #733, logLikelihood: -751.543765
[00:00:21] [worker #0] Bootstrap tree #705, logLikelihood: -770.214017
[00:00:21] [worker #31] Bootstrap tree #736, logLikelihood: -773.750304
[00:00:21] [worker #30] Bootstrap tree #735, logLikelihood: -773.999485
[00:00:22] [worker #14] Bootstrap tree #751, logLikelihood: -783.217420
[00:00:22] [worker #3] Bootstrap tree #708, logLikelihood: -767.568547
[00:00:22] [worker #20] Bootstrap tree #725, logLikelihood: -780.498709
[00:00:22] [worker #26] Bootstrap tree #731, logLikelihood: -736.500700
[00:00:22] [worker #6] Bootstrap tree #711, logLikelihood: -757.027003
[00:00:22] [worker #10] Bootstrap tree #747, logLikelihood: -738.944490
[00:00:22] [worker #23] Bootstrap tree #760, logLikelihood: -776.376193
[00:00:22] [worker #8] Bootstrap tree #745, logLikelihood: -795.323142
[00:00:22] [worker #12] Bootstrap tree #749, logLikelihood: -771.237408
[00:00:22] [worker #5] Bootstrap tree #742, logLikelihood: -737.227460
[00:00:22] [worker #9] Bootstrap tree #746, logLikelihood: -722.690562
[00:00:22] [worker #17] Bootstrap tree #754, logLikelihood: -751.943341
[00:00:22] [worker #22] Bootstrap tree #759, logLikelihood: -758.058568
[00:00:22] [worker #18] Bootstrap tree #755, logLikelihood: -740.613240
[00:00:22] [worker #19] Bootstrap tree #756, logLikelihood: -782.549702
[00:00:22] [worker #4] Bootstrap tree #741, logLikelihood: -779.581932
[00:00:22] [worker #16] Bootstrap tree #753, logLikelihood: -747.029785
[00:00:22] [worker #29] Bootstrap tree #766, logLikelihood: -776.376154
[00:00:22] [worker #21] Bootstrap tree #758, logLikelihood: -755.893197
[00:00:22] [worker #2] Bootstrap tree #739, logLikelihood: -779.447333
[00:00:22] [worker #11] Bootstrap tree #748, logLikelihood: -725.412079
[00:00:22] [worker #15] Bootstrap tree #752, logLikelihood: -771.612575
[00:00:22] [worker #31] Bootstrap tree #768, logLikelihood: -761.107092
:22] [worker #24] Bootstrap tree #761, logLikelihood: -793.783911
[00:00:22] [worker #13] Bootstrap tree #750, logLikelihood: -789.100902
[00:00:22] [worker #27] Bootstrap tree #764, logLikelihood: -757.879515
[00:00:22] [worker #28] Bootstrap tree #765, logLikelihood: -795.863586
[00:00:22] [worker #7] Bootstrap tree #744, logLikelihood: -775.937777
[00:00:22] [worker #1] Bootstrap tree #738, logLikelihood: -764.115282
[00:00:22] [worker #25] Bootstrap tree #762, logLikelihood: -770.104762
[00:00:22] [worker #30] Bootstrap tree #767, logLikelihood: -793.296740
[00:00:22] [worker #20] Bootstrap tree #757, logLikelihood: -765.558377
[00:00:22] [worker #6] Bootstrap tree #743, logLikelihood: -761.443115
[00:00:22] [worker #26] Bootstrap tree #763, logLikelihood: -743.863469
[00:00:22] [worker #3] Bootstrap tree #740, logLikelihood: -794.730292
[00:00:22] [worker #0] Bootstrap tree #737, logLikelihood: -786.867293
[00:00:25] [worker #29] Bootstrap tree #798, logLikelihood: -764.109831
[00:00:25] [worker #17] Bootstrap tree #786, logLikelihood: -778.207651
[00:00:25] [worker #2] Bootstrap tree #771, logLikelihood: -736.043656
[00:00:25] [worker #16] Bootstrap tree #785, logLikelihood: -777.471895
[00:00:25] [worker #1] Bootstrap tree #770, logLikelihood: -730.342802
[00:00:25] [worker #26] Bootstrap tree #795, logLikelihood: -748.287928
-776.376197
00:00:25] [worker #21] Bootstrap tree #790, logLikelihood: -743.626821
[00:00:25] [worker #15] Bootstrap tree #784, logLikelihood: -756.994740
[00:00:25] [worker #31] Bootstrap tree #800, logLikelihood: -804.240960
[00:00:25] [worker #14] Bootstrap tree #783, logLikelihood: -763.785111
[00:00:25] [worker #11] Bootstrap tree #780, logLikelihood: -779.478564
[00:00:25] [worker #19] Bootstrap tree #788, logLikelihood: -758.607640
[00:00:25] [worker #9] Bootstrap tree #778, logLikelihood: -746.474329
[00:00:25] [worker #20] Bootstrap tree #789, logLikelihood: -731.100128
[00:00:25] [worker #3] Bootstrap tree #772, logLikelihood: -794.405756
[00:00:25] [worker #25] Bootstrap tree #794, logLikelihood: -793.221352
[00:00:25] [worker #4] Bootstrap tree #773, logLikelihood: -777.343838
[00:00:25] [worker #13] Bootstrap tree #782, logLikelihood: -776.376145
[00:00:25] [worker #24] Bootstrap tree #793, logLikelihood: -797.000150
[00:00:25] [worker #10] Bootstrap tree #779, logLikelihood: -748.758215
[00:00:25] [worker #22] Bootstrap tree #791, logLikelihood: -783.574778
[00:00:25] [worker #30] Bootstrap tree #799, logLikelihood: -732.872838
[00:00:25] [worker #18] Bootstrap tree #787, logLikelihood: -753.634086
[00:00:25] [worker #8] Bootstrap tree #777, logLikelihood: -791.171401
[00:00:25] [worker #28] Bootstrap tree #797, logLikelihood: -776.376177
[00:00:25] [worker #27] Bootstrap tree #796, logLikelihood: -797.453764
[00:00:25] [worker #5] Bootstrap tree #774, logLikelihood: -752.956476
[00:00:25] [worker #26] Bootstrap tree #827, logLikelihood: -736.661161
[worker #7] Bootstrap tree #776, logLikelihood: -756.624806
[00:00:25] [worker #29] Bootstrap tree #830, logLikelihood: -806.615633
[00:00:25] [worker #23] Bootstrap tree #792, logLikelihood: -773.679414
[00:00:25] [worker #0] Bootstrap tree #769, logLikelihood: -815.404595
[00:00:25] [worker #6] Bootstrap tree #775, logLikelihood: -803.996139
[00:00:25] [worker #11] Bootstrap tree #812, logLikelihood: -748.803162
[00:00:25] [worker #12] Bootstrap tree #813, logLikelihood: -774.648430
[00:00:25] [worker #16] Bootstrap tree #817, logLikelihood: -752.834632
[00:00:25] [worker #15] Bootstrap tree #816, logLikelihood: -767.057872
[00:00:25] [worker #17] Bootstrap tree #818, logLikelihood: -776.376198
[00:00:25] [worker #14] Bootstrap tree #815, logLikelihood: -778.944491
[00:00:25] [worker #3] Bootstrap tree #804, logLikelihood: -763.206285
[00:00:25] [worker #2] Bootstrap tree #803, logLikelihood: -774.121712
[00:00:25] [worker #25] Bootstrap tree #826, logLikelihood: -765.359474
[00:00:25] [worker #10] Bootstrap tree #811, logLikelihood: -751.805335
[00:00:25] [worker #1] Bootstrap tree #802, logLikelihood: -770.676636
-794.720689
[00:00:25] [worker #4] Bootstrap tree #805, logLikelihood: -745.377015
[00:00:25] [worker #21] Bootstrap tree #822, logLikelihood: -762.759188
[00:00:25] [worker #31] Bootstrap tree #832, logLikelihood: -771.250427
[00:00:25] [worker #19] Bootstrap tree #820, logLikelihood: -793.214883
[00:00:25] [worker #24] Bootstrap tree #825, logLikelihood: -776.374513
[00:00:25] [worker #18] Bootstrap tree #819, logLikelihood: -777.857323
[00:00:25] [worker #30] Bootstrap tree #831, logLikelihood: -756.315392
[00:00:25] [worker #13] Bootstrap tree #814, logLikelihood: -782.277612
[00:00:26] [worker #27] Bootstrap tree #828, logLikelihood: -785.790115
[00:00:26] [worker #20] Bootstrap tree #821, logLikelihood: -748.994250
[00:00:26] [worker #22] Bootstrap tree #823, logLikelihood: -763.179238
[00:00:26] [worker #5] Bootstrap tree #806, logLikelihood: -783.276843
[00:00:26] [worker #6] Bootstrap tree #807, logLikelihood: -785.384084
[00:00:26] [worker #8] Bootstrap tree #809, logLikelihood: -749.249909
[00:00:26] [worker #7] Bootstrap tree #808, logLikelihood: -787.117645
[00:00:26] [worker #28] Bootstrap tree #829, logLikelihood: -742.892410
[00:00:26] [worker #23] Bootstrap tree #824, logLikelihood: -770.846164
[00:00:26] [worker #0] Bootstrap tree #801, logLikelihood: -744.297714
[00:00:28] [worker #24] Bootstrap tree #857, logLikelihood: -795.597770
[00:00:28] [worker #29] Bootstrap tree #862, logLikelihood: -798.497877
[00:00:28] [worker #1] Bootstrap tree #834, logLikelihood: -740.737720
[00:00:28] [worker #30] Bootstrap tree #863, logLikelihood: -734.339609
[00:00:28] [worker #5] Bootstrap tree #838, logLikelihood: -807.476651
[00:00:28] [worker #14] Bootstrap tree #847, logLikelihood: -727.839072
[00:00:28] [worker #11] Bootstrap tree #844, logLikelihood: -753.225662
[00:00:28] [worker #9] Bootstrap tree #842, logLikelihood: -766.539823
[00:00:28] [worker #25] Bootstrap tree #858, logLikelihood: -803.310165[
[00:00:28] [
00:00:28] [worker #6] Bootstrap tree #839, logLikelihood: -759.813445
[00:00:28] [worker #2] Bootstrap tree #835, logLikelihood: -758.139106
[00:00:28] [worker #21] Bootstrap tree #854, logLikelihood: -750.713748
[00:00:28] [worker #12] Bootstrap tree #845, logLikelihood: -780.109995
[00:00:28] [worker #23] Bootstrap tree #856, logLikelihood: -736.070944
[00:00:28] [worker #27] Bootstrap tree #860, logLikelihood: -751.806797
[00:00:28] [worker #31] Bootstrap tree #864, logLikelihood: -785.030228
[00:00:28] [worker #3] Bootstrap tree #836, logLikelihood: -775.388072
-765.660300
[00:00:28] [worker #19] Bootstrap tree #852, logLikelihood: -778.129457
[00:00:28] [worker #16] Bootstrap tree #849, logLikelihood: -776.376164
[00:00:28] [worker #18] Bootstrap tree #851, logLikelihood: -747.582859
[00:00:28] [worker #15] Bootstrap tree #848, logLikelihood: -796.247784
[00:00:28] [worker #0] Bootstrap tree #833, logLikelihood: -776.374433
[00:00:28] [worker #4] Bootstrap tree #837, logLikelihood: -776.376192
[00:00:28] [worker #28] Bootstrap tree #861, logLikelihood: -776.376154
[00:00:28] [worker #22] Bootstrap tree #855, logLikelihood: -776.376908
[00:00:28] [worker #20] Bootstrap tree #853, logLikelihood: -767.655383
[00:00:28] [worker #7] Bootstrap tree #840, logLikelihood: -797.332166
[00:00:28] [worker #17] Bootstrap tree #850, logLikelihood: -769.066548
[00:00:28] [worker #26] Bootstrap tree #859, logLikelihood: -782.775868
[00:00:28] [worker #10] Bootstrap tree #843, logLikelihood: -771.191112
[00:00:28] [worker #9] Bootstrap tree #874, logLikelihood: -738.212113
[00:00:28] [worker #5] Bootstrap tree #870, logLikelihood: -793.842098
[00:00:28] [worker #24] Bootstrap tree #889, logLikelihood: -785.146524
[00:00:28] [worker #29] Bootstrap tree #894, logLikelihood: -787.843272
[00:00:28] [worker #25] Bootstrap tree #890, logLikelihood: -785.411395
[00:00:28] [worker #30] Bootstrap tree #895, logLikelihood: -764.791048
[00:00:28] [worker #8] Bootstrap tree #873, logLikelihood: -771.429126
[00:00:28] [worker #11] Bootstrap tree #876, logLikelihood: -790.103687
[00:00:28] [worker #1] Bootstrap tree #866, logLikelihood: -741.390571
[00:00:28] [worker #2] Bootstrap tree #867, logLikelihood: -773.414295
[00:00:28] [worker #6] Bootstrap tree #871, logLikelihood: -776.376198
[00:00:28] [worker #16] Bootstrap tree #881, logLikelihood: -750.342622
[00:00:28] [worker #12] Bootstrap tree #877, logLikelihood: -737.747490
[00:00:28] [worker #22] Bootstrap tree #887, logLikelihood: -793.104292
[00:00:28] [worker #14] Bootstrap tree #879, logLikelihood: -789.123870
[00:00:28] [worker #21] Bootstrap tree #886, logLikelihood: -794.097661
[00:00:28] [worker #31] Bootstrap tree #896, logLikelihood: -785.686177
[00:00:28] [worker #3] Bootstrap tree #868, logLikelihood: -758.981591
[[[[[[00:00:28] [worker #20] Bootstrap tree #885, logLikelihood: -741.296623
00:00:28] [worker #7] Bootstrap tree #872, logLikelihood: -765.297604
-754.69454300:00:28] [worker #23] Bootstrap tree #888, logLikelihood: -757.912843
00:00:28] [worker #4] Bootstrap tree #869, logLikelihood: -735.437093
00:00:28] [worker #18] Bootstrap tree #883, logLikelihood: -747.975493
00:00:28] [worker #18] Bootstrap tree #883, logLikelihood: -747.975493

[00:00:28] [worker #13] Bootstrap tree #878, logLikelihood: -754.667481
[00:00:28] [worker #15] Bootstrap tree #880, logLikelihood: -784.718946
[00:00:28] [worker #27] Bootstrap tree #892, logLikelihood: -765.167843
[00:00:28] [worker #19] Bootstrap tree #884, logLikelihood: -762.219052
[00:00:28] [worker #28] Bootstrap tree #893, logLikelihood: -748.808545
[00:00:28] [worker #10] Bootstrap tree #875, logLikelihood: -770.722223
[00:00:28] [worker #26] Bootstrap tree #891, logLikelihood: -738.973944
[00:00:29] [worker #0] Bootstrap tree #865, logLikelihood: -752.770801
[00:00:31] [worker #1] Bootstrap tree #898, logLikelihood: -734.645941
[00:00:31] [worker #30] Bootstrap tree #927, logLikelihood: -794.683190
[00:00:31] [worker #0] Bootstrap tree #897, logLikelihood: -751.399123
[00:00:31] [worker #13] Bootstrap tree #910, logLikelihood: -745.817385
00:00:31] [worker #21] Bootstrap tree #918, logLikelihood: -765.920781
[00:00:31] [worker #25] Bootstrap tree #922, logLikelihood: -756.071088
[00:00:31] [worker #3] Bootstrap tree #900, logLikelihood: -777.949299
[00:00:31] [worker #19] Bootstrap tree #916, logLikelihood: -780.482393
[00:00:31] [worker #4] Bootstrap tree #901, logLikelihood: -814.629733
[00:00:31] [worker #23] Bootstrap tree #920, logLikelihood: -776.376170
[00:00:31] [worker #23] Bootstrap tree #920, logLikelihood: -776.376170
[00:00:31] [worker #27] Bootstrap tree #924, logLikelihood: -776.376197
[00:00:31] [worker #23] Bootstrap tree #920, logLikelihood: -776.376170
[00:00:31] [worker #27] Bootstrap tree #924, logLikelihood: -776.376197
[00:00:31] [worker #2] Bootstrap tree #899, logLikelihood: -780.570111
[00:00:31] [worker #12] Bootstrap tree #909, logLikelihood: -784.723862
[00:00:31] [worker #8] Bootstrap tree #905, logLikelihood: -766.580789
[00:00:31] [worker #7] Bootstrap tree #904, logLikelihood: -759.998474
[00:00:31] [worker #28] Bootstrap tree #925, logLikelihood: -763.987797
[00:00:31] [worker #14] Bootstrap tree #911, logLikelihood: -801.031124
[00:00:31] [worker #6] Bootstrap tree #903, logLikelihood: -753.601394
[0[000::00:31] [worker #20] Bootstrap tree #917, logLikelihood: -745.301466
00-761.462759
00-761.462759
:31] [worker #10] Bootstrap tree #907, logLikelihood: -735.800911
[00:00:31] [worker #17] Bootstrap tree #914, logLikelihood: -770.626845
[00:00:31] [worker #31] Bootstrap tree #928, logLikelihood: -740.676067
[00:00:31] [worker #9] Bootstrap tree #906, logLikelihood: -741.846251
[00:00:31] [worker #18] Bootstrap tree #915, logLikelihood: -795.297850
[00:00:31] [worker #24] Bootstrap tree #921, logLikelihood: -770.318913
[00:00:31] [worker #16] Bootstrap tree #913, logLikelihood: -754.975066
[00:00:31] [worker #5] Bootstrap tree #902, logLikelihood: -753.416748
[00:00:31] [worker #11] Bootstrap tree #908, logLikelihood: -763.897481
[00:00:31] [worker #26] Bootstrap tree #923, logLikelihood: -776.376177
[00:00:31] [worker #29] Bootstrap tree #926, logLikelihood: -741.967678
[00:00:31] [worker #15] Bootstrap tree #912, logLikelihood: -795.306232
[00:00:31] [worker #1] Bootstrap tree #930, logLikelihood: -772.519929
[00:00:31] [worker #13] Bootstrap tree #942, logLikelihood: -769.671491
[00:00:31] [worker #30] Bootstrap tree #959, logLikelihood: -766.967522
[00:00:31] [worker #4] Bootstrap tree #933, logLikelihood: -747.172049
[00:00:31] [worker #2] Bootstrap tree #931, logLikelihood: -759.035245
[00:00:32] [worker #0] Bootstrap tree #929, logLikelihood: -755.789153
[00:00:32] [worker #28] Bootstrap tree #957, logLikelihood: -756.247608
[00:00:32] [worker #27] Bootstrap tree #956, logLikelihood: -724.675164
[00:00:32] [worker #9] Bootstrap tree #938, logLikelihood: -773.079445[
[worker #16] Bootstrap tree #945, logLikelihood: -790.093672
[00:00:32] [worker #24] Bootstrap tree #953, logLikelihood: -776.376186
[00:00:32] [worker #29] Bootstrap tree #958, logLikelihood: -785.000672
[00:00:32] [worker #19] Bootstrap tree #948, logLikelihood: -763.118436
[00:00:32] [worker #12] Bootstrap tree #941, logLikelihood: -796.009445
[00:00:32] [worker #11] Bootstrap tree #940, logLikelihood: -771.528580
[00:00:32] [worker #22] Bootstrap tree #951, logLikelihood: -790.467767
[00:00:32] [worker #20] Bootstrap tree #949, logLikelihood: -767.947872
[00:00:32] [worker #21] Bootstrap tree #950, logLikelihood: [-777.399483
32] [worker #10] Bootstrap tree #939, logLikelihood: -767.720062
[00:00:32] [worker #8] Bootstrap tree #937, logLikelihood: -754.297664
[00:00:32] [worker #17] Bootstrap tree #946, logLikelihood: -749.698527[
[00:00:32] [worker #17] Bootstrap tree #946, logLikelihood: -749.698527[
00:00:32] [worker #3] Bootstrap tree #932, logLikelihood: -775.672367
[00:00:32] [worker #6] Bootstrap tree #935, logLikelihood: -740.322258
[00:00:32] [worker #7] Bootstrap tree #936, logLikelihood: -746.275072
[00:00:32] [worker #23] Bootstrap tree #952, logLikelihood: -762.893412
[00:00:32] [worker #18] Bootstrap tree #947, logLikelihood: -763.330588
[00:00:32] [worker #14] Bootstrap tree #943, logLikelihood: -782.567379
[00:00:32] [worker #26] Bootstrap tree #955, logLikelihood: -719.061428
[00:00:32] [worker #15] Bootstrap tree #944, logLikelihood: -783.062021
[00:00:32] [worker #5] Bootstrap tree #934, logLikelihood: [-736.66605600:00
-793.647231
[00:00:32] [worker #31] Bootstrap tree #960, logLikelihood: -767.595539
[00:00:35] [worker #29] Bootstrap tree #990, logLikelihood: -728.220591
[00:00:35] [worker #9] Bootstrap tree #970, logLikelihood: -776.376164
[00:00:35] [worker #19] Bootstrap tree #980, logLikelihood: -764.065914
[00:00:35] [worker #10] Bootstrap tree #971, logLikelihood: -783.404970
[00:00:35] [worker #20] Bootstrap tree #981, logLikelihood: -721.315071
[00:00:35] [worker #22] Bootstrap tree #983, logLikelihood: -789.083045
[00:00:35] [worker #7] Bootstrap tree #968, logLikelihood: -786.655270
-745.045792
-769.984906
[00:00:35] [worker #4] Bootstrap tree #965, logLikelihood: -776.376187
[00:00:35] [worker #15] Bootstrap tree #976, logLikelihood: -780.604955
00:00:35] [worker #25] Bootstrap tree #986, logLikelihood: -779.172841
[00:00:35] [worker #26] Bootstrap tree #987, logLikelihood: -748.874867
[00:00:35] [worker #18] Bootstrap tree #979, logLikelihood: -747.818543
[00:00:35] [worker #11] Bootstrap tree #972, logLikelihood: -754.424414
[00:00:35] [worker #27] Bootstrap tree #988, logLikelihood: -800.500764
[00:00:35] [worker #30] Bootstrap tree #991, logLikelihood: -744.524196
00:00:35] [worker #12] Bootstrap tree #973, logLikelihood: -794.946488
[00:00:35] [worker #16] Bootstrap tree #977, logLikelihood: -763.673932
[00:00:35] [worker #31] Bootstrap tree #992, logLikelihood: -776.292533
[00:00:35] [worker #17] Bootstrap tree #978, logLikelihood: -740.212722
[00:00:35] [worker #2] Bootstrap tree #963, logLikelihood: -754.602895
[00:00:35] [worker #3] Bootstrap tree #964, logLikelihood: -777.064929
[00:00:35] [worker #8] Bootstrap tree #969, logLikelihood: -766.516482
[00:00:35] [worker #13] Bootstrap tree #974, logLikelihood: -784.866759
[00:00:35] [worker #21] Bootstrap tree #982, logLikelihood: -756.641033
[00:00:35] [worker #5] Bootstrap tree #966, logLikelihood: -727.272368
[00:00:35] [worker #23] Bootstrap tree #984, logLikelihood: -767.155712
[00:00:35] [worker #28] Bootstrap tree #989, logLikelihood: -773.101624
[00:00:35] [worker #0] Bootstrap tree #961, logLikelihood: -774.980727
[00:00:35] [worker #6] Bootstrap tree #967, logLikelihood: -771.052722
[00:00:35] [worker #14] Bootstrap tree #975, logLikelihood: -745.628761
[00:00:35] [worker #1] Bootstrap tree #994, logLikelihood: -773.079753
[00:00:35] [worker #7] Bootstrap tree #1000, logLikelihood: -776.376161
[00:00:35] [worker #4] Bootstrap tree #997, logLikelihood: -747.761418
[00:00:35] [worker #3] Bootstrap tree #996, logLikelihood: -780.539307
[00:00:35] [worker #2] Bootstrap tree #995, logLikelihood: -760.177522
[00:00:35] [worker #5] Bootstrap tree #998, logLikelihood: -760.080847
[00:00:35] [worker #0] Bootstrap tree #993, logLikelihood: -776.376175
[00:00:35] [worker #6] Bootstrap tree #999, logLikelihood: -743.396823

Optimized model parameters:

   Partition 0: noname
   Rate heterogeneity: GAMMA (4 cats, mean),  alpha: 0.020138 (ML),  weights&rates: (0.250000,0.000000) (0.250000,0.000000) (0.250000,0.000001) (0.250000,3.999999) 
   Base frequencies (ML): 0.448384 0.089364 0.126803 0.335448 
   Substitution rates (ML): 446.640528 112.836904 0.001000 0.001000 407.388253 1.000000 


Final LogLikelihood: -776.364708

AIC score: 1620.729416 / AICc score: 1624.861361 / BIC score: 1770.842713
Free parameters (model + branch lengths): 34

WARNING: Best ML tree contains 8 near-zero branches!

Best ML tree with collapsed near-zero branches saved to: /mnt/lustre/RDS-live/downing/LSDV/GTPV_SPPV/results_GTPV/LSDV036.raxml.bestTreeCollapsed
Best ML tree saved to: /mnt/lustre/RDS-live/downing/LSDV/GTPV_SPPV/results_GTPV/LSDV036.raxml.bestTree
All ML trees saved to: /mnt/lustre/RDS-live/downing/LSDV/GTPV_SPPV/results_GTPV/LSDV036.raxml.mlTrees
Best ML tree with Felsenstein bootstrap (FBP) support values saved to: /mnt/lustre/RDS-live/downing/LSDV/GTPV_SPPV/results_GTPV/LSDV036.raxml.supportFBP
Best ML tree with Transfer bootstrap (TBE) support values saved to: /mnt/lustre/RDS-live/downing/LSDV/GTPV_SPPV/results_GTPV/LSDV036.raxml.supportTBE
Optimized model saved to: /mnt/lustre/RDS-live/downing/LSDV/GTPV_SPPV/results_GTPV/LSDV036.raxml.bestModel
Bootstrap trees saved to: /mnt/lustre/RDS-live/downing/LSDV/GTPV_SPPV/results_GTPV/LSDV036.raxml.bootstraps

Execution log saved to: /mnt/lustre/RDS-live/downing/LSDV/GTPV_SPPV/results_GTPV/LSDV036.raxml.log

Analysis started: 24-Nov-2025 14:13:01 / finished: 24-Nov-2025 14:13:40

Elapsed time: 38.400 seconds

