
RAxML-NG v. 1.2.2 released on 11.04.2024 by The Exelixis Lab.
Developed by: Alexey M. Kozlov and Alexandros Stamatakis.
Contributors: Diego Darriba, Tomas Flouri, Benoit Morel, Sarah Lutteropp, Ben Bettisworth, Julia Haag, Anastasis Togkousidis.
Latest version: https://github.com/amkozlov/raxml-ng
Questions/problems/suggestions? Please visit: https://groups.google.com/forum/#!forum/raxml

System: AMD EPYC 7543P 32-Core Processor, 32 cores, 995 GB RAM

RAxML-NG was called at 24-Nov-2025 15:35:35 as follows:

raxml-ng --all --msa region_LSDV135.aln --model GTR+G --prefix LSDV135 --seed 123 --bs-metric fbp,tbe --redo

Analysis options:
  run mode: ML tree search + bootstrapping (Felsenstein Bootstrap + Transfer Bootstrap)
  start tree(s): random (10) + parsimony (10)
  bootstrap replicates: parsimony (max: 1000) + bootstopping (autoMRE, cutoff: 0.030000)
  random seed: 123
  tip-inner: OFF
  pattern compression: ON
  per-rate scalers: OFF
  site repeats: ON
  logLH epsilon: general: 10.000000, brlen-triplet: 1000.000000
  fast spr radius: AUTO
  spr subtree cutoff: 1.000000
  fast CLV updates: ON
  branch lengths: proportional (ML estimate, algorithm: NR-FAST)
  SIMD kernels: AVX2
  parallelization: coarse-grained (auto), PTHREADS (auto)

WARNING: Running in REDO mode: existing checkpoints are ignored, and all result files will be overwritten!

[00:00:00] Reading alignment from file: region_LSDV135.aln
[00:00:00] Loaded alignment with 14 taxa and 1221 sites

WARNING: Sequences NC_004003.1 and KX576657.1 are exactly identical!
WARNING: Sequences NC_004003.1 and AY077836.1 are exactly identical!
WARNING: Sequences NC_004003.1 and AY077835.1 are exactly identical!
WARNING: Sequences MW020570.1 and MN072620.1 are exactly identical!
WARNING: Sequences MW020570.1 and MH381810.1 are exactly identical!
WARNING: Sequences MW020570.1 and KC951854.1 are exactly identical!
WARNING: Duplicate sequences found: 6

NOTE: Reduced alignment (with duplicates and gap-only sites/taxa removed) 
NOTE: was saved to: /mnt/lustre/RDS-live/downing/LSDV/GTPV_SPPV/results_GTPV/LSDV135.raxml.reduced.phy

Alignment comprises 1 partitions and 36 patterns

Partition 0: noname
Model: GTR+FO+G4m
Alignment sites / patterns: 1221 / 36
Gaps: 0.48 %
Invariant sites: 97.05 %


NOTE: Binary MSA file created: LSDV135.raxml.rba

Parallelization scheme autoconfig: 32 worker(s) x 1 thread(s)

[00:00:00] Generating 10 random starting tree(s) with 14 taxa
[00:00:00] Generating 10 parsimony starting tree(s) with 14 taxa
Parallel parsimony with 32 threads
Parallel reduction/worker buffer size: 1 KB  / 0 KB

[00:00:00] Data distribution: max. partitions/sites/weight per thread: 1 / 36 / 576
[00:00:00] Data distribution: max. searches per worker: 33

Starting ML tree search with 20 distinct starting trees

[00:00:00] [worker #4] ML tree search #5, logLikelihood: -1777.472201
[00:00:00] [worker #12] ML tree search #13, logLikelihood: -1777.472241
[00:00:00] [worker #10] ML tree search #11, logLikelihood: -1777.472240
[00:00:00] [worker #17] ML tree search #18, logLikelihood: -1777.472241
[00:00:00] [worker #13] ML tree search #14, logLikelihood: -1777.472241
[00:00:00] [worker #19] ML tree search #20, logLikelihood: -1777.472205
[00:00:01] [worker #8] ML tree search #9, logLikelihood: -1777.472206
[00:00:01] [worker #18] ML tree search #19, logLikelihood: -1777.472212
[00:00:01] [worker #7] ML tree search #8, logLikelihood: -1777.472200
[00:00:01] [worker #14] ML tree search #15, logLikelihood: -1777.472240
[00:00:01] [worker #6] ML tree search #7, logLikelihood: -1777.472200
[00:00:01] [worker #9] ML tree search #10, logLikelihood: -1777.472201
[00:00:01] [worker #11] ML tree search #12, logLikelihood: -1777.472241
[00:00:01] [worker #2] ML tree search #3, logLikelihood: -1777.472203
[00:00:01] [worker #16] ML tree search #17, logLikelihood: -1777.472247
[00:00:01] [worker #15] ML tree search #16, logLikelihood: -1777.472212
[00:00:01] [worker #0] ML tree search #1, logLikelihood: -1777.472206
[00:00:01] [worker #3] ML tree search #4, logLikelihood: -1777.472242
[00:00:01] [worker #1] ML tree search #2, logLikelihood: -1777.472203
[00:00:01] [worker #5] ML tree search #6, logLikelihood: -1777.472208

[00:00:01] ML tree search completed, best tree logLH: -1777.472200

[00:00:01] Starting bootstrapping analysis with 1000 replicates.

[00:00:01] [worker #2] Bootstrap tree #3, logLikelihood: -1762.745271
[00:00:01] [worker #9] Bootstrap tree #10, logLikelihood: -1811.261266
[00:00:01] [worker #22] Bootstrap tree #23, logLikelihood: -1836.177891
[00:00:01] [worker #11] Bootstrap tree #12, logLikelihood: -1779.654609
[00:00:01] [worker #6] Bootstrap tree #7, logLikelihood: -1709.200796
[00:00:01] [worker #5] Bootstrap tree #6, logLikelihood: -1752.538125
[00:00:01] [worker #4] Bootstrap tree #5, logLikelihood: -1810.441022
[00:00:01] [worker #15] Bootstrap tree #16, logLikelihood: -1763.329023
[00:00:01] [worker #19] Bootstrap tree #20, logLikelihood: -1713.260221
[00:00:01] [worker #17] Bootstrap tree #18, logLikelihood: -1766.155880
[00:00:01] [worker #31] Bootstrap tree #32, logLikelihood: -1739.052367
[00:00:01] [worker #26] Bootstrap tree #27, logLikelihood: -1729.383792
[00:00:01] [worker #12] Bootstrap tree #13, logLikelihood: -1740.462160
[00:00:01] [worker #1] Bootstrap tree #2, logLikelihood: -1748.779933
[00:00:01] [worker #25] Bootstrap tree #26, logLikelihood: -1742.087531
[00:00:01] [worker #7] Bootstrap tree #8, logLikelihood: -1802.343292
[00:00:01] [worker #18] Bootstrap tree #19, logLikelihood: -1772.004989
[00:00:01] [worker #28] Bootstrap tree #29, logLikelihood: -1783.109966
[00:00:01] [worker #29] Bootstrap tree #30, logLikelihood: -1774.202282
[00:00:01] [worker #23] Bootstrap tree #24, logLikelihood: -1765.727535
[00:00:01] [worker #24] Bootstrap tree #25, logLikelihood: -1844.900197
[00:00:01] [worker #20] Bootstrap tree #21, logLikelihood: -1702.898308
[00:00:01] [worker #30] Bootstrap tree #31, logLikelihood: -1734.073108
[00:00:01] [worker #10] Bootstrap tree #11, logLikelihood: -1802.033799
[00:00:01] [worker #21] Bootstrap tree #22, logLikelihood: -1786.709514
[00:00:01] [worker #8] Bootstrap tree #9, logLikelihood: -1721.357220
[00:00:01] [worker #27] Bootstrap tree #28, logLikelihood: -1677.893095
[00:00:02] [worker #14] Bootstrap tree #15, logLikelihood: -1712.051855
[00:00:02] [worker #3] Bootstrap tree #4, logLikelihood: -1800.178351
[00:00:02] [worker #13] Bootstrap tree #14, logLikelihood: -1782.789257
[00:00:02] [worker #16] Bootstrap tree #17, logLikelihood: -1760.954803
[00:00:02] [worker #2] Bootstrap tree #35, logLikelihood: -1786.341133
[00:00:02] [worker #11] Bootstrap tree #44, logLikelihood: -1798.012564
[00:00:02] [worker #0] Bootstrap tree #1, logLikelihood: -1800.538849
[00:00:02] [worker #9] Bootstrap tree #42, logLikelihood: -1732.521201
[00:00:02] [worker #5] Bootstrap tree #38, logLikelihood: -1662.829265
[00:00:02] [worker #6] Bootstrap tree #39, logLikelihood: -1786.120480
[00:00:02] [worker #31] Bootstrap tree #64, logLikelihood: -1756.647118
[00:00:02] [worker #17] Bootstrap tree #50, logLikelihood: [-1691.96786500

[[00:0:0000::02ke] ] [worker #22] Bootstrap tree #52, logLikelihood: Bootstrap tree #55, logLikelihood: -1780.243621

[[00:0:0000::02ke] ] [worker #22] Bootstrap tree #52, logLikelihood: Bootstrap tree #55, logLikelihood: -1780.243621
[00:00:02] [worker #4] Bootstrap tree #37, logLikelihood: -1724.857985
[00:00:02] [worker #12] Bootstrap tree #45, logLikelihood: -1719.800809
[00:00:02] [worker #15] Bootstrap tree #48, logLikelihood: -1735.065885
[00:00:02] [worker #7] Bootstrap tree #40, logLikelihood: -1772.135451
[00:00:02] [worker #25] Bootstrap tree #58, logLikelihood: -1837.994449
[00:00:02] [worker #27] Bootstrap tree #60, logLikelihood: -1729.000833
[00:00:02] [worker #21] Bootstrap tree #54, logLikelihood: -1781.000528
[00:00:02] [worker #28] Bootstrap tree #61, logLikelihood: -1728.705275
[00:00:02] [worker #23] Bootstrap tree #56, logLikelihood: -1840.175099
[00:00:02] [worker #18] Bootstrap tree #51, logLikelihood: -1795.859412
[00:00:02] [worker #14] Bootstrap tree #47, logLikelihood: -1732.874821
[00:00:02] [worker #29] Bootstrap tree #62, logLikelihood: -1883.519203
[00:00:02] [worker #29] Bootstrap tree #62, logLikelihood: -1883.519203
[00:00:02] [worker #20] Bootstrap tree #53, logLikelihood: -1759.577644
[00:00:02] [worker #1] Bootstrap tree #34, logLikelihood: -1820.460274
[00:00:02] [worker #16] Bootstrap tree #49, logLikelihood: -1735.035016
[00:00:02] [worker #30] Bootstrap tree #63, logLikelihood: -1743.138574
[00:00:02] [worker #24] Bootstrap tree #57, logLikelihood: -1815.975483
[[00:00:02] [worker #3] Bootstrap tree #36, logLikelihood: -1742.932807
00:00:02] [worker #8] Bootstrap tree #41, logLikelihood: -1736.146314
[00:00:02] [worker #10] Bootstrap tree #43, logLikelihood: -1759.894799
[00:00:02] [worker #0] Bootstrap tree #33, logLikelihood: -1690.444084
[00:00:02] [worker #13] Bootstrap tree #46, logLikelihood: -1788.342042
[00:00:03] [worker #25] Bootstrap tree #90, logLikelihood: -1861.179641
[00:00:03] [worker #19] Bootstrap tree #84, logLikelihood: -1716.376964
[00:00:03] [worker #14] Bootstrap tree #79, logLikelihood: -1780.068371
[00:00:03] [worker #15] Bootstrap tree #80, logLikelihood: -1705.491971
[00:00:03] [worker #12] Bootstrap tree #77, logLikelihood: -1740.448442
[00:00:03] [worker #26] Bootstrap tree #91, logLikelihood: -1728.408084
[00:00:03] [worker #10] Bootstrap tree #75, logLikelihood: -1776.389330
[00:00:03] [worker #8] Bootstrap tree #73, logLikelihood: -1764.541378
[00:00:03] [worker #28] Bootstrap tree #93, logLikelihood: -1746.552688
[00:00:03] [worker #27] Bootstrap tree #92, logLikelihood: -1731.392141
[00:00:03] [worker #11] Bootstrap tree #76, logLikelihood: -1809.018043
[00:00:03] [worker #6] Bootstrap tree #71, logLikelihood: -1841.497222
:00[:03] 0Bootstrap tree #:82, logLikelihood: 00:03] [worker #9] Bootstrap tree #74, logLikelihood: -1714.790160
:00[:03] 0Bootstrap tree #:82, logLikelihood: 00:03] [worker #9] Bootstrap tree #74, logLikelihood: -1714.790160
-1759.837874
[00:00:03] [worker #5] Bootstrap tree #70, logLikelihood: -1754.168515
-1880.390929
[00:00:03] [worker #29] Bootstrap tree #94, logLikelihood: -1818.495001
[00:00:03] [worker #23] Bootstrap tree #88, logLikelihood: -1752.588700
[00:00:03] [worker #20] Bootstrap tree #85, logLikelihood: -1771.063636
[00:00:03] [worker #1] Bootstrap tree #66, logLikelihood: -1790.077221
[00:00:03] [worker #31] Bootstrap tree #96, logLikelihood: -1702.382332
[00:00:03] [worker #2] Bootstrap tree #67, logLikelihood: -1747.426707
[00:00:03] [worker #7] Bootstrap tree #72, logLikelihood: -1738.049663
[00:00:03] [worker #24] Bootstrap tree #89, logLikelihood: -1813.366168
[00:00:03] [worker #22] Bootstrap tree #87, logLikelihood: -1713.760182
[00:00:03] [worker #3] Bootstrap tree #68, logLikelihood: -1761.179169
[00:00:03] [worker #16] Bootstrap tree #81, logLikelihood: -1740.963932
[00:00:03] [worker #0] Bootstrap tree #65, logLikelihood: -1725.985070
[00:00:03] [worker #30] Bootstrap tree #95, logLikelihood: -1811.333493
[00:00:03] [worker #21] Bootstrap tree #86, logLikelihood: -1760.702836
[00:00:03] [worker #18] Bootstrap tree #83, logLikelihood: -1749.479498
[00:00:03] [worker #13] Bootstrap tree #78, logLikelihood: -1823.487749
[00:00:03] [worker #8] Bootstrap tree #105, logLikelihood: -1752.067904
[00:0[00:0300] :[worker #25] 0Bootstrap tree #:03, logLikelihood: ] [worker #12] Bootstrap tree #109, logLikelihood: -1767.786509-1699.169943
[00:0[00:0300] :[worker #25] 0Bootstrap tree #:03, logLikelihood: ] [worker #12] Bootstrap tree #109, logLikelihood: -1767.786509-1699.169943
[00:00:03] [worker #14] Bootstrap tree #111, logLikelihood: -1779.755043
[00:00:03] [worker #4] Bootstrap tree #101, logLikelihood: -1773.068584
[00:00:03] [worker #19] Bootstrap tree #116, logLikelihood: -1814.529408
[00:00:03] [worker #31] Bootstrap tree #128, logLikelihood: -1722.134947
[00:00:03] [worker #9] Bootstrap tree #106, logLikelihood: -1740.078479
[00:00:03] [worker #15] Bootstrap tree #112, logLikelihood: -1735.783101
[00:00:03] [worker #23] Bootstrap tree #120, logLikelihood: -1704.930257
[00:00:03] [worker #6] Bootstrap tree #103, logLikelihood: -1750.453802
[00:00:03] [worker #10] Bootstrap tree #107, logLikelihood: -1845.308607
[00:00:03] [worker #29] Bootstrap tree #126, logLikelihood: -1689.770180
[00:03] [worker #11] Bootstrap tree #108, logLikelihood: -1734.880448
[00:00:03] [worker #26] Bootstrap tree #123, logLikelihood: -1694.419319
[00:00:03] [worker #3] Bootstrap tree #100, logLikelihood: -1753.862363
[00:00:03] [worker #22] Bootstrap tree #119, logLikelihood: -1782.225618
[00:00:03] [worker #1] Bootstrap tree #98, logLikelihood: -1863.047639
[00:00:03] [worker #17] Bootstrap tree #114, logLikelihood: -1747.008829
[00:00:03] [worker #20] Bootstrap tree #117, logLikelihood: -1753.282619
[00:00:03] [worker #5] Bootstrap tree #102, logLikelihood: -1732.820356
[00:00:03] [worker #7] Bootstrap tree #104, logLikelihood: -1761.592954
[00:00:03] [worker #2] Bootstrap tree #99, logLikelihood: -1787.206096
[00:00:03] [worker #28] Bootstrap tree #125, logLikelihood: -1786.382670
[00:00:03] [worker #16] Bootstrap tree #113, logLikelihood: -1779.502508
[00:00:03] [worker #27] Bootstrap tree #124, logLikelihood: -1772.440573
[00:00:03] [worker #13] Bootstrap tree #110, logLikelihood: -1749.384322
[00:00:03] [worker #21] Bootstrap tree #118, logLikelihood: -1741.193163
[[00:00:03] [worker #30] Bootstrap tree #127, logLikelihood: -1775.33006100:
[[00:00:03] [worker #30] Bootstrap tree #127, logLikelihood: -1775.33006100:
:03] [worker #18] Bootstrap tree #115, logLikelihood: -1880.843726
[00:00:03] [worker #24] Bootstrap tree #121, logLikelihood: -1744.766805
[00:00:03] [worker #0] Bootstrap tree #97, logLikelihood: -1789.088507
[00:00:04] [worker #27] Bootstrap tree #156, logLikelihood: -1793.086669
[00:00:04] [worker #8] Bootstrap tree #137, logLikelihood: -1814.878840
[00:00:04] [worker #28] Bootstrap tree #157, logLikelihood: -1779.426891
[00:00:04] [worker #19] Bootstrap tree #1148, logLikelihood: 0:00:04] [worker #12] Bootstrap tree #141, logLikelihood: -1784.475926
[00:00:04] [worker #19] Bootstrap tree #1148, logLikelihood: 0:00:04] [worker #12] Bootstrap tree #141, logLikelihood: -1784.475926
-1805.904724
[00:00:04] [worker #25] Bootstrap tree #154, logLikelihood: -1806.013578
[00:00:04] [worker #20] Bootstrap tree #149, logLikelihood: -1837.714498
[00:00:04] [worker #24] Bootstrap tree #153, logLikelihood: -1801.303459
[00:00:04] [worker #6] Bootstrap tree #135, logLikelihood: -1741.610096
[00:00:04] [worker #31] Bootstrap tree #160, logLikelihood: -1828.600546
[00:00:04] [worker #11] Bootstrap tree #140, logLikelihood: -1705.100691
[00:00:04] [worker #17] Bootstrap tree #146, logLikelihood: -1770.991995
[00:00:04] [worker #10] Bootstrap tree #139, logLikelihood: -1792.793423
[00:00:04] [worker #15] Bootstrap tree #144, logLikelihood: -1733.476903
[00:00:04] [worker #16] Bootstrap tree #145, logLikelihood: -1740.883860[
-1746.220456
[00:00:04] [worker #18] Bootstrap tree #147, logLikelihood: -1774.080551
[00:00:04] [worker #29] Bootstrap tree #158, logLikelihood: -1745.498369
[00:00:04] [worker #21] Bootstrap tree #150, logLikelihood: -1757.465430
[00:00:04] [worker #9] Bootstrap tree #138, logLikelihood: -1763.133749
[00:00:04] [worker #13] Bootstrap tree #142, logLikelihood: -1803.501318
[00:00:04] [worker #4] Bootstrap tree #133, logLikelihood: -1772.728338
[00:00:04] [worker #1] Bootstrap tree #130, logLikelihood: -1745.359664
[00:00:04] [worker #22] Bootstrap tree #151, logLikelihood: -1796.148272
[00:00:04] [worker #14] Bootstrap tree #143, logLikelihood: -1751.112234
[00:00:04] [worker #23] Bootstrap tree #152, logLikelihood: -1749.193606
[00:00:04] [worker #5] Bootstrap tree #134, logLikelihood: -1790.424806
[00:00:04] [worker #7] Bootstrap tree #136, logLikelihood: -1824.771181
[00:00:04] [worker #7] Bootstrap tree #136, logLikelihood: -1824.771181
[00:00:04] [worker #26] Bootstrap tree #155, logLikelihood: -1705.046235
[00:00:04] [worker #3] Bootstrap tree #132, logLikelihood: -1725.906485
[00:00:04] [worker #30] Bootstrap tree #159, logLikelihood: -1761.967599
[00:00:04] [worker #0] Bootstrap tree #129, logLikelihood: -1773.299666
[00:00:04] [worker #19] Bootstrap tree #180, logLikelihood: -1764.781777
[00:00:04] [worker #25] Bootstrap tree #186, logLikelihood: -1788.976227
[00:00:04] [worker #14] Bootstrap tree #175, logLikelihood: -1788.159939
[00:00:04] [worker #12] Bootstrap tree #173, logLikelihood: -1764.985121
[00:00:04] [worker #11] Bootstrap tree #172, logLikelihood: -1818.277613
[00:00:04] [worker #8] Bootstrap tree #169, logLikelihood: -1767.557555
[00:00:04] [worker #28] Bootstrap tree #189, logLikelihood: -1774.011487
[00:00:04] [worker #27] Bootstrap tree #188, logLikelihood: -1781.928016
[00:00:04] [worker #1] Bootstrap tree #162, logLikelihood: -1799.178928
[00:00:04] [worker #15] Bootstrap tree #176, logLikelihood: -1842.679755
[00:00:04] [worker #6] Bootstrap tree #167, logLikelihood: -1779.251170
[00:00:04] [worker #18] Bootstrap tree #179, logLikelihood: -1770.424276
[00:00:04] [worker #20] Bootstrap tree #181, logLikelihood: -1758.750564
[00:00:04] [worker #9] Bootstrap tree #170, logLikelihood: -1765.814255
[00:00:04] [worker #16] Bootstrap tree #177, logLikelihood: -1721.906309
[00:00:04] [worker #29] Bootstrap tree #190, logLikelihood: -1735.554772
[[00:00:04] [worker #4] Bootstrap tree #165, logLikelihood: -1778.766144
00:00:04] [worker #24] Bootstrap tree #185, logLikelihood: -1761.899288
[00:00:04] [worker #13] Bootstrap tree #174, logLikelihood: -1811.442598
[00:00:04] [worker #2] Bootstrap tree #163, logLikelihood: -1764.491258
[00:00:04] [worker #10] Bootstrap tree #171, logLikelihood: -1721.077239
[00:00:04] [[worker #22] Bootstrap tree #0183:, logLikelihood: 00:04] [worker #21] Bootstrap tree #182, logLikelihood: -1774.176341
[00:00:04] [[worker #22] Bootstrap tree #0183:, logLikelihood: 00:04] [worker #21] Bootstrap tree #182, logLikelihood: -1774.176341
-1787.908738
[00:00:04] [worker #17] Bootstrap tree #178, logLikelihood: -1670.017645
[00:00:04] [worker #5] Bootstrap tree #166, logLikelihood: -1815.128350
[00:00:04] [worker #31] Bootstrap tree #192, logLikelihood: -1754.790496
[[00:00:04] [worker #23] Bootstrap tree #184, logLikelihood: -1795.881312
00:00:04] [worker #26] Bootstrap tree #187, logLikelihood: -1807.017875
[00:00:04] [worker #7] Bootstrap tree #168, logLikelihood: -1734.341096
[00:00:04] [worker #30] Bootstrap tree #191, logLikelihood: -1749.707735
[00:00:04] [worker #3] Bootstrap tree #164, logLikelihood: -1792.546119
[00:00:05] [worker #0] Bootstrap tree #161, logLikelihood: -1756.987193
[00:00:06] [worker #11] Bootstrap tree #204, logLikelihood: -1771.487927
[00:00:06] [worker #22] Bootstrap tree #215, logLikelihood: -1716.695071
[00:00:06] [worker #4] Bootstrap tree #197, logLikelihood: -1743.191562
[00:00:06] [worker #29] Bootstrap tree #222, logLikelihood: -1777.918586
[00:00:06] [worker #17] Bootstrap tree #210, logLikelihood: -1693.021973
[00:00:06] [worker #13] Bootstrap tree #206, logLikelihood: -1734.069366
[00:00:06] [worker #24] Bootstrap tree #217, logLikelihood: -1754.935311
[00:00:06] [worker #23] Bootstrap tree #216, logLikelihood: -1764.553132
-1727.747509
[00:00:06] [worker #15] Bootstrap tree #208, logLikelihood: -1748.205986
[[00:00:06] [worker #6] Bootstrap tree #199, logLikelihood: -1757.510238
-1774.302589
[00:00:06] [worker #18] Bootstrap tree #211, logLikelihood: -1712.475490
[00:00:06] [worker #20] Bootstrap tree #213, logLikelihood: -1725.638684
[worker #28] [00Bootstrap tree #:00:, logLikelihood: 06] [worker #19] Bootstrap tree #212, logLikelihood: -1674.825052

[00:00:06] [worker #9] Bootstrap tree #202, logLikelihood: -1791.993837
[00:00:06] [worker #31] Bootstrap tree #224, logLikelihood: -1769.147877
[00:00:06] [worker #27] Bootstrap tree #220, logLikelihood: -1715.999124
[00:00:06] [worker #2] Bootstrap tree #195, logLikelihood: -1771.555383
00:[[00:00:06] [worker #14] Bootstrap tree #207, logLikelihood: 0:06] -1756.155566[worker #10] Bootstrap tree #203
-1770.22153300:06] [worker #25] Bootstrap tree #218, logLikelihood: -1819.295355
-1770.22153300:06] [worker #25] Bootstrap tree #218, logLikelihood: -1819.295355

[00:00:06] [worker #3] Bootstrap tree #196, logLikelihood: -1745.105365
[00:00:06] [worker #3] Bootstrap tree #196, logLikelihood: -1745.105365
[00:00:06] [worker #26] Bootstrap tree #219, logLikelihood: -1799.272456
[00:00:06] [worker #7] Bootstrap tree #200, logLikelihood: -1750.105440
[00:00:06] [worker #12] Bootstrap tree #205, logLikelihood: -1754.878982
[00:00:06] [worker #30] Bootstrap tree #223, logLikelihood: -1848.608706
[00:00:06] [worker #16] Bootstrap tree #209, logLikelihood: -1717.483509
[00:00:06] [worker #5] Bootstrap tree #198, logLikelihood: -1755.452938
[00:00:06] [worker #21] Bootstrap tree #214, logLikelihood: -1760.248954
[00:00:06] [worker #0] Bootstrap tree #193, logLikelihood: -1729.034135
[00:00:06] [worker #11] Bootstrap tree #236, logLikelihood: -1793.809223
[00:00:06] [worker #1] Bootstrap tree #226, logLikelihood: -1838.084144
[00:00:06] [worker #4] Bootstrap tree #229, logLikelihood: -1737.342029
[00:00:06] [worker #17] Bootstrap tree #242, logLikelihood: -1794.554375
[00:00:06] [worker #24] Bootstrap tree #249, logLikelihood: -1800.979984
[00:00:06] [worker #6] Bootstrap tree #231, logLikelihood: -1757.909296
[00:00:06] [worker #20] Bootstrap tree #245, logLikelihood: -1711.173636
[00:00:06] [worker #10] Bootstrap tree #235, logLikelihood: -1766.387380
[00:00:06] [worker #26] Bootstrap tree #251, logLikelihood: -1759.961783
] [worker #2] [[Bootstrap tree #227, logLikelihood: -1836.330795
00:00:06] [worker #18] Bootstrap tree #243, logLikelihood: -1719.265165
00:00:06] [worker #19] Bootstrap tree #244, logLikelihood: -1790.766395
[00:00:06] [worker #12] Bootstrap tree #237, logLikelihood: -1792.030501
[00:00:06] [worker #5] Bootstrap tree #230, logLikelihood: [1802.694003
-1823.507922
[00:00:06] [worker #22] Bootstrap tree #247, logLikelihood: -1779.133222
[00:00:06] [worker #29] Bootstrap tree #254, logLikelihood: -1797.767406
[00:00:06] [worker #25] Bootstrap tree #250, logLikelihood: -1778.896041
[00:00:06] [worker #8] Bootstrap tree #233, logLikelihood: -1783.294308
[[00:00:06] [worker #23] Bootstrap tree #248, logLikelihood: -1744.862620
00:00:06] [worker #27] Bootstrap tree #252, logLikelihood: -1793.431351
[00:00:06] [worker #15] Bootstrap tree #240, logLikelihood: -1798.178137
[00:00:06] [worker #30] Bootstrap tree #255, logLikelihood: -1696.139990
[00:00:06] [worker #3] Bootstrap tree #228, logLikelihood: -1775.953483
[00:00:06] [worker #28] Bootstrap tree #253, logLikelihood: -1732.579114
[00:00:06] [worker #14] Bootstrap tree #239, logLikelihood: -1751.686449
[00:00:06] [worker #13] Bootstrap tree #238, logLikelihood: -1697.503579
[00:00:06] [worker #16] Bootstrap tree #241, logLikelihood: -1898.091710
[00:00:06] [worker #7] Bootstrap tree #232, logLikelihood: -1829.954570
[00:00:06] [worker #21] Bootstrap tree #246, logLikelihood: -1824.304952
[00:00:06] [worker #9] Bootstrap tree #234, logLikelihood: -1740.624919
[00:00:06] [worker #0] Bootstrap tree #225, logLikelihood: -1846.348563
[00:00:07] [worker #6] Bootstrap tree #263, logLikelihood: -1809.411114
[00:00:07] [worker #15] Bootstrap tree #272, logLikelihood: -1763.192760
[00:00:07] [worker #19] Bootstrap tree #276, logLikelihood: -1787.443525
[00:00:07] [worker #10] Bootstrap tree #267, logLikelihood: -1787.090846
[00:00:07] [worker #26] Bootstrap tree #283, logLikelihood: -1763.706236
[00:00:07] [worker #13] Bootstrap tree #270, logLikelihood: -1903.688984
[00:00:07] [worker #21] Bootstrap tree #278, logLikelihood: -1785.256088
[00:00:07] [worker #25] Bootstrap tree #282, logLikelihood: -1799.569940
[00:00:07] [worker #2] Bootstrap tree #259, logLikelihood: -1695.697419
[00:00:07] [worker #30] Bootstrap tree #287, logLikelihood: -1792.879294
[00:00:07] [worker #17] Bootstrap tree #274, logLikelihood: -1716.537945
[00:00:07] [worker #12] Bootstrap tree #269, logLikelihood: -1808.693251
[[00:00:07] [worker #5] Bootstrap tree #262, logLikelihood: 0:00:
-1745.826873[
00:00:07] [worker #16] Bootstrap tree #273, logLikelihood: -1802.556982
[00:00:07] [worker #11] Bootstrap tree #268, logLikelihood: -1776.442644
[00:00:07] [worker #31] Bootstrap tree #288, logLikelihood: -1777.297348
:00:07] [worker #24] Bootstrap tree #281, logLikelihood: -1780.359832
[00:00:07] [worker #20] Bootstrap tree #277, logLikelihood: -1666.037748
[00:00:07] [worker #27] Bootstrap tree #284, logLikelihood: -1708.302505
[00:00:07] [worker #18] Bootstrap tree #275, logLikelihood: -1773.179716
[00:00:07] [worker #1] Bootstrap tree #258, logLikelihood: -1794.451547
[00:00:07] [worker #22] Bootstrap tree #279, logLikelihood: -1676.457757
[00:00:07] [worker #28] Bootstrap tree #285, logLikelihood: -1852.522834
[00:00:07] [worker #9] Bootstrap tree #266, logLikelihood: -1776.487509
[00:00:07] [worker #4] Bootstrap tree #261, logLikelihood: -1784.722197
[00:00:07] [worker #14] Bootstrap tree #271, logLikelihood: -1793.286829
[00:00:07] [worker #23] Bootstrap tree #280, logLikelihood: -1739.518634
[00:00:07] [worker #6] Bootstrap tree #295, logLikelihood: -1707.444732
[00:00:07] [worker #7] Bootstrap tree #264, logLikelihood: -1802.224023
[00:00:07] [worker #8] Bootstrap tree #265, logLikelihood: -1806.800512
[00:00:07] [worker #0] Bootstrap tree #257, logLikelihood: -1754.885473
[00:00:07] [worker #29] Bootstrap tree #286, logLikelihood: -1746.687097
[00:00:08] [worker #25] Bootstrap tree #314, logLikelihood: -1789.725121
[00:00:08] [worker #16] Bootstrap tree #305, logLikelihood: -1793.842887
[00:00:08] [worker #13] Bootstrap tree #302, logLikelihood: -1683.129320
[00:00:08] [worker #15] Bootstrap tree #304, logLikelihood: -1737.443401
[00:00:08] [worker #19] Bootstrap tree #308, logLikelihood: -1778.264015
[00:00:08] [worker #20] Bootstrap tree #309, logLikelihood: -1761.587251
[00:00:08] [worker #30] Bootstrap tree #319, logLikelihood: -1742.009059
[00:00:08] [worker #17] Bootstrap tree #306, logLikelihood: -1870.385882
[00:00:08] [worker #10] Bootstrap tree #299, logLikelihood: -1742.133249
[00:00:08] [worker #26] Bootstrap tree #315, logLikelihood: -1831.248198
[00:00:08] [worker #21] Bootstrap tree #310, logLikelihood: -1742.714290
[00:00:08] [worker #11] Bootstrap tree #300, logLikelihood: -1732.558212
[00:00:08] [worker #14] Bootstrap tree #303, logLikelihood: -1807.225669
[00:00:08] [worker #1] Bootstrap tree #290, logLikelihood: -1776.775465
[00:00:08] [worker #5] Bootstrap tree #294, logLikelihood: -1760.844414
[00:00:08] [worker #22] Bootstrap tree #311, logLikelihood: -1714.620604
[00:00:08] [worker #18] Bootstrap tree #307, logLikelihood: -1784.546407
[00:00:08] [worker #2] Bootstrap tree #291, logLikelihood: -1774.304382
[00:00:08] [worker #23] Bootstrap tree #312, logLikelihood: -1806.121849
[00:00:08] [worker #24] Bootstrap tree #313, logLikelihood: -1732.537491
[00:00:08] [worker #29] Bootstrap tree #318, logLikelihood: -1795.890857
[00:00:08] [worker #7] Bootstrap tree #296, logLikelihood: -1785.276431
[00:00:08] [worker #3] Bootstrap tree #292, logLikelihood: -1749.522844
[00:00:08] [worker #27] Bootstrap tree #316, logLikelihood: -1813.314793
[00:00:08] [worker #31] Bootstrap tree #320, logLikelihood: -1801.415796
[00:00:08] [worker #9] Bootstrap tree #298, logLikelihood: -1772.021965
[00:00:08] [worker #28] Bootstrap tree #317, logLikelihood: -1750.776507
[00:00:08] [worker #4] Bootstrap tree #293, logLikelihood: -1791.621315
[00:00:08] [worker #0] Bootstrap tree #289, logLikelihood: -1712.910343
[00:00:08] [worker #8] Bootstrap tree #297, logLikelihood: -1828.486536
[00:00:08] [worker #12] Bootstrap tree #301, logLikelihood: -1858.596730
[00:00:09] [worker #21] Bootstrap tree #342, logLikelihood: -1748.584312
[00:00:09] [worker #5] Bootstrap tree #326, logLikelihood: -1757.528329
[00:00:09] [worker #14] Bootstrap tree #335, logLikelihood: -1727.727280
[00:00:09] [worker #17] Bootstrap tree #338, logLikelihood: -1709.756904
[00:00:09] [worker #9] Bootstrap tree #330, logLikelihood: -1798.756972
[00:00:09] [worker #23] Bootstrap tree #344, logLikelihood: [-1787.1672330:00:0000:00:09] [worker #23] Bootstrap tree #344, logLikelihood: [-1787.1672330:00:09] [worker #11] Bootstrap tree #332, logLikelihood: -1744.138171
:00:09] [worker #24] Bootstrap tree #345, logLikelihood: -1804.512532
[00:00:09] [worker #31] Bootstrap tree #352, logLikelihood: -1831.890092
[00:00:09] [worker #25] Bootstrap tree #346, logLikelihood: -1807.324469
[00:00:09] [worker #8] Bootstrap tree #329, logLikelihood: -1730.694122
[00:00:09] [worker #16] Bootstrap tree #337, logLikelihood: -1745.921090
[00:00:09] [worker #30] Bootstrap tree #351, logLikelihood: -1740.313493
[00:00:09] [worker #29] Bootstrap tree #350, logLikelihood: -1759.191439
[00:00:09] [worker #27] Bootstrap tree #348, logLikelihood: -1713.640824
[00:00:09] [worker #15] Bootstrap tree #336, logLikelihood: -1792.401467
[00:00:09] [worker #19] Bootstrap tree #340, logLikelihood: -1765.629524
[00:00:09] [worker #6] Bootstrap tree #327, logLikelihood: -1759.720077
00:00:09] [worker #26] Bootstrap tree #347, logLikelihood: -1810.445809
[00:00:09] [worker #10] Bootstrap tree #331, logLikelihood: -1714.371640
[00:00:09] [worker #1] Bootstrap tree #322, logLikelihood: -1710.879928
[00:00:09] [worker #12] Bootstrap tree #333, logLikelihood: -1841.318314
[00:00:09] [worker #22] Bootstrap tree #343, logLikelihood: -1799.578644
[00:00:09] [worker #2] Bootstrap tree #323, logLikelihood: -1794.200424
[00:00:09] [worker #0] Bootstrap tree #321, logLikelihood: -1723.515964
[00:00:09] [worker #13] Bootstrap tree #334, logLikelihood: -1863.775412
[00:00:09] [worker #4] Bootstrap tree #325, logLikelihood: -1788.996796
[00:00:09] [worker #18] Bootstrap tree #339, logLikelihood: -1693.796239
[00:00:09] [worker #7] Bootstrap tree #328, logLikelihood: -1826.005513
[00:00:09] [worker #28] Bootstrap tree #349, logLikelihood: -1787.264609
[00:00:09] [worker #3] Bootstrap tree #324, logLikelihood: -1805.727711
[00:00:09] [worker #20] Bootstrap tree #341, logLikelihood: -1802.956201
[00:00:09] [worker #23] Bootstrap tree #376, logLikelihood: -1778.564640
[00:00:09] [worker #11] Bootstrap tree #364, logLikelihood: -1783.835653
[00:00:09] [worker #17] Bootstrap tree #370, logLikelihood: -1797.893512
[00:00:09] [worker #21] Bootstrap tree #374, logLikelihood: -1770.001463
[00:00:09] [worker #25] Bootstrap tree #378, logLikelihood: -1789.575889
[00:00:09] [worker #16] Bootstrap tree #369, logLikelihood: -1745.632457
[00:00:09] [worker #31] Bootstrap tree #384, logLikelihood: -1771.682660
[00:00:09] [worker #8] Bootstrap tree #361, logLikelihood: -1780.041698[
-1811.084811
[00:00:09] [worker #5] Bootstrap tree #358, logLikelihood: -1789.026368
[00:00:09] [worker #24] Bootstrap tree #377, logLikelihood: -1778.768662
[00:00:09] [worker #6] Bootstrap tree #359, logLikelihood: -1800.582453
[00:00:09] [worker #12] Bootstrap tree #365, logLikelihood: -1768.908817
[00:00:09] [worker #29] Bootstrap tree #382, logLikelihood: -1653.711267
-1776.280755
[00:00:09] [worker #22] Bootstrap tree #375, logLikelihood: -1808.997730
[00:00:09] [worker #26] Bootstrap tree #379, logLikelihood: -1721.924595
[00:00:09] [worker #27] Bootstrap tree #380, logLikelihood: -1750.078432
[00:00:09] [worker #1] Bootstrap tree #354, logLikelihood: -1739.691544
[00:00:09] [worker #10] Bootstrap tree #363, logLikelihood: -1706.192559
[00:00:09] [worker #30] Bootstrap tree #383, logLikelihood: -1730.136630
[00:00:09] [worker #13] Bootstrap tree #366, logLikelihood: -1761.709195
[00:00:09] [worker #14] Bootstrap tree #367, logLikelihood: -1678.960825[-1792.717593
[00:00:09] [worker #18] Bootstrap tree #371, logLikelihood: -1791.552916
[00:00:09] [worker #2] Bootstrap tree #355, logLikelihood: -1806.063992
[00:00:09] [worker #3] Bootstrap tree #356, logLikelihood: -1785.175852
[00:00:09] [worker #4] Bootstrap tree #357, logLikelihood: -1866.625185
[00:00:09] [worker #28] Bootstrap tree #381, logLikelihood: -1754.256478
[00:00:09] [worker #0] Bootstrap tree #353, logLikelihood: -1753.195561
[00:00:10] [worker #7] Bootstrap tree #360, logLikelihood: -1815.458185
[00:00:10] [worker #20] Bootstrap tree #373, logLikelihood: -1752.020632
[00:00:11] [worker #28] Bootstrap tree #413, logLikelihood: -1752.646729
[00:00:11] [worker #12] Bootstrap tree #397, logLikelihood: -1771.131284
[00:00:11] [worker #17] Bootstrap tree #402, logLikelihood: -1682.788371
[00:00:11] [worker #21] Bootstrap tree #406, logLikelihood: -1790.207255
[00:00:11] [worker #2] Bootstrap tree #387, logLikelihood: -1780.886764
[00:00:11] [worker #5] Bootstrap tree #390, logLikelihood: -1666.247585
[00:00:11] [worker #8] Bootstrap tree #393, logLikelihood: -1761.945599
[00:00:11] [worker #18] Bootstrap tree #403, logLikelihood: -1806.992306
[00:00:11] [worker #24] Bootstrap tree #409, logLikelihood: -1751.263209
[00:00:11] [worker #4] Bootstrap tree #389, logLikelihood: -1743.945151
[00:00:11] [worker #26] Bootstrap tree #411, logLikelihood: -1818.270669
[00:00:11] [worker #10] Bootstrap tree #395, logLikelihood: -1815.013205
[00:00:11] [worker #6] Bootstrap tree #391, logLikelihood: -1773.335267
[00:00:11] [worker #7] Bootstrap tree #392, logLikelihood: -1711.756181
[00:00:11] [worker #1] Bootstrap tree #386, logLikelihood: -1719.372850
[00:00:11] [worker #15] Bootstrap tree #400, logLikelihood: -1772.895647
[00:00:11] [worker #3] Bootstrap tree #388, logLikelihood: -1806.680484
[00:00:11] [worker #14] Bootstrap tree #399, logLikelihood: -1792.408126
[00:00:11] [worker #29] Bootstrap tree #414, logLikelihood: -1714.075541
[00:00:11] [worker #16] Bootstrap tree #401, logLikelihood: -1813.563936
[00:00:11] [worker #31] Bootstrap tree #416, logLikelihood: -1680.323914
[00:00:11] [worker #25] Bootstrap tree #410, logLikelihood: -1826.602944
[00:00:11] [worker #22] Bootstrap tree #407, logLikelihood: -1803.082341
[00:00:11] [worker #23] Bootstrap tree #408, logLikelihood: -1704.527792
[00:00:11] [worker #19] Bootstrap tree #404, logLikelihood: -1747.491950
00:00:11] [worker #20] Bootstrap tree #405, logLikelihood: -1787.133104
[00:00:11] [worker #30] Bootstrap tree #415, logLikelihood: -1761.170693
[00:00:11] [worker #9] Bootstrap tree #394, logLikelihood: -1754.206607
[00:00:11] [worker #27] Bootstrap tree #412, logLikelihood: -1683.850448
[00:00:11] [worker #11] Bootstrap tree #396, logLikelihood: -1811.388974
[00:00:11] [worker #0] Bootstrap tree #385, logLikelihood: -1733.166824
[00:00:11] [worker #13] Bootstrap tree #398, logLikelihood: -1808.094225
[00:00:11] [worker #28] Bootstrap tree #445, logLikelihood: -1785.417382
[00:00:11] [worker #17] Bootstrap tree #434, logLikelihood: -1809.114912
[00:00:11] [worker #2] Bootstrap tree #419, logLikelihood: -1778.275255
[00:00:11] [worker #5] Bootstrap tree #422, logLikelihood: -1751.155763
[00:00:11] [worker #4] Bootstrap tree #421, logLikelihood: -1722.886166
[00:00:11] [worker #21] Bootstrap tree #438, logLikelihood: -1778.133042
[00:00:11] [worker #8] Bootstrap tree #425, logLikelihood: -1830.160975
[00:00:11] [worker #12] Bootstrap tree #429, logLikelihood: -1792.385123
[00:00:11] [worker #25] Bootstrap tree #442, logLikelihood: -1724.591381
[00:00:11] [worker #24] Bootstrap tree #441, logLikelihood: -1710.964569
[00:00:11] [worker #30] Bootstrap tree #447, logLikelihood: -1753.091493
[00:00:11] [worker #29] Bootstrap tree #446, logLikelihood: -1849.508040
[00:00:11] [worker #10] Bootstrap tree #427, logLikelihood: -1772.578877
[00:00:11] [worker #3] Bootstrap tree #420, logLikelihood: -1747.792758
[00:00:11] [worker #14] Bootstrap tree #431, logLikelihood: -1765.973421
[00:00:11] [worker #7] Bootstrap tree #424, logLikelihood: -1729.242207
[00:00:11] [worker #26] Bootstrap tree #443, logLikelihood: -1757.229426
[00:00:11] [worker #16] Bootstrap tree #433, logLikelihood: -1808.167262
[00:00:11] [worker #18] Bootstrap tree #435, logLikelihood: -1784.641172
[00:00:11] [worker #6] Bootstrap tree #423, logLikelihood: -1751.946904
[00:00:11] [worker #1] Bootstrap tree #418, logLikelihood: -1794.120679
[00:00:11] [worker #15] Bootstrap tree #432, logLikelihood: -1794.182167
[00:00:11] [worker #31] Bootstrap tree #448, logLikelihood: -1790.358645
[00:00:11] [worker #20] Bootstrap tree #437, logLikelihood: -1753.758315
[00:00:11] [worker #27] Bootstrap tree #444, logLikelihood: -1779.527291
-1711.560770
[00:00:11] [worker #23] Bootstrap tree #440, logLikelihood: -1695.690855
[00:00:11] [worker #22] Bootstrap tree #439, logLikelihood: -1808.067977
[00:00:11] [worker #13] Bootstrap tree #430, logLikelihood: -1772.571311
[00:00:11] [worker #19] Bootstrap tree #436, logLikelihood: -1756.056699
[00:00:11] [worker #11] Bootstrap tree #428, logLikelihood: -1745.666092
[00:00:12] [worker #0] Bootstrap tree #417, logLikelihood: -1882.265712
[00:00:14] [worker #28] Bootstrap tree #477, logLikelihood: -1751.604209
[00:00:14] [worker #5] Bootstrap tree #454, logLikelihood: -1744.301172
[00:00:14] [worker #2] Bootstrap tree #451, logLikelihood: -1726.178803
[00:00:14] [worker #4] Bootstrap tree #453, logLikelihood: -1715.935481
[00:00:14] [worker #1] Bootstrap tree #450, logLikelihood: -1808.128001
[00:00:14] [worker #18] Bootstrap tree #467, logLikelihood: -1683.458041
[00:00:14] [worker #19] Bootstrap tree #468, logLikelihood: -1783.677104
[00:00:14] [worker #16] Bootstrap tree #465, logLikelihood: -1783.572225
[00:00:14] [worker #7] Bootstrap tree #456, logLikelihood: -1735.898816
[00:00:14] [worker #22] Bootstrap tree #471, logLikelihood: -1776.461580
[00:00:14] [worker #3] Bootstrap tree #452, logLikelihood: -1789.975772
[00:00:14] [worker #13] Bootstrap tree #462, logLikelihood: -1721.738475
[00:00:14] [worker #27] Bootstrap tree #476, logLikelihood: -1754.798362
[[00:00:14] [worker #20] Bootstrap tree #469, logLikelihood: 00:00:14] [worker #11] Bootstrap tree #
[[00:00:14] [worker #20] Bootstrap tree #469, logLikelihood: 00:00:14] [worker #11] Bootstrap tree #
460, logLikelihood: -1773.188463
[00:00:14] [worker #9] Bootstrap tree #458, logLikelihood: -1754.744238
[00:00:14] [worker #12] Bootstrap tree #461, logLikelihood: -1757.060679
[00:00:14] [worker #14] Bootstrap tree #463, logLikelihood: -1738.913692
[00:00:14] [worker #26] Bootstrap tree #475, logLikelihood: -1784.679586
[00:00:14] [worker #10] Bootstrap tree #459, logLikelihood: -1836.055715
[00:00:14] [worker #30] Bootstrap tree #479, logLikelihood: -1829.112345
[00:00:14] [worker #6] Bootstrap tree #455, logLikelihood: -1739.870338
[00:00:14] [worker #31] Bootstrap tree #480, logLikelihood: -1748.219525
[00:00:14] [worker #8] Bootstrap tree #457, logLikelihood: -1793.867715
[00:00:14] [worker #21] Bootstrap tree #470, logLikelihood: -1712.064527
[00:00:14] [worker #24] Bootstrap tree #473, logLikelihood: -1757.394594
[00:00:14] [worker #17] Bootstrap tree #466, logLikelihood: -1820.907096
[00:00:14] [worker #25] Bootstrap tree #474, logLikelihood: -1774.018553
[00:00:14] [worker #29] Bootstrap tree #478, logLikelihood: -1764.744289
[00:00:14] [worker #23] Bootstrap tree #472, logLikelihood: -1749.461450
[00:00:14] [worker #0] Bootstrap tree #449, logLikelihood: -1694.986344
[00:00:14] [worker #15] Bootstrap tree #464, logLikelihood: -1707.109874
[00:00:14] [worker #4] Bootstrap tree #485, logLikelihood: -1839.640108
[00:00:14] [worker #2] Bootstrap tree #483, logLikelihood: -1699.680964
[00:00:14] [worker #19] Bootstrap tree #500, logLikelihood: -1779.154252
[00:00:14] [worker #7] Bootstrap tree #488, logLikelihood: -1799.215061
[00:00:14] [worker #16] Bootstrap tree #497, logLikelihood: -1738.832133
[00:00:14] [worker #22] Bootstrap tree #503, logLikelihood: -1775.991495
[00:00:14] [worker #31] Bootstrap tree #512, logLikelihood: -1725.399177
[00:00:14] [worker #3] Bootstrap tree #484, logLikelihood: -1799.984424
00[[00:00:14] [worker #5] Bootstrap tree #486, logLikelihood: -1788.618234
:00:14] [worker #9] Bootstrap tree #490, logLikelihood: -1865.612939
[00:00:14] [worker #27] Bootstrap tree #508, logLikelihood: -1780.644665
00:00:14] [worker #26] Bootstrap tree #507, logLikelihood: -1788.971229
[00:00:14] [worker #1] Bootstrap tree #482, logLikelihood: -1723.560675
[00:00:14] [worker #24] Bootstrap tree #505, logLikelihood: -1840.425512[
, logLikelihood: -1818.479205
[00:00:14] [worker #6] Bootstrap tree #487, logLikelihood: -1801.974796
[00:00:14] [worker #10] Bootstrap tree #491, logLikelihood: -1723.147037
[00:00:14] [worker #18] Bootstrap tree #499, logLikelihood: -1692.886678
[00:00:14] [worker #8] Bootstrap tree #489, logLikelihood: -1800.781926
[00:00:14] [worker #28] Bootstrap tree #509, logLikelihood: -1762.809483
[00:00:14] [worker #30] Bootstrap tree #511, logLikelihood: -1727.617771
[00:00:14] [worker #12] Bootstrap tree #493, logLikelihood: -1800.758666
[00:00:14] [worker #11] Bootstrap tree #492, logLikelihood: -1780.060019
[00:00:14] [worker #14] Bootstrap tree #495, logLikelihood: -1786.762249
[00:00:14] [worker #23] Bootstrap tree #504, logLikelihood: -1747.901375
[00:00:14] [worker #29] Bootstrap tree #510, logLikelihood: -1736.819394
[00:00:14] [worker #25] Bootstrap tree #506, logLikelihood: -1758.059871
00:00:14] [worker #21] Bootstrap tree #502, logLikelihood: -1733.391066
[00:00:14] [worker #20] Bootstrap tree #501, logLikelihood: -1742.987373
[00:00:14] [worker #17] Bootstrap tree #498, logLikelihood: -1788.318315
[00:00:14] [worker #15] Bootstrap tree #496, logLikelihood: -1701.696294
[00:00:14] [worker #0] Bootstrap tree #481, logLikelihood: -1800.666069
[00:00:16] [worker #18] Bootstrap tree #531, logLikelihood: -1733.845632
[00:00:16] [worker #10] Bootstrap tree #523, logLikelihood: -1739.250221
[00:00:16] [worker #8] Bootstrap tree #521, logLikelihood: -1788.203776
[00:00:16] [worker #24] Bootstrap tree #537, logLikelihood: -1813.594162
[00:00:16] [worker #26] Bootstrap tree #539, logLikelihood: -1766.765148
[00:00:16] [worker #20] Bootstrap tree #533, logLikelihood: -1753.063012
[00:00:16] [worker #19] Bootstrap tree #532, logLikelihood: -1798.223317
[00:00:16] [worker #16] Bootstrap tree #529, logLikelihood: -1684.971343
[00:00:16] [worker #25] Bootstrap tree #538, logLikelihood: -1711.753261
[00:00:16] [worker #22] Bootstrap tree #535, logLikelihood: -1802.697575
[00:00:16] [worker #12] Bootstrap tree #525, logLikelihood: [-1716.03296400:00
[00:00:16] [worker #12] Bootstrap tree #525, logLikelihood: [-1716.03296400:00
:16] [worker #27] Bootstrap tree #540, logLikelihood: -1791.639110
[00:00:16] [worker #13] Bootstrap tree #526, logLikelihood: -1767.357242
[00:00:16] [worker #30] Bootstrap tree #543, logLikelihood: -1764.745774
[00:00:16] [worker #3] Bootstrap tree #516, logLikelihood: -1769.680501
[00:00:16] [worker #7] Bootstrap tree #520, logLikelihood: -1750.727832
[00:00:16] [worker #17] Bootstrap tree #530, logLikelihood: -1793.374614
[00:00:16] [worker #29] Bootstrap tree #542, logLikelihood: -1775.064723
[00:00:16] [worker #21] Bootstrap tree #534, logLikelihood: -1805.282570
[00:00:16] [worker #14] Bootstrap tree #527, logLikelihood: -1777.887287
[00:00:16] [worker #23] Bootstrap tree #536, logLikelihood: -1765.145204
[00:00:16] [worker #15] Bootstrap tree #528, logLikelihood: -1697.913734
[00:00:16] [worker #11] Bootstrap tree #524, logLikelihood: -1759.892455
[00:00:16] [worker #31] Bootstrap tree #544, logLikelihood: -1777.708875
[00:00:16] [worker #6] Bootstrap tree #519, logLikelihood: -1764.491186
[00:00:16] [worker #28] Bootstrap tree #541, logLikelihood: -1735.743020
[00:00:16] [worker #1] Bootstrap tree #514, logLikelihood: -1759.944041
[00:00:16] [worker #4] Bootstrap tree #517, logLikelihood: -1791.046326
[00:00:16] [worker #0] Bootstrap tree #513, logLikelihood: -1736.977346
[00:00:16] [worker #2] Bootstrap tree #515, logLikelihood: -1770.597397
[00:00:16] [worker #9] Bootstrap tree #522, logLikelihood: -1825.682484
[00:00:16] [worker #5] Bootstrap tree #518, logLikelihood: -1748.043192
[00:00:16] [worker #26] Bootstrap tree #571, logLikelihood: -1765.821232
[00:00:16] [worker #10] Bootstrap tree #555, logLikelihood: -1782.262507
[00:00:16] [worker #18] Bootstrap tree #563, logLikelihood: -1778.583774
[00:00:16] [worker #8] Bootstrap tree #553, logLikelihood: -1826.178888
[00:00:16] [worker #24] Bootstrap tree #569, logLikelihood: -1799.256402
[00:00:16] [worker #27] Bootstrap tree #572, logLikelihood: -1743.889544
[00:00:16] [worker #20] Bootstrap tree #565, logLikelihood: -1746.428054
[00:00:16] [worker #16] Bootstrap tree #561, logLikelihood: -1759.839334
[00:00:16] [worker #16] Bootstrap tree #561, logLikelihood: -1759.839334
[00:00:16] [worker #12] Bootstrap tree #557, logLikelihood: -1782.422532
[00:00:16] [worker #3] Bootstrap tree #548, logLikelihood: -1767.399273
[00:00:16] [worker #29] Bootstrap tree #574, logLikelihood: -1756.608386
[00:00:16] [worker #19] Bootstrap tree #564, logLikelihood: -1761.114373
[00:00:16] [worker #25] Bootstrap tree #570, logLikelihood: -1696.411394
[00:00:16] [worker #13] Bootstrap tree #558, logLikelihood: -1774.452453
[00:00:17] [worker #28] Bootstrap tree #573, logLikelihood: -1836.788803
[00:00:17] [worker #22] Bootstrap tree #567, logLikelihood: -1697.633225
[00:00:17] [worker #11] Bootstrap tree #556, logLikelihood: -1733.540458
[00:00:17] [worker #14] Bootstrap tree #559, logLikelihood: -1781.293166
[00:00:17] [worker #2] Bootstrap tree #547, logLikelihood: -1839.379402
[00:00:17] [worker #21] Bootstrap tree #566, logLikelihood: -1769.712584
[00:00:17] [worker #23] Bootstrap tree #568, logLikelihood: -1709.150670
[00:00:17] [worker #7] Bootstrap tree #552, logLikelihood: -1783.068361
[00:00:17] [worker #31] Bootstrap tree #576, logLikelihood: -1784.317192
[00:00:17] [worker #9] Bootstrap tree #554, logLikelihood: -1742.123326
[00:00:17] [worker #4] Bootstrap tree #549, logLikelihood: -1736.101227
[00:00:17] [worker #17] Bootstrap tree #562, logLikelihood: -1815.465364
[00:00:17] [worker #15] Bootstrap tree #560, logLikelihood: -1732.916718
[00:00:17] [worker #6] Bootstrap tree #551, logLikelihood: -1714.073011
[00:00:17] [worker #1] Bootstrap tree #546, logLikelihood: -1746.833985
[00:00:17] [worker #0] Bootstrap tree #545, logLikelihood: -1804.312977
[[00:00:17] [worker #5] Bootstrap tree #550, logLikelihood: 00:00:17] 

[00:00:18] [worker #29] Bootstrap tree #606, logLikelihood: -1791.049900
[00:00:18] [worker #22] Bootstrap tree #599, logLikelihood: -1776.445266
[00:00:18] [worker #1] Bootstrap tree #578, logLikelihood: -1758.739986
[00:00:19] [worker #17] Bootstrap tree #594, logLikelihood: -1788.983482
[00:00:19] [worker #9] Bootstrap tree #586, logLikelihood: -1809.052022
[00:00:19] [worker #4] Bootstrap tree #581, logLikelihood: -1704.951107
[00:00:19] [worker #27] Bootstrap tree #604, logLikelihood: -1774.381590
[00:00:19] [worker #27] Bootstrap tree #604, logLikelihood: -1774.381590
00:00:19] [worker #31] Bootstrap tree #608, logLikelihood: -1688.969356
[00:00:19] [worker #25] Bootstrap tree #602, logLikelihood: -1772.690631
[00:00:19] [worker #6] Bootstrap tree #583, logLikelihood: -1812.844714
[00:00:19] [worker #10] Bootstrap tree #587, logLikelihood: -1664.216750
[00:00:19] [worker #2] Bootstrap tree #579, logLikelihood: -1722.573012
[00:00:19] [worker #15] Bootstrap tree #592, logLikelihood: -1725.219870
[00:00:19] [worker #18] Bootstrap tree #595, logLikelihood: -1748.086511
[00:00:19] [worker #16] Bootstrap tree #593, logLikelihood: -1754.849321
[00:00:19] [worker #8] Bootstrap tree #585, logLikelihood: -1759.750985
00:00:19] [worker #21] Bootstrap tree #598, logLikelihood: -1781.083470
[00:00:19] [worker #14] Bootstrap tree #591, logLikelihood: -1696.865101
[00:00:19] [worker #11] Bootstrap tree #588, logLikelihood: -1764.921710
[00:00:19] [worker #7] Bootstrap tree #584, logLikelihood: -1766.464922
[00:00:19] [worker #23] Bootstrap tree #600, logLikelihood: -1709.413985
[00:00:19] [worker #3] Bootstrap tree #580, logLikelihood: -1819.285802
[00:00:19] [worker #5] Bootstrap tree #582, logLikelihood: -1739.480788
[worker #20] Bootstrap tree #597, logLikelihood: -1863.636472
[00:00:19] [worker #28] Bootstrap tree #605, logLikelihood: -1810.489525
[00:00:19] [worker #24] Bootstrap tree #601, logLikelihood: -1811.030184
[00:00:19] [worker #13] Bootstrap tree #590, logLikelihood: -1744.143952
[00:00:19] [worker #19] Bootstrap tree #596, logLikelihood: -1781.564151
[00:00:19] [worker #12] Bootstrap tree #589, logLikelihood: -1833.644875
[00:00:19] [worker #30] Bootstrap tree #607, logLikelihood: -1752.143082
[00:00:19] [worker #26] Bootstrap tree #603, logLikelihood: -1720.932292
[00:00:19] [worker #0] Bootstrap tree #577, logLikelihood: -1725.262698
[00:00:19] [worker #17] Bootstrap tree #626, logLikelihood: -1747.973344
[00:00:19] [worker #13] Bootstrap tree #622, logLikelihood: -1802.131093
[00:00:19] [worker #22] Bootstrap tree #631, logLikelihood: -1765.713229
[00:00:19] [worker #22] Bootstrap tree #631, logLikelihood: -1765.713229
[00:00:19] [worker #25] Bootstrap tree #634, logLikelihood: -1758.617338
[00:00:19] [worker #9] Bootstrap tree #618, logLikelihood: -1706.250648
[00:00:19] [worker #24] Bootstrap tree #633, logLikelihood: -1812.157692
[00:00:19] [worker #1] Bootstrap tree #610, logLikelihood: -1724.358310
[worker #19] Bootstrap tree #628, logLikelihood: -1757.002897
[00:00:19] [worker #2] Bootstrap tree #611, logLikelihood: -1810.983328
[00:00:19] [worker #29] Bootstrap tree #638, logLikelihood: -1846.144629
[00:00:19] [worker #4] Bootstrap tree #613, logLikelihood: -1793.696141
[00:00:19] [worker #18] Bootstrap tree #627, logLikelihood: -1772.920169
[00:00:19] [worker #6] Bootstrap tree #615, logLikelihood: -1813.990084
[00:00:19] [worker #31] Bootstrap tree #640, logLikelihood: -1784.922671
[00:00:19] [worker #28] Bootstrap tree #637, logLikelihood: -1781.018724
[00:00:19] [worker #3] Bootstrap tree #612, logLikelihood: -1711.987848
[00:00:19] [worker #23] Bootstrap tree #632, logLikelihood: -1847.535561
-1741.735902
[00:00:19] [worker #15] Bootstrap tree #624, logLikelihood: -1817.488848
[00:00:19] [worker #21] Bootstrap tree #630, logLikelihood: -1729.249316
[00:00:19] [worker #7] Bootstrap tree #616, logLikelihood: -1806.734090
[00:00:19] [worker #16] Bootstrap tree #625, logLikelihood: -1714.806152
[00:00:19] [worker #10] Bootstrap tree #619, logLikelihood: -1787.859788
[00:00:19] [worker #5] Bootstrap tree #614, logLikelihood: -1759.137975
[00:00:19] [worker #12] Bootstrap tree #621, logLikelihood: -1779.398069
[00:00:19] [worker #27] Bootstrap tree #636, logLikelihood: -1801.866006
[00:00:19] [worker #14] Bootstrap tree #623, logLikelihood: -1754.842322
[00:00:19] [worker #11] Bootstrap tree #620, logLikelihood: -1701.001356
[00:00:19] [worker #8] Bootstrap tree #617, logLikelihood: -1827.423627
[00:00:19] [worker #26] Bootstrap tree #635, logLikelihood: -1741.504120
[00:00:19] [worker #20] Bootstrap tree #629, logLikelihood: -1767.076748
[00:00:20] [worker #0] Bootstrap tree #609, logLikelihood: -1760.228037
[00:00:22] [worker #28] Bootstrap tree #669, logLikelihood: -1717.641111
[00:00:22] [worker #15] Bootstrap tree #656, logLikelihood: -1691.640585
[00:00:22] [worker #2] Bootstrap tree #643, logLikelihood: -1791.378017
[00:00:22] [worker #9] Bootstrap tree #650, logLikelihood: -1767.736184
[00:00:22] [worker #7] Bootstrap tree #648, logLikelihood: -1762.905864
[00:00:22] [worker #19] Bootstrap tree #660, logLikelihood: -1708.384376
[00:00:22] [worker #21] Bootstrap tree #662, logLikelihood: -1760.780136
[00:00:22] [worker #29] Bootstrap tree #670, logLikelihood: -1782.071321
[00:00:22] [worker #26] Bootstrap tree #667, logLikelihood: -1834.215044
[00:00:22] [worker #23] Bootstrap tree #664, logLikelihood: -1751.829237
[00:00:22] [worker #8] Bootstrap tree #649, logLikelihood: -1801.818564
[00:00:22] [worker #6] Bootstrap tree #647, logLikelihood: -1741.366207
[00:00:22] [worker #27] Bootstrap tree #668, logLikelihood: -1735.007478
[00:00:22] [worker #22] Bootstrap tree #663, logLikelihood: -1749.835516
[00:00:22] [worker #18] Bootstrap tree #659, logLikelihood: -1731.331514
[00:00:22] [worker #16] Bootstrap tree #657, logLikelihood: -1762.596010
[00:00:22] [worker #3] Bootstrap tree #644, logLikelihood: -1806.081703
[00:00:22] [worker #13] Bootstrap tree #654, logLikelihood: -1788.259744
[00:00:22] [worker #10] Bootstrap tree #651, logLikelihood: -1837.743273
[00:00:22] [worker #25] Bootstrap tree #666, logLikelihood: -1742.948444
[00:00:22] [worker #20] Bootstrap tree #661, logLikelihood: -1716.223880
[00:00:22] [worker #11] Bootstrap tree #652, logLikelihood: -1807.912227
[00:00:22] [worker #31] Bootstrap tree #672, logLikelihood: -1792.431012
[00:00:22] [worker #17] Bootstrap tree #658, logLikelihood: -1740.671218
[00:00:22] [worker #14] Bootstrap tree #655, logLikelihood: -1803.453079
[00:00:22] [worker #24] Bootstrap tree #665, logLikelihood: -1706.692439
[00:00:22] [worker #30] Bootstrap tree #671, logLikelihood: -1791.365676
[00:00:22] [worker #5] Bootstrap tree #646, logLikelihood: -1727.936280
[00:00:22] [worker #1] Bootstrap tree #642, logLikelihood: -1741.969109
[00:00:22] [worker #12] Bootstrap tree #653, logLikelihood: -1794.328642
[00:00:22] [worker #0] Bootstrap tree #641, logLikelihood: -1788.489497
[00:00:22] [worker #4] Bootstrap tree #645, logLikelihood: -1754.196912
[00:00:22] [worker #2] Bootstrap tree #675, logLikelihood: -1728.499180
[00:00:22] [worker #28] Bootstrap tree #701, logLikelihood: -1747.651406
[00:00:22] [worker #21] Bootstrap tree #694, logLikelihood: -1844.314441
[00:00:22] [worker #6] Bootstrap tree #679, logLikelihood: -1741.608962
[00:00:22] [worker #8] Bootstrap tree #681, logLikelihood: -1777.916336
[00:00:22] [worker #23] Bootstrap tree #696, logLikelihood: -1823.884503
[00:00:22] [worker #9] Bootstrap tree #682, logLikelihood: -1720.934879
[00:00:23] [worker #13] Bootstrap tree #686, logLikelihood: -1776.881372
[00:00:23] [worker #19] Bootstrap tree #692, logLikelihood: -1856.916848
[00:00:23] [worker #20] Bootstrap tree #693, logLikelihood: -1774.569391
[00:00:23] [worker #29] Bootstrap tree #702, logLikelihood: -1776.420420
[00:00:23] [worker #27] Bootstrap tree #700, logLikelihood: -1802.945675
[00:00:23] [worker #15] Bootstrap tree #688, logLikelihood: -1779.341708
[00:00:23] [worker #25] Bootstrap tree #698, logLikelihood: -1736.351582
[00:00:23] [worker #1] Bootstrap tree #674, logLikelihood: -1831.827899
[00:00:23] [worker #7] Bootstrap tree #680, logLikelihood: -1812.216206
[00:00:23] [worker #5] Bootstrap tree #678, logLikelihood: -1780.777237
[00:00:23] [worker #16] Bootstrap tree #689, logLikelihood: -1757.420504
[00:00:23] [worker #22] Bootstrap tree #695, logLikelihood: -1789.285803
[00:00:23] [worker #18] Bootstrap tree #691, logLikelihood: -1790.217054
[00:00:23] [worker #26] Bootstrap tree #699, logLikelihood: -1832.745585
[00:00:23] [worker #17] Bootstrap tree #690, logLikelihood: -1772.398622
[00:00:23] [worker #11] Bootstrap tree #684, logLikelihood: -1748.780687
[00:00:23] [worker #31] Bootstrap tree #704, logLikelihood: -1783.227860
[00:00:23] [worker #30] Bootstrap tree #703, logLikelihood: -1834.478581
[00:00:23] [worker #10] Bootstrap tree #683, logLikelihood: -1804.834871
[00:00:23] [worker #3] Bootstrap tree #676, logLikelihood: -1779.347407
[00:00:23] [worker #14] Bootstrap tree #687, logLikelihood: -1792.085734
[00:00:23] [worker #4] Bootstrap tree #677, logLikelihood: -1781.469172
[00:00:23] [worker #24] Bootstrap tree #697, logLikelihood: -1728.597862
[00:00:23] [worker #12] Bootstrap tree #685, logLikelihood: -1802.670878
[00:00:23] [worker #0] Bootstrap tree #673, logLikelihood: -1766.029887
[00:00:26] [worker #28] Bootstrap tree #733, logLikelihood: -1722.352268
[00:00:26] [worker #4] Bootstrap tree #709, logLikelihood: -1749.867193
[00:00:26] [worker #11] Bootstrap tree #716, logLikelihood: -1749.172319
[00:00:26] [worker #30] Bootstrap tree #735, logLikelihood: -1757.914383
[00:00:26] [worker #19] Bootstrap tree #724, logLikelihood: -1739.201368
[00:00:26] [worker #9] Bootstrap tree #714, logLikelihood: -1734.543808
[00:00:26] [worker #10] Bootstrap tree #715, logLikelihood: [-1774.27570200
[00:00:26] [worker #10] Bootstrap tree #715, logLikelihood: [-1774.27570200
:00:26] [worker #24] Bootstrap tree #729, logLikelihood: -1762.836644
[00:00:26] [worker #5] Bootstrap tree #710, logLikelihood: -1766.826247
[[00:00:26] [worker #1] Bootstrap tree #706, logLikelihood: -1769.561432
00:00:26] [worker #13] Bootstrap tree #718, logLikelihood: -1811.150948
[00:00:26] [worker #25] Bootstrap tree #730, logLikelihood: -1753.526892
[00:00:26] [worker #21] Bootstrap tree #726, logLikelihood: -1720.384462
[00:00:26] [worker #14] Bootstrap tree #719, logLikelihood: -1766.305716
[00:00:26] [worker #31] Bootstrap tree #736, logLikelihood: -1723.285924
[00:00:26] [worker #27] Bootstrap tree #732, logLikelihood: -1831.668036
[00:00:26] [worker #29] Bootstrap tree #734, logLikelihood: -1715.606307
[00:00:26] [worker #17] Bootstrap tree #722, logLikelihood: -1716.082762
[00:00:26] [worker #16] Bootstrap tree #721, logLikelihood: -1755.362297
[00:00:26] [worker #16] Bootstrap tree #721, logLikelihood: -1755.362297
[00:00:26] [worker #20] Bootstrap tree #725, logLikelihood: -1757.283694
[00:00:26] [worker #16] Bootstrap tree #721, logLikelihood: -1755.362297
[00:00:26] [worker #20] Bootstrap tree #725, logLikelihood: -1757.283694
[00:00:26] [worker #6] Bootstrap tree #711, logLikelihood: -1680.642538
[00:00:26] [worker #8] Bootstrap tree #713, logLikelihood: -1818.162070
[00:00:26] [worker #0] Bootstrap tree #705, logLikelihood: -1763.984080
[00:00:26] [worker #18] Bootstrap tree #723, logLikelihood: -1799.569587
[00:00:26] [worker #7] Bootstrap tree #712, logLikelihood: -1765.226718
[00:00:26] [worker #26] Bootstrap tree #731, logLikelihood: -1760.867740
[00:00:26] [worker #15] Bootstrap tree #720, logLikelihood: -1783.336009
[00:00:26] [worker #12] Bootstrap tree #717, logLikelihood: -1753.916162
[00:00:26] [worker #22] Bootstrap tree #727, logLikelihood: -1780.305360
[00:00:26] [worker #3] Bootstrap tree #708, logLikelihood: -1795.937801
[00:00:26] [worker #2] Bootstrap tree #707, logLikelihood: -1769.483061
[00:00:26] [worker #23] Bootstrap tree #728, logLikelihood: -1756.872011
[00:00:26] [worker #28] Bootstrap tree #765, logLikelihood: -1823.427184
[00:00:26] [worker #4] Bootstrap tree #741, logLikelihood: -1736.795819
[00:00:26] [worker #5] Bootstrap tree #742, logLikelihood: -1750.352052
[00:00:26] [worker #21] Bootstrap tree #758, logLikelihood: -1730.982944
[00:00:26] [worker #25] Bootstrap tree #762, logLikelihood: -1758.977919
[00:00:26] [worker #10] Bootstrap tree #747, logLikelihood: -1769.433833
[00:00:26] [worker #11] Bootstrap tree #748, logLikelihood: -1729.646564
[00:00:26] [worker #14] Bootstrap tree #751, logLikelihood: -1750.931158
[00:00:26] [worker #20] Bootstrap tree #757, logLikelihood: -1742.428788
[00:00:26] [worker #30] Bootstrap tree #767, logLikelihood: -1827.478432
[00:00:26] [worker #17] Bootstrap tree #754, logLikelihood: -1739.963787
[00:00:26] [worker #1] Bootstrap tree #738, logLikelihood: -1767.115396
[00:00:26] [worker #19] Bootstrap tree #756, logLikelihood: -1766.028699
[00:00:26] [worker #27] Bootstrap tree #764, logLikelihood: -1747.014130
[00:00:26] [worker #29] Bootstrap tree #766, logLikelihood: -1768.502277
[00:00:26] [worker #31] Bootstrap tree #768, logLikelihood: -1751.438185
[00:00:26] [worker #13] Bootstrap tree #750, logLikelihood: -1819.480703
[00:00:26] [worker #24] Bootstrap tree #761, logLikelihood: -1760.637016
[00:00:26] [worker #12] Bootstrap tree #749, logLikelihood: -1681.891497
[00:00:26] [worker #15] Bootstrap tree #752, logLikelihood: -1763.269043
[00:00:26] [worker #9] Bootstrap tree #746, logLikelihood: -1746.163209
[00:00:26] [worker #26] Bootstrap tree #763, logLikelihood: -1758.216026
[00:00:26] [worker #7] Bootstrap tree #744, logLikelihood: -1767.343746
[00:00:26] [worker #16] Bootstrap tree #753, logLikelihood: -1730.547201
[00:00:26] [worker #18] Bootstrap tree #755, logLikelihood: -1688.249198
[00:00:26] [worker #6] Bootstrap tree #743, logLikelihood: -1762.132160
[00:00:26] [worker #22] Bootstrap tree #759, logLikelihood: [-1737.293374
[00:00:26] [worker #8] Bootstrap tree #745, logLikelihood: -1724.306884
[00:00:26] [worker #3] Bootstrap tree #740, logLikelihood: -1693.961738
[00:00:26] [worker #23] Bootstrap tree #760, logLikelihood: -1769.040911
[00:00:27] [worker #0] Bootstrap tree #737, logLikelihood: -1781.458078
[00:00:29] [worker #16] Bootstrap tree #785, logLikelihood: -1839.296879
[00:00:29] [worker #9] Bootstrap tree #778, logLikelihood: -1740.985201
[00:00:29] [worker #29] Bootstrap tree #798, logLikelihood: -1784.463275
[00:00:29] [worker #27] Bootstrap tree #796, logLikelihood: -1806.783555
[00:00:29] [worker #13] Bootstrap tree #782, logLikelihood: -1727.366207
[00:00:29] [worker #5] Bootstrap tree #774, logLikelihood: -1700.251972
[00:00:29] [worker #25] Bootstrap tree #794, logLikelihood: -1795.252782
[00:00:29] [worker #31] Bootstrap tree #800, logLikelihood: -1784.611148
[00:00:29] [worker #19] Bootstrap tree #788, logLikelihood: -1734.187918
[00:00:29] [worker #22] Bootstrap tree #791, logLikelihood: -1784.524023
[00:00:29] [worker #10] Bootstrap tree #779, logLikelihood: -1785.809633
[00:00:29] [worker #7] Bootstrap tree #776, logLikelihood: -1679.640460
00:00:29] [worker #30] Bootstrap tree #799, logLikelihood: -1805.614226
[00:00:29] [worker #8] Bootstrap tree #777, logLikelihood: -1808.180919
[00:00:29] [worker #0] Bootstrap tree #769, logLikelihood: -1765.696222
[00:00:29] [worker #28] Bootstrap tree #797, logLikelihood: -1782.045504
[00:00:29] [worker #1] Bootstrap tree #770, logLikelihood: -1822.067348
[00:00:29] [worker #6] Bootstrap tree #775, logLikelihood: -1813.946123
[00:00:29] [worker #17] Bootstrap tree #786, logLikelihood: -1768.629455
[[00:00:29] [worker #23] Bootstrap tree #79200, logLikelihood: :00:29] [worker #11] Bootstrap tree #780, logLikelihood: -1796.674571-1854.971666
[[00:00:29] [worker #23] Bootstrap tree #79200, logLikelihood: :00:29] [worker #11] Bootstrap tree #780, logLikelihood: -1796.674571-1854.971666

[00:00:29] [worker #14] Bootstrap tree #783, logLikelihood: -1855.872610
[00:00:29] [worker #4] Bootstrap tree #773, logLikelihood: -1737.008417
[00:00:29] [worker #15] Bootstrap tree #784, logLikelihood: -1814.059222
[00:00:29] [worker #2] Bootstrap tree #771, logLikelihood: -1809.439379
[00:00:29] [worker #21] Bootstrap tree #790, logLikelihood: -1753.625030
[00:00:29] [worker #3] Bootstrap tree #772, logLikelihood: -1809.980413
[00:00:29] [worker #18] Bootstrap tree #787, logLikelihood: -1769.807106
[00:00:29] [worker #12] Bootstrap tree #781, logLikelihood: -1767.243450
[00:00:29] [worker #24] Bootstrap tree #793, logLikelihood: -1746.745117
[00:00:29] [worker #20] Bootstrap tree #789, logLikelihood: -1836.875325
[00:00:29] [worker #26] Bootstrap tree #795, logLikelihood: -1799.960276
[00:00:29] [worker #9] Bootstrap tree #810, logLikelihood: -1739.381733
[00:00:29] [worker #22] Bootstrap tree #823, logLikelihood: -1836.512289
[00:00:29] [worker #5] Bootstrap tree #806, logLikelihood: -1707.789119
[00:00:29] [worker #23] Bootstrap tree #824, logLikelihood: -1780.248716
[00:00:29] [worker #7] Bootstrap tree #808, logLikelihood: -1779.198487
[00:00:29] [worker #29] Bootstrap tree #830, logLikelihood: -1789.605858
[00:00:29] [worker #27] Bootstrap tree #828, logLikelihood: -1823.223370
[00:00:29] [worker #3] Bootstrap tree #804, logLikelihood: -1793.576889
[00:00:29] [worker #25] Bootstrap tree #826, logLikelihood: -1739.828028
[00:00:29] [worker #18] Bootstrap tree #819, logLikelihood: -1821.932576
[00:00:29] [worker #30] Bootstrap tree #831, logLikelihood: -1810.903503
[worker #8] Bootstrap tree #809, logLikelihood: -1781.727986
[00:00:29] [worker #16] Bootstrap tree #817, logLikelihood: -1725.631358
[00:00:29] [worker #17] Bootstrap tree #818, logLikelihood: -1834.163190
[00:00:29] [worker #31] Bootstrap tree #832, logLikelihood: -1761.506668
[00:00:29] [worker #14] Bootstrap tree #815, logLikelihood: -1752.971358
[00:00:29] [worker #6] Bootstrap tree #807, logLikelihood: -1714.716147
[00:00:29] [worker #13] Bootstrap tree #814, logLikelihood: -1743.486356
[00:00:29] [worker #2] Bootstrap tree #803, logLikelihood: -1742.141267
[00:00:29] [worker #28] Bootstrap tree #829, logLikelihood: -1767.958056
[00:00:29] [worker #19] Bootstrap tree #820, logLikelihood: -1753.624422
[00:00:29] [worker #24] Bootstrap tree #825, logLikelihood: -1796.758498
[00:00:29] [worker #26] Bootstrap tree #827, logLikelihood: -1789.135904
[00:00:29] [worker #4] Bootstrap tree #805, logLikelihood: -1689.481412
[00:00:29] [worker #10] Bootstrap tree #811, logLikelihood: -1709.438065
[00:00:29] [worker #20] Bootstrap tree #821, logLikelihood: -1740.940524
[00:00:29] [worker #1] Bootstrap tree #802, logLikelihood: -1735.502475
[00:00:29] [worker #21] Bootstrap tree #822, logLikelihood: -1808.877456
[00:00:29] [worker #11] Bootstrap tree #812, logLikelihood: -1696.648428
[00:00:29] [worker #0] Bootstrap tree #801, logLikelihood: -1738.044104
[00:00:30] [worker #12] Bootstrap tree #813, logLikelihood: -1728.352223
[00:00:30] [worker #15] Bootstrap tree #816, logLikelihood: -1801.391880
[00:00:32] [worker #24] Bootstrap tree #857, logLikelihood: -1766.787606
[00:00:32] [worker #21] Bootstrap tree #854, logLikelihood: -1851.475358
[00:00:32] [worker #8] Bootstrap tree #841, logLikelihood: -1841.645758
[00:00:32] [worker #17] Bootstrap tree #850, logLikelihood: -1747.012329
[00:00:32] [worker #9] Bootstrap tree #842, logLikelihood: -1769.841866
[00:00:32] [worker #7] Bootstrap tree #840, logLikelihood: -1804.914859
[00:00:32] [[worker #26] Bootstrap tree #859, logLikelihood: 0:00:32] [worker #27] Bootstrap tree #860, logLikelihood: -1770.775295-1788.629370
[00:00:32] [[worker #26] Bootstrap tree #859, logLikelihood: 0:00:32] [worker #27] Bootstrap tree #860, logLikelihood: -1770.775295-1788.629370

[00:00:32] [worker #18] Bootstrap tree #851, logLikelihood: -1749.534027
:00:32] [worker #25] Bootstrap tree #858, logLikelihood: -1738.169871
[00:00:32] [worker #10] Bootstrap tree #843, logLikelihood: -1752.204686
[00:00:32] [worker #15] Bootstrap tree #848, logLikelihood: -1830.497989
[00:00:32] [worker #30] Bootstrap tree #863, logLikelihood: -1806.804755
[00:00:32] [worker #2] Bootstrap tree #835, logLikelihood: -1732.804796
[00:00:32] [worker #4] Bootstrap tree #837, logLikelihood: -1786.399751
[00:00:32] [worker #6] Bootstrap tree #839, logLikelihood: -1767.792458
[00:00:33] [worker #22] Bootstrap tree #855, logLikelihood: -1739.590756
[00:00:33] [worker #13] Bootstrap tree #846, logLikelihood: -1732.693334
[00:00:33] [worker #31] Bootstrap tree #864, logLikelihood: -1848.594163
[00:00:33] [worker #5] Bootstrap tree #838, logLikelihood: -1840.991884
[00:00:33] [worker #28] Bootstrap tree #861, logLikelihood: -1769.556957
[00:00:33] [worker #14] Bootstrap tree #847, logLikelihood: -1827.966695
[00:00:33] [worker #11] Bootstrap tree #844, logLikelihood: -1704.514145
[00:00:33] [worker #20] Bootstrap tree #853, logLikelihood: -1826.456789
[00:00:33] [worker #16] Bootstrap tree #849, logLikelihood: -1769.807923
[00:00:33] [worker #19] Bootstrap tree #852, logLikelihood: -1803.542206
[00:00:33] [worker #0] Bootstrap tree #833, logLikelihood: -1718.101798
[00:00:33] [worker #12] Bootstrap tree #845, logLikelihood: -1823.709825
[00:00:33] [worker #23] Bootstrap tree #856, logLikelihood: -1736.753798
[00:00:33] [worker #29] Bootstrap tree #862, logLikelihood: -1804.700433
[00:00:33] [worker #1] Bootstrap tree #834, logLikelihood: -1799.090397
[00:00:33] [worker #17] Bootstrap tree #882, logLikelihood: -1778.227962
[00:00:33] [worker #3] Bootstrap tree #836, logLikelihood: -1849.354425
[00:00:33] [worker #8] Bootstrap tree #873, logLikelihood: -1821.128224
[00:00:33] [worker #26] Bootstrap tree #891, logLikelihood: -1780.514536
[00:00:33] [worker #27] Bootstrap tree #892, logLikelihood: -1706.969395
[00:00:33] [worker #24] Bootstrap tree #889, logLikelihood: -1676.749101
[00:00:33] [worker #15] Bootstrap tree #880, logLikelihood: -1756.231588
[00:00:33] [worker #31] Bootstrap tree #896, logLikelihood: -1806.369912
[00:00:33] [worker #22] Bootstrap tree #887, logLikelihood: -1794.914975
[00:00:33] [worker #7] Bootstrap tree #872, logLikelihood: -1781.646068
[00:00:33] [worker #10] Bootstrap tree #875, logLikelihood: -1671.240464
[00:00:33] [worker #18] Bootstrap tree #883, logLikelihood: -1776.167581
[00:00:33] [worker #9] Bootstrap tree #874, logLikelihood: -1773.653551
[00:00:33] [worker #3] Bootstrap tree #868, logLikelihood: -1784.090320
[00:00:33] [worker #16] Bootstrap tree #881, logLikelihood: -1774.261587
[00:00:33] [worker #12] Bootstrap tree #877, logLikelihood: -1700.265189
[0] [00:00:33] [worker #14] Bootstrap tree #879, logLikelihood: -1770.704490[worker #30] Bootstrap tree #895
[0] [00:00:33] [worker #14] Bootstrap tree #879, logLikelihood: -1770.704490[worker #30] Bootstrap tree #895
, logLikelihood: -1757.727910
[00:00:33] [worker #6] Bootstrap tree #871, logLikelihood: -1791.333507
[00:00:33] [worker #11] Bootstrap tree #876, logLikelihood: -1714.565251
[00:00:33] [worke-1693.192195
878, logLikelihood: -1810.982361
[00:00:33] [worker #25] Bootstrap tree #890, logLikelihood: -1787.424657
[00:00:33] [worker #21] Bootstrap tree #886, logLikelihood: -1798.590384
[00:00:33] [worker #2] Bootstrap tree #867, logLikelihood: -1745.991336
[00:00:33] [worker #20] Bootstrap tree #885, logLikelihood: -1774.940108
[00:00:33] [worker #29] Bootstrap tree #894, logLikelihood: -1757.016488
[00:00:33] [worker #1] Bootstrap tree #866, logLikelihood: -1728.817849
[00:00:33] [worker #19] Bootstrap tree #884, logLikelihood: -1850.913604
[00:00:33] [worker #4] Bootstrap tree #869, logLikelihood: -1729.951090
[00:00:33] [worker #28] Bootstrap tree #893, logLikelihood: -1803.584188
[00:00:33] [worker #23] Bootstrap tree #888, logLikelihood: -1770.890475
[00:00:33] [worker #0] Bootstrap tree #865, logLikelihood: -1817.799358
[00:00:37] [worker #26] Bootstrap tree #923, logLikelihood: -1691.695352
[00:00:37] [worker #27] Bootstrap tree #924, logLikelihood: -1824.367162
00:00:37] [worker #18] Bootstrap tree #915, logLikelihood: -1769.553980
[00:00:37] [worker #1] Bootstrap tree #898, logLikelihood: -1717.544784
[00:00:37] [worker #22] Bootstrap tree #919, logLikelihood: -1725.088911
[00:00:37] [worker #13] Bootstrap tree #[10,, logLikelihood: 00:00:37] [worker #8] Bootstrap tree #905, logLikelihood: -1767.371345
[00:00:37] [worker #13] Bootstrap tree #[10,, logLikelihood: 00:00:37] [worker #8] Bootstrap tree #905, logLikelihood: -1767.371345
-1717.690563
[[00:00:37] [worker #17] Bootstrap tree #914, logLikelihood: 00:00:37] [worker #12] Bootstrap tree #909, logLikelihood: -1809.903747
[[00:00:37] [worker #17] Bootstrap tree #914, logLikelihood: 00:00:37] [worker #12] Bootstrap tree #909, logLikelihood: -1809.903747
-1738.204134
[00:00:37] [worker #30] Bootstrap tree #927, logLikelihood: -1762.446366
[00:00:37] [worker #19] Bootstrap tree #916, logLikelihood: -1745.893105
[00:00:37] [worker #16] Bootstrap tree #913, logLikelihood: -1771.069714
[00:00:37] [worker #2] Bootstrap tree #899, logLikelihood: -1726.766592
[00:00:37] [worker #28] Bootstrap tree #925, logLikelihood: -1699.529559
[00:00:37] [worker #14] Bootstrap tree #911, logLikelihood: -1738.017159
[00:00:37] [worker #23] Bootstrap tree #920, logLikelihood: -1727.409201
[00:00:37] [worker #15] Bootstrap tree #912, logLikelihood: -1725.404664
[00:00:37] [worker #11] Bootstrap tree #908, logLikelihood: -1773.677832
[00:00:37] [worker #31] Bootstrap tree #928, logLikelihood: -1754.482156
[00:00:37] [worker #29] Bootstrap tree #926, logLikelihood: -1777.140793
[00:00:37] [worker #25] Bootstrap tree #922, logLikelihood: -1804.992033
[00:00:37] [worker #7] Bootstrap tree #904, logLikelihood: -1742.219709
[00:00:37] [worker #9] Bootstrap tree #906, logLikelihood: -1703.359188
[00:00:37] [worker #10] Bootstrap tree #907, logLikelihood: -1711.348837
[00:00:37] [worker #20] Bootstrap tree #917, logLikelihood: -1722.707274
[00:00:37] [worker #21] Bootstrap tree #918, logLikelihood: -1744.472148
[00:00:37] [worker #6] Bootstrap tree #903, logLikelihood: -1816.490355
[00:00:37] [worker #24] Bootstrap tree #921, logLikelihood: -1741.004893
[00:00:37] [worker #5] Bootstrap tree #902, logLikelihood: -1722.847239
[00:00:37] [worker #4] Bootstrap tree #901, logLikelihood: -1671.201376
[00:00:37] [worker #3] Bootstrap tree #900, logLikelihood: -1789.110196
[00:00:37] [worker #2] Bootstrap tree #931, logLikelihood: -1788.642241
[00:00:37] [worker #26] Bootstrap tree #955, logLikelihood: -1816.848021
[00:00:37] [worker #13] Bootstrap tree #942, logLikelihood: -1687.550842
[00:00:37] [worker #0] Bootstrap tree #897, logLikelihood: -1801.205672
[00:00:37] [worker #1] Bootstrap tree #930, logLikelihood: -1833.045982
[00:00:37] [worker #30] Bootstrap tree #959, logLikelihood: -1776.430847
[00:00:37] [worker #8] Bootstrap tree #937, logLikelihood: -1716.601129
[00:00:37] [worker #16] Bootstrap tree #945, logLikelihood: -1778.544738
[00:00:37] [worker #27] Bootstrap tree #956, logLikelihood: -1835.892151
[00:00:37] [worker #23] Bootstrap tree #952, logLikelihood: -1775.881458
[00:00:37] [worker #15] Bootstrap tree #944, logLikelihood: -1869.044441
[00:00:37] [worker #17] Bootstrap tree #946, logLikelihood: -1835.404001
[00:00:37] [worker #18] Bootstrap tree #947, logLikelihood: -1823.574498
[00:00:37] [worker #25] Bootstrap tree #954, logLikelihood: [00:00:37] [worker #31] Bootstrap tree #960, logLikelihood: 
[00:00:37] [worker #25] Bootstrap tree #954, logLikelihood: [00:00:37] [worker #31] Bootstrap tree #960, logLikelihood: 
-1735.271665
[00:00:37] [worker #12] Bootstrap tree #941, logLikelihood: -1821.968977
[00:00:37] [worker #22] Bootstrap tree #951, logLikelihood: -1813.569263
[00:00:37] [worker #11] Bootstrap tree #940, logLikelihood: -1778.376932
[00:00:37] [worker #28] Bootstrap tree #957, logLikelihood: -1804.648351
[00:00:37] [worker #20] Bootstrap tree #949, logLikelihood: -1773.303260
[00:00:37] [worker #19] Bootstrap tree #948, logLikelihood: -1818.006517
[00:00:37] [worker #9] Bootstrap tree #938, logLikelihood: -1720.537379
[00:00:37] [worker #29] Bootstrap tree #958, logLikelihood: -1855.338810
[00:00:37] [worker #14] Bootstrap tree #943, logLikelihood: -1770.224747
[00:00:37] [worker #10] Bootstrap tree #939, logLikelihood: -1750.192658
[00:00:37] [worker #24] Bootstrap tree #953, logLikelihood: -1840.372805
[00:00:37] [worker #4] Bootstrap tree #933, logLikelihood: -1814.190365
[00:00:37] [worker #21] Bootstrap tree #950, logLikelihood: -1782.744563
[00:00:37] [worker #6] Bootstrap tree #935, logLikelihood: -1691.772038
[00:00:37] [worker #7] Bootstrap tree #936, logLikelihood: -1757.840668
[00:00:37] [worker #5] Bootstrap tree #934, logLikelihood: -1762.187080
[00:00:38] [worker #3] Bootstrap tree #932, logLikelihood: -1788.814729
[00:00:38] [worker #0] Bootstrap tree #929, logLikelihood: -1717.705441
[00:00:41] [worker #9] Bootstrap tree #970, logLikelihood: -1843.450405
[00:00:41] [worker #18] Bootstrap tree #979, logLikelihood: -1735.728387
[00:00:41] [worker #11] Bootstrap tree #972, logLikelihood: -1749.669477
[00:00:41] [worker #24] Bootstrap tree #985, logLikelihood: [-1727.4477350:00:41] 
[00:00:41] [worker #24] Bootstrap tree #985, logLikelihood: [-1727.4477350:00:41] 
[worker #7] Bootstrap tree #968, logLikelihood: -1691.255047
[00:00:41] [worker #12] Bootstrap tree #973, logLikelihood: -1748.340099
[00:00:41] [worker #26] Bootstrap tree #987, logLikelihood: -1800.330981
[00:00:41] [worker #13] Bootstrap tree #974, logLikelihood: -1820.605158
[00:00:41] [worker #8] Bootstrap tree #969, logLikelihood: -1785.045235
[00:00:41] [worker #25] Bootstrap tree #986, logLikelihood: -1777.927650
[00:00:41] [worker #30] Bootstrap tree #991, logLikelihood: -1771.734705
[00:00:41] [worker #2] Bootstrap tree #963, logLikelihood: -1779.223849
[00:00:41] [worker #20] Bootstrap tree #981, logLikelihood: -1754.406043
[00:00:41] [worker #29] Bootstrap tree #990, logLikelihood: -1801.186996
[00:00:41] [worker #22] Bootstrap tree #983, logLikelihood: -1865.816551
[00:00:41] [worker #5] Bootstrap tree #966, logLikelihood: -1703.890822
[00:00:41] [worker #1] Bootstrap tree #962, logLikelihood: -1779.414508
[00:00:41] [worker #28] Bootstrap tree #989, logLikelihood: -1773.989055
[00:00:41] [worker #10] Bootstrap tree #971, logLikelihood: -1772.509183
[00:00:41] [worker #0] Bootstrap tree #961, logLikelihood: -1757.884861
[00:00:41] [worker #4] Bootstrap tree #965, logLikelihood: -1722.902851
[00:00:41] [worker #6] Bootstrap tree #967, logLikelihood: -1792.067280
[00:00:41] [worker #21] Bootstrap tree #982, logLikelihood: -1876.374856
[00:00:41] [worker #27] Bootstrap tree #988, logLikelihood: -1799.456300
[00:00:41] [worker #14] Bootstrap tree #975, logLikelihood: -1759.253928
[00:00:41] [worker #15] Bootstrap tree #976, logLikelihood: -1818.755242
[00:00:41] [worker #17] Bootstrap tree #978, logLikelihood: -1781.704159
[00:00:41] [worker #31] Bootstrap tree #992, logLikelihood: -1805.079889
[00:00:41] [worker #3] Bootstrap tree #964, logLikelihood: -1739.274596
[00:00:41] [worker #23] Bootstrap tree #984, logLikelihood: -1794.170979
[00:00:41] [worker #16] Bootstrap tree #977, logLikelihood: -1735.867806
[00:00:41] [worker #19] Bootstrap tree #980, logLikelihood: -1761.871664
[00:00:42] [worker #5] Bootstrap tree #998, logLikelihood: -1735.436859
[00:00:42] [worker #7] Bootstrap tree #1000, logLikelihood: -1711.024045
[00:00:42] [worker #2] Bootstrap tree #995, logLikelihood: -1778.186443
[00:00:42] [worker #1] Bootstrap tree #994, logLikelihood: -1755.922673
[00:00:42] [worker #6] Bootstrap tree #999, logLikelihood: -1723.423642
[00:00:42] [worker #4] Bootstrap tree #997, logLikelihood: -1749.751279
[00:00:42] [worker #0] Bootstrap tree #993, logLikelihood: -1796.934628
[00:00:42] [worker #3] Bootstrap tree #996, logLikelihood: -1766.480012

Optimized model parameters:

   Partition 0: noname
   Rate heterogeneity: GAMMA (4 cats, mean),  alpha: 0.020137 (ML),  weights&rates: (0.250000,0.000000) (0.250000,0.000000) (0.250000,0.000001) (0.250000,3.999999) 
   Base frequencies (ML): 0.397587 0.089686 0.163819 0.348908 
   Substitution rates (ML): 0.712766 1.079443 0.253927 0.001000 2.306266 1.000000 


Final LogLikelihood: -1777.472200

AIC score: 3622.944399 / AICc score: 3624.951144 / BIC score: 3796.596865
Free parameters (model + branch lengths): 34

WARNING: Best ML tree contains 6 near-zero branches!

Best ML tree with collapsed near-zero branches saved to: /mnt/lustre/RDS-live/downing/LSDV/GTPV_SPPV/results_GTPV/LSDV135.raxml.bestTreeCollapsed
Best ML tree saved to: /mnt/lustre/RDS-live/downing/LSDV/GTPV_SPPV/results_GTPV/LSDV135.raxml.bestTree
All ML trees saved to: /mnt/lustre/RDS-live/downing/LSDV/GTPV_SPPV/results_GTPV/LSDV135.raxml.mlTrees
Best ML tree with Felsenstein bootstrap (FBP) support values saved to: /mnt/lustre/RDS-live/downing/LSDV/GTPV_SPPV/results_GTPV/LSDV135.raxml.supportFBP
Best ML tree with Transfer bootstrap (TBE) support values saved to: /mnt/lustre/RDS-live/downing/LSDV/GTPV_SPPV/results_GTPV/LSDV135.raxml.supportTBE
Optimized model saved to: /mnt/lustre/RDS-live/downing/LSDV/GTPV_SPPV/results_GTPV/LSDV135.raxml.bestModel
Bootstrap trees saved to: /mnt/lustre/RDS-live/downing/LSDV/GTPV_SPPV/results_GTPV/LSDV135.raxml.bootstraps

Execution log saved to: /mnt/lustre/RDS-live/downing/LSDV/GTPV_SPPV/results_GTPV/LSDV135.raxml.log

Analysis started: 24-Nov-2025 15:35:35 / finished: 24-Nov-2025 15:36:21

Elapsed time: 45.895 seconds

