
RAxML-NG v. 1.2.2 released on 11.04.2024 by The Exelixis Lab.
Developed by: Alexey M. Kozlov and Alexandros Stamatakis.
Contributors: Diego Darriba, Tomas Flouri, Benoit Morel, Sarah Lutteropp, Ben Bettisworth, Julia Haag, Anastasis Togkousidis.
Latest version: https://github.com/amkozlov/raxml-ng
Questions/problems/suggestions? Please visit: https://groups.google.com/forum/#!forum/raxml

System: AMD EPYC 7543P 32-Core Processor, 32 cores, 995 GB RAM

RAxML-NG was called at 24-Nov-2025 15:20:18 as follows:

raxml-ng --all --msa region_LSDV017.aln --model GTR+G --prefix LSDV017 --seed 123 --bs-metric fbp,tbe --redo

Analysis options:
  run mode: ML tree search + bootstrapping (Felsenstein Bootstrap + Transfer Bootstrap)
  start tree(s): random (10) + parsimony (10)
  bootstrap replicates: parsimony (max: 1000) + bootstopping (autoMRE, cutoff: 0.030000)
  random seed: 123
  tip-inner: OFF
  pattern compression: ON
  per-rate scalers: OFF
  site repeats: ON
  logLH epsilon: general: 10.000000, brlen-triplet: 1000.000000
  fast spr radius: AUTO
  spr subtree cutoff: 1.000000
  fast CLV updates: ON
  branch lengths: proportional (ML estimate, algorithm: NR-FAST)
  SIMD kernels: AVX2
  parallelization: coarse-grained (auto), PTHREADS (auto)

WARNING: Running in REDO mode: existing checkpoints are ignored, and all result files will be overwritten!

[00:00:00] Reading alignment from file: region_LSDV017.aln
[00:00:00] Loaded alignment with 30 taxa and 532 sites

WARNING: Sequences PV167793.1 and PV434148.1 are exactly identical!
WARNING: Sequences PV167793.1 and PQ014465.1 are exactly identical!
WARNING: Sequences PV167793.1 and OQ434239.1 are exactly identical!
WARNING: Sequences PV167793.1 and OQ434238.1 are exactly identical!
WARNING: Sequences PV167793.1 and OQ434237.1 are exactly identical!
WARNING: Sequences PV167793.1 and OQ434236.1 are exactly identical!
WARNING: Sequences PV167793.1 and OQ434235.1 are exactly identical!
WARNING: Sequences PV167793.1 and ON961657.1 are exactly identical!
WARNING: Sequences PV167793.1 and ON961656.1 are exactly identical!
WARNING: Sequences PV167793.1 and ON961655.1 are exactly identical!
WARNING: Sequences PV167793.1 and MT137384.1 are exactly identical!
WARNING: Sequences PV167793.1 and MW167070.1 are exactly identical!
WARNING: Sequences PV167793.1 and MW020571.1 are exactly identical!
WARNING: Sequences PV167793.1 and AY077834.1 are exactly identical!
WARNING: Sequences PV167793.1 and AY077833.1 are exactly identical!
WARNING: Sequences PP886239.1 and PP886238.1 are exactly identical!
WARNING: Sequences PP886239.1 and PP886237.1 are exactly identical!
WARNING: Sequences PP886239.1 and PP886236.1 are exactly identical!
WARNING: Sequences PP886239.1 and OR239060.1 are exactly identical!
WARNING: Sequences PP886239.1 and NC_004002.1 are exactly identical!
WARNING: Sequences PP886239.1 and MN072629.1 are exactly identical!
WARNING: Sequences PP886239.1 and MN072627.1 are exactly identical!
WARNING: Sequences PP886239.1 and AY077832.1 are exactly identical!
WARNING: Duplicate sequences found: 23

NOTE: Reduced alignment (with duplicates and gap-only sites/taxa removed) 
NOTE: was saved to: /mnt/lustre/RDS-live/downing/LSDV/GTPV_SPPV/results_SPPV/LSDV017.raxml.reduced.phy

Alignment comprises 1 partitions and 10 patterns

Partition 0: noname
Model: GTR+FO+G4m
Alignment sites / patterns: 532 / 10
Gaps: 0.01 %
Invariant sites: 99.25 %


NOTE: Binary MSA file created: LSDV017.raxml.rba

Parallelization scheme autoconfig: 32 worker(s) x 1 thread(s)

[00:00:00] Generating 10 random starting tree(s) with 30 taxa
[00:00:00] Generating 10 parsimony starting tree(s) with 30 taxa
Parallel parsimony with 32 threads
Parallel reduction/worker buffer size: 1 KB  / 0 KB

[00:00:00] Data distribution: max. partitions/sites/weight per thread: 1 / 10 / 160
[00:00:00] Data distribution: max. searches per worker: 33

Starting ML tree search with 20 distinct starting trees

[00:00:01] [worker #6] ML tree search #7, logLikelihood: -682.650654
[00:00:01] [worker #13] ML tree search #14, logLikelihood: -682.632275
[00:00:01] [worker #18] ML tree search #19, logLikelihood: -682.632301
[00:00:01] [worker #7] ML tree search #8, logLikelihood: -682.647928
[00:00:01] [worker #17] ML tree search #18, logLikelihood: -682.632269
[00:00:01] [worker #0] ML tree search #1, logLikelihood: -682.636670
[00:00:01] [worker #5] ML tree search #6, logLikelihood: -682.637161
[00:00:01] [worker #3] ML tree search #4, logLikelihood: -682.740187
[00:00:01] [worker #15] ML tree search #16, logLikelihood: -682.632250
[00:00:01] [worker #12] ML tree search #13, logLikelihood: -682.632259
[00:00:01] [worker #16] ML tree search #17, logLikelihood: -682.632253
[00:00:01] [worker #11] ML tree search #12, logLikelihood: -682.632298
[00:00:01] [worker #1] ML tree search #2, logLikelihood: -682.636075
[00:00:01] [worker #14] ML tree search #15, logLikelihood: -682.632321
[00:00:01] [worker #4] ML tree search #5, logLikelihood: -682.650850
[00:00:01] [worker #9] ML tree search #10, logLikelihood: -682.629808
[00:00:01] [worker #8] ML tree search #9, logLikelihood: -682.636907
[00:00:01] [worker #19] ML tree search #20, logLikelihood: -682.632251
[00:00:01] [worker #2] ML tree search #3, logLikelihood: -682.639220
[00:00:01] [worker #10] ML tree search #11, logLikelihood: -682.632252

[00:00:01] ML tree search completed, best tree logLH: -682.629808

[00:00:01] Starting bootstrapping analysis with 1000 replicates.

[00:00:01] [worker #1] Bootstrap tree #2, logLikelihood: -681.534759
[00:00:01] [worker #26] Bootstrap tree #27, logLikelihood: -658.743986
[00:00:01] [worker #22] Bootstrap tree #23, logLikelihood: -689.065704
[00:00:01] [worker #21] Bootstrap tree #22, logLikelihood: -671.512444
[00:00:01] [worker #17] Bootstrap tree #18, logLikelihood: -712.153695
[00:00:01] [worker #18] Bootstrap tree #19, logLikelihood: -660.022519
[00:00:02] [worker #13] Bootstrap tree #14, logLikelihood: -700.639122
[00:00:02] [worker #25] Bootstrap tree #26, logLikelihood: -676.840756
[00:00:02] [worker #23] Bootstrap tree #24, logLikelihood: -656.446419
[00:00:02] [worker #16] Bootstrap tree #17, logLikelihood: -685.381576
[00:00:02] [worker #14] Bootstrap tree #15, logLikelihood: -651.383484
[00:00:02] [worker #29] Bootstrap tree #30, logLikelihood: -678.342981
[00:00:02] [worker #15] Bootstrap tree #16, logLikelihood: -669.602694
[00:00:02] [worker #24] Bootstrap tree #25, logLikelihood: -676.370423
[00:00:02] [worker #30] Bootstrap tree #31, logLikelihood: -649.643143
[00:00:02] [worker #7] Bootstrap tree #8, logLikelihood: -674.768052
[00:00:02] [worker #10] Bootstrap tree #11, logLikelihood: -681.229494
[00:00:02] [worker #27] Bootstrap tree #28, logLikelihood: -690.050157
[00:00:02] [worker #20] Bootstrap tree #21, logLikelihood: -693.849263
[00:00:02] [worker #31] Bootstrap tree #32, logLikelihood: -692.830833
[00:00:02] [worker #6] Bootstrap tree #7, logLikelihood: -671.268715
[00:00:02] [worker #2] Bootstrap tree #3, logLikelihood: -716.422572
[00:00:02] [worker #8] Bootstrap tree #9, logLikelihood: -682.632273
[00:00:02] [worker #28] Bootstrap tree #29, logLikelihood: -679.661590
[00:00:02] [worker #5] Bootstrap tree #6, logLikelihood: -667.774286
[00:00:02] [worker #12] Bootstrap tree #13, logLikelihood: -682.632298
[00:00:02] [worker #11] Bootstrap tree #12, logLikelihood: -675.018854
[00:00:02] [worker #19] Bootstrap tree #20, logLikelihood: -680.264837
[00:00:02] [worker #4] Bootstrap tree #5, logLikelihood: -691.694963
[00:00:02] [worker #9] Bootstrap tree #10, logLikelihood: -688.262989
[00:00:02] [worker #3] Bootstrap tree #4, logLikelihood: -666.515376
[00:00:02] [worker #0] Bootstrap tree #1, logLikelihood: -683.774456
[00:00:02] [worker #1] Bootstrap tree #34, logLikelihood: -688.590285
[00:00:02] [worker #13] Bootstrap tree #46, logLikelihood: -685.455028
[00:00:02] [worker #25] Bootstrap tree #58, logLikelihood: -681.353434
[00:00:02] [worker #22] Bootstrap tree #55, logLikelihood: -671.023008
[00:00:02] [worker #29] Bootstrap tree #62, logLikelihood: -687.966932
[00:00:02] [worker #26] Bootstrap tree #59, logLikelihood: -669.556107
[00:00:02] [worker #7] Bootstrap tree #40, logLikelihood: -657.026291
[00:00:02] [worker #28] Bootstrap tree #61, logLikelihood: -657.036580
[00:00:02] [worker #30] Bootstrap tree #63, logLikelihood: -685.489543
[00:00:02] [worker #16] Bootstrap tree #49, logLikelihood: -681.738656
[00:00:02] [worker #23] Bootstrap tree #56, logLikelihood: -681.886153
[00:00:02] [worker #31] Bootstrap tree #64, logLikelihood: -696.815665
[00:00:02] [worker #14] Bootstrap tree #47, logLikelihood: -672.718525
[00:00:02] [worker #21] Bootstrap tree #54, logLikelihood: -679.849450
[00:00:02] [worker #5] Bootstrap tree #38, logLikelihood: -696.063171
[00:00:02] [worker #17] Bootstrap tree #50, logLikelihood: -674.618860
[00:00:02] [worker #19] Bootstrap tree #52, logLikelihood: -676.547363
[00:00:02] [worker #6] Bootstrap tree #39, logLikelihood: -657.128362
[00:00:02] [worker #12] Bootstrap tree #45, logLikelihood: -673.037102
[00:00:02] [worker #20] Bootstrap tree #53, logLikelihood: -648.927559
[00:00:02] [worker #18] Bootstrap tree #51, logLikelihood: -675.268156
[00:00:02] [worker #8] Bootstrap tree #41, logLikelihood: -686.986753
[00:00:02] [worker #2] Bootstrap tree #35, logLikelihood: -683.918515
[00:00:02] [worker #3] Bootstrap tree #36, logLikelihood: -657.271762
, logLikelihood: -671.097530
[00:00:02] [worker #15] Bootstrap tree #48, logLikelihood: -652.785991
[00:00:02] [worker #11] Bootstrap tree #44, logLikelihood: -670.871771
[00:00:02] [worker #4] Bootstrap tree #37, logLikelihood: -681.738664
[00:00:02] [worker #24] Bootstrap tree #57, logLikelihood: -682.033449
[00:00:02] [worker #27] Bootstrap tree #60, logLikelihood: -678.213719
[00:00:02] [worker #9] Bootstrap tree #42, logLikelihood: -663.500576
[00:00:02] [worker #0] Bootstrap tree #33, logLikelihood: -682.632256
[00:00:05] [worker #9] Bootstrap tree #74, logLikelihood: -665.063735
[00:00:05] [worker #18] Bootstrap tree #83, logLikelihood: -691.041521
[00:00:05] [worker #11] Bootstrap tree #76, logLikelihood: -670.051275
[00:00:05] [worker #3] Bootstrap tree #68, logLikelihood: -697.961674
[00:00:05] [worker #5] Bootstrap tree #70, logLikelihood: -683.451557
[00:00:05] [worker #30] Bootstrap tree #95, logLikelihood: -698.345091
[00:00:05] [worker #21] Bootstrap tree #86, logLikelihood: -684.710809
[00:00:05] [worker #14] Bootstrap tree #79, logLikelihood: -672.377939
[00:00:05] [worker #25] Bootstrap tree #90, logLikelihood: -661.427630
[00:00:05] [worker #4] Bootstrap tree #69, logLikelihood: -695.005357
[00:00:05] [worker #17] Bootstrap tree #82, logLikelihood: -684.371780
[00:00:05] [worker #10] Bootstrap tree #75, logLikelihood: -685.739253[

[00:00:05] [worker #19] Bootstrap tree #84, logLikelihood: -684.432856
[00:00:05] [worker #26] Bootstrap tree #91, logLikelihood: -669.064750
[00:00:05] [worker #1] Bootstrap tree #66, logLikelihood: -655.284925
-667.933443[00:00:05] [worker #23] Bootstrap tree #88, logLikelihood: -653.285369
-667.933443[00:00:05] [worker #23] Bootstrap tree #88, logLikelihood: -653.285369

[00:00:05] [worker #12] Bootstrap tree #77, logLikelihood: -641.701820
[00:00:05] [worker #29] Bootstrap tree #94, logLikelihood: -665.687327
[00:00:05] [worker #28] Bootstrap tree #93, logLikelihood: -681.738651
[00:00:05] [worker #6] Bootstrap tree #71, logLikelihood: -665.588633
[00:00:05] [worker #15] Bootstrap tree #80, logLikelihood: -686.097576
[00:00:05] [worker #31] Bootstrap tree #96, logLikelihood: -693.758762
[00:00:05] [worker #16] Bootstrap tree #81, logLikelihood: -682.632262
[00:00:05] [worker #8] Bootstrap tree #73, logLikelihood: -695.868015
[00:00:05] [worker #7] Bootstrap tree #72, logLikelihood: -669.140710
[00:00:05] [worker #24] Bootstrap tree #89, logLikelihood: -692.003535
[00:00:05] [worker #13] Bootstrap tree #78, logLikelihood: -706.864861
[00:00:05] [worker #27] Bootstrap tree #92, logLikelihood: -676.358229
[00:00:05] [worker #20] Bootstrap tree #85, logLikelihood: -667.531650
[00:00:05] [worker #0] Bootstrap tree #65, logLikelihood: -666.860011
[00:00:05] [worker #23] Bootstrap tree #120, logLikelihood: -657.234215
[00:00:05] [worker #14] Bootstrap tree #111, logLikelihood: -681.564412
[00:00:05] [worker #5] Bootstrap tree #102, logLikelihood: -673.370415
[00:00:05] [worker #18] Bootstrap tree #115, logLikelihood: -681.738652
[00:00:05] [worker #2] Bootstrap tree #99, logLikelihood: -685.911831
[00:00:05] [worker #1] Bootstrap tree #98, logLikelihood: -683.660006
[00:00:05] [worker #9] Bootstrap tree #106, logLikelihood: -676.383367
[00:00:05] [worker #11] Bootstrap tree #108, logLikelihood: -682.632257
[00:00:05] [worker #21] Bootstrap tree #118, logLikelihood: -677.920964
[00:00:05] [worker #4] Bootstrap tree #101, logLikelihood: -677.546219
[00:00:05] [worker #26] Bootstrap tree #123, logLikelihood: -647.535316
[00:00:05] [worker #12] Bootstrap tree #109, logLikelihood: -703.832082
[00:00:05] [worker #25] Bootstrap tree #122, logLikelihood: -670.916387
[00:00:05] [worker #28] Bootstrap tree #125, logLikelihood: -677.395253
[00:00:05] [worker #19] Bootstrap tree #116, logLikelihood: -674.041850
[00:00:05] [worker #22] Bootstrap tree #119, logLikelihood: -681.738651
[00:00:05] [worker #7] Bootstrap tree #104, logLikelihood: -679.749971
[00:00:05] [worker #10] Bootstrap tree #107, logLikelihood: -690.183747
[00:00:05] [worker #6] Bootstrap tree #103, logLikelihood: -686.518085
[00:00:05] [worker #17] Bootstrap tree #114, logLikelihood: -657.608896
[00:00:05] [worker #3] Bootstrap tree #100, logLikelihood: -695.182942
[00:00:05] [worker #16] Bootstrap tree #113, logLikelihood: -678.827471
[00:00:05] [worker #20] Bootstrap tree #117, logLikelihood: -671.711147
[00:00:05] [worker #31] Bootstrap tree #128, logLikelihood: -672.495269
[00:00:05] [worker #29] Bootstrap tree #126, logLikelihood: -677.277600
[00:00:05] [worker #15] Bootstrap tree #112, logLikelihood: -676.261632
[00:00:05] [worker #13] Bootstrap tree #110, logLikelihood: -661.920528
[00:00:05] [worker #30] Bootstrap tree #127, logLikelihood: -689.032131
[00:00:05] [worker #24] Bootstrap tree #121, logLikelihood: -668.991028
[00:00:05] [worker #8] Bootstrap tree #105, logLikelihood: -659.923000
[00:00:05] [worker #27] Bootstrap tree #124, logLikelihood: -698.592875
[00:00:06] [worker #0] Bootstrap tree #97, logLikelihood: -671.626117
[00:00:13] [worker #2] Bootstrap tree #131, logLikelihood: -661.725304
[00:00:13] [worker #11] Bootstrap tree #140, logLikelihood: -684.823160
[00:00:13] [worker #7] Bootstrap tree #136, logLikelihood: -667.443607
[00:00:13] [worker #28] Bootstrap tree #157, logLikelihood: -673.460136
[00:00:13] [worker #17] Bootstrap tree #146, logLikelihood: -688.635634
[00:00:13] [worker #13] Bootstrap tree #142, logLikelihood: -677.959554
[00:00:13] [worker #10] Bootstrap tree #139, logLikelihood: -660.137716

[00:00:13] [worker #6] Bootstrap tree #135, logLikelihood: -695.767851
[00:00:13] [worker #24] Bootstrap tree #153, logLikelihood: -685.614238
[00:00:13] [worker #8] Bootstrap tree #137, logLikelihood: -659.312363
[00:00:13] [worker #26] Bootstrap tree #155, logLikelihood: -657.562536
[00:00:13] [worker #16] Bootstrap tree #145, logLikelihood: -682.999506
[00:00:13] [worker #15] Bootstrap tree #144, logLikelihood: -661.513614
[00:00:13] [worker #1] Bootstrap tree #130, logLikelihood: -698.022607
[00:00:13] [worker #19] Bootstrap tree #148, logLikelihood: -662.037665
[00:00:13] [worker #29] Bootstrap tree #158, logLikelihood: -694.543667
[00:00:13] [worker #31] Bootstrap tree #160, logLikelihood: -681.971168
[00:00:13] [worker #30] Bootstrap tree #159, logLikelihood: -646.951599
[00:00:13] [worker #12] Bootstrap tree #141, logLikelihood: -679.540949
[00:00:13] [worker #20] Bootstrap tree #149, logLikelihood: -679.473295
[00:00:13] [worker #27] Bootstrap tree #156, logLikelihood: -663.545460
[00:00:13] [worker #5] Bootstrap tree #134, logLikelihood: -669.290799
[00:00:13] [worker #9] Bootstrap tree #138, logLikelihood: -682.632268
[00:00:13] [worker #3] Bootstrap tree #132, logLikelihood: -708.533124
[00:00:13] [worker #18] Bootstrap tree #147, logLikelihood: -684.244482
[00:00:13] [worker #14] Bootstrap tree #143, logLikelihood: -688.216631
[00:00:13] [worker #21] Bootstrap tree #150, logLikelihood: -665.453298
[00:00:13] [worker #0] Bootstrap tree #129, logLikelihood: -681.738691
[00:00:14] [worker #22] Bootstrap tree #151, logLikelihood: -682.632250
[00:00:14] [worker #25] Bootstrap tree #154, logLikelihood: -659.579515
[00:00:14] [worker #23] Bootstrap tree #152, logLikelihood: -688.149509
[00:00:14] [worker #2] Bootstrap tree #163, logLikelihood: -688.293718
[00:00:14] [worker #6] Bootstrap tree #167, logLikelihood: -669.144384
[00:00:14] [worker #17] Bootstrap tree #178, logLikelihood: -694.310718
[00:00:14] [worker #12] Bootstrap tree #173, logLikelihood: -648.768559
[00:00:14] [worker #7] Bootstrap tree #168, logLikelihood: -696.762626
[00:00:14] [worker #29] Bootstrap tree #190, logLikelihood: -690.090672
[00:00:14] [worker #24] Bootstrap tree #185, logLikelihood: -643.672669
[00:00:14] [worker #30] Bootstrap tree #191, logLikelihood: -672.172447
[00:00:14] [worker #28] Bootstrap tree #189, logLikelihood: -646.616572
[00:00:14] [worker #16] Bootstrap tree #177, logLikelihood: -712.502775
[00:00:14] [worker #11] Bootstrap tree #172, logLikelihood: -705.069801
[00:00:14] [worker #4] Bootstrap tree #165, logLikelihood: -687.915236
[00:00:14] [worker #1] Bootstrap tree #162, logLikelihood: -656.497824
[00:00:14] [worker #8] Bootstrap tree #169, logLikelihood: -646.217338
[00:00:14] [worker #10] Bootstrap tree #171, logLikelihood: -676.807655
[00:00:14] [worker #13] Bootstrap tree #174, logLikelihood: -683.430467
[00:00:14] [worker #5] Bootstrap tree #166, logLikelihood: -683.253887
[00:00:14] [worker #9] Bootstrap tree #170, logLikelihood: -668.041635
[00:00:14] [worker #26] Bootstrap tree #187, logLikelihood: -669.527833
00:00:14] [worker #18] Bootstrap tree #179, logLikelihood: -678.644310
[00:00:14] [worker #14] Bootstrap tree #175, logLikelihood: -684.219257
[00:00:14] [worker #27] Bootstrap tree #188, logLikelihood: -682.632258
[00:00:14] [worker #20] Bootstrap tree #181, logLikelihood: -697.934943
[00:00:14] [worker #15] Bootstrap tree #176, logLikelihood: -682.632255
[00:00:14] [worker #25] Bootstrap tree #186, logLikelihood: -702.190770
[00:00:14] [worker #19] Bootstrap tree #180, logLikelihood: -682.816047
00:00:14] [worker #21] Bootstrap tree #182, logLikelihood: -693.269643
[00:00:14] [worker #31] Bootstrap tree #192, logLikelihood: -676.270689
[00:00:14] [worker #22] Bootstrap tree #183, logLikelihood: -691.569962
[00:00:14] [worker #3] Bootstrap tree #164, logLikelihood: -680.212476
[00:00:14] [worker #23] Bootstrap tree #184, logLikelihood: -687.473702
[00:00:14] [worker #0] Bootstrap tree #161, logLikelihood: -681.738655
[00:00:28] [worker #4] Bootstrap tree #197, logLikelihood: -674.333788
[00:00:28] [worker #12] Bootstrap tree #205, logLikelihood: -694.396955
[00:00:28] [worker #22] Bootstrap tree #215, logLikelihood: -678.710119
[00:00:28] [worker #30] Bootstrap tree #223, logLikelihood: -709.800069
[00:00:28] [worker #8] Bootstrap tree #201, logLikelihood: -698.372238
[00:00:28] [worker #18] Bootstrap tree #211, logLikelihood: -650.838389
[00:00:28] [worker #3] Bootstrap tree #196, logLikelihood: -629.264884
[00:00:28] [worker #5] Bootstrap tree #198, logLikelihood: -681.130086
[00:00:28] [worker #2] Bootstrap tree #195, logLikelihood: -710.718202
[00:00:28] [worker #6] Bootstrap tree #199, logLikelihood: -639.270757
[00:00:28] [worker #21] Bootstrap tree #214, logLikelihood: -656.623257
[00:00:28] [worker #9] Bootstrap tree #202, logLikelihood: -682.632252
[00:00:28] [worker #16] Bootstrap tree #209, logLikelihood: -690.223025
[00:00:28] [worker #19] Bootstrap tree #212, logLikelihood: -674.130492
[00:00:28] [worker #20] Bootstrap tree #213, logLikelihood: -695.140862
[00:00:28] [worker #1] Bootstrap tree #194, logLikelihood: -673.564050
[00:00:28] [worker #27] Bootstrap tree #220, logLikelihood: -670.004614
[00:00:28] [worker #25] Bootstrap tree #218, logLikelihood: -646.590270
[00:00:28] [worker #29] Bootstrap tree #222, logLikelihood: -682.632254
[00:00:28] [worker #14] Bootstrap tree #207, logLikelihood: -693.399382
[00:00:28] [worker #7] Bootstrap tree #200, logLikelihood: -682.632285
] [worker #13] Bootstrap tree #206, logLikelihood: -685.349282
[00:00:28] [worker #15] Bootstrap tree #208, logLikelihood: -673.675747
[00:00:28] [worker #26] Bootstrap tree #219, logLikelihood: -681.001417
[00:00:28] [worker #31] Bootstrap tree #224, logLikelihood: -697.198252
[00:00:28] [worker #24] Bootstrap tree #217, logLikelihood: -685.678937
[00:00:28] [worker #17] Bootstrap tree #210, logLikelihood: -669.890611
[00:00:28] [worker #0] Bootstrap tree #193, logLikelihood: -662.741045
[00:00:28] [worker #28] Bootstrap tree #221, logLikelihood: -680.998364
[00:00:28] [worker #11] Bootstrap tree #204, logLikelihood: -682.796091
[00:00:28] [worker #10] Bootstrap tree #203, logLikelihood: -682.632251
[00:00:28] [worker #23] Bootstrap tree #216, logLikelihood: -693.668344
[00:00:28] [worker #12] Bootstrap tree #237, logLikelihood: -682.557718
[00:00:28] [worker #30] Bootstrap tree #255, logLikelihood: -684.283406
[00:00:28] [worker #9] Bootstrap tree #234, logLikelihood: -693.950611
[00:00:28] [worker #6] Bootstrap tree #231, logLikelihood: -662.419728
[00:00:28] [worker #18] Bootstrap tree #243, logLikelihood: -710.991758
[00:00:28] [worker #22] Bootstrap tree #247, logLikelihood: -686.713768
[00:00:28] [worker #4] Bootstrap tree #229, logLikelihood: -702.291059
[00:00:28] [worker #8] Bootstrap tree #233, logLikelihood: -665.043876
[00:00:28] [worker #5] Bootstrap tree #230, logLikelihood: -701.067336
[00:00:28] [worker #2] Bootstrap tree #227, logLikelihood: -666.366480
[00:00:28] [worker #3] Bootstrap tree #228, logLikelihood: -676.598716
[00:00:28] [worker #21] Bootstrap tree #246, logLikelihood: -679.643147
[00:00:28] [worker #7] Bootstrap tree #232, logLikelihood: -678.038238
[00:00:28] [worker #26] Bootstrap tree #251, logLikelihood: -656.692646
[00:00:28] [worker #24] Bootstrap tree #249, logLikelihood: -658.434060
[00:00:28] [worker #1] Bootstrap tree #226, logLikelihood: -674.321868
[00:00:28] [worker #19] Bootstrap tree #244, logLikelihood: -695.234486
[00:00:28] [worker #29] Bootstrap tree #254, logLikelihood: -667.749449
[00:00:28] [worker #20] Bootstrap tree #245, logLikelihood: -689.040245
[00:00:28] [worker #16] Bootstrap tree #241, logLikelihood: -671.868548
[00:00:28] [worker #31] Bootstrap tree #256, logLikelihood: -699.636828
[00:00:28] [worker #13] Bootstrap tree #238, logLikelihood: -678.711443
[00:00:28] [worker #27] Bootstrap tree #252, logLikelihood: -670.221631
[00:00:28] [worker #25] Bootstrap tree #250, logLikelihood: -682.632254
[00:00:28] [worker #17] Bootstrap tree #242, logLikelihood: -675.803059
[00:00:28] [worker #15] Bootstrap tree #240, logLikelihood: -665.939990
[00:00:28] [worker #14] Bootstrap tree #239, logLikelihood: -669.930677
[00:00:28] [worker #10] Bootstrap tree #235, logLikelihood: -682.632251
[00:00:28] [worker #11] Bootstrap tree #236, logLikelihood: -671.033961
[00:00:28] [worker #23] Bootstrap tree #248, logLikelihood: -681.789115
[00:00:28] [worker #28] Bootstrap tree #253, logLikelihood: -648.622950
[00:00:28] [worker #0] Bootstrap tree #225, logLikelihood: -682.115846
[00:00:48] [worker #5] Bootstrap tree #262, logLikelihood: -682.281423
[00:00:48] [worker #13] Bootstrap tree #270, logLikelihood: -677.983355
[00:00:48] [worker #31] Bootstrap tree #288, logLikelihood: -652.922787
[00:00:48] [worker #20] Bootstrap tree #277, logLikelihood: -681.738657
[00:00:48] [worker #1] Bootstrap tree #258, logLikelihood: -690.608892
[00:00:48] [worker #2] Bootstrap tree #259, logLikelihood: -674.366682
00:00:48] [worker #4] Bootstrap tree #261, logLikelihood: -697.579706
[00:00:48] [worker #7] Bootstrap tree #264, logLikelihood: -645.006789
[00:00:49] [worker #3] Bootstrap tree #260, logLikelihood: -704.573928
[00:00:49] [worker #24] Bootstrap tree #281, logLikelihood: -662.609692
[00:00:49] [worker #8] Bootstrap tree #265, logLikelihood: -671.351744
[00:00:49] [worker #16] Bootstrap tree #273, logLikelihood: -645.791864
[00:00:49] [worker #22] Bootstrap tree #279, logLikelihood: -682.632249
[00:00:49] [worker #10] Bootstrap tree #267, logLikelihood: -652.319560
[00:00:49] [worker #26] Bootstrap tree #283, logLikelihood: -665.722444
[00:00:49] [worker #6] Bootstrap tree #263, logLikelihood: -682.837371
[00:00:49] [worker #17] Bootstrap tree #274, logLikelihood: -670.679834
[00:00:49] [worker #9] Bootstrap tree #266, logLikelihood: -667.530016
[00:00:49] [worker #19] Bootstrap tree #276, logLikelihood: -664.869302
[00:00:49] [worker #18] Bootstrap tree #275, logLikelihood: -679.163351
[00:00:49] [worker #23] Bootstrap tree #280, logLikelihood: -664.024453
[00:00:49] [worker #27] Bootstrap tree #284, logLikelihood: -665.381379
[00:00:49] [worker #14] Bootstrap tree #271, logLikelihood: -704.327201
[00:00:49] [worker #0] Bootstrap tree #257, logLikelihood: -663.082393
[00:00:49] [worker #15] Bootstrap tree #272, logLikelihood: -682.005609
[00:00:49] [worker #30] Bootstrap tree #287, logLikelihood: -683.261493
[00:00:49] [worker #25] Bootstrap tree #282, logLikelihood: -689.381758
[00:00:49] [worker #12] Bootstrap tree #269, logLikelihood: -682.632254
[00:00:49] [worker #28] Bootstrap tree #285, logLikelihood: -681.738656
[00:00:49] [worker #11] Bootstrap tree #268, logLikelihood: -671.956505
[00:00:49] [worker #29] Bootstrap tree #286, logLikelihood: -690.563197
[00:00:49] [worker #21] Bootstrap tree #278, logLikelihood: -682.184531
[00:00:49] [worker #5] Bootstrap tree #294, logLikelihood: -686.812432
[00:00:49] [worker #24] Bootstrap tree #313, logLikelihood: -674.763472
[00:00:49] [worker #1] Bootstrap tree #290, logLikelihood: -681.738675
[00:00:49] [worker #10] Bootstrap tree #299, logLikelihood: -683.184145
[00:00:49] [worker #13] Bootstrap tree #302, logLikelihood: -651.445265
[00:00:49] [worker #16] Bootstrap tree #305, logLikelihood: -679.935636
[00:00:49] [worker #8] Bootstrap tree #297, logLikelihood: -673.724982
[00:00:49] [worker #3] Bootstrap tree #292, logLikelihood: -684.579667
[00:00:49] [worker #4] Bootstrap tree #293, logLikelihood: -684.335426
[00:00:49] [worker #31] Bootstrap tree #320, logLikelihood: -675.705751
[00:00:49] [worker #19] Bootstrap tree #308, logLikelihood: -652.434855
[00:00:49] [worker #26] Bootstrap tree #315, logLikelihood: -660.434387
[[[00:00:49] [worker #17] Bootstrap tree #306, logLikelihood: -682.146286
00
:00:49] [worker #20] Bootstrap tree #309, logLikelihood: -694.583606
[00:00:49] [worker #18] Bootstrap tree #307, logLikelihood: -689.913991
[00:00:49] [worker #27] Bootstrap tree #316, logLikelihood: -683.028905
[00:00:49] [worker #2] Bootstrap tree #291, logLikelihood: -665.456065
[00:00:49] [worker #22] Bootstrap tree #311, logLikelihood: -663.658906
[00:00:49] [worker #6] Bootstrap tree #295, logLikelihood: -683.550240
[00:00:49] [worker #15] Bootstrap tree #304, logLikelihood: -665.400266
[00:00:49] [worker #14] Bootstrap tree #303, logLikelihood: -666.170551
[00:00:49] [worker #12] Bootstrap tree #301, logLikelihood: -653.853200
[00:00:49] [worker #9] Bootstrap tree #298, logLikelihood: -660.940458
[00:00:49] [worker #21] Bootstrap tree #310, logLikelihood: -650.412221
[00:00:49] [worker #11] Bootstrap tree #300, logLikelihood: -675.539876
[00:00:49] [worker #30] Bootstrap tree #319, logLikelihood: -693.899507
[00:00:49] [worker #25] Bootstrap tree #314, logLikelihood: -671.638622
[00:00:49] [worker #28] Bootstrap tree #317, logLikelihood: -704.799954
[00:00:49] [worker #23] Bootstrap tree #312, logLikelihood: -660.081635
[00:00:49] [worker #29] Bootstrap tree #318, logLikelihood: -691.117467
[00:00:49] [worker #0] Bootstrap tree #289, logLikelihood: -675.847042
[00:01:21] Bootstrapping converged after 320 replicates.

Optimized model parameters:

   Partition 0: noname
   Rate heterogeneity: GAMMA (4 cats, mean),  alpha: 99.846357 (ML),  weights&rates: (0.250000,0.875813) (0.250000,0.964710) (0.250000,1.029570) (0.250000,1.129908) 
   Base frequencies (ML): 0.332567 0.186213 0.069459 0.411761 
   Substitution rates (ML): 0.001000 988.168633 0.001000 0.001000 264.227026 1.000000 


Final LogLikelihood: -682.629808

AIC score: 1497.259616 / AICc score: 1516.278971 / BIC score: 1779.518087
Free parameters (model + branch lengths): 66

WARNING: Best ML tree contains 25 near-zero branches!

Best ML tree with collapsed near-zero branches saved to: /mnt/lustre/RDS-live/downing/LSDV/GTPV_SPPV/results_SPPV/LSDV017.raxml.bestTreeCollapsed
Best ML tree saved to: /mnt/lustre/RDS-live/downing/LSDV/GTPV_SPPV/results_SPPV/LSDV017.raxml.bestTree
All ML trees saved to: /mnt/lustre/RDS-live/downing/LSDV/GTPV_SPPV/results_SPPV/LSDV017.raxml.mlTrees
Best ML tree with Felsenstein bootstrap (FBP) support values saved to: /mnt/lustre/RDS-live/downing/LSDV/GTPV_SPPV/results_SPPV/LSDV017.raxml.supportFBP
Best ML tree with Transfer bootstrap (TBE) support values saved to: /mnt/lustre/RDS-live/downing/LSDV/GTPV_SPPV/results_SPPV/LSDV017.raxml.supportTBE
Optimized model saved to: /mnt/lustre/RDS-live/downing/LSDV/GTPV_SPPV/results_SPPV/LSDV017.raxml.bestModel
Bootstrap trees saved to: /mnt/lustre/RDS-live/downing/LSDV/GTPV_SPPV/results_SPPV/LSDV017.raxml.bootstraps

Execution log saved to: /mnt/lustre/RDS-live/downing/LSDV/GTPV_SPPV/results_SPPV/LSDV017.raxml.log

Analysis started: 24-Nov-2025 15:20:18 / finished: 24-Nov-2025 15:21:40

Elapsed time: 81.718 seconds

