
RAxML-NG v. 1.2.2 released on 11.04.2024 by The Exelixis Lab.
Developed by: Alexey M. Kozlov and Alexandros Stamatakis.
Contributors: Diego Darriba, Tomas Flouri, Benoit Morel, Sarah Lutteropp, Ben Bettisworth, Julia Haag, Anastasis Togkousidis.
Latest version: https://github.com/amkozlov/raxml-ng
Questions/problems/suggestions? Please visit: https://groups.google.com/forum/#!forum/raxml

System: AMD EPYC 7543P 32-Core Processor, 32 cores, 995 GB RAM

RAxML-NG was called at 24-Nov-2025 15:20:45 as follows:

raxml-ng --all --msa region_LSDV113.aln --model GTR+G --prefix LSDV113 --seed 123 --bs-metric fbp,tbe --redo

Analysis options:
  run mode: ML tree search + bootstrapping (Felsenstein Bootstrap + Transfer Bootstrap)
  start tree(s): random (10) + parsimony (10)
  bootstrap replicates: parsimony (max: 1000) + bootstopping (autoMRE, cutoff: 0.030000)
  random seed: 123
  tip-inner: OFF
  pattern compression: ON
  per-rate scalers: OFF
  site repeats: ON
  logLH epsilon: general: 10.000000, brlen-triplet: 1000.000000
  fast spr radius: AUTO
  spr subtree cutoff: 1.000000
  fast CLV updates: ON
  branch lengths: proportional (ML estimate, algorithm: NR-FAST)
  SIMD kernels: AVX2
  parallelization: coarse-grained (auto), PTHREADS (auto)

WARNING: Running in REDO mode: existing checkpoints are ignored, and all result files will be overwritten!

[00:00:00] Reading alignment from file: region_LSDV113.aln
[00:00:00] Loaded alignment with 14 taxa and 348 sites

WARNING: Sequences PV167794.1 and MW020570.1 are exactly identical!
WARNING: Sequences PV167794.1 and MN072622.1 are exactly identical!
WARNING: Sequences PV167794.1 and MN072621.1 are exactly identical!
WARNING: Sequences PV167794.1 and MN072620.1 are exactly identical!
WARNING: Sequences PV167794.1 and MH381810.1 are exactly identical!
WARNING: Sequences PV167794.1 and KC951854.1 are exactly identical!
WARNING: Sequences NC_004003.1 and KX576657.1 are exactly identical!
WARNING: Sequences NC_004003.1 and AY077836.1 are exactly identical!
WARNING: Sequences NC_004003.1 and AY077835.1 are exactly identical!
WARNING: Sequences MN072625.1 and MN072624.1 are exactly identical!
WARNING: Sequences MN072625.1 and MN072623.1 are exactly identical!
WARNING: Duplicate sequences found: 11

NOTE: Reduced alignment (with duplicates and gap-only sites/taxa removed) 
NOTE: was saved to: /mnt/lustre/RDS-live/downing/LSDV/GTPV_SPPV/results_GTPV/LSDV113.raxml.reduced.phy

Alignment comprises 1 partitions and 8 patterns

Partition 0: noname
Model: GTR+FO+G4m
Alignment sites / patterns: 348 / 8
Gaps: 0.00 %
Invariant sites: 98.85 %


NOTE: Binary MSA file created: LSDV113.raxml.rba

Parallelization scheme autoconfig: 32 worker(s) x 1 thread(s)

[00:00:00] Generating 10 random starting tree(s) with 14 taxa
[00:00:00] Generating 10 parsimony starting tree(s) with 14 taxa
Parallel parsimony with 32 threads
Parallel reduction/worker buffer size: 1 KB  / 0 KB

[00:00:00] Data distribution: max. partitions/sites/weight per thread: 1 / 8 / 128
[00:00:00] Data distribution: max. searches per worker: 33

Starting ML tree search with 20 distinct starting trees

[00:00:00] [worker #7] ML tree search #8, logLikelihood: -444.717443
[00:00:00] [worker #14] ML tree search #15, logLikelihood: -444.717444
[00:00:00] [worker #2] ML tree search #3, logLikelihood: -444.717443
[00:00:00] [worker #1] ML tree search #2, logLikelihood: -444.717441
[00:00:00] [worker #8] ML tree search #9, logLikelihood: -444.717444
[00:00:00] [worker #19] ML tree search #20, logLikelihood: -444.717444
[00:00:00] [worker #3] ML tree search #4, logLikelihood: -444.717444
[00:00:00] [worker #16] ML tree search #17, logLikelihood: -444.717442
[00:00:00] [worker #17] ML tree search #18, logLikelihood: -444.717444
[00:00:00] [worker #13] ML tree search #14, logLikelihood: -444.717444
[00:00:00] [worker #12] ML tree search #13, logLikelihood: -444.717444
[00:00:00] [worker #5] ML tree search #6, logLikelihood: -444.717443
[00:00:01] [worker #4] ML tree search #5, logLikelihood: -444.717443
[00:00:01] [worker #15] ML tree search #16, logLikelihood: -444.717444
[00:00:01] [worker #6] ML tree search #7, logLikelihood: -444.717443
[00:00:01] [worker #11] ML tree search #12, logLikelihood: -444.717444
[00:00:01] [worker #10] ML tree search #11, logLikelihood: -444.717442
[00:00:01] [worker #18] ML tree search #19, logLikelihood: -444.717444
[00:00:01] [worker #0] ML tree search #1, logLikelihood: -444.717443
[00:00:01] [worker #9] ML tree search #10, logLikelihood: -444.717441

[00:00:01] ML tree search completed, best tree logLH: -444.717441

[00:00:01] Starting bootstrapping analysis with 1000 replicates.

[00:00:01] [worker #20] Bootstrap tree #21, logLikelihood: -411.530222
[00:00:01] [worker #28] Bootstrap tree #29, logLikelihood: -426.006631
[00:00:01] [worker #25] Bootstrap tree #26, logLikelihood: -418.418243
[00:00:01] [worker #7] Bootstrap tree #8, logLikelihood: -431.369197
[00:00:01] [worker #2] Bootstrap tree #3, logLikelihood: -458.883317
[00:00:01] [worker #12] Bootstrap tree #13, logLikelihood: -433.168592
[00:00:01] [worker #30] Bootstrap tree #31, logLikelihood: -400.678257
[00:00:01] [worker #21] Bootstrap tree #22, logLikelihood: -431.304429
[00:00:01] [worker #22] Bootstrap tree #23, logLikelihood: -445.536087
[00:00:01] [worker #10] Bootstrap tree #11, logLikelihood: -429.167752
[00:00:01] [worker #19] Bootstrap tree #20, logLikelihood: -433.285453
Bootstrap tree #30, logLikelihood: -446.947690
[00:00:01] [worker #3] Bootstrap tree #4, logLikelihood: -430.043300
[00:00:01] [worker #1] Bootstrap tree #2, logLikelihood: -451.830730
[worker #9] Bootstrap tree #10, logLikelihood: -457.020863
[00:00:01] [worker #17] Bootstrap tree #18, logLikelihood: -455.340469
[00:00:01] [worker #23] Bootstrap tree #24, logLikelihood: -436.784588
[[00:00:01] [worker #18] Bootstrap tree #09, logLikelihood: :00:01] [worker #6] Bootstrap tree #7, logLikelihood: -419.304600
[[00:00:01] [worker #18] Bootstrap tree #09, logLikelihood: :00:01] [worker #6] Bootstrap tree #7, logLikelihood: -419.304600
-435.414808
[00:00:01] [worker #8] Bootstrap tree #9, logLikelihood: -448.073315
[00:00:01] [worker #13] Bootstrap tree #14, logLikelihood: -456.694833
[00:00:01] [worker #5] Bootstrap tree #6, logLikelihood: -409.818079
[00:00:01] [worker #0] Bootstrap tree #1, logLikelihood: -471.955296
[00:00:01] [worker #14] Bootstrap tree #15, logLikelihood: -444.717444
[00:00:01] [worker #26] Bootstrap tree #27, logLikelihood: -440.942160
[00:00:01] [worker #16] Bootstrap tree #17, logLikelihood: -442.217859
[00:00:01] [worker #27] Bootstrap tree #28, logLikelihood: -449.485439
[00:00:01] [worker #15] Bootstrap tree #16, logLikelihood: -444.717444
[00:00:01] [worker #20] Bootstrap tree #53, logLikelihood: -435.140089
[00:00:01] [worker #4] Bootstrap tree #5, logLikelihood: -444.597942
[00:00:01] [worker #24] Bootstrap tree #25, logLikelihood: -432.393937
[00:00:01] [worker #11] Bootstrap tree #12, logLikelihood: -444.717442
[00:00:01] [worker #31] Bootstrap tree #32, logLikelihood: -435.404341
[00:00:01] [worker #2] Bootstrap tree #35, logLikelihood: -444.846275
[00:00:01] [worker #30] Bootstrap tree #63, logLikelihood: -422.703357
[00:00:01] [worker #25] Bootstrap tree #58, logLikelihood: -414.759472
[00:00:01] [worker #1] Bootstrap tree #34, logLikelihood: -453.029103
[00:00:01] [worker #12] Bootstrap tree #45, logLikelihood: -421.875718
[00:00:01] [worker #21] Bootstrap tree #54, logLikelihood: -414.762404
[00:00:01] [worker #23] Bootstrap tree #56, logLikelihood: -439.302647
[00:00:01] [worker #7] Bootstrap tree #40, logLikelihood: -437.387598
[00:00:01] [worker #19] Bootstrap tree #52, logLikelihood: -465.859752
[00:00:01] [worker #3] Bootstrap tree #36, logLikelihood: -430.532369
[00:00:01] [worker #10] Bootstrap tree #43, logLikelihood: -423.334706
[00:00:01] [worker #9] Bootstrap tree #42, logLikelihood: -444.717442
[00:00:01] [worker #5] Bootstrap tree #38, logLikelihood: -441.063666
[00:00:01] [worker #15] Bootstrap tree #48, logLikelihood: -428.614072
[00:00:01] [worker #26] Bootstrap tree #59, logLikelihood: -445.560307
[00:00:01] [worker #6] Bootstrap tree #39, logLikelihood: -424.573186
[00:00:01] [worker #16] Bootstrap tree #49, logLikelihood: -437.141767
[00:00:01] [worker #22] Bootstrap tree #55, logLikelihood: -449.283471
[00:00:01] [worker #17] Bootstrap tree #50, logLikelihood: -435.763323
[00:00:01] [worker #28] Bootstrap tree #61, logLikelihood: -448.351489
[00:00:01] [worker #18] Bootstrap tree #51, logLikelihood: -440.045543
[00:00:01] [worker #27] Bootstrap tree #60, logLikelihood: -418.208004
[00:00:01] [worker #13] Bootstrap tree #46, logLikelihood: -421.794171
[00:00:01] [worker #0] Bootstrap tree #33, logLikelihood: -434.114703
[00:00:01] [worker #29] Bootstrap tree #62, logLikelihood: -444.717444
[00:00:01] [worker #24] Bootstrap tree #57, logLikelihood: -423.962338
[00:00:01] [worker #8] Bootstrap tree #41, logLikelihood: -444.717444
[00:00:01] [worker #31] Bootstrap tree #64, logLikelihood: -439.089007
[00:00:01] [worker #4] Bootstrap tree #37, logLikelihood: -444.720263
[00:00:01] [worker #11] Bootstrap tree #44, logLikelihood: -427.882945
[00:00:01] [worker #14] Bootstrap tree #47, logLikelihood: -444.717444
[00:00:02] [worker #1] Bootstrap tree #66, logLikelihood: -414.304262
[00:00:02] [worker #16] Bootstrap tree #81, logLikelihood: -407.353974
[00:00:02] [worker #9] Bootstrap tree #74, logLikelihood: -423.172250
[00:00:02] [worker #30] Bootstrap tree #95, logLikelihood: -450.136100
[00:00:02] [worker #2] Bootstrap tree #67, logLikelihood: -400.390863
[00:00:02] [worker #11] Bootstrap tree #76, logLikelihood: -433.697231
[00:00:02] [worker #15] Bootstrap tree #80, logLikelihood: -398.693691
[00:00:02] [worker #28] Bootstrap tree #93, logLikelihood: -455.593642
[00:00:02] [worker #6] Bootstrap tree #71, logLikelihood: -444.717442
[00:00:02] [worker #22] Bootstrap tree #87, logLikelihood: -415.257692
[00:00:02] [worker #25] Bootstrap tree #90, logLikelihood: -425.021600
[00:00:02] [worker #20] Bootstrap tree #85, logLikelihood: -453.500261
[00:00:02] [worker #18] Bootstrap tree #83, logLikelihood: -430.175075
[00:00:02] [worker #23] Bootstrap tree #88, logLikelihood: -437.219218
[00:00:02] [worker #5] Bootstrap tree #70, logLikelihood: -430.885404
[00:00:02] [worker #10] Bootstrap tree #75, logLikelihood: -444.772786
[00:00:02] [worker #12] Bootstrap tree #77, logLikelihood: -444.717444
00[:00:02] [worker #26] Bootstrap tree #91, logLikelihood: -424.420888
-428.239868
[00:00:02] [worker #3] Bootstrap tree #68, logLikelihood: -444.717444
[00:00:02] [worker #21] Bootstrap tree #86, logLikelihood: -440.475280
[00:00:02] [worker #14] Bootstrap tree #79, logLikelihood: -446.935225
[00:00:02] [worker #17] Bootstrap tree #82, logLikelihood: -436.970479
[00:00:02] [worker #29] Bootstrap tree #94, logLikelihood: -454.453060
[00:00:02] [worker #19] Bootstrap tree #84, logLikelihood: -445.276487
[00:00:02] [worker #8] Bootstrap tree #73, logLikelihood: -454.434796
[00:00:02] [worker #0] Bootstrap tree #65, logLikelihood: -434.916329
[00:00:02] [worker #27] Bootstrap tree #92, logLikelihood: -416.323715
[00:00:02] [worker #31] Bootstrap tree #96, logLikelihood: -448.254617
[00:00:02] [worker #4] Bootstrap tree #69, logLikelihood: -431.590723
[00:00:02] [worker #7] Bootstrap tree #72, logLikelihood: -444.717442
[00:00:02] [worker #16] Bootstrap tree #113, logLikelihood: -430.006132
[00:00:02] [worker #24] Bootstrap tree #89, logLikelihood: -452.422885
[00:00:02] [worker #1] Bootstrap tree #98, logLikelihood: -436.549218
[00:00:02] [worker #11] Bootstrap tree #108, logLikelihood: -437.679504
[00:00:02] [worker #22] Bootstrap tree #119, logLikelihood: -431.713152
[00:00:02] [worker #21] Bootstrap tree #118, logLikelihood: -441.116778
[00:00:02] [worker #30] Bootstrap tree #127, logLikelihood: -440.350471
[00:00:02] [worker #2] Bootstrap tree #99, logLikelihood: -446.224306
[00:00:02] [worker #25] Bootstrap tree #122, logLikelihood: -464.412265
[00:00:02] [worker #6] Bootstrap tree #103, logLikelihood: -433.649418
[00:00:02] [worker #12] Bootstrap tree #109, logLikelihood: -449.164780
[00:00:02] [worker #31] Bootstrap tree #128, logLikelihood: -418.115423
[00:00:02] [worker #3] Bootstrap tree #100, logLikelihood: -451.725351
[00:00:02] [worker #28] Bootstrap tree #125, logLikelihood: -449.313565
[00:00:02] [worker #29] Bootstrap tree #126, logLikelihood: -422.566934
[00:00:02] [worker #9] Bootstrap tree #106, logLikelihood: -451.776876
00[:00:02] [worker #10] Bootstrap tree #107, logLikelihood: -454.156367
00:00:02] [worker #15] Bootstrap tree #112, logLikelihood: -418.808155
[00:00:02] [worker #23] Bootstrap tree #120, logLikelihood: -435.548601
[00:00:02] [worker #7] Bootstrap tree #104, logLikelihood: -431.937527
[00:00:02] [worker #18] Bootstrap tree #115, logLikelihood: -474.007655
[00:00:02] [worker #20] Bootstrap tree #117, logLikelihood: -444.717442
[00:00:02] [worker #4] Bootstrap tree #101, logLikelihood: -444.717444
[00:00:02] [worker #0] Bootstrap tree #97, logLikelihood: -455.620011
[00:00:02] [worker #8] Bootstrap tree #105, logLikelihood: -427.337137
[00:00:02] [worker #24] Bootstrap tree #121, logLikelihood: -411.529743
[00:00:02] [worker #13] Bootstrap tree #110, logLikelihood: -444.717444
[00:00:02] [worker #17] Bootstrap tree #114, logLikelihood: -439.352357
[00:00:02] [worker #27] Bootstrap tree #124, logLikelihood: -447.085611
[[000:000:0002:] 02] [worker #14] Bootstrap tree #Bootstrap tree #111102, logLikelihood: , logLikelihood: -439.431290
[[000:000:0002:] 02] [worker #14] Bootstrap tree #Bootstrap tree #111102, logLikelihood: , logLikelihood: -439.431290

[00:00:02] [worker #19] Bootstrap tree #116, logLikelihood: -444.717444
[00:00:02] [worker #26] Bootstrap tree #123, logLikelihood: -448.312452
[00:00:03] [worker #21] Bootstrap tree #150, logLikelihood: -417.070930
[00:00:03] [worker #30] Bootstrap tree #159, logLikelihood: -427.922781
[00:00:03] [worker #9] Bootstrap tree #138, logLikelihood: -418.915912
[00:00:03] [worker #26] Bootstrap tree #155, logLikelihood: -406.241942
[00:00:03] [worker #15] Bootstrap tree #144, logLikelihood: -414.774095
[00:00:03] [worker #18] Bootstrap tree #147, logLikelihood: -444.278946
[00:00:03] [worker #27] Bootstrap tree #156, logLikelihood: -444.717444
[00:00:03] [worker #25] Bootstrap tree #154, logLikelihood: -412.767849
[00:00:03] [worker #1] Bootstrap tree #130, logLikelihood: -434.378411
[00:00:03] [worker #7] Bootstrap tree #136, logLikelihood: -404.079016
[00:00:03] [worker #3] Bootstrap tree #132, logLikelihood: -427.200807
[00:00:03] [worker #11] Bootstrap tree #140, logLikelihood: -438.125644
[00:00:03] [worker #6] Bootstrap tree #135, logLikelihood: -451.642439
[00:00:03] [worker #4] Bootstrap tree #133, logLikelihood: -440.759238
[00:00:03] [worker #16] Bootstrap tree #145, logLikelihood: -425.073072
[00:00:03] [worker #29] Bootstrap tree #158, logLikelihood: -435.222184
00[:00:03] [worker #8] Bootstrap tree #137, logLikelihood: 00:00:03] [worker #19] 
00[:00:03] [worker #8] Bootstrap tree #137, logLikelihood: 00:00:03] [worker #19] 
Bootstrap tree #148, logLikelihood: -444.717444
[00:00:03] [worker #20] Bootstrap tree #149, logLikelihood: -463.123398
[00:00:03] [worker #23] Bootstrap tree #152, logLikelihood: -457.217749
[00:00:03] [worker #31] Bootstrap tree #160, logLikelihood: -444.717444
[00:00:03] [worker #5] Bootstrap tree #134, logLikelihood: -440.744109
[00:00:03] [worker #24] Bootstrap tree #153, logLikelihood: -440.131354
[00:00:03] [worker #12] Bootstrap tree #141, logLikelihood: -447.030707
[00:00:03] [worker #28] Bootstrap tree #157, logLikelihood: -462.739170
[00:00:03] [worker #22] Bootstrap tree #151, logLikelihood: -469.352589
[00:00:03] [worker #2] Bootstrap tree #131, logLikelihood: -405.597255
[00:00:03] [worker #0] Bootstrap tree #129, logLikelihood: -440.498443
[00:00:03] [worker #21] Bootstrap tree #182, logLikelihood: -450.508407
[00:00:03] [worker #10] Bootstrap tree #139, logLikelihood: -451.056521
[00:00:03] [worker #14] Bootstrap tree #143, logLikelihood: -430.489762
[00:00:03] [worker #13] Bootstrap tree #142, logLikelihood: -447.328102
[00:00:03] [worker #17] Bootstrap tree #146, logLikelihood: -448.879844
[00:00:03] [worker #9] Bootstrap tree #170, logLikelihood: -422.330375
[00:00:03] [worker #15] Bootstrap tree #176, logLikelihood: -425.122237
[00:00:03] [worker #30] Bootstrap tree #191, logLikelihood: -437.721731
[00:00:03] [worker #3] Bootstrap tree #164, logLikelihood: -442.712315
[00:00:03] [worker #18] Bootstrap tree #179, logLikelihood: -440.867262
[00:00:03] [worker #26] Bootstrap tree #187, logLikelihood: -429.254378
[00:00:03] [worker #7] Bootstrap tree #168, logLikelihood: -446.252389
[00:00:03] [worker #6] Bootstrap tree #167, logLikelihood: -460.800498
[00:00:03] [worker #25] Bootstrap tree #186, logLikelihood: -420.812279
[00:00:03] [worker #1] Bootstrap tree #162, logLikelihood: -432.054986
[00:00:03] [worker #4] Bootstrap tree #165, logLikelihood: -448.757836
[00:00:03] [worker #29] Bootstrap tree #190, logLikelihood: -452.862645
[00:00:03] [worker #11] Bootstrap tree #172, logLikelihood: -444.717444
[00:00:03] [worker #16] Bootstrap tree #177, logLikelihood: -466.684404
[00:00:03] [worker #23] Bootstrap tree #184, logLikelihood: -444.717444
[00:00:03] [worker #28] Bootstrap tree #189, logLikelihood: -454.342346
[00:00:03] [worker #24] Bootstrap tree #185, logLikelihood: -440.382897
[00:00:03] [worker #27] Bootstrap tree #188, logLikelihood: -444.717444
[00:00:03] [worker #19] Bootstrap tree #180, logLikelihood: -431.541888
[00:00:03] [worker #12] Bootstrap tree #173, logLikelihood: -444.717444
[00:00:03] [worker #17] Bootstrap tree #178, logLikelihood: -455.426385
[00:00:03] [worker #31] Bootstrap tree #192, logLikelihood: -432.888509
[00:00:03] [worker #22] Bootstrap tree #183, logLikelihood: -420.913794
[00:00:03] [worker #20] Bootstrap tree #181, logLikelihood: -455.805485
[00:00:03] [worker #2] Bootstrap tree #163, logLikelihood: -427.992035
00:00:03] [worker #13] Bootstrap tree #174, logLikelihood: -444.717444
[00:00:03] [worker #14] Bootstrap tree #175, logLikelihood: -420.917529
[00:00:03] [worker #8] Bootstrap tree #169, logLikelihood: -425.595859
[00:00:03] [worker #10] Bootstrap tree #171, logLikelihood: -434.517510
[00:00:03] [worker #5] Bootstrap tree #166, logLikelihood: -440.660440
[00:00:03] [worker #0] Bootstrap tree #161, logLikelihood: -439.296097
[00:00:04] [worker #25] Bootstrap tree #218, logLikelihood: -401.646487
[00:00:04] [worker #29] Bootstrap tree #222, logLikelihood: -415.588559
[00:00:04] [worker #19] Bootstrap tree #212, logLikelihood: -428.321449
[00:00:04] [worker #23] Bootstrap tree #216, logLikelihood: -443.220501
[00:00:05] [worker #6] Bootstrap tree #199, logLikelihood: -426.155590
[worker #15] Bootstrap tree #208, logLikelihood: -442.966387
[00:00:05] [worker #8] Bootstrap tree #201, logLikelihood: -411.534808
[00:00:05] [worker #10] Bootstrap tree #203, logLikelihood: -436.116625
[00:00:05] [worker #20] Bootstrap tree #213, logLikelihood: -459.392448
[00:00:05] [worker #14] Bootstrap tree #207, logLikelihood: -428.050730

[00:00:05] [worker #31] Bootstrap tree #224, logLikelihood: -447.868837
[00:00:05] [worker #2] Bootstrap tree #195, logLikelihood: -427.526078
[00:00:05] [worker #5] Bootstrap tree #198, logLikelihood: -439.829077
[00:00:05] [worker #28] Bootstrap tree #221, logLikelihood: -460.205004
[00:00:05] [worker #1] Bootstrap tree #194, logLikelihood: -441.602777
[00:00:05] [worker #17] Bootstrap tree #210, logLikelihood: -444.717442
[00:00:05] [worker #7] Bootstrap tree #200, logLikelihood: -438.487316
[00:00:05] [worker #4] Bootstrap tree #197, logLikelihood: -446.534483
[00:00:05] [worker #3] Bootstrap tree #196, logLikelihood: -410.243485
[00:00:05] [worker #27] Bootstrap tree #220, logLikelihood: -444.717442
[00:00:05] [worker #11] Bootstrap tree #204, logLikelihood: -421.354972
[00:00:05] [worker #22] Bootstrap tree #215, logLikelihood: -446.702795
[00:00:05] [worker #24] Bootstrap tree #217, logLikelihood: -438.619604
[00:00:05] [worker #29] Bootstrap tree #254, logLikelihood: -419.968126
[00:00:05] [worker #21] Bootstrap tree #214, logLikelihood: -435.411670
[00:00:05] [worker #26] Bootstrap tree #219, logLikelihood: -444.717444
[00:00:05] [worker #0] Bootstrap tree #193, logLikelihood: -433.348757
[00:00:05] [worker #18] Bootstrap tree #211, logLikelihood: -436.911883
[00:00:05] [worker #25] Bootstrap tree #250, logLikelihood: -416.137545
[00:00:05] [worker #30] Bootstrap tree #223, logLikelihood: -444.717444
[00:00:05] [worker #12] Bootstrap tree #205, logLikelihood: -448.126197
[00:00:05] [worker #9] Bootstrap tree #202, logLikelihood: -437.997758
[00:00:05] [worker #16] Bootstrap tree #209, logLikelihood: -444.717442
[00:00:05] [worker #15] Bootstrap tree #240, logLikelihood: -399.463452
[00:00:05] [worker #23] Bootstrap tree #248, logLikelihood: -443.412998
[00:00:05] [worker #19] Bootstrap tree #244, logLikelihood: -430.998078
[00:00:05] [worker #10] Bootstrap tree #235, logLikelihood: -444.717442
[00:00:05] [worker #2] Bootstrap tree #227, logLikelihood: -453.589941
[00:00:05] [worker #6] Bootstrap tree #231, logLikelihood: -423.035384
[00:00:05] [worker #20] Bootstrap tree #245, logLikelihood: -437.274067
[00:00:05] [worker #4] Bootstrap tree #229, logLikelihood: -451.576428
[00:00:05] [worker #5] Bootstrap tree #230, logLikelihood: -449.483780
[00:00:05] [worker #8] Bootstrap tree #233, logLikelihood: -432.697072
[00:00:05] [worker #21] Bootstrap tree #246, logLikelihood: -446.375607
[00:00:05] [worker #1] Bootstrap tree #226, logLikelihood: -454.808453
[00:00:05] [worker #11] Bootstrap tree #236, logLikelihood: -447.208750
[00:00:05] [worker #7] Bootstrap tree #232, logLikelihood: -444.717444
[00:00:05] [worker #22] Bootstrap tree #247, logLikelihood: -446.800678
[00:00:05] [worker #14] Bootstrap tree #239, logLikelihood: -431.373743
[00:00:05] [worker #17] Bootstrap tree #242, logLikelihood: -475.305553
[00:00:05] [worker #31] Bootstrap tree #256, logLikelihood: -443.104279
[00:00:05] [worker #13] Bootstrap tree #238, logLikelihood: -442.310654
[00:00:05] [worker #30] Bootstrap tree #255, logLikelihood: -444.717444
[00:00:05] [worker #27] Bootstrap tree #252, logLikelihood: -456.860652
[00:00:05] [worker #28] Bootstrap tree #253, logLikelihood: -413.897354
[00:00:05] [worker #3] Bootstrap tree #228, logLikelihood: -432.799621
[00:00:05] [worker #0] Bootstrap tree #225, logLikelihood: -440.236411
[00:00:05] [worker #16] Bootstrap tree #241, logLikelihood: -444.717442
[00:00:05] [worker #24] Bootstrap tree #249, logLikelihood: -444.717444
[00:00:05] [worker #18] Bootstrap tree #243, logLikelihood: -441.980658
[00:00:05] [worker #12] Bootstrap tree #237, logLikelihood: -448.646819
[00:00:05] [worker #26] Bootstrap tree #251, logLikelihood: -420.926051
[00:00:05] [worker #9] Bootstrap tree #234, logLikelihood: -444.717444
[00:00:06] [worker #31] Bootstrap tree #288, logLikelihood: -424.362642
[00:00:07] [worker #11] Bootstrap tree #268, logLikelihood: -427.806150
[00:00:07] [worker #10] Bootstrap tree #267, logLikelihood: -408.324730
[00:00:07] [worker #8] Bootstrap tree #265, logLikelihood: -437.263679
[00:00:07] [worker #5] Bootstrap tree #262, logLikelihood: -430.586660
[00:00:07] [worker #30] Bootstrap tree #287, logLikelihood: -424.444825
[00:00:07] [worker #26] Bootstrap tree #283, logLikelihood: -440.813998
[00:00:07] [worker #20] Bootstrap tree #277, logLikelihood: -446.060333
[00:00:07] [worker #24] Bootstrap tree #281, logLikelihood: -447.642676
[00:00:07] [worker #2] Bootstrap tree #259, logLikelihood: -435.839263
[00:00:07] [worker #2] Bootstrap tree #259, logLikelihood: -435.839263
[00:00:07] [worker #29] Bootstrap tree #286, logLikelihood: -476.781566
[00:00:07] [worker #23] Bootstrap tree #280, logLikelihood: -419.268639
[00:00:07] [worker #14] Bootstrap tree #271, logLikelihood: -438.763653
[00:00:07] [worker #3] Bootstrap tree #260, logLikelihood: -440.010045
[00:00:07] [worker #4] Bootstrap tree #261, logLikelihood: -451.854000
[00:00:07] [worker #25] Bootstrap tree #282, logLikelihood: -436.925947
[00:00:07] [worker #15] Bootstrap tree #272, logLikelihood: -431.868623
[00:00:07] [worker #6] Bootstrap tree #263, logLikelihood: -444.717444
[00:00:07] [worker #7] Bootstrap tree #264, logLikelihood: -424.602189
[00:00:07] [worker #21] Bootstrap tree #278, logLikelihood: -444.717442
[00:00:07] [worker #22] Bootstrap tree #279, logLikelihood: -434.839551
[00:00:07] [worker #18] Bootstrap tree #275, logLikelihood: -445.729964
[00:00:07] [worker #13] Bootstrap tree #270, logLikelihood: -441.682770
[00:00:07] [worker #28] Bootstrap tree #285, logLikelihood: -432.757805
[00:00:07] [worker #16] Bootstrap tree #273, logLikelihood: -426.999990
[00:00:07] [worker #12] Bootstrap tree #269, logLikelihood: -457.286780
[00:00:07] [worker #17] Bootstrap tree #274, logLikelihood: -425.226763
[00:00:07] [worker #0] Bootstrap tree #257, logLikelihood: -409.636633
[00:00:07] [worker #19] Bootstrap tree #276, logLikelihood: -444.717444
[00:00:07] [worker #9] Bootstrap tree #266, logLikelihood: -444.717442
[00:00:07] [worker #27] Bootstrap tree #284, logLikelihood: -443.277072
[00:00:07] [worker #1] Bootstrap tree #258, logLikelihood: -465.287680
[00:00:07] [worker #10] Bootstrap tree #299, logLikelihood: -455.648794
[00:00:07] [worker #5] Bootstrap tree #294, logLikelihood: -444.717444
[00:00:07] [worker #31] Bootstrap tree #320, logLikelihood: -428.488089
[00:00:07] [worker #8] Bootstrap tree #297, logLikelihood: -449.389742
[00:00:07] [worker #2] Bootstrap tree #291, logLikelihood: -427.269258
[00:00:07] [worker #25] Bootstrap tree #314, logLikelihood: -451.071511
[00:00:07] [worker #11] Bootstrap tree #300, logLikelihood: -451.660943
[00:00:07] [worker #23] Bootstrap tree #312, logLikelihood: -433.196975
[00:00:07] [worker #29] Bootstrap tree #318, logLikelihood: -428.750465
[00:00:07] [worker #30] Bootstrap tree #319, logLikelihood: -458.721886
[00:00:07] [worker #9] Bootstrap tree #298, logLikelihood: -437.188231
[00:00:07] [worker #14] Bootstrap tree #303, logLikelihood: -411.842271
[00:00:07] [worker #20] Bootstrap tree #309, logLikelihood: -440.034306
[00:00:07] [worker #7] Bootstrap tree #296, logLikelihood: -444.717444
[00:00:07] [worker #22] Bootstrap tree #311, logLikelihood: -432.911586
[00:00:07] [worker #24] Bootstrap tree #313, logLikelihood: -457.804399
[00:00:07] [worker #6] Bootstrap tree #295, logLikelihood: -430.813683
[00:00:07] [worker #21] Bootstrap tree #310, logLikelihood: -432.254375
[00:00:07] [worker #3] Bootstrap tree #292, logLikelihood: -444.717444
[00:00:07] [worker #4] Bootstrap tree #293, logLikelihood: -414.512016
[00:00:07] [worker #4] Bootstrap tree #293, logLikelihood: -414.512016
[00:00:07] [worker #26] Bootstrap tree #315, logLikelihood: -420.540219
[00:00:07] [worker #15] Bootstrap tree #304, logLikelihood: -426.855247
[00:00:07] [worker #28] Bootstrap tree #317, logLikelihood: -444.717442
[00:00:07] [worker #18] Bootstrap tree #307, logLikelihood: -458.161825
[00:00:07] [worker #0] Bootstrap tree #289, logLikelihood: -424.236444
[[00:00:07] [worker #12] Bootstrap tree #301, logLikelihood: 00:00:07] 

[00:00:07] [worker #27] Bootstrap tree #316, logLikelihood: -452.226509
[00:00:07] [worker #17] Bootstrap tree #306, logLikelihood: -444.717444
[00:00:07] [worker #1] Bootstrap tree #290, logLikelihood: -443.620772
[00:00:07] [worker #16] Bootstrap tree #305, logLikelihood: -444.717444
[00:00:07] [worker #19] Bootstrap tree #308, logLikelihood: -420.761179
[00:00:09] [worker #5] Bootstrap tree #326, logLikelihood: -435.503199
[00:00:09] [worker #4] Bootstrap tree #325, logLikelihood: -421.572464
[00:00:09] [worker #23] Bootstrap tree #344, logLikelihood: -444.717442
[00:00:09] [worker #14] Bootstrap tree #335, logLikelihood: -464.006046
[00:00:09] [worker #6] Bootstrap tree #327, logLikelihood: -420.398477
[00:00:09] [worker #6] Bootstrap tree #327, logLikelihood: -420.398477
[00:00:09] [worker #28] Bootstrap tree #349, logLikelihood: -457.356637
[00:00:09] [worker #16] Bootstrap tree #337, logLikelihood: -441.308840

[00:00:09] [worker #24] Bootstrap tree #345, logLikelihood: -430.347323
[00:00:09] [worker #25] Bootstrap tree #346, logLikelihood: -440.602484
[00:00:09] [worker #22] Bootstrap tree #343, logLikelihood: -462.073133
[00:00:09] [worker #8] Bootstrap tree #329, logLikelihood: -433.470977
[00:00:09] [worker #26] Bootstrap tree #347, logLikelihood: -422.398653
[00:00:09] [worker #15] Bootstrap tree #336, logLikelihood: -436.057609
[00:00:09] [worker #19] Bootstrap tree #340, logLikelihood: -434.769070
[00:00:09] [worker #3] Bootstrap tree #324, logLikelihood: -453.586108
[00:00:09] [worker #20] Bootstrap tree #341, logLikelihood: -443.612499
[00:00:09] [worker #13] Bootstrap tree #334, logLikelihood: -424.109773
[00:00:09] [worker #11] Bootstrap tree #332, logLikelihood: -442.665751
[00:00:09] [worker #27] Bootstrap tree #348, logLikelihood: -444.717444
[00:00:09] [worker #1] Bootstrap tree #322, logLikelihood: -433.728814
[00:00:09] [worker #29] Bootstrap tree #350, logLikelihood: -426.465182
[00:00:09] [worker #29] Bootstrap tree #350, logLikelihood: -426.465182
[00:00:09] [worker #23] Bootstrap tree #376, logLikelihood: -453.072349
[00:00:09] [worker #9] Bootstrap tree #330, logLikelihood: -444.544833
[00:00:09] [worker #31] Bootstrap tree #352, logLikelihood: -444.717444
[00:00:09] [worker #18] Bootstrap tree #339, logLikelihood: -444.717444
[00:00:09] [worker #17] Bootstrap tree #338, logLikelihood: -424.652179
[00:00:09] [worker #7] Bootstrap tree #328, logLikelihood: -417.584472
[00:00:09] [worker #10] Bootstrap tree #331, logLikelihood: -450.389608
[00:00:09] [worker #12] Bootstrap tree #333, logLikelihood: -444.079579
[00:00:09] [worker #21] Bootstrap tree #342, logLikelihood: -430.661482
[00:00:09] [worker #14] Bootstrap tree #367, logLikelihood: -441.818846
[00:00:09] [worker #5] Bootstrap tree #358, logLikelihood: -427.704603
[00:00:09] [worker #2] Bootstrap tree #323, logLikelihood: -411.035913
[00:00:09] [worker #0] Bootstrap tree #321, logLikelihood: -466.803082
[00:00:09] [worker #15] Bootstrap tree #368, logLikelihood: -419.422347
[00:00:09] [worker #28] Bootstrap tree #381, logLikelihood: -447.610800
[00:00:09] [worker #8] Bootstrap tree #361, logLikelihood: -424.025352
[00:00:09] [worker #24] Bootstrap tree #377, logLikelihood: -417.662596
[00:00:09] [worker #4] Bootstrap tree #357, logLikelihood: -454.151350
[00:00:09] [worker #3] Bootstrap tree #356, logLikelihood: -416.503253
[00:00:09] [worker #19] Bootstrap tree #372, logLikelihood: -434.276065
[00:00:09] [worker #6] Bootstrap tree #359, logLikelihood: -432.549399
[00:00:09] [worker #22] Bootstrap tree #375, logLikelihood: -446.350972
[00:00:09] [worker #31] Bootstrap tree #384, logLikelihood: -451.797487
[00:00:09] [worker #13] Bootstrap tree #366, logLikelihood: -427.174690
[00:00:09] [worker #25] Bootstrap tree #378, logLikelihood: -444.717442
[00:00:09] [worker #18] Bootstrap tree #371, logLikelihood: -442.470496
[00:00:09] [worker #7] Bootstrap tree #360, logLikelihood: -434.646641
[00:00:09] [worker #30] Bootstrap tree #383, logLikelihood: -417.558410
[00:00:09] [worker #26] Bootstrap tree #379, logLikelihood: -444.717444
[00:00:09] [worker #11] Bootstrap tree #364, logLikelihood: -444.717444
[00:00:09] [worker #16] Bootstrap tree #369, logLikelihood: -456.895298
[00:00:09] [worker #9] Bootstrap tree #362, logLikelihood: -439.555767
[00:00:09] [worker #21] Bootstrap tree #374, logLikelihood: -461.273230
[00:00:09] [worker #17] Bootstrap tree #370, logLikelihood: -412.186670
Bootstrap tree #373, logLikelihood: -451.235223
[00:00:09] [worker #29] Bootstrap tree #382, logLikelihood: -413.838449
[00:00:09] [worker #12] Bootstrap tree #365, logLikelihood: -444.717444
[00:00:09] [worker #2] Bootstrap tree #355, logLikelihood: -437.841381
[00:00:09] [worker #1] Bootstrap tree #354, logLikelihood: -427.918222
[00:00:10] [worker #27] Bootstrap tree #380, logLikelihood: -444.717442
[00:00:10] [worker #10] Bootstrap tree #363, logLikelihood: -426.109372
[00:00:10] [worker #0] Bootstrap tree #353, logLikelihood: -444.717444
[00:00:12] [worker #1] Bootstrap tree #386, logLikelihood: -421.467347
[00:00:12] [worker #20] Bootstrap tree #405, logLikelihood: -410.273476
[00:00:12] [worker #5] Bootstrap tree #390, logLikelihood: -411.255525
[00:00:12] [worker #22] Bootstrap tree #407, logLikelihood: -402.275256
[00:00:12] [worker #3] Bootstrap tree #388, logLikelihood: -437.356597
[00:00:12] [worker #31] Bootstrap tree #416, logLikelihood: -436.195281
[00:00:12] [worker #25] Bootstrap tree #410, logLikelihood: -441.022964
[00:00:12] [worker #7] Bootstrap tree #392, logLikelihood: -451.228756
[00:00:12] [worker #6] Bootstrap tree #391, logLikelihood: [-458.7496980:

-435.185638
[00:00:12] [worker #19] Bootstrap tree #404, logLikelihood: -438.064406
[00:00:12] [worker #30] Bootstrap tree #415, logLikelihood: -453.758136
-440.515408
[00:00:12] [worker #27] Bootstrap tree #412, logLikelihood: -400.245397
[00:00:12] [worker #16] Bootstrap tree #401, logLikelihood: -444.717444
[00:00:12] [worker #29] Bootstrap tree #414, logLikelihood: -432.558616
[00:00:12] [worker #10] Bootstrap tree #395, logLikelihood: -447.685568
[00:00:12] [worker #23] Bootstrap tree #408, logLikelihood: -457.570886
[00:00:12] [worker #8] Bootstrap tree #393, logLikelihood: -443.619304
[00:00:12] [worker #4] Bootstrap tree #389, logLikelihood: -431.495308
[00:00:12] [worker #2] Bootstrap tree #387, logLikelihood: -437.689302
[00:00:12] [worker #24] Bootstrap tree #409, logLikelihood: -438.883521
[00:00:12] [worker #17] Bootstrap tree #402, logLikelihood: -428.919705
[00:00:12] [worker #13] Bootstrap tree #398, logLikelihood: -465.630002
[00:00:12] [worker #14] Bootstrap tree #399, logLikelihood: -444.717444
[00:00:12] [worker #12] Bootstrap tree #397, logLikelihood: -428.353049
[00:00:12] [worker #1] Bootstrap tree #418, logLikelihood: -438.176960
[00:00:12] [worker #11] Bootstrap tree #396, logLikelihood: -444.717442
[00:00:12] [worker #0] Bootstrap tree #385, logLikelihood: -452.563708
[00:00:12] [worker #28] Bootstrap tree #413, logLikelihood: -442.931269
[00:00:12] [worker #21] Bootstrap tree #406, logLikelihood: -464.047289
[00:00:12] [worker #20] Bootstrap tree #437, logLikelihood: -444.717444
[00:00:12] [worker #26] Bootstrap tree #411, logLikelihood: -434.787406
[00:00:12] [worker #27] Bootstrap tree #444, logLikelihood: -445.417676
[00:00:12] [worker #31] Bootstrap tree #448, logLikelihood: -438.716307
[00:00:12] [worker #5] Bootstrap tree #422, logLikelihood: -430.288531
[00:00:12] [worker #24] Bootstrap tree #441, logLikelihood: -441.234145
[00:00:12] [worker #3] Bootstrap tree #420, logLikelihood: -452.012470
[00:00:12] [worker #14] Bootstrap tree #431, logLikelihood: -445.406610
[00:00:12] [worker #9] Bootstrap tree #426, logLikelihood: -439.914682
[00:00:12] [worker #22] Bootstrap tree #439, logLikelihood: -438.624531
[00:00:12] [worker #7] Bootstrap tree #424, logLikelihood: -413.834969
[00:00:12] [worker #17] Bootstrap tree #434, logLikelihood: -446.461400
[00:00:12] [worker #16] Bootstrap tree #433, logLikelihood: -444.717444
[00:00:12] [worker #15] Bootstrap tree #432, logLikelihood: -464.904467
[00:00:12] [worker #29] Bootstrap tree #446, logLikelihood: -448.549301
[00:00:12] [worker #10] Bootstrap tree #427, logLikelihood: -442.071715
[00:00:12] [worker #2] Bootstrap tree #419, logLikelihood: -441.583352
[00:00:12] [worker #6] Bootstrap tree #423, logLikelihood: -444.717444
[00:00:12] [worker #4] Bootstrap tree #421, logLikelihood: -444.717444
[00:00:12] [worker #19] Bootstrap tree #436, logLikelihood: -441.831914
[00:00:12] [worker #30] Bootstrap tree #447, logLikelihood: -432.000269
[00:00:12] [worker #8] Bootstrap tree #425, logLikelihood: -450.134608
[00:00:12] [worker #26] Bootstrap tree #443, logLikelihood: -423.628736
[00:00:12] [worker #18] Bootstrap tree #435, logLikelihood: -443.118810
[00:00:12] [worker #13] Bootstrap tree #430, logLikelihood: -444.717442
[00:00:12] [worker #25] Bootstrap tree #442, logLikelihood: -428.655884
[00:00:12] [worker #12] Bootstrap tree #429, logLikelihood: 00:-445.34262500:12
-438.122544
[00:00:12] [worker #23] Bootstrap tree #440, logLikelihood: -428.338083
[00:00:12] [worker #28] Bootstrap tree #445, logLikelihood: -444.717444
[00:00:12] [worker #0] Bootstrap tree #417, logLikelihood: -443.314469
[00:00:12] [worker #21] Bootstrap tree #438, logLikelihood: -444.717442
[00:00:15] [worker #23] Bootstrap tree #472, logLikelihood: -421.860178
[00:00:15] [worker #6] Bootstrap tree #455, logLikelihood: -423.123585
[00:00:15] [worker #3] Bootstrap tree #452, logLikelihood: -442.282534
[00:00:15] [worker #5] Bootstrap tree #454, logLikelihood: -415.854179
[00:00:15] [worker #10] Bootstrap tree #459, logLikelihood: -447.181311
[00:00:15] [worker #20] Bootstrap tree #469, logLikelihood: -432.400502
[00:00:15] [worker #1] Bootstrap tree #450, logLikelihood: -452.574536
[00:00:15] [worker #17] Bootstrap tree #466, logLikelihood: -427.507570
[00:00:15] [worker #30] Bootstrap tree #479, logLikelihood: -450.088615
[00:00:15] [worker #24] Bootstrap tree #473, logLikelihood: -431.673977
[00:00:15] [worker #12] Bootstrap tree #461, logLikelihood: -451.323345
[00:00:15] [worker #9] Bootstrap tree #458, logLikelihood: -434.741059
[00:00:15] [worker #13] Bootstrap tree #462, logLikelihood: -405.329751
[00:00:15] [worker #21] Bootstrap tree #470, logLikelihood: -438.438906
[00:00:15] [worker #18] Bootstrap tree #467, logLikelihood: -444.717444
[00:00:15] [worker #8] Bootstrap tree #457, logLikelihood: -429.571829
[00:00:15] [worker #2] Bootstrap tree #451, logLikelihood: -431.501746
[00:00:15] [worker #4] Bootstrap tree #453, logLikelihood: -427.282532
00[:00:15:] 00:15] [worker #16] Bootstrap tree #Bootstrap tree #465471, logLikelihood: , logLikelihood: -423.106470
[0[:00:15:] 00:15] [worker #16] Bootstrap tree #Bootstrap tree #465471, logLikelihood: , logLikelihood: -423.106470
-450.698407
00:00:15] [worker #26] Bootstrap tree #475, logLikelihood: -466.535730
[00:00:15] [worker #28] Bootstrap tree #477, logLikelihood: -447.046148
[00:00:15] [worker #29] Bootstrap tree #478, logLikelihood: -423.501384
[00:00:15] [worker #14] Bootstrap tree #463, logLikelihood: -443.532470
[00:00:15] [worker #15] Bootstrap tree #464, logLikelihood: -460.131378
[00:00:15] [worker #19] Bootstrap tree #468, logLikelihood: -425.683827
-444.717444
[00:00:15] [worker #25] Bootstrap tree #474, logLikelihood: -449.143665
[00:00:15] [worker #7] Bootstrap tree #456, logLikelihood: -452.023171
[00:00:15] [worker #27] Bootstrap tree #476, logLikelihood: -424.341056
[00:00:15] [worker #11] Bootstrap tree #460, logLikelihood: -444.368427
[00:00:15] [worker #0] Bootstrap tree #449, logLikelihood: -448.314000
[00:00:15] [worker #5] Bootstrap tree #486, logLikelihood: -428.074814
[00:00:15] [worker #17] Bootstrap tree #498, logLikelihood: -458.394465
[00:00:15] [worker #13] Bootstrap tree #494, logLikelihood: -458.849955
[00:00:15] [worker #18] Bootstrap tree #499, logLikelihood: -423.562331
[00:00:15] [worker #6] Bootstrap tree #487, logLikelihood: -437.235622
[00:00:15] [worker #23] Bootstrap tree #504, logLikelihood: -429.406916
[00:00:15] [worker #3] Bootstrap tree #484, logLikelihood: -433.867398
[00:00:15] [worker #29] Bootstrap tree #510, logLikelihood: -455.706305
[00:00:15] [worker #16] Bootstrap tree #497, logLikelihood: -419.422332
[00:00:15] [worker #2] Bootstrap tree #483, logLikelihood: -458.156202
[00:00:15] [worker #10] Bootstrap tree #491, logLikelihood: -444.717442
[00:00:15] [worker #12] Bootstrap tree #493, logLikelihood: -430.577392
[00:00:15] [worker #21] Bootstrap tree #502, logLikelihood: -435.171720
[00:00:15] [worker #19] Bootstrap tree #500, logLikelihood: -444.717444
[00:00:15] [worker #20] Bootstrap tree #501, logLikelihood: -444.717444
[00:00:15] [worker #26] Bootstrap tree #507, logLikelihood: -437.472278
[00:00:15] [worker #1] Bootstrap tree #482, logLikelihood: -434.159847[
-439.036151
[00:00:15] [worker #25] Bootstrap tree #506, logLikelihood: -415.873877
[00:00:15] [worker #15] Bootstrap tree #496, logLikelihood: -456.190948
[00:00:15] [worker #31] Bootstrap tree #512, logLikelihood: -443.271577
[00:00:15] [worker #30] Bootstrap tree #511, logLikelihood: -417.254202
[00:00:15] [worker #8] Bootstrap tree #489, logLikelihood: -444.717444
[00:00:15] [worker #9] Bootstrap tree #490, logLikelihood: -451.949737
[00:00:15] [worker #27] Bootstrap tree #508, logLikelihood: -438.552096
[[[[00:00:15] [worker #24] Bootstrap tree #505, logLikelihood: -444.717444
-414.12823100
00:00:15] :00:15] [worker #11] Bootstrap treBootstrap tree #492, logLikelihood: :15, logLikelihood: -450.636031 #488, logL

00:00:15] :00:15] [worker #11] Bootstrap treBootstrap tree #492, logLikelihood: :15, logLikelihood: -450.636031 #488, logL

[00:00:15] [worker #14] Bootstrap tree #495, logLikelihood: -452.039011
[00:00:15] [worker #22] Bootstrap tree #503, logLikelihood: -428.397017
[00:00:15] [worker #0] Bootstrap tree #481, logLikelihood: -459.588512
[00:00:19] [worker #11] Bootstrap tree #524, logLikelihood: -426.982822
[00:00:19] [worker #28] Bootstrap tree #541, logLikelihood: -393.892831
[00:00:19] [worker #24] Bootstrap tree #537, logLikelihood: -428.174107
[00:00:19] [worker #12] Bootstrap tree #525, logLikelihood: -419.882496
[00:00:19] [worker #10] Bootstrap tree #523, logLikelihood: -424.574944
[00:00:19] [worker #9] Bootstrap tree #522, logLikelihood: -414.247993
[00:00:19] [worker #4] Bootstrap tree #517, logLikelihood: [00:00:19] [worker #2] Bootstrap tree #515, logLikelihood: 
[00:00:19] [worker #4] Bootstrap tree #517, logLikelihood: [00:00:19] [worker #2] Bootstrap tree #515, logLikelihood: 
-449.048246
[00:00:19] [worker #18] Bootstrap tree #531, logLikelihood: -455.436978
[00:00:19] [worker #5] Bootstrap tree #518, logLikelihood: -443.688466
[00:00:19] [worker #7] Bootstrap tree #520, logLikelihood: -439.183127
[00:00:19] [worker #21] Bootstrap tree #534, logLikelihood: -446.124064
[00:00:19] [worker #27] Bootstrap tree #540, logLikelihood: -413.505337
[00:00:19] [worker #13] Bootstrap tree #526, logLikelihood: [-434.389631

[00:00:19] [worker #23] Bootstrap tree #536, logLikelihood: -444.717444
[00:00:19] [worker #0] Bootstrap tree #513, logLikelihood: -432.854124
[00:00:19] [worker #6] Bootstrap tree #519, logLikelihood: -440.046454
[00:00:19] [worker #8] Bootstrap tree #521, logLikelihood: -444.717442
[00:00:19] [worker #25] Bootstrap tree #538, logLikelihood: -462.348258
[00:00:19] [worker #14] Bootstrap tree #527, logLikelihood: -419.719262
[00:00:19] [worker #17] Bootstrap tree #530, logLikelihood: -417.710622
[00:00:19] [worker #19] Bootstrap tree #532, logLikelihood: -444.717444
[00:00:19] [worker #31] Bootstrap tree #544, logLikelihood: -444.557056
[00:00:19] [worker #20] Bootstrap tree #533, logLikelihood: -426.482821
[00:00:19] [worker #30] Bootstrap tree #543, logLikelihood: -414.161849
[00:00:19] [worker #3] Bootstrap tree #516, logLikelihood: -442.005602
[00:00:19] [worker #1] Bootstrap tree #514, logLikelihood: -455.586397
[00:00:19] [worker #22] Bootstrap tree #535, logLikelihood: -450.790853
[00:00:19] [worker #26] Bootstrap tree #539, logLikelihood: -467.161483
[00:00:19] [worker #16] Bootstrap tree #529, logLikelihood: -426.931255
[00:00:19] [worker #29] Bootstrap tree #542, logLikelihood: -431.997270
[00:00:19] [worker #10] Bootstrap tree #555, logLikelihood: -436.482864
[00:00:19] [worker #2] Bootstrap tree #547, logLikelihood: -435.590758
[00:00:19] [worker #21] Bootstrap tree #566, logLikelihood: -447.303424
[00:00:19] [worker #23] Bootstrap tree #568, logLikelihood: -430.174801
[00:00:19] [worker #7] Bootstrap tree #552, logLikelihood: -455.603443
[00:00:19] [worker #28] Bootstrap tree #573, logLikelihood: -436.160791
[00:00:19] [worker #24] Bootstrap tree #569, logLikelihood: -444.717444
[00:00:19] [worker #27] Bootstrap tree #572, logLikelihood: -444.717444
[00:00:19] [worker #1] Bootstrap tree #546, logLikelihood: -456.522735
[00:00:19] [worker #11] Bootstrap tree #556, logLikelihood: -437.672738
[00:00:19] [worker #25] Bootstrap tree #570, logLikelihood: -436.670428
[00:00:19] [worker #9] Bootstrap tree #554, logLikelihood: -444.717442
[00:00:19] [worker #8] Bootstrap tree #553, logLikelihood: -442.369197
[00:00:19] [worker #6] Bootstrap tree #551, logLikelihood: -455.864436
[00:00:19] [worker #30] Bootstrap tree #575, logLikelihood: -465.833228
[00:00:19] [worker #17] Bootstrap tree #562, logLikelihood: [-444.02025200
[00:00:19] [worker #13] Bootstrap tree #558, logLikelihood: -444.717444
[00:00:19] [worker #12] Bootstrap tree #557, logLikelihood: -441.973830
[00:00:19] [worker #5] Bootstrap tree #550, logLikelihood: -433.454530
[00:00:19] [worker #14] Bootstrap tree #559, logLikelihood: -439.309362
[00:00:19] [worker #18] Bootstrap tree #563, logLikelihood: -433.133660
-447.737315
[00:00:19] [worker #26] Bootstrap tree #571, logLikelihood: -444.717444
[00:00:19] [worker #4] Bootstrap tree #549, logLikelihood: -439.767217
[00:00:19] [worker #3] Bootstrap tree #548, logLikelihood: -435.259740
[00:00:19] [worker #15] Bootstrap tree #560, logLikelihood: -427.115889
[00:00:19] [worker #16] Bootstrap tree #561, logLikelihood: -430.745798
[00:00:19] [worker #31] Bootstrap tree #576, logLikelihood: -416.532193
[00:00:19] [worker #29] Bootstrap tree #574, logLikelihood: -447.254841
[00:00:19] [worker #19] Bootstrap tree #564, logLikelihood: -450.335558
[00:00:19] [worker #0] Bootstrap tree #545, logLikelihood: -416.429773
[00:00:22] [worker #20] Bootstrap tree #597, logLikelihood: -454.379531
[00:00:22] [worker #12] Bootstrap tree #589, logLikelihood: -486.098734
[00:00:22] [worker #14] Bootstrap tree #591, logLikelihood: -427.320460
[00:00:22] [worker #5] Bootstrap tree #582, logLikelihood: -432.851096
[00:00:22] [worker #24] Bootstrap tree #601, logLikelihood: -422.690845
[00:00:22] [worker #3] Bootstrap tree #580, logLikelihood: -428.803374
[00:00:22] [worker #7] Bootstrap tree #584, logLikelihood: -457.100535
[00:00:22] [worker #22] Bootstrap tree #599, logLikelihood: -437.716888
[00:00:22] [worker #26] Bootstrap tree #603, logLikelihood: -460.838025
[00:00:22] [worker #18] Bootstrap tree #595, logLikelihood: -467.390674
[00:00:22] [worker #16] Bootstrap tree #593, logLikelihood: -454.187175
[00:00:22] [worker #28] Bootstrap tree #605, logLikelihood: -428.451420
00:00:22] [worker #27] Bootstrap tree #604, logLikelihood: -436.239991
[00:00:22] [worker #17] Bootstrap tree #594, logLikelihood: -428.082981
[00:00:22] [worker #29] Bootstrap tree #606, logLikelihood: -429.371498
[00:00:22] [worker #13] Bootstrap tree #590, logLikelihood: -435.333694
[00:00:22] [worker #11] Bootstrap tree #588, logLikelihood: -412.212947
[00:00:22] [worker #23] Bootstrap tree #600, logLikelihood: -446.152295
[00:00:22] [worker #19] Bootstrap tree #596, logLikelihood: -456.189202
[00:00:22] [worker #6] Bootstrap tree #583, logLikelihood: -444.717442
[00:00:22] [worker #30] Bootstrap tree #607, logLikelihood: -432.854342
[00:00:22] [worker #31] Bootstrap tree #608, logLikelihood: -432.434313
[00:00:22] [worker #10] Bootstrap tree #587, logLikelihood: -415.151219
[00:00:22] [worker #0] Bootstrap tree #577, logLikelihood: -431.179407
[00:00:22] [worker #4] Bootstrap tree #581, logLikelihood: -450.331414
[00:00:22] [worker #20] Bootstrap tree #629, logLikelihood: -434.893647
[00:00:22] [worker #15] Bootstrap tree #592, logLikelihood: -427.186366
[00:00:22] [worker #8] Bootstrap tree #585, logLikelihood: -421.901831
-444.717444
[00:00:22] [worker #9] Bootstrap tree #586, logLikelihood: -439.260647
[00:00:22] [worker #1] Bootstrap tree #578, logLikelihood: -433.584199
[00:00:22] [worker #21] Bootstrap tree #598, logLikelihood: -444.717444
[00:00:22] [worker #25] Bootstrap tree #602, logLikelihood: -444.717442
[00:00:22] [worker #14] Bootstrap tree #623, logLikelihood: -444.442338
[00:00:22] [worker #12] Bootstrap tree #621, logLikelihood: -444.964796
[00:00:22] [worker #22] Bootstrap tree #631, logLikelihood: -447.032839
[00:00:22] [worker #7] Bootstrap tree #616, logLikelihood: -460.897662
[00:00:22] [worker #16] Bootstrap tree #625, logLikelihood: -424.747805
[00:00:22] [worker #3] Bootstrap tree #612, logLikelihood: -464.081492
[00:00:22] [worker #18] Bootstrap tree #627, logLikelihood: -428.020140
[00:00:22] [worker #13] Bootstrap tree #622, logLikelihood: -454.476878
[00:00:22] [worker #17] Bootstrap tree #626, logLikelihood: -434.811675[
-426.576977
[00:00:22] [worker #11] Bootstrap tree #620, logLikelihood: -434.337320
[00:00:22] [worker #24] Bootstrap tree #633, logLikelihood: -444.026094
[00:00:22] [worker #28] Bootstrap tree #637, logLikelihood: -444.717444
[00:00:22] [worker #29] Bootstrap tree #638, logLikelihood: -438.231128
[00:00:22] [worker #21] Bootstrap tree #630, logLikelihood: -424.525301
[00:00:22] [worker #5] Bootstrap tree #614, logLikelihood: -412.553553
[00:00:22] [worker #1] Bootstrap tree #610, logLikelihood: -432.803847
[00:00:22] [worker #26] Bootstrap tree #635, logLikelihood: -434.507537
[00:00:22] [worker #31] Bootstrap tree #640, logLikelihood: -455.897165
[00:00:22] [worker #4] Bootstrap tree #613, logLikelihood: -433.025296
[00:00:22] [worker #0] Bootstrap tree #609, logLikelihood: -429.803914
[00:00:22] [worker #2] Bootstrap tree #611, logLikelihood: -444.717444
[00:00:22] [worker #27] Bootstrap tree #636, logLikelihood: -453.146617
[00:00:22] [worker #9] Bootstrap tree #618, logLikelihood: -462.470173
00:00:22] [worker #6] Bootstrap tree #615, logLikelihood: -440.816930
[00:00:22] [worker #23] Bootstrap tree #632, logLikelihood: -444.717444
[00:00:22] [worker #15] Bootstrap tree #624, logLikelihood: -431.420457
[00:00:22] [worker #19] Bootstrap tree #628, logLikelihood: -468.043323
[00:00:22] [worker #25] Bootstrap tree #634, logLikelihood: -444.717444
[00:00:22] [worker #8] Bootstrap tree #617, logLikelihood: -444.717444
[00:00:22] [worker #30] Bootstrap tree #639, logLikelihood: -446.925888
[00:00:26] [worker #17] Bootstrap tree #658, logLikelihood: -423.648999
[00:00:26] [worker #21] Bootstrap tree #662, logLikelihood: -444.717444
[00:00:26] [worker #13] Bootstrap tree #654, logLikelihood: -433.299828
[00:00:26] [worker #10] Bootstrap tree #651, logLikelihood: -467.418110
[00:00:26] [worker #2] Bootstrap tree #643, logLikelihood: -434.718836
[00:00:26] [worker #12] Bootstrap tree #653, logLikelihood: -442.635755
[00:00:26] [worker #15] Bootstrap tree #656, logLikelihood: -413.263794
[00:00:26] [worker #6] Bootstrap tree #647, logLikelihood: -433.638127
[00:00:26] [worker #26] Bootstrap tree #667, logLikelihood: -413.387717
[00:00:26] [worker #19] Bootstrap tree #660, logLikelihood: -440.352146
[00:00:26] [worker #25] Bootstrap tree #666, logLikelihood: -437.739784
[00:00:26] [worker #16] Bootstrap tree #657, logLikelihood: -464.914907
[00:00:26] [worker #1] Bootstrap tree #642, logLikelihood: -408.146051
[00:00:26] [worker #29] Bootstrap tree #670, logLikelihood: -439.727903
[00:00:26] [worker #18] Bootstrap tree #659, logLikelihood: -415.077087
[00:00:26] [worker #11] Bootstrap tree #652, logLikelihood: -413.791835
[00:00:26] [worker #8] Bootstrap tree #649, logLikelihood: -467.831650
[00:00:26] [worker #9] Bootstrap tree #650, logLikelihood: -450.002045
[00:00:26] [worker #7] Bootstrap tree #648, logLikelihood: -426.850496
[00:00:26] [worker #4] Bootstrap tree #645, logLikelihood: -438.885537
[00:00:26] [worker #22] Bootstrap tree #663, logLikelihood: -444.717442
[00:00:26] [worker #27] Bootstrap tree #668, logLikelihood: -437.890051
[00:00:26] [worker #23] Bootstrap tree #664, logLikelihood: -432.656122
[00:00:26] [worker #3] Bootstrap tree #644, logLikelihood: -440.565431
[00:00:26] [worker #0] Bootstrap tree #641, logLikelihood: -421.985347
[00:00:26] [worker #31] Bootstrap tree #672, logLikelihood: -439.823947
[00:00:26] [worker #20] Bootstrap tree #661, logLikelihood: -444.717444
[00:00:26] [worker #5] Bootstrap tree #646, logLikelihood: -437.200602
[00:00:26] [worker #28] Bootstrap tree #669, logLikelihood: -433.627692
[00:00:26] [worker #14] Bootstrap tree #655, logLikelihood: -417.679079
[00:00:26] [worker #30] Bootstrap tree #671, logLikelihood: -444.717444
[00:00:26] [worker #24] Bootstrap tree #665, logLikelihood: -421.239647
[00:00:26] [worker #17] Bootstrap tree #690, logLikelihood: -428.720368
[00:00:26] [worker #15] Bootstrap tree #688, logLikelihood: -417.216948
[00:00:26] [worker #12] Bootstrap tree #685, logLikelihood: -438.599692
[00:00:26] [worker #4] Bootstrap tree #677, logLikelihood: -419.516529
[00:00:26] [worker #6] Bootstrap tree #679, logLikelihood: [
-431.474751
[00:00:26] [worker #8] Bootstrap tree #681, logLikelihood: -450.112616[
-440.369782
[00:00:26] [worker #1] Bootstrap tree #674, logLikelihood: [00:00:26] -412.027844[worker #2] Bootstrap tree #675, logLikelihood: 
[00:00:26] [worker #1] Bootstrap tree #674, logLikelihood: [00:00:26] -412.027844[worker #2] Bootstrap tree #675, logLikelihood: 
-444.717444
[00:00:26] [worker #22] Bootstrap tree #695, logLikelihood: -457.392627
[00:00:26] [worker #26] Bootstrap tree #699, logLikelihood: -425.667976
[00:00:26] [worker #10] Bootstrap tree #683, logLikelihood: -429.862115
[00:00:26] [worker #18] Bootstrap tree #691, logLikelihood: -444.493742
[00:00:26] [worker #16] Bootstrap tree #689, logLikelihood: -459.222429
[00:00:26] [worker #29] Bootstrap tree #702, logLikelihood: -444.717444
[00:00:26] [worker #19] Bootstrap tree #692, logLikelihood: -439.424436
[00:00:26] [worker #13] Bootstrap tree #686, logLikelihood: -446.452932
[00:00:27] [worker #11] Bootstrap tree #684, logLikelihood: -418.900116
[00:00:27] [worker #21] Bootstrap tree #694, logLikelihood: -444.717444
[00:00:27] [worker #27] Bootstrap tree #700, logLikelihood: -431.589911
[00:00:27] [worker #30] Bootstrap tree #703, logLikelihood: -460.223095
[00:00:27] [worker #25] Bootstrap tree #698, logLikelihood: -431.505471
[00:00:27] [worker #3] Bootstrap tree #676, logLikelihood: -444.717442
[00:00:27] [worker #9] Bootstrap tree #682, logLikelihood: -422.854521
[00:00:27] [worker #31] Bootstrap tree #704, logLikelihood: -453.788294
[00:00:27] [worker #0] Bootstrap tree #673, logLikelihood: -444.717444
[00:00:27] [worker #23] Bootstrap tree #696, logLikelihood: -424.149789
[00:00:27] [worker #28] Bootstrap tree #701, logLikelihood: -444.717444
[00:00:27] [worker #14] Bootstrap tree #687, logLikelihood: -426.168154
[00:00:27] [worker #20] Bootstrap tree #693, logLikelihood: -444.717444
[00:00:27] [worker #24] Bootstrap tree #697, logLikelihood: -435.397891
[00:00:31] [worker #3] Bootstrap tree #708, logLikelihood: -445.618916
[00:00:31] [worker #24] Bootstrap tree #729, logLikelihood: -433.679347
[00:00:31] [worker #22] Bootstrap tree #727, logLikelihood: -432.966007
[00:00:31] [worker #5] Bootstrap tree #710, logLikelihood: -451.045696
[00:00:31] [worker #16] Bootstrap tree #721, logLikelihood: -438.149329
[00:00:31] [worker #23] Bootstrap tree #728, logLikelihood: -419.829398
[00:00:31] [worker #19] Bootstrap tree #724, logLikelihood: -430.170189
[00:00:31] [worker #26] Bootstrap tree #731, logLikelihood: -434.370356
[00:00:31] [worker #21] Bootstrap tree #726, logLikelihood: -431.886426
[00:00:31] [worker #11] Bootstrap tree #716, logLikelihood: -439.988030
[00:00:31] [worker #31] Bootstrap tree #736, logLikelihood: -443.063504
[00:00:31] [worker #15] Bootstrap tree #720, logLikelihood: -434.017562
[00:00:31] [worker #18] Bootstrap tree #723, logLikelihood: [-415.5561360:00:31
[00:00:31] [worker #18] Bootstrap tree #723, logLikelihood: [-415.5561360:00:31
[worker #10] Bootstrap tree #715, logLikelihood: -438.290212
[00:00:31] [worker #30] Bootstrap tree #735, logLikelihood: -430.795874
[00:00:31] [worker #14] Bootstrap tree #719, logLikelihood: -444.717444
[00:00:31] [worker #4] Bootstrap tree #709, logLikelihood: -442.239235
[00:00:31] [worker #9] Bootstrap tree #714, logLikelihood: -406.814517
[00:00:31] [worker #8] Bootstrap tree #713, logLikelihood: -448.783714
[00:00:31] [worker #27] Bootstrap tree #732, logLikelihood: -444.717442
[00:00:31] [worker #7] Bootstrap tree #712, logLikelihood: -444.717444
[00:00:31] [worker #25] Bootstrap tree #730, logLikelihood: -438.811814
[00:00:31] [worker #17] Bootstrap tree #722, logLikelihood: -447.101288
[00:00:31] [worker #2] Bootstrap tree #707, logLikelihood: -434.383478
[00:00:31] [worker #28] Bootstrap tree #733, logLikelihood: -444.717444
[00:00:31] [worker #1] Bootstrap tree #706, logLikelihood: -426.548656[
-405.417100
[00:00:31] [worker #12] Bootstrap tree #717, logLikelihood: -444.717444
[00:00:31] [worker #6] Bootstrap tree #711, logLikelihood: -427.145215
[00:00:31] [worker #20] Bootstrap tree #725, logLikelihood: -434.456174
[00:00:31] [worker #13] Bootstrap tree #718, logLikelihood: -443.044162
[00:00:31] [worker #3] Bootstrap tree #740, logLikelihood: -444.717444
[00:00:31] [worker #0] Bootstrap tree #705, logLikelihood: -444.717442
[00:00:31] [worker #5] Bootstrap tree #742, logLikelihood: -426.033771
[00:00:31] [worker #19] Bootstrap tree #756, logLikelihood: -456.946842
[00:00:31] [worker #24] Bootstrap tree #761, logLikelihood: -426.844682
[00:00:31] [worker #22] Bootstrap tree #759, logLikelihood: -432.352076
[00:00:31] [worker #23] Bootstrap tree #760, logLikelihood: -415.313711
[00:00:31] [worker #31] Bootstrap tree #768, logLikelihood: -423.468114
[00:00:31] [worker #26] Bootstrap tree #763, logLikelihood: -411.374906
[00:00:31] [worker #4] Bootstrap tree #741, logLikelihood: -449.028173
[00:00:31] [worker #10] Bootstrap tree #747, logLikelihood: -424.102576
[00:00:31] [worker #16] Bootstrap tree #753, logLikelihood: -453.490534
[00:00:31] [worker #11] Bootstrap tree #748, logLikelihood: -444.717442
[00:00:31] [worker #18] Bootstrap tree #755, logLikelihood: -427.372931
[00:00:31] [worker #21] Bootstrap tree #758, logLikelihood: -449.919735
[00:00:31] [worker #28] Bootstrap tree #765, logLikelihood: -414.906147
[00:00:31] [worker #2] Bootstrap tree #739, logLikelihood: -456.245192
[00:00:31] [worker #12] Bootstrap tree #749, logLikelihood: -424.500284
[00:00:31] [worker #6] Bootstrap tree #743, logLikelihood: -417.998699
[00:00:31] [worker #8] Bootstrap tree #745, logLikelihood: -441.183291
[00:00:31] [worker #14] Bootstrap tree #751, logLikelihood: -444.717444
[00:00:31] [worker #15] Bootstrap tree #752, logLikelihood: -414.040314
[00:00:31] [worker #13] Bootstrap tree #750, logLikelihood: -438.602499
[00:00:31] [worker #20] Bootstrap tree #757, logLikelihood: -426.569804
[00:00:31] [worker #27] Bootstrap tree #764, logLikelihood: -437.006707
[00:00:31] [worker #9] Bootstrap tree #746, logLikelihood: -444.717444
[00:00:31] [worker #25] Bootstrap tree #762, logLikelihood: -446.204262
[00:00:31] [worker #7] Bootstrap tree #744, logLikelihood: -445.475557
[00:00:31] [worker #1] Bootstrap tree #738, logLikelihood: -454.116403
[00:00:31] [worker #0] Bootstrap tree #737, logLikelihood: -444.717444
[00:00:31] [worker #17] Bootstrap tree #754, logLikelihood: -437.239148
[00:00:31] [worker #30] Bootstrap tree #767, logLikelihood: -444.717444
[00:00:31] [worker #29] Bootstrap tree #766, logLikelihood: -441.124233
[00:00:35] [worker #18] Bootstrap tree #787, logLikelihood: -432.161555
[00:00:35] [worker #20] Bootstrap tree #789, logLikelihood: -405.238407
[00:00:35] [worker #5] Bootstrap tree #774, logLikelihood: -430.169898
[00:00:35] [worker #3] Bootstrap tree #772, logLikelihood: -455.684560
[00:00:35] [worker #22] Bootstrap tree #791, logLikelihood: -444.717444
[00:00:35] [worker #6] Bootstrap tree #775, logLikelihood: -438.636568
[00:00:35] [worker #29] Bootstrap tree #798, logLikelihood: -435.001626
[00:00:35] [worker #11] Bootstrap tree #780, logLikelihood: -447.121392
[00:00:35] [worker #15] Bootstrap tree #784, logLikelihood: -415.122843
[00:00:35] [worker #12] Bootstrap tree #781, logLikelihood: -427.607961
[00:00:35] [worker #8] Bootstrap tree #777, logLikelihood: -450.627505
[00:00:35] [worker #21] Bootstrap tree #790, logLikelihood: -428.511215
[00:00:35] [worker #17] Bootstrap tree #786, logLikelihood: -463.751491
[00:00:35] [worker #2] Bootstrap tree #771, logLikelihood: -444.717444
[00:00:35] [worker #30] Bootstrap tree #799, logLikelihood: -451.225884
[00:00:35] [worker #7] Bootstrap tree #776, logLikelihood: -429.524003
[00:00:35] [worker #9] Bootstrap tree #778, logLikelihood: -433.931875
[00:00:35] [worker #24] Bootstrap tree #793, logLikelihood: -456.402517
[00:00:35] [worker #16] Bootstrap tree #785, logLikelihood: -457.620083
[00:00:35] [worker #23] Bootstrap tree #792, logLikelihood: -419.391720
[00:00:35] [worker #31] Bootstrap tree #800, logLikelihood: -433.395219
[00:00:35] [worker #25] Bootstrap tree #794, logLikelihood: -450.374679
[00:00:35] [worker #10] Bootstrap tree #779, logLikelihood: -428.532961
[00:00:36] [worker #26] Bootstrap tree #795, logLikelihood: -403.784930
[00:00:36] [worker #27] Bootstrap tree #796, logLikelihood: -442.405760
[00:00:36] [worker #28] Bootstrap tree #797, logLikelihood: -445.682451
[00:00:36] [worker #19] Bootstrap tree #788, logLikelihood: -424.011305
[00:00:36] [worker #13] Bootstrap tree #782, logLikelihood: -465.438743
[00:00:36] [worker #18] Bootstrap tree #819, logLikelihood: -456.559275
[00:00:36] [worker #1] Bootstrap tree #770, logLikelihood: -425.479911
[00:00:36] [worker #14] Bootstrap tree #783, logLikelihood: -443.856626
[00:00:36] [worker #4] Bootstrap tree #773, logLikelihood: -456.063650
[00:00:36] [worker #21] Bootstrap tree #822, logLikelihood: -409.445450
[00:00:36] [worker #12] Bootstrap tree #813, logLikelihood: -448.590345
[00:00:36] [worker #20] Bootstrap tree #821, logLikelihood: -444.717444
[00:00:36] [worker #3] Bootstrap tree #804, logLikelihood: -414.868889
[00:00:36] [worker #15] Bootstrap tree #816, logLikelihood: -444.922518
[00:00:36] [worker #5] Bootstrap tree #806, logLikelihood: -448.827708
[00:00:36] [worker #0] Bootstrap tree #769, logLikelihood: -472.829333
[00:00:36] [worker #22] Bootstrap tree #823, logLikelihood: -431.329337
[00:00:36] [worker #17] Bootstrap tree #818, logLikelihood: -420.768365
[00:00:36] [worker #16] Bootstrap tree #817, logLikelihood: -442.062033
[00:00:36] [worker #24] Bootstrap tree #825, logLikelihood: -443.593358
[00:00:36] [worker #8] Bootstrap tree #809, logLikelihood: -445.246394
[00:00:36] [worker #23] Bootstrap tree #824, logLikelihood: -433.424863
[00:00:36] [worker #9] Bootstrap tree #810, logLikelihood: -441.516312
[00:00:36] [worker #29] Bootstrap tree #830, logLikelihood: -444.717444
[00:00:36] [worker #11] Bootstrap tree #812, logLikelihood: -454.286739
[00:00:36] [worker #13] Bootstrap tree #814, logLikelihood: -448.489256
[00:00:36] [worker #27] Bootstrap tree #828, logLikelihood: -437.398076
[00:00:36] [worker #30] Bootstrap tree #831, logLikelihood: -418.581144
[00:00:36] [worker #7] Bootstrap tree #808, logLikelihood: -459.804156
[00:00:36] [worker #2] Bootstrap tree #803, logLikelihood: -454.572207
[00:00:36] [worker #31] Bootstrap tree #832, logLikelihood: -490.589359
[00:00:36] [worker #6] Bootstrap tree #807, logLikelihood: -444.717442
[00:00:36] [worker #19] Bootstrap tree #820, logLikelihood: -434.340462
[00:00:36] [worker #25] Bootstrap tree #826, logLikelihood: -440.929378
[00:00:36] [worker #28] Bootstrap tree #829, logLikelihood: -424.771200
[00:00:36] [worker #26] Bootstrap tree #827, logLikelihood: -425.732265
[00:00:36] [worker #1] Bootstrap tree #802, logLikelihood: -428.765393
[00:00:36] [worker #10] Bootstrap tree #811, logLikelihood: -478.784499
[00:00:36] [worker #4] Bootstrap tree #805, logLikelihood: -405.597472
[00:00:36] [worker #14] Bootstrap tree #815, logLikelihood: -431.948943
[00:00:36] [worker #0] Bootstrap tree #801, logLikelihood: -426.118511
[00:00:41] [worker #19] Bootstrap tree #852, logLikelihood: -437.995600
[00:00:41] [worker #14] Bootstrap tree #847, logLikelihood: -407.958089
[00:00:41] [worker #16] Bootstrap tree #849, logLikelihood: -445.932670
[00:00:41] [worker #15] Bootstrap tree #848, logLikelihood: -429.685821
[00:00:41] [worker #1] Bootstrap tree #834, logLikelihood: -429.291589
[00:00:41] [worker #26] Bootstrap tree #859, logLikelihood: -419.408431
[00:00:41] [worker #30] Bootstrap tree #863, logLikelihood: -427.966692
[00:00:41] [worker #9] Bootstrap tree #842, logLikelihood: [00:00:41] [worker #6] Bootstrap tree #839, logLikelihood: -442.379248
[00:00:41] [worker #9] Bootstrap tree #842, logLikelihood: [00:00:41] [worker #6] Bootstrap tree #839, logLikelihood: -442.379248
-444.717444
[00:00:41] [worker #4] Bootstrap tree #837, logLikelihood: -459.979597
[00:00:41] [worker #11] Bootstrap tree #844, logLikelihood: -403.320114
[00:00:41] [worker #28] Bootstrap tree #861, logLikelihood: -449.723904
[00:00:41] [worker #13] Bootstrap tree #846, logLikelihood: -463.737312
[00:00:41] [worker #17] Bootstrap tree #850, logLikelihood: -434.349581
[00:00:41] [worker #31] Bootstrap tree #864, logLikelihood: -437.228546
[00:00:41] [worker #7] Bootstrap tree #840, logLikelihood: -442.673841
[00:00:41] [worker #18] Bootstrap tree #851, logLikelihood: -415.741455
[00:00:41] [worker #5] Bootstrap tree #838, logLikelihood: -438.021880
[00:00:41] [worker #20] Bootstrap tree #853, logLikelihood: -444.717444
[[00:00:41] [worker #20] Bootstrap tree #853, logLikelihood: -444.717444
[00:00:41] [worker #8] Bootstrap tree #841, logLikelihood: -421.642085
[00:00:41] [worker #29] Bootstrap tree #862, logLikelihood: -421.022904
[00:00:41] [worker #22] Bootstrap tree #855, logLikelihood: -444.308033
[00:00:41] [worker #21] Bootstrap tree #854, logLikelihood: -430.748715
[worker #25] Bootstrap tree #858, logLikelihood: -458.092505
[00:00:41] [worker #12] Bootstrap tree #845, logLikelihood: -429.491341
[00:00:41] [worker #3] Bootstrap tree #836, logLikelihood: -446.186515
[00:00:41] [worker #10] Bootstrap tree #843, logLikelihood: -435.678050
[00:00:41] [worker #0] Bootstrap tree #833, logLikelihood: -407.629313
[00:00:41] [worker #1] Bootstrap tree #866, logLikelihood: -430.131430
[00:00:41] [worker #23] Bootstrap tree #856, logLikelihood: -430.073020
[00:00:41] [worker #2] Bootstrap tree #835, logLikelihood: -423.062868
[00:00:41] [worker #16] Bootstrap tree #881, logLikelihood: -444.717444
[00:00:41] [worker #27] Bootstrap tree #860, logLikelihood: -444.717444
[00:00:41] [worker #24] Bootstrap tree #857, logLikelihood: -431.060254
[00:00:41] [worker #11] Bootstrap tree #876, logLikelihood: -441.460705
[00:00:41] [worker #14] Bootstrap tree #879, logLikelihood: -459.276802
[00:00:41] [worker #28] Bootstrap tree #893, logLikelihood: -407.813444
[00:00:41] [worker #15] Bootstrap tree #880, logLikelihood: -444.717444
[00:00:41] [worker #26] Bootstrap tree #891, logLikelihood: -422.374192
[00:00:41] [worker #19] Bootstrap tree #884, logLikelihood: -436.954301
[00:00:41] [worker #12] Bootstrap tree #877, logLikelihood: -410.569451
[00:00:41] [worker #30] Bootstrap tree #895, logLikelihood: -450.250851
[00:00:41] [worker #17] Bootstrap tree #882, logLikelihood: -445.613700
[00:00:41] [worker #6] Bootstrap tree #871, logLikelihood: -444.717444
[00:00:41] [worker #29] Bootstrap tree #894, logLikelihood: -432.760108
[00:00:41] [worker #4] Bootstrap tree #869, logLikelihood: -405.806873
[00:00:41] [worker #18] Bootstrap tree #883, logLikelihood: -444.717444
[00:00:41] [worker #9] Bootstrap tree #874, logLikelihood: -444.717444
[00:00:41] [worker #20] Bootstrap tree #885, logLikelihood: -420.155618
[00:00:41] [worker #21] Bootstrap tree #886, logLikelihood: -444.717444
[00:00:41] [worker #5] Bootstrap tree #870, logLikelihood: -451.777876
[00:00:41] [worker #10] Bootstrap tree #875, logLikelihood: -444.717444
[00:00:41] [worker #2] Bootstrap tree #867, logLikelihood: [-446.156688

[00:00:41] [worker #8] Bootstrap tree #873, logLikelihood: -459.717000
[00:00:41] [worker #3] Bootstrap tree #868, logLikelihood: -431.325481
[00:00:41] [worker #31] Bootstrap tree #896, logLikelihood: [00:00:41
[00:00:41] [worker #31] Bootstrap tree #896, logLikelihood: [00:00:41
] [worker #23] Bootstrap tree #888, logLikelihood: -449.790124
[00:00:41] [worker #22] Bootstrap tree #887, logLikelihood: -444.717442
[00:00:41] [worker #25] Bootstrap tree #890, logLikelihood: -448.218610
[00:00:41] [worker #7] Bootstrap tree #872, logLikelihood: -444.717444
[00:00:41] [worker #24] Bootstrap tree #889, logLikelihood: -455.396029
[00:00:41] [worker #27] Bootstrap tree #892, logLikelihood: -439.977749
[00:00:41] [worker #0] Bootstrap tree #865, logLikelihood: -435.559586
[00:00:46] [worker #16] Bootstrap tree #913, logLikelihood: -416.956104
[00:00:46] [worker #26] Bootstrap tree #923, logLikelihood: -426.342640
[00:00:46] [worker #6] Bootstrap tree #903, logLikelihood: -442.215268
[00:00:46] [worker #23] Bootstrap tree #920, logLikelihood: -437.710666
[00:00:46] [worker #28] Bootstrap tree #925, logLikelihood: -433.009808
[00:00:46] [worker #29] Bootstrap tree #926, logLikelihood: -436.159890
[00:00:46] [worker #20] Bootstrap tree #917, logLikelihood: -439.491728
[00:00:46] [worker #8] Bootstrap tree #905, logLikelihood: -444.717442
00[00:00:0046:] 46[worker #2] [Bootstrap tree #89900, logLikelihood: :Bootstrap tree #00924:-448.179635, logLikelihood: 46-451.532712
-441.320678
6:] 46[worker #2] [Bootstrap tree #89900, logLikelihood: :Bootstrap tree #00924:-448.179635, logLikelihood: 46-451.532712

-441.320678
[00:00:46] [worker #9] Bootstrap tree #906, logLikelihood: -445.652231
[00:00:46] [worker #21] Bootstrap tree #918, logLikelihood: -414.673354
[00:00:46] [worker #17] Bootstrap tree #914, logLikelihood: -440.135547
[00:00:46] [worker #3] Bootstrap tree #900, logLikelihood: -461.054384
[00:00:46] [worker #30] Bootstrap tree #927, logLikelihood: -457.229831
[00:00:46] [worker #25] Bootstrap tree #922, logLikelihood: -419.108395
[00:00:46] [worker #19] Bootstrap tree #916, logLikelihood: -447.310182
[00:00:46] [worker #4] Bootstrap tree #901, logLikelihood: -441.886571
[00:00:46] [worker #12] Bootstrap tree #909, logLikelihood: -442.237050
[00:00:46] [worker #1] Bootstrap tree #898, logLikelihood: -418.557083
[00:00:46] [worker #18] Bootstrap tree #915, logLikelihood: -444.717444
[00:00:46] [worker #15] Bootstrap tree #912, logLikelihood: -444.717444
[00:00:46] [worker #5] Bootstrap tree #902, logLikelihood: -444.845205
[00:00:46] [worker #11] Bootstrap tree #908, logLikelihood: -444.717442
[00:00:46] [worker #22] Bootstrap tree #919, logLikelihood: -444.717442
[00:00:46] [worker #7] Bootstrap tree #904, logLikelihood: -435.409988
[00:00:46] [worker #14] Bootstrap tree #911, logLikelihood: -435.890435
[00:00:46] [worker #13] Bootstrap tree #910, logLikelihood: -441.315183
[00:00:46] [worker #26] Bootstrap tree #955, logLikelihood: -413.165631
[00:00:46] [worker #24] Bootstrap tree #921, logLikelihood: -432.116190
[00:00:46] [worker #6] Bootstrap tree #935, logLikelihood: -446.572059
[00:00:46] [worker #20] Bootstrap tree #949, logLikelihood: -444.717442
[00:00:46] [worker #16] Bootstrap tree #945, logLikelihood: -436.938526
[00:00:46] [worker #28] Bootstrap tree #957, logLikelihood: -421.737090
, logLikelihood: -449.253894
[00:00:46] [worker #10] Bootstrap tree #907, logLikelihood: -444.717444
[00:00:46] [worker #23] Bootstrap tree #952, logLikelihood: -437.642867
[00:00:46] [worker #8] Bootstrap tree #937, logLikelihood: -424.054751
[00:00:47] [worker #30] Bootstrap tree #959, logLikelihood: -415.439076
[00:00:47] [worker #21] Bootstrap tree #950, logLikelihood: -446.487476
[00:00:47] [worker #0] Bootstrap tree #897, logLikelihood: -441.876544
[00:00:47] [worker #31] Bootstrap tree #960, logLikelihood: -442.104774
[00:00:47] [worker #17] Bootstrap tree #946, logLikelihood: -442.134494
[00:00:47] [worker #2] Bootstrap tree #931, logLikelihood: -444.717444
[00:00:47] [worker #3] Bootstrap tree #932, logLikelihood: -444.717442
[00:00:47] [worker #19] Bootstrap tree #948, logLikelihood: -444.717442
[00:00:47] [worker #5] Bootstrap tree #934, logLikelihood: -433.803776
[00:00:47] [worker #12] Bootstrap tree #941, logLikelihood: -444.717444
[00:00:47] [worker #13] Bootstrap tree #942, logLikelihood: -407.681987
[00:00:47] [worker #18] Bootstrap tree #947, logLikelihood: -446.295962
[00:00:47] [worker #25] Bootstrap tree #954, logLikelihood: -444.717442
[00:00:47] [worker #1] Bootstrap tree #930, logLikelihood: -430.722470
[00:00:47] [worker #9] Bootstrap tree #938, logLikelihood: -432.627356
[00:00:47] [worker #27] Bootstrap tree #956, logLikelihood: -439.095851
[00:00:47] [worker #15] Bootstrap tree #944, logLikelihood: -431.378785
[00:00:47] [worker #22] Bootstrap tree #951, logLikelihood: -436.740459
[00:00:47] [worker #11] Bootstrap tree #940, logLikelihood: -427.537789
[00:00:47] [worker #7] Bootstrap tree #936, logLikelihood: -444.717444
[00:00:47] [worker #14] Bootstrap tree #943, logLikelihood: -444.717442
[00:00:47] [worker #10] Bootstrap tree #939, logLikelihood: -429.559691
[00:00:47] [worker #4] Bootstrap tree #933, logLikelihood: -435.589427
[00:00:47] [worker #24] Bootstrap tree #953, logLikelihood: -461.546568
[00:00:47] [worker #0] Bootstrap tree #929, logLikelihood: -438.836795
[00:00:54] [worker #22] Bootstrap tree #983, logLikelihood: -453.352057
[00:00:54] [worker #29] Bootstrap tree #990, logLikelihood: -399.390476
[00:00:54] [worker #19] Bootstrap tree #980, logLikelihood: -426.692298
[00:00:54] [worker #13] Bootstrap tree #974, logLikelihood: -476.261856
[00:00:54] [worker #31] Bootstrap tree #992, logLikelihood: -451.162452
[00:00:54] [worker #18] [979, logLikelihood: 0:00:54] [worker #7] Bootstrap tree #968, logLikelihood: -421.267232-437.884903

[00:00:54] [worker #18] [979, logLikelihood: 0:00:54] [worker #7] Bootstrap tree #968, logLikelihood: -421.267232-437.884903
[00:00:54] [worker #20] Bootstrap tree #981, logLikelihood: -444.717444
[00:00:54] [worker #20] Bootstrap tree #981, logLikelihood: -444.717444
[00:00:54] [worker #23] Bootstrap tree #984, logLikelihood: -445.942237
[00:00:54] [worker #25] Bootstrap tree #986, logLikelihood: -438.815765
[00:00:54] [worker #17] Bootstrap tree #978, logLikelihood: -417.149299
00:00:54] [worker #28] Bootstrap tree #989, logLikelihood: -427.213183
[00:00:54] [worker #10] Bootstrap tree #971, logLikelihood: -471.187600
[00:00:54] [worker #4] Bootstrap tree #965, logLikelihood: -437.192161
[00:00:54] [worker #11] Bootstrap tree #972, logLikelihood: -425.748723
[00:00:54] [worker #14] Bootstrap tree #975, logLikelihood: -442.533457
[00:00:54] [worker #3] Bootstrap tree #964, logLikelihood: -437.800602
[00:00:54] [worker #6] Bootstrap tree #967, logLikelihood: -444.717444
[00:00:54] [worker #21] Bootstrap tree #982, logLikelihood: -443.534618
[00:00:54] [worker #30] Bootstrap tree #991, logLikelihood: -437.324176
[00:00:54] [worker #26] Bootstrap tree #987, logLikelihood: -442.645207
[00:00:54] [worker #16] Bootstrap tree #977, logLikelihood: -438.810186
[worker #5] Bootstrap tree #[966, logLikelihood: 0:00:54] -417.575722[worker #1] Bootstrap tree #962, logLikelihood: 
[00:00:54] [worker #0] Bootstrap tree #961, logLikelihood: -443.492552
[00:00:54] [worker #12] Bootstrap tree #973, logLikelihood: -444.717444
[00:00:54] [worker #8] Bootstrap tree #969, logLikelihood: -413.787607
[00:00:54] [worker #9] Bootstrap tree #970, logLikelihood: -444.717444
[00:00:54] [worker #24] Bootstrap tree #985, logLikelihood: -444.717444
[00:00:54] [worker #27] Bootstrap tree #988, logLikelihood: -444.717442
[00:00:54] [worker #15] Bootstrap tree #976, logLikelihood: -455.098752
[00:00:54] [worker #2] Bootstrap tree #963, logLikelihood: -421.183534
[00:00:54] [worker #7] Bootstrap tree #1000, logLikelihood: -435.191461
[00:00:54] [worker #1] Bootstrap tree #994, logLikelihood: -452.731769
[00:00:54] [worker #4] Bootstrap tree #997, logLikelihood: -432.428216
[00:00:54] [worker #6] Bootstrap tree #999, logLikelihood: -439.740403
[00:00:54] [worker #3] Bootstrap tree #996, logLikelihood: -432.387338
[00:00:54] [worker #5] Bootstrap tree #998, logLikelihood: -431.496758
[00:00:54] [worker #2] Bootstrap tree #995, logLikelihood: -444.717442
[00:00:54] [worker #0] Bootstrap tree #993, logLikelihood: -438.928540

Optimized model parameters:

   Partition 0: noname
   Rate heterogeneity: GAMMA (4 cats, mean),  alpha: 99.846209 (ML),  weights&rates: (0.250000,0.875813) (0.250000,0.964710) (0.250000,1.029570) (0.250000,1.129908) 
   Base frequencies (ML): 0.454010 0.094836 0.122136 0.329018 
   Substitution rates (ML): 0.936661 0.726682 0.001000 3.511480 0.001000 1.000000 


Final LogLikelihood: -444.717441

AIC score: 957.434882 / AICc score: 965.038716 / BIC score: 1088.409766
Free parameters (model + branch lengths): 34

WARNING: Best ML tree contains 9 near-zero branches!

Best ML tree with collapsed near-zero branches saved to: /mnt/lustre/RDS-live/downing/LSDV/GTPV_SPPV/results_GTPV/LSDV113.raxml.bestTreeCollapsed
Best ML tree saved to: /mnt/lustre/RDS-live/downing/LSDV/GTPV_SPPV/results_GTPV/LSDV113.raxml.bestTree
All ML trees saved to: /mnt/lustre/RDS-live/downing/LSDV/GTPV_SPPV/results_GTPV/LSDV113.raxml.mlTrees
Best ML tree with Felsenstein bootstrap (FBP) support values saved to: /mnt/lustre/RDS-live/downing/LSDV/GTPV_SPPV/results_GTPV/LSDV113.raxml.supportFBP
Best ML tree with Transfer bootstrap (TBE) support values saved to: /mnt/lustre/RDS-live/downing/LSDV/GTPV_SPPV/results_GTPV/LSDV113.raxml.supportTBE
Optimized model saved to: /mnt/lustre/RDS-live/downing/LSDV/GTPV_SPPV/results_GTPV/LSDV113.raxml.bestModel
Bootstrap trees saved to: /mnt/lustre/RDS-live/downing/LSDV/GTPV_SPPV/results_GTPV/LSDV113.raxml.bootstraps

Execution log saved to: /mnt/lustre/RDS-live/downing/LSDV/GTPV_SPPV/results_GTPV/LSDV113.raxml.log

Analysis started: 24-Nov-2025 15:20:45 / finished: 24-Nov-2025 15:21:44

Elapsed time: 58.816 seconds

