
RAxML-NG v. 1.2.2 released on 11.04.2024 by The Exelixis Lab.
Developed by: Alexey M. Kozlov and Alexandros Stamatakis.
Contributors: Diego Darriba, Tomas Flouri, Benoit Morel, Sarah Lutteropp, Ben Bettisworth, Julia Haag, Anastasis Togkousidis.
Latest version: https://github.com/amkozlov/raxml-ng
Questions/problems/suggestions? Please visit: https://groups.google.com/forum/#!forum/raxml

System: AMD EPYC 7543P 32-Core Processor, 32 cores, 995 GB RAM

RAxML-NG was called at 24-Nov-2025 13:59:06 as follows:

raxml-ng --all --msa region_LSDV007.aln --model GTR+G --prefix LSDV007 --seed 123 --bs-metric fbp,tbe --redo

Analysis options:
  run mode: ML tree search + bootstrapping (Felsenstein Bootstrap + Transfer Bootstrap)
  start tree(s): random (10) + parsimony (10)
  bootstrap replicates: parsimony (max: 1000) + bootstopping (autoMRE, cutoff: 0.030000)
  random seed: 123
  tip-inner: OFF
  pattern compression: ON
  per-rate scalers: OFF
  site repeats: ON
  logLH epsilon: general: 10.000000, brlen-triplet: 1000.000000
  fast spr radius: AUTO
  spr subtree cutoff: 1.000000
  fast CLV updates: ON
  branch lengths: proportional (ML estimate, algorithm: NR-FAST)
  SIMD kernels: AVX2
  parallelization: coarse-grained (auto), PTHREADS (auto)

WARNING: Running in REDO mode: existing checkpoints are ignored, and all result files will be overwritten!

[00:00:00] Reading alignment from file: region_LSDV007.aln
[00:00:00] Loaded alignment with 14 taxa and 1092 sites

WARNING: Sequences NC_004003.1 and KX576657.1 are exactly identical!
WARNING: Sequences NC_004003.1 and AY077836.1 are exactly identical!
WARNING: Sequences NC_004003.1 and AY077835.1 are exactly identical!
WARNING: Sequences MW020570.1 and MN072620.1 are exactly identical!
WARNING: Sequences MN072625.1 and MN072623.1 are exactly identical!
WARNING: Sequences MN072621.1 and MH381810.1 are exactly identical!
WARNING: Sequences MN072621.1 and KC951854.1 are exactly identical!
WARNING: Duplicate sequences found: 7

NOTE: Reduced alignment (with duplicates and gap-only sites/taxa removed) 
NOTE: was saved to: /mnt/lustre/RDS-live/downing/LSDV/GTPV_SPPV/results_GTPV/LSDV007.raxml.reduced.phy

Alignment comprises 1 partitions and 26 patterns

Partition 0: noname
Model: GTR+FO+G4m
Alignment sites / patterns: 1092 / 26
Gaps: 1.07 %
Invariant sites: 98.35 %


NOTE: Binary MSA file created: LSDV007.raxml.rba

Parallelization scheme autoconfig: 32 worker(s) x 1 thread(s)

[00:00:00] Generating 10 random starting tree(s) with 14 taxa
[00:00:00] Generating 10 parsimony starting tree(s) with 14 taxa
Parallel parsimony with 32 threads
Parallel reduction/worker buffer size: 1 KB  / 0 KB

[00:00:00] Data distribution: max. partitions/sites/weight per thread: 1 / 26 / 416
[00:00:00] Data distribution: max. searches per worker: 33

Starting ML tree search with 20 distinct starting trees

[00:00:00] [worker #14] ML tree search #15, logLikelihood: -1459.222806
[00:00:00] [worker #8] ML tree search #9, logLikelihood: -1458.845579
[00:00:00] [worker #17] ML tree search #18, logLikelihood: -1459.222805
[00:00:00] [worker #1] ML tree search #2, logLikelihood: -1458.845568
[00:00:00] [worker #13] ML tree search #14, logLikelihood: -1459.222794
[00:00:00] [worker #10] ML tree search #11, logLikelihood: -1459.222792
[00:00:00] [worker #11] ML tree search #12, logLikelihood: -1459.222807
[00:00:00] [worker #16] ML tree search #17, logLikelihood: -1458.845570
[00:00:00] [worker #3] ML tree search #4, logLikelihood: -1458.845581
[00:00:00] [worker #9] ML tree search #10, logLikelihood: -1458.845573
[00:00:00] [worker #19] ML tree search #20, logLikelihood: -1459.222805
[00:00:00] [worker #12] ML tree search #13, logLikelihood: -1459.222793
[00:00:00] [worker #7] ML tree search #8, logLikelihood: -1459.221743
[00:00:00] [worker #15] ML tree search #16, logLikelihood: -1458.845577
[00:00:00] [worker #2] ML tree search #3, logLikelihood: -1458.845584
[00:00:00] [worker #6] ML tree search #7, logLikelihood: -1459.221783
[00:00:00] [worker #18] ML tree search #19, logLikelihood: -1458.845572
[00:00:00] [worker #4] ML tree search #5, logLikelihood: -1458.845578
[00:00:00] [worker #5] ML tree search #6, logLikelihood: -1458.845581
[00:00:00] [worker #0] ML tree search #1, logLikelihood: -1458.845580

[00:00:00] ML tree search completed, best tree logLH: -1458.845568

[00:00:00] Starting bootstrapping analysis with 1000 replicates.

[00:00:00] [worker #17] Bootstrap tree #18, logLikelihood: -1417.218527
[00:00:00] [worker #10] Bootstrap tree #11, logLikelihood: -1446.046034
[00:00:00] [worker #30] Bootstrap tree #31, logLikelihood: -1406.159992
00:00:00] [worker #29] Bootstrap tree #30, logLikelihood: -1476.734183
[00:00:00] [worker #18] Bootstrap tree #19, logLikelihood: -1491.758076
[00:00:00] [worker #19] Bootstrap tree #20, logLikelihood: -1417.964743
[00:00:00] [worker #27] Bootstrap tree #28, logLikelihood: -1432.274753
[00:00:00] [worker #23] Bootstrap tree #24, logLikelihood: -1422.198357
[00:00:00] [worker #7] Bootstrap tree #8, logLikelihood: -1439.482917
[00:00:00] [worker #26] Bootstrap tree #27, logLikelihood: -1483.431248
[00:00:00] [worker #16] Bootstrap tree #17, logLikelihood: -1432.821824
[00:00:00] [worker #1] Bootstrap tree #2, logLikelihood: -1465.064793
[00:00:00] [worker #25] Bootstrap tree #26, logLikelihood: -1513.597979
[00:00:00] [worker #14] Bootstrap tree #15, logLikelihood: -1393.478366
[00:00:00] [worker #21] Bootstrap tree #22, logLikelihood: -1426.832315
[00:00:00] [worker #20] Bootstrap tree #21, logLikelihood: -1431.634981
[00:00:00] [worker #12] Bootstrap tree #13, logLikelihood: -1450.375543
[00:00:00] [worker #17] Bootstrap tree #50, logLikelihood: -1413.245498
[00:00:00] [worker #6] Bootstrap tree #7, logLikelihood: -1440.388588
[00:00:00] [worker #3] Bootstrap tree #4, logLikelihood: -1424.292529
[00:00:00] [worker #31] Bootstrap tree #32, logLikelihood: -1475.431926
[00:00:00] [worker #22] Bootstrap tree #23, logLikelihood: -1469.252449
[00:00:00] [worker #11] Bootstrap tree #12, logLikelihood: -1414.472411
[00:00:00] [worker #24] Bootstrap tree #25, logLikelihood: -1500.294262
[00:00:00] [worker #28] Bootstrap tree #29, logLikelihood: -1479.274276
[00:00:00] [worker #2] Bootstrap tree #3, logLikelihood: -1491.850641
[00:00:00] [worker #9] Bootstrap tree #10, logLikelihood: -1475.829647
[00:00:00] [worker #5] Bootstrap tree #6, logLikelihood: -1415.580590
[00:00:00] [worker #15] Bootstrap tree #16, logLikelihood: -1468.926682
[00:00:00] [worker #13] Bootstrap tree #14, logLikelihood: -1428.570355
[00:00:00] [worker #4] Bootstrap tree #5, logLikelihood: -1485.250511
[00:00:00] [worker #18] Bootstrap tree #51, logLikelihood: -1435.804288
[00:00:00] [worker #30] Bootstrap tree #63, logLikelihood: -1469.775098
[00:00:00] [worker #29] Bootstrap tree #62, logLikelihood: -1438.367781
[00:00:00] [worker #16] Bootstrap tree #49, logLikelihood: -1384.312325
[00:00:00] [worker #19] Bootstrap tree #52, logLikelihood: -1453.042915
[00:00:00] [worker #0] Bootstrap tree #1, logLikelihood: -1457.097192
[00:00:00] [worker #8] Bootstrap tree #9, logLikelihood: -1399.334323
[00:00:00] [worker #10] Bootstrap tree #43, logLikelihood: -1439.752181
[00:00:00] [worker #21] Bootstrap tree #54, logLikelihood: -1435.756283
[00:00:00] [worker #25] Bootstrap tree #58, logLikelihood: -1531.541259
[00:00:00] [worker #26] Bootstrap tree #59, logLikelihood: -1428.834650
[00:00:00] [worker #23] Bootstrap tree #56, logLikelihood: -1453.161749
[00:00:00] [worker #7] Bootstrap tree #40, logLikelihood: -1425.533746
[00:00:00] [worker #1] Bootstrap tree #34, logLikelihood: -1463.669396
[00:00:00] [worker #20] Bootstrap tree #53, logLikelihood: -1411.395534
[00:00:00] [worker #14] Bootstrap tree #47, logLikelihood: -1485.727062
[00:00:00] [worker #27] Bootstrap tree #60, logLikelihood: -1510.754539
[00:00:00] [worker #31] Bootstrap tree #64, logLikelihood: -1521.402371
[00:00:00] [worker #12] Bootstrap tree #45, logLikelihood: -1415.288247
[00:00:00] [worker #2] Bootstrap tree #35, logLikelihood: -1465.300409
[00:00:00] [worker #28] Bootstrap tree #61, logLikelihood: -1393.649732
[00:00:00] [worker #13] Bootstrap tree #46, logLikelihood: -1458.324383
[00:00:00] [worker #13] Bootstrap tree #46, logLikelihood: -1458.324383
[00:00:00] [worker #3] Bootstrap tree #36, logLikelihood: -1463.050539
[00:00:00] [worker #6] Bootstrap tree #39, logLikelihood: -1462.712078
[00:00:00] [worker #8] Bootstrap tree #41, logLikelihood: -1418.133115
[00:00:00] [worker #4] Bootstrap tree #37, logLikelihood: -1449.609103
[00:00:00] [worker #5] Bootstrap tree #38, logLikelihood: -1463.449274
[00:00:00] [worker #11] Bootstrap tree #44, logLikelihood: -1425.915377[
-1428.037558
[00:00:00] [worker #24] Bootstrap tree #57, logLikelihood: -1491.542801
[00:00:00] [worker #22] Bootstrap tree #55, logLikelihood: -1485.615857
[00:00:00] [worker #15] Bootstrap tree #48, logLikelihood: -1436.555330
[00:00:00] [worker #0] Bootstrap tree #33, logLikelihood: -1410.506544
[00:00:00] [worker #8] Bootstrap tree #73, logLikelihood: -1398.753186
[00:00:01] [worker #31] Bootstrap tree #96, logLikelihood: -1355.107843
[00:00:01] [worker #13] Bootstrap tree #78, logLikelihood: -1445.082921
[00:00:01] [worker #2] Bootstrap tree #67, logLikelihood: [00:00:01] [worker #30] Bootstrap tree #95, logLikelihood: -1417.784970
[00:00:01] [worker #2] Bootstrap tree #67, logLikelihood: [00:00:01] [worker #30] Bootstrap tree #95, logLikelihood: -1417.784970
-1461.703016
[00:00:01] [worker #28] Bootstrap tree #93, logLikelihood: -1461.109348
[00:00:01] [worker #26] Bootstrap tree #91, logLikelihood: -1424.447327
[00:00:01] [worker #9] Bootstrap tree #74, logLikelihood: -1434.740117
[00:00:01] [worker #17] Bootstrap tree #82, logLikelihood: -1398.927533
[00:00:01] [worker #23] Bootstrap tree #88, logLikelihood: -1416.137634
00:00:01] [worker #14] Bootstrap tree #79, logLikelihood: -1462.304353
[00:00:01] [worker #19] Bootstrap tree #84, logLikelihood: -1471.349842
[00:00:01] [worker #24] Bootstrap tree #89, logLikelihood: -1459.724493
[00:00:01] [worker #3] Bootstrap tree #68, logLikelihood: -1465.837059
[00:00:01] [worker #0] Bootstrap tree #65, logLikelihood: -1424.816159
[00:00:01] [worker #1] Bootstrap tree #66, logLikelihood: -1390.555816
[00:00:01] [worker #22] Bootstrap tree #87, logLikelihood: -1408.256535
00:01] [worker #6] Bootstrap tree #71, logLikelihood: -1457.051705
00:00:01] [worker #12] Bootstrap tree #77, logLikelihood: -1405.074363
[00:00:01] [worker #25] Bootstrap tree #90, logLikelihood: -1424.117561
[00:00:01] [worker #7] Bootstrap tree #72, logLikelihood: -1439.736199
[00:00:01] [worker #27] Bootstrap tree #92, logLikelihood: -1387.570547
[00:00:01] [worker #8] Bootstrap tree #105, logLikelihood: -1395.071617
[00:00:01] [worker #4] Bootstrap tree #69, logLikelihood: -1425.609644
[00:00:01] [worker #11] Bootstrap tree #76, logLikelihood: -1466.127916
[00:00:01] [worker #20] Bootstrap tree #85, logLikelihood: -1449.578503
[00:00:01] [worker #18] Bootstrap tree #83, logLikelihood: -1469.324938
[00:00:01] [worker #16] Bootstrap tree #81, logLikelihood: -1430.738680
[00:00:01] [worker #29] Bootstrap tree #94, logLikelihood: -1426.263555
[00:00:01] [worker #21] Bootstrap tree #86, logLikelihood: -1420.587497
[00:00:01] [worker #10] Bootstrap tree #75, logLikelihood: -1457.189158
[00:00:01] [worker #15] Bootstrap tree #80, logLikelihood: -1449.496379
[00:00:01] [worker #5] Bootstrap tree #70, logLikelihood: -1430.379996
[00:00:01] [worker #31] Bootstrap tree #128, logLikelihood: -1460.444649
[00:00:01] [worker #14] Bootstrap tree #111, logLikelihood: -1456.865525
[00:00:01] [worker #30] Bootstrap tree #127, logLikelihood: -1423.232543
[00:00:01] [worker #2] Bootstrap tree #99, logLikelihood: -1424.990796
[00:00:01] [worker #17] Bootstrap tree #114, logLikelihood: -1417.025218
[00:00:01] [worker #28] Bootstrap tree #125, logLikelihood: -1464.300286
[00:00:01] [worker #19] Bootstrap tree #116, logLikelihood: -1483.336691
[00:00:01] [worker #26] Bootstrap tree #123, logLikelihood: -1457.405181
[00:00:01] [worker #25] Bootstrap tree #122, logLikelihood: -1410.506391
-1395.332418
[00:00:01] [worker #13] Bootstrap tree #110, logLikelihood: -1431.355902
[00:00:01] [worker #6] Bootstrap tree #103, logLikelihood: -1432.550989
[00:00:01] [worker #23] Bootstrap tree #120, logLikelihood: -1423.822529
[00:00:01] [worker #1] Bootstrap tree #98, logLikelihood: -1483.541636
[00:00:01] [worker #7] Bootstrap tree #104, logLikelihood: -1457.993532
[00:00:01] [worker #24] Bootstrap tree #121, logLikelihood: -1453.773363
[00:00:01] [worker #12] Bootstrap tree #109, logLikelihood: -1504.528742
[00:00:01] [worker #3] Bootstrap tree #100, logLikelihood: -1458.630203
[00:00:01] [worker #21] Bootstrap tree #118, logLikelihood: -1455.337232
[00:00:01] [worker #29] Bootstrap tree #126, logLikelihood: -1407.814748
00[00::00:01] [worker #11] Bootstrap tree #108, logLikelihood: 00:01] [worker #18] Bootstrap tree #115, logLikelihood: 
00[00::00:01] [worker #11] Bootstrap tree #108, logLikelihood: 00:01] [worker #18] Bootstrap tree #115, logLikelihood: 
-1483.608727
[00:00:01] [worker #22] Bootstrap tree #119, logLikelihood: -1446.716528
[00:00:01] [worker #27] Bootstrap tree #124, logLikelihood: -1505.417517
[00:00:01] [worker #0] Bootstrap tree #97, logLikelihood: -1433.021498
[00:00:01] [worker #16] Bootstrap tree #113, logLikelihood: -1449.007508
[00:00:01] [worker #20] Bootstrap tree #117, logLikelihood: -1417.172895
[00:00:01] [worker #15] Bootstrap tree #112, logLikelihood: -1448.269171
[00:00:01] [worker #4] Bootstrap tree #101, logLikelihood: -1486.653691
[00:00:01] [worker #5] Bootstrap tree #102, logLikelihood: -1398.911168
[00:00:01] [worker #10] Bootstrap tree #107, logLikelihood: -1449.700035
[00:00:01] [worker #7] Bootstrap tree #136, logLikelihood: -1431.613358
[00:00:01] [worker #28] Bootstrap tree #157, logLikelihood: -1456.676798
[00:00:01] [worker #2] Bootstrap tree #131, logLikelihood: -1373.590483
[00:00:01] [worker #17] Bootstrap tree #146, logLikelihood: -1460.018116
[00:00:01] [worker #26] Bootstrap tree #155, logLikelihood: -1488.535639
[00:00:01] [worker #30] Bootstrap tree #159, logLikelihood: -1460.843092
[00:00:01] [worker #6] Bootstrap tree #135, logLikelihood: -1411.693167
[00:00:01] [worker #9] Bootstrap tree #138, logLikelihood: -1425.467514
[00:00:01] [worker #3] Bootstrap tree #132, logLikelihood: -1424.805991
[00:00:01] [worker #19] Bootstrap tree #148, logLikelihood: -1379.148974
[00:00:01] [worker #24] Bootstrap tree #153, logLikelihood: -1465.842741
[00:00:01] [worker #25] Bootstrap tree #154, logLikelihood: -1463.873159
[00:00:01] [worker #1] Bootstrap tree #130, logLikelihood: -1456.168235
[00:00:01] [worker #23] Bootstrap tree #152, logLikelihood: -1504.865223
[00:00:01] [worker #13] Bootstrap tree #142, logLikelihood: -1514.662980
[00:00:01] [worker #12] Bootstrap tree #141, logLikelihood: -1419.306524
[0[0000::0000::1] ] [worker #31] Bootstrap tree #160, logLikelihood: [worker #16] Bootstrap tree #145, logLikelihood: -1505.741610[134, logLikelihood: -1463.588340
[00:00:01] [worker #15] Bootstrap tree #144, logLikelihood: -1491.071645
[00:00:01] [worker #22] Bootstrap tree #151, logLikelihood: -1469.337258
-1437.222924
[00:00:01] [worker #20] Bootstrap tree #149, logLikelihood: -1492.483035
[00:00:01] [worker #4] Bootstrap tree #133, logLikelihood: -1460.770924
[00:00:01] [worker #14] Bootstrap tree #143, logLikelihood: -1364.711666
[00:00:01] [worker #11] Bootstrap tree #140, logLikelihood: -1497.056388
[00:00:01] [worker #18] Bootstrap tree #147, logLikelihood: -1462.737974
[00:00:01] [worker #28] Bootstrap tree #189, logLikelihood: -1379.885714
[00:00:01] [worker #8] Bootstrap tree #137, logLikelihood: -1430.797872
[00:00:01] [worker #10] Bootstrap tree #139, logLikelihood: -1487.871952
[00:00:01] [worker #29] Bootstrap tree #158, logLikelihood: -1454.733563
[00:00:01] [worker #1] Bootstrap tree #162, logLikelihood: -1440.328994
[00:00:01] [worker #30] Bootstrap tree #191, logLikelihood: -1484.611643
[00:00:01] [worker #17] Bootstrap tree #178, logLikelihood: -1487.791131
[00:00:01] [worker #3] Bootstrap tree #164, logLikelihood: -1465.683708[-1360.525199
[00:00:01] [worker #25] Bootstrap tree #186, logLikelihood: -1483.259843
[00:00:01] [worker #19] Bootstrap tree #180, logLikelihood: -1474.669986
[00:00:01] [worker #2] Bootstrap tree #163, logLikelihood: -1525.614861
[00:00:01] [worker #26] Bootstrap tree #187, logLikelihood: -1453.274710
[00:00:01] [worker #27] Bootstrap tree #156, logLikelihood: -1440.573086
[00:00:01] [worker #7] Bootstrap tree #168, logLikelihood: -1416.016155
[00:00:01] [worker #23] Bootstrap tree #184, logLikelihood: -1468.827787
[00:00:01] [worker #6] Bootstrap tree #167, logLikelihood: -1461.873344
[00:00:01] [worker #0] Bootstrap tree #129, logLikelihood: -1448.942601
[00:00:01] [worker #31] Bootstrap tree #192, logLikelihood: -1458.963914
[00:00:01] [worker #16] Bootstrap tree #177, logLikelihood: -1490.831824
[00:00:01] [worker #8] Bootstrap tree #169, logLikelihood: -1384.810349
[00:00:01] [worker #15] Bootstrap tree #176, logLikelihood: -1402.374764
[00:00:01] [worker #5] Bootstrap tree #166, logLikelihood: -1506.011077
[00:00:01] [worker #24] Bootstrap tree #185, logLikelihood: -1425.826979
[00:00:01] [worker #12] Bootstrap tree #173, logLikelihood: -1447.345056
[00:00:01] [worker #22] Bootstrap tree #183, logLikelihood: -1476.460644
[00:00:01] [worker #11] Bootstrap tree #172, logLikelihood: -1435.236757
[00:00:01] [worker #13] Bootstrap tree #174, logLikelihood: -1484.951178
[00:00:01] [worker #20] Bootstrap tree #181, logLikelihood: -1498.931059
[00:00:01] [worker #4] Bootstrap tree #165, logLikelihood: -1454.499834
[00:00:01] [worker #21] Bootstrap tree #182, logLikelihood: -1447.277216
[00:00:01] [worker #29] Bootstrap tree #190, logLikelihood: -1444.713486
[00:00:01] [worker #10] Bootstrap tree #171, logLikelihood: -1399.756490
[00:00:01] [worker #14] Bootstrap tree #175, logLikelihood: -1403.015584
[00:00:01] [worker #18] Bootstrap tree #179, logLikelihood: -1462.243473
[00:00:01] [worker #27] Bootstrap tree #188, logLikelihood: -1493.709440
[00:00:01] [worker #0] Bootstrap tree #161, logLikelihood: -1440.945982
[00:00:01] [worker #4] Bootstrap tree #197, logLikelihood: -1387.497520
[00:00:01] [worker #19] Bootstrap tree #212, logLikelihood: -1395.086644
[00:00:01] [worker #7] Bootstrap tree #200, logLikelihood: -1432.094243
[00:00:01] [worker #20] Bootstrap tree #213, logLikelihood: -1432.972338
[00:00:01] [worker #23] Bootstrap tree #216, logLikelihood: -1468.814914
[00:00:01] [worker #17] Bootstrap tree #210, logLikelihood: -1435.260498
[00:00:01] [worker #6] Bootstrap tree #199, logLikelihood: -1407.209312
[[00:00:01] [worker #30] Bootstrap tree #223, logLikelihood: 00:00:01] [worker #11] Bootstrap tree #204, logLikelihood: 
[[00:00:01] [worker #30] Bootstrap tree #223, logLikelihood: 00:00:01] [worker #11] Bootstrap tree #204, logLikelihood: 
-1457.564515
[00:00:01] [worker #5] Bootstrap tree #198, logLikelihood: 00:00:01] [worker #26] Bootstrap tree #219, logLikelihood: -1484.542440-1484.604021

[00:00:01] [worker #5] Bootstrap tree #198, logLikelihood: 00:00:01] [worker #26] Bootstrap tree #219, logLikelihood: -1484.542440-1484.604021
[00:00:01] [worker #8] Bootstrap tree #201, logLikelihood: -1483.659856
[00:00:01] [worker #15] Bootstrap tree #208, logLikelihood: -1520.044070
[00:00:01] [worker #24] Bootstrap tree #217, logLikelihood: -1429.839704
[00:00:01] [worker #13] Bootstrap tree #206, logLikelihood: -1426.372485
[00:00:01] [worker #16] Bootstrap tree #209, logLikelihood: -1437.404386
[00:00:01] [worker #28] Bootstrap tree #221, logLikelihood: -1449.180596
[00:00:01] [worker #25] Bootstrap tree #218, logLikelihood: -1438.027099
[00:00:01] [worker #22] Bootstrap tree #215, logLikelihood: -1455.645111
[00:00:01] [worker #1] Bootstrap tree #194, logLikelihood: -1441.221794
[00:00:01] [worker #9] Bootstrap tree #202, logLikelihood: -1389.812602
[00:00:01] [worker #31] Bootstrap tree #224, logLikelihood: -1436.450199
[00:00:01] [worker #21] Bootstrap tree #214, logLikelihood: -1458.146446
[00:00:01] [worker #10] Bootstrap tree #203, logLikelihood: -1518.133734
[00:00:01] [worker #14] Bootstrap tree #207, logLikelihood: -1467.980288
[00:00:01] [worker #18] Bootstrap tree #211, logLikelihood: -1390.592716
[00:00:01] [worker #12] Bootstrap tree #205, logLikelihood: -1473.152351
[00:00:01] [worker #2] Bootstrap tree #195, logLikelihood: -1438.769313
[00:00:01] [worker #29] Bootstrap tree #222, logLikelihood: -1431.763883
[00:00:02] [worker #27] Bootstrap tree #220, logLikelihood: -1472.160165
[00:00:02] [worker #3] Bootstrap tree #196, logLikelihood: -1417.996585
[00:00:02] [worker #19] Bootstrap tree #244, logLikelihood: -1450.201443
[00:00:02] [worker #7] Bootstrap tree #232, logLikelihood: -1479.152179
[00:00:02] [worker #17] Bootstrap tree #242, logLikelihood: -1398.513022
[00:00:02] [worker #5] Bootstrap tree #230, logLikelihood: -1432.956264
[00:00:02] [worker #8] Bootstrap tree #233, logLikelihood: -1492.086272
[00:00:02] [worker #15] Bootstrap tree #240, logLikelihood: -1513.617705
[00:00:02] [worker #30] Bootstrap tree #255, logLikelihood: -1380.121917
[00:00:02] [worker #6] Bootstrap tree #231, logLikelihood: -1480.675545
[00:00:02] [worker #16] Bootstrap tree #241, logLikelihood: -1449.159634
[00:00:02] [worker #23] Bootstrap tree #248, logLikelihood: -1427.583692
[00:00:02] [worker #4] Bootstrap tree #229, logLikelihood: -1467.872313
[00:00:02] [worker #11] Bootstrap tree #236, logLikelihood: -1450.200729
[00:00:02] [worker #13] Bootstrap tree #238, logLikelihood: -1486.723277
[00:00:02] [worker #20] Bootstrap tree #245, logLikelihood: -1485.725693
[00:00:02] [worker #24] Bootstrap tree #249, logLikelihood: -1526.737226
[00:00:02] [worker #0] Bootstrap tree #193, logLikelihood: -1444.020233
[00:00:02] [worker #26] Bootstrap tree #251, logLikelihood: -1434.028743
[00:00:02] [worker #25] Bootstrap tree #250, logLikelihood: -1440.888997
[00:00:02] [worker #28] Bootstrap tree #253, logLikelihood: -1434.461961
[00:00:02] [worker #14] Bootstrap tree #239, logLikelihood: -1420.462298
[00:00:02] [worker #12] Bootstrap tree #237, logLikelihood: -1434.663886
[00:00:02] [worker #27] Bootstrap tree #252, logLikelihood: -1476.831089
[00:00:02] [worker #18] Bootstrap tree #243, logLikelihood: -1468.560827
[00:00:02] [worker #29] Bootstrap tree #254, logLikelihood: -1388.490455
[00:00:02] [worker #3] Bootstrap tree #228, logLikelihood: -1413.901806
[00:00:02] [worker #2] Bootstrap tree #227, logLikelihood: -1544.106900
[00:00:02] [worker #21] Bootstrap tree #246, logLikelihood: -1414.669422
[00:00:02] [worker #10] Bootstrap tree #235, logLikelihood: -1426.870251
[00:00:02] [worker #22] Bootstrap tree #247, logLikelihood: -1476.003646
[[00:00:02] [worker #9] Bootstrap tree #234, logLikelihood: 00-1450.775411:00:02
-1457.258827
[00:00:02] [worker #31] Bootstrap tree #256, logLikelihood: -1498.537849
[00:00:02] [worker #0] Bootstrap tree #225, logLikelihood: -1471.825675
[00:00:02] [worker #8] Bootstrap tree #265, logLikelihood: -1432.764701
[00:00:02] [worker #9] Bootstrap tree #266, logLikelihood: -1339.179101
[00:00:02] [worker #16] Bootstrap tree #273, logLikelihood: -1395.251383
[00:00:02] [worker #14] Bootstrap tree #271, logLikelihood: -1453.668495
[00:00:02] [worker #7] Bootstrap tree #264, logLikelihood: -1430.006538
[00:00:02] [worker #31] Bootstrap tree #288, logLikelihood: -1441.309740
[00:00:02] [worker #15] Bootstrap tree #272, logLikelihood: -1433.030760
[00:00:02] [worker #26] Bootstrap tree #283, logLikelihood: -1472.911337
[00:00:02] [worker #11] Bootstrap tree #268, logLikelihood: -1474.587296
[00:00:02] [worker #3] Bootstrap tree #260, logLikelihood: -1423.683227
[00:00:02] [worker #28] Bootstrap tree #285, logLikelihood: [00:00:02] -1453.632296[worker #20] Bootstrap tree #277, logLikelihood: [00:00:02] [worker #28] Bootstrap tree #285, logLikelihood: [00:00:02] -1453.632296[worker #20] Bootstrap tree #277, logLikelihood: -1461.693036
[00:00:02] [worker #19] Bootstrap tree #276, logLikelihood: -1465.482984
[00:00:02] [worker #21] Bootstrap tree #278, logLikelihood: -1380.356779
[00:00:02] [worker #12] Bootstrap tree #269, logLikelihood: -1521.242012
00[00000:0002:02] [worker #4] Bootstrap tree #261, logLikelihood: -1474.471010

[00:00:02] [worker #17] Bootstrap tree #274, logLikelihood: -1502.117253
[00:00:02] [worker #23] Bootstrap tree #280, logLikelihood: -1409.355471
[00:00:02] [worker #6] Bootstrap tree #263, logLikelihood: -1508.949120
[00:00:02] [worker #27] Bootstrap tree #284, logLikelihood: -1420.118818
[00:00:02] [worker #30] Bootstrap tree #287, logLikelihood: -1437.197722
[00:00:02] [worker #24] Bootstrap tree #281, logLikelihood: -1450.109524
[00:00:02] [worker #13] Bootstrap tree #270, logLikelihood: -1433.232434
[00:00:02] [worker #5] Bootstrap tree #262, logLikelihood: -1448.070744
[00:00:02] [worker #22] Bootstrap tree #279, logLikelihood: -1457.669986
[00:00:02] [worker #2] Bootstrap tree #259, logLikelihood: -1480.152184
[00:00:02] [worker #1] Bootstrap tree #258, logLikelihood: -1488.073885
[00:00:02] [worker #29] Bootstrap tree #286, logLikelihood: -1449.589668
[00:00:02] [worker #18] Bootstrap tree #275, logLikelihood: -1450.703892
[00:00:02] [worker #10] Bootstrap tree #267, logLikelihood: -1485.653566
[00:00:02] [worker #7] Bootstrap tree #296, logLikelihood: -1422.748385
[00:00:02] [worker #0] Bootstrap tree #257, logLikelihood: -1447.156845
[00:00:02] [worker #11] Bootstrap tree #300, logLikelihood: -1425.952266
[00:00:02] [worker #14] Bootstrap tree #303, logLikelihood: -1475.431691
[00:00:02] [worker #15] Bootstrap tree #304, logLikelihood: -1430.728931
[00:00:02] [worker #20] Bootstrap tree #309, logLikelihood: -1447.685246
00[00:00:02] [worker #26] Bootstrap tree #315, logLikelihood: -1422.480150
:00:02] [worker #16] Bootstrap tree #305, logLikelihood: -1464.944916
[00:00:02] [worker #9] Bootstrap tree #298, logLikelihood: -1479.172872
[00:00:02] [worker #8] Bootstrap tree #297, logLikelihood: -1457.221358
-1401.056301
[00:00:02] [worker #31] Bootstrap tree #320, logLikelihood: -1441.517418
[00:00:02] [worker #17] Bootstrap tree #306, logLikelihood: -1417.568819
[00:00:02] [worker #13] Bootstrap tree #302, logLikelihood: -1425.482554
[00:00:02] [worker #3] Bootstrap tree #292, logLikelihood: -1472.855265
[00:00:02] [worker #28] Bootstrap tree #317, logLikelihood: -1502.172644
[00:00:02] [worker #4] Bootstrap tree #293, logLikelihood: -1411.839719
[00:00:02] [worker #24] Bootstrap tree #313, logLikelihood: -1424.327209
[00:00:02] [worker #6] Bootstrap tree #295, logLikelihood: -1438.296375
[00:00:02] [worker #5] Bootstrap tree #294, logLikelihood: -1477.724127
[00:00:02] [worker #30] Bootstrap tree #319, logLikelihood: -1450.500742
[00:00:02] [worker #12] Bootstrap tree #301, logLikelihood: -1449.190667
[00:00:02] [worker #18] Bootstrap tree #307, logLikelihood: -1466.863446
[00:00:02] [worker #21] Bootstrap tree #310, logLikelihood: -1398.769572
[00:00:02] [worker #23] Bootstrap tree #312, logLikelihood: -1452.393132
[00:00:02] [worker #27] Bootstrap tree #316, logLikelihood: -1432.094771
[00:00:02] [worker #1] Bootstrap tree #290, logLikelihood: -1453.259085
[00:00:02] [worker #2] Bootstrap tree #291, logLikelihood: -1436.505331
[00:00:02] [worker #22] Bootstrap tree #311, logLikelihood: -1405.919659
[00:00:02] [worker #25] Bootstrap tree #314, logLikelihood: -1454.301619
[00:00:02] [worker #10] Bootstrap tree #299, logLikelihood: -1450.013527
[00:00:02] [worker #29] Bootstrap tree #318, logLikelihood: -1446.355965
[00:00:02] [worker #0] Bootstrap tree #289, logLikelihood: -1418.799183
[00:00:03] [worker #6] Bootstrap tree #327, logLikelihood: -1382.683783
[00:00:03] [worker #8] Bootstrap tree #329, logLikelihood: -1449.302274
[00:00:03] [worker #11] Bootstrap tree #332, logLikelihood: -1462.416180
[00:00:03] [worker #26] Bootstrap tree #347, logLikelihood: -1422.111433
[00:00:03] [worker #23] Bootstrap tree #344, logLikelihood: -1513.199028
[00:00:03] [worker #14] Bootstrap tree #335, logLikelihood: -1402.349354
[00:00:03] [worker #5] Bootstrap tree #326, logLikelihood: -1397.862405
[00:00:03] [worker #7] Bootstrap tree #328, logLikelihood: -1429.221773
[00:00:03] [worker #16] Bootstrap tree #337, logLikelihood: -1426.216096
[00:00:03] [worker #24] Bootstrap tree #345, logLikelihood: -1520.313746
[00:00:03] [worker #17] Bootstrap tree #338, logLikelihood: -1441.822171
[00:00:03] [worker #28] Bootstrap tree #349, logLikelihood: -1400.509661
[00:00:03] [worker #30] Bootstrap tree #351, logLikelihood: -1453.187966
[00:00:03] [worker #30] Bootstrap tree #351, logLikelihood: -1453.187966
[00:00:03] [worker #19] Bootstrap tree #340, logLikelihood: -1446.817042
[00:00:03] [worker #1] Bootstrap tree #322, logLikelihood: [-1434.706971
-1436.633274
[00:00:03] [worker #29] Bootstrap tree #350, logLikelihood: -1453.450636
[00:00:03] [worker #13] Bootstrap tree #334, logLikelihood: -1443.729822
[00:00:03] [worker #25] Bootstrap tree #346, logLikelihood: -1509.427776
[00:00:03] [worker #27] Bootstrap tree #348, logLikelihood: -1406.438059
[00:00:03] [worker #21] Bootstrap tree #342, logLikelihood: -1444.958954
[00:00:03] [worker #15] Bootstrap tree #336, logLikelihood: -1447.448282
[00:00:03] [worker #3] Bootstrap tree #324, logLikelihood: -1507.249204
[00:00:03] [worker #0] Bootstrap tree #321, logLikelihood: -1405.464913
[00:00:03] [worker #12] Bootstrap tree #333, logLikelihood: -1471.540875
[00:00:03] [worker #10] Bootstrap tree #331, logLikelihood: -1417.039490
[00:00:03] [worker #31] Bootstrap tree #352, logLikelihood: -1464.712957
[00:00:03] [worker #22] Bootstrap tree #343, logLikelihood: -1435.074463
[00:00:03] [worker #18] Bootstrap tree #339, logLikelihood: -1392.754897
[00:00:03] [worker #20] Bootstrap tree #341, logLikelihood: -1411.478228
[00:00:03] [worker #4] Bootstrap tree #325, logLikelihood: -1521.289927
[00:00:03] [worker #2] Bootstrap tree #323, logLikelihood: -1469.741872
[00:00:03] [worker #11] Bootstrap tree #364, logLikelihood: -1470.108005
[00:00:03] [worker #6] Bootstrap tree #359, logLikelihood: -1397.708803
[00:00:03] [worker #14] Bootstrap tree #367, logLikelihood: -1494.480994
[00:00:03] [worker #8] Bootstrap tree #361, logLikelihood: -1475.243473
[00:00:03] [worker #30] Bootstrap tree #383, logLikelihood: -1440.831294
[00:00:03] [worker #19] Bootstrap tree #372, logLikelihood: -1460.235386
[00:00:03] [worker #16] Bootstrap tree #369, logLikelihood: -1450.954150
[00:00:03] [worker #23] Bootstrap tree #376, logLikelihood: -1471.833244
[00:00:03] [worker #5] Bootstrap tree #358, logLikelihood: -1558.980193
[00:00:03] [worker #26] Bootstrap tree #379, logLikelihood: -1442.723268
[00:00:03] [worker #17] Bootstrap tree #370, logLikelihood: -1425.294351
[00:00:03] [worker #1] Bootstrap tree #354, logLikelihood: -1409.238402
[00:00:03] [worker #28] Bootstrap tree #381, logLikelihood: -1432.153386
[00:00:03] [worker #13] Bootstrap tree #366, logLikelihood: -1408.061150
[00:00:03] [worker #9] Bootstrap tree #362, logLikelihood: -1489.087681
[00:00:03] [worker #7] Bootstrap tree #360, logLikelihood: -1556.649704
[00:00:03] [worker #24] Bootstrap tree #377, logLikelihood: -1505.192673
:00:03] [worker #15] Bootstrap tree #368, logLikelihood: -1494.773852
[00:00:03] [worker #3] Bootstrap tree #356, logLikelihood: -1435.712448
[00:00:03] [worker #27] Bootstrap tree #380, logLikelihood: -1419.803673
[00:00:03] [worker #21] Bootstrap tree #374, logLikelihood: -1445.808758
[00:00:03] [worker #12] Bootstrap tree #365, logLikelihood: -1480.967424
[00:00:03] [worker #20] Bootstrap tree #373, logLikelihood: -1433.499592[
-1478.304512
[00:00:03] [worker #22] Bootstrap tree #375, logLikelihood: -1503.211101
[00:00:03] [worker #10] Bootstrap tree #363, logLikelihood: -1406.204679
[00:00:03] [worker #29] Bootstrap tree #382, logLikelihood: -1431.383146
[00:00:03] [worker #2] Bootstrap tree #355, logLikelihood: -1491.737216
[00:00:03] [worker #25] Bootstrap tree #378, logLikelihood: -1453.900245
[00:00:03] [worker #31] Bootstrap tree #384, logLikelihood: -1444.824346
[00:00:03] [worker #0] Bootstrap tree #353, logLikelihood: -1434.908181
[00:00:03] [worker #18] Bootstrap tree #371, logLikelihood: -1434.746418
[00:00:03] [worker #31] Bootstrap tree #416, logLikelihood: -1389.036682
[00:00:03] [worker #19] Bootstrap tree #404, logLikelihood: -1402.604565
00:00:03] [worker #14] Bootstrap tree #399, logLikelihood: -1486.210330
[00:00:03] [worker #23] Bootstrap tree #408, logLikelihood: -1429.827914
-1395.085958
[00:00:03] [worker #11] Bootstrap tree #396, logLikelihood: -1417.917180
[00:00:03] [worker #8] Bootstrap tree #393, logLikelihood: -1464.186411
[00:00:03] [worker #3] Bootstrap tree #388, logLikelihood: -1533.202508
[00:00:03] [worker #5] Bootstrap tree #390, logLikelihood: -1423.463515
00:00:03] [worker #7] Bootstrap tree #392, logLikelihood: -1448.310446
[00:00:03] [worker #12] Bootstrap tree #397, logLikelihood: -1491.338744
[00:00:03] [worker #22] Bootstrap tree #407, logLikelihood: -1426.236175
[00:00:03] [worker #4] Bootstrap tree #389, logLikelihood: -1471.338669
[00:00:03] [worker #16] Bootstrap tree #401, logLikelihood: -1468.723100
[00:00:03] [worker #26] Bootstrap tree #411, logLikelihood: -1434.252663
[00:00:03] [worker #17] Bootstrap tree #402, logLikelihood: -1470.723924
[00:00:03] [worker #24] Bootstrap tree #409, logLikelihood: -1462.308831
[00:00:03] [worker #21] Bootstrap tree #406, logLikelihood: -1433.381574
[00:00:03] [worker #15] Bootstrap tree #400, logLikelihood: -1538.570336
[00:00:03] [worker #28] Bootstrap tree #413, logLikelihood: -1426.103572
-1374.791080
[00:00:03] [worker #13] Bootstrap tree #398, logLikelihood: -1416.377479
[00:00:03] [worker #20] Bootstrap tree #405, logLikelihood: -1529.023147
[00:00:03] [worker #1] Bootstrap tree #386, logLikelihood: -1437.013093
[00:00:03] [worker #30] Bootstrap tree #415, logLikelihood: -1447.774261
[00:00:03] [worker #25] Bootstrap tree #410, logLikelihood: -1488.899223
[00:00:03] [worker #6] Bootstrap tree #391, logLikelihood: -1450.618106
[00:00:03] [worker #23] Bootstrap tree #440, logLikelihood: -1441.799661
[00:00:03] [worker #29] Bootstrap tree #414, logLikelihood: -1430.205180
[00:00:03] [worker #31] Bootstrap tree #448, logLikelihood: -1493.905894
[00:00:03] [worker #5] Bootstrap tree #422, logLikelihood: -1488.519945
[00:00:03] [worker #14] Bootstrap tree #431, logLikelihood: -1410.387232
[00:00:03] [worker #19] Bootstrap tree #436, logLikelihood: -1481.244379
[00:00:03] [worker #11] Bootstrap tree #428, logLikelihood: -1477.137523
[00:00:03] [worker #8] Bootstrap tree #425, logLikelihood: -1392.376046
[00:00:03] [worker #2] Bootstrap tree #387, logLikelihood: -1435.968121
[00:00:03] [worker #10] Bootstrap tree #395, logLikelihood: -1457.594460
[00:00:03] [worker #0] Bootstrap tree #385, logLikelihood: -1463.537432
[00:00:03] [worker #18] Bootstrap tree #403, logLikelihood: -1406.149288
[00:00:03] [worker #24] Bootstrap tree #441, logLikelihood: -1390.082761
[00:00:03] [worker #12] Bootstrap tree #429, logLikelihood: -1476.491276
[00:00:03] [worker #22] Bootstrap tree #439, logLikelihood: -1371.279533
[00:00:03] [worker #3] Bootstrap tree #420, logLikelihood: -1374.994995
[00:00:03] [worker #26] Bootstrap tree #443, logLikelihood: -1481.705328
[00:00:03] [worker #7] Bootstrap tree #424, logLikelihood: -1476.830668
[00:00:03] [worker #17] Bootstrap tree #434, logLikelihood: -1525.783147
[00:00:03] [worker #16] Bootstrap tree #433, logLikelihood: -1406.373693
[00:00:03] [worker #9] Bootstrap tree #426, logLikelihood: -1492.149558
[00:00:03] [worker #15] Bootstrap tree #432, logLikelihood: -1400.683421
[00:00:03] [worker #4] Bootstrap tree #421, logLikelihood: -1466.103074
[00:00:03] [worker #6] Bootstrap tree #423, logLikelihood: -1481.965699
[00:00:03] [worker #13] Bootstrap tree #430, logLikelihood: -1456.197749
[00:00:03] [worker #20] Bootstrap tree #437, logLikelihood: -1476.449054
[00:00:03] [worker #28] Bootstrap tree #445, logLikelihood: -1512.698652
[00:00:03] [worker #27] Bootstrap tree #444, logLikelihood: -1465.894287
[00:00:03] [worker #29] Bootstrap tree #446, logLikelihood: -1501.293547
[00:00:03] [worker #25] Bootstrap tree #442, logLikelihood: -1457.155006
[00:00:03] [worker #21] Bootstrap tree #438, logLikelihood: -1451.402841
[00:00:03] [worker #30] Bootstrap tree #447, logLikelihood: -1451.635541
-1519.949639
[00:00:03] [worker #18] Bootstrap tree #435, logLikelihood: -1410.173782
[00:00:03] [worker #2] Bootstrap tree #419, logLikelihood: -1499.504198
[00:00:04] [worker #10] Bootstrap tree #427, logLikelihood: -1432.189740
[00:00:04] [worker #0] Bootstrap tree #417, logLikelihood: -1453.367569
[00:00:04] [worker #20] Bootstrap tree #469, logLikelihood: -1477.477110
[00:00:04] [worker #19] Bootstrap tree #468, logLikelihood: -1430.321257
[00:00:04] [worker #16] Bootstrap tree #465, logLikelihood: -1427.457801
[00:00:04] [worker #23] Bootstrap tree #472, logLikelihood: [-1430.319843
[00:00:04] [worker #23] Bootstrap tree #472, logLikelihood: [-1430.319843
00:00:04] [worker #28] Bootstrap tree #477, logLikelihood: -1447.035269
[00:00:04] [worker #29] Bootstrap tree #478, logLikelihood: -1444.338787
[00:00:04] [worker #14] Bootstrap tree #463, logLikelihood: -1457.572346
[00:00:04] [worker #5] Bootstrap tree #454, logLikelihood: -1442.764251
04] [worker #11] Bootstrap tree #460, logLikelihood: -1421.235680
[00:00:04] [worker #12] Bootstrap tree #461, logLikelihood: -1423.665793
[[00:00:04:00or:Bootstrap tree #04] , logLikelihood: [[worker #3] Bootstrap tree #452, logLikelihood: -1462.059582
[[00:00:04:00or:Bootstrap tree #04] , logLikelihood: [[worker #3] Bootstrap tree #452, logLikelihood: -1462.059582
-1407.5830390:
-1472.808493[
-1472.808493[
00:00:04] [worker #22] Bootstrap tree #471, logLikelihood: -1475.630180
[00:00:04] [worker #9] Bootstrap tree #458, logLikelihood: -1416.377856
[00:00:04] [worker #7] Bootstrap tree #456, logLikelihood: -1484.270683
[00:00:04] [worker #15] Bootstrap tree #464, logLikelihood: -1435.083576
[00:00:04] [worker #27] Bootstrap tree #476, logLikelihood: [00:00:04] -1485.447132[worker #17] Bootstrap tree #466, logLikelihood: 
[00:00:04] [worker #27] Bootstrap tree #476, logLikelihood: [00:00:04] -1485.447132[worker #17] Bootstrap tree #466, logLikelihood: 
-1446.827668
[00:00:04] [worker #31] Bootstrap tree #480, logLikelihood: -1524.824669
[00:00:04] [worker #6] Bootstrap tree #455, logLikelihood: -1510.930498
[00:00:04] [worker #24] Bootstrap tree #473, logLikelihood: -1452.496449
[00:00:04] [worker #26] Bootstrap tree #475, logLikelihood: -1501.661147
[00:00:04] [worker #21] Bootstrap tree #470, logLikelihood: -1504.708026
[00:00:04] [worker #13] Bootstrap tree #462, logLikelihood: -1452.213858
[00:00:04] [worker #2] Bootstrap tree #451, logLikelihood: -1442.260228
[00:00:04] [worker #1] Bootstrap tree #450, logLikelihood: -1462.611678
[00:00:04] [worker #25] Bootstrap tree #474, logLikelihood: -1487.023469
[00:00:04] [worker #18] Bootstrap tree #467, logLikelihood: -1436.133301
[00:00:04] [worker #10] Bootstrap tree #459, logLikelihood: -1480.470280
[00:00:04] [worker #19] Bootstrap tree #500, logLikelihood: -1448.084362
[00:00:04] [worker #30] Bootstrap tree #479, logLikelihood: -1530.432415
[00:00:04] [worker #16] Bootstrap tree #497, logLikelihood: -1427.503807
[00:00:04] [worker #5] Bootstrap tree #486, logLikelihood: -1470.200543
[00:00:04] [worker #4] Bootstrap tree #485, logLikelihood: -1460.162256
[00:00:04] [worker #14] Bootstrap tree #495, logLikelihood: -1455.054319
00:00:04] [worker #20] Bootstrap tree #501, logLikelihood: -1429.833509
[00:00:04] [worker #28] Bootstrap tree #509, logLikelihood: 0:00:04] [worker #11] Bootstrap tree #492, logLikelihood: -1437.675005-1483.617727
[00:00:04] [worker #28] Bootstrap tree #509, logLikelihood: 0:00:04] [worker #11] Bootstrap tree #492, logLikelihood: -1437.675005-1483.617727

[00:00:04] [worker #3] Bootstrap tree #484, logLikelihood: -1405.761347
[00:00:04] [worker #7] Bootstrap tree #488, logLikelihood: -1385.547014
[00:00:04] [worker #12] Bootstrap tree #493, logLikelihood: -1437.185523
[00:00:04] [worker #23] Bootstrap tree #504, logLikelihood: -1442.300412
[00:00:04] [worker #17] Bootstrap tree #498, logLikelihood: -1412.397114
[00:00:04] [worker #27] Bootstrap tree #508, logLikelihood: [-1434.858204
-1441.944271
[00:00:04] [worker #15] Bootstrap tree #496, logLikelihood: -1459.366351
[00:00:04] [worker #6] Bootstrap tree #487, logLikelihood: -1466.177959
[00:00:04] [worker #24] Bootstrap tree #505, logLikelihood: -1443.651116
[00:00:04] [worker #9] Bootstrap tree #490, logLikelihood: -1442.861272
[00:00:04] [worker #0] Bootstrap tree #449, logLikelihood: -1520.837759
[00:00:04] [worker #26] Bootstrap tree #507, logLikelihood: -1430.115743
[00:00:04] [worker #26] Bootstrap tree #507, logLikelihood: -1430.115743
[00:00:04] [worker #31] Bootstrap tree #512, logLikelihood: -1461.192920
[00:00:04] [worker #29] Bootstrap tree #510, logLikelihood: -1529.573849
[00:00:04] [worker #21] Bootstrap tree #502, logLikelihood: -1389.179049
[00:00:04] [worker #22] Bootstrap tree #503, logLikelihood: -1471.090857
[00:00:04] [worker #2] Bootstrap tree #483, logLikelihood: -1419.932369
[00:00:04] [worker #13] Bootstrap tree #494, logLikelihood: -1465.550468
[00:00:04] [worker #25] Bootstrap tree #506, logLikelihood: -1450.773200
[00:00:04] [worker #30] Bootstrap tree #511, logLikelihood: -1480.412631
[00:00:04] [worker #18] Bootstrap tree #499, logLikelihood: -1427.777942
[00:00:04] [worker #10] Bootstrap tree #491, logLikelihood: -1444.362205
00:00:04] [worker #1] Bootstrap tree #482, logLikelihood: -1458.788496
[00:00:05] [worker #0] Bootstrap tree #481, logLikelihood: -1409.489127
[00:00:05] [worker #16] Bootstrap tree #529, logLikelihood: -1400.081580
[00:00:05] [worker #6] Bootstrap tree #519, logLikelihood: -1425.276368
[00:00:05] [worker #13] Bootstrap tree #526, logLikelihood: -1416.126663
[00:00:05] [worker #21] Bootstrap tree #534, logLikelihood: -1419.163866
[00:00:05] [worker #3] Bootstrap tree #516, logLikelihood: -1465.089265
[00:00:05] [worker #4] Bootstrap tree #517, logLikelihood: -1447.963123
[00:00:05] [worker #23] Bootstrap tree #536, logLikelihood: -1440.042900
544, logLikelihood: -1526.156227
[00:00:05] [worker #28] Bootstrap tree #541, logLikelihood: -1429.899296
[00:00:05] [worker #15] Bootstrap tree #528, logLikelihood: -1490.759485
[00:00:05] [worker #9] Bootstrap tree #522, logLikelihood: -1449.204929
[00:00:05] [worker #26] Bootstrap tree #539, logLikelihood: [00:00:05] [worker #22] Bootstrap tree #535, logLikelihood: 
[00:00:05] [worker #26] Bootstrap tree #539, logLikelihood: [00:00:05] [worker #22] Bootstrap tree #535, logLikelihood: 
-1485.045222
[00:00:05] [worker #14] Bootstrap tree #527, logLikelihood: -1461.111453
[00:00:05] [worker #18] Bootstrap tree #531, logLikelihood: -1511.293253
[00:00:05] [worker #24] Bootstrap tree #537, logLikelihood: -1421.252141
[00:00:05] [worker #20] Bootstrap tree #533, logLikelihood: -1499.282492
[00:00:05] [worker #2] Bootstrap tree #515, logLikelihood: -1515.254512
[00:00:05] [worker #10] Bootstrap tree #523, logLikelihood: -1377.401303
00:00:05] [worker #27] Bootstrap tree #540, logLikelihood: -1456.055959
[00:00:05] [worker #7] Bootstrap tree #520, logLikelihood: -1463.025841
[00:00:05] [worker #8] Bootstrap tree #521, logLikelihood: -1492.759865
[00:00:05] [worker #19] Bootstrap tree #532, logLikelihood: -1430.835147
00:00:05] [worker #29] Bootstrap tree #542, logLikelihood: -1452.697921
[00:00:05] [worker #12] Bootstrap tree #525, logLikelihood: -1446.722351
[00:00:05] [worker #17] Bootstrap tree #530, logLikelihood: -1427.317629
[00:00:05] [worker #5] Bootstrap tree #518, logLikelihood: -1466.799462
[00:00:05] [worker #25] Bootstrap tree #538, logLikelihood: -1511.637787
[00:00:05] [worker #30] Bootstrap tree #543, logLikelihood: -1463.657779
[00:00:05] [worker #11] Bootstrap tree #524, logLikelihood: -1461.151815
[00:00:05] [worker #1] Bootstrap tree #514, logLikelihood: -1435.045267
[00:00:05] [worker #4] Bootstrap tree #549, logLikelihood: -1434.433058
[00:00:05] [worker #21] Bootstrap tree #566, logLikelihood: -1483.047208
[00:00:05] [worker #6] Bootstrap tree #551, logLikelihood: -1476.818804
[00:00:05] [worker #13] Bootstrap tree #558, logLikelihood: -1462.269767
[00:00:05] [worker #31] Bootstrap tree #576, logLikelihood: -1405.404364
[00:00:05] [worker #14] Bootstrap tree #559, logLikelihood: -1409.769132
[00:00:05] [worker #3] Bootstrap tree #548, logLikelihood: -1454.858121
[00:00:05] [worker #28] Bootstrap tree #573, logLikelihood: -1479.653192
[00:00:05] [worker #29] Bootstrap tree #574, logLikelihood: -1447.824367
[00:00:05] [worker #15] Bootstrap tree #560, logLikelihood: -1443.520506
-1464.741902
[00:00:05] [worker #23] Bootstrap tree #568, logLikelihood: -1419.908598
[00:00:05] [worker #9] Bootstrap tree #554, logLikelihood: -1442.696943
[00:00:05] [worker #24] Bootstrap tree #569, logLikelihood: -1512.919395
[00:00:05] [worker #8] Bootstrap tree #553, logLikelihood: -1391.988104
[00:00:05] [worker #26] Bootstrap tree #571, logLikelihood: -1490.444243
[00:00:05] [worker #5] Bootstrap tree #550, logLikelihood: -1453.050458
[00:00:05] [worker #0] Bootstrap tree #513, logLikelihood: -1452.376103
[00:00:05] [worker #22] Bootstrap tree #567, logLikelihood: -1509.495674
[00:00:05] [worker #20] Bootstrap tree #565, logLikelihood: -1442.482868
[00:00:05] [worker #19] Bootstrap tree #564, logLikelihood: -1459.347935
[00:00:05] [worker #7] Bootstrap tree #552, logLikelihood: -1467.474319
[00:00:05] [worker #2] Bootstrap tree #547, logLikelihood: -1472.659803
[00:00:05] [worker #10] Bootstrap tree #555, logLikelihood: -1490.977375
[00:00:05] [worker #12] Bootstrap tree #557, logLikelihood: -1433.123793
[00:00:05] [worker #27] Bootstrap tree #572, logLikelihood: -1418.365422
[00:00:05] [worker #17] Bootstrap tree #562, logLikelihood: -1411.607885
[00:00:05] [worker #11] Bootstrap tree #556, logLikelihood: -1401.939676
[00:00:05] [worker #25] Bootstrap tree #570, logLikelihood: -1460.010387
[00:00:05] [worker #18] Bootstrap tree #563, logLikelihood: -1523.203605
[00:00:05] [worker #30] Bootstrap tree #575, logLikelihood: -1480.589278
[00:00:05] [worker #1] Bootstrap tree #546, logLikelihood: -1458.525449
[00:00:06] [worker #0] Bootstrap tree #545, logLikelihood: -1476.630800
[00:00:06] [worker #17] Bootstrap tree #594, logLikelihood: -1433.304481
[00:00:06] [worker #7] Bootstrap tree #584, logLikelihood: -1446.923523
[00:00:06] [worker #3] Bootstrap tree #580, logLikelihood: -1479.292100
[00:00:06] [worker #23] Bootstrap tree #600, logLikelihood: -1446.499345[
-1398.991680
[00:00:07] [worker #14] Bootstrap tree #591, logLikelihood: -1406.281953
[00:00:07] [worker #15] Bootstrap tree #592, logLikelihood: -1368.879663
[00:00:07] [worker #15] Bootstrap tree #592, logLikelihood: -1368.879663
[00:00:07] [worker #29] Bootstrap tree #606, logLikelihood: -1488.636219
[00:00:07] [worker #8] Bootstrap tree #585, logLikelihood: -1448.604845
[00:00:07] [worker #22] Bootstrap tree #599, logLikelihood: [00:00:07] [worker #12] Bootstrap tree #589, logLikelihood: -1467.455321-1454.991339

[00:00:07] [worker #22] Bootstrap tree #599, logLikelihood: [00:00:07] [worker #12] Bootstrap tree #589, logLikelihood: -1467.455321-1454.991339
[00:00:07] [worker #24] Bootstrap tree #601, logLikelihood: -1438.254671
[00:00:07] [worker #13] Bootstrap tree #590, logLikelihood: -1475.612772
[00:00:07] [worker #6] Bootstrap tree #583, logLikelihood: -1463.102546
[00:00:07] [worker #20] Bootstrap tree #597, logLikelihood: -1431.258134
-1415.310156[

00:00:07] [worker #28] Bootstrap tree #605, logLikelihood: -1418.393542
[00:00:07] [worker #1] Bootstrap tree #578, logLikelihood: -1422.227788
[00:00:07] [worker #31] Bootstrap tree #608, logLikelihood: -1439.553373
[00:00:07] [worker #4] Bootstrap tree #581, logLikelihood: -1483.244206
[00:00:07] [worker #21] Bootstrap tree #598, logLikelihood: -1474.407537
-1391.525885
[00:00:07] [worker #16] Bootstrap tree #593, logLikelihood: -1542.930816
[00:00:07] [worker #9] Bootstrap tree #586, logLikelihood: -1432.572585
[00:00:07] [worker #10] Bootstrap tree #587, logLikelihood: -1456.145698
[00:00:07] [worker #25] Bootstrap tree #602, logLikelihood: -1449.082674
[00:00:07] [worker #26] Bootstrap tree #603, logLikelihood: -1451.803619
[00:00:07] [worker #2] Bootstrap tree #579, logLikelihood: -1456.387309
[00:00:07] [worker #14] Bootstrap tree #623, logLikelihood: -1461.841105
[00:00:07] [worker #23] Bootstrap tree #632, logLikelihood: -1413.724978
[00:00:07] [worker #18] Bootstrap tree #595, logLikelihood: -1458.053098
[00:00:07] [worker #15] Bootstrap tree #624, logLikelihood: -1449.542390
[00:00:07] [worker #5] Bootstrap tree #614, logLikelihood: -1418.824516
[00:00:07] [worker #8] Bootstrap tree #617, logLikelihood: -1424.473140
[00:00:07] [worker #17] Bootstrap tree #626, logLikelihood: -1389.458824
[00:00:07] [worker #17] Bootstrap tree #626, logLikelihood: -1389.458824
[00:00:07] [worker #30] Bootstrap tree #607, logLikelihood: -1507.981173
[00:00:07] [worker #7] Bootstrap tree #616, logLikelihood: -1467.381860
[00:00:07] [worker #29] Bootstrap tree #638, logLikelihood: -1458.534088
[00:00:07] [worker #22] Bootstrap tree #631, logLikelihood: -1460.044743
[00:00:07] [worker #3] Bootstrap tree #612, logLikelihood: -1517.642327
[00:00:07] [worker #28] Bootstrap tree #637, logLikelihood: -1480.616681
[00:00:07] [worker #13] Bootstrap tree #622, logLikelihood: [-1426.41420600
[[00:00:07] [worker #21] Bootstrap tree #630, logLikelihood: -1459.15904600:00:07] [worker #9] Bootstrap tree #618, logLikelihood: 
[[00:00:07] [worker #21] Bootstrap tree #630, logLikelihood: -1459.15904600:00:07] [worker #9] Bootstrap tree #618, logLikelihood: 
-1447.931414
[00:00:07] [worker #12] Bootstrap tree #621, logLikelihood: -1479.221735
[00:00:07] [worker #4] Bootstrap tree #613, logLikelihood: -1464.717046
[00:00:07] [worker #19] Bootstrap tree #628, logLikelihood: -1474.780862
[00:00:07] [worker #6] Bootstrap tree #615, logLikelihood: -1407.714052
[00:00:07] [worker #0] Bootstrap tree #577, logLikelihood: -1469.855257
[00:00:07] [worker #31] Bootstrap tree #640, logLikelihood: -1452.203147
[00:00:07] [worker #27] Bootstrap tree #636, logLikelihood: -1446.669095
[00:00:07] [worker #16] Bootstrap tree #625, logLikelihood: -1457.513289
[00:00:07] [worker #24] Bootstrap tree #633, logLikelihood: -1492.608236
[00:00:07] [worker #11] Bootstrap tree #620, logLikelihood: -1437.718457
[00:00:07] [worker #26] Bootstrap tree #635, logLikelihood: -1396.046843
[00:00:07] [worker #1] Bootstrap tree #610, logLikelihood: -1445.993255
[00:00:07] [worker #10] Bootstrap tree #619, logLikelihood: -1449.488593
[00:00:07] [worker #18] Bootstrap tree #627, logLikelihood: -1468.454499
[00:00:07] [worker #25] Bootstrap tree #634, logLikelihood: -1448.347417
[00:00:07] [worker #2] Bootstrap tree #611, logLikelihood: -1442.859608
[00:00:07] [worker #30] Bootstrap tree #639, logLikelihood: -1425.582585
[00:00:07] [worker #0] Bootstrap tree #609, logLikelihood: -1399.586809
[00:00:08] [worker #1] Bootstrap tree #642, logLikelihood: -1421.943182
[00:00:08] [worker #4] Bootstrap tree #645, logLikelihood: -1399.583772
[00:00:08] [worker #8] Bootstrap tree #649, logLikelihood: -1464.834456
[00:00:08] [worker #26] Bootstrap tree #667, logLikelihood: -1451.676033
[00:00:08] [worker #14] Bootstrap tree #655, logLikelihood: -1439.946974
[00:00:08] [worker #13] Bootstrap tree #654, logLikelihood: -1442.813552
[00:00:08] [worker #30] Bootstrap tree #671, logLikelihood: -1475.037848
[00:00:08] [worker #17] Bootstrap tree #658, logLikelihood: -1394.507092
[00:00:08] [worker #3] Bootstrap tree #644, logLikelihood: -1417.529885
00[:00:08] [worker #29] Bootstrap tree #670, logLikelihood: 00:00:08] [00[:00:08] [worker #29] Bootstrap tree #670, logLikelihood: 00:00:08] [worker #28] Bootstrap tree #669, logLikelihood: -1472.113411
[00:00:08] [worker #21] Bootstrap tree #662, logLikelihood: -1516.903528
[00:00:08] [worker #31] Bootstrap tree #672, logLikelihood: -1434.702268
[00:00:08] [worker #12] Bootstrap tree #653, logLikelihood: -1514.833790
[00:00:08] [worker #16] Bootstrap tree #657, logLikelihood: -1463.249705
[00:00:08] [worker #23] Bootstrap tree #664, logLikelihood: -1399.480335
[00:00:08] [worker #20] Bootstrap tree #661, logLikelihood: -1469.674529
[00:00:08] [worker #7] Bootstrap tree #648, logLikelihood: -1402.615368
[[00:00:08] [worker #11] Bootstrap tree #652, logLikelihood: 0:00:08] [worker #27] Bootstrap tree #668, logLikelihood: -1466.781025
[[00:00:08] [worker #11] Bootstrap tree #652, logLikelihood: 0:00:08] [worker #27] Bootstrap tree #668, logLikelihood: -1466.781025
-1462.526653
[00:00:08] [worker #6] Bootstrap tree #647, logLikelihood: -1443.671402
-1421.211629[
-1421.211629[
00:00:08] [worker #10] Bootstrap tree #651, logLikelihood: -1405.871017[00:00:08] [worker #2] Bootstrap tree #643, logLikelihood: -1487.756992
-1421.211629[
00:00:08] [worker #10] Bootstrap tree #651, logLikelihood: -1405.871017[00:00:08] [worker #2] Bootstrap tree #643, logLikelihood: -1487.756992

[00:00:08] [worker #24] Bootstrap tree #665, logLikelihood: -1438.033648
[00:00:08] [worker #15] Bootstrap tree #656, logLikelihood: -1454.451498
[00:00:08] [worker #18] Bootstrap tree #659:, logLikelihood: 00:08] [worker #25] Bootstrap tree #666, logLikelihood: -1449.169934
[00:00:08] [worker #18] Bootstrap tree #659:, logLikelihood: 00:08] [worker #25] Bootstrap tree #666, logLikelihood: -1449.169934
-1441.108599
[00:00:08] [worker #1] Bootstrap tree #674, logLikelihood: -1513.799434
[00:00:08] [worker #9] Bootstrap tree #650, logLikelihood: -1507.278431
[00:00:08] [worker #26] Bootstrap tree #699, logLikelihood: -1475.138457
[00:00:08] [worker #4] Bootstrap tree #677, logLikelihood: -1383.253377
[00:00:08] [worker #22] Bootstrap tree #663, logLikelihood: -1490.470635
[00:00:08] [worker #19] Bootstrap tree #660, logLikelihood: -1424.478561
[00:00:08] [worker #17] Bootstrap tree #690, logLikelihood: -1473.284509
[00:00:08] [worker #8] Bootstrap tree #681, logLikelihood: -1413.564108
[00:00:08] [worker #14] Bootstrap tree #687, logLikelihood: -1484.292471
[00:00:08] [worker #28] Bootstrap tree #701, logLikelihood: -1533.876403
[00:00:08] [worker #0] Bootstrap tree #641, logLikelihood: -1524.484970
[00:00:08] [worker #3] Bootstrap tree #676, logLikelihood: -1415.951956
[00:00:08] [worker #29] Bootstrap tree #702, logLikelihood: -1488.115246
[00:00:08] [worker #23] Bootstrap tree #696, logLikelihood: -1430.029422
[00:00:08] [worker #30] Bootstrap tree #703, logLikelihood: -1494.938831
[00:00:08] [worker #21] Bootstrap tree #694, logLikelihood: -1478.565391
[00:00:08] [worker #12] Bootstrap tree #685, logLikelihood: -1397.953482
[00:00:08] [worker #7] Bootstrap tree #680, logLikelihood: -1494.351668
[00:00:08] [worker #31] Bootstrap tree #704, logLikelihood: -1434.761880
[00:00:08] [worker #13] Bootstrap tree #686, logLikelihood: -1389.456023
[00:00:08] [worker #11] Bootstrap tree #684, logLikelihood: -1449.047409
[00:00:08] [worker #20] Bootstrap tree #693, logLikelihood: -1473.340975
[00:00:08] [worker #6] Bootstrap tree #679, logLikelihood: -1428.528858
[00:00:08] [worker #16] Bootstrap tree #689, logLikelihood: -1493.536492
[00:00:08] [worker #2] Bootstrap tree #675, logLikelihood: -1455.427035
[00:00:08] [worker #24] Bootstrap tree #697, logLikelihood: -1388.480613
[00:00:08] [worker #27] Bootstrap tree #700, logLikelihood: -1436.552011
[00:00:08] [worker #5] Bootstrap tree #678, logLikelihood: -1426.027235
[00:00:08] [worker #10] Bootstrap tree #683, logLikelihood: -1459.256568
[00:00:08] [worker #15] Bootstrap tree #688, logLikelihood: -1462.862596
[00:00:08] [worker #19] Bootstrap tree #692, logLikelihood: -1410.787272
[00:00:08] [worker #25] Bootstrap tree #698, logLikelihood: -1374.889868
[00:00:08] [worker #9] Bootstrap tree #682, logLikelihood: -1453.726535
[00:00:08] [worker #22] Bootstrap tree #695, logLikelihood: -1441.850618
[00:00:08] [worker #18] Bootstrap tree #691, logLikelihood: -1444.231403
[00:00:08] [worker #0] Bootstrap tree #673, logLikelihood: -1428.159585
[00:00:09] [worker #3] Bootstrap tree #708, logLikelihood: -1453.181825
[00:00:09] [worker #9] Bootstrap tree #714, logLikelihood: [-1472.622057
[00:00:09] [worker #9] Bootstrap tree #714, logLikelihood: [-1472.622057
00:00:09] [worker #30] Bootstrap tree #735, logLikelihood: -1430.797340
[00:00:09] [worker #2] Bootstrap tree #707, logLikelihood: -1480.270268
[00:00:09] [worker #21] Bootstrap tree #726, logLikelihood: -1395.112792
[00:00:09] [worker #1] Bootstrap tree #706, logLikelihood: -1529.178237
[00:00:09] [worker #14] Bootstrap tree #719, logLikelihood: -1419.007823
-1415.437702
[00:00:09] [worker #24] Bootstrap tree #729, logLikelihood: -1423.556672
00:00:09] [worker #26] Bootstrap tree #731, logLikelihood: -1463.887792
[00:00:09] [worker #31] Bootstrap tree #736, logLikelihood: -1449.995618
[00:00:09] [worker #19] Bootstrap tree #724, logLikelihood: -1425.068406
[00:09] [worker #4] Bootstrap tree #709, logLikelihood: -1407.707451
[00:00:09] [worker #6] Bootstrap tree #711, logLikelihood: -1456.144193
[00:00:09] [worker #25] Bootstrap tree #730, logLikelihood: -1523.804751
[00:00:09] [worker #8] Bootstrap tree #713, logLikelihood: -1414.568452
[00:00:09] [worker #17] Bootstrap tree #722, logLikelihood: -1418.994254
[00:00:09] [worker #5] Bootstrap tree #710, logLikelihood: -1474.562855
[00:00:09] [worker #23] Bootstrap tree #728, logLikelihood: -1417.235350
[00:00:09] [worker #22] Bootstrap tree #727, logLikelihood: -1499.233176
[00:00:09] [worker #20] Bootstrap tree #725, logLikelihood: -1477.528421
[00:00:09] [worker #28] Bootstrap tree #733, logLikelihood: -1482.847051
[00:00:09] [worker #7] Bootstrap tree #712, logLikelihood: -1446.112763
[00:00:09] [worker #16] Bootstrap tree #721, logLikelihood: -1393.377116
[00:00:09] [worker #11] Bootstrap tree #716, logLikelihood: -1459.752806
[00:00:09] [worker #18] Bootstrap tree #723, logLikelihood: -1434.090034
[00:00:09] [worker #13] Bootstrap tree #718, logLikelihood: -1461.535778
[00:00:09] [worker #10] Bootstrap tree #715, logLikelihood: -1419.033356
[00:00:09] [worker #15] Bootstrap tree #720, logLikelihood: -1387.251283
[00:00:09] [worker #27] Bootstrap tree #732, logLikelihood: -1405.968000
[00:00:09] [worker #21] Bootstrap tree #758, logLikelihood: -1399.292498
[00:00:09] [worker #2] Bootstrap tree #739, logLikelihood: -1457.970505
[00:00:09] [worker #9] Bootstrap tree #746, logLikelihood: -1415.761718
[00:00:09] [worker #19] Bootstrap tree #756, logLikelihood: -1457.966939
[00:00:09] [worker #30] Bootstrap tree #767, logLikelihood: -1487.652963
[00:00:09] [worker #26] Bootstrap tree #763, logLikelihood: -1376.447500
[00:00:09] [worker #29] Bootstrap tree #766, logLikelihood: -1393.629276
[00:00:09] [worker #3] Bootstrap tree #740, logLikelihood: -1469.814192
[00:00:09] [worker #8] Bootstrap tree #745, logLikelihood: -1480.944277
[00:00:09] [worker #12] Bootstrap tree #717, logLikelihood: -1452.250586
[00:00:09] [worker #6] Bootstrap tree #743, logLikelihood: -1369.360450
[00:00:09] [worker #31] Bootstrap tree #768, logLikelihood: -1410.347441
[00:00:09] [worker #4] Bootstrap tree #741, logLikelihood: -1453.218738
[00:00:09] [worker #1] Bootstrap tree #738, logLikelihood: -1498.841222
[00:00:09] [worker #14] Bootstrap tree #751, logLikelihood: -1445.520868
[00:00:09] [worker #25] Bootstrap tree #762, logLikelihood: -1449.645090
[00:00:09] [worker #5] Bootstrap tree #742, logLikelihood: -1447.388322
[00:00:09] [worker #23] Bootstrap tree #760, logLikelihood: -1420.776032
[00:00:09] [worker #17] Bootstrap tree #754, logLikelihood: [-1491.1482020:00:09
[00:00:09] [worker #20] Bootstrap tree #757, logLikelihood: -1408.866176
[00:00:09] [worker #0] Bootstrap tree #705, logLikelihood: -1458.801060
[00:00:09] [worker #28] Bootstrap tree #765, logLikelihood: -1512.381019
[00:00:09] [worker #24] Bootstrap tree #761, logLikelihood: -1409.203205
[00:00:0[] 00:Bootstrap tree #00755:, logLikelihood: 09] [worker #13] Bootstrap tree #750, logLikelihood: -1359.439687-1419.082729
[00:00:0[] 00:Bootstrap tree #00755:, logLikelihood: 09] [worker #13] Bootstrap tree #750, logLikelihood: -1359.439687-1419.082729
[00:00:09] [worker #11] Bootstrap tree #748, logLikelihood: -1486.220408
[00:00:09] [worker #22] Bootstrap tree #759, logLikelihood: -1404.479087
[00:00:09] [worker #16] Bootstrap tree #753, logLikelihood: -1439.426553
[00:00:09] [worker #27] Bootstrap tree #764, logLikelihood: -1395.073879
[00:00:09] [worker #15] Bootstrap tree #752, logLikelihood: -1458.813064
[00:00:09] [worker #10] Bootstrap tree #747, logLikelihood: -1497.395371
[00:00:09] [worker #12] Bootstrap tree #749, logLikelihood: -1475.365486
[00:00:10] [worker #0] Bootstrap tree #737, logLikelihood: -1420.687960
[00:00:11] [worker #28] Bootstrap tree #797, logLikelihood: -1446.963330
[00:00:11] [worker #25] Bootstrap tree #794, logLikelihood: -1513.286622[
[00:00:11] [worker #25] Bootstrap tree #794, logLikelihood: -1513.286622[
00:00:11] [worker #3] Bootstrap tree #772, logLikelihood: -1419.904337
[00:00:11] [worker #30] Bootstrap tree #799, logLikelihood: -1421.256461
[00:00:11] [worker #5] Bootstrap tree #774, logLikelihood: -1387.763201
00:00:11] [worker #4] Bootstrap tree #773, logLikelihood: -1394.675994
[00:00:11] [worker #17] Bootstrap tree #786, logLikelihood: -1473.529558
-1406.055455
[00:00:11] [worker #19] Bootstrap tree #788, logLikelihood: -1486.494296
[00:00:11] [worker #31] Bootstrap tree #800, logLikelihood: -1453.240102
[00:00:11] [worker #26] Bootstrap tree #795, logLikelihood: -1437.513086
[00:00:11] [worker #9] Bootstrap tree #778, logLikelihood: -1524.806175
-1543.207321
[00:00:11] [worker #1] Bootstrap tree #770, logLikelihood: -1463.971513
[00:00:11] [worker #11] Bootstrap tree #780, logLikelihood: -1459.883948
[00:00:11] [worker #6] Bootstrap tree #775, logLikelihood: -1451.249434
[00:00:11] [worker #20] Bootstrap tree #789, logLikelihood: -1419.749300[

00:00:11] [worker #13] Bootstrap tree #782, logLikelihood: -1514.518222
[00:00:11] [worker #7] Bootstrap tree #776, logLikelihood: -1412.815302
[00:00:11] [worker #24] Bootstrap tree #793, logLikelihood: -1428.051483
[00:00:11] [worker #12] Bootstrap tree #781, logLikelihood: -1452.139528
[00:00:11] [worker #22] Bootstrap tree #791, logLikelihood: -1414.107152
[00:00:11] [worker #14] Bootstrap tree #783, logLikelihood: -1457.594617
[00:00:11] [worker #18] Bootstrap tree #787, logLikelihood: -1414.907574
[00:00:11] [worker #29] Bootstrap tree #798, logLikelihood: -1460.909086
[00:00:11] [worker #2] Bootstrap tree #771, logLikelihood: -1484.823151
[00:00:11] [worker #19] Bootstrap tree #820, logLikelihood: -1403.700960
[00:00:11] [worker #31] Bootstrap tree #832, logLikelihood: -1442.009160
[00:00:11] [worker #25] Bootstrap tree #826, logLikelihood: -1402.332474
[00:00:11] [worker #27] Bootstrap tree #796, logLikelihood: -1477.307246
[00:00:11] [worker #15] Bootstrap tree #784, logLikelihood: -1416.046686
[00:00:11] [worker #16] Bootstrap tree #785, logLikelihood: [-1453.33753600
[00:00:11] [worker #16] Bootstrap tree #785, logLikelihood: [-1453.33753600
:00:11] [worker #10] Bootstrap tree #779, logLikelihood: -1480.791216
[00:00:11] [worker #17] Bootstrap tree #818, logLikelihood: -1507.086572
[00:00:11] [worker #4] Bootstrap tree #805, logLikelihood: -1446.824618
[00:00:11] [worker #5] Bootstrap tree #806, logLikelihood: -1413.792542
[worker #3] Bootstrap tree #804, logLikelihood: -1437.075860
[00:00:11] [worker #0] Bootstrap tree #769, logLikelihood: -1464.620429
[00:00:11] [worker #13] Bootstrap tree #814, logLikelihood: -1426.396541
[00:00:11] [worker #8] Bootstrap tree #809, logLikelihood: -1414.757699
[00:00:11] [worker #23] Bootstrap tree #824, logLikelihood: -1460.932547
00:00:11] [worker #6] Bootstrap tree #807, logLikelihood: -1469.142868
[00:00:11] [worker #9] Bootstrap tree #810, logLikelihood: -1450.980649
[00:00:11] [worker #28] Bootstrap tree #829, logLikelihood: -1418.323501
[00:00:11] [worker #26] Bootstrap tree #827, logLikelihood: -1442.376278
[00:00:11] [worker #11] Bootstrap tree #812, logLikelihood: -1421.455463
[00:00:11] [worker #21] Bootstrap tree #822, logLikelihood: -1466.026773
[00:00:11] [worker #30] Bootstrap tree #831, logLikelihood: -1478.777280
[00:00:11] [worker #20] Bootstrap tree #821, logLikelihood: -1428.323612
[00:00:11] [worker #1] Bootstrap tree #802, logLikelihood: -1447.036450
[00:00:11] [worker #7] Bootstrap tree #808, logLikelihood: -1475.492192
[00:00:11] [worker #22] Bootstrap tree #823, logLikelihood: -1403.872162
[00:00:11] [worker #12] Bootstrap tree #813, logLikelihood: -1436.474765
[00:00:11] [worker #2] Bootstrap tree #803, logLikelihood: -1419.970428
[00:00:11] [worker #29] Bootstrap tree #830, logLikelihood: -1499.068997
[00:00:11] [worker #24] Bootstrap tree #825, logLikelihood: -1428.662244
[00:00:11] [worker #15] Bootstrap tree #816, logLikelihood: -1434.230987
[00:00:11] [worker #10] Bootstrap tree #811, logLikelihood: -1438.727460
[00:00:11] [worker #16] Bootstrap tree #817, logLikelihood: -1441.145756
[00:00:11] [worker #27] Bootstrap tree #828, logLikelihood: -1389.580240
[00:00:11] [worker #14] Bootstrap tree #815, logLikelihood: -1480.114562
[00:00:11] [worker #18] Bootstrap tree #819, logLikelihood: -1459.636477
[00:00:11] [worker #0] Bootstrap tree #801, logLikelihood: -1445.643879
[00:00:12] [worker #30] Bootstrap tree #863, logLikelihood: -1479.758702
00:00:12] [worker #9] Bootstrap tree #842, logLikelihood: -1429.506781
[00:00:12] [worker #26] Bootstrap tree #859, logLikelihood: -1438.339447
[00:00:12] [worker #29] Bootstrap tree #862, logLikelihood: -1430.490595
[00:00:12] [worker #31] Bootstrap tree #864, logLikelihood: -1473.756021
[00:00:12] [worker #13] Bootstrap tree #846, logLikelihood: -1482.196365
[00:00:12] [worker #6] Bootstrap tree #839, logLikelihood: -1464.889247
[00:00:12] [worker #8] Bootstrap tree #841, logLikelihood: -1487.067789
[00:00:12] [worker #3] Bootstrap tree #836, logLikelihood: -1430.757060
[00:00:12] [worker #10] Bootstrap tree #843, logLikelihood: -1455.686214
[00:00:12] [worker #5] Bootstrap tree #838, logLikelihood: -1451.001833
[00:00:12] [worker #11] Bootstrap tree #844, logLikelihood: -1417.651378
[00:00:12] [worker #7] Bootstrap tree #840, logLikelihood: -1415.969782[

[00:00:12] [worker #20] Bootstrap tree #853, logLikelihood: -1426.531283
[00:00:12] [worker #28] Bootstrap tree #861, logLikelihood: -1482.662175
[00:00:12] [worker #25] Bootstrap tree #858, logLikelihood: -1489.340963
[00:00:12] [worker #23] Bootstrap tree #856, logLikelihood: -1418.077055
[00:00:12] [worker #12] Bootstrap tree #845, logLikelihood: -1420.055496
[00:00:12] [worker #24] Bootstrap tree #857, logLikelihood: -1419.198786
[00:00:12] [worker #1] Bootstrap tree #834, logLikelihood: -1423.264901
[00:00:12] [worker #21] Bootstrap tree #854, logLikelihood: -1480.150000
[00:00:12] [worker #14] Bootstrap tree #847, logLikelihood: -1395.380129
[00:00:12] [worker #2] Bootstrap tree #835, logLikelihood: -1495.957695
[00:00:12] [worker #29] Bootstrap tree #894, logLikelihood: -1480.676085
[00:00:12] [worker #18] Bootstrap tree #851, logLikelihood: -1409.118034
[00:00:12] [worker #16] Bootstrap tree #849, logLikelihood: -1494.076206
[00:00:12] [worker #27] Bootstrap tree #860, logLikelihood: -1438.580478
[00:00:12] [worker #0] Bootstrap tree #833, logLikelihood: -1452.489115
[00:00:12] [worker #4] Bootstrap tree #837, logLikelihood: -1398.288621
[00:00:12] [worker #4] Bootstrap tree #837, logLikelihood: -1398.288621
[00:00:12] [worker #22] Bootstrap tree #855, logLikelihood: -1452.753836
[00:00:13] [worker #31] Bootstrap tree #896, logLikelihood: -1450.341520
[00:00:13] [worker #17] Bootstrap tree #850, logLikelihood: -1469.319511
[00:00:13] [worker #26] Bootstrap tree #891, logLikelihood: -1470.122061
[00:00:13] [worker #3] Bootstrap tree #868, logLikelihood: -1421.176970
[00:00:13] [worker #6] Bootstrap tree #871, logLikelihood: -1466.966991
[00:00:13] [worker #30] Bootstrap tree #895, logLikelihood: -1437.217871
[00:00:13] [worker #10] Bootstrap tree #875, logLikelihood: -1402.563149
[00:00:13] [worker #19] Bootstrap tree #852, logLikelihood: -1475.629179
[00:00:13] [worker #5] Bootstrap tree #870, logLikelihood: -1502.609904
[00:00:13] [worker #11] Bootstrap tree #876, logLikelihood: -1447.905563
[00:00:13] [worker #15] Bootstrap tree #880, logLikelihood: -1468.828298
[00:00:13] [worker #20] Bootstrap tree #885, logLikelihood: -1492.066582
[00:00:13] [worker #8] Bootstrap tree #873, logLikelihood: -1410.182842
[00:00:13] [worker #9] Bootstrap tree #874, logLikelihood: -1446.962624
[00:00:13] [worker #7] Bootstrap tree #872, logLikelihood: -1451.991940
[00:00:13] [worker #12] Bootstrap tree #877, logLikelihood: -1457.463600
[00:00:13] [worker #28] Bootstrap tree #893, logLikelihood: -1473.750650
[00:00:13] [worker #25] Bootstrap tree #890, logLikelihood: -1467.108626
[00:00:13] [worker #23] Bootstrap tree #888, logLikelihood: -1444.404167
[00:00:13] [worker #13] Bootstrap tree #878, logLikelihood: -1510.244548
[00:00:13] [worker #24] Bootstrap tree #889, logLikelihood: -1428.392311
[00:00:13] [worker #1] Bootstrap tree #866, logLikelihood: -1438.770553
[00:00:13] [worker #2] Bootstrap tree #867, logLikelihood: -1408.797847
[00:00:13] [worker #21] Bootstrap tree #886, logLikelihood: -1377.132120
[00:00:13] [worker #19] Bootstrap tree #884, logLikelihood: -1495.925065
[00:00:13] [worker #4] Bootstrap tree #869, logLikelihood: -1398.735845
[00:00:13] [worker #14] Bootstrap tree #879, logLikelihood: -1424.837105
[00:00:13] [worker #17] Bootstrap tree #882, logLikelihood: -1409.116030
[00:00:13] [worker #18] Bootstrap tree #883, logLikelihood: -1461.870101
[00:00:13] [worker #0] Bootstrap tree #865, logLikelihood: -1440.953068
[00:00:13] [worker #27] Bootstrap tree #892, logLikelihood: -1469.319776
[00:00:13] [worker #16] Bootstrap tree #881, logLikelihood: -1456.154710
[00:00:13] [worker #22] Bootstrap tree #887, logLikelihood: -1389.437410
[00:00:14] [worker #25] Bootstrap tree #922, logLikelihood: -1413.213901
[00:00:14] [worker #5] Bootstrap tree #902, logLikelihood: -1458.721900
[00:00:14] [worker #4] Bootstrap tree #901, logLikelihood: -1487.187999
[00:00:14] [worker #21] Bootstrap tree #918, logLikelihood: -1462.239424
[00:00:14] [worker #8] Bootstrap tree #905, logLikelihood: -1403.971763
[00:00:14] [worker #20] Bootstrap tree #917, logLikelihood: -1476.729051
[00:00:14] [worker #26] Bootstrap tree #923, logLikelihood: -1442.371414
[00:00:14] [worker #7] Bootstrap tree #904, logLikelihood: -1402.603682
[00:00:14] [worker #22] Bootstrap tree #919, logLikelihood: -1439.258151
[00:00:14] [worker #11] Bootstrap tree #908, logLikelihood: -1459.222838
-1426.554059
[00:00:14] [worker #6] Bootstrap tree #903, logLikelihood: -1450.379441
[00:00:14] [worker #24] Bootstrap tree #921, logLikelihood: -1484.195249
[00:00:14] [worker #16] Bootstrap tree #913, logLikelihood: -1484.985565
[00:00:14] [worker #17] Bootstrap tree #914, logLikelihood: -1448.783974
[00:00:14] [worker #29] Bootstrap tree #926, logLikelihood: -1446.667325
[00:00:14] [worker #10] Bootstrap tree #907, logLikelihood: -1436.600545
[worker #12] Bootstrap tree #909, logLikelihood: -1433.037270
[00:00:14] [worker #31] Bootstrap tree #928, logLikelihood: -1499.250211
[00:00:14] [worker #2] Bootstrap tree #899, logLikelihood: -1411.278915
[00:00:14] [worker #3] Bootstrap tree #900, logLikelihood: -1459.672877
[00:00:14] [worker #23] Bootstrap tree #920, logLikelihood: -1451.802695
[00:00:14] [worker #15] Bootstrap tree #912, logLikelihood: -1448.338833
[00:00:14] [worker #30] Bootstrap tree #927, logLikelihood: -1484.877338
[00:00:14] [worker #14] Bootstrap tree #911, logLikelihood: -1463.607886
[00:00:14] [worker #18] Bootstrap tree #915, logLikelihood: -1463.594400
[00:00:14] [worker #28] Bootstrap tree #925, logLikelihood: -1431.061988
[00:00:14] [worker #19] Bootstrap tree #916, logLikelihood: -1487.994719
[00:00:14] [worker #25] Bootstrap tree #954, logLikelihood: -1380.072979
[00:00:14] [worker #27] Bootstrap tree #924, logLikelihood: -1526.608032
[00:00:14] [worker #13] Bootstrap tree #910, logLikelihood: -1436.851185
[00:00:14] [worker #5] Bootstrap tree #934, logLikelihood: -1354.462844
[00:00:14] [worker #0] Bootstrap tree #897, logLikelihood: -1471.791318
[00:00:14] [worker #8] Bootstrap tree #937, logLikelihood: -1419.876227
[00:00:14] [worker #1] Bootstrap tree #898, logLikelihood: -1491.054175
[00:00:14] [worker #20] Bootstrap tree #949, logLikelihood: -1448.668711
[00:00:14] [worker #24] Bootstrap tree #953, logLikelihood: -1462.192821
[00:00:14] [worker #4] Bootstrap tree #933, logLikelihood: -1401.126378
[00:00:14] [worker #17] Bootstrap tree #946, logLikelihood: -1428.303838
[00:00:14] [worker #21] Bootstrap tree #950, logLikelihood: -1457.256240
[00:00:14] [worker #12] Bootstrap tree #941, logLikelihood: -1463.723711
[00:00:14] [worker #7] Bootstrap tree #936, logLikelihood: -1398.407697
[00:00:14] [worker #26] Bootstrap tree #955, logLikelihood: -1471.505495
[00:00:14] [worker #31] Bootstrap tree #960, logLikelihood: -1419.402562
[00:00:14] [worker #11] Bootstrap tree #940, logLikelihood: -1454.439204
[00:00:14] [worker #2] Bootstrap tree #931, logLikelihood: [-1489.0396200:00:14

[00:00:14] [worker #6] Bootstrap tree #935, logLikelihood: -1416.568078
[00:00:14] [worker #6] Bootstrap tree #935, logLikelihood: -1416.568078
[00:00:14] [worker #29] Bootstrap tree #958, logLikelihood: -1469.942944
[00:00:14] [worker #9] Bootstrap tree #938, logLikelihood: -1423.179308
[00:00:14] [worker #10] Bootstrap tree #939, logLikelihood: -1520.704153
[00:00:14] [worker #3] Bootstrap tree #932, logLikelihood: -1396.709927
[00:00:14] [worker #22] Bootstrap tree #951, logLikelihood: -1431.977748
[00:00:14] [worker #30] Bootstrap tree #959, logLikelihood: -1538.209042
[00:00:14] [worker #15] Bootstrap tree #944, logLikelihood: -1497.632447
[00:00:14] [worker #19] Bootstrap tree #948, logLikelihood: -1416.802903
[00:00:14] [worker #18] Bootstrap tree #947, logLikelihood: -1426.524244
[00:00:14] [worker #14] Bootstrap tree #943, logLikelihood: -1506.758445
[00:00:14] [worker #23] Bootstrap tree #952, logLikelihood: -1412.484049
[00:00:14] [worker #27] Bootstrap tree #956, logLikelihood: -1437.134436
[00:00:14] [worker #13] Bootstrap tree #942, logLikelihood: -1461.731704
[00:00:14] [worker #28] Bootstrap tree #957, logLikelihood: -1422.451562
[00:00:14] [worker #0] Bootstrap tree #929, logLikelihood: -1410.673275
[00:00:14] [worker #1] Bootstrap tree #930, logLikelihood: -1463.010526
[00:00:15] [worker #8] Bootstrap tree #969, logLikelihood: -1451.212698
[00:00:15] [worker #31] Bootstrap tree #992, logLikelihood: -1470.995207
[00:00:15] [worker #16] Bootstrap tree #977, logLikelihood: -1474.066722
[00:00:15] [worker #23] Bootstrap tree #984, logLikelihood: -1422.139575
[00:00:15] [worker #13] Bootstrap tree #974, logLikelihood: [00:00:15] -1468.621335[worker #28] Bootstrap tree #989, logLikelihood: 
[00:00:15] [worker #13] Bootstrap tree #974, logLikelihood: [00:00:15] -1468.621335[worker #28] Bootstrap tree #989, logLikelihood: 
-1462.085506
[00:00:15] [worker #25] Bootstrap tree #986, logLikelihood: -1412.146421
[:
:15] [worker #17] Bootstrap tree #978, logLikelihood: -1453.024119
[00:00:15] [worker #9] Bootstrap tree #970, logLikelihood: -1463.552343
00:15] [worker #1] Bootstrap tree #962, logLikelihood: -1423.613987
[00:00:15] [worker #11] Bootstrap tree #972, logLikelihood: -1481.716763
[00:00:15] [worker #24] Bootstrap tree #985, logLikelihood: -1497.890633
[00:00:15] [worker #5] Bootstrap tree #966, logLikelihood: -1400.216560
[00:00:15] [worker #18] Bootstrap tree #979, logLikelihood: [00-1482.609971:00:15] 
[00:00:15] [worker #18] Bootstrap tree #979, logLikelihood: [00-1482.609971:00:15] 
[worker #22] Bootstrap tree #983, logLikelihood: -1516.127335
[00:00:15] [worker #4] Bootstrap tree #965, logLikelihood: -1393.806711
[00:00:15] [worker #15] Bootstrap tree #976, logLikelihood: -1426.267942
[00:00:15] [worker #29] Bootstrap tree #990, logLikelihood: -1492.615562
[00:00:15] [worker #19] Bootstrap tree #980, logLikelihood: -1462.356920
[00:00:15] [worker #2] Bootstrap tree #963, logLikelihood: -1466.522710[

[00:00:15] [worker #3] Bootstrap tree #964, logLikelihood: -1449.274639
[00:00:15] [worker #14] Bootstrap tree #975, logLikelihood: [-1449.75556200
-1448.623293
[00:00:15] [worker #20] Bootstrap tree #981, logLikelihood: -1470.848062
[00:00:15] [worker #10] Bootstrap tree #971, logLikelihood: -1462.422724
Bootstrap tree #987, logLikelihood: -1447.546654
[00:00:15] [worker #6] Bootstrap tree #967, logLikelihood: -1440.198404
[00:00:15] [worker #12] Bootstrap tree #973, logLikelihood: -1491.772695
[00:00:15] [worker #0] Bootstrap tree #961, logLikelihood: -1459.817551
[00:00:15] [worker #27] Bootstrap tree #988, logLikelihood: -1501.398603
[00:00:15] [worker #5] Bootstrap tree #998, logLikelihood: -1482.140822
[00:00:15] [worker #3] Bootstrap tree #996, logLikelihood: -1512.203584
[00:00:15] [worker #6] Bootstrap tree #999, logLikelihood: -1401.288445
[00:00:15] [worker #7] Bootstrap tree #1000, logLikelihood: -1463.121841
[00:00:15] [worker #4] Bootstrap tree #997, logLikelihood: -1420.923511
[00:00:15] [worker #1] Bootstrap tree #994, logLikelihood: -1441.823562
[00:00:15] [worker #2] Bootstrap tree #995, logLikelihood: -1425.467399
[00:00:15] [worker #0] Bootstrap tree #993, logLikelihood: -1468.200043

Optimized model parameters:

   Partition 0: noname
   Rate heterogeneity: GAMMA (4 cats, mean),  alpha: 0.020137 (ML),  weights&rates: (0.250000,0.000000) (0.250000,0.000000) (0.250000,0.000001) (0.250000,3.999999) 
   Base frequencies (ML): 0.327387 0.134569 0.090672 0.447372 
   Substitution rates (ML): 0.452665 1.357973 0.067748 0.001000 1.380939 1.000000 


Final LogLikelihood: -1458.845568

AIC score: 2985.691136 / AICc score: 2987.942792 / BIC score: 3155.547186
Free parameters (model + branch lengths): 34

WARNING: Best ML tree contains 6 near-zero branches!

Best ML tree with collapsed near-zero branches saved to: /mnt/lustre/RDS-live/downing/LSDV/GTPV_SPPV/results_GTPV/LSDV007.raxml.bestTreeCollapsed
Best ML tree saved to: /mnt/lustre/RDS-live/downing/LSDV/GTPV_SPPV/results_GTPV/LSDV007.raxml.bestTree
All ML trees saved to: /mnt/lustre/RDS-live/downing/LSDV/GTPV_SPPV/results_GTPV/LSDV007.raxml.mlTrees
Best ML tree with Felsenstein bootstrap (FBP) support values saved to: /mnt/lustre/RDS-live/downing/LSDV/GTPV_SPPV/results_GTPV/LSDV007.raxml.supportFBP
Best ML tree with Transfer bootstrap (TBE) support values saved to: /mnt/lustre/RDS-live/downing/LSDV/GTPV_SPPV/results_GTPV/LSDV007.raxml.supportTBE
Optimized model saved to: /mnt/lustre/RDS-live/downing/LSDV/GTPV_SPPV/results_GTPV/LSDV007.raxml.bestModel
Bootstrap trees saved to: /mnt/lustre/RDS-live/downing/LSDV/GTPV_SPPV/results_GTPV/LSDV007.raxml.bootstraps

Execution log saved to: /mnt/lustre/RDS-live/downing/LSDV/GTPV_SPPV/results_GTPV/LSDV007.raxml.log

Analysis started: 24-Nov-2025 13:59:06 / finished: 24-Nov-2025 13:59:23

Elapsed time: 16.674 seconds

