
RAxML-NG v. 1.2.2 released on 11.04.2024 by The Exelixis Lab.
Developed by: Alexey M. Kozlov and Alexandros Stamatakis.
Contributors: Diego Darriba, Tomas Flouri, Benoit Morel, Sarah Lutteropp, Ben Bettisworth, Julia Haag, Anastasis Togkousidis.
Latest version: https://github.com/amkozlov/raxml-ng
Questions/problems/suggestions? Please visit: https://groups.google.com/forum/#!forum/raxml

System: AMD EPYC 7543P 32-Core Processor, 32 cores, 995 GB RAM

RAxML-NG was called at 24-Nov-2025 16:46:56 as follows:

raxml-ng --all --msa region_LSDV050.aln --model GTR+G --prefix LSDV050 --seed 123 --bs-metric fbp,tbe --redo

Analysis options:
  run mode: ML tree search + bootstrapping (Felsenstein Bootstrap + Transfer Bootstrap)
  start tree(s): random (10) + parsimony (10)
  bootstrap replicates: parsimony (max: 1000) + bootstopping (autoMRE, cutoff: 0.030000)
  random seed: 123
  tip-inner: OFF
  pattern compression: ON
  per-rate scalers: OFF
  site repeats: ON
  logLH epsilon: general: 10.000000, brlen-triplet: 1000.000000
  fast spr radius: AUTO
  spr subtree cutoff: 1.000000
  fast CLV updates: ON
  branch lengths: proportional (ML estimate, algorithm: NR-FAST)
  SIMD kernels: AVX2
  parallelization: coarse-grained (auto), PTHREADS (auto)

WARNING: Running in REDO mode: existing checkpoints are ignored, and all result files will be overwritten!

[00:00:00] Reading alignment from file: region_LSDV050.aln
[00:00:00] Loaded alignment with 30 taxa and 1791 sites

WARNING: Sequences PV167793.1 and MW167070.1 are exactly identical!
WARNING: Sequences PV434148.1 and OQ434239.1 are exactly identical!
WARNING: Sequences PV434148.1 and OQ434238.1 are exactly identical!
WARNING: Sequences PV434148.1 and OQ434237.1 are exactly identical!
WARNING: Sequences PV434148.1 and OQ434236.1 are exactly identical!
WARNING: Sequences PV434148.1 and OQ434235.1 are exactly identical!
WARNING: Sequences PV434148.1 and ON961657.1 are exactly identical!
WARNING: Sequences PV434148.1 and ON961656.1 are exactly identical!
WARNING: Sequences PV434148.1 and ON961655.1 are exactly identical!
WARNING: Sequences PV434148.1 and MT137384.1 are exactly identical!
WARNING: Sequences PV434148.1 and MW020571.1 are exactly identical!
WARNING: Sequences PV434148.1 and MN072631.1 are exactly identical!
WARNING: Sequences PV434148.1 and MN072630.1 are exactly identical!
WARNING: Sequences PV434148.1 and AY077834.1 are exactly identical!
WARNING: Sequences PV434148.1 and AY077833.1 are exactly identical!
WARNING: Sequences PP886239.1 and PP886238.1 are exactly identical!
WARNING: Sequences PP886239.1 and PP886237.1 are exactly identical!
WARNING: Sequences PP886239.1 and PP886236.1 are exactly identical!
WARNING: Sequences PP886239.1 and OR239060.1 are exactly identical!
WARNING: Sequences PP886239.1 and NC_004002.1 are exactly identical!
WARNING: Sequences PP886239.1 and MW167071.1 are exactly identical!
WARNING: Sequences PP886239.1 and AY077832.1 are exactly identical!
WARNING: Sequences MN072627.1 and MN072626.1 are exactly identical!
WARNING: Duplicate sequences found: 23

NOTE: Reduced alignment (with duplicates and gap-only sites/taxa removed) 
NOTE: was saved to: /mnt/lustre/RDS-live/downing/LSDV/GTPV_SPPV/results_SPPV/LSDV050.raxml.reduced.phy

Alignment comprises 1 partitions and 14 patterns

Partition 0: noname
Model: GTR+FO+G4m
Alignment sites / patterns: 1791 / 14
Gaps: 0.00 %
Invariant sites: 99.44 %


NOTE: Binary MSA file created: LSDV050.raxml.rba

Parallelization scheme autoconfig: 32 worker(s) x 1 thread(s)

[00:00:00] Generating 10 random starting tree(s) with 30 taxa
[00:00:00] Generating 10 parsimony starting tree(s) with 30 taxa
Parallel parsimony with 32 threads
Parallel reduction/worker buffer size: 1 KB  / 0 KB

[00:00:00] Data distribution: max. partitions/sites/weight per thread: 1 / 14 / 224
[00:00:00] Data distribution: max. searches per worker: 33

Starting ML tree search with 20 distinct starting trees

[00:00:00] [worker #10] ML tree search #11, logLikelihood: -2308.147292
[00:00:00] [worker #11] ML tree search #12, logLikelihood: -2308.147292
[00:00:00] [worker #14] ML tree search #15, logLikelihood: -2308.147292
[00:00:00] [worker #18] ML tree search #19, logLikelihood: -2308.147290
[00:00:00] [worker #13] ML tree search #14, logLikelihood: -2308.147292
[00:00:00] [worker #12] ML tree search #13, logLikelihood: -2308.147292
[00:00:00] [worker #19] ML tree search #20, logLikelihood: -2308.147292
[00:00:00] [worker #8] ML tree search #9, logLikelihood: -2308.147310
[00:00:00] [worker #2] ML tree search #3, logLikelihood: -2308.147298
[00:00:00] [worker #17] ML tree search #18, logLikelihood: -2308.147292
[00:00:00] [worker #6] ML tree search #7, logLikelihood: -2308.147302
[00:00:00] [worker #5] ML tree search #6, logLikelihood: -2308.147314
[00:00:00] [worker #9] ML tree search #10, logLikelihood: -2308.147309
[00:00:00] [worker #3] ML tree search #4, logLikelihood: -2308.147297
[00:00:00] [worker #15] ML tree search #16, logLikelihood: -2308.147292
[00:00:00] [worker #16] ML tree search #17, logLikelihood: -2308.147292
[00:00:00] [worker #7] ML tree search #8, logLikelihood: -2308.147299
[00:00:00] [worker #0] ML tree search #1, logLikelihood: -2308.147319
[00:00:00] [worker #4] ML tree search #5, logLikelihood: -2308.147299
[00:00:00] [worker #1] ML tree search #2, logLikelihood: -2308.147308

[00:00:00] ML tree search completed, best tree logLH: -2308.147290

[00:00:00] Starting bootstrapping analysis with 1000 replicates.

[00:00:00] [worker #11] Bootstrap tree #12, logLikelihood: -2332.937608
[00:00:00] [worker #12] Bootstrap tree #13, logLikelihood: -2275.290904
[00:00:00] [worker #23] Bootstrap tree #24, logLikelihood: -2310.251249
[00:00:00] [worker #30] Bootstrap tree #31, logLikelihood: -2286.760091
[00:00:00] [worker #20] Bootstrap tree #21, logLikelihood: -2347.371548
[00:00:00] [worker #21] Bootstrap tree #22, logLikelihood: -2284.917378
[00:00:00] [worker #10] Bootstrap tree #11, logLikelihood: -2303.548574
[00:00:00] [worker #3] Bootstrap tree #4, logLikelihood: -2323.507360
[00:00:00] [worker #17] Bootstrap tree #18, logLikelihood: -2287.707162
[00:00:00] [worker #13] Bootstrap tree #14, logLikelihood: -2311.898253
[00:00:00] [worker #27] Bootstrap tree #28, logLikelihood: -2263.580053
[00:00:00] [worker #24] Bootstrap tree #25, logLikelihood: -2342.967677
[00:00:00] [worker #25] Bootstrap tree #26, logLikelihood: -2330.235182
[00:00:00] [worker #2] Bootstrap tree #3, logLikelihood: -2334.049557
[00:00:00] [worker #7] Bootstrap tree #8, logLikelihood: -2296.714970
[00:00:00] [worker #18] Bootstrap tree #19, logLikelihood: -2329.397248
[00:00:00] [worker #26] Bootstrap tree #27, logLikelihood: -2283.996472
[00:00:00] [worker #31] Bootstrap tree #32, logLikelihood: -2343.993201
[00:00:00] [worker #6] Bootstrap tree #7, logLikelihood: -2312.238205
[00:00:00] [worker #8] Bootstrap tree #9, logLikelihood: -2259.462438
[00:00:00] [worker #28] Bootstrap tree #29, logLikelihood: -2289.083708
[00:00:00] [worker #5] Bootstrap tree #6, logLikelihood: -2307.751555
[00:00:00] [worker #4] Bootstrap tree #5, logLikelihood: -2319.804386
[00:00:00] [worker #19] Bootstrap tree #20, logLikelihood: -2248.371962
[00:00:00] [worker #16] Bootstrap tree #17, logLikelihood: -2276.946153
[00:00:00] [worker #14] Bootstrap tree #15, logLikelihood: -2276.814048
[00:00:00] [worker #9] Bootstrap tree #10, logLikelihood: -2315.915278
[00:00:00] [worker #15] Bootstrap tree #16, logLikelihood: -2348.707743
[00:00:00] [worker #22] Bootstrap tree #23, logLikelihood: -2362.448282
[00:00:00] [worker #29] Bootstrap tree #30, logLikelihood: -2347.869448
[00:00:00] [worker #1] Bootstrap tree #2, logLikelihood: -2301.982758
[00:00:00] [worker #30] Bootstrap tree #63, logLikelihood: -2288.421838
[00:00:00] [worker #12] Bootstrap tree #45, logLikelihood: -2328.751251
[00:00:00] [worker #23] Bootstrap tree #56, logLikelihood: -2289.859586
[00:00:00] [worker #21] Bootstrap tree #54, logLikelihood: -2283.038621
[00:00:00] [worker #20] Bootstrap tree #53, logLikelihood: -2285.774830
[00:00:00] [worker #10] Bootstrap tree #43, logLikelihood: -2298.323644
[00:00:00] [worker #18] Bootstrap tree #51, logLikelihood: -2254.251596
[00:00:00] [worker #3] Bootstrap tree #36, logLikelihood: -2297.267844
[00:00:00] [worker #2] Bootstrap tree #35, logLikelihood: -2281.003625
[00:00:00] [worker #25] Bootstrap tree #58, logLikelihood: -2324.050791
[00:00:00] [worker #13] Bootstrap tree #46, logLikelihood: -2330.482066
[00:00:00] [worker #17] Bootstrap tree #50, logLikelihood: -2303.372435
[00:00:00] [worker #26] Bootstrap tree #59, logLikelihood: -2299.906375
[00:00:00] [worker #6] Bootstrap tree #39, logLikelihood: -2348.205756
[00:00:00] [worker #24] Bootstrap tree #57, logLikelihood: -2402.583379
[00:00:00] [worker #31] Bootstrap tree #64, logLikelihood: -2316.202068
[00:00:00] [worker #11] Bootstrap tree #44, logLikelihood: -2263.600990
[00:00:00] [worker #27] Bootstrap tree #60, logLikelihood: -2294.766781
[00:00:00] [worker #0] Bootstrap tree #1, logLikelihood: -2316.102359
[00:00:01] [worker #15] Bootstrap tree #48, logLikelihood: -2288.007565
[00:00:01] [worker #7] Bootstrap tree #40, logLikelihood: -2280.469995
[00:00:01] [worker #4] Bootstrap tree #37, logLikelihood: -2231.965519
[00:00:01] [worker #19] Bootstrap tree #52, logLikelihood: -2284.555838
[00:00:01] [worker #28] Bootstrap tree #61, logLikelihood: -2222.082134
[00:00:01] [worker #8] Bootstrap tree #41, logLikelihood: -2303.142110
[00:00:01] [worker #14] Bootstrap tree #47, logLikelihood: -2311.545169
[00:00:01] [worker #5] Bootstrap tree #38, logLikelihood: -2296.548092
[00:00:01] [worker #16] Bootstrap tree #49, logLikelihood: -2305.428620
[00:00:01] [worker #22] Bootstrap tree #55, logLikelihood: -2296.963331
[00:00:01] [worker #1] Bootstrap tree #34, logLikelihood: -2341.153434
[00:00:01] [worker #29] Bootstrap tree #62, logLikelihood: -2353.620851
[00:00:01] [worker #9] Bootstrap tree #42, logLikelihood: -2290.982556
[00:00:01] [worker #0] Bootstrap tree #33, logLikelihood: -2311.092730
[00:00:02] [worker #23] Bootstrap tree #88, logLikelihood: -2236.727632
[00:00:02] [worker #20] Bootstrap tree #85, logLikelihood: -2251.473066
[00:00:02] [worker #10] Bootstrap tree #75, logLikelihood: -2287.614745
[00:00:02] [worker #3] Bootstrap tree #68, logLikelihood: -2253.185371
[00:00:02] [worker #30] Bootstrap tree #95, logLikelihood: -2308.230066
[00:00:02] [worker #15] Bootstrap tree #80, logLikelihood: -2293.336220
[00:00:02] [worker #14] Bootstrap tree #79, logLikelihood: -2265.765595
[00:00:02] [worker #19] Bootstrap tree #84, logLikelihood: -2316.991847
[00:00:02] [worker #24] Bootstrap tree #89, logLikelihood: -2318.504466
[00:00:02] [worker #2] Bootstrap tree #67, logLikelihood: -2289.668846
[00:00:02] [worker #27] Bootstrap tree #92, logLikelihood: -2319.182214
[00:00:02] [worker #31] Bootstrap tree #96, logLikelihood: -2322.506515
[00:00:02] [worker #12] Bootstrap tree #77, logLikelihood: -2269.185002
[00:00:02] [worker #18] Bootstrap tree #83, logLikelihood: -2315.448753
[00:00:02] [worker #6] Bootstrap tree #71, logLikelihood: -2304.148210
[00:00:02] [worker #7] Bootstrap tree #72, logLikelihood: -2253.064636
[00:00:02] [worker #17] Bootstrap tree #82, logLikelihood: -2312.794915
[00:00:02] [worker #25] Bootstrap tree #90, logLikelihood: -2278.325716
[00:00:02] [worker #21] Bootstrap tree #86, logLikelihood: -2272.512110
[00:00:02] [worker #13] Bootstrap tree #78, logLikelihood: -2362.022547
[00:00:02] [worker #11] Bootstrap tree #76, logLikelihood: -2366.591992
[00:00:02] [worker #29] Bootstrap tree #94, logLikelihood: -2314.581260
[00:00:02] [worker #5] Bootstrap tree #70, logLikelihood: -2277.825657
[00:00:02] [worker #8] Bootstrap tree #73, logLikelihood: -2320.995108
[00:00:02] [worker #16] Bootstrap tree #81, logLikelihood: -2339.158098
[00:00:02] [worker #22] Bootstrap tree #87, logLikelihood: -2256.678394
[00:00:02] [worker #1] Bootstrap tree #66, logLikelihood: -2284.659965
[00:00:02] [worker #0] Bootstrap tree #65, logLikelihood: -2277.120299
[00:00:02] [worker #9] Bootstrap tree #74, logLikelihood: -2307.683425
[00:00:02] [worker #28] Bootstrap tree #93, logLikelihood: -2328.458987
[00:00:02] [worker #26] Bootstrap tree #91, logLikelihood: -2269.984172
[00:00:02] [worker #4] Bootstrap tree #69, logLikelihood: -2308.147291
[00:00:02] [worker #10] Bootstrap tree #107, logLikelihood: -2322.961982
[00:00:02] [worker #14] Bootstrap tree #111, logLikelihood: -2304.603679
[00:00:02] [worker #15] Bootstrap tree #112, logLikelihood: -2349.869682
[00:00:02] [worker #20] Bootstrap tree #117, logLikelihood: -2274.257523
[00:00:02] [worker #3] Bootstrap tree #100, logLikelihood: -2366.941138
[00:00:02] [worker #31] Bootstrap tree #128, logLikelihood: -2293.066674
[00:00:02] [worker #30] Bootstrap tree #127, logLikelihood: -2327.247921
[00:00:02] [worker #19] Bootstrap tree #116, logLikelihood: -2311.023978
[00:00:02] [worker #17] Bootstrap tree #114, logLikelihood: -2284.801746
[00:00:02] [worker #27] Bootstrap tree #124, logLikelihood: -2273.967817
[00:00:02] [worker #12] Bootstrap tree #109, logLikelihood: -2367.021581
[00:00:02] [worker #6] Bootstrap tree #103, logLikelihood: -2278.760826
[00:00:02] [worker #2] Bootstrap tree #99, logLikelihood: -2343.096365
[00:00:02] [worker #24] Bootstrap tree #121, logLikelihood: -2316.168164
[00:00:02] [worker #13] Bootstrap tree #110, logLikelihood: -2277.932056
[00:00:02] [worker #7] Bootstrap tree #104, logLikelihood: -2377.408425
[00:00:02] [worker #23] Bootstrap tree #120, logLikelihood: -2293.069404
[00:00:02] [worker #25] Bootstrap tree #122, logLikelihood: -2272.639535
[00:00:02] [worker #18] Bootstrap tree #115, logLikelihood: -2323.178942
[00:00:02] [worker #11] Bootstrap tree #108, logLikelihood: -2246.393579
[00:00:02] [worker #21] Bootstrap tree #118, logLikelihood: -2307.420270
[00:00:02] [worker #5] Bootstrap tree #102, logLikelihood: -2268.309179
[00:00:02] [worker #16] Bootstrap tree #113, logLikelihood: -2309.310419
[00:00:02] [worker #29] Bootstrap tree #126, logLikelihood: -2302.137764
[00:00:02] [worker #22] Bootstrap tree #119, logLikelihood: -2310.518242
[00:00:03] [worker #8] Bootstrap tree #105, logLikelihood: -2302.172947
[00:00:03] [worker #4] Bootstrap tree #101, logLikelihood: -2287.263424
[00:00:03] [worker #0] Bootstrap tree #97, logLikelihood: -2268.603015
[00:00:03] [worker #9] Bootstrap tree #106, logLikelihood: -2287.821559
[00:00:03] [worker #26] Bootstrap tree #123, logLikelihood: -2257.225834
[00:00:03] [worker #1] Bootstrap tree #98, logLikelihood: -2348.594071
[00:00:03] [worker #28] Bootstrap tree #125, logLikelihood: -2325.397405
[00:00:05] [worker #30] Bootstrap tree #159, logLikelihood: -2242.594031
[00:00:05] [worker #29] Bootstrap tree #158, logLikelihood: -2254.158086
[00:00:05] [worker #28] Bootstrap tree #157, logLikelihood: -2276.056112
[00:00:05] [worker #13] Bootstrap tree #142, logLikelihood: [00:00:05] [worker #23] Bootstrap tree #152, logLikelihood: -2304.285218-2311.999143
[00:00:05] [worker #13] Bootstrap tree #142, logLikelihood: [00:00:05] [worker #23] Bootstrap tree #152, logLikelihood: -2304.285218-2311.999143

[00:00:05] [worker #20] Bootstrap tree #149, logLikelihood: -2351.941752
[00:00:05] [worker #5] Bootstrap tree #134, logLikelihood: -2323.119224
[00:00:05] [worker #6] Bootstrap tree #135, logLikelihood: -2286.828556
[00:00:05] [worker #24] Bootstrap tree #153, logLikelihood: -2249.453815
[00:00:05] [worker #7] Bootstrap tree #136, logLikelihood: -2293.164331
[00:00:05] [worker #19] Bootstrap tree #148, logLikelihood: -2266.520070
[00:00:05] [worker #3] Bootstrap tree #132, logLikelihood: -2280.175529
[00:00:05] [worker #16] Bootstrap tree #145, logLikelihood: -2284.238358
[00:00:05] [worker #2] Bootstrap tree #131, logLikelihood: -2316.577784
[00:00:05] [worker #14] Bootstrap tree #143, logLikelihood: -2299.897659
[00:00:05] [worker #27] Bootstrap tree #156, logLikelihood: -2286.166009
[00:00:05] [worker #12] Bootstrap tree #141, logLikelihood: -2317.985753
[00:00:05] [worker #26] Bootstrap tree #155, logLikelihood: -2262.744564
[00:00:05] [worker #8] Bootstrap tree #137, logLikelihood: -2306.701112
[00:00:05] [worker #11] Bootstrap tree #140, logLikelihood: -2354.099758
[00:00:05] [worker #25] Bootstrap tree #154, logLikelihood: -2374.586225
[00:00:05] [worker #15] Bootstrap tree #144, logLikelihood: -2315.945039
[00:00:05] [worker #17] Bootstrap tree #146, logLikelihood: -2286.708982
[00:00:05] [worker #1] Bootstrap tree #130, logLikelihood: -2319.880183
[00:00:05] [worker #18] Bootstrap tree #147, logLikelihood: -2314.827886
[00:00:05] [worker #31] Bootstrap tree #160, logLikelihood: -2313.057373
[00:00:05] [worker #9] Bootstrap tree #138, logLikelihood: -2262.419808
[00:00:05] [worker #22] Bootstrap tree #151, logLikelihood: -2295.891729
[00:00:05] [worker #0] Bootstrap tree #129, logLikelihood: -2335.039158
[00:00:05] [worker #4] Bootstrap tree #133, logLikelihood: -2329.900993
[00:00:05] [worker #10] Bootstrap tree #139, logLikelihood: -2326.703572
[00:00:05] [worker #21] Bootstrap tree #150, logLikelihood: -2360.478492
[00:00:05] [worker #28] Bootstrap tree #189, logLikelihood: -2299.921637
[00:00:05] [worker #29] Bootstrap tree #190, logLikelihood: -2243.178700
[00:00:05] [worker #20] Bootstrap tree #181, logLikelihood: -2379.563500
[00:00:05] [worker #13] Bootstrap tree #174, logLikelihood: -2384.389621
[00:00:05] [worker #11] Bootstrap tree #172, logLikelihood: -2273.393465
[00:00:05] [worker #7] Bootstrap tree #168, logLikelihood: [00:00:05] -2284.685317[worker #23] Bootstrap tree #184, logLikelihood: 
[00:00:05] [worker #7] Bootstrap tree #168, logLikelihood: [00:00:05] -2284.685317[worker #23] Bootstrap tree #184, logLikelihood: 
-2263.525919
[00:00:05] [worker #5] Bootstrap tree #166, logLikelihood: -2319.823128
[00:00:05] [worker #30] Bootstrap tree #191, logLikelihood: -2307.571652
[00:00:05] [worker #14] Bootstrap tree #175, logLikelihood: -2289.357343
[00:00:05] [worker #8] Bootstrap tree #169, logLikelihood: -2260.240783
[00:00:05] [worker #19] Bootstrap tree #180, logLikelihood: -2248.333427
[00:00:05] [worker #6] Bootstrap tree #167, logLikelihood: -2349.572820
[00:00:05] [worker #24] Bootstrap tree #185, logLikelihood: -2247.052828
[00:00:05] [worker #27] Bootstrap tree #188, logLikelihood: -2343.895595
[00:00:05] [worker #15] Bootstrap tree #176, logLikelihood: -2284.449591
[00:00:05] [worker #18] Bootstrap tree #179, logLikelihood: -2257.118587
[00:00:05] [worker #3] Bootstrap tree #164, logLikelihood: -2263.852058
[00:00:05] [worker #16] Bootstrap tree #177, logLikelihood: -2378.851894
[00:00:05] [worker #12] Bootstrap tree #173, logLikelihood: -2288.162697
[00:00:05] [worker #17] Bootstrap tree #178, logLikelihood: -2302.188122
[00:00:05] [worker #2] Bootstrap tree #163, logLikelihood: -2295.902713
[00:00:05] [worker #26] Bootstrap tree #187, logLikelihood: -2311.706523
[00:00:05] [worker #25] Bootstrap tree #186, logLikelihood: -2317.127255
[00:00:05] [worker #31] Bootstrap tree #192, logLikelihood: -2240.505912
[00:00:05] [worker #22] Bootstrap tree #183, logLikelihood: -2299.425577
[00:00:05] [worker #1] Bootstrap tree #162, logLikelihood: -2335.984327
[00:00:05] [worker #9] Bootstrap tree #170, logLikelihood: -2230.677027
[00:00:05] [worker #0] Bootstrap tree #161, logLikelihood: -2234.063206
[00:00:05] [worker #21] Bootstrap tree #182, logLikelihood: -2350.660969
[00:00:05] [worker #4] Bootstrap tree #165, logLikelihood: -2284.817464
[00:00:05] [worker #10] Bootstrap tree #171, logLikelihood: -2255.254297
[00:00:09] [worker #30] Bootstrap tree #223, logLikelihood: -2313.470962
[00:00:09] [worker #3] Bootstrap tree #196, logLikelihood: -2305.215376
[00:00:09] [worker #11] Bootstrap tree #204, logLikelihood: -2266.025340
[00:00:09] [worker #18] Bootstrap tree #211, logLikelihood: -2260.924805
[00:00:09] [worker #13] Bootstrap tree #206, logLikelihood: -2298.172852
[00:00:09] [worker #14] Bootstrap tree #207, logLikelihood: -2304.294912
[00:00:09] [worker #5] Bootstrap tree #198, logLikelihood: -2305.459320
[00:00:09] [worker #29] Bootstrap tree #222, logLikelihood: -2285.045272
[00:00:09] [worker #25] Bootstrap tree #218, logLikelihood: -2304.344475
[00:00:09] [worker #8] Bootstrap tree #201, logLikelihood: -2328.142132
[00:00:09] [worker #16] Bootstrap tree #209, logLikelihood: -2255.957705
[00:00:09] [worker #19] Bootstrap tree #212, logLikelihood: -2310.570038
[00:00:09] [worker #27] Bootstrap tree #220, logLikelihood: -2285.790035
[00:00:09] [worker #21] Bootstrap tree #214, logLikelihood: -2282.355098
[00:00:09] [worker #6] Bootstrap tree #199, logLikelihood: -2267.080796
[00:00:09] [worker #24] Bootstrap tree #217, logLikelihood: -2262.476318
[00:00:09] [worker #15] Bootstrap tree #208, logLikelihood: -2259.437631
[00:00:09] [worker #23] Bootstrap tree #216, logLikelihood: -2310.105329
[00:00:09] [worker #7] Bootstrap tree #200, logLikelihood: -2337.260164
[00:00:09] [worker #28] Bootstrap tree #221, logLikelihood: -2258.550306
[00:00:09] [worker #2] Bootstrap tree #195, logLikelihood: -2293.019216
[00:00:09] [worker #12] Bootstrap tree #205, logLikelihood: -2278.047475
[00:00:09] [worker #17] Bootstrap tree #210, logLikelihood: -2282.752272
[00:00:09] [worker #0] Bootstrap tree #193, logLikelihood: -2323.891390
[00:00:09] [worker #4] Bootstrap tree #197, logLikelihood: -2320.921804
[00:00:09] [worker #31] Bootstrap tree #224, logLikelihood: -2266.287714
[00:00:09] [worker #22] Bootstrap tree #215, logLikelihood: -2267.756839
[00:00:09] [worker #26] Bootstrap tree #219, logLikelihood: -2307.370046
[00:00:09] [worker #1] Bootstrap tree #194, logLikelihood: -2353.011088
[00:00:09] [worker #20] Bootstrap tree #213, logLikelihood: -2325.148962
[00:00:09] [worker #9] Bootstrap tree #202, logLikelihood: -2330.180999
[00:00:09] [worker #10] Bootstrap tree #203, logLikelihood: -2298.494518
[00:00:09] [worker #3] Bootstrap tree #228, logLikelihood: -2298.381558
[00:00:09] [worker #30] Bootstrap tree #255, logLikelihood: -2226.359399
[00:00:09] [worker #18] Bootstrap tree #243, logLikelihood: -2350.470306
[00:00:09] [worker #13] Bootstrap tree #238, logLikelihood: -2313.042568
[00:00:09] [worker #11] Bootstrap tree #236, logLikelihood: -2353.110021
[00:00:09] [worker #27] Bootstrap tree #252, logLikelihood: -2262.707929
[00:00:09] [worker #19] Bootstrap tree #244, logLikelihood: -2288.363010
[00:00:09] [worker #5] Bootstrap tree #230, logLikelihood: -2321.363781
[00:00:09] [worker #2] Bootstrap tree #227, logLikelihood: -2279.700424
[00:00:09] [worker #8] Bootstrap tree #233, logLikelihood: -2309.277136
[00:00:09] [worker #28] Bootstrap tree #253, logLikelihood: -2217.408829
[00:00:09] [worker #21] Bootstrap tree #246, logLikelihood: -2290.327182
[00:00:09] [worker #6] Bootstrap tree #231, logLikelihood: -2236.337572
[00:00:09] [worker #7] Bootstrap tree #232, logLikelihood: -2339.129912
[00:00:09] [worker #25] Bootstrap tree #250, logLikelihood: -2243.774547
[00:00:09] [worker #16] Bootstrap tree #241, logLikelihood: -2315.383380
[00:00:09] [worker #15] Bootstrap tree #240, logLikelihood: -2282.742573
[00:00:09] [worker #29] Bootstrap tree #254, logLikelihood: -2345.729963
[00:00:09] [worker #24] Bootstrap tree #249, logLikelihood: -2305.050212
[00:00:09] [worker #17] Bootstrap tree #242, logLikelihood: -2329.899502
[00:00:09] [worker #23] Bootstrap tree #248, logLikelihood: -2311.959996
[00:00:09] [worker #14] Bootstrap tree #239, logLikelihood: -2295.338549
[00:00:09] [worker #4] Bootstrap tree #229, logLikelihood: -2289.875129
[00:00:09] [worker #12] Bootstrap tree #237, logLikelihood: -2314.946066
[00:00:09] [worker #20] Bootstrap tree #245, logLikelihood: -2273.085660
[00:00:09] [worker #22] Bootstrap tree #247, logLikelihood: -2288.912134
[00:00:09] [worker #0] Bootstrap tree #225, logLikelihood: -2283.726789
[00:00:09] [worker #26] Bootstrap tree #251, logLikelihood: -2301.086856
[00:00:09] [worker #9] Bootstrap tree #234, logLikelihood: -2271.840241
[00:00:09] [worker #1] Bootstrap tree #226, logLikelihood: -2260.651378
[00:00:09] [worker #31] Bootstrap tree #256, logLikelihood: -2381.433568
[00:00:09] [worker #10] Bootstrap tree #235, logLikelihood: -2264.832799
[00:00:16] [worker #19] Bootstrap tree #276, logLikelihood: -2297.667434
[00:00:16] [worker #22] Bootstrap tree #279, logLikelihood: -2293.881005
[00:00:16] [worker #15] Bootstrap tree #272, logLikelihood: -2302.161477
[00:00:16] [worker #27] Bootstrap tree #284, logLikelihood: -2304.444094
[00:00:16] [worker #20] Bootstrap tree #277, logLikelihood: -2254.543064
[00:00:16] [worker #7] Bootstrap tree #264, logLikelihood: -2274.521968
[00:00:16] [worker #21] Bootstrap tree #278, logLikelihood: -2330.138510
[00:00:16] [worker #31] Bootstrap tree #288, logLikelihood: -2320.613565
[00:00:16] [worker #2] Bootstrap tree #259, logLikelihood: -2251.581225
[00:00:16] [worker #26] Bootstrap tree #283, logLikelihood: -2288.138434
[00:00:16] [worker #17] Bootstrap tree #274, logLikelihood: -2260.780110
[00:00:16] [worker #23] Bootstrap tree #280, logLikelihood: -2234.131112
[[00:00:00:00:16] [worker #28] Bootstrap tree #16285] , logLikelihood: [worker #1] Bootstrap tree #258, logLikelihood: -2336.423943
[[00:00:00:00:16] [worker #28] Bootstrap tree #16285] , logLikelihood: [worker #1] Bootstrap tree #258, logLikelihood: -2336.423943

[00:00:16] [worker #13] Bootstrap tree #270, logLikelihood: -2353.398928
[00:00:16] [worker #6] Bootstrap tree #263, logLikelihood: -2327.013670
[00:00:16] [worker #4] Bootstrap tree #261, logLikelihood: -2287.135760
[00:00:16] [worker #25] Bootstrap tree #282, logLikelihood: -2347.463508
[00:00:16] [worker #16] Bootstrap tree #273, logLikelihood: -2322.982842
[00:00:16] [worker #8] Bootstrap tree #265, logLikelihood: -2372.792467
[00:00:16] [worker #10] Bootstrap tree #267, logLikelihood: -2315.800355
[00:00:16] [worker #11] Bootstrap tree #268, logLikelihood: -2322.742549
[00:00:16] [worker #18] Bootstrap tree #275, logLikelihood: -2343.001605
[00:00:16] [worker #24] Bootstrap tree #281, logLikelihood: -2269.345860
[00:00:16] [worker #14] Bootstrap tree #271, logLikelihood: -2285.768695
[00:00:16] [worker #3] Bootstrap tree #260, logLikelihood: -2268.802342
[00:00:16] [worker #0] Bootstrap tree #257, logLikelihood: -2272.362671
[00:00:16] [worker #30] Bootstrap tree #287, logLikelihood: -2284.852241
[00:00:16] [worker #9] Bootstrap tree #266, logLikelihood: -2275.975911
[00:00:16] [worker #12] Bootstrap tree #269, logLikelihood: -2270.437874
[00:00:16] [worker #5] Bootstrap tree #262, logLikelihood: -2299.985288
[00:00:16] [worker #29] Bootstrap tree #286, logLikelihood: -2310.035616
[00:00:16] [worker #27] Bootstrap tree #316, logLikelihood: -2342.981642
[00:00:16] [worker #22] Bootstrap tree #311, logLikelihood: -2273.614258
[00:00:16] [worker #15] Bootstrap tree #304, logLikelihood: -2279.264501
[00:00:16] [worker #26] Bootstrap tree #315, logLikelihood: -2232.337900
[00:00:16] [worker #19] Bootstrap tree #308, logLikelihood: -2284.144880
[00:00:16] [worker #28] Bootstrap tree #317, logLikelihood: -2307.094459
[00:00:16] [worker #20] Bootstrap tree #309, logLikelihood: -2327.571006
[00:00:16] [worker #31] Bootstrap tree #320, logLikelihood: -2313.999353
[00:00:16] [worker #8] Bootstrap tree #297, logLikelihood: -2291.119674
[00:00:16] [worker #25] Bootstrap tree #314, logLikelihood: -2286.635607
00:00:16] [worker #2] Bootstrap tree #291, logLikelihood: -2287.398146
[00:00:16] [worker #21] Bootstrap tree #310, logLikelihood: -2276.151067
[00:00:16] [worker #7] Bootstrap tree #296, logLikelihood: -2342.234669
[00:00:16] [worker #16] Bootstrap tree #305, logLikelihood: -2320.227151
[00:00:16] [worker #23] Bootstrap tree #312, logLikelihood: -2324.992378
[00:00:16] [worker #4] Bootstrap tree #293, logLikelihood: -2364.278497
[00:00:16] [worker #10] Bootstrap tree #299, logLikelihood: -2304.417993
-2336.418401
[00:00:16] [worker #13] Bootstrap tree #302, logLikelihood: -2324.417554
[00:00:16] [worker #24] Bootstrap tree #313, logLikelihood: -2338.142571
[00:00:16] [worker #11] Bootstrap tree #300, logLikelihood: -2313.452532
[00:00:16] [worker #6] Bootstrap tree #295, logLikelihood: -2296.001162
[00:00:16] [worker #14] Bootstrap tree #303, logLikelihood: -2248.160230
[00:00:16] [worker #1] Bootstrap tree #290, logLikelihood: -2306.820375
[00:00:16] [worker #3] Bootstrap tree #292, logLikelihood: -2304.111050
[00:00:16] [worker #17] Bootstrap tree #306, logLikelihood: -2327.979729
[00:00:16] [worker #30] Bootstrap tree #319, logLikelihood: -2358.399474
[00:00:16] [worker #9] Bootstrap tree #298, logLikelihood: -2248.404941
[00:00:16] [worker #12] Bootstrap tree #301, logLikelihood: -2290.976235
[00:00:16] [worker #0] Bootstrap tree #289, logLikelihood: -2312.998388
[00:00:16] [worker #29] Bootstrap tree #318, logLikelihood: -2318.205033
[00:00:16] [worker #5] Bootstrap tree #294, logLikelihood: -2289.510158
[00:00:26] Bootstrapping converged after 320 replicates.

Optimized model parameters:

   Partition 0: noname
   Rate heterogeneity: GAMMA (4 cats, mean),  alpha: 99.862651 (ML),  weights&rates: (0.250000,0.875823) (0.250000,0.964713) (0.250000,1.029567) (0.250000,1.129897) 
   Base frequencies (ML): 0.364053 0.121714 0.115585 0.398648 
   Substitution rates (ML): 1.045282 4.381677 0.316440 3.283962 1.910417 1.000000 


Final LogLikelihood: -2308.147290

AIC score: 4748.294580 / AICc score: 4753.424510 / BIC score: 5110.669520
Free parameters (model + branch lengths): 66

WARNING: Best ML tree contains 23 near-zero branches!

Best ML tree with collapsed near-zero branches saved to: /mnt/lustre/RDS-live/downing/LSDV/GTPV_SPPV/results_SPPV/LSDV050.raxml.bestTreeCollapsed
Best ML tree saved to: /mnt/lustre/RDS-live/downing/LSDV/GTPV_SPPV/results_SPPV/LSDV050.raxml.bestTree
All ML trees saved to: /mnt/lustre/RDS-live/downing/LSDV/GTPV_SPPV/results_SPPV/LSDV050.raxml.mlTrees
Best ML tree with Felsenstein bootstrap (FBP) support values saved to: /mnt/lustre/RDS-live/downing/LSDV/GTPV_SPPV/results_SPPV/LSDV050.raxml.supportFBP
Best ML tree with Transfer bootstrap (TBE) support values saved to: /mnt/lustre/RDS-live/downing/LSDV/GTPV_SPPV/results_SPPV/LSDV050.raxml.supportTBE
Optimized model saved to: /mnt/lustre/RDS-live/downing/LSDV/GTPV_SPPV/results_SPPV/LSDV050.raxml.bestModel
Bootstrap trees saved to: /mnt/lustre/RDS-live/downing/LSDV/GTPV_SPPV/results_SPPV/LSDV050.raxml.bootstraps

Execution log saved to: /mnt/lustre/RDS-live/downing/LSDV/GTPV_SPPV/results_SPPV/LSDV050.raxml.log

Analysis started: 24-Nov-2025 16:46:56 / finished: 24-Nov-2025 16:47:22

Elapsed time: 26.536 seconds

