
RAxML-NG v. 1.2.2 released on 11.04.2024 by The Exelixis Lab.
Developed by: Alexey M. Kozlov and Alexandros Stamatakis.
Contributors: Diego Darriba, Tomas Flouri, Benoit Morel, Sarah Lutteropp, Ben Bettisworth, Julia Haag, Anastasis Togkousidis.
Latest version: https://github.com/amkozlov/raxml-ng
Questions/problems/suggestions? Please visit: https://groups.google.com/forum/#!forum/raxml

System: AMD EPYC 7543P 32-Core Processor, 32 cores, 995 GB RAM

RAxML-NG was called at 24-Nov-2025 17:19:10 as follows:

raxml-ng --all --msa region_LSDV080.aln --model GTR+G --prefix LSDV080 --seed 123 --bs-metric fbp,tbe --redo

Analysis options:
  run mode: ML tree search + bootstrapping (Felsenstein Bootstrap + Transfer Bootstrap)
  start tree(s): random (10) + parsimony (10)
  bootstrap replicates: parsimony (max: 1000) + bootstopping (autoMRE, cutoff: 0.030000)
  random seed: 123
  tip-inner: OFF
  pattern compression: ON
  per-rate scalers: OFF
  site repeats: ON
  logLH epsilon: general: 10.000000, brlen-triplet: 1000.000000
  fast spr radius: AUTO
  spr subtree cutoff: 1.000000
  fast CLV updates: ON
  branch lengths: proportional (ML estimate, algorithm: NR-FAST)
  SIMD kernels: AVX2
  parallelization: coarse-grained (auto), PTHREADS (auto)

WARNING: Running in REDO mode: existing checkpoints are ignored, and all result files will be overwritten!

[00:00:00] Reading alignment from file: region_LSDV080.aln
[00:00:00] Loaded alignment with 30 taxa and 468 sites

WARNING: Sequences PV167793.1 and PV434148.1 are exactly identical!
WARNING: Sequences PV167793.1 and PQ014465.1 are exactly identical!
WARNING: Sequences PV167793.1 and OQ434239.1 are exactly identical!
WARNING: Sequences PV167793.1 and OQ434238.1 are exactly identical!
WARNING: Sequences PV167793.1 and OQ434237.1 are exactly identical!
WARNING: Sequences PV167793.1 and OQ434236.1 are exactly identical!
WARNING: Sequences PV167793.1 and OQ434235.1 are exactly identical!
WARNING: Sequences PV167793.1 and ON961657.1 are exactly identical!
WARNING: Sequences PV167793.1 and ON961656.1 are exactly identical!
WARNING: Sequences PV167793.1 and ON961655.1 are exactly identical!
WARNING: Sequences PV167793.1 and MT137384.1 are exactly identical!
WARNING: Sequences PV167793.1 and MW020571.1 are exactly identical!
WARNING: Sequences PV167793.1 and MN072631.1 are exactly identical!
WARNING: Sequences PV167793.1 and MN072630.1 are exactly identical!
WARNING: Sequences PV167793.1 and MN072628.1 are exactly identical!
WARNING: Sequences PV167793.1 and MN072627.1 are exactly identical!
WARNING: Sequences PV167793.1 and MN072626.1 are exactly identical!
WARNING: Sequences PV167793.1 and AY077834.1 are exactly identical!
WARNING: Sequences PV167793.1 and AY077833.1 are exactly identical!
WARNING: Sequences PP886239.1 and PP886238.1 are exactly identical!
WARNING: Sequences PP886239.1 and PP886237.1 are exactly identical!
WARNING: Sequences PP886239.1 and PP886236.1 are exactly identical!
WARNING: Sequences PP886239.1 and NC_004002.1 are exactly identical!
WARNING: Sequences PP886239.1 and MW167071.1 are exactly identical!
WARNING: Sequences PP886239.1 and MN072629.1 are exactly identical!
WARNING: Sequences PP886239.1 and AY077832.1 are exactly identical!
WARNING: Duplicate sequences found: 26

NOTE: Reduced alignment (with duplicates and gap-only sites/taxa removed) 
NOTE: was saved to: /mnt/lustre/RDS-live/downing/LSDV/GTPV_SPPV/results_SPPV/LSDV080.raxml.reduced.phy

Alignment comprises 1 partitions and 7 patterns

Partition 0: noname
Model: GTR+FO+G4m
Alignment sites / patterns: 468 / 7
Gaps: 0.00 %
Invariant sites: 99.36 %


NOTE: Binary MSA file created: LSDV080.raxml.rba

Parallelization scheme autoconfig: 32 worker(s) x 1 thread(s)

[00:00:00] Generating 10 random starting tree(s) with 30 taxa
[00:00:00] Generating 10 parsimony starting tree(s) with 30 taxa
Parallel parsimony with 32 threads
Parallel reduction/worker buffer size: 1 KB  / 0 KB

[00:00:00] Data distribution: max. partitions/sites/weight per thread: 1 / 7 / 112
[00:00:00] Data distribution: max. searches per worker: 33

Starting ML tree search with 20 distinct starting trees

[00:00:00] [worker #5] ML tree search #6, logLikelihood: -590.127917
[00:00:00] [worker #18] ML tree search #19, logLikelihood: -590.127917
[00:00:00] [worker #15] ML tree search #16, logLikelihood: -590.127921
[00:00:00] [worker #10] ML tree search #11, logLikelihood: -590.127921
[00:00:00] [worker #13] ML tree search #14, logLikelihood: -590.127921
[00:00:00] [worker #4] ML tree search #5, logLikelihood: -590.127917
[00:00:00] [worker #19] ML tree search #20, logLikelihood: -590.127921
[00:00:00] [worker #6] ML tree search #7, logLikelihood: -590.127919
[00:00:00] [worker #12] ML tree search #13, logLikelihood: -590.127921
[00:00:00] [worker #2] ML tree search #3, logLikelihood: -590.127918
[00:00:00] [worker #8] ML tree search #9, logLikelihood: -590.127918
[00:00:00] [worker #11] ML tree search #12, logLikelihood: -590.127921
[00:00:00] [worker #17] ML tree search #18, logLikelihood: -590.127921
[00:00:00] [worker #9] ML tree search #10, logLikelihood: -590.127917
[00:00:00] [worker #14] ML tree search #15, logLikelihood: -590.127920
[00:00:00] [worker #3] ML tree search #4, logLikelihood: -590.127913
[00:00:00] [worker #1] ML tree search #2, logLikelihood: -590.127919
[00:00:00] [worker #16] ML tree search #17, logLikelihood: -590.127921
[00:00:00] [worker #7] ML tree search #8, logLikelihood: -590.127921
[00:00:00] [worker #0] ML tree search #1, logLikelihood: -590.127921

[00:00:00] ML tree search completed, best tree logLH: -590.127913

[00:00:00] Starting bootstrapping analysis with 1000 replicates.

[00:00:00] [worker #24] Bootstrap tree #25, logLikelihood: -577.824000
[00:00:00] [worker #26] Bootstrap tree #27, logLikelihood: -576.337165
[00:00:00] [worker #31] Bootstrap tree #32, logLikelihood: -583.522920
[00:00:00] [worker #3] Bootstrap tree #4, logLikelihood: -570.706889
[00:00:00] [worker #2] Bootstrap tree #3, logLikelihood: -590.127921
[00:00:00] [worker #17] Bootstrap tree #18, logLikelihood: -600.238246
[00:00:00] [worker #20] Bootstrap tree #21, logLikelihood: -559.435394
[00:00:00] [worker #5] Bootstrap tree #6, logLikelihood: -553.450124
[00:00:00] [worker #27] Bootstrap tree #28, logLikelihood: -558.766825
[00:00:00] [worker #4] Bootstrap tree #5, logLikelihood: -595.307032
[00:00:00] [worker #21] Bootstrap tree #22, logLikelihood: -590.127921
[00:00:00] [worker #18] Bootstrap tree #19, logLikelihood: -590.127921
[00:00:00] [worker #1] Bootstrap tree #2, logLikelihood: -605.039804
[00:00:00] [worker #13] Bootstrap tree #14, logLikelihood: -581.319641
[00:00:00] [worker #8] Bootstrap tree #9, logLikelihood: -568.152202
[00:00:00] [worker #29] Bootstrap tree #30, logLikelihood: -590.127921
[00:00:00] [worker #19] Bootstrap tree #20, logLikelihood: -577.076231
[00:00:00] [worker #12] Bootstrap tree #13, logLikelihood: -590.127921
[00:00:00] [worker #10] Bootstrap tree #11, logLikelihood: -583.175749
[00:00:00] [worker #11] Bootstrap tree #12, logLikelihood: -590.127921
[00:00:00] [worker #7] Bootstrap tree #8, logLikelihood: -591.644695
[00:00:00] [worker #23] Bootstrap tree #24, logLikelihood: -573.212192
[00:00:00] [worker #14] Bootstrap tree #15, logLikelihood: -576.557372
[00:00:00] [worker #28] Bootstrap tree #29, logLikelihood: -595.657179
[00:00:00] [worker #15] Bootstrap tree #16, logLikelihood: -596.245572
[00:00:00] [worker #25] Bootstrap tree #26, logLikelihood: -578.163696
[00:00:00] [worker #6] Bootstrap tree #7, logLikelihood: -574.660465
[00:00:00] [worker #30] Bootstrap tree #31, logLikelihood: -554.490013
[00:00:00] [worker #16] Bootstrap tree #17, logLikelihood: -590.127921
[00:00:00] [worker #22] Bootstrap tree #23, logLikelihood: -590.127921
[00:00:00] [worker #26] Bootstrap tree #59, logLikelihood: -586.997879
[00:00:00] [worker #9] Bootstrap tree #10, logLikelihood: -613.186387
[00:00:00] [worker #0] Bootstrap tree #1, logLikelihood: -588.029673
[00:00:00] [worker #20] Bootstrap tree #53, logLikelihood: -561.559576
[00:00:00] [worker #24] Bootstrap tree #57, logLikelihood: -590.127921
[00:00:00] [worker #17] Bootstrap tree #50, logLikelihood: -590.127917
[00:00:00] [worker #4] Bootstrap tree #37, logLikelihood: -584.362089
[00:00:00] [worker #3] Bootstrap tree #36, logLikelihood: -590.127921
[00:00:00] [worker #27] Bootstrap tree #60, logLikelihood: -577.365704
[00:00:00] [worker #29] Bootstrap tree #62, logLikelihood: -565.726685
[00:00:00] [worker #2] Bootstrap tree #35, logLikelihood: -582.903045
[00:00:00] [worker #31] Bootstrap tree #64, logLikelihood: -590.127921
[00:00:00] [worker #5] Bootstrap tree #38, logLikelihood: -599.672028
[00:00:00] [worker #21] Bootstrap tree #54, logLikelihood: -565.476868
[00:00:00] [worker #18] Bootstrap tree #51, logLikelihood: -590.127921
[00:00:00] [worker #13] Bootstrap tree #46, logLikelihood: -553.097364
[00:00:00] [worker #14] Bootstrap tree #47, logLikelihood: -579.005348
[00:00:00] [worker #23] Bootstrap tree #56, logLikelihood: -587.941377
[00:00:00] [worker #28] Bootstrap tree #61, logLikelihood: -590.642049
[00:00:00] [worker #12] Bootstrap tree #45, logLikelihood: -583.953258
[00:00:00] [worker #11] Bootstrap tree #44, logLikelihood: -592.508149
[00:00:00] [worker #1] Bootstrap tree #34, logLikelihood: -590.127921
[00:00:00] [worker #8] Bootstrap tree #41, logLikelihood: -588.722086
[00:00:00] [worker #30] Bootstrap tree #63, logLikelihood: -574.680429
[00:00:00] [worker #10] Bootstrap tree #43, logLikelihood: -575.019745
[00:00:00] [worker #19] Bootstrap tree #52, logLikelihood: -590.127921
[00:00:00] [worker #7] Bootstrap tree #40, logLikelihood: -582.799712
[00:00:00] [worker #16] Bootstrap tree #49, logLikelihood: -590.127921
[00:00:00] [worker #22] Bootstrap tree #55, logLikelihood: -585.529120
[00:00:00] [worker #6] Bootstrap tree #39, logLikelihood: -583.913206
[00:00:00] [worker #9] Bootstrap tree #42, logLikelihood: -570.056168
[00:00:00] [worker #25] Bootstrap tree #58, logLikelihood: -590.127921
[00:00:00] [worker #15] Bootstrap tree #48, logLikelihood: -575.300006
[00:00:00] [worker #0] Bootstrap tree #33, logLikelihood: -581.561307
[00:00:01] [worker #5] Bootstrap tree #70, logLikelihood: -568.181746
[00:00:01] [worker #6] Bootstrap tree #71, logLikelihood: -590.319235
[00:00:01] [worker #22] Bootstrap tree #87, logLikelihood: -544.382860
[00:00:01] [worker #21] Bootstrap tree #86, logLikelihood: -566.318620
[00:00:01] [worker #25] Bootstrap tree #90, logLikelihood: -556.636735
[00:00:01] [worker #2] Bootstrap tree #67, logLikelihood: -577.089514
[00:00:01] [worker #24] Bootstrap tree #89, logLikelihood: -588.412134
[00:00:01] [worker #3] Bootstrap tree #68, logLikelihood: -598.792024
[00:00:01] [worker #12] Bootstrap tree #77, logLikelihood: -563.040055
[00:00:01] [worker #8] Bootstrap tree #73, logLikelihood: -585.616497
[00:00:01] [worker #17] Bootstrap tree #82, logLikelihood: -567.428705
[00:00:01] [worker #27] Bootstrap tree #92, logLikelihood: -590.127917
[00:00:01] [worker #29] Bootstrap tree #94, logLikelihood: -566.753642
[00:00:01] [worker #18] Bootstrap tree #83, logLikelihood: -590.127921
[00:00:01] [worker #28] Bootstrap tree #93, logLikelihood: -602.497513
[00:00:01] [worker #20] Bootstrap tree #85, logLikelihood: -583.795964
[00:00:01] [worker #23] Bootstrap tree #88, logLikelihood: -576.367672
[00:00:01] [worker #16] Bootstrap tree #81, logLikelihood: -590.127920
00:00:01] [worker #1] Bootstrap tree #66, logLikelihood: -590.127920
[00:00:01] [worker #11] Bootstrap tree #76, logLikelihood: -590.127921
[00:00:01] [worker #26] Bootstrap tree #91, logLikelihood: -572.177467
[00:00:01] [worker #4] Bootstrap tree #69, logLikelihood: -590.127921
[00:00:01] [worker #31] Bootstrap tree #96, logLikelihood: -590.127921
[00:00:01] [worker #0] Bootstrap tree #65, logLikelihood: -590.127921
[00:00:01] [worker #15] Bootstrap tree #80, logLikelihood: -558.379587
[00:00:01] [worker #14] Bootstrap tree #79, logLikelihood: -590.127921
[00:00:01] [worker #30] Bootstrap tree #95, logLikelihood: -594.546263
[00:00:01] [worker #7] Bootstrap tree #72, logLikelihood: -557.542757
[00:00:01] [worker #13] Bootstrap tree #78, logLikelihood: -590.127921
[00:00:01] [worker #9] Bootstrap tree #74, logLikelihood: -580.508528
[00:00:02] [worker #19] Bootstrap tree #84, logLikelihood: -588.708457
[00:00:02] [worker #10] Bootstrap tree #75, logLikelihood: -580.341058
[00:00:02] [worker #22] Bootstrap tree #119, logLikelihood: -584.243483
[00:00:02] [worker #6] Bootstrap tree #103, logLikelihood: -586.717839
[00:00:02] [worker #5] Bootstrap tree #102, logLikelihood: -590.127921
[00:00:02] [worker #24] Bootstrap tree #121, logLikelihood: -554.565979
[00:00:02] [worker #3] Bootstrap tree #100, logLikelihood: -581.711951
[00:00:02] [worker #12] Bootstrap tree #109, logLikelihood: -595.896394
[00:00:02] [worker #21] Bootstrap tree #118, logLikelihood: -592.913921
[00:00:02] [worker #17] Bootstrap tree #114, logLikelihood: -563.404094
[00:00:02] [worker #2] Bootstrap tree #99, logLikelihood: -590.726292
[00:00:02] [worker #8] Bootstrap tree #105, logLikelihood: -590.127917
[00:00:02] [worker #25] Bootstrap tree #122, logLikelihood: -590.127920
[00:00:02] [worker #4] Bootstrap tree #101, logLikelihood: -568.633916
[00:00:02] [worker #23] Bootstrap tree #120, logLikelihood: -570.959315
[00:00:02] [worker #27] Bootstrap tree #124, logLikelihood: -588.130331
[00:00:02] [worker #29] Bootstrap tree #126, logLikelihood: -575.720238
[00:00:02] [worker #11] Bootstrap tree #108, logLikelihood: -581.266180
[00:00:02] [worker #1] Bootstrap tree #98, logLikelihood: -590.127921
[00:00:02] [worker #18] Bootstrap tree #115, logLikelihood: -590.127921
[00:00:02] [worker #28] Bootstrap tree #125, logLikelihood: -590.127921
[00:00:02] [worker #20] Bootstrap tree #117, logLikelihood: -590.127921
[00:00:02] [worker #16] Bootstrap tree #113, logLikelihood: -594.920791
[00:00:02] [worker #26] Bootstrap tree #123, logLikelihood: -568.133821
[00:00:02] [worker #7] Bootstrap tree #104, logLikelihood: -562.215369
[00:00:02] [worker #9] Bootstrap tree #106, logLikelihood: -568.607610
[00:00:02] [worker #31] Bootstrap tree #128, logLikelihood: -573.652825
[00:00:02] [worker #19] Bootstrap tree #116, logLikelihood: -593.077574
[00:00:02] [worker #30] Bootstrap tree #127, logLikelihood: -585.762335
[00:00:02] [worker #10] Bootstrap tree #107, logLikelihood: -590.127917
[00:00:02] [worker #14] Bootstrap tree #111, logLikelihood: -590.127921
[00:00:02] [worker #0] Bootstrap tree #97, logLikelihood: -589.636490
[00:00:02] [worker #13] Bootstrap tree #110, logLikelihood: -596.360442
[00:00:02] [worker #15] Bootstrap tree #112, logLikelihood: -572.584251
[00:00:04] [worker #6] Bootstrap tree #135, logLikelihood: -595.423015
[00:00:04] [worker #12] Bootstrap tree #141, logLikelihood: -585.295434
[00:00:04] [worker #10] Bootstrap tree #139, logLikelihood: -577.445282
[00:00:04] [worker #20] Bootstrap tree #149, logLikelihood: -615.983331
[00:00:04] [worker #7] Bootstrap tree #136, logLikelihood: -560.479894
[00:00:04] [worker #28] Bootstrap tree #157, logLikelihood: -590.127921
[00:00:04] [worker #31] Bootstrap tree #160, logLikelihood: -590.127921
[00:00:04] [worker #17] Bootstrap tree #146, logLikelihood: -599.653228
[00:00:04] [worker #11] Bootstrap tree #140, logLikelihood: -592.519752
[00:00:04] [worker #27] Bootstrap tree #156, logLikelihood: -590.426247
[00:00:04] [worker #2] Bootstrap tree #131, logLikelihood: -580.456736
[00:00:04] [worker #3] Bootstrap tree #132, logLikelihood: -591.333767
[00:00:04] [worker #8] Bootstrap tree #137, logLikelihood: -584.895518
[00:00:04] [worker #26] Bootstrap tree #155, logLikelihood: -576.417574
[00:00:04] [worker #1] Bootstrap tree #130, logLikelihood: -590.127921
[00:00:04] [worker #23] Bootstrap tree #152, logLikelihood: -592.074192
[00:00:04] [worker #13] Bootstrap tree #142, logLikelihood: -583.558456
00:00:04] [worker #18] Bootstrap tree #147, logLikelihood: -582.579486
[00:00:04] [worker #25] Bootstrap tree #154, logLikelihood: -590.127921
[00:00:04] [worker #24] Bootstrap tree #153, logLikelihood: -586.112718
[00:00:04] [worker #16] Bootstrap tree #145, logLikelihood: -590.127921
[00:00:04] [worker #29] Bootstrap tree #158, logLikelihood: -584.202333
[00:00:04] [worker #5] Bootstrap tree #134, logLikelihood: -590.127920
[00:00:04] [worker #0] Bootstrap tree #129, logLikelihood: -590.127921
[00:00:04] [worker #22] Bootstrap tree #151, logLikelihood: -590.127921
[00:00:04] [worker #4] Bootstrap tree #133, logLikelihood: -590.127921
[00:00:04] [worker #14] Bootstrap tree #143, logLikelihood: -581.609607
[00:00:04] [worker #30] Bootstrap tree #159, logLikelihood: -569.329979
[00:00:04] [worker #10] Bootstrap tree #171, logLikelihood: -567.581266
[00:00:04] [worker #21] Bootstrap tree #150, logLikelihood: -590.127921
[00:00:04] [worker #15] Bootstrap tree #144, logLikelihood: -561.327549
[00:00:04] [worker #28] Bootstrap tree #189, logLikelihood: -576.971687
[00:00:04] [worker #19] Bootstrap tree #148, logLikelihood: -590.127921
[00:00:04] [worker #6] Bootstrap tree #167, logLikelihood: -604.662594
[00:00:04] [worker #7] Bootstrap tree #168, logLikelihood: -581.503275
[00:00:04] [worker #9] Bootstrap tree #138, logLikelihood: -590.127921
[00:00:04] [worker #20] Bootstrap tree #181, logLikelihood: -608.845692
[00:00:04] [worker #17] Bootstrap tree #178, logLikelihood: -586.111504
[00:00:04] [worker #12] Bootstrap tree #173, logLikelihood: -563.350025
[00:00:04] [worker #31] Bootstrap tree #192, logLikelihood: [-578.1180220:00

[00:00:04] [worker #8] Bootstrap tree #169, logLikelihood: -577.936001
[00:00:04] [worker #2] Bootstrap tree #163, logLikelihood: -569.536188
[00:00:04] [worker #23] Bootstrap tree #184, logLikelihood: -590.127921
[00:00:04] [worker #1] Bootstrap tree #162, logLikelihood: -570.217276
[00:00:04] [worker #25] Bootstrap tree #186, logLikelihood: -569.182938
[00:00:04] [worker #27] Bootstrap tree #188, logLikelihood: -581.688459
[00:00:04] [worker #16] Bootstrap tree #177, logLikelihood: -593.635308
[00:00:04] [worker #26] Bootstrap tree #187, logLikelihood: -590.629275
[00:00:04] [worker #24] Bootstrap tree #185, logLikelihood: -573.265953
[00:00:04] [worker #3] Bootstrap tree #164, logLikelihood: -585.320643
[00:00:04] [worker #22] Bootstrap tree #183, logLikelihood: -554.336064
[00:00:04] [worker #29] Bootstrap tree #190, logLikelihood: -584.472682
[00:00:04] [worker #5] Bootstrap tree #166, logLikelihood: -590.127921
[00:00:04] [worker #18] Bootstrap tree #179, logLikelihood: -590.127921
[00:00:04] [worker #13] Bootstrap tree #174, logLikelihood: -579.724018
[00:00:04] [worker #4] Bootstrap tree #165, logLikelihood: -594.613526
[00:00:04] [worker #14] Bootstrap tree #175, logLikelihood: -550.189595
[00:00:04] [worker #21] Bootstrap tree #182, logLikelihood: -590.127920
[00:00:04] [worker #19] Bootstrap tree #180, logLikelihood: -601.253252
[00:00:04] [worker #0] Bootstrap tree #161, logLikelihood: -566.158166
[00:00:04] [worker #15] Bootstrap tree #176, logLikelihood: -564.926950
[00:00:04] [worker #30] Bootstrap tree #191, logLikelihood: -590.127917
[00:00:04] [worker #9] Bootstrap tree #170, logLikelihood: -557.380791
[00:00:10] [worker #6] Bootstrap tree #199, logLikelihood: -544.191324
[00:00:10] [worker #25] Bootstrap tree #218, logLikelihood: -551.994320
[00:00:10] [worker #5] Bootstrap tree #198, logLikelihood: -567.833757
[00:00:10] [worker #20] Bootstrap tree #213, logLikelihood: -598.559773
[00:00:10] [worker #4] Bootstrap tree #197, logLikelihood: -578.038587
[00:00:10] [worker #18] Bootstrap tree #211, logLikelihood: -590.127921
[00:00:10] [worker #13] Bootstrap tree #206, logLikelihood: -593.909860
[00:00:10] [worker #17] Bootstrap tree #210, logLikelihood: [-573.911270
[00:00:10] [worker #17] Bootstrap tree #210, logLikelihood: [-573.911270
00:00:10] [worker #21] Bootstrap tree #214, logLikelihood: -580.371584
[00:00:10] [worker #31] Bootstrap tree #224, logLikelihood: -592.646838
[00:00:10] [worker #3] Bootstrap tree #196, logLikelihood: -549.676912
[00:00:10] [worker #12] Bootstrap tree #205, logLikelihood: -601.079953
[00:00:10] [worker #2] Bootstrap tree #195, logLikelihood: -569.394146
[00:00:10] [worker #16] Bootstrap tree #209, logLikelihood: -590.127921
[00:00:10] [worker #10] Bootstrap tree #203, logLikelihood: -568.224443
[00:00:10] [worker #14] Bootstrap tree #207, logLikelihood: -590.127917
[00:00:10] [worker #7] Bootstrap tree #200, logLikelihood: -607.178083
[00:00:10] [worker #24] Bootstrap tree #217, logLikelihood: -592.572061
[00:00:10] [worker #23] Bootstrap tree #216, logLikelihood: -590.127917
[worker #27] Bootstrap tree #220, logLikelihood: -564.825456
[00:00:10] [worker #11] Bootstrap tree #204, logLikelihood: -563.023033
[00:00:11] [worker #28] Bootstrap tree #221, logLikelihood: -590.127917
[00:00:11] [worker #8] Bootstrap tree #201, logLikelihood: -581.650388
[00:00:11] [worker #9] Bootstrap tree #202, logLikelihood: -592.189902
[00:00:11] [worker #26] Bootstrap tree #219, logLikelihood: -572.910159
[00:00:11] [worker #22] Bootstrap tree #215, logLikelihood: -590.127915
[00:00:11] [worker #15] Bootstrap tree #208, logLikelihood: -598.085783
[00:00:11] [worker #1] Bootstrap tree #194, logLikelihood: -564.823812
[00:00:11] [worker #29] Bootstrap tree #222, logLikelihood: -590.127917
[00:00:11] [worker #19] Bootstrap tree #212, logLikelihood: -577.037387
[00:00:11] [worker #30] Bootstrap tree #223, logLikelihood: -599.470629
[00:00:11] [worker #6] Bootstrap tree #231, logLikelihood: -577.499560
[00:00:11] [worker #21] Bootstrap tree #246, logLikelihood: -578.238657
[00:00:11] [worker #7] Bootstrap tree #232, logLikelihood: -571.054303
[00:00:11] [worker #18] Bootstrap tree #243, logLikelihood: -591.677559
[00:00:11] [worker #0] Bootstrap tree #193, logLikelihood: -590.127921
[00:00:11] [worker #16] Bootstrap tree #241, logLikelihood: -590.127921
[00:00:11] [worker #5] Bootstrap tree #230, logLikelihood: -590.127921
[00:00:11] [worker #22] Bootstrap tree #247, logLikelihood: -586.956365
[00:00:11] [worker #4] Bootstrap tree #229, logLikelihood: -600.016048
[00:00:11] [worker #24] Bootstrap tree #249, logLikelihood: -582.676392
[00:00:11] [worker #20] Bootstrap tree #245, logLikelihood: -583.837193
[00:00:11] [worker #28] Bootstrap tree #253, logLikelihood: -549.579517
[00:00:11] [worker #3] Bootstrap tree #228, logLikelihood: -590.282436
[00:00:11] [worker #14] Bootstrap tree #239, logLikelihood: -590.127917
[00:00:11] [worker #12] Bootstrap tree #237, logLikelihood: -590.127917
[00:00:11] [worker #2] Bootstrap tree #227, logLikelihood: -606.627832
[00:00:11] [worker #27] Bootstrap tree #252, logLikelihood: -596.860446
[00:00:11] [worker #10] Bootstrap tree #235, logLikelihood: -575.703974
[00:00:11] [worker #25] Bootstrap tree #250, logLikelihood: -579.753394
[00:00:11] [worker #31] Bootstrap tree #256, logLikelihood: -590.127921
[00:00:11] [worker #15] Bootstrap tree #240, logLikelihood: -590.127921
[00:00:11] [worker #13] Bootstrap tree #238, logLikelihood: -578.250323
[00:00:11] [worker #17] Bootstrap tree #242, logLikelihood: -606.213864
[00:00:11] [worker #11] Bootstrap tree #236, logLikelihood: -607.992983
[00:00:11] [worker #26] Bootstrap tree #251, logLikelihood: -559.971388
[00:00:11] [worker #29] Bootstrap tree #254, logLikelihood: -589.962646
[00:00:11] [worker #1] Bootstrap tree #226, logLikelihood: -584.812370
[00:00:11] [worker #23] Bootstrap tree #248, logLikelihood: -576.895560
[00:00:11] [worker #19] Bootstrap tree #244, logLikelihood: -576.520916
[00:00:11] [worker #9] Bootstrap tree #234, logLikelihood: -583.543700
[00:00:11] [worker #8] Bootstrap tree #233, logLikelihood: -590.127921
[00:00:11] [worker #30] Bootstrap tree #255, logLikelihood: -581.530191
[00:00:11] [worker #0] Bootstrap tree #225, logLikelihood: -595.963900
[00:00:22] [worker #3] Bootstrap tree #260, logLikelihood: -596.666299
[00:00:22] [worker #3] Bootstrap tree #260, logLikelihood: -596.666299
[00:00:22] [worker #20] Bootstrap tree #277, logLikelihood: -586.379510
[00:00:22] [worker #6] Bootstrap tree #263, logLikelihood: -586.936787
[00:00:22] [worker #7] Bootstrap tree #264, logLikelihood: -583.523897
[00:00:22] [worker #11] Bootstrap tree #268, logLikelihood: -569.685330
[00:00:22] [worker #2] Bootstrap tree #259, logLikelihood: -567.741988
[00:00:22] [worker #24] Bootstrap tree #281, logLikelihood: -569.907964
[00:00:22] [worker #31] Bootstrap tree #288, logLikelihood: -577.110623
[00:00:22] [worker #9] Bootstrap tree #266, logLikelihood: -579.815016
[00:00:22] [worker #9] Bootstrap tree #266, logLikelihood: -579.815016
[00:00:22] [worker #21] Bootstrap tree #278, logLikelihood: -602.726502
[00:00:22] [worker #1] Bootstrap tree #258, logLikelihood: -573.580777
[00:00:22] [worker #22] Bootstrap tree #279, logLikelihood: -593.230229
[00:00:22] [worker #17] Bootstrap tree #274, logLikelihood: -577.852007
[00:00:22] [worker #12] Bootstrap tree #269, logLikelihood: -590.127917
[00:00:22] [worker #4] Bootstrap tree #261, logLikelihood: -587.438969
[00:00:22] [worker #28] Bootstrap tree #285, logLikelihood: -595.710759
[00:00:22] [worker #23] Bootstrap tree #280, logLikelihood: -590.127921
[00:00:22] [worker #5] Bootstrap tree #262, logLikelihood: -590.127921
[00:00:22] [worker #30] Bootstrap tree #287, logLikelihood: -590.127921
[00:00:22] [worker #8] Bootstrap tree #265, logLikelihood: -588.973042
[00:00:22] [worker #18] Bootstrap tree #275, logLikelihood: -594.367216
[00:00:22] [worker #29] Bootstrap tree #286, logLikelihood: -590.310140
[00:00:22] [worker #25] Bootstrap tree #282, logLikelihood: -597.188293
[00:00:22] [worker #16] Bootstrap tree #273, logLikelihood: -554.305680
[00:00:22] [worker #15] Bootstrap tree #272, logLikelihood: -590.127917
[00:00:22] [worker #27] Bootstrap tree #284, logLikelihood: -590.127921
[00:00:22] [worker #13] Bootstrap tree #270, logLikelihood: -595.397563
[00:00:22] [worker #26] Bootstrap tree #283, logLikelihood: -587.193510
[00:00:22] [worker #19] Bootstrap tree #276, logLikelihood: -573.305704
[00:00:22] [worker #10] Bootstrap tree #267, logLikelihood: -555.172773
[00:00:22] [worker #14] Bootstrap tree #271, logLikelihood: -586.670559
[00:00:22] [worker #20] Bootstrap tree #309, logLikelihood: -593.969112
[00:00:23] [worker #21] Bootstrap tree #310, logLikelihood: -575.194927
[00:00:23] [worker #11] Bootstrap tree #300, logLikelihood: -601.449895
[00:00:23] [worker #31] Bootstrap tree #320, logLikelihood: -583.585646
[00:00:23] [worker #6] Bootstrap tree #295, logLikelihood: -567.977393
[00:00:23] [worker #5] Bootstrap tree #294, logLikelihood: -594.794299
[00:00:23] [worker #2] Bootstrap tree #291, logLikelihood: -574.503466
[00:00:23] [worker #24] Bootstrap tree #313, logLikelihood: -592.104594
[00:00:23] [worker #1] Bootstrap tree #290, logLikelihood: -595.469303
[00:00:23] [worker #7] Bootstrap tree #296, logLikelihood: -590.127921
[[00:000:23] :[worker #15] 00Bootstrap tree #:30423, logLikelihood: ] [worker #23] Bootstrap tree #312, logLikelihood: [-563.88755900
-587.721344] :[worker #15] 00Bootstrap tree #:30423, logLikelihood: ] [worker #23] Bootstrap tree #312, logLikelihood: [-563.88755900
:00
:
[00:00:23] [worker #3] Bootstrap tree #292, logLikelihood: -590.127921
[00:00:23] [worker #9] Bootstrap tree #298, logLikelihood: -590.127920
[00:00:23] [worker #0] Bootstrap tree #257, logLikelihood: -590.127921
[00:00:23] [worker #4] Bootstrap tree #293, logLikelihood: -587.179018
[00:00:23] [worker #22] Bootstrap tree #311, logLikelihood: -584.578241
[00:00:23] [worker #17] Bootstrap tree #306, logLikelihood: -594.434795
[00:00:23] [worker #12] Bootstrap tree #301, logLikelihood: -589.614893
[00:00:23] [worker #27] Bootstrap tree #316, logLikelihood: -572.738757
[00:00:23] [worker #28] Bootstrap tree #317, logLikelihood: -584.489496
[00:00:23] [worker #13] Bootstrap tree #302, logLikelihood: -556.321798
[00:00:23] [worker #29] Bootstrap tree #318, logLikelihood: -591.906019
[00:00:23] [worker #30] Bootstrap tree #319, logLikelihood: -587.922195
[00:00:23] [worker #8] Bootstrap tree #297, logLikelihood: -590.210105
[00:00:23] [worker #26] Bootstrap tree #315, logLikelihood: -583.086114
[00:00:23] [worker #18] Bootstrap tree #307, logLikelihood: -606.821657
[00:00:23] [worker #16] Bootstrap tree #305, logLikelihood: -588.445418
[00:00:23] [worker #19] Bootstrap tree #308, logLikelihood: -566.701990
[00:00:23] [worker #10] Bootstrap tree #299, logLikelihood: -590.127921
[00:00:23] [worker #14] Bootstrap tree #303, logLikelihood: -590.127921
[00:00:23] [worker #0] Bootstrap tree #289, logLikelihood: -581.569157
[00:00:32] [worker #12] Bootstrap tree #333, logLikelihood: -571.488863
[00:00:32] [worker #21] Bootstrap tree #342, logLikelihood: -576.012865
[00:00:32] [worker #28] Bootstrap tree #349, logLikelihood: -585.265085
[00:00:32] [worker #25] Bootstrap tree #346, logLikelihood: -589.685451
[00:00:32] [worker #11] Bootstrap tree #332, logLikelihood: -587.299984
[00:00:32] [worker #3] Bootstrap tree #324, logLikelihood: -575.185020
[00:00:32] [worker #18] Bootstrap tree #339, logLikelihood: -602.299907
[00:00:32] [worker #15] Bootstrap tree #336, logLikelihood: -585.435611[
[00:00:32] [worker #15] Bootstrap tree #336, logLikelihood: -585.435611[
00:00:32] [worker #24] Bootstrap tree #345, logLikelihood: -597.342256
[00:00:32] [worker #16] Bootstrap tree #337, logLikelihood: -597.055710
[00:00:32] [worker #23] Bootstrap tree #344, logLikelihood: -605.499371
[00:00:32] [worker #5] Bootstrap tree #326, logLikelihood: -572.357181
[00:00:32] [worker #19] Bootstrap tree #340, logLikelihood: -564.768942
[00:00:32] [worker #31] Bootstrap tree #352, logLikelihood: -574.088890
[00:00:32] [worker #1] Bootstrap tree #322, logLikelihood: -588.726946
[00:00:32] [worker #9] Bootstrap tree #330, logLikelihood: -582.773817
[00:00:32] [worker #2] Bootstrap tree #323, logLikelihood: -575.070221
[00:00:32] [worker #7] Bootstrap tree #328, logLikelihood: -590.127917
[00:00:32] [worker #6] Bootstrap tree #327, logLikelihood: -580.184089
[00:00:32] [worker #10] Bootstrap tree #331, logLikelihood: -586.185096
[00:00:32] [worker #22] Bootstrap tree #343, logLikelihood: -583.970904
[00:00:32] [worker #20] Bootstrap tree #341, logLikelihood: -594.642953
[00:00:32] [worker #14] Bootstrap tree #335, logLikelihood: -606.539234
[00:00:32] [worker #27] Bootstrap tree #348, logLikelihood: -590.127921
[00:00:32] [worker #26] Bootstrap tree #347, logLikelihood: -590.127921
[00:00:32] [worker #17] Bootstrap tree #338, logLikelihood: -571.316568
[00:00:32] [worker #29] Bootstrap tree #350, logLikelihood: -560.515282
[00:00:32] [worker #0] Bootstrap tree #321, logLikelihood: -590.127917
[00:00:32] [worker #8] Bootstrap tree #329, logLikelihood: -580.609848
[00:00:32] [worker #13] Bootstrap tree #334, logLikelihood: -564.351244
[00:00:32] [worker #4] Bootstrap tree #325, logLikelihood: -590.127917
[00:00:32] [worker #30] Bootstrap tree #351, logLikelihood: -584.261532
[00:00:32] [worker #15] Bootstrap tree #368, logLikelihood: -566.242777
[00:00:32] [worker #12] Bootstrap tree #365, logLikelihood: -595.981006
[00:00:32] [worker #28] Bootstrap tree #381, logLikelihood: -590.127921
[00:00:32] [worker #18] Bootstrap tree #371, logLikelihood: -592.454634
[00:00:32] [worker #1] Bootstrap tree #354, logLikelihood: -564.038167
[00:00:32] [worker #21] Bootstrap tree #374, logLikelihood: -595.858473
[00:00:32] [worker #9] Bootstrap tree #362, logLikelihood: -590.127921
[00:00:32] [worker #31] Bootstrap tree #384, logLikelihood: -596.437420
[00:00:32] [worker #11] Bootstrap tree #364, logLikelihood: -590.035354
[00:00:32] [worker #19] Bootstrap tree #372, logLikelihood: -590.127917
[00:00:32] [worker #16] Bootstrap tree #369, logLikelihood: -593.689934
[00:00:32] [worker #20] Bootstrap tree #373, logLikelihood: -598.039030
[00:00:32] [worker #27] Bootstrap tree #380, logLikelihood: -576.381093
[00:00:32] [worker #5] Bootstrap tree #358, logLikelihood: -590.127921
[00:00:32] [worker #26] Bootstrap tree #379, logLikelihood: -586.740334
[00:00:32] [worker #23] Bootstrap tree #376, logLikelihood: -590.127921
[00:00:32] [worker #24] Bootstrap tree #377, logLikelihood: -594.044529
[00:00:32] [worker #3] Bootstrap tree #356, logLikelihood: -574.372375
[00:00:32] [worker #6] Bootstrap tree #359, logLikelihood: -592.256185
[00:00:32] [worker #25] Bootstrap tree #378, logLikelihood: -581.259078
[00:00:32] [worker #10] Bootstrap tree #363, logLikelihood: -569.750828
[00:00:32] [worker #7] Bootstrap tree #360, logLikelihood: -590.127921
[00:00:32] [worker #17] Bootstrap tree #370, logLikelihood: -577.804688
[00:00:32] [worker #14] Bootstrap tree #367, logLikelihood: -587.718743
[00:00:32] [worker #2] Bootstrap tree #355, logLikelihood: -590.127917
[00:00:33] [worker #13] Bootstrap tree #366, logLikelihood: -577.900157
[00:00:33] [worker #22] Bootstrap tree #375, logLikelihood: -590.127917
[00:00:33] [worker #8] Bootstrap tree #361, logLikelihood: -593.127175
[00:00:33] [worker #4] Bootstrap tree #357, logLikelihood: -592.230228
[00:00:33] [worker #29] Bootstrap tree #382, logLikelihood: -590.127921
[00:00:33] [worker #30] Bootstrap tree #383, logLikelihood: -581.914374
[00:00:33] [worker #0] Bootstrap tree #353, logLikelihood: -611.175293
[00:00:45] [worker #14] Bootstrap tree #399, logLikelihood: -573.192557
[00:00:45] [worker #9] Bootstrap tree #394, logLikelihood: -591.571058
[00:00:45] [worker #31] Bootstrap tree #416, logLikelihood: -590.141172
[00:00:45] [worker #29] Bootstrap tree #414, logLikelihood: -568.290035
[00:00:45] [worker #12] Bootstrap tree #397, logLikelihood: -575.055369
[00:00:45] [worker #19] Bootstrap tree #404, logLikelihood: -560.527032
[00:00:45] [worker #30] Bootstrap tree #415, logLikelihood: -584.840917
[00:00:45] [worker #3] Bootstrap tree #388, logLikelihood: -590.460237
[00:00:45] [worker #1] Bootstrap tree #386, logLikelihood: -590.127921
00:45] [worker #20] Bootstrap tree #405, logLikelihood: -590.127921
[00:00:45] [worker #4] Bootstrap tree #389, logLikelihood: -586.453292
[00:00:45] [worker #7] Bootstrap tree #392, logLikelihood: -590.127920
[00:00:45] [worker #8] Bootstrap tree #393, logLikelihood: -569.576747
[00:00:45] [worker #11] Bootstrap tree #396, logLikelihood: -566.587566
[00:00:45] [worker #25] Bootstrap tree #410, logLikelihood: -594.733829
[00:00:45] [worker #28] Bootstrap tree #413, logLikelihood: -578.845260
[00:00:45] [worker #24] Bootstrap tree #409, logLikelihood: -608.214333
[00:00:45] [worker #18] Bootstrap tree #403, logLikelihood: -577.484417
[00:00:45] [worker #26] Bootstrap tree #411, logLikelihood: -590.127921
[00:00:45] [worker #6] Bootstrap tree #391, logLikelihood: -590.127921
[00:00:45] [worker #22] Bootstrap tree #407, logLikelihood: -590.127917
[00:00:45] [worker #13] Bootstrap tree #398, logLikelihood: -598.248968
[00:00:45] [worker #21] Bootstrap tree #406, logLikelihood: -610.353542
[00:00:45] [worker #27] Bootstrap tree #412, logLikelihood: -590.127921
[00:00:45] [worker #23] Bootstrap tree #408, logLikelihood: -588.671927
[00:00:45] [worker #2] Bootstrap tree #387, logLikelihood: -590.127921
[00:00:45] [worker #5] Bootstrap tree #390, logLikelihood: -590.127921
[00:00:45] [worker #16] Bootstrap tree #401, logLikelihood: -584.448173
[00:00:45] [worker #10] Bootstrap tree #395, logLikelihood: -590.638157
[00:00:45] [worker #17] Bootstrap tree #402, logLikelihood: -590.127921
[00:00:45] [worker #15] Bootstrap tree #400, logLikelihood: -596.417382
[00:00:45] [worker #0] Bootstrap tree #385, logLikelihood: -590.127921
[00:00:45] [worker #1] Bootstrap tree #418, logLikelihood: -570.718718
[00:00:45] [worker #14] Bootstrap tree #431, logLikelihood: -579.621953
[00:00:45] [worker #20] Bootstrap tree #437, logLikelihood: -590.371432
[00:00:45] [worker #12] Bootstrap tree #429, logLikelihood: -590.127921
[00:00:45] [worker #30] Bootstrap tree #447, logLikelihood: -573.109943
[00:00:45] [worker #7] Bootstrap tree #424, logLikelihood: -562.373368
[00:00:45] [worker #29] Bootstrap tree #446, logLikelihood: -596.899262
[00:00:45] [worker #3] Bootstrap tree #420, logLikelihood: -590.127921
[00:00:45] [worker #19] Bootstrap tree #436, logLikelihood: -592.741165
[00:00:45] [worker #8] Bootstrap tree #425, logLikelihood: -584.256680
[00:00:45] [worker #25] Bootstrap tree #442, logLikelihood: -577.158093
[00:00:45] [worker #4] Bootstrap tree #421, logLikelihood: -590.127917
[00:00:45] [worker #9] Bootstrap tree #426, logLikelihood: -590.163648
[00:00:45] [worker #31] Bootstrap tree #448, logLikelihood: -594.704943
[00:00:45] [worker #23] Bootstrap tree #440, logLikelihood: -581.379233
[00:00:45] [worker #18] Bootstrap tree #435, logLikelihood: -594.443239
[00:00:45] [worker #2] Bootstrap tree #419, logLikelihood: -595.594788
[00:00:45] [worker #24] Bootstrap tree #441, logLikelihood: -590.127921
[00:00:45] [worker #6] Bootstrap tree #423, logLikelihood: -576.724046
[00:00:45] [worker #27] Bootstrap tree #444, logLikelihood: -583.844031
[00:00:45] [worker #10] Bootstrap tree #427, logLikelihood: -567.947665
[00:00:45] [worker #15] Bootstrap tree #432, logLikelihood: -591.934025
[00:00:45] [worker #11] Bootstrap tree #428, logLikelihood: -589.564719
[00:00:45] [worker #22] Bootstrap tree #439, logLikelihood: -573.124377
[00:00:45] [worker #26] Bootstrap tree #443, logLikelihood: -590.127917
[00:00:45] [worker #17] Bootstrap tree #434, logLikelihood: -590.127921
[00:00:45] [worker #5] Bootstrap tree #422, logLikelihood: -585.211915
[00:00:45] [worker #16] Bootstrap tree #433, logLikelihood: -598.299354
[00:00:45] [worker #28] Bootstrap tree #445, logLikelihood: -582.002991
[00:00:45] [worker #21] Bootstrap tree #438, logLikelihood: -578.372873
[00:00:45] [worker #13] Bootstrap tree #430, logLikelihood: -590.127917
[00:00:45] [worker #0] Bootstrap tree #417, logLikelihood: -599.197246
[00:01:01] Bootstrapping converged after 448 replicates.

Optimized model parameters:

   Partition 0: noname
   Rate heterogeneity: GAMMA (4 cats, mean),  alpha: 99.846363 (ML),  weights&rates: (0.250000,0.875813) (0.250000,0.964710) (0.250000,1.029570) (0.250000,1.129908) 
   Base frequencies (ML): 0.427335 0.091898 0.131422 0.349344 
   Substitution rates (ML): 2.353748 0.001000 0.001000 0.001000 0.001000 1.000000 


Final LogLikelihood: -590.127913

AIC score: 1312.255826 / AICc score: 1334.310689 / BIC score: 1586.054734
Free parameters (model + branch lengths): 66

WARNING: Best ML tree contains 26 near-zero branches!

Best ML tree with collapsed near-zero branches saved to: /mnt/lustre/RDS-live/downing/LSDV/GTPV_SPPV/results_SPPV/LSDV080.raxml.bestTreeCollapsed
Best ML tree saved to: /mnt/lustre/RDS-live/downing/LSDV/GTPV_SPPV/results_SPPV/LSDV080.raxml.bestTree
All ML trees saved to: /mnt/lustre/RDS-live/downing/LSDV/GTPV_SPPV/results_SPPV/LSDV080.raxml.mlTrees
Best ML tree with Felsenstein bootstrap (FBP) support values saved to: /mnt/lustre/RDS-live/downing/LSDV/GTPV_SPPV/results_SPPV/LSDV080.raxml.supportFBP
Best ML tree with Transfer bootstrap (TBE) support values saved to: /mnt/lustre/RDS-live/downing/LSDV/GTPV_SPPV/results_SPPV/LSDV080.raxml.supportTBE
Optimized model saved to: /mnt/lustre/RDS-live/downing/LSDV/GTPV_SPPV/results_SPPV/LSDV080.raxml.bestModel
Bootstrap trees saved to: /mnt/lustre/RDS-live/downing/LSDV/GTPV_SPPV/results_SPPV/LSDV080.raxml.bootstraps

Execution log saved to: /mnt/lustre/RDS-live/downing/LSDV/GTPV_SPPV/results_SPPV/LSDV080.raxml.log

Analysis started: 24-Nov-2025 17:19:10 / finished: 24-Nov-2025 17:20:12

Elapsed time: 61.671 seconds

