
RAxML-NG v. 1.2.2 released on 11.04.2024 by The Exelixis Lab.
Developed by: Alexey M. Kozlov and Alexandros Stamatakis.
Contributors: Diego Darriba, Tomas Flouri, Benoit Morel, Sarah Lutteropp, Ben Bettisworth, Julia Haag, Anastasis Togkousidis.
Latest version: https://github.com/amkozlov/raxml-ng
Questions/problems/suggestions? Please visit: https://groups.google.com/forum/#!forum/raxml

System: AMD EPYC 7543P 32-Core Processor, 32 cores, 995 GB RAM

RAxML-NG was called at 24-Nov-2025 14:02:01 as follows:

raxml-ng --all --msa region_LSDV020.aln --model GTR+G --prefix LSDV020 --seed 123 --bs-metric fbp,tbe --redo

Analysis options:
  run mode: ML tree search + bootstrapping (Felsenstein Bootstrap + Transfer Bootstrap)
  start tree(s): random (10) + parsimony (10)
  bootstrap replicates: parsimony (max: 1000) + bootstopping (autoMRE, cutoff: 0.030000)
  random seed: 123
  tip-inner: OFF
  pattern compression: ON
  per-rate scalers: OFF
  site repeats: ON
  logLH epsilon: general: 10.000000, brlen-triplet: 1000.000000
  fast spr radius: AUTO
  spr subtree cutoff: 1.000000
  fast CLV updates: ON
  branch lengths: proportional (ML estimate, algorithm: NR-FAST)
  SIMD kernels: AVX2
  parallelization: coarse-grained (auto), PTHREADS (auto)

WARNING: Running in REDO mode: existing checkpoints are ignored, and all result files will be overwritten!

[00:00:00] Reading alignment from file: region_LSDV020.aln
[00:00:00] Loaded alignment with 14 taxa and 970 sites

WARNING: Sequences NC_004003.1 and KX576657.1 are exactly identical!
WARNING: Sequences NC_004003.1 and AY077836.1 are exactly identical!
WARNING: Sequences NC_004003.1 and AY077835.1 are exactly identical!
WARNING: Sequences MW020570.1 and MN072620.1 are exactly identical!
WARNING: Sequences MN072621.1 and KC951854.1 are exactly identical!
WARNING: Duplicate sequences found: 5

NOTE: Reduced alignment (with duplicates and gap-only sites/taxa removed) 
NOTE: was saved to: /mnt/lustre/RDS-live/downing/LSDV/GTPV_SPPV/results_GTPV/LSDV020.raxml.reduced.phy

Alignment comprises 1 partitions and 32 patterns

Partition 0: noname
Model: GTR+FO+G4m
Alignment sites / patterns: 970 / 32
Gaps: 0.73 %
Invariant sites: 97.11 %


NOTE: Binary MSA file created: LSDV020.raxml.rba

Parallelization scheme autoconfig: 32 worker(s) x 1 thread(s)

[00:00:00] Generating 10 random starting tree(s) with 14 taxa
[00:00:00] Generating 10 parsimony starting tree(s) with 14 taxa
Parallel parsimony with 32 threads
Parallel reduction/worker buffer size: 1 KB  / 0 KB

[00:00:00] Data distribution: max. partitions/sites/weight per thread: 1 / 32 / 512
[00:00:00] Data distribution: max. searches per worker: 33

Starting ML tree search with 20 distinct starting trees

[00:00:00] [worker #1] ML tree search #2, logLikelihood: -1408.759864
[00:00:00] [worker #2] ML tree search #3, logLikelihood: -1408.759827
[00:00:00] [worker #8] ML tree search #9, logLikelihood: -1408.759869
[00:00:00] [worker #11] ML tree search #12, logLikelihood: -1408.759827
[00:00:00] [worker #9] ML tree search #10, logLikelihood: -1408.759849
[00:00:00] [worker #14] ML tree search #15, logLikelihood: -1408.759827
[00:00:00] [worker #15] ML tree search #16, logLikelihood: -1408.759869
[00:00:00] [worker #16] ML tree search #17, logLikelihood: -1408.759846
[00:00:00] [worker #13] ML tree search #14, logLikelihood: -1408.759870
[00:00:00] [worker #12] ML tree search #13, logLikelihood: -1408.759827
[00:00:00] [worker #6] ML tree search #7, logLikelihood: -1408.759853
[00:00:00] [worker #0] ML tree search #1, logLikelihood: -1408.759928
[00:00:00] [worker #7] ML tree search #8, logLikelihood: -1408.759848
[00:00:00] [worker #10] ML tree search #11, logLikelihood: -1408.759848
[00:00:00] [worker #4] ML tree search #5, logLikelihood: -1408.759829
[00:00:00] [worker #18] ML tree search #19, logLikelihood: -1408.759829
[00:00:00] [worker #19] ML tree search #20, logLikelihood: -1408.759826
[00:00:00] [worker #5] ML tree search #6, logLikelihood: -1408.759861
[00:00:00] [worker #3] ML tree search #4, logLikelihood: -1408.759827
[00:00:00] [worker #17] ML tree search #18, logLikelihood: -1408.759827

[00:00:00] ML tree search completed, best tree logLH: -1408.759826

[00:00:00] Starting bootstrapping analysis with 1000 replicates.

[00:00:00] [worker #15] Bootstrap tree #16, logLikelihood: -1386.609717
[00:00:00] [worker #8] Bootstrap tree #9, logLikelihood: -1336.177642
[00:00:00] [worker #27] Bootstrap tree #28, logLikelihood: -1335.455878
[00:00:00] [worker #7] Bootstrap tree #8, logLikelihood: -1354.261044
[00:00:00] [worker #19] Bootstrap tree #20, logLikelihood: -1422.944946
[00:00:00] [worker #3] Bootstrap tree #4, logLikelihood: -1369.950909
[00:00:00] [worker #11] Bootstrap tree #12, logLikelihood: -1437.170568
[00:00:000] [worker #2] Bootstrap tree #3, logLikelihood:  :00:00] [worker #20] Bootstrap tree #21, logLikelihood: -1468.111929-1389.189110
[00:00:000] [worker #2] Bootstrap tree #3, logLikelihood:  :00:00] [worker #20] Bootstrap tree #21, logLikelihood: -1468.111929-1389.189110

[00:00:00] [worker #13] Bootstrap tree #14, logLikelihood: -1450.969865
[00:00:00] [worker #9] Bootstrap tree #10, logLikelihood: -1437.089739
[00:00:00] [worker #24] Bootstrap tree #25, logLikelihood: -1384.881734
[00:00:00] [worker #30] Bootstrap tree #31, logLikelihood: -1321.450140
[00:00:00] [worker #25] Bootstrap tree #26, logLikelihood: -1442.394569
[00:00:00] [worker #22] Bootstrap tree #23, logLikelihood: -1406.515659
[00:00:00] [worker #28] Bootstrap tree #29, logLikelihood: -1412.378506
[00:00:00] [worker #4] Bootstrap tree #5, logLikelihood: -1449.135203
[00:00:00] [worker #29] Bootstrap tree #30, logLikelihood: -1410.766910
00:00:00] [worker #17] Bootstrap tree #18, logLikelihood: -1488.318036
[00:00:00] [worker #1] Bootstrap tree #2, logLikelihood: -1454.823860
[00:00:00] [worker #31] Bootstrap tree #32, logLikelihood: -1435.107198
[00:00:00] [worker #23] Bootstrap tree #24, logLikelihood: [00:00:00] -1396.732781[worker #26] Bootstrap tree #27, logLikelihood: 
[00:00:00] [worker #23] Bootstrap tree #24, logLikelihood: [00:00:00] -1396.732781[worker #26] Bootstrap tree #27, logLikelihood: 
-1417.445050
[00:00:00] [worker #5] Bootstrap tree #6, logLikelihood: -1319.945939
[00:00:00] [worker #6] Bootstrap tree #7, logLikelihood: -1401.146005
[00:00:00] [worker #21] Bootstrap tree #22, logLikelihood: -1408.190823
[00:00:00] [worker #16] Bootstrap tree #17, logLikelihood: -1418.081599
[00:00:00] [worker #12] Bootstrap tree #13, logLikelihood: -1451.359646
[00:00:00] [worker #14] Bootstrap tree #15, logLikelihood: -1371.552675
[00:00:00] [worker #8] Bootstrap tree #41, logLikelihood: -1426.787511
[00:00:00] [worker #7] Bootstrap tree #40, logLikelihood: -1346.940772
[00:00:00] [worker #15] Bootstrap tree #48, logLikelihood: -1369.918188
[00:00:00] [worker #27] Bootstrap tree #60, logLikelihood: -1448.010633
[00:00:00] [worker #18] Bootstrap tree #19, logLikelihood: -1426.576543
[00:00:00] [worker #10] Bootstrap tree #11, logLikelihood: -1445.323128
[00:00:00] [worker #2] Bootstrap tree #35, logLikelihood: -1415.693709
[00:00:00] [worker #0] Bootstrap tree #1, logLikelihood: -1416.886915
[00:00:00] [worker #19] Bootstrap tree #52, logLikelihood: -1360.528599
[00:00:00] [worker #11] Bootstrap tree #44, logLikelihood: -1396.436456
[00:00:00] [worker #13] Bootstrap tree #46, logLikelihood: -1373.994431
[00:00:00] [worker #20] Bootstrap tree #53, logLikelihood: -1379.139316
[00:00:00] [worker #29] Bootstrap tree #62, logLikelihood: -1384.702035
[00:00:00] [worker #4] Bootstrap tree #37, logLikelihood: -1436.824822
[00:00:00] [worker #25] Bootstrap tree #58, logLikelihood: -1427.722649
[00:00:00] [worker #9] Bootstrap tree #42, logLikelihood: -1373.636926[
-1414.288952
[00:00:00] [worker #24] Bootstrap tree #57, logLikelihood: -1406.064575
[00:00:00] [worker #16] Bootstrap tree #49, logLikelihood: -1445.734410
[00:00:00] [worker #3] Bootstrap tree #36, logLikelihood: -1439.009474
[00:00:00] [worker #26] Bootstrap tree #59, logLikelihood: -1409.711792
[00:00:00] [worker #21] Bootstrap tree #54, logLikelihood: -1374.769798
00:00:00] [worker #30] Bootstrap tree #63, logLikelihood: -1400.550690
[00:00:00] [worker #12] Bootstrap tree #45, logLikelihood: -1435.539887
[00:00:00] [worker #31] Bootstrap tree #64, logLikelihood: -1412.451768
[00:00:00] [worker #1] Bootstrap tree #34, logLikelihood: -1487.371740
[00:00:00] [worker #17] Bootstrap tree #50, logLikelihood: -1436.908047
[00:00:00] [worker #5] Bootstrap tree #38, logLikelihood: -1362.282644
[00:00:00] [worker #6] Bootstrap tree #39, logLikelihood: -1440.594411
[00:00:00] [worker #28] Bootstrap tree #61, logLikelihood: -1401.665674
[00:00:00] [worker #23] Bootstrap tree #56, logLikelihood: -1418.921161
[00:00:00] [worker #14] Bootstrap tree #47, logLikelihood: -1346.338663
[00:00:00] [worker #10] Bootstrap tree #43, logLikelihood: -1374.370591
[00:00:00] [worker #18] Bootstrap tree #51, logLikelihood: -1407.734896
[00:00:00] [worker #0] Bootstrap tree #33, logLikelihood: -1360.110280
[00:00:01] [worker #25] Bootstrap tree #90, logLikelihood: -1368.946083
[00:00:01] [worker #20] Bootstrap tree #85, logLikelihood: -1395.120245
[00:00:01] [worker #21] Bootstrap tree #86, logLikelihood: -1394.480968
[00:00:01] [worker #8] Bootstrap tree #73, logLikelihood: -1419.902374
[00:00:01] [worker #19] Bootstrap tree #84, logLikelihood: -1401.951137
[00:00:01] [worker #22] Bootstrap tree #87, logLikelihood: -1427.071776
[00:00:01] [worker #4] Bootstrap tree #69, logLikelihood: -1445.749998
[00:00:01] [worker #2] Bootstrap tree #67, logLikelihood: -1391.164370[
-1408.878096
[00:00:01] [worker #16] Bootstrap tree #81, logLikelihood: -1413.084202
[00:00:01] [worker #26] Bootstrap tree #91, logLikelihood: -1411.361404
[00:00:01] [worker #30] Bootstrap tree #95, logLikelihood: -1397.038216
[00:00:01] [worker #15] Bootstrap tree #80, logLikelihood: -1385.981586
[00:00:01] [worker #7] Bootstrap tree #72, logLikelihood: -1326.317317
[00:00:01] [worker #1] Bootstrap tree #66, logLikelihood: -1382.898224
[00:00:01] [worker #5] Bootstrap tree #70, logLikelihood: -1381.496336
[00:00:01] [worker #23] Bootstrap tree #88, logLikelihood: -1347.846225
[00:00:01] [worker #9] Bootstrap tree #74, logLikelihood: -1365.689675
[00:00:01] [worker #11] Bootstrap tree #76, logLikelihood: -1366.365172
[00:00:01] [worker #3] Bootstrap tree #68, logLikelihood: -1352.221960
[00:00:01] [worker #24] Bootstrap tree #89, logLikelihood: -1408.733975
[00:00:01] [worker #13] Bootstrap tree #78, logLikelihood: -1430.514292
[00:00:01] [worker #6] Bootstrap tree #71, logLikelihood: -1407.594113
[00:00:01] [worker #27] Bootstrap tree #92, logLikelihood: -1356.040680
[00:00:01] [worker #28] Bootstrap tree #93, logLikelihood: -1381.731907
[00:00:01] [worker #12] Bootstrap tree #77, logLikelihood: -1306.957668
[00:00:01] [worker #10] Bootstrap tree #75, logLikelihood: -1321.151531
[00:00:01] [worker #31] Bootstrap tree #96, logLikelihood: -1443.888353
[00:00:01] [worker #0] Bootstrap tree #65, logLikelihood: -1380.627307
[00:00:01] [worker #17] Bootstrap tree #82, logLikelihood: -1401.117381
[00:00:01] [worker #18] Bootstrap tree #83, logLikelihood: -1489.665727
[00:00:01] [worker #21] Bootstrap tree #118, logLikelihood: -1410.876479
[00:00:01] [worker #29] Bootstrap tree #94, logLikelihood: -1368.965263
[00:00:01] [worker #8] Bootstrap tree #105, logLikelihood: -1355.821488
[00:00:01] [worker #25] Bootstrap tree #122, logLikelihood: -1387.037499
[00:00:01] [worker #22] Bootstrap tree #119, logLikelihood: -1368.310816
[00:00:01] [worker #20] Bootstrap tree #117, logLikelihood: -1434.249206
[00:00:01] [worker #23] Bootstrap tree #120, logLikelihood: -1394.320756
[00:00:01] [worker #26] Bootstrap tree #123, logLikelihood: -1370.522814
[00:00:01] [worker #1] Bootstrap tree #98, logLikelihood: -1424.962215
[00:00:01] [worker #2] Bootstrap tree #99, logLikelihood: -1443.342279
00:00:01] [worker #19] Bootstrap tree #116, logLikelihood: -1373.035219
[00:00:01] [worker #24] Bootstrap tree #121, logLikelihood: -1313.917009
[00:00:01] [worker #4] Bootstrap tree #101, logLikelihood: -1416.434560
[00:00:01] [worker #5] Bootstrap tree #102, logLikelihood: -1382.594084
[00:00:01] [worker #14] Bootstrap tree #111, logLikelihood: -1394.683148
[00:00:01] [worker #15] Bootstrap tree #112, logLikelihood: -1506.657698
[00:00:01] [worker #30] Bootstrap tree #127, logLikelihood: -1425.374394
[00:00:01] [worker #16] Bootstrap tree #113, logLikelihood: -1413.172302
[00:00:01] [worker #28] Bootstrap tree #125, logLikelihood: -1415.059732
[00:00:01] [worker #13] Bootstrap tree #110, logLikelihood: -1413.352581
[00:00:01] [worker #11] Bootstrap tree #108, logLikelihood: -1366.410037
00:00:01] [worker #31] Bootstrap tree #128, logLikelihood: -1394.013977
[00:00:01] [worker #27] Bootstrap tree #124, logLikelihood: -1452.167981
[00:00:01] [worker #6] Bootstrap tree #103, logLikelihood: -1333.912588
[00:00:01] [worker #7] Bootstrap tree #104, logLikelihood: -1456.856806
[00:00:01] [worker #3] Bootstrap tree #100, logLikelihood: -1455.990672
[00:00:01] [worker #9] Bootstrap tree #106, logLikelihood: -1428.218343
[00:00:01] [worker #29] Bootstrap tree #126, logLikelihood: -1434.835568
[00:00:01] [worker #17] Bootstrap tree #114, logLikelihood: -1382.103814
[00:00:01] [worker #0] Bootstrap tree #97, logLikelihood: -1357.463853
[00:00:01] [worker #18] Bootstrap tree #115, logLikelihood: -1405.299918
[00:00:01] [worker #12] Bootstrap tree #109, logLikelihood: -1491.434376
[00:00:01] [worker #10] Bootstrap tree #107, logLikelihood: -1461.420631
[00:00:01] [worker #29] Bootstrap tree #158, logLikelihood: -1415.772294
[00:00:01] [worker #16] Bootstrap tree #145, logLikelihood: -1351.772859
[00:00:01] [worker #9] Bootstrap tree #138, logLikelihood: -1345.626488
00:00:01] [worker #14] Bootstrap tree #143, logLikelihood: -1343.486124
[00:00:01] [worker #7] Bootstrap tree #136, logLikelihood: -1348.020218[-1368.154825
[00:00:01] [worker #30] Bootstrap tree #159, logLikelihood: -1359.808499
[00:00:01] [worker #31] Bootstrap tree #160, logLikelihood: -1365.540337
[00:00:01] [worker #3] Bootstrap tree #132, logLikelihood: [00:00:01] [worker #20] Bootstrap tree #149, logLikelihood: 
[00:00:01] [worker #3] Bootstrap tree #132, logLikelihood: [00:00:01] [worker #20] Bootstrap tree #149, logLikelihood: 
-1452.267789
[00:00:01] [worker #26] Bootstrap tree #155, logLikelihood: 00:00:01] [worker #28] Bootstrap tree #157, logLikelihood: 

[00:00:01] [worker #25] Bootstrap tree #154, logLikelihood: -1382.680323
[00:00:01] [worker #1] Bootstrap tree #130, logLikelihood: -1419.403025
[00:00:01] [worker #24] Bootstrap tree #153, logLikelihood: -1435.981002
[00:00:01] [worker #4] Bootstrap tree #133, logLikelihood: -1368.103432
[00:00:01] [worker #15] Bootstrap tree #144, logLikelihood: -1438.258208
[00:00:01] [worker #19] Bootstrap tree #148, logLikelihood: -1374.966431
00:00:01] [worker #21] Bootstrap tree #150, logLikelihood: -1408.889650
[00:00:01] [worker #5] Bootstrap tree #134, logLikelihood: -1445.947603
[00:00:01] [worker #13] Bootstrap tree #142, logLikelihood: -1469.458047
[00:00:01] [worker #8] Bootstrap tree #137, logLikelihood: -1414.190790
[00:00:01] [worker #2] Bootstrap tree #131, logLikelihood: -1409.883888
[00:00:01] [worker #23] Bootstrap tree #152, logLikelihood: -1461.780905
[00:00:01] [worker #6] Bootstrap tree #135, logLikelihood: -1353.674629
[00:00:01] [worker #10] Bootstrap tree #139, logLikelihood: -1440.488684
[00:00:01] [worker #12] Bootstrap tree #141, logLikelihood: -1386.200117
[00:00:01] [worker #11] Bootstrap tree #140, logLikelihood: -1376.885665
[00:00:01] [worker #17] Bootstrap tree #146, logLikelihood: -1375.488396
[00:00:01] [worker #18] Bootstrap tree #147, logLikelihood: -1406.215627
[00:00:01] [worker #27] Bootstrap tree #156, logLikelihood: -1343.248913
[00:00:01] [worker #14] Bootstrap tree #175, logLikelihood: -1404.456653
[00:00:01] [worker #20] Bootstrap tree #181, logLikelihood: -1451.499885
[00:00:01] [worker #16] Bootstrap tree #177, logLikelihood: -1445.174849
[00:00:01] [worker #0] Bootstrap tree #129, logLikelihood: -1404.212902
[00:00:01] [worker #26] Bootstrap tree #187, logLikelihood: -1404.941760
[00:00:01] [worker #29] Bootstrap tree #190, logLikelihood: -1407.100500
[00:00:01] [worker #22] Bootstrap tree #183, logLikelihood: -1358.283550
[00:00:01] [worker #31] Bootstrap tree #192, logLikelihood: -1357.610749
[00:00:01] [worker #25] Bootstrap tree #186, logLikelihood: -1348.385785
[00:00:01] [worker #4] Bootstrap tree #165, logLikelihood: -1434.794649
[00:00:01] [worker #9] Bootstrap tree #170, logLikelihood: -1323.425871
[00:00:01] [worker #28] Bootstrap tree #189, logLikelihood: -1417.287262
[00:00:01] [worker #23] Bootstrap tree #184, logLikelihood: -1350.540212
[00:00:01] [worker #7] Bootstrap tree #168, logLikelihood: -1485.835235
[00:00:01] [worker #1] Bootstrap tree #162, logLikelihood: -1377.399723
[00:00:01] [worker #30] Bootstrap tree #191, logLikelihood: -1387.057660
[00:00:01] [worker #8] Bootstrap tree #169, logLikelihood: -1323.544297
[00:00:01] [worker #19] Bootstrap tree #180, logLikelihood: -1374.578198
[00:00:01] [worker #3] Bootstrap tree #164, logLikelihood: -1430.149563
[00:00:01] [worker #2] Bootstrap tree #163, logLikelihood: -1404.457389
[00:00:01] [worker #13] Bootstrap tree #174, logLikelihood: -1404.209033
[00:00:01] [worker #5] Bootstrap tree #166, logLikelihood: -1445.075732
[00:00:01] [worker #15] Bootstrap tree #176, logLikelihood: -1404.068623
[00:00:01] [worker #24] Bootstrap tree #185, logLikelihood: -1377.054893
[00:00:01] [worker #21] Bootstrap tree #182, logLikelihood: -1420.885818
[00:00:01] [worker #10] Bootstrap tree #171, logLikelihood: -1324.906144
[00:00:01] [worker #6] Bootstrap tree #167, logLikelihood: -1473.858055
[00:00:01] [worker #18] Bootstrap tree #179, logLikelihood: -1374.567955
[00:00:01] [worker #11] Bootstrap tree #172, logLikelihood: -1373.843980
[00:00:01] [worker #27] Bootstrap tree #188, logLikelihood: -1414.848039
[00:00:01] [worker #12] Bootstrap tree #173, logLikelihood: -1332.441094
[00:00:01] [worker #17] Bootstrap tree #178, logLikelihood: -1453.108406
[00:00:01] [worker #0] Bootstrap tree #161, logLikelihood: -1390.587302
[00:00:02] [worker #31] Bootstrap tree #224, logLikelihood: -1343.289687
[00:00:02] [worker #28] Bootstrap tree #221, logLikelihood: -1366.459041
[00:00:02] [worker #14] Bootstrap tree #207, logLikelihood: -1411.686448
-1367.243904
[00:00:02] [worker #2] Bootstrap tree #195, logLikelihood: -1348.038443
[00:00:02] [worker #25] Bootstrap tree #218, logLikelihood: -1373.791410
[00:00:02] [worker #30] Bootstrap tree #223, logLikelihood: -1482.494071
[00:00:02] [worker #26] Bootstrap tree #219, logLikelihood: -1426.484404
[00:00:02] [worker #4] Bootstrap tree #197, logLikelihood: -1467.769317
[00:00:02] [worker #16] Bootstrap tree #209, logLikelihood: -1383.441766
[00:00:02] [worker #24] Bootstrap tree #217, logLikelihood: -1388.842658
[00:00:02] [worker #8] Bootstrap tree #201, logLikelihood: -1386.037608
[00:00:02] [worker #19] Bootstrap tree #212, logLikelihood: -1425.561506
[00:00:02] [worker #15] Bootstrap tree #208, logLikelihood: -1407.074513
[00:00:02] [worker #20] Bootstrap tree #213, logLikelihood: -1397.367524
[00:00:02] [worker #3] Bootstrap tree #196, logLikelihood: -1255.323820
00[:00:02] [worker #6] Bootstrap tree #199, logLikelihood: -1404.665027
-1374.206865
[00:00:02] [worker #5] Bootstrap tree #198, logLikelihood: -1416.412344
[00:00:02] [worker #9] Bootstrap tree #202, logLikelihood: -1348.752786
[00:00:02] [worker #11] Bootstrap tree #204, logLikelihood: -1368.258526
[00:00:02] [worker #22] Bootstrap tree #215, logLikelihood: -1374.123233
[00:00:02] [worker #10] Bootstrap tree #203, logLikelihood: -1390.575998
[00:00:02] [worker #13] Bootstrap tree #206, logLikelihood: -1443.708805
[00:00:02] [worker #23] Bootstrap tree #216, logLikelihood: -1370.254761
[00:00:02] [worker #21] Bootstrap tree #214, logLikelihood: -1434.272467
[00:00:02] [worker #27] Bootstrap tree #220, logLikelihood: -1373.492642
[00:00:02] [worker #18] Bootstrap tree #211, logLikelihood: -1423.028711
[00:00:02] [worker #12] Bootstrap tree #205, logLikelihood: -1419.303762
[00:00:02] [worker #17] Bootstrap tree #210, logLikelihood: -1357.018712
[00:00:02] [worker #0] Bootstrap tree #193, logLikelihood: -1342.830458
[00:00:02] [worker #15] Bootstrap tree #240, logLikelihood: -1411.803030
[00:00:02] [worker #15] Bootstrap tree #240, logLikelihood: -1411.803030
[00:00:02] [worker #28] Bootstrap tree #253, logLikelihood: -1335.969514
[00:00:02] [worker #7] Bootstrap tree #200, logLikelihood: -1358.477465
[00:00:02] [worker #25] Bootstrap tree #250, logLikelihood: -1411.540773
[00:00:02] [worker #26] Bootstrap tree #251, logLikelihood: -1379.209615
[00:00:02] [worker #30] Bootstrap tree #255, logLikelihood: -1344.101812
[00:00:02] [worker #4] Bootstrap tree #229, logLikelihood: -1381.263447
[00:00:02] [worker #14] Bootstrap tree #239, logLikelihood: -1424.874949
[00:00:02] [worker #2] Bootstrap tree #227, logLikelihood: -1382.646245
00:00:02] [worker #1] Bootstrap tree #226, logLikelihood: -1404.856436
[00:00:02] [worker #9] Bootstrap tree #234, logLikelihood: -1372.513100
[00:00:02] [worker #16] Bootstrap tree #241, logLikelihood: -1430.082861
[00:00:02] [worker #24] Bootstrap tree #249, logLikelihood: [-1416.7706910[00:00:02] [worker #8] Bootstrap tree #233, logLikelihood: -1364.728317
[00:00:02] [worker #5] Bootstrap tree #230, logLikelihood: -1404.143960
[00:00:02] [worker #20] Bootstrap tree #245, logLikelihood: -1436.333031
[00:00:02] [worker #29] Bootstrap tree #254, logLikelihood: -1406.458055
[00:00:02] [worker #22] Bootstrap tree #247, logLikelihood: -1401.332699
[00:00:02] [worker #6] Bootstrap tree #231, logLikelihood: -1388.201704
[00:00:02] [worker #13] Bootstrap tree #238, logLikelihood: -1441.575456
[00:00:02] [worker #19] Bootstrap tree #244, logLikelihood: -1412.865835
[00:00:02] [worker #3] Bootstrap tree #228, logLikelihood: -1377.217079
[00:00:02] [worker #21] Bootstrap tree #246, logLikelihood: -1350.260784
[00:00:02] [worker #11] Bootstrap tree #236, logLikelihood: -1393.414093
[00:00:02] [worker #23] Bootstrap tree #248, logLikelihood: -1434.901012
[00:00:02] [worker #27] Bootstrap tree #252, logLikelihood: -1361.677732
[00:00:02] [worker #10] Bootstrap tree #235, logLikelihood: -1435.117711
[00:00:02] [worker #18] Bootstrap tree #243, logLikelihood: -1422.478805
[00:00:02] [worker #12] Bootstrap tree #237, logLikelihood: -1414.740153
[00:00:02] [worker #7] Bootstrap tree #232, logLikelihood: -1412.303093
[00:00:02] [worker #0] Bootstrap tree #225, logLikelihood: -1413.049734[
-1451.377482
[00:00:02] [worker #16] Bootstrap tree #273, logLikelihood: -1339.265371
[00:00:02] [worker #23] Bootstrap tree #280, logLikelihood: -1355.810677
[00:00:02] [worker #29] Bootstrap tree #286, logLikelihood: -1466.031732
[00:00:02] [worker #9] Bootstrap tree #266, logLikelihood: -1386.370286
[00:00:02] [worker #31] Bootstrap tree #288, logLikelihood: -1337.008499
[00:00:02] [worker #13] Bootstrap tree #270, logLikelihood: -1413.813063
[00:00:02] [worker #2] Bootstrap tree #259, logLikelihood: -1380.915597
[00:00:02] [worker #21] Bootstrap tree #278, logLikelihood: -1394.499977
[00:00:02] [worker #19] Bootstrap tree #276, logLikelihood: -1376.526438
[00:00:02] [worker #24] Bootstrap tree #281, logLikelihood: -1445.811292
[00:00:02] [worker #15] Bootstrap tree #272, logLikelihood: -1378.211218
[00:00:02] [worker #7] Bootstrap tree #264, logLikelihood: -1409.702185
[00:00:02] [worker #20] Bootstrap tree #277, logLikelihood: -1405.371745
[00:00:02] [worker #14] Bootstrap tree #271, logLikelihood: -1468.271814
[00:00:02] [worker #30] Bootstrap tree #287, logLikelihood: -1399.366133
[00:00:02] [worker #1] Bootstrap tree #258, logLikelihood: [00:00:02] [worker #6] Bootstrap tree #263, logLikelihood: -1396.585705
[00:00:02] [worker #1] Bootstrap tree #258, logLikelihood: [00:00:02] [worker #6] Bootstrap tree #263, logLikelihood: -1396.585705
-1428.348123[
[00:00:02] [worker #10] Bootstrap tree #267, logLikelihood: -1410.192996
[00:00:02] [worker #26] Bootstrap tree #283, logLikelihood: -1349.162083
[00:00:02] [worker #28] Bootstrap tree #285, logLikelihood: -1418.445436
[00:00:02] [worker #8] Bootstrap tree #265, logLikelihood: -1412.212525
[00:00:02] [worker #22] Bootstrap tree #279, logLikelihood: -1421.537153
[00:00:02] [worker #3] Bootstrap tree #260, logLikelihood: -1468.903105
[00:00:02] [worker #4] Bootstrap tree #261, logLikelihood: -1350.540536
[00:00:02] [worker #18] Bootstrap tree #275, logLikelihood: -1462.179456
[00:00:02] [worker #27] Bootstrap tree #284, logLikelihood: -1373.644719
[00:00:02] [worker #5] Bootstrap tree #262, logLikelihood: -1457.555249
[00:00:02] [worker #11] Bootstrap tree #268, logLikelihood: -1432.088193
[00:00:02] [worker #31] Bootstrap tree #320, logLikelihood: -1396.114246
[00:00:02] [worker #17] Bootstrap tree #274, logLikelihood: -1471.435515
[00:00:02] [worker #16] Bootstrap tree #305, logLikelihood: -1360.584148
[00:00:02] [worker #12] Bootstrap tree #269, logLikelihood: -1434.329471
[00:00:02] [worker #13] Bootstrap tree #302, logLikelihood: -1390.955313
[00:00:02] [worker #25] Bootstrap tree #314, logLikelihood: -1411.640826
[00:00:02] [worker #14] Bootstrap tree #303, logLikelihood: -1343.928701
[00:00:02] [worker #0] Bootstrap tree #257, logLikelihood: -1328.776349
[00:00:02] [worker #19] Bootstrap tree #308, logLikelihood: -1386.896017
[00:00:02] [worker #8] Bootstrap tree #297, logLikelihood: -1381.313401
[00:00:02] [worker #2] Bootstrap tree #291, logLikelihood: -1343.435378
[00:00:02] [worker #15] Bootstrap tree #304, logLikelihood: -1406.687160
[00:00:02] [worker #6] Bootstrap tree #295, logLikelihood: -1288.230977
[00:00:02] [worker #23] Bootstrap tree #312, logLikelihood: -1391.137056
[00:00:02] [worker #29] Bootstrap tree #318, logLikelihood: -1370.018647
[00:00:02] [worker #20] Bootstrap tree #309, logLikelihood: -1518.681434
[00:00:02] [worker #28] Bootstrap tree #317, logLikelihood: -1413.719471
[00:00:02] [worker #1] Bootstrap tree #290, logLikelihood: -1407.008928
[00:00:02] [worker #24] Bootstrap tree #313, logLikelihood: -1379.669789
[00:00:02] [worker #21] Bootstrap tree #310, logLikelihood: -1350.924734
[00:00:02] [worker #10] Bootstrap tree #299, logLikelihood: -1473.292912
[00:00:02] [worker #9] Bootstrap tree #298, logLikelihood: -1394.998456
[00:00:02] [worker #7] Bootstrap tree #296, logLikelihood: -1374.593509
[00:00:02] [worker #30] Bootstrap tree #319, logLikelihood: -1448.144306
[00:00:02] [worker #22] Bootstrap tree #311, logLikelihood: -1373.344281
[00:00:02] [worker #3] Bootstrap tree #292, logLikelihood: -1386.512681
[00:00:02] [worker #26] Bootstrap tree #315, logLikelihood: -1338.694757
[00:00:02] [worker #4] Bootstrap tree #293, logLikelihood: -1399.104509
[00:00:02] [worker #18] Bootstrap tree #307, logLikelihood: -1418.197218
[00:00:02] [worker #5] Bootstrap tree #294, logLikelihood: -1366.126655
[00:00:02] [worker #27] Bootstrap tree #316, logLikelihood: -1424.762795
[00:00:02] [worker #11] Bootstrap tree #300, logLikelihood: -1420.595355
[00:00:02] [worker #12] Bootstrap tree #301, logLikelihood: -1405.650488
[00:00:02] [worker #17] Bootstrap tree #306, logLikelihood: -1462.319404
[00:00:02] [worker #0] Bootstrap tree #289, logLikelihood: -1423.966886
[00:00:03] [worker #23] Bootstrap tree #344, logLikelihood: -1459.066375
[00:00:03] [worker #5] Bootstrap tree #326, logLikelihood: -1374.059902
[00:00:03] [worker #20] Bootstrap tree #341, logLikelihood: -1431.031656
[00:00:03] [worker #1] Bootstrap tree #322, logLikelihood: -1345.302058
[00:00:03] [worker #24] Bootstrap tree #345, logLikelihood: -1406.077385
[00:00:03] [worker #19] Bootstrap tree #340, logLikelihood: -1378.255796
[00:00:03] [worker #10] Bootstrap tree #331, logLikelihood: -1399.199421
[00:00:03] [worker #28] Bootstrap tree #349, logLikelihood: -1408.516213
-1369.394600[
0000:00:03] [worker #12] Bootstrap tree #333, logLikelihood: -1401.548710:00:03] 
0000:00:03] [worker #12] Bootstrap tree #333, logLikelihood: -1401.548710:00:03] 
[worker #6] Bootstrap tree #327, logLikelihood: -1402.794130
[00:00:03] [worker #13] Bootstrap tree #334, logLikelihood: -1356.017052
[00:00:03] [worker #15] Bootstrap tree #336, logLikelihood: -1477.227399
[00:00:03] [worker #15] Bootstrap tree #336, logLikelihood: -1477.227399
[00:00:03] [worker #2] Bootstrap tree #323, logLikelihood: [-1428.106145
:03] [worker #3] Bootstrap tree #324, logLikelihood: -1327.649183
[00:00:03] [worker #30] Bootstrap tree #351, logLikelihood: -1391.768831
-1476.101539
[00:00:03] [worker #25] Bootstrap tree #346, logLikelihood: -1421.843527
[00:00:03] [worker #18] Bootstrap tree #339, logLikelihood: -1380.491926
[00:00:03] [worker #7] Bootstrap tree #328, logLikelihood: -1401.652027
[00:00:03] [worker #29] Bootstrap tree #350, logLikelihood: -1416.005085
[00:00:03] [worker #27] Bootstrap tree #348, logLikelihood: -1315.312241
[00:00:03] [worker #22] Bootstrap tree #343, logLikelihood: -1412.750012
[00:00:03] [worker #16] Bootstrap tree #337, logLikelihood: -1406.502756
[00:00:03] [worker #17] Bootstrap tree #338, logLikelihood: -1401.849159
[00:00:03] [worker #21] Bootstrap tree #342, logLikelihood: -1410.543768
[00:00:03] [worker #4] Bootstrap tree #325, logLikelihood: -1430.259952
[00:00:03] [worker #14] Bootstrap tree #335, logLikelihood: -1385.292379
[00:00:03] [worker #0] Bootstrap tree #321, logLikelihood: -1370.206230
[00:00:03] [worker #11] Bootstrap tree #332, logLikelihood: -1495.004958
[00:00:03] [worker #9] Bootstrap tree #330, logLikelihood: -1417.568532
[00:00:03] [worker #26] Bootstrap tree #347, logLikelihood: -1353.721276
[00:00:03] [worker #12] Bootstrap tree #365, logLikelihood: -1427.710740
[00:00:03] [worker #23] Bootstrap tree #376, logLikelihood: -1404.605118
[00:00:03] [worker #28] Bootstrap tree #381, logLikelihood: -1397.262827
[00:00:03] [worker #2] Bootstrap tree #355, logLikelihood: -1470.775716
[00:00:03] [worker #24] Bootstrap tree #377, logLikelihood: -1400.231795
-1435.642618
[00:00:03] [worker #15] Bootstrap tree #368, logLikelihood: -1354.829811
[00:00:03] [worker #25] Bootstrap tree #378, logLikelihood: -1316.182305
[00:00:03] [worker #5] Bootstrap tree #358, logLikelihood: -1429.610466
[00:00:03] [worker #20] Bootstrap tree #373, logLikelihood: -1405.316398
[00:00:03] [worker #31] Bootstrap tree #384, logLikelihood: -1374.354986
[00:00:03] [worker #1] Bootstrap tree #354, logLikelihood: -1387.012006[
-1340.333542
[00:00:03] [worker #18] Bootstrap tree #371, logLikelihood: -1412.598951[
-1392.216221[
00:00:03] [worker #8] Bootstrap tree #361, logLikelihood: -1367.128502
[00:00:03] [worker #17] Bootstrap tree #370, logLikelihood: -1392.587004
[00:00:03] [worker #19] Bootstrap tree #372, logLikelihood: -1351.315078
[00:00:03] [worker #13] Bootstrap tree #366, logLikelihood: -1361.794369
[00:00:03] [worker #29] Bootstrap tree #382, logLikelihood: -1447.823747
[00:00:03] [worker #7] Bootstrap tree #360, logLikelihood: -1378.891013[
-1420.088151
[00:00:03] [worker #14] Bootstrap tree #367, logLikelihood: -1366.542429
[00:00:03] [worker #3] Bootstrap tree #356, logLikelihood: -1413.144600
[00:00:03] [worker #27] Bootstrap tree #380, logLikelihood: -1376.950181
[00:00:03] [worker #0] Bootstrap tree #353, logLikelihood: -1414.833227
[00:00:03] [worker #26] Bootstrap tree #379, logLikelihood: -1354.162238
[00:00:03] [worker #11] Bootstrap tree #364, logLikelihood: -1392.414001
[00:00:03] [worker #9] Bootstrap tree #362, logLikelihood: -1441.392802
[00:00:03] [worker #21] Bootstrap tree #374, logLikelihood: -1383.252232
[00:00:03] [worker #22] Bootstrap tree #375, logLikelihood: -1389.498282
[00:00:03] [worker #4] Bootstrap tree #357, logLikelihood: -1433.231915
[00:00:03] [worker #17] Bootstrap tree #402, logLikelihood: -1393.356776
[00:00:03] [worker #28] Bootstrap tree #413, logLikelihood: -1357.235549
[00:00:03] [worker #6] Bootstrap tree #391, logLikelihood: -1385.632417
[00:00:03] [worker #18] Bootstrap tree #403, logLikelihood: -1386.970238
[00:00:03] [worker #31] Bootstrap tree #416, logLikelihood: -1395.737385
[00:00:03] [worker #13] Bootstrap tree #398, logLikelihood: -1388.840880
[00:00:03] [worker #16] Bootstrap tree #401, logLikelihood: -1350.749331
[00:00:03] [worker #24] Bootstrap tree #409, logLikelihood: -1435.424139
[00:00:03] [worker #24] Bootstrap tree #409, logLikelihood: -1435.424139
[00:00:03] [worker #30] Bootstrap tree #415, logLikelihood: -1323.949189
[00:00:03] [worker #20] Bootstrap tree #405, logLikelihood: -1386.994161
[00:00:03] [worker #26] Bootstrap tree #411, logLikelihood: -1383.689862
[00:00:03] [worker #10] Bootstrap tree #395, logLikelihood: -1360.549352
[00:00:03] [worker #25] Bootstrap tree #410, logLikelihood: -1458.028223
[00:00:03] [worker #7] Bootstrap tree #392, logLikelihood: -1367.556715
[00:00:03] [worker #4] Bootstrap tree #389, logLikelihood: -1363.213364
[00:00:03] [worker #15] Bootstrap tree #400, logLikelihood: [-1446.342445
[00:00:03] [worker #15] Bootstrap tree #400, logLikelihood: [-1446.342445
00:00:03] [worker #27] Bootstrap tree #412, logLikelihood: -1326.377007
[00:00:03] [worker #1] Bootstrap tree #386, logLikelihood: -1365.414752
[00:00:03] [worker #23] Bootstrap tree #408, logLikelihood: -1474.587047
[00:00:03] [worker #2] Bootstrap tree #387, logLikelihood: -1405.855650
[00:00:03] [worker #8] Bootstrap tree #393, logLikelihood: -1462.471969
[00:00:03] [worker #22] Bootstrap tree #407, logLikelihood: -1392.610939
[00:00:03] [worker #29] Bootstrap tree #414, logLikelihood: -1458.092267
[00:00:03] [worker #12] Bootstrap tree #397, logLikelihood: -1436.469416
[00:00:03] [worker #19] Bootstrap tree #404, logLikelihood: -1342.265613
-1407.145772
[00:00:03] [worker #5] Bootstrap tree #390, logLikelihood: -1403.616509
[00:00:03] [worker #17] Bootstrap tree #434, logLikelihood: -1395.000256
[00:00:03] [worker #9] Bootstrap tree #394, logLikelihood: -1340.249951
[00:00:03] [worker #21] Bootstrap tree #406, logLikelihood: -1396.871083
[00:00:03] [worker #14] Bootstrap tree #399, logLikelihood: -1378.254415
[00:00:03] [worker #3] Bootstrap tree #388, logLikelihood: -1448.238031
[00:00:03] [worker #28] Bootstrap tree #445, logLikelihood: -1439.648225
[00:00:03] [worker #13] Bootstrap tree #430, logLikelihood: -1390.958732
[00:00:03] [worker #0] Bootstrap tree #385, logLikelihood: -1459.172625
[00:00:03] [worker #18] Bootstrap tree #435, logLikelihood: -1419.161516
[00:00:03] [worker #6] Bootstrap tree #423, logLikelihood: -1387.473192
[00:00:03] [worker #27] Bootstrap tree #444, logLikelihood: -1413.711915
[00:00:03] [worker #31] Bootstrap tree #448, logLikelihood: -1361.801913
[00:00:03] [worker #25] Bootstrap tree #442, logLikelihood: -1405.756766
[00:00:03] [worker #30] Bootstrap tree #447, logLikelihood: -1383.003841
[00:00:03] [worker #1] Bootstrap tree #418, logLikelihood: -1385.859167
[00:00:03] [worker #7] Bootstrap tree #424, logLikelihood: [-1422.577293

:00:03] [worker #4] Bootstrap tree #421, logLikelihood: -1478.427066
[00:00:03] [worker #10] Bootstrap tree #427, logLikelihood: -1436.244915
[00:00:03] [worker #8] Bootstrap tree #425, logLikelihood: -1381.940758
[00:00:03] [worker #20] Bootstrap tree #437, logLikelihood: -1396.490973
[00:00:03] [worker #23] Bootstrap tree #440, logLikelihood: -1391.328284
[00:00:03] [worker #26] Bootstrap tree #443, logLikelihood: -1429.232780
[00:00:03] [worker #16] Bootstrap tree #433, logLikelihood: -1372.752300
[00:00:03] [worker #11] Bootstrap tree #428, logLikelihood: -1384.347543
[00:00:04] [worker #5] Bootstrap tree #422, logLikelihood: -1387.403680
00:00:04] [worker #19] Bootstrap tree #436, logLikelihood: -1460.606113
[00:00:04] [worker #22] Bootstrap tree #439, logLikelihood: -1399.686527
[00:00:04] [worker #15] Bootstrap tree #432, logLikelihood: -1429.361947
[00:00:04] [worker #2] Bootstrap tree #419, logLikelihood: -1471.020757
[00:00:04] [worker #29] Bootstrap tree #446, logLikelihood: -1449.301036
[00:00:04] [worker #12] Bootstrap tree #429, logLikelihood: -1453.932784
[00:00:04] [worker #3] Bootstrap tree #420, logLikelihood: -1397.159395
[00:00:04] [worker #21] Bootstrap tree #438, logLikelihood: -1383.101377
[00:00:04] [worker #14] Bootstrap tree #431, logLikelihood: -1428.425091
[00:00:04] [worker #9] Bootstrap tree #426, logLikelihood: -1422.285152
[00:00:04] [worker #0] Bootstrap tree #417, logLikelihood: -1457.812761
[00:00:04] [worker #6] Bootstrap tree #455, logLikelihood: -1378.197138
[00:00:04] [worker #18] Bootstrap tree #467, logLikelihood: -1369.716347
[00:00:04] [worker #27] Bootstrap tree #476, logLikelihood: -1340.709235
[00:00:04] [worker #29] Bootstrap tree #478, logLikelihood: -1427.153983
[00:00:04] [worker #11] Bootstrap tree #460, logLikelihood: -1340.982757
[00:00:04] [worker #25] Bootstrap tree #474, logLikelihood: -1481.732328
[00:00:04] [worker #28] Bootstrap tree #477, logLikelihood: -1393.604676
:00:04] [worker #30] Bootstrap tree #479, logLikelihood: -1459.554385
[00:00:04] [worker #19] Bootstrap tree #468, logLikelihood: -1389.350249
[00:00:04] [worker #10] Bootstrap tree #459, logLikelihood: -1449.835291
00:00:04] [worker #7] Bootstrap tree #456, logLikelihood: -1399.780105
[00:00:04] [worker #17] Bootstrap tree #466, logLikelihood: -1414.862660
[00:00:04] [worker #26] Bootstrap tree #475, logLikelihood: -1468.306540
[00:00:04] [worker #31] Bootstrap tree #480, logLikelihood: -1458.744032
[00:00:04] [worker #9] Bootstrap tree #458, logLikelihood: -1372.443513
[00:00:04] [worker #22] Bootstrap tree #471, logLikelihood: -1351.431067
[00:00:04] [worker #13] Bootstrap tree #462, logLikelihood: -1342.793125
[00:00:04] [worker #23] Bootstrap tree #472, logLikelihood: -1397.427495
[00:00:04] [worker #12] Bootstrap tree #461, logLikelihood: -1416.874246
[00:00:04] [worker #20] Bootstrap tree #469, logLikelihood: -1441.356230
[00:00:04] [worker #14] Bootstrap tree #463, logLikelihood: -1485.006756
[00:00:04] [worker #4] Bootstrap tree #453, logLikelihood: -1378.185612
[00:00:04] [worker #8] Bootstrap tree #457, logLikelihood: -1409.735156
[00:00:04] [worker #15] Bootstrap tree #464, logLikelihood: -1403.640757
[00:00:04] [worker #6] Bootstrap tree #487, logLikelihood: -1425.634137
[worker #24] [00:00:04] [worker #1] Bootstrap tree #450, logLikelihood: Bootstrap tree #473, logLikelihood: -1404.696257
[worker #24] [00:00:04] [worker #1] Bootstrap tree #450, logLikelihood: Bootstrap tree #473, logLikelihood: -1404.696257

[00:00:04] [worker #0] Bootstrap tree #449, logLikelihood: -1419.610659
[00:00:04] [worker #16] Bootstrap tree #465, logLikelihood: -1348.893173
[00:00:04] [worker #3] Bootstrap tree #452, logLikelihood: -1392.118364
[00:00:04] [worker #21] Bootstrap tree #470, logLikelihood: -1372.388620
[00:00:04] [worker #5] Bootstrap tree #454, logLikelihood: -1382.751012
[00:00:04] [worker #29] Bootstrap tree #510, logLikelihood: -1429.210120
[00:00:04] [worker #2] Bootstrap tree #451, logLikelihood: -1432.067544
[00:00:04] [worker #11] Bootstrap tree #492, logLikelihood: -1397.975828
[00:00:04] [worker #28] Bootstrap tree #509, logLikelihood: -1387.108402
[00:00:04] [worker #18] Bootstrap tree #499, logLikelihood: -1454.866935
[00:00:04] [worker #31] Bootstrap tree #512, logLikelihood: -1422.897857
[00:00:04] [worker #30] Bootstrap tree #511, logLikelihood: -1417.398514
[00:00:04] [worker #27] Bootstrap tree #508, logLikelihood: -1319.799065
[00:00:04] [worker #10] Bootstrap tree #491, logLikelihood: -1409.883744
[00:00:04] [worker #17] Bootstrap tree #498, logLikelihood: -1388.137263
[00:00:04] [worker #25] Bootstrap tree #506, logLikelihood: -1352.084735
[00:00:04] [worker #12] Bootstrap tree #493, logLikelihood: -1366.757851
[00:00:04] [worker #26] Bootstrap tree #507, logLikelihood: -1395.508972
[00:00:04] [worker #7] Bootstrap tree #488, logLikelihood: -1374.164554
[00:00:04] [worker #9] Bootstrap tree #490, logLikelihood: -1366.945669[
-1376.928678
[00:00:04] [worker #20] Bootstrap tree #501, logLikelihood: -1456.722213
[00:00:04] [worker #13] Bootstrap tree #494, logLikelihood: -1452.448594
[00:00:04] [worker #19] Bootstrap tree #500, logLikelihood: -1450.320021
[00:00:04] [worker #8] Bootstrap tree #489, logLikelihood: -1323.517385
[00:00:04] [worker #23] Bootstrap tree #504, logLikelihood: -1369.153497
[00:00:04] [worker #22] Bootstrap tree #503, logLikelihood: -1369.861895
[00:00:04] [worker #4] Bootstrap tree #485, logLikelihood: -1394.261600
[00:00:04] [worker #14] Bootstrap tree #495, logLikelihood: -1375.433564
[00:00:04] [worker #24] Bootstrap tree #505, logLikelihood: -1394.294776
[00:00:04] [worker #5] Bootstrap tree #486, logLikelihood: -1405.062347
[00:00:04] [worker #3] Bootstrap tree #484, logLikelihood: -1372.610557
[00:00:04] [worker #1] Bootstrap tree #482, logLikelihood: -1399.399145
[00:00:04] [worker #1] Bootstrap tree #482, logLikelihood: -1399.399145
[00:00:04] [worker #2] Bootstrap tree #483, logLikelihood: -1379.628392
[00:00:04] [worker #21] Bootstrap tree #502, logLikelihood: -1399.326479
[00:00:04] [worker #0] Bootstrap tree #481, logLikelihood: -1397.910169
[00:00:04] [worker #16] Bootstrap tree #497, logLikelihood: -1375.816765
[00:00:05] [worker #25] Bootstrap tree #538, logLikelihood: -1452.600019
[00:00:05] [worker #30] Bootstrap tree #543, logLikelihood: -1365.457744
[00:00:05] [worker #19] Bootstrap tree #532, logLikelihood: -1389.877284
[00:00:05] [worker #1] Bootstrap tree #514, logLikelihood: -1361.502403
[00:00:05] [worker #15] Bootstrap tree #528, logLikelihood: -1387.500167
[00:00:05] [worker #4] Bootstrap tree #517, logLikelihood: -1361.168633
[00:00:05] [worker #2] Bootstrap tree #515, logLikelihood: -1375.869913
[00:00:05] [worker #12] Bootstrap tree #525, logLikelihood: -1359.837305
[00:00:05] [worker #16] Bootstrap tree #529, logLikelihood: -1318.636274
[00:00:05] [worker #29] Bootstrap tree #542, logLikelihood: -1376.403073
[00:00:05] [worker #9] Bootstrap tree #522, logLikelihood: -1338.225507
[00:00:05] [worker #11] Bootstrap tree #524, logLikelihood: -1395.628805
[00:00:05] [worker #17] Bootstrap tree #530, logLikelihood: -1372.797484
[00:00:05] [worker #27] Bootstrap tree #540, logLikelihood: -1424.470110
[00:00:05] [worker #3] Bootstrap tree #516, logLikelihood: -1477.764036
[00:00:05] [worker #18] Bootstrap tree #531, logLikelihood: -1472.115563
[00:00:05] [worker #20] Bootstrap tree #533, logLikelihood: -1435.598795
] [worker #10] Bootstrap tree #523, logLikelihood: -1341.207196
[00:00:05] [worker #13] Bootstrap tree #526, logLikelihood: -1413.214533
[00:00:05] [worker #6] Bootstrap tree #519, logLikelihood: -1390.666265
[00:00:05] [worker #28] Bootstrap tree #541, logLikelihood: -1335.304518
[00:00:05] [worker #7] Bootstrap tree #520, logLikelihood: -1391.413753
[00:00:05] [worker #5] Bootstrap tree #518, logLikelihood: -1369.382285
[00:00:05] [worker #22] Bootstrap tree #535, logLikelihood: -1382.698094
[00:00:05] [worker #23] Bootstrap tree #536, logLikelihood: -1411.030238
[00:00:05] [worker #19] Bootstrap tree #564, logLikelihood: -1374.639865
[00:00:05] [worker #26] Bootstrap tree #539, logLikelihood: -1406.083001
[00:00:05] [worker #8] Bootstrap tree #521, logLikelihood: -1358.904568
[00:00:05] [worker #25] Bootstrap tree #570, logLikelihood: -1391.001853
[00:00:05] [worker #0] Bootstrap tree #513, logLikelihood: -1415.733720
[00:00:05] [worker #2] Bootstrap tree #547, logLikelihood: -1412.667596
00[00:00:05] [worker #24] Bootstrap tree #537, logLikelihood: -1387.113638
00[00:00:05] [worker #24] Bootstrap tree #537, logLikelihood: -1387.113638
:00:05] [worker #31] Bootstrap tree #544, logLikelihood: -1417.170006
[00:00:05] [worker #1] Bootstrap tree #546, logLikelihood: -1461.466194
[00:00:05] [worker #14] Bootstrap tree #527, logLikelihood: -1438.932908
[00:00:05] [worker #21] Bootstrap tree #534, logLikelihood: -1451.913206
[00:00:05] [worker #16] Bootstrap tree #561, logLikelihood: -1353.852774
[00:00:05] [worker #30] Bootstrap tree #575, logLikelihood: -1403.980462
[00:00:05] [worker #28] Bootstrap tree #573, logLikelihood: -1363.474894
[00:00:05] [worker #9] Bootstrap tree #554, logLikelihood: -1398.214940
[00:00:05] [worker #4] Bootstrap tree #549, logLikelihood: -1406.213235
[00:00:05] [worker #29] Bootstrap tree #574, logLikelihood: -1382.762682
[00:00:05] [worker #7] Bootstrap tree #552, logLikelihood: -1459.931535
[00:00:05] [worker #17] Bootstrap tree #562, logLikelihood: -1379.405109
-1414.804278
[00:00:05] [worker #11] Bootstrap tree #556, logLikelihood: -1415.691595
[00:00:05] [worker #6] Bootstrap tree #551, logLikelihood: -1423.048421
[00:00:05] [worker #20] Bootstrap tree #565, logLikelihood: -1400.332094
[00:00:05] [worker #15] Bootstrap tree #560, logLikelihood: -1408.140498
[00:00:05] [worker #23] Bootstrap tree #568, logLikelihood: -1420.953547
[00:00:05] [worker #27] Bootstrap tree #572, logLikelihood: -1411.466800
[00:00:05] [worker #3] Bootstrap tree #548, logLikelihood: -1383.340341
[00:00:05] [worker #12] Bootstrap tree #557, logLikelihood: -1400.812560
[00:00:05] [worker #22] Bootstrap tree #567, logLikelihood: -1394.824259
[00:00:05] [worker #13] Bootstrap tree #558, logLikelihood: -1476.069827
[00:00:05] [worker #8] Bootstrap tree #553, logLikelihood: -1324.098914
[00:00:05] [worker #10] Bootstrap tree #555, logLikelihood: -1424.448579
[00:00:05] [worker #5] Bootstrap tree #550, logLikelihood: -1397.345616
[00:00:05] [worker #26] Bootstrap tree #571, logLikelihood: -1405.956430
[00:00:05] [worker #24] Bootstrap tree #569, logLikelihood: -1506.549316
[00:00:05] [worker #21] Bootstrap tree #566, logLikelihood: -1482.893595
[00:00:05] [worker #31] Bootstrap tree #576, logLikelihood: -1390.536851
[00:00:05] [worker #14] Bootstrap tree #559, logLikelihood: -1391.056377
[00:00:05] [worker #0] Bootstrap tree #545, logLikelihood: -1386.216606
[00:00:06] [worker #8] Bootstrap tree #585, logLikelihood: -1435.404667
[00:00:06] [worker #29] Bootstrap tree #606, logLikelihood: -1397.346059
-1374.470345
[00:00:06] [worker #11] Bootstrap tree #588, logLikelihood: -1414.962984
[00:00:06] [worker #3] Bootstrap tree #580, logLikelihood: -1408.494281
00:00:06] [worker #19] Bootstrap tree #596, logLikelihood: -1346.896616
[00:00:06] [worker #25] Bootstrap tree #602, logLikelihood: -1407.523236
[00:00:06] [worker #6] Bootstrap tree #583, logLikelihood: -1433.510551
[00:00:06] [worker #9] Bootstrap tree #586, logLikelihood: -1381.886722
[00:00:06] [worker #23] Bootstrap tree #600, logLikelihood: -1345.326728
[00:00:06] [worker #12] Bootstrap tree #589, logLikelihood: -1432.075132
[00:00:06] [worker #13] Bootstrap tree #590, logLikelihood: -1389.032090
[00:00:06] [worker #27] Bootstrap tree #604, logLikelihood: -1370.228371
[00:00:06] [worker #20] Bootstrap tree #597, logLikelihood: -1327.345588
[00:00:06] [worker #15] Bootstrap tree #592, logLikelihood: -1375.771555
[00:00:06] [worker #28] Bootstrap tree #605, logLikelihood: -1408.708442
[00:00:06] [worker #7] Bootstrap tree #584, logLikelihood: -1486.596969
00:00:06] [worker #26] Bootstrap tree #603, logLikelihood: -1395.317032
[00:00:06] [worker #17] Bootstrap tree #594, logLikelihood: -1399.229876
[00:00:06] [worker #10] Bootstrap tree #587, logLikelihood: -1428.402330
[00:00:06] [worker #4] Bootstrap tree #581, logLikelihood: -1427.490712
[00:00:06] [worker #18] Bootstrap tree #595, logLikelihood: -1381.380185
[00:00:06] [worker #16] Bootstrap tree #593, logLikelihood: -1480.589579
[00:00:06] [worker #5] Bootstrap tree #582, logLikelihood: -1400.196537
[00:00:06] [worker #22] Bootstrap tree #599, logLikelihood: 
[00:00:06] [worker #22] Bootstrap tree #599, logLikelihood: 
-1389.539871
[00:00:06] [worker #2] Bootstrap tree #579, logLikelihood: -1437.879104
[00:00:06] [worker #14] Bootstrap tree #591, logLikelihood: -1365.793862
[00:00:06] [worker #31] Bootstrap tree #608, logLikelihood: -1364.886604
[00:00:06] [worker #21] Bootstrap tree #598, logLikelihood: -1416.470033
[00:00:06] [worker #13] Bootstrap tree #622, logLikelihood: -1373.382386
[00:00:06] [worker #1] Bootstrap tree #610, logLikelihood: -1382.182434
[00:00:06] [worker #15] Bootstrap tree #624, logLikelihood: -1322.597965
[00:00:06] [worker #29] Bootstrap tree #638, logLikelihood: -1428.726311
[00:00:06] [worker #9] Bootstrap tree #618, logLikelihood: -1404.838897
[00:00:06] [worker #10] Bootstrap tree #619, logLikelihood: -1374.675054
[00:00:06] [worker #25] Bootstrap tree #634, logLikelihood: -1395.753773
[00:00:06] [worker #18] Bootstrap tree #627, logLikelihood: [1418.446615

[00:00:06] [worker #17] Bootstrap tree #626, logLikelihood: -1395.346263
[00:00:06] [worker #11] Bootstrap tree #620, logLikelihood: -1360.893048
[00:00:06] [worker #12] Bootstrap tree #621, logLikelihood: -1471.962770
[00:00:06] [worker #8] Bootstrap tree #617, logLikelihood: -1357.743694
[00:00:06] [worker #26] Bootstrap tree #635, logLikelihood: -1390.339365
[00:00:06] [worker #0] Bootstrap tree #577, logLikelihood: -1391.381756
[00:00:06] [worker #30] Bootstrap tree #607, logLikelihood: -1435.304650
[00:00:06] [worker #7] Bootstrap tree #616, logLikelihood: -1396.099780
[00:00:06] [worker #6] Bootstrap tree #615, logLikelihood: -1452.956559
[00:00:06] [worker #2] Bootstrap tree #611, logLikelihood: -1404.864150
[00:00:06] [worker #19] Bootstrap tree #628, logLikelihood: -1424.557513
[00:00:06] [worker #4] Bootstrap tree #613, logLikelihood: -1359.903619
[00:00:06] [worker #20] Bootstrap tree #629, logLikelihood: -1380.291701
[00:00:06] [worker #23] Bootstrap tree #632, logLikelihood: -1342.768669
[00:00:06] [worker #16] Bootstrap tree #625, logLikelihood: -1383.733314
[00:00:06] [worker #27] Bootstrap tree #636, logLikelihood: -1382.717516
[00:00:06] [worker #3] Bootstrap tree #612, logLikelihood: -1407.472468
[00:00:06] [worker #14] Bootstrap tree #623, logLikelihood: -1344.591513
[00:00:06] [worker #5] Bootstrap tree #614, logLikelihood: -1410.224582
[00:00:06] [worker #22] Bootstrap tree #631, logLikelihood: -1400.853338
[00:00:06] [worker #24] Bootstrap tree #633, logLikelihood: -1442.344415
[00:00:06] [worker #31] Bootstrap tree #640, logLikelihood: -1379.485156
[00:00:06] [worker #21] Bootstrap tree #630, logLikelihood: -1404.774611
[00:00:06] [worker #30] Bootstrap tree #639, logLikelihood: -1375.072992
[00:00:06] [worker #0] Bootstrap tree #609, logLikelihood: -1383.116310
[00:00:07] [worker #4] Bootstrap tree #645, logLikelihood: -1357.043987
[00:00:07] [worker #23] Bootstrap tree #664, logLikelihood: -1381.650005
[00:00:07] [worker #5] Bootstrap tree #646, logLikelihood: -1337.302316
[00:00:07] [worker #11] Bootstrap tree #652, logLikelihood: -1435.435216
[00:00:07] [worker #14] Bootstrap tree #655, logLikelihood: -1411.870181
[00:00:07] [worker #12] Bootstrap tree #653, logLikelihood: -1384.799641
[00:00:07] [worker #3] Bootstrap tree #644, logLikelihood: -1390.463074
[00:00:07] [worker #9] Bootstrap tree #650, logLikelihood: -1422.518572
-1362.123781[[
-1362.123781[[
00:00:07] [worker #7] Bootstrap tree #648, logLikelihood: -1389.065131:00
-1362.123781[[
00:00:07] [worker #7] Bootstrap tree #648, logLikelihood: -1389.065131:00
:07] [worker #25] Bootstrap tree #666, logLikelihood: -1425.248128
[00:00:07] [worker #31] Bootstrap tree #672, logLikelihood: -1441.441680
[00:00:07] [worker #15] Bootstrap tree #656, logLikelihood: -1389.923942
[00:00:07] [worker #13] Bootstrap tree #654, logLikelihood: -1352.371032
[00:00:07] [worker #22] Bootstrap tree #663, logLikelihood: -1404.569772
[00:00:07] [worker #27] Bootstrap tree #668, logLikelihood: -1410.816846
, logLikelihood: -1413.056503
[00:00:07] [worker #19] Bootstrap tree #660, logLikelihood: -1355.214878
[00:00:07] [worker #18] Bootstrap tree #659, logLikelihood: -1364.346473
[00:00:07] [worker #28] Bootstrap tree #669, logLikelihood: -1390.996959
[00:00:07] [worker #17] Bootstrap tree #658, logLikelihood: -1282.792598
[00:00:07] [worker #2] Bootstrap tree #643, logLikelihood: -1434.971909
[00:00:07] [worker #21] Bootstrap tree #662, logLikelihood: -1453.657091
[00:00:07] [worker #20] Bootstrap tree #661, logLikelihood: -1390.615102
[00:00:07] [worker #1] Bootstrap tree #642, logLikelihood: -1391.435015
[00:00:07] [worker #16] Bootstrap tree #657, logLikelihood: -1465.041661
[00:00:07] [worker #26] Bootstrap tree #667, logLikelihood: -1407.211021
[00:00:07] [worker #30] Bootstrap tree #671, logLikelihood: -1337.045299
[00:00:07] [worker #6] Bootstrap tree #647, logLikelihood: -1426.390654
[00:00:07] [worker #24] Bootstrap tree #665, logLikelihood: -1409.932845
[00:00:07] [worker #0] Bootstrap tree #641, logLikelihood: -1441.241044
[00:00:07] [worker #23] Bootstrap tree #696, logLikelihood: -1359.299279
[00:00:07] [worker #25] Bootstrap tree #698, logLikelihood: -1387.716688
00:00:07] [worker #5] Bootstrap tree #678, logLikelihood: [-1425.09588800
-1383.468095
[00:00:07] [worker #11] Bootstrap tree #684, logLikelihood: -1382.774387
[00:00:07] [worker #12] Bootstrap tree #685, logLikelihood: -1454.497720
[00:00:07] [worker #4] Bootstrap tree #677, logLikelihood: -1383.105988
[00:00:07] [worker #8] Bootstrap tree #649, logLikelihood: -1463.257242
[00:00:07] [worker #13] Bootstrap tree #686, logLikelihood: -1391.561826
[00:00:07] [worker #3] Bootstrap tree #676, logLikelihood: -1415.593217
[00:00:07] [worker #31] Bootstrap tree #704, logLikelihood: -1380.863256
[00:00:07] [worker #9] Bootstrap tree #682, logLikelihood: -1391.797116
[00:00:07] [worker #15] Bootstrap tree #688, logLikelihood: -1461.531621
[00:00:07] [worker #28] Bootstrap tree #701, logLikelihood: -1410.776825
[00:00:07] [worker #10] Bootstrap tree #683, logLikelihood: -1404.097139
[00:00:07] [worker #17] Bootstrap tree #690, logLikelihood: -1431.508127
[00:00:07] [worker #19] Bootstrap tree #692, logLikelihood: -1393.984624
[00:00:07] [worker #7] Bootstrap tree #680, logLikelihood: -1437.794570
[00:00:07] [worker #29] Bootstrap tree #702, logLikelihood: -1438.729029
[00:00:07] [worker #27] Bootstrap tree #700, logLikelihood: -1404.452300
[00:00:07] [worker #21] Bootstrap tree #694, logLikelihood: -1423.730541
[00:00:07] [worker #2] Bootstrap tree #675, logLikelihood: -1464.980066
[00:00:07] [worker #18] Bootstrap tree #691, logLikelihood: -1416.464065
[00:00:07] [worker #22] Bootstrap tree #695, logLikelihood: -1406.718663
[00:00:07] [worker #20] Bootstrap tree #693, logLikelihood: -1422.316752
[00:00:07] [worker #1] Bootstrap tree #674, logLikelihood: -1400.995814
[00:00:07] [worker #16] Bootstrap tree #689, logLikelihood: -1436.303028
[00:00:07] [worker #26] Bootstrap tree #699, logLikelihood: -1405.216487
[00:00:07] [worker #30] Bootstrap tree #703, logLikelihood: -1425.990449
[00:00:07] [worker #6] Bootstrap tree #679, logLikelihood: -1389.365325
[00:00:07] [worker #24] Bootstrap tree #697, logLikelihood: -1358.582237
[00:00:07] [worker #8] Bootstrap tree #681, logLikelihood: -1370.953020
[00:00:07] [worker #0] Bootstrap tree #673, logLikelihood: -1323.182401
[00:00:08] [worker #19] Bootstrap tree #724, logLikelihood: -1374.169916
[00:00:08] [worker #29] Bootstrap tree #734, logLikelihood: -1394.154536
[00:00:08] [worker #5] Bootstrap tree #710, logLikelihood: -1445.593661
[00:00:08] [worker #21] Bootstrap tree #726, logLikelihood: -1334.305631

[00:00:08] [worker #11] Bootstrap tree #716, logLikelihood: -1368.621229
[00:00:08] [worker #17] Bootstrap tree #722, logLikelihood: -1405.154729
[00:00:08] [worker #6] Bootstrap tree #711, logLikelihood: -1421.948807
[00:00:08] [worker #10] Bootstrap tree #715, logLikelihood: -1400.451954
[00:00:08] [worker #18] Bootstrap tree #723, logLikelihood: -1455.097810
[00:00:08] [worker #13] Bootstrap tree #718, logLikelihood: -1405.025776
[00:00:08] [worker #13] Bootstrap tree #718, logLikelihood: -1405.025776
[00:00:08] [worker #3] Bootstrap tree #708, logLikelihood: -1382.728499
[00:00:08] [worker #24] Bootstrap tree #729, logLikelihood: -1408.499412
[00:00:08] [worker #14] Bootstrap tree #719, logLikelihood: -1392.557515
[00:00:08] [worker #27] Bootstrap tree #732, logLikelihood: -1414.774914
[[00:00:08] [worker #25] Bootstrap tree #730:, logLikelihood: 00:08] [worker #26] Bootstrap tree #731, logLikelihood: -1464.508979
[00:00:08] [worker #4] Bootstrap tree #709, logLikelihood: -1349.766281
-1390.091203
[00:00:08] [worker #12] Bootstrap tree #717, logLikelihood: -1362.782110
[00:00:08] [worker #16] Bootstrap tree #721, logLikelihood: -1358.559886
[00:00:08] [worker #31] Bootstrap tree #736, logLikelihood: -1369.770010
[00:00:08] [worker #7] Bootstrap tree #712, logLikelihood: -1362.458986
[00:00:08] [worker #23] Bootstrap tree #728, logLikelihood: -1396.125162
[00:00:08] [worker #15] Bootstrap tree #720, logLikelihood: -1328.906137
[00:00:08] [worker #9] Bootstrap tree #714, logLikelihood: -1419.235973
[00:00:08] [worker #28] Bootstrap tree #733, logLikelihood: -1335.712423
[00:00:08] [worker #30] Bootstrap tree #735, logLikelihood: -1427.659631
[00:00:08] [worker #1] Bootstrap tree #706, logLikelihood: -1440.320177
[00:00:08] [worker #2] Bootstrap tree #707, logLikelihood: -1454.116064
[00:00:08] [worker #21] Bootstrap tree #758, logLikelihood: -1368.149135
[00:00:08] [worker #8] Bootstrap tree #713, logLikelihood: -1443.399502
[00:00:08] [worker #0] Bootstrap tree #705, logLikelihood: -1395.663041
[00:00:08] [worker #5] Bootstrap tree #742, logLikelihood: -1429.033222
[00:00:08] [worker #6] Bootstrap tree #743, logLikelihood: -1379.136173
[00:00:08] [worker #19] Bootstrap tree #756, logLikelihood: -1425.341527
[00:00:08] [worker #17] Bootstrap tree #754, logLikelihood: -1413.498880
[00:00:08] [worker #27] Bootstrap tree #764, logLikelihood: -1304.908855
[00:00:08] [worker #12] Bootstrap tree #749, logLikelihood: -1378.815132
[00:00:08] [worker #24] Bootstrap tree #761, logLikelihood: -1434.132960
[00:00:08] [worker #11] Bootstrap tree #748, logLikelihood: -1362.356502
[00:00:08] [worker #18] Bootstrap tree #755, logLikelihood: -1426.009517
[00:00:08] [worker #22] Bootstrap tree #759, logLikelihood: -1403.556185
[00:00:08] [worker #29] Bootstrap tree #766, logLikelihood: -1423.009762
[00:00:08] [worker #4] Bootstrap tree #741, logLikelihood: -1374.135181
[00:00:08] [worker #25] Bootstrap tree #762, logLikelihood: -1386.712146
[00:00:08] [worker #15] Bootstrap tree #752, logLikelihood: -1404.682550
[00:00:08] [worker #13] Bootstrap tree #750, logLikelihood: -1381.877163
[00:00:08] [worker #23] Bootstrap tree #760, logLikelihood: -1365.912394
[00:00:08] [worker #14] Bootstrap tree #751, logLikelihood: -1389.582288
[00:00:08] [worker #20] Bootstrap tree #757, logLikelihood: -1395.638274
[00:00:08] [worker #1] Bootstrap tree #738, logLikelihood: -1330.956429
[00:00:08] [worker #10] Bootstrap tree #747, logLikelihood: -1419.687845
[00:00:08] [worker #3] Bootstrap tree #740, logLikelihood: [-1378.804163

[00:00:08] [worker #7] Bootstrap tree #744, logLikelihood: -1428.810412
[00:00:08] [worker #31] Bootstrap tree #768, logLikelihood: -1429.385182
[00:00:08] [worker #16] Bootstrap tree #753, logLikelihood: -1407.872117
[00:00:08] [worker #26] Bootstrap tree #763, logLikelihood: -1390.190271
[00:00:08] [worker #28] Bootstrap tree #765, logLikelihood: -1391.917171
[00:00:08] [worker #2] Bootstrap tree #739, logLikelihood: -1395.132366
[00:00:08] [worker #30] Bootstrap tree #767, logLikelihood: -1393.928287
[00:00:08] [worker #8] Bootstrap tree #745, logLikelihood: -1430.115264
[00:00:08] [worker #0] Bootstrap tree #737, logLikelihood: -1399.826950
[00:00:09] [worker #23] Bootstrap tree #792, logLikelihood: -1369.293517
[00:00:09] [worker #27] Bootstrap tree #796, logLikelihood: -1406.128366
[00:00:09] [worker #18] Bootstrap tree #787, logLikelihood: -1361.139166
[00:00:09] [worker #11] Bootstrap tree #780, logLikelihood: -1371.118090
[00:00:09] [worker #22] Bootstrap tree #791, logLikelihood: -1443.459777
[00:00:09] [worker #8] Bootstrap tree #777, logLikelihood: -1414.819539
[00:00:09] [worker #25] Bootstrap tree #794, logLikelihood: -1421.869641
[00:00:09] [worker #7] Bootstrap tree #776, logLikelihood: -1415.628343
[00:00:09] [worker #3] Bootstrap tree #772, logLikelihood: -1454.168715
[00:00:09] [worker #14] Bootstrap tree #783, logLikelihood: -1422.555214
[00:00:09] [worker #24] Bootstrap tree #793, logLikelihood: -1467.245369
[00:00:09] [worker #31] Bootstrap tree #800, logLikelihood: -1408.250285
[00:00:09] [worker #5] Bootstrap tree #774, logLikelihood: -1348.734506
[00:00:09] [worker #10] Bootstrap tree #779, logLikelihood: -1418.506072
[worker #13] [[00:00:09] [worker #19] Bootstrap tree #788, logLikelihood: Bootstrap tree #782, logLikelihood: -1425.193526-1383.398489
-1399.366648 [[00:00:09] [worker #19] Bootstrap tree #788, logLikelihood: Bootstrap tree #782, logLikelihood: -1425.193526-1383.398489

-1399.366648
[00:00:09] [worker #1] Bootstrap tree #770, logLikelihood: -1439.419672
[00:00:09] [worker #21] Bootstrap tree #790, logLikelihood: -1349.498559
[00:00:09] [worker #16] Bootstrap tree #785, logLikelihood: -1414.508907
[00:00:09] [worker #4] Bootstrap tree #773, logLikelihood: -1366.197894
[00:00:09] [worker #20] Bootstrap tree #789, logLikelihood: -1386.954427
[00:00:09] [worker #26] Bootstrap tree #795, logLikelihood: -1464.880048
[00:00:09] [worker #29] Bootstrap tree #798, logLikelihood: -1367.266886
[00:00:09] [worker #30] Bootstrap tree #799, logLikelihood: -1372.597076
[00:00:09] [worker #17] Bootstrap tree #786, logLikelihood: -1497.898272
[00:00:09] [worker #12] Bootstrap tree #781, logLikelihood: -1474.743944
[00:00:09] [worker #15] Bootstrap tree #784, logLikelihood: -1339.158477
[00:00:09] [worker #2] Bootstrap tree #771, logLikelihood: -1373.869316
[00:00:09] [worker #23] Bootstrap tree #824, logLikelihood: -1397.272994
[00:00:09] [worker #9] Bootstrap tree #778, logLikelihood: -1456.283402
[00:00:09] [worker #10] Bootstrap tree #811, logLikelihood: -1360.469046
[00:00:09] [worker #27] Bootstrap tree #828, logLikelihood: -1358.678916
[00:00:09] [worker #7] Bootstrap tree #808, logLikelihood: -1422.010177
[00:00:09] [worker #14] Bootstrap tree #815, logLikelihood: -1384.994989
[00:00:09] [worker #6] Bootstrap tree #807, logLikelihood: -1438.572387
[00:00:09] [worker #31] Bootstrap tree #832, logLikelihood: -1476.393460
[00:00:09] [worker #0] Bootstrap tree #769, logLikelihood: -1452.325543
[00:00:09] [worker #28] Bootstrap tree #797, logLikelihood: -1385.056074
[00:00:09] [worker #24] Bootstrap tree #825, logLikelihood: -1388.929704
[00:00:09] [worker #20] Bootstrap tree #821, logLikelihood: -1347.047951
[00:00:09] [worker #8] Bootstrap tree #809, logLikelihood: -1430.854934
[00:00:09] [worker #16] Bootstrap tree #817, logLikelihood: -1344.950820
[00:00:09] [worker #3] Bootstrap tree #804, logLikelihood: -1428.778488
[00:00:09] [worker #22] Bootstrap tree #823, logLikelihood: -1435.955440
[00:00:09] [worker #5] Bootstrap tree #806, logLikelihood: -1341.230661
[00:00:09] [worker #25] Bootstrap tree #826, logLikelihood: -1405.137237
[00:00:09] [worker #11] Bootstrap tree #812, logLikelihood: -1409.234217
[00:00:09] [worker #18] Bootstrap tree #819, logLikelihood: -1400.438906
[00:00:09] [worker #29] Bootstrap tree #830, logLikelihood: -1371.756362
[00:00:09] [worker #17] Bootstrap tree #818, logLikelihood: -1398.813544[
-1361.781084[
-1410.155126
[00:00:09] [worker #19] Bootstrap tree #820, logLikelihood: -1408.283989
[00:00:09] [worker #26] Bootstrap tree #827, logLikelihood: -1412.329279
[00:00:09] [worker #2] Bootstrap tree #803, logLikelihood: -1443.260551
[00:00:09] [worker #12] Bootstrap tree #813, logLikelihood: -1404.843502
[worker #4] [00:00:09] [worker #1] Bootstrap tree #802, logLikelihood: Bootstrap tree #805, logLikelihood: 
[worker #4] [00:00:09] [worker #1] Bootstrap tree #802, logLikelihood: Bootstrap tree #805, logLikelihood: 
-1338.465317
[00:00:09] [worker #30] Bootstrap tree #831, logLikelihood: -1408.805159
[00:00:09] [worker #15] Bootstrap tree #816, logLikelihood: -1471.921857
[00:00:09] [worker #9] Bootstrap tree #810, logLikelihood: -1417.570046
[00:00:09] [worker #28] Bootstrap tree #829, logLikelihood: -1343.262625
[00:00:09] [worker #0] Bootstrap tree #801, logLikelihood: -1390.172420
[00:00:10] [worker #31] Bootstrap tree #864, logLikelihood: -1374.750503
[00:00:10] [worker #1] Bootstrap tree #834, logLikelihood: -1320.577871
[00:00:10] [worker #12] Bootstrap tree #845, logLikelihood: -1375.123163
[00:00:10] [worker #20] Bootstrap tree #853, logLikelihood: -1432.522802
[00:00:10] [worker #22] Bootstrap tree #855, logLikelihood: [00:00:10] [worker #18] Bootstrap tree #851, logLikelihood: 
000:00:10] [worker #22] Bootstrap tree #855, logLikelihood: [00:00:10] [worker #18] Bootstrap tree #851, logLikelihood: 
-1355.013220
00:10] [worker #26] Bootstrap tree #859, logLikelihood: -1391.903601
0000:10] [worker #26] Bootstrap tree #859, logLikelihood: -1391.903601
00:00:10] [worker #28] Bootstrap tree #861, logLikelihood: -1409.979863
[00:00:10] [worker #7] Bootstrap tree #840, logLikelihood: -1343.885416
[00:00:10] [worker #11] Bootstrap tree #844, logLikelihood: -1367.344856
[00:00:10] [worker #24] Bootstrap tree #857, logLikelihood: -1418.745382
[00:00:10] [worker #10] Bootstrap tree #843, logLikelihood: -1416.112911
[00:00:10] [worker #23] Bootstrap tree #856, logLikelihood: -1384.081642
[00:00:10] [worker #14] Bootstrap tree #847, logLikelihood: -1410.288005
[00:00:10] [worker #29] Bootstrap tree #862, logLikelihood: -1417.707422
[00:00:10] [worker #27] Bootstrap tree #860, logLikelihood: -1426.996084
[00:00:10] [worker #6] Bootstrap tree #839, logLikelihood: -1364.567884
[00:00:10] [worker #15] Bootstrap tree #848, logLikelihood: -1373.611319
[00:00:10] [worker #16] Bootstrap tree #849, logLikelihood: -1383.536318
[00:00:10] [worker #5] Bootstrap tree #838, logLikelihood: -1444.540070
[00:00:10] [worker #9] Bootstrap tree #842, logLikelihood: -1392.091190
[00:00:10] [worker #19] Bootstrap tree #852, logLikelihood: -1418.244784
-1434.948135
[00:00:10] [worker #17] Bootstrap tree #850, logLikelihood: -1463.663934
[00:00:10] [worker #8] Bootstrap tree #841, logLikelihood: -1410.056709
[00:00:10] [worker #13] Bootstrap tree #846, logLikelihood: -1389.333069
[00:00:10] [worker #4] Bootstrap tree #837, logLikelihood: -1375.600816
[00:00:10] [worker #25] Bootstrap tree #858, logLikelihood: -1409.881649
[00:00:10] [worker #0] Bootstrap tree #833, logLikelihood: -1443.697663
[00:00:10] [worker #30] Bootstrap tree #863, logLikelihood: -1395.925187
[00:00:10] [worker #3] Bootstrap tree #836, logLikelihood: -1385.412844
[00:00:10] [worker #21] Bootstrap tree #854, logLikelihood: -1436.853752
[00:00:10] [worker #1] Bootstrap tree #866, logLikelihood: -1436.321602
[00:00:10] [worker #31] Bootstrap tree #896, logLikelihood: -1448.182770
[00:00:10] [worker #24] Bootstrap tree #889, logLikelihood: -1439.147684
[00:00:10] [worker #7] Bootstrap tree #872, logLikelihood: -1386.273894
[00:00:10] [worker #28] Bootstrap tree #893, logLikelihood: -1440.890895
[00:0[00:10] :00:10] [worker #11] Bootstrap tree #Bootstrap tree #875, logLikelihood: , logLikelihood: -1389.246752-1387.757812
[00:0[00:10] :00:10] [worker #11] Bootstrap tree #Bootstrap tree #875, logLikelihood: , logLikelihood: -1389.246752-1387.757812

[00:00:10] [worker #23] Bootstrap tree #888, logLikelihood: -1373.754330
[00:00:10] [worker #29] Bootstrap tree #894, logLikelihood: -1343.874469
[00:00:10] [worker #20] Bootstrap tree #885, logLikelihood: -1404.731095
[00:00:10] [worker #26] Bootstrap tree #891, logLikelihood: -1406.997735
[00:00:10] [worker #14] Bootstrap tree #879, logLikelihood: -1384.399872
[00:00:10] [worker #27] Bootstrap tree #892, logLikelihood: -1431.899328
[00:00:10] [worker #6] Bootstrap tree #871, logLikelihood: -1474.428799
[00:00:10] [worker #2] Bootstrap tree #867, logLikelihood: -1402.598924
[00:00:10] [worker #8] Bootstrap tree #873, logLikelihood: -1415.993263
[00:00:10] [worker #16] Bootstrap tree #881, logLikelihood: -1360.684637
[00:00:10] [worker #18] Bootstrap tree #883, logLikelihood: -1364.551111
[00:00:10] [worker #12] Bootstrap tree #877, logLikelihood: -1438.059643
[00:00:10] [worker #22] Bootstrap tree #887, logLikelihood: -1445.339897
[00:00:10] [worker #19] Bootstrap tree #884, logLikelihood: -1430.474292
[00:00:10] [worker #17] Bootstrap tree #882, logLikelihood: -1397.861355
[00:00:10] [worker #5] Bootstrap tree #870, logLikelihood: -1413.718923
[00:00:10] [worker #9] Bootstrap tree #874, logLikelihood: -1394.085329
[00:00:10] [worker #15] Bootstrap tree #880, logLikelihood: -1439.321762
[00:00:10] [worker #25] Bootstrap tree #890, logLikelihood: -1371.646287
[00:00:10] [worker #3] Bootstrap tree #868, logLikelihood: -1402.345541
[00:00:10] [worker #4] Bootstrap tree #869, logLikelihood: -1344.864770
[00:00:10] [worker #30] Bootstrap tree #895, logLikelihood: -1466.106356
[00:00:10] [worker #13] Bootstrap tree #878, logLikelihood: -1390.857321
[00:00:10] [worker #0] Bootstrap tree #865, logLikelihood: -1387.112785
[00:00:10] [worker #21] Bootstrap tree #886, logLikelihood: -1467.069879
[00:00:11] [worker #12] Bootstrap tree #909, logLikelihood: -1363.703436
[00:00:11] [worker #11] Bootstrap tree #908, logLikelihood: -1420.962669
[00:00:11] [worker #31] Bootstrap tree #928, logLikelihood: -1325.958156
[00:00:11] [worker #10] Bootstrap tree #907, logLikelihood: -1325.298177
[00:00:11] [worker #3] Bootstrap tree #900, logLikelihood: -1440.875259
[00:00:11] [worker #29] Bootstrap tree #926, logLikelihood: -1387.088781
[00:00:11] [worker #14] Bootstrap tree #911, logLikelihood: -1404.895108
[00:00:11] [worker #21] Bootstrap tree #918, logLikelihood: -1367.309170
[00:00:11] [worker #23] Bootstrap tree #920, logLikelihood: -1349.801783
[00:00:11] [worker #19] Bootstrap tree #916, logLikelihood: -1405.881893
[00:00:11] [worker #5] Bootstrap tree #902, logLikelihood: -1373.574055
[00:00:11] [worker #24] Bootstrap tree #921, logLikelihood: -1373.777871
[00:00:11] [worker #1] Bootstrap tree #898, logLikelihood: -1414.745027
[00:00:11] [worker #18] Bootstrap tree #915, logLikelihood: -1401.197596
[00:00:11] [worker #28] Bootstrap tree #925, logLikelihood: -1399.692210
[00:00:11] [worker #8] Bootstrap tree #905, logLikelihood: -1372.259272
[00:00:11] [worker #9] Bootstrap tree #906, logLikelihood: -1408.062385
[00:00:11] [worker #26] Bootstrap tree #923, logLikelihood: -1436.853405
[00:00:11] [worker #4] Bootstrap tree #901, logLikelihood: -1422.240623
[00:00:11] [worker #22] Bootstrap tree #919, logLikelihood: -1415.080497
[00:00:11] [worker #0] Bootstrap tree #897, logLikelihood: -1408.461542
[00:00:11] [worker #16] Bootstrap tree #913, logLikelihood: -1419.930502
[00:00:11] [worker #6] Bootstrap tree #903, logLikelihood: -1442.324869
[00:00:11] [worker #20] Bootstrap tree #917, logLikelihood: -1380.887603
[00:00:11] [worker #7] Bootstrap tree #904, logLikelihood: -1384.599333
[00:00:11] [worker #25] Bootstrap tree #922, logLikelihood: -1389.064551
[00:00:11] [worker #11] Bootstrap tree #940, logLikelihood: -1363.401568
00:00:11] [worker #15] Bootstrap tree #912, logLikelihood: -1406.523627
[00:00:11] [worker #13] Bootstrap tree #910, logLikelihood: -1348.218052
[00:00:11] [worker #27] Bootstrap tree #924, logLikelihood: -1441.656522
[00:00:11] [worker #2] Bootstrap tree #899, logLikelihood: -1417.377875
[00:00:11] [worker #30] Bootstrap tree #927, logLikelihood: -1372.778088
[00:00:11] [worker #17] Bootstrap tree #914, logLikelihood: -1363.606199
[00:00:11] [worker #31] Bootstrap tree #960, logLikelihood: -1394.489849
[00:00:11] [worker #3] Bootstrap tree #932, logLikelihood: -1440.123173
[00:00:11] [worker #12] Bootstrap tree #941, logLikelihood: -1411.516236
[00:00:11] [worker #24] Bootstrap tree #953, logLikelihood: -1430.913341
[00:00:11] [worker #29] Bootstrap tree #958, logLikelihood: -1380.764461
[00:00:11] [worker #10] Bootstrap tree #939, logLikelihood: -1390.751319
[00:00:11] [worker #19] Bootstrap tree #948, logLikelihood: -1435.253887
[00:00:11] [worker #8] Bootstrap tree #937, logLikelihood: -1354.697669
[00:00:11] [worker #26] Bootstrap tree #955, logLikelihood: -1387.152889
-1362.636527
[00:00:11] [worker #9] Bootstrap tree #938, logLikelihood: -1371.437454
[worker #21] [[Bootstrap tree #9500:00:11]-1381.188011[worker #5] :00:11] [[worker #1] Bootstrap tree #930, logLikelihood: Bootstrap tree #934, logLikelihood: 0:-1463.84873700
-1419.081490 [[Bootstrap tree #9500:00:11]-1381.188011[worker #5] :00:11] [[worker #1] Bootstrap tree #930, logLikelihood: Bootstrap tree #934, logLikelihood: 0:-1463.84873700
-1379.950881
-1419.081490 [[Bootstrap tree #9500:00:11]-1381.188011[worker #5] :00:11] [[worker #1] Bootstrap tree #930, logLikelihood: Bootstrap tree #934, logLikelihood: 0:-1463.84873700
-1379.950881
11] 
:00:11] [worker #28] Bootstrap tree #957, logLikelihood: -1410.537661
:00:11] [worker #28] Bootstrap tree #957, logLikelihood: -1410.537661

[00:00:11] [worker #23] Bootstrap tree #952, logLikelihood: -1397.224219
[00:00:11] [worker #14] Bootstrap tree #943, logLikelihood: -1385.462050
[00:00:11] [worker #13] Bootstrap tree #942, logLikelihood: -1283.987551
[00:00:11] [worker #22] Bootstrap tree #951, logLikelihood: -1448.354419
[00:00:11] [worker #25] Bootstrap tree #954, logLikelihood: -1403.514072
[00:00:11] [worker #6] Bootstrap tree #935, logLikelihood: -1393.379645
[00:00:11] [worker #16] Bootstrap tree #945, logLikelihood: -1401.713752
[00:00:11] [worker #7] Bootstrap tree #936, logLikelihood: -1349.557667
[00:00:11] [worker #30] Bootstrap tree #959, logLikelihood: -1429.638514
[00:00:11] [worker #2] Bootstrap tree #931, logLikelihood: -1395.783652
[00:00:11] [worker #15] Bootstrap tree #944, logLikelihood: -1380.937170
[00:00:11] [worker #0] Bootstrap tree #929, logLikelihood: -1416.740714
[00:00:11] [worker #17] Bootstrap tree #946, logLikelihood: -1386.719909
[00:00:11] [worker #20] Bootstrap tree #949, logLikelihood: -1407.563814
[00:00:11] [worker #27] Bootstrap tree #956, logLikelihood: -1383.796264
[00:00:12] [worker #1] Bootstrap tree #962, logLikelihood: -1385.788336
[00:00:12] [worker #21] Bootstrap tree #982, logLikelihood: -1415.263790
[00:00:12] [worker #19] Bootstrap tree #980, logLikelihood: -1412.890154
[00:00:12] [worker #20] Bootstrap tree #981, logLikelihood: -1360.304254
[00:00:12] [worker #4] Bootstrap tree #965, logLikelihood: -1394.310156
[00:00:12] [worker #26] Bootstrap tree #987, logLikelihood: -1414.583801
[00:00:12] [worker #23] Bootstrap tree #984, logLikelihood: [-1440.302239
-1443.507270
[00:00:12] [worker #11] Bootstrap tree #972, logLikelihood: -1356.544584
[00:00:12] [worker #16] Bootstrap tree #977, logLikelihood: -1374.966910
[00:00:12] [worker #8] Bootstrap tree #969, logLikelihood: -1364.624781
[00:00:12] [worker #5] Bootstrap tree #966, logLikelihood: -1392.324013
[00:00:12] [worker #13] Bootstrap tree #974, logLikelihood: -1388.118859
973, logLikelihood: [-1442.870480
-1416.592697
[00:00:12] [worker #7] Bootstrap tree #968, logLikelihood: -1416.521683
[00:00:12] [worker #0] Bootstrap tree #961, logLikelihood: -1388.978374
[00:00:12] [worker #14] Bootstrap tree #975, logLikelihood: -1393.111091
[00:00:12] [worker #22] Bootstrap tree #983, logLikelihood: -1402.553231
[00:00:12] [worker #24] Bootstrap tree #985, logLikelihood: -1474.902583
[00:00:12] [worker #25] Bootstrap tree #986, logLikelihood: -1365.487118
[00:00:12] [worker #28] Bootstrap tree #989, logLikelihood: -1420.371896
[00:00:12] [worker #31] Bootstrap tree #992, logLikelihood: -1461.857619
[00:00:12] [worker #6] Bootstrap tree #967, logLikelihood: -1441.718979
[00:00:12] [worker #3] Bootstrap tree #964, logLikelihood: -1420.114564
[00:00:12] [worker #15] Bootstrap tree #976, logLikelihood: -1417.030158
[00:00:12] [worker #29] Bootstrap tree #990, logLikelihood: -1400.578963
[00:00:12] [worker #17] Bootstrap tree #978, logLikelihood: -1393.042038
00:00:12] [worker #30] Bootstrap tree #991, logLikelihood: -1413.303793
[00:00:12] [worker #9] Bootstrap tree #970, logLikelihood: -1458.346183
[00:00:12] [worker #2] Bootstrap tree #963, logLikelihood: -1442.633168
[00:00:12] [worker #4] Bootstrap tree #997, logLikelihood: -1368.328055
[00:00:12] [worker #1] Bootstrap tree #994, logLikelihood: -1407.917417
[00:00:12] [worker #5] Bootstrap tree #998, logLikelihood: -1391.017852
[00:00:12] [worker #6] Bootstrap tree #999, logLikelihood: -1375.129468
[00:00:12] [worker #7] Bootstrap tree #1000, logLikelihood: -1423.790088
[00:00:12] [worker #2] Bootstrap tree #995, logLikelihood: -1394.699504
[00:00:12] [worker #3] Bootstrap tree #996, logLikelihood: -1414.776993
[00:00:12] [worker #0] Bootstrap tree #993, logLikelihood: -1416.008151

Optimized model parameters:

   Partition 0: noname
   Rate heterogeneity: GAMMA (4 cats, mean),  alpha: 0.020123 (ML),  weights&rates: (0.250000,0.000000) (0.250000,0.000000) (0.250000,0.000001) (0.250000,3.999999) 
   Base frequencies (ML): 0.347543 0.156233 0.095539 0.400685 
   Substitution rates (ML): 1.044753 2.349751 0.040463 0.528634 1.616084 1.000000 


Final LogLikelihood: -1408.759826

AIC score: 2885.519653 / AICc score: 2888.065107 / BIC score: 3051.347719
Free parameters (model + branch lengths): 34

WARNING: Best ML tree contains 6 near-zero branches!

Best ML tree with collapsed near-zero branches saved to: /mnt/lustre/RDS-live/downing/LSDV/GTPV_SPPV/results_GTPV/LSDV020.raxml.bestTreeCollapsed
Best ML tree saved to: /mnt/lustre/RDS-live/downing/LSDV/GTPV_SPPV/results_GTPV/LSDV020.raxml.bestTree
All ML trees saved to: /mnt/lustre/RDS-live/downing/LSDV/GTPV_SPPV/results_GTPV/LSDV020.raxml.mlTrees
Best ML tree with Felsenstein bootstrap (FBP) support values saved to: /mnt/lustre/RDS-live/downing/LSDV/GTPV_SPPV/results_GTPV/LSDV020.raxml.supportFBP
Best ML tree with Transfer bootstrap (TBE) support values saved to: /mnt/lustre/RDS-live/downing/LSDV/GTPV_SPPV/results_GTPV/LSDV020.raxml.supportTBE
Optimized model saved to: /mnt/lustre/RDS-live/downing/LSDV/GTPV_SPPV/results_GTPV/LSDV020.raxml.bestModel
Bootstrap trees saved to: /mnt/lustre/RDS-live/downing/LSDV/GTPV_SPPV/results_GTPV/LSDV020.raxml.bootstraps

Execution log saved to: /mnt/lustre/RDS-live/downing/LSDV/GTPV_SPPV/results_GTPV/LSDV020.raxml.log

Analysis started: 24-Nov-2025 14:02:01 / finished: 24-Nov-2025 14:02:14

Elapsed time: 13.147 seconds

