
RAxML-NG v. 1.2.2 released on 11.04.2024 by The Exelixis Lab.
Developed by: Alexey M. Kozlov and Alexandros Stamatakis.
Contributors: Diego Darriba, Tomas Flouri, Benoit Morel, Sarah Lutteropp, Ben Bettisworth, Julia Haag, Anastasis Togkousidis.
Latest version: https://github.com/amkozlov/raxml-ng
Questions/problems/suggestions? Please visit: https://groups.google.com/forum/#!forum/raxml

System: AMD EPYC 7543P 32-Core Processor, 32 cores, 995 GB RAM

RAxML-NG was called at 24-Nov-2025 14:23:28 as follows:

raxml-ng --all --msa region_LSDV006.aln --model GTR+G --prefix LSDV006 --seed 123 --bs-metric fbp,tbe --redo

Analysis options:
  run mode: ML tree search + bootstrapping (Felsenstein Bootstrap + Transfer Bootstrap)
  start tree(s): random (10) + parsimony (10)
  bootstrap replicates: parsimony (max: 1000) + bootstopping (autoMRE, cutoff: 0.030000)
  random seed: 123
  tip-inner: OFF
  pattern compression: ON
  per-rate scalers: OFF
  site repeats: ON
  logLH epsilon: general: 10.000000, brlen-triplet: 1000.000000
  fast spr radius: AUTO
  spr subtree cutoff: 1.000000
  fast CLV updates: ON
  branch lengths: proportional (ML estimate, algorithm: NR-FAST)
  SIMD kernels: AVX2
  parallelization: coarse-grained (auto), PTHREADS (auto)

WARNING: Running in REDO mode: existing checkpoints are ignored, and all result files will be overwritten!

[00:00:00] Reading alignment from file: region_LSDV006.aln
[00:00:00] Loaded alignment with 30 taxa and 696 sites

WARNING: Sequences PV167793.1 and PV434148.1 are exactly identical!
WARNING: Sequences PV167793.1 and PP886239.1 are exactly identical!
WARNING: Sequences PV167793.1 and PP886238.1 are exactly identical!
WARNING: Sequences PV167793.1 and PP886237.1 are exactly identical!
WARNING: Sequences PV167793.1 and PP886236.1 are exactly identical!
WARNING: Sequences PV167793.1 and OQ434239.1 are exactly identical!
WARNING: Sequences PV167793.1 and OQ434238.1 are exactly identical!
WARNING: Sequences PV167793.1 and OQ434237.1 are exactly identical!
WARNING: Sequences PV167793.1 and OQ434236.1 are exactly identical!
WARNING: Sequences PV167793.1 and OQ434235.1 are exactly identical!
WARNING: Sequences PV167793.1 and OR239060.1 are exactly identical!
WARNING: Sequences PV167793.1 and NC_004002.1 are exactly identical!
WARNING: Sequences PV167793.1 and ON961657.1 are exactly identical!
WARNING: Sequences PV167793.1 and ON961656.1 are exactly identical!
WARNING: Sequences PV167793.1 and ON961655.1 are exactly identical!
WARNING: Sequences PV167793.1 and MT137384.1 are exactly identical!
WARNING: Sequences PV167793.1 and MW167071.1 are exactly identical!
WARNING: Sequences PV167793.1 and MW167070.1 are exactly identical!
WARNING: Sequences PV167793.1 and MW020571.1 are exactly identical!
WARNING: Sequences PV167793.1 and MN072631.1 are exactly identical!
WARNING: Sequences PV167793.1 and MN072629.1 are exactly identical!
WARNING: Sequences PV167793.1 and AY077832.1 are exactly identical!
WARNING: Sequences PV167793.1 and AY077834.1 are exactly identical!
WARNING: Sequences PV167793.1 and AY077833.1 are exactly identical!
WARNING: Duplicate sequences found: 24

NOTE: Reduced alignment (with duplicates and gap-only sites/taxa removed) 
NOTE: was saved to: /mnt/lustre/RDS-live/downing/LSDV/GTPV_SPPV/results_SPPV/LSDV006.raxml.reduced.phy

Alignment comprises 1 partitions and 11 patterns

Partition 0: noname
Model: GTR+FO+G4m
Alignment sites / patterns: 696 / 11
Gaps: 0.13 %
Invariant sites: 99.57 %


NOTE: Binary MSA file created: LSDV006.raxml.rba

Parallelization scheme autoconfig: 32 worker(s) x 1 thread(s)

[00:00:00] Generating 10 random starting tree(s) with 30 taxa
[00:00:00] Generating 10 parsimony starting tree(s) with 30 taxa
Parallel parsimony with 32 threads
Parallel reduction/worker buffer size: 1 KB  / 0 KB

[00:00:00] Data distribution: max. partitions/sites/weight per thread: 1 / 11 / 176
[00:00:00] Data distribution: max. searches per worker: 33

Starting ML tree search with 20 distinct starting trees

[00:00:01] [worker #7] ML tree search #8, logLikelihood: -874.413595
[00:00:01] [worker #4] ML tree search #5, logLikelihood: -874.413619
[00:00:01] [worker #9] ML tree search #10, logLikelihood: -879.584708
[00:00:01] [worker #19] ML tree search #20, logLikelihood: -874.411097
[00:00:01] [worker #18] ML tree search #19, logLikelihood: -874.411076
[00:00:01] [worker #0] ML tree search #1, logLikelihood: -874.413561
[00:00:01] [worker #8] ML tree search #9, logLikelihood: -874.413432
[00:00:01] [worker #13] ML tree search #14, logLikelihood: -874.411084
[00:00:01] [worker #12] ML tree search #13, logLikelihood: -874.411081
[00:00:01] [worker #6] ML tree search #7, logLikelihood: -879.584731
[00:00:01] [worker #17] ML tree search #18, logLikelihood: -874.411081
[00:00:01] [worker #1] ML tree search #2, logLikelihood: -874.413394
[00:00:01] [worker #10] ML tree search #11, logLikelihood: -874.411088
[00:00:01] [worker #14] ML tree search #15, logLikelihood: -874.411070
[00:00:01] [worker #15] ML tree search #16, logLikelihood: -874.411067
[00:00:01] [worker #16] ML tree search #17, logLikelihood: -874.411085
[00:00:01] [worker #2] ML tree search #3, logLikelihood: -874.413648
[00:00:01] [worker #3] ML tree search #4, logLikelihood: -874.413533
[00:00:01] [worker #11] ML tree search #12, logLikelihood: -874.411079
[00:00:01] [worker #5] ML tree search #6, logLikelihood: -874.413528

[00:00:01] ML tree search completed, best tree logLH: -874.411067

[00:00:01] Starting bootstrapping analysis with 1000 replicates.

[00:00:01] [worker #18] Bootstrap tree #19, logLikelihood: -852.102841
[00:00:01] [worker #28] Bootstrap tree #29, logLikelihood: -850.208171
[00:00:01] [worker #4] Bootstrap tree #5, logLikelihood: -851.844529
[00:00:01] [worker #2] Bootstrap tree #3, logLikelihood: -903.486624
[00:00:01] [worker #21] Bootstrap tree #22, logLikelihood: -853.683303
[00:00:01] [worker #10] Bootstrap tree #11, logLikelihood: -860.639626
[00:00:01] [worker #17] Bootstrap tree #18, logLikelihood: -910.261913
[00:00:01] [worker #20] Bootstrap tree #21, logLikelihood: -868.767945
-877.070640
[00:00:01] [worker #13] Bootstrap tree #14, logLikelihood: -890.775548
[00:00:02] [worker #27] Bootstrap tree #28, logLikelihood: -857.159519
[00:00:02] [worker #19] Bootstrap tree #20, logLikelihood: -866.662785
[00:00:02] [worker #9] Bootstrap tree #10, logLikelihood: -892.540723
[00:00:02] [worker #23] Bootstrap tree #24, logLikelihood: -888.335208
[00:00:02] [worker #16] Bootstrap tree #17, logLikelihood: -874.411067
[00:00:02] [worker #8] Bootstrap tree #9, logLikelihood: -850.229816
[00:00:02] [worker #15] Bootstrap tree #16, logLikelihood: -853.119449
[00:00:02] [worker #1] Bootstrap tree #2, logLikelihood: -890.969825
[00:00:02] [worker #29] Bootstrap tree #30, logLikelihood: -885.469601
[00:00:02] [worker #6] Bootstrap tree #7, logLikelihood: -874.411083
[00:00:02] [worker #24] Bootstrap tree #25, logLikelihood: -858.007522
[00:00:02] [worker #31] Bootstrap tree #32, logLikelihood: -882.786736
[00:00:02] [worker #25] Bootstrap tree #26, logLikelihood: -888.880468
[00:00:02] [worker #0] Bootstrap tree #1, logLikelihood: -874.765980
[00:00:02] [worker #12] Bootstrap tree #13, logLikelihood: -888.549672
[00:00:02] [worker #3] Bootstrap tree #4, logLikelihood: -857.513638
[00:00:02] [worker #5] Bootstrap tree #6, logLikelihood: -853.413498
[00:00:02] [worker #14] Bootstrap tree #15, logLikelihood: -850.738997
[00:00:02] [worker #7] Bootstrap tree #8, logLikelihood: -853.059511
[00:00:02] [worker #26] Bootstrap tree #27, logLikelihood: -866.490657
[00:00:02] [worker #30] Bootstrap tree #31, logLikelihood: -871.874210
[00:00:02] [worker #22] Bootstrap tree #23, logLikelihood: -874.411072
[00:00:02] [worker #21] Bootstrap tree #54, logLikelihood: -834.460122
[00:00:02] [worker #13] Bootstrap tree #46, logLikelihood: -880.588012
[00:00:02] [worker #23] Bootstrap tree #56, logLikelihood: -859.920549
[00:00:02] [worker #17] Bootstrap tree #50, logLikelihood: -853.079495
[00:00:02] [worker #28] Bootstrap tree #61, logLikelihood: -840.864216
[00:00:02] [worker #10] Bootstrap tree #43, logLikelihood: -877.593403
[00:00:02] [worker #18] Bootstrap tree #51, logLikelihood: -874.411071
[00:00:02] [worker #5] Bootstrap tree #38, logLikelihood: -851.275489
[00:00:02] [worker #27] Bootstrap tree #60, logLikelihood: -883.434654
[00:00:02] [worker #9] Bootstrap tree #42, logLikelihood: -874.411075
[00:00:02] [worker #4] Bootstrap tree #37, logLikelihood: -874.411083
[00:00:02] [worker #2] Bootstrap tree #35, logLikelihood: -874.411078
[00:00:02] [worker #14] Bootstrap tree #47, logLikelihood: -868.642920
[00:00:02] [worker #16] Bootstrap tree #49, logLikelihood: -874.411074
[00:00:02] [worker #19] Bootstrap tree #52, logLikelihood: -846.622635
[00:00:02] [worker #11] Bootstrap tree #44, logLikelihood: -874.411074
[00:00:02] [worker #20] Bootstrap tree #53, logLikelihood: -855.638136
[00:00:02] [worker #25] Bootstrap tree #58, logLikelihood: -860.588333
[00:00:02] [worker #26] Bootstrap tree #59, logLikelihood: -851.938208
[00:00:02] [worker #8] Bootstrap tree #41, logLikelihood: -872.609942
[00:00:02] [worker #15] Bootstrap tree #48, logLikelihood: -853.800278
[00:00:02] [worker #24] Bootstrap tree #57, logLikelihood: -896.589741
[00:00:02] [worker #12] Bootstrap tree #45, logLikelihood: -874.430278
[00:00:02] [worker #29] Bootstrap tree #62, logLikelihood: -874.411074
[00:00:02] [worker #1] Bootstrap tree #34, logLikelihood: -882.157563
[00:00:02] [worker #6] Bootstrap tree #39, logLikelihood: -883.528350
[00:00:02] [worker #22] Bootstrap tree #55, logLikelihood: -862.228908
[00:00:02] [worker #31] Bootstrap tree #64, logLikelihood: -866.069223
[00:00:02] [worker #7] Bootstrap tree #40, logLikelihood: -863.297863
[00:00:02] [worker #3] Bootstrap tree #36, logLikelihood: -887.260517
[00:00:02] [worker #30] Bootstrap tree #63, logLikelihood: -863.060211
[00:00:02] [worker #0] Bootstrap tree #33, logLikelihood: -868.630891
[00:00:05] [worker #21] Bootstrap tree #86, logLikelihood: -863.594145
[00:00:05] [worker #25] Bootstrap tree #90, logLikelihood: -851.636183
[[00:00:05] [worker #24] Bootstrap tree #89, logLikelihood: 00:00:05] -867.117293[worker #12] Bootstrap tree #77, logLikelihood: [[00:00:05] [worker #24] Bootstrap tree #89, logLikelihood: 00:00:05] -867.117293[worker #12] Bootstrap tree #77, logLikelihood: -870.567529
[00:00:05] [worker #14] Bootstrap tree #79, logLikelihood: -870.842500
[00:00:05] [worker #16] Bootstrap tree #81, logLikelihood: -874.411073
[00:00:05] [worker #13] Bootstrap tree #78, logLikelihood: -881.882784
[00:00:05] [worker #7] Bootstrap tree #72, logLikelihood: -862.012782
[00:00:05] [worker #31] Bootstrap tree #96, logLikelihood: -859.126841
[00:00:05] [worker #8] Bootstrap tree #73, logLikelihood: -884.717424
[00:00:05] [worker #27] Bootstrap tree #92, logLikelihood: -873.493430
[00:00:05] [worker #29] Bootstrap tree #94, logLikelihood: -878.393199
[00:00:05] [worker #18] Bootstrap tree #83, logLikelihood: -867.148422
[00:00:05] [worker #9] Bootstrap tree #74, logLikelihood: -874.411073
[00:00:05] [worker #15] Bootstrap tree #80, logLikelihood: -878.582653
[00:00:05] [worker #6] Bootstrap tree #71, logLikelihood: -853.498203
[00:00:05] [worker #22] Bootstrap tree #87, logLikelihood: -846.572273
[00:00:05] [worker #5] Bootstrap tree #70, logLikelihood: -852.120310
[00:00:05] [worker #3] Bootstrap tree #68, logLikelihood: -860.744375
[00:00:05] [worker #26] Bootstrap tree #91, logLikelihood: -883.889508
[00:00:05] [worker #17] Bootstrap tree #82, logLikelihood: -874.411079
[00:00:05] [worker #30] Bootstrap tree #95, logLikelihood: -874.411066
[00:00:05] [worker #1] Bootstrap tree #66, logLikelihood: -874.411070
[00:00:05] [worker #20] Bootstrap tree #85, logLikelihood: -856.270397
[00:00:05] [worker #19] Bootstrap tree #84, logLikelihood: -884.625063
[00:00:05] [worker #28] Bootstrap tree #93, logLikelihood: -892.262783
[[0000::00::05] 05[worker #10] Bootstrap tree #75, logLikelihood: Bootstrap tree #69, logLikelihood: -874.411067-[[0000::00::05] 05[worker #10] Bootstrap tree #75, logLikelihood: Bootstrap tree #69, logLikelihood: -874.411067-891.913285
[00:00:05] [worker #2] Bootstrap tree #67, logLikelihood: -891.567374
[00:00:05] [worker #23] Bootstrap tree #88, logLikelihood: -841.400598
[00:00:05] [worker #11] Bootstrap tree #76, logLikelihood: -895.632606
[00:00:05] [worker #0] Bootstrap tree #65, logLikelihood: -873.960312
[00:00:05] [worker #24] Bootstrap tree #121, logLikelihood: -854.857610
[00:00:05] [worker #12] Bootstrap tree #109, logLikelihood: -892.384045
[00:00:05] [worker #21] Bootstrap tree #118, logLikelihood: -893.741118
[00:00:05] [worker #7] Bootstrap tree #104, logLikelihood: -868.390495
[00:00:05] [worker #16] Bootstrap tree #113, logLikelihood: -866.554360
[00:00:05] [worker #25] Bootstrap tree #122, logLikelihood: -856.489066
[00:00:05] [worker #27] Bootstrap tree #124, logLikelihood: -881.504005
[00:00:05] [worker #14] Bootstrap tree #111, logLikelihood: -853.466226
[00:00:06] [worker #8] Bootstrap tree #105, logLikelihood: -853.132695
[00:00:06] [worker #31] Bootstrap tree #128, logLikelihood: -874.411083
[00:00:06] [worker #13] Bootstrap tree #110, logLikelihood: -833.638065
[00:00:06] [worker #28] Bootstrap tree #125, logLikelihood: -867.451745
[00:00:06] [worker #30] Bootstrap tree #127, logLikelihood: -870.267701
[00:00:06] [worker #2] Bootstrap tree #99, logLikelihood: -873.812019
[00:00:06] [worker #23] Bootstrap tree #120, logLikelihood: -851.370668
[00:00:06] [worker #26] Bootstrap tree #123, logLikelihood: -865.424277
[00:00:06] [worker #19] Bootstrap tree #116, logLikelihood: -868.770444
[00:00:06] [worker #17] Bootstrap tree #114, logLikelihood: -834.491454
[00:00:06] [worker #5] Bootstrap tree #102, logLikelihood: -872.907652
[00:00:06] [worker #15] Bootstrap tree #112, logLikelihood: -871.945248
[[00:00:06] [worker #1] Bootstrap tree #98, logLikelihood: -880.808811
[00:00:06] [worker #3] Bootstrap tree #100, logLikelihood: -881.657619
00:00:06] [worker #6] Bootstrap tree #103, logLikelihood: -863.415166
[00:00:06] [worker #4] Bootstrap tree #101, logLikelihood: -880.223553
[00:00:06] [worker #29] Bootstrap tree #126, logLikelihood: -865.169135
[00:00:06] [worker #22] Bootstrap tree #119, logLikelihood: -877.568236
[00:00:06] [worker #9] Bootstrap tree #106, logLikelihood: -874.411066
[00:00:06] [worker #18] Bootstrap tree #115, logLikelihood: -892.008174
[00:00:06] [worker #10] Bootstrap tree #107, logLikelihood: -906.578542
[00:00:06] [worker #20] Bootstrap tree #117, logLikelihood: -871.308861
[00:00:06] [worker #11] Bootstrap tree #108, logLikelihood: -884.299097
[00:00:06] [worker #0] Bootstrap tree #97, logLikelihood: -856.738404
[00:00:14] Bootstrapping converged after 128 replicates.

Optimized model parameters:

   Partition 0: noname
   Rate heterogeneity: GAMMA (4 cats, mean),  alpha: 99.862639 (ML),  weights&rates: (0.250000,0.875823) (0.250000,0.964713) (0.250000,1.029567) (0.250000,1.129897) 
   Base frequencies (ML): 0.347032 0.132180 0.096989 0.423800 
   Substitution rates (ML): 70.239225 45.906136 0.001000 0.001000 0.001000 1.000000 


Final LogLikelihood: -874.411067

AIC score: 1880.822133 / AICc score: 1894.882547 / BIC score: 2180.815211
Free parameters (model + branch lengths): 66

WARNING: Best ML tree contains 26 near-zero branches!

Best ML tree with collapsed near-zero branches saved to: /mnt/lustre/RDS-live/downing/LSDV/GTPV_SPPV/results_SPPV/LSDV006.raxml.bestTreeCollapsed
Best ML tree saved to: /mnt/lustre/RDS-live/downing/LSDV/GTPV_SPPV/results_SPPV/LSDV006.raxml.bestTree
All ML trees saved to: /mnt/lustre/RDS-live/downing/LSDV/GTPV_SPPV/results_SPPV/LSDV006.raxml.mlTrees
Best ML tree with Felsenstein bootstrap (FBP) support values saved to: /mnt/lustre/RDS-live/downing/LSDV/GTPV_SPPV/results_SPPV/LSDV006.raxml.supportFBP
Best ML tree with Transfer bootstrap (TBE) support values saved to: /mnt/lustre/RDS-live/downing/LSDV/GTPV_SPPV/results_SPPV/LSDV006.raxml.supportTBE
Optimized model saved to: /mnt/lustre/RDS-live/downing/LSDV/GTPV_SPPV/results_SPPV/LSDV006.raxml.bestModel
Bootstrap trees saved to: /mnt/lustre/RDS-live/downing/LSDV/GTPV_SPPV/results_SPPV/LSDV006.raxml.bootstraps

Execution log saved to: /mnt/lustre/RDS-live/downing/LSDV/GTPV_SPPV/results_SPPV/LSDV006.raxml.log

Analysis started: 24-Nov-2025 14:23:28 / finished: 24-Nov-2025 14:23:42

Elapsed time: 14.589 seconds

