
RAxML-NG v. 1.2.2 released on 11.04.2024 by The Exelixis Lab.
Developed by: Alexey M. Kozlov and Alexandros Stamatakis.
Contributors: Diego Darriba, Tomas Flouri, Benoit Morel, Sarah Lutteropp, Ben Bettisworth, Julia Haag, Anastasis Togkousidis.
Latest version: https://github.com/amkozlov/raxml-ng
Questions/problems/suggestions? Please visit: https://groups.google.com/forum/#!forum/raxml

System: AMD EPYC 7543P 32-Core Processor, 32 cores, 995 GB RAM

RAxML-NG was called at 24-Nov-2025 13:58:25 as follows:

raxml-ng --all --msa region_LSDV004.aln --model GTR+G --prefix LSDV004 --seed 123 --bs-metric fbp,tbe --redo

Analysis options:
  run mode: ML tree search + bootstrapping (Felsenstein Bootstrap + Transfer Bootstrap)
  start tree(s): random (10) + parsimony (10)
  bootstrap replicates: parsimony (max: 1000) + bootstopping (autoMRE, cutoff: 0.030000)
  random seed: 123
  tip-inner: OFF
  pattern compression: ON
  per-rate scalers: OFF
  site repeats: ON
  logLH epsilon: general: 10.000000, brlen-triplet: 1000.000000
  fast spr radius: AUTO
  spr subtree cutoff: 1.000000
  fast CLV updates: ON
  branch lengths: proportional (ML estimate, algorithm: NR-FAST)
  SIMD kernels: AVX2
  parallelization: coarse-grained (auto), PTHREADS (auto)

WARNING: Running in REDO mode: existing checkpoints are ignored, and all result files will be overwritten!

[00:00:00] Reading alignment from file: region_LSDV004.aln
[00:00:00] Loaded alignment with 14 taxa and 276 sites

WARNING: Sequences PV167794.1 and MW020570.1 are exactly identical!
WARNING: Sequences PV167794.1 and MN072621.1 are exactly identical!
WARNING: Sequences PV167794.1 and MN072620.1 are exactly identical!
WARNING: Sequences PV167794.1 and MH381810.1 are exactly identical!
WARNING: Sequences PV167794.1 and KC951854.1 are exactly identical!
WARNING: Sequences NC_004003.1 and MN072622.1 are exactly identical!
WARNING: Sequences NC_004003.1 and KX576657.1 are exactly identical!
WARNING: Sequences NC_004003.1 and AY077836.1 are exactly identical!
WARNING: Sequences NC_004003.1 and AY077835.1 are exactly identical!
WARNING: Sequences MN072625.1 and MN072624.1 are exactly identical!
WARNING: Sequences MN072625.1 and MN072623.1 are exactly identical!
WARNING: Duplicate sequences found: 11

NOTE: Reduced alignment (with duplicates and gap-only sites/taxa removed) 
NOTE: was saved to: /mnt/lustre/RDS-live/downing/LSDV/GTPV_SPPV/results_GTPV/LSDV004.raxml.reduced.phy

Alignment comprises 1 partitions and 7 patterns

Partition 0: noname
Model: GTR+FO+G4m
Alignment sites / patterns: 276 / 7
Gaps: 0.00 %
Invariant sites: 98.91 %


NOTE: Binary MSA file created: LSDV004.raxml.rba

Parallelization scheme autoconfig: 32 worker(s) x 1 thread(s)

[00:00:00] Generating 10 random starting tree(s) with 14 taxa
[00:00:00] Generating 10 parsimony starting tree(s) with 14 taxa
Parallel parsimony with 32 threads
Parallel reduction/worker buffer size: 1 KB  / 0 KB

[00:00:00] Data distribution: max. partitions/sites/weight per thread: 1 / 7 / 112
[00:00:00] Data distribution: max. searches per worker: 33

Starting ML tree search with 20 distinct starting trees

[00:00:00] [worker #16] ML tree search #17, logLikelihood: -355.181509
[00:00:00] [worker #19] ML tree search #20, logLikelihood: -355.181509
[00:00:00] [worker #2] ML tree search #3, logLikelihood: -355.181509
[00:00:00] [worker #9] ML tree search #10, logLikelihood: -355.181506
[00:00:00] [worker #3] ML tree search #4, logLikelihood: -355.181507
[00:00:00] [worker #11] ML tree search #12, logLikelihood: -355.181509
[00:00:00] [worker #12] ML tree search #13, logLikelihood: -355.181509
[00:00:00] [worker #6] ML tree search #7, logLikelihood: -355.181507
[00:00:00] [worker #15] ML tree search #16, logLikelihood: -355.181509
[00:00:00] [worker #1] ML tree search #2, logLikelihood: -355.181507
[00:00:00] [worker #18] ML tree search #19, logLikelihood: -355.181509
[00:00:00] [worker #8] ML tree search #9, logLikelihood: -355.181509
[00:00:00] [worker #14] ML tree search #15, logLikelihood: -355.181509
[00:00:00] [worker #10] ML tree search #11, logLikelihood: -355.181507
[00:00:00] [worker #4] ML tree search #5, logLikelihood: -355.181507
[00:00:00] [worker #5] ML tree search #6, logLikelihood: -355.181509
[00:00:00] [worker #0] ML tree search #1, logLikelihood: -355.181509
[00:00:00] [worker #13] ML tree search #14, logLikelihood: -355.181509
[00:00:00] [worker #7] ML tree search #8, logLikelihood: -355.181509
[00:00:00] [worker #17] ML tree search #18, logLikelihood: -355.181509

[00:00:00] ML tree search completed, best tree logLH: -355.181506

[00:00:00] Starting bootstrapping analysis with 1000 replicates.

[00:00:00] [worker #4] Bootstrap tree #5, logLikelihood: -362.805120
[00:00:00] [worker #28] Bootstrap tree #29, logLikelihood: -327.420075
-338.384405
[00:00:00] [worker #14] Bootstrap tree #15, logLikelihood: -356.019870
[00:00:00] [worker #15] Bootstrap tree #16, logLikelihood: -350.245753
[00:00:00] [worker #27] Bootstrap tree #28, logLikelihood: -354.445270
[00:00:00] [worker #17] Bootstrap tree #18, logLikelihood: -365.077732
[00:00:00] [worker #29] Bootstrap tree #30, logLikelihood: -356.581143
[00:00:00] [worker #2] Bootstrap tree #3, logLikelihood: -355.181509
[00:00:00] [worker #9] Bootstrap tree #10, logLikelihood: -357.683693
[00:00:00] [worker #5] Bootstrap tree #6, logLikelihood: -313.935788
[00:00:00] [worker #16] Bootstrap tree #17, logLikelihood: -352.393491
[00:00:00] [worker #7] Bootstrap tree #8, logLikelihood: -338.398355
[00:00:00] [worker #1] Bootstrap tree #2, logLikelihood: -364.807498
[00:00:00] [worker #21] Bootstrap tree #22, logLikelihood: -355.181509
[00:00:00] [worker #18] Bootstrap tree #19, logLikelihood: -340.715571
[00:00:00] [worker #3] Bootstrap tree #4, logLikelihood: -347.928817
[00:00:00] [worker #23] Bootstrap tree #24, logLikelihood: -330.879878
[00:00:00] [worker #25] Bootstrap tree #26, logLikelihood: -352.420719
[00:00:00] [worker #30] Bootstrap tree #31, logLikelihood: -355.181509[
-359.370723
[00:00:00] [worker #20] Bootstrap tree #21, logLikelihood: -343.204048
[00:00:00] [worker #11] Bootstrap tree #12, logLikelihood: -355.181507
[00:00:00] [worker #6] Bootstrap tree #7, logLikelihood: -355.181509
[00:00:00] [worker #10] Bootstrap tree #11, logLikelihood: -326.825603
[00:00:00] [worker #26] Bootstrap tree #27, logLikelihood: -347.251854
[00:00:00] [worker #8] Bootstrap tree #9, logLikelihood: -355.181509
[00:00:00] [worker #31] Bootstrap tree #32, logLikelihood: -355.181507
[00:00:00] [worker #12] Bootstrap tree #13, logLikelihood: -355.181509
[00:00:00] [worker #0] Bootstrap tree #1, logLikelihood: -338.355186
[00:00:00] [worker #19] Bootstrap tree #20, logLikelihood: -355.181509
[00:00:00] [worker #13] Bootstrap tree #14, logLikelihood: -355.181509
[00:00:00] [worker #27] Bootstrap tree #60, logLikelihood: -368.071995
[00:00:00] [worker #5] Bootstrap tree #38, logLikelihood: -360.921028
[00:00:00] [worker #29] Bootstrap tree #62, logLikelihood: -338.998582
[00:00:00] [worker #2] Bootstrap tree #35, logLikelihood: -335.119771
[00:00:00] [worker #22] Bootstrap tree #55, logLikelihood: -352.015125
[00:00:00] [worker #17] Bootstrap tree #50, logLikelihood: -351.170526
[00:00:00] [worker #28] Bootstrap tree #61, logLikelihood: -355.181509
[00:00:00] [worker #16] Bootstrap tree #49, logLikelihood: -341.304840
[00:00:00] [worker #14] Bootstrap tree #47, logLikelihood: -355.181509
[00:00:00] [worker #4] Bootstrap tree #37, logLikelihood: -343.092796
[00:00:00] [worker #15] Bootstrap tree #48, logLikelihood: -355.181509
[00:00:00] [worker #18] Bootstrap tree #51, logLikelihood: -355.181509
[00:00:00] [worker #26] Bootstrap tree #59, logLikelihood: -355.181507
[00:00:00] [worker #25] Bootstrap tree #58, logLikelihood: -338.232200
[00:00:00] [worker #9] Bootstrap tree #42, logLikelihood: [00:00:00] [worker #1] Bootstrap tree #34, logLikelihood: 
[worker #20] orker #9] Bootstrap tree #42, logLikelihood: [00:00:00] [worker #1] Bootstrap tree #34, logLikelihood: 
-354.805899
Bootstrap tree #53, logLikelihood: -351.998461
-349.097642
[00:00:00] [worker #7] Bootstrap tree #40, logLikelihood: -355.181509
[00:00:00] [worker #13] Bootstrap tree #46, logLikelihood: -316.749763
[00:00:00] [worker #24] Bootstrap tree #57, logLikelihood: -355.181509
[00:00:00] [worker #6] Bootstrap tree #39, logLikelihood: -362.804082
[00:00:00] [worker #30] Bootstrap tree #63, logLikelihood: -349.296884
[00:00:00] [worker #11] Bootstrap tree #44, logLikelihood: -346.630882
[00:00:00] [worker #8] Bootstrap tree #41, logLikelihood: -346.688736
[00:00:00] [worker #23] Bootstrap tree #56, logLikelihood: -358.280878
00:00:00] [worker #3] Bootstrap tree #36, logLikelihood: -355.181507
[00:00:00] [worker #10] Bootstrap tree #43, logLikelihood: -329.611954
[00:00:00] [worker #31] Bootstrap tree #64, logLikelihood: -355.181509
[00:00:00] [worker #12] Bootstrap tree #45, logLikelihood: -336.609401
:00] [worker #19] Bootstrap tree #52, logLikelihood: -364.348041
[00:00:00] [worker #0] Bootstrap tree #33, logLikelihood: -354.873213
[00:00:00] [worker #22] Bootstrap tree #87, logLikelihood: -339.259321
[00:00:00] [worker #30] Bootstrap tree #95, logLikelihood: -355.814777
[00:00:00] [worker #31] Bootstrap tree #96, logLikelihood: -336.732578
[00:00:00] [worker #27] Bootstrap tree #92, logLikelihood: -345.533779
[00:00:00] [worker #14] Bootstrap tree #79, logLikelihood: -343.467770
[00:00:00] [worker #25] Bootstrap tree #90, logLikelihood: -355.181507
[00:00:00] [worker #2] Bootstrap tree #67, logLikelihood: -327.167952
[00:00:00] [worker #17] Bootstrap tree #82, logLikelihood: -350.675270
[00:00:00] [worker #11] Bootstrap tree #76, logLikelihood: -319.254538
[00:00:00] [worker #6] Bootstrap tree #71, logLikelihood: -355.181507
[00:00:00] [worker #29] Bootstrap tree #94, logLikelihood: -348.724209
[00:00:00] [worker #0] Bootstrap tree #65, logLikelihood: -339.381669
[00:00:00] [worker #18] Bootstrap tree #83, logLikelihood: -345.847373
[00:00:00] [worker #28] Bootstrap tree #93, logLikelihood: -359.461796
[00:00:00] [worker #20] Bootstrap tree #85, logLikelihood: -343.016525
[00:00:00] [worker #16] Bootstrap tree #81, logLikelihood: -338.312998
[00:00:00] [worker #4] Bootstrap tree #69, logLikelihood: -346.000271
[00:00:00] [worker #23] Bootstrap tree #88, logLikelihood: -364.687647
[00:00:00] [worker #9] Bootstrap tree #74, logLikelihood: -354.953358
[00:00:00] [worker #13] Bootstrap tree #78, logLikelihood: -354.779194
[00:00:00] [worker #19] Bootstrap tree #84, logLikelihood: -354.461719
00] [worker #24] Bootstrap tree #89, logLikelihood: -353.331311
[00:00:00] [worker #10] Bootstrap tree #75, logLikelihood: -355.181507
[00:00:00] [worker #7] Bootstrap tree #72, logLikelihood: -355.181509
[00:00:00] [worker #21] Bootstrap tree #86, logLikelihood: [-355.18150900
[00:00:00] [worker #21] Bootstrap tree #86, logLikelihood: [-355.18150900
:00:00] [worker #5] Bootstrap tree #70, logLikelihood: -355.181509
[00:00:00] [worker #15] Bootstrap tree #80, logLikelihood: -325.612923
[00:00:00] [worker #1] Bootstrap tree #66, logLikelihood: -354.489472
[00:00:00] [worker #12] Bootstrap tree #77, logLikelihood: -355.181509
[00:00:00] [worker #3] Bootstrap tree #68, logLikelihood: -357.170712
[00:00:00] [worker #8] Bootstrap tree #73, logLikelihood: -372.056001
00:00] [worker #30] Bootstrap tree #127, logLikelihood: -354.584283
[00:00:00] [worker #26] Bootstrap tree #91, logLikelihood: -343.266442
[00:00:00] [worker #27] Bootstrap tree #124, logLikelihood: -336.315919
[00:00:00] [worker #22] Bootstrap tree #119, logLikelihood: -329.321411
[00:00:00] [worker #11] Bootstrap tree #108, logLikelihood: -359.972527
[00:00:00] [worker #18] Bootstrap tree #115, logLikelihood: -375.467183
[00:00:00] [worker #9] Bootstrap tree #106, logLikelihood: -348.297407
[00:00:00] [worker #16] Bootstrap tree #113, logLikelihood: -344.418489
[00:00:00] [worker #14] Bootstrap tree #111, logLikelihood: -344.153255
[00:00:00] [worker #4] Bootstrap tree #101, logLikelihood: -339.860108
[00:00:00] [worker #31] Bootstrap tree #128, logLikelihood: -355.181509
[00:00:00] [worker #29] Bootstrap tree #126, logLikelihood: -355.181509
[00:00:00] [worker #17] Bootstrap tree #114, logLikelihood: -341.465078
[00:00:00] [worker #7] Bootstrap tree #104, logLikelihood: -347.622295
[00:00:00] [worker #7] Bootstrap tree #104, logLikelihood: -347.622295
[00:00:00] [worker #19] Bootstrap tree #116, logLikelihood: -346.718235
[00:00:00] [worker #23] Bootstrap tree #120, logLikelihood: -355.181509
[00:00:00] [worker #2] Bootstrap tree #99, logLikelihood: -365.232041
[00:00:00] [worker #25] Bootstrap tree #122, logLikelihood: -350.519241
[00:00:00] [worker #6] Bootstrap tree #103, logLikelihood: -355.181509
[00:00:00] [worker #21] Bootstrap tree #118, logLikelihood: -370.886823
[00:00:00] [worker #20] Bootstrap tree #117, logLikelihood: [-356.83975400:00
[00:00:00] [worker #20] Bootstrap tree #117, logLikelihood: [-356.83975400:00
:00] [worker #13] Bootstrap tree #110, logLikelihood: -354.328722
[00:00:00] [worker #28] Bootstrap tree #125, logLikelihood: -344.442455
[00:00:00] [worker #26] Bootstrap tree #123, logLikelihood: -347.222364
[00:00:00] [worker #24] Bootstrap tree #121, logLikelihood: -316.376444
[00:00:00] [worker #3] Bootstrap tree #100, logLikelihood: -369.046975
[00:00:00] [worker #10] Bootstrap tree #107, logLikelihood: -349.469201
[00:00:00] [worker #15] Bootstrap tree #112, logLikelihood: -317.189982
[00:00:00] [worker #1] Bootstrap tree #98, logLikelihood: -351.239956
[00:00:00] [worker #0] Bootstrap tree #97, logLikelihood: -356.015891
[00:00:00] [worker #5] Bootstrap tree #102, logLikelihood: -355.181509
[00:00:00] [worker #12] Bootstrap tree #109, logLikelihood: -367.910323
[00:00:00] [worker #8] Bootstrap tree #105, logLikelihood: -346.395242
[00:00:01] [worker #15] Bootstrap tree #144, logLikelihood: -343.125892[
-362.093950
[00:00:01] [worker #22] Bootstrap tree #151, logLikelihood: -347.217807
[00:00:01] [worker #31] Bootstrap tree #160, logLikelihood: -352.397744
[00:00:01] [worker #30] Bootstrap tree #159, logLikelihood: -350.679072
[00:00:01] [worker #5] Bootstrap tree #134, logLikelihood: -348.892982
[00:00:01] [worker #11] Bootstrap tree #140, logLikelihood: -340.818606
[00:00:01] [worker #6] Bootstrap tree #135, logLikelihood: -366.070120
[00:00:01] [worker #29] Bootstrap tree #158, logLikelihood: -364.012056
-335.006585
[00:00:01] [worker #10] Bootstrap tree #139, logLikelihood: -349.720701
[00:00:01] [worker #14] Bootstrap tree #143, logLikelihood: -355.181509
[00:00:01] [worker #26] Bootstrap tree #155, logLikelihood: -320.286424
[00:00:01] [worker #7] Bootstrap tree #136, logLikelihood: -341.055670
[[00:0:01:00:01] [worker #19] Bootstrap tree #148, logLikelihood: ] [worker #21] Bootstrap tree #150, logLikelihood: -341.029020[
[[00:0:01:00:01] [worker #19] Bootstrap tree #148, logLikelihood: ] [worker #21] Bootstrap tree #150, logLikelihood: -341.029020[

[00:00:01] [worker #2] Bootstrap tree #131, logLikelihood: 
[00:00:01] [worker #2] Bootstrap tree #131, logLikelihood: 
-336.702277
[00:00:01] [worker #9] Bootstrap tree #138, logLikelihood: -353.758633
[00:00:01] [worker #28] Bootstrap tree #157, logLikelihood: -369.344811
[00:00:01] [worker #24] Bootstrap tree #153, logLikelihood: -355.181509
[00:00:01] [worker #25] Bootstrap tree #154, logLikelihood: -353.729341
[00:00:01] [worker #20] Bootstrap tree #149, logLikelihood: -370.218803
[00:00:01] [worker #13] Bootstrap tree #142, logLikelihood: -362.650665
[00:00:01] [worker #4] Bootstrap tree #133, logLikelihood: -353.919635
[00:00:01] [worker #8] Bootstrap tree #137, logLikelihood: -355.181509
[00:00:01] [worker #1] Bootstrap tree #130, logLikelihood: -355.181509
[00:00:01] [worker #3] Bootstrap tree #132, logLikelihood: -340.776322
[00:00:01] [worker #18] Bootstrap tree #147, logLikelihood: -355.181509
[00:00:01] [worker #17] Bootstrap tree #146, logLikelihood: -355.181509
[00:00:01] [worker #12] Bootstrap tree #141, logLikelihood: -355.181507
[00:00:01] [worker #23] Bootstrap tree #184, logLikelihood: -352.201496
[00:00:01] [worker #0] Bootstrap tree #129, logLikelihood: -345.239107
[00:00:01] [worker #9] Bootstrap tree #170, logLikelihood: -339.979924
[00:00:01] [worker #5] Bootstrap tree #166, logLikelihood: -352.019756
[00:00:01] [worker #30] Bootstrap tree #191, logLikelihood: -365.034000
[00:00:01] [worker #14] Bootstrap tree #175, logLikelihood: -328.570317
00:00:01] [worker #15] Bootstrap tree #176, logLikelihood: -348.610939
[00:00:01] [worker #22] Bootstrap tree #183, logLikelihood: -334.662645
[00:00:01] [worker #27] Bootstrap tree #188, logLikelihood: -352.769619
[00:00:01] [worker #6] Bootstrap tree #167, logLikelihood: -355.181507
[00:00:01] [worker #28] Bootstrap tree #189, logLikelihood: -346.986965
[00:00:01] [worker #20] Bootstrap tree #181, logLikelihood: -362.832243
[00:00:01] [worker #10] Bootstrap tree #171, logLikelihood: -352.238519
[00:00:01] [worker #31] Bootstrap tree #192, logLikelihood: -339.295944
[00:00:01] [worker #2] Bootstrap tree #163, logLikelihood: -330.610455
[00:00:01] [worker #24] Bootstrap tree #185, logLikelihood: -355.181509
[00:00:01] [worker #25] Bootstrap tree #186, logLikelihood: -337.160344
[00:00:01] [worker #18] Bootstrap tree #179, logLikelihood: -356.572203
[00:00:01] [worker #3] Bootstrap tree #164, logLikelihood: -348.993066
[00:00:01] [worker #29] Bootstrap tree #190, logLikelihood: -355.181509
[00:00:01] [worker #7] Bootstrap tree #168, logLikelihood: -347.708831
[00:00:01] [worker #13] Bootstrap tree #174, logLikelihood: -346.913455
[00:00:01] [worker #17] Bootstrap tree #178, logLikelihood: -355.181507
[00:00:01] [worker #19] Bootstrap tree #180, logLikelihood: -343.790472
[00:00:01] [worker #16] Bootstrap tree #177, logLikelihood: -361.463318
[00:00:01] [worker #11] Bootstrap tree #172, logLikelihood: -363.860004
01] [worker #4] Bootstrap tree #165, logLikelihood: -344.865161
[00:00:01] [worker #1] Bootstrap tree #162, logLikelihood: -355.181509
[00:00:01] [worker #12] Bootstrap tree #173, logLikelihood: -344.150084
[00:00:01] [worker #26] Bootstrap tree #187, logLikelihood: -335.395744
[00:00:01] [worker #21] Bootstrap tree #182, logLikelihood: -355.181507
00:00:01] [worker #8] Bootstrap tree #169, logLikelihood: -341.125194
[00:00:01] [worker #0] Bootstrap tree #161, logLikelihood: -354.038464
[00:00:01] [worker #30] Bootstrap tree #223, logLikelihood: -351.255812
[00:00:01] [worker #18] Bootstrap tree #211, logLikelihood: -343.218684
[00:00:01] [worker #16] Bootstrap tree #209, logLikelihood: -331.058294
[00:00:01] [worker #11] Bootstrap tree #204, logLikelihood: -361.040337
[00:00:01] [worker #17] Bootstrap tree #210, logLikelihood: -350.570046
[00:00:01] [worker #6] Bootstrap tree #199, logLikelihood: -351.084450
[00:00:01] [worker #27] Bootstrap tree #220, logLikelihood: -339.934624
[00:00:01] [worker #31] Bootstrap tree #224, logLikelihood: -355.181509
[00:00:01] [worker #22] Bootstrap tree #215, logLikelihood: -334.092127
[0[00:00:01:] 00:01Bootstrap tree #] [worker #28] Bootstrap tree #, logLikelihood: 221, logLikelihood: -344.249066
[0[00:00:01:] 00:01Bootstrap tree #] [worker #28] Bootstrap tree #, logLikelihood: 221, logLikelihood: -344.249066
-331.784693
[00:00:01] [worker #3] Bootstrap tree #196, logLikelihood: -321.942210
[00:00:01] [worker #23] Bootstrap tree #216, logLikelihood: -357.365127
[00:00:01] [worker #23] Bootstrap tree #216, logLikelihood: -357.365127
[00:00:01] [worker #15] Bootstrap tree #208, logLikelihood: -362.371238
[00:00:01] [worker #0] Bootstrap tree #193, logLikelihood: -345.972204
[00:00:01] [worker #26] Bootstrap tree #219, logLikelihood: -351.774201
[0[worker #10] Bootstrap tree #203, logLikelihood: -331.013091
[worker #13] Bootstrap tree #206, logLikelihood: -348.017901
[00:00:01] [worker #25] Bootstrap tree #218, logLikelihood: -326.591198
[00:00:01] [worker #1] Bootstrap tree #194, logLikelihood: -337.059869
[00:00:01] [worker #9] Bootstrap tree #202, logLikelihood: -365.149539
[00:00:01] [worker #14] Bootstrap tree #207, logLikelihood: -355.181509
214, logLikelihood: -340.341274
[00:00:01] [worker #24] Bootstrap tree #217, logLikelihood: -355.181509
[00:00:01] [worker #20] Bootstrap tree #213, logLikelihood: -364.864729
[00:00:01] [worker #18] Bootstrap tree #243, logLikelihood: -361.442307
[00:00:01] [worker #5] Bootstrap tree #198, logLikelihood: -341.813116
[00:00:01] [worker #2] Bootstrap tree #195, logLikelihood: -351.067940
Bootstrap tree #255, logLikelihood: -337.318791
[00:00:01] [worker #8] Bootstrap tree #201, logLikelihood: -340.118665
Bootstrap tree #212, logLikelihood: -343.211076
[00:00:01] [worker #7] Bootstrap tree #200, logLikelihood: -341.859861
[00:00:01] [worker #4] Bootstrap tree #197, logLikelihood: -355.181509
[00:00:01] [worker #29] Bootstrap tree #222, logLikelihood: -355.181507
[00:00:01] [worker #6] Bootstrap tree #231, logLikelihood: -355.181507
[00:00:01] [worker #11] Bootstrap tree #236, logLikelihood: -338.713589
[00:00:01] [worker #27] Bootstrap tree #252, logLikelihood: -340.914533
[00:00:01] [worker #28] Bootstrap tree #253, logLikelihood: -322.820298
[00:00:01] [worker #15] Bootstrap tree #240, logLikelihood: -330.430819
[00:00:01] [worker #22] Bootstrap tree #247, logLikelihood: -355.201488
[00:00:01] [worker #31] Bootstrap tree #256, logLikelihood: -356.089013
[00:00:01] [worker #16] Bootstrap tree #241, logLikelihood: -327.777231
[00:00:01] [worker #17] Bootstrap tree #242, logLikelihood: -357.879883
[00:00:01] [worker #12] Bootstrap tree #237, logLikelihood: -367.198175
[00:00:01] [worker #3] Bootstrap tree #228, logLikelihood: -341.869154
[00:00:01] [worker #24] Bootstrap tree #249, logLikelihood: -342.141274
[00:00:01] [worker #23] Bootstrap tree #248, logLikelihood: -337.360479
[00:00:01] [worker #25] Bootstrap tree #250, logLikelihood: -341.929665
[00:00:01] [worker #5] Bootstrap tree #230, logLikelihood: -359.037431
[00:00:01] [worker #0] Bootstrap tree #225, logLikelihood: -360.169106
[00:00:01] [worker #9] Bootstrap tree #234, logLikelihood: -349.688449
[00:00:01] [worker #14] Bootstrap tree #239, logLikelihood: -316.193166
[00:00:01] [worker #13] Bootstrap tree #238, logLikelihood: -352.860274
[00:00:01] [worker #4] Bootstrap tree #229, logLikelihood: -361.835599
[00:00:01] [worker #2] Bootstrap tree #227, logLikelihood: -336.056875
00:00:01] [worker #26] Bootstrap tree #251, logLikelihood: [-330.289081
-349.263530[
00:00:01] [worker #7] Bootstrap tree #232, logLikelihood: -350.094462
[00:00:01] [worker #29] Bootstrap tree #254, logLikelihood: -355.181509
[00:00:01] [worker #21] Bootstrap tree #246, logLikelihood: -355.181509
[00:00:01] 00:00:01] [worker #10] Bootstrap tree #235, logLikelihood: [worker #8] Bootstrap tree #233, logLikelihood: -347.914689-324.596933
[00:00:01] 00:00:01] [worker #10] Bootstrap tree #235, logLikelihood: [worker #8] Bootstrap tree #233, logLikelihood: -347.914689-324.596933

[00:00:01] [worker #19] Bootstrap tree #244, logLikelihood: -355.181509
[00:00:01] [worker #20] Bootstrap tree #245, logLikelihood: -355.181509
[00:00:02] [worker #27] Bootstrap tree #284, logLikelihood: -349.337523
[00:00:02] [worker #15] Bootstrap tree #272, logLikelihood: -329.111053
[00:00:02] [worker #3] Bootstrap tree #260, logLikelihood: -355.181509
[00:00:02] [worker #7] Bootstrap tree #264, logLikelihood: -351.629886
[00:00:02] [worker #21] Bootstrap tree #278, logLikelihood: -343.151080
[00:00:02] [worker #31] Bootstrap tree #288, logLikelihood: -339.826831
[00:00:02] [worker #5] Bootstrap tree #262, logLikelihood: -348.673415
[00:00:02] [worker #24] Bootstrap tree #281, logLikelihood: -350.256971
[00:00:02] [worker #11] Bootstrap tree #268, logLikelihood: -342.529411
[00:00:02] [worker #14] Bootstrap tree #271, logLikelihood: -361.805199
[00:00:02] [worker #18] Bootstrap tree #275, logLikelihood: -337.848324
] [worker #4] Bootstrap tree #261, logLikelihood: -366.125212
[00:00:02] [worker #28] Bootstrap tree #285, logLikelihood: -355.181509
-346.009457
[00:00:02] [worker #10] Bootstrap tree #267, logLikelihood: -328.334809
[00:00:02] [worker #12] Bootstrap tree #269, logLikelihood: -341.407777
[00:00:02] [worker #9] Bootstrap tree #266, logLikelihood: -355.181507
[00:00:02] [worker #19] Bootstrap tree #276, logLikelihood: -341.953178
[00:00:02] [worker #17] Bootstrap tree #274, logLikelihood: -355.181509
[00:00:02] [worker #2] Bootstrap tree #259, logLikelihood: -355.181507
00:00:02] [worker #26] Bootstrap tree #283, logLikelihood: -357.014982
[00:00:02] [worker #22] Bootstrap tree #279, logLikelihood: -357.613456
[00:00:02] [worker #8] Bootstrap tree #265, logLikelihood: -353.866644
[00:00:02] [worker #13] Bootstrap tree #270, logLikelihood: -366.866465
[00:00:02] [worker #16] Bootstrap tree #273, logLikelihood: -347.795604
[00:00:02] [worker #0] Bootstrap tree #257, logLikelihood: -342.735871
[00:00:02] [worker #1] Bootstrap tree #258, logLikelihood: -353.018319
[00:00:02] [worker #30] Bootstrap tree #287, logLikelihood: -340.107966
[00:00:02] [worker #29] Bootstrap tree #286, logLikelihood: -355.181509
[00:00:02] [worker #20] Bootstrap tree #277, logLikelihood: -355.181509
[00:00:02] [worker #23] Bootstrap tree #280, logLikelihood: -340.632768
[00:00:02] [worker #25] Bootstrap tree #282, logLikelihood: -355.181507
[00:00:02] [worker #27] Bootstrap tree #316, logLikelihood: -355.181509
[00:00:02] [worker #31] Bootstrap tree #320, logLikelihood: -347.997564
[00:00:02] [worker #9] Bootstrap tree #298, logLikelihood: -334.179257
[00:00:02] [worker #15] Bootstrap tree #304, logLikelihood: -349.485687
[00:00:02] [worker #24] Bootstrap tree #313, logLikelihood: -329.099369
[00:00:02] [worker #3] Bootstrap tree #292, logLikelihood: -338.454566
[00:00:02] [worker #11] Bootstrap tree #300, logLikelihood: -355.181509
[00:00:02] [worker #21] Bootstrap tree #310, logLikelihood: -355.181509
[00:00:02] [worker #7] Bootstrap tree #296, logLikelihood: -321.210666
[00:00:02] [worker #14] Bootstrap tree #303, logLikelihood: -324.418086
[00:00:02] [worker #6] Bootstrap tree #295, logLikelihood: -335.319735
[00:00:02] [worker #4] Bootstrap tree #293, logLikelihood: -355.181509
[00:00:02] [worker #2] Bootstrap tree #291, logLikelihood: -352.301430
[00:00:02] [worker #22] Bootstrap tree #311, logLikelihood: -355.181509
[00:00:02] [worker #10] Bootstrap tree #299, logLikelihood: -355.181509
-358.899526
[00:00:02] [worker #1] Bootstrap tree #290, logLikelihood: -355.181509
[00:00:02] [worker #5] Bootstrap tree #294, logLikelihood: -355.181509
[00:00:02] [worker #8] Bootstrap tree #297, logLikelihood: -348.154011
[00:00:02] [worker #28] Bootstrap tree #317, logLikelihood: -355.181507
[00:00:02] [worker #17] Bootstrap tree #306, logLikelihood: -350.310134
[00:00:02] [worker #16] Bootstrap tree #305, logLikelihood: -338.909448
[00:00:02] [worker #19] Bootstrap tree #308, logLikelihood: -340.877605
[00:00:02] [worker #26] Bootstrap tree #315, logLikelihood: -347.484432
[00:00:02] [worker #18] Bootstrap tree #307, logLikelihood: -354.388715
[00:00:02] [worker #13] Bootstrap tree #302, logLikelihood: -343.631002
[00:00:02] [worker #23] Bootstrap tree #312, logLikelihood: -350.452381
[00:00:02] [worker #20] Bootstrap tree #309, logLikelihood: -355.181509
[00:00:02] [worker #30] Bootstrap tree #319, logLikelihood: -350.912872
[00:00:02] [worker #29] Bootstrap tree #318, logLikelihood: -355.181509
[00:00:02] [worker #0] Bootstrap tree #289, logLikelihood: -365.144321
[00:00:02] [worker #25] Bootstrap tree #314, logLikelihood: -355.181507
[00:00:02] [worker #10] Bootstrap tree #331, logLikelihood: -347.851343
[00:00:02] [worker #14] Bootstrap tree #335, logLikelihood: -345.328770
[00:00:02] [worker #6] Bootstrap tree #327, logLikelihood: -348.126930
[00:00:02] [worker #27] Bootstrap tree #348, logLikelihood: -332.745794
[00:00:02] [worker #23] Bootstrap tree #344, logLikelihood: -356.145704
[00:00:02] [worker #22] Bootstrap tree #343, logLikelihood: -352.193858
[00:00:02] [worker #19] Bootstrap tree #340, logLikelihood: -353.740639
[00:00:02] [worker #29] Bootstrap tree #350, logLikelihood: -359.005690
[00:00:02] [worker #13] Bootstrap tree #334, logLikelihood: [-337.25887000
[00:00:02] [worker #13] Bootstrap tree #334, logLikelihood: [-337.25887000
:00:02] [worker #8] Bootstrap tree #329, logLikelihood: -322.582910
[00:00:02] [worker #11] Bootstrap tree #332, logLikelihood: -328.433123
[00:00:02] [worker #12] Bootstrap tree #333, logLikelihood: -360.350884
[00:00:02] [worker #3] Bootstrap tree #324, logLikelihood: -339.717407
[00:00:02] [worker #24] Bootstrap tree #345, logLikelihood: -336.213588
[00:00:02] [worker #4] Bootstrap tree #325, logLikelihood: -346.785216
[00:00:02] [worker #4] Bootstrap tree #325, logLikelihood: -346.785216
[00:00:02] [worker #2] Bootstrap tree #323, logLikelihood: -328.968711
[00:00:02] [worker #17] Bootstrap tree #338, logLikelihood: -344.804597
[00:00:02] [worker #20] Bootstrap tree #341, logLikelihood: -355.181509
[00:00:02] [worker #31] Bootstrap tree #352, logLikelihood: -355.181509
[00:00:02] [worker #18] Bootstrap tree #339, logLikelihood: -352.233028
[00:00:02] [worker #9] Bootstrap tree #330, logLikelihood: -367.501632
[00:00:02] [worker #0] Bootstrap tree #321, logLikelihood: -360.952623
[00:00:02] [worker #16] Bootstrap tree #337, logLikelihood: -344.275087
[00:00:02] [worker #1] Bootstrap tree #322, logLikelihood: -355.181509
[00:00:02] [worker #26] Bootstrap tree #347, logLikelihood: -307.607602
[00:00:02] [worker #28] Bootstrap tree #349, logLikelihood: -346.675283
[00:00:02] [worker #15] Bootstrap tree #336, logLikelihood: -355.181507
[00:00:02] [worker #7] Bootstrap tree #328, logLikelihood: -355.181509
[00:00:02] [worker #25] Bootstrap tree #346, logLikelihood: -341.384132
[00:00:02] [worker #21] Bootstrap tree #342, logLikelihood: -334.792014
[00:00:02] [worker #30] Bootstrap tree #351, logLikelihood: -355.181509
[00:00:02] [worker #5] Bootstrap tree #326, logLikelihood: -355.181509
[00:00:02] [worker #10] Bootstrap tree #363, logLikelihood: -347.050027
[00:00:02] [worker #23] Bootstrap tree #376, logLikelihood: -353.388072
[00:00:02] [worker #22] Bootstrap tree #375, logLikelihood: -351.136625
[00:00:02] [worker #27] Bootstrap tree #380, logLikelihood: -355.181507
[00:00:02] [worker #6] Bootstrap tree #359, logLikelihood: -339.181070
[00:00:02] [worker #13] Bootstrap tree #366, logLikelihood: -340.749779
[00:00:02] [worker #2] Bootstrap tree #355, logLikelihood: -359.108574
[00:00:02] [worker #11] Bootstrap tree #364, logLikelihood: -355.989253
[00:00:02] [worker #9] Bootstrap tree #362, logLikelihood: -369.297745
[00:00:02] [worker #19] Bootstrap tree #372, logLikelihood: -354.038944
[00:00:02] [worker #4] Bootstrap tree #357, logLikelihood: -355.336302
00:00:02] [worker #3] Bootstrap tree #356, logLikelihood: -348.299315
[00:00:02] [worker #17] Bootstrap tree #370, logLikelihood: -333.423358
[00:00:02] [worker #29] Bootstrap tree #382, logLikelihood: -333.282234
[00:00:02] [worker #20] Bootstrap tree #373, logLikelihood: -359.457899
[00:00:02] [worker #12] Bootstrap tree #365, logLikelihood: -347.539286
[00:00:02] [worker #26] Bootstrap tree #379, logLikelihood: -347.466210
[00:00:02] [worker #28] Bootstrap tree #381, logLikelihood: -358.660921
[00:00:02] [worker #8] Bootstrap tree #361, logLikelihood: -361.439012
[00:00:02] [worker #24] Bootstrap tree #377, logLikelihood: -342.229019
[00:00:02] [worker #31] Bootstrap tree #384, logLikelihood: [00-345.877807:00:02] 
[00:00:02] [worker #31] Bootstrap tree #384, logLikelihood: [00-345.877807:00:02] 
[worker #7] Bootstrap tree #360, logLikelihood: -348.546615
[00:00:02] [worker #14] Bootstrap tree #367, logLikelihood: -355.181509
[00:00:02] [worker #0] Bootstrap tree #353, logLikelihood: -359.226332
[00:00:02] [worker #25] Bootstrap tree #378, logLikelihood: -366.547157
[00:00:02] [worker #15] Bootstrap tree #368, logLikelihood: -315.373216
[00:00:02] [worker #1] Bootstrap tree #354, logLikelihood: -352.665171
[00:00:02] [worker #18] Bootstrap tree #371, logLikelihood: -342.747906
[00:00:02] [worker #16] Bootstrap tree #369, logLikelihood: -355.181509
[00:00:02] [worker #21] Bootstrap tree #374, logLikelihood: -360.854264
[00:00:02] [worker #30] Bootstrap tree #383, logLikelihood: -356.714601
[00:00:02] [worker #5] Bootstrap tree #358, logLikelihood: -350.341203
[00:00:03] [worker #6] Bootstrap tree #391, logLikelihood: -369.487990
[00:00:03] [worker #21] Bootstrap tree #406, logLikelihood: -357.419751
[00:00:03] [worker #28] Bootstrap tree #413, logLikelihood: -339.550284
[00:00:03] [worker #15] Bootstrap tree #400, logLikelihood: -352.129559
[00:00:03] [worker #4] Bootstrap tree #389, logLikelihood: -346.519917
[00:00:03] [worker #16] Bootstrap tree #401, logLikelihood: -338.786965
[00:00:03] [worker #5] Bootstrap tree #390, logLikelihood: -339.105313
[00:00:03] [worker #2] Bootstrap tree #387, logLikelihood: -338.333703
[00:00:03] [worker #27] Bootstrap tree #412, logLikelihood: -355.181509
[00:00:03] [worker #11] Bootstrap tree #396, logLikelihood: -355.181509
[00:00:03] [worker #23] Bootstrap tree #408, logLikelihood: -355.181509
[00:00:03] [worker #29] Bootstrap tree #414, logLikelihood: -348.771639
[00:00:03] [worker #31] Bootstrap tree #416, logLikelihood: -355.181507
[00:00:03] [worker #14] Bootstrap tree #399, logLikelihood: -355.181509
[00:00:03] [worker #18] Bootstrap tree #403, logLikelihood: -360.032518
[00:00:03] [worker #30] Bootstrap tree #415, logLikelihood: -355.181509
[00:00:03] [worker #7] Bootstrap tree #392, logLikelihood: -335.611559
[00:00:03] [worker #17] Bootstrap tree #402, logLikelihood: -355.181509
[00:00:03] [worker #8] Bootstrap tree #393, logLikelihood: -355.181509
[00:00:03] [worker #13] Bootstrap tree #398, logLikelihood: -355.181509
[00:00:03] [worker #0] Bootstrap tree #385, logLikelihood: -354.001755
[00:00:03] [worker #25] Bootstrap tree #410, logLikelihood: -352.970422
[00:00:03] [worker #22] Bootstrap tree #407, logLikelihood: -327.118309
[00:00:03] [worker #1] Bootstrap tree #386, logLikelihood: -355.181509
[00:00:03] [worker #10] Bootstrap tree #395, logLikelihood: -342.347743
[00:00:03] [worker #20] Bootstrap tree #405, logLikelihood: -355.181509
[00:00:03] [worker #26] Bootstrap tree #411, logLikelihood: -355.181509
[00:00:03] [worker #19] Bootstrap tree #404, logLikelihood: -365.704789
[00:00:03] [worker #24] Bootstrap tree #409, logLikelihood: -353.670142
00:00:03] [worker #6] Bootstrap tree #423, logLikelihood: [-350.151389
-339.330940
[00:00:03] [worker #12] Bootstrap tree #397, logLikelihood: -345.137654
[00:00:03] [worker #9] Bootstrap tree #394, logLikelihood: -361.456093
[00:00:03] [worker #21] Bootstrap tree #438, logLikelihood: -336.855907
[00:00:03] [worker #11] Bootstrap tree #428, logLikelihood: -355.181509
[00:00:03] [worker #2] Bootstrap tree #419, logLikelihood: -361.031977
[00:00:03] [worker #15] Bootstrap tree #432, logLikelihood: -355.181509
[00:00:03] [worker #16] Bootstrap tree #433, logLikelihood: -342.525952
[00:00:03] [worker #23] Bootstrap tree #440, logLikelihood: -355.181509
[00:00:03] [worker #28] Bootstrap tree #445, logLikelihood: -355.181509
[00:00:03] [worker #27] Bootstrap tree #444, logLikelihood: -328.810413
[00:00:03] [worker #29] Bootstrap tree #446, logLikelihood: -354.515633
[00:00:03] [worker #31] Bootstrap tree #448, logLikelihood: -345.520278
[00:00:03] [worker #14] Bootstrap tree #431, logLikelihood: -352.096161
[00:00:03] [worker #5] Bootstrap tree #422, logLikelihood: -354.807987
[00:00:03] [worker #13] Bootstrap tree #430, logLikelihood: -330.889709
[00:00:03] [worker #18] Bootstrap tree #435, logLikelihood: -362.296048
[00:00:03] [worker #4] Bootstrap tree #421, logLikelihood: -351.484866
[00:00:03] [worker #20] Bootstrap tree #437, logLikelihood: -340.920422
[00:00:03] [[worker #12] Bootstrap tree #00429:, logLikelihood: 00:03] [worker #7] Bootstrap tree #424, logLikelihood: [-335.993226-348.840816
-352.235888[[worker #12] Bootstrap tree #00429:, logLikelihood: 00:03] [worker #7] Bootstrap tree #424, logLikelihood: [-335.993226-348.840816
00:
[00:00:03] [worker #30] Bootstrap tree #447, logLikelihood: -355.181509
[00:00:03] [worker #17] Bootstrap tree #434, logLikelihood: [-355.18150900

00:00:03] [worker #3] Bootstrap tree #420, logLikelihood: -372.942059
[00:00:03] [worker #8] Bootstrap tree #425, logLikelihood: [-355.18150900

[00:00:03] [worker #19] Bootstrap tree #436, logLikelihood: -338.361537
[00:00:03] [worker #25] Bootstrap tree #442, logLikelihood: -335.355634
[00:00:03] [worker #9] Bootstrap tree #426, logLikelihood: -339.975892
[00:00:03] [worker #22] Bootstrap tree #439, logLikelihood: -340.805087
[00:00:03] [worker #10] Bootstrap tree #427, logLikelihood: -361.364684
[00:00:03] [worker #0] Bootstrap tree #417, logLikelihood: -358.463807
[00:00:04] [worker #24] Bootstrap tree #473, logLikelihood: -343.940519
[00:00:04] [worker #21] Bootstrap tree #470, logLikelihood: -344.291045
[00:00:04] [worker #1] Bootstrap tree #450, logLikelihood: -351.642886
[00:00:04] [worker #11] Bootstrap tree #460, logLikelihood: -337.461083
[00:00:04[] [worker #7] Bootstrap tree #4:00:, logLikelihood: 04] [worker #12] Bootstrap tree #461, logLikelihood: [00:-339.33094000
-355.181509 [worker #7] Bootstrap tree #4:00:, logLikelihood: 04] [worker #12] Bootstrap tree #461, logLikelihood: [00:-339.33094000
:04] 

00[00::000:004:] 04] [worker #22] [worker #19] Boo468, logLikelihood: , logLikelihood: -334.731251-346.190016
00[00::000:004:] 04] [worker #22] [worker #19] Boo468, logLikelihood: , logLikelihood: -334.731251-346.190016

[00:00:04] [worker #16] Bootstrap tree #465, logLikelihood: -357.374912
[00:00:04] [worker #30] Bootstrap tree #479, logLikelihood: -344.605730
[00:00:04] [worker #2] Bootstrap tree #451, logLikelihood: -364.838404
[00:00:04] [worker #15] Bootstrap tree #464, logLikelihood: -362.979200
[00:00:04] [worker #4] Bootstrap tree #453, logLikelihood: -333.106405
[00:00:04] [worker #6] Bootstrap tree #455, logLikelihood: -336.904623
[00:00:04] [worker #14] Bootstrap tree #463, logLikelihood: -359.199838
[00:00:04] [worker #27] Bootstrap tree #476, logLikelihood: -345.815790
[00:00:04] [worker #8] Bootstrap tree #457, logLikelihood: -355.537129
[00:00:04] [worker #13] Bootstrap tree #462, logLikelihood: -329.626100
[00:00:04] [worker #28] Bootstrap tree #477, logLikelihood: -339.961862
[00:00:04] [worker #20] Bootstrap tree #469, logLikelihood: -350.124084
[00:00:04] [worker #18] Bootstrap tree #467, logLikelihood: -340.002378
[00:00:04] [worker #26] Bootstrap tree #475, logLikelihood: -375.186600
[00:00:04] [worker #9] Bootstrap tree #458, logLikelihood: -345.396769
[00:00:04] [worker #31] Bootstrap tree #480, logLikelihood: -353.055402
[00:00:04] [worker #10] Bootstrap tree #459, logLikelihood: -354.169471
[00:00:04] [worker #25] Bootstrap tree #474, logLikelihood: -355.181509
[00:00:04] [worker #5] Bootstrap tree #454, logLikelihood: -352.673199
[00:00:04] [worker #17] Bootstrap tree #466, logLikelihood: -355.181509
[00:00:04] [worker #3] Bootstrap tree #452, logLikelihood: -355.181509
[00:00:04] [worker #3] Bootstrap tree #452, logLikelihood: -355.181509
[00:00:04] [worker #29] Bootstrap tree #478, logLikelihood: -345.946489
[00:00:04] [worker #0] Bootstrap tree #449, logLikelihood: -355.181509
[00:00:04] [worker #24] Bootstrap tree #505, logLikelihood: -355.181509
[00:00:04] [worker #11] Bootstrap tree #492, logLikelihood: -349.367753
[00:00:04] [worker #16] Bootstrap tree #497, logLikelihood: -343.221284
[00:00:04] [worker #14] Bootstrap tree #495, logLikelihood: -344.958606
[00:00:04] [worker #20] Bootstrap tree #501, logLikelihood: -345.604159
[00:00:04] [worker #7] Bootstrap tree #488, logLikelihood: -350.842836
[00:00:04] [worker #15] Bootstrap tree #496, logLikelihood: -355.181507
[00:00:04] [worker #23] Bootstrap tree #504, logLikelihood: [-350.10408400
-340.742698
[00:00:04] [worker #21] Bootstrap tree #502, logLikelihood: -354.381252
[00:00:04] [worker #19] Bootstrap tree #500, logLikelihood: -342.013905
[00:00:04] [worker #1] Bootstrap tree #482, logLikelihood: -356.600975
[00:00:04] [worker #6] Bootstrap tree #487, logLikelihood: -355.181509
[00:00:04] [worker #30] Bootstrap tree #511, logLikelihood: -335.993601
[00:00:04] [worker #2] Bootstrap tree #483, logLikelihood: -371.284996
[00:00:04] [worker #12] Bootstrap tree #493, logLikelihood: -343.033428
[00:00:04] [worker #8] Bootstrap tree #489, logLikelihood: -355.181509
[00:00:04] [worker #4] Bootstrap tree #485, logLikelihood: -355.181509
[00:00:04] [worker #28] Bootstrap tree #509, logLikelihood: -351.433854
[00:00:04] [worker #31] Bootstrap tree #512, logLikelihood: -341.569616
[00:00:04] [worker #22] Bootstrap tree #503, logLikelihood: -354.792835
[00:00:04] [worker #9] Bootstrap tree #490, logLikelihood: -355.181509
[00:00:04] [worker #18] Bootstrap tree #499, logLikelihood: -355.181509
[00:00:04] [worker #18] Bootstrap tree #499, logLikelihood: -355.181509
[00:00:04] [worker #5] Bootstrap tree #486, logLikelihood: -355.181509
[00:00:04] [worker #10] Bootstrap tree #491, logLikelihood: -355.181507
[00:00:04] [worker #26] Bootstrap tree #507, logLikelihood: -341.927520
[00:00:04] [worker #27] Bootstrap tree #508, logLikelihood: -343.192115
[00:00:04] [worker #25] Bootstrap tree #506, logLikelihood: -339.631699
[00:00:04] [worker #17] Bootstrap tree #498, logLikelihood: -364.822204
[00:00:04] [worker #29] Bootstrap tree #510, logLikelihood: -347.449085
[00:00:04] [worker #3] Bootstrap tree #484, logLikelihood: -366.336906
[00:00:04] [worker #0] Bootstrap tree #481, logLikelihood: -355.181509
[00:00:05] [worker #18] Bootstrap tree #531, logLikelihood: -335.174903
[00:00:05] [worker #16] Bootstrap tree #529, logLikelihood: -355.181509
[00:00:05] [worker #11] Bootstrap tree #524, logLikelihood: -345.006189
[00:00:05] [worker #14] Bootstrap tree #527, logLikelihood: -339.046959
[00:00:05] [worker #26] Bootstrap tree #539, logLikelihood: -369.892884
Bootstrap tree #519, logLikelihood: -366.936776[
00:00:05] [worker #29] Bootstrap tree #542, logLikelihood: -360.723850
[00:00:05] [worker #10] Bootstrap tree #523, logLikelihood: -341.138765
[00:00:05] [worker #24] Bootstrap tree #537, logLikelihood: -355.181509
[00:00:05] [worker #9] Bootstrap tree #522, logLikelihood: -320.416909
[00:00:05] [worker #19] Bootstrap tree #532, logLikelihood: 00:00:05] [worker #23] Bootstrap tree #536, logLikelihood: 
[00:00:05] [worker #19] Bootstrap tree #532, logLikelihood: 00:00:05] [worker #23] Bootstrap tree #536, logLikelihood: 
-313.797870
[00:00:05] [worker #3] Bootstrap tree #516, logLikelihood: -353.207216
[00:00:05] [worker #27] Bootstrap tree #540, logLikelihood: -355.181509
[00:00:05] [worker #28] Bootstrap tree #541, logLikelihood: -327.589758
[00:00:05] [worker #13] Bootstrap tree #526, logLikelihood: -355.181507
[00:00:05] [worker #30] Bootstrap tree #543, logLikelihood: -355.181507
00[00:00:05] [worker #31] Bootstrap tree #544, logLikelihood: :00:05] -355.181509[worker #1] Bootstrap tree #514, logLikelihood: 
00[00:00:05] [worker #31] Bootstrap tree #544, logLikelihood: :00:05] -355.181509[worker #1] Bootstrap tree #514, logLikelihood: 
-345.880007
[00:00:05] [worker #17] Bootstrap tree #530, logLikelihood: -339.859301
[00:00:05] [worker #22] Bootstrap tree #535, logLikelihood: -366.494101
[00:00:05] [worker #25] Bootstrap tree #538, logLikelihood: -357.191495
[00:00:05] [worker #4] Bootstrap tree #517, logLikelihood: -355.181509
[00:00:05] [worker #12] Bootstrap tree #525, logLikelihood: -351.433747
[00:00:05] [worker #15] Bootstrap tree #528, logLikelihood: -338.609972
[00:00:05] [worker #21] Bootstrap tree #534, logLikelihood: -348.282164
[00:00:05] [worker #20] Bootstrap tree #533, logLikelihood: -355.181509
[00:00:05] [worker #18] Bootstrap tree #563, logLikelihood: -330.128856
[00:00:05] [worker #7] Bootstrap tree #520, logLikelihood: -348.111268
[00:00:05] [worker #2] Bootstrap tree #515, logLikelihood: -342.225670
[00:00:05] [worker #5] Bootstrap tree #518, logLikelihood: -350.557070
[00:00:05] [worker #8] Bootstrap tree #521, logLikelihood: -355.181507[
-339.176001
[00:00:05] [worker #23] Bootstrap tree #568, logLikelihood: -352.694679
[00:00:05] [worker #29] Bootstrap tree #574, logLikelihood: -341.140586
[00:00:05] [worker #0] Bootstrap tree #513, logLikelihood: -354.660904
[00:00:05] [worker #24] Bootstrap tree #569, logLikelihood: -332.071431
[00:00:05] [worker #14] Bootstrap tree #559, logLikelihood: -347.466321
[00:00:05] [worker #15] Bootstrap tree #560, logLikelihood: -341.047840
-345.400133
[00:00:05] [worker #6] Bootstrap tree #551, logLikelihood: -356.052599
[00:00:05] [worker #4] Bootstrap tree #549, logLikelihood: -352.204737
[00:00:05] [worker #10] Bootstrap tree #555, logLikelihood: -355.181507
[00:00:05] [worker #27] Bootstrap tree #572, logLikelihood: -355.181509
[00:00:05] [worker #13] Bootstrap tree #558, logLikelihood: -385.036269
[00:00:05] [worker #26] Bootstrap tree #571, logLikelihood: -340.592598
[00:00:05] [worker #19] Bootstrap tree #564, logLikelihood: -363.114635
00:00:05] [worker #3] Bootstrap tree #548, logLikelihood: -342.484549
[00:00:05] [worker #9] Bootstrap tree #554, logLikelihood: -363.731674
[00:00:05] [worker #12] Bootstrap tree #557, logLikelihood: [00:00:05] [worker #30] Bootstrap tree #575, logLikelihood: -355.181509
[00:00:05] [worker #12] Bootstrap tree #557, logLikelihood: [00:00:05] [worker #30] Bootstrap tree #575, logLikelihood: -355.181509
-355.181509
[00:00:05] [worker #31] Bootstrap tree #576, logLikelihood: -346.049953
[00:00:05] [worker #28] Bootstrap tree #573, logLikelihood: -355.181509
[00:00:05] [worker #25] Bootstrap tree #570, logLikelihood: -319.497951
[00:00:05] [worker #21] Bootstrap tree #566, logLikelihood: -351.944753
[00:00:05] [worker #22] Bootstrap tree #567, logLikelihood: -355.181509
[00:00:05] [worker #17] Bootstrap tree #562, logLikelihood: -355.181509
[00:00:05] [worker #1] Bootstrap tree #546, logLikelihood: -355.181509
[00:00:05] [worker #8] Bootstrap tree #553, logLikelihood: -358.465684
[00:00:05] [worker #20] Bootstrap tree #565, logLikelihood: -343.170171
[00:00:05] [worker #7] Bootstrap tree #552, logLikelihood: -371.995379
[00:00:05] [worker #2] Bootstrap tree #547, logLikelihood: -355.181509
[00:00:05] [worker #5] Bootstrap tree #550, logLikelihood: -355.181509
[00:00:05] [worker #0] Bootstrap tree #545, logLikelihood: -321.525870
[00:00:06] [worker #3] Bootstrap tree #580, logLikelihood: -331.631464
[00:00:06] [worker #31] Bootstrap tree #608, logLikelihood: -346.270797
[00:00:06] [worker #5] Bootstrap tree #582, logLikelihood: -355.181509
[00:00:06] [worker #30] Bootstrap tree #607, logLikelihood: -349.480530
[00:00:06] [worker #8] Bootstrap tree #585, logLikelihood: -364.667032
[00:00:06] [worker #18] Bootstrap tree #595, logLikelihood: -364.366771
[00:00:06] [worker #26] Bootstrap tree #603, logLikelihood: -356.426300
[00:00:06] [worker #6] Bootstrap tree #583, logLikelihood: -339.393649
00:06] [worker #16] Bootstrap tree #593, logLikelihood: -367.703778
[00:00:06] [worker #28] Bootstrap tree #605, logLikelihood: -349.168833
[00:00:06] [worker #14] Bootstrap tree #591, logLikelihood: -348.146327
[00:00:06] [worker #11] Bootstrap tree #588, logLikelihood: -335.022086
[00:00:06] [worker #22] Bootstrap tree #599, logLikelihood: -365.770635
[00:00:06] [worker #0] Bootstrap tree #577, logLikelihood: -354.066797
[00:00:06] [worker #23] Bootstrap tree #600, logLikelihood: -343.137868
[00:00:06] [worker #12] Bootstrap tree #589, logLikelihood: -361.710731
[00:00:06] [worker #15] Bootstrap tree #592, logLikelihood: -364.757707
[00:00:06] [worker #13] Bootstrap tree #590, logLikelihood: -355.181507
[00:00:06] [worker #9] Bootstrap tree #586, logLikelihood: -340.311508
-343.008267
[00:00:06] [worker #2] Bootstrap tree #579, logLikelihood: -355.181509
[00:00:06] [worker #10] Bootstrap tree #587, logLikelihood: -335.779174
[00:00:06] [worker #19] Bootstrap tree #596, logLikelihood: -355.181509
[00:00:06] [worker #1] Bootstrap tree #578, logLikelihood: -338.772456
[00:00:06] [worker #27] Bootstrap tree #604, logLikelihood: -355.181509
[00:00:06] [worker #7] Bootstrap tree #584, logLikelihood: -355.181507
[00:00:06] [worker #24] Bootstrap tree #601, logLikelihood: -355.181507
[00:00:06] [worker #20] Bootstrap tree #597, logLikelihood: -365.108318
[00:00:06] [worker #17] Bootstrap tree #594, logLikelihood: -355.181509
[00:00:06] [worker #25] Bootstrap tree #602, logLikelihood: -349.245261
[00:00:06] [worker #21] Bootstrap tree #598, logLikelihood: -331.851878
[00:00:06] [worker #4] Bootstrap tree #581, logLikelihood: -355.181509
[00:00:06] [worker #3] Bootstrap tree #612, logLikelihood: -360.354023
[00:00:06] [worker #18] Bootstrap tree #627, logLikelihood: -334.903084
[00:00:06] [worker #5] Bootstrap tree #614, logLikelihood: -347.633417
[00:00:06] [worker #30] Bootstrap tree #639, logLikelihood: -342.047702
[00:00:06] [worker #6] Bootstrap tree #615, logLikelihood: -342.547349
[00:00:06] [worker #31] Bootstrap tree #640, logLikelihood: -355.181509
[00:00:06] [worker #31] Bootstrap tree #640, logLikelihood: -355.181509
[00:00:06] [worker #16] Bootstrap tree #625, logLikelihood: -340.490908
[00:00:06] [worker #13] Bootstrap tree #622, logLikelihood: -352.574088
[00:00:06] [worker #28] Bootstrap tree #637, logLikelihood: -368.400546
[00:00:06] [worker #8] Bootstrap tree #617, logLikelihood: -354.831274
00:00:06] [worker #9] Bootstrap tree #618, logLikelihood: -364.289157
[00:00:06] [worker #23] Bootstrap tree #632, logLikelihood: -326.718967
[00:00:06] [worker #22] Bootstrap tree #631, logLikelihood: -355.181509
[00:00:06] [worker #11] Bootstrap tree #620, logLikelihood: -354.953376[-362.095928[00:00:06] [worker #27] Bootstrap tree #636, logLikelihood: 
-362.095928[00:00:06] [worker #27] Bootstrap tree #636, logLikelihood: 
-366.041480
[00:00:06] [worker #14] Bootstrap tree #623, logLikelihood: -357.434743
[00:00:06] [worker #12] Bootstrap tree #621, logLikelihood: -340.555548
[00:00:06] [worker #26] Bootstrap tree #635, logLikelihood: -331.686904
[00:00:06] [worker #21] Bootstrap tree #630, logLikelihood: -347.281614
[00:00:06] [worker #4] Bootstrap tree #613, logLikelihood: -340.476591
[00:00:06] [worker #29] Bootstrap tree #638, logLikelihood: -355.181509
[00:00:06] [worker #0] Bootstrap tree #609, logLikelihood: -355.181507
[00:00:06] [worker #2] Bootstrap tree #611, logLikelihood: -355.181509
[00:00:06] [worker #20] Bootstrap tree #629, logLikelihood: -337.961638
[00:00:06] [worker #17] Bootstrap tree #626, logLikelihood: -361.070217
[00:00:06] [worker #19] Bootstrap tree #628, logLikelihood: -377.703934
[00:00:06] [worker #10] Bootstrap tree #619, logLikelihood: -355.181507
[00:00:06] [worker #1] Bootstrap tree #610, logLikelihood: -367.951711
[00:00:06] [worker #7] Bootstrap tree #616, logLikelihood: -348.296184
[00:00:06] [worker #24] Bootstrap tree #633, logLikelihood: -339.099875
[00:00:06] [worker #25] Bootstrap tree #634, logLikelihood: -356.339188
[00:00:07] [worker #24] Bootstrap tree #665, logLikelihood: -333.209467
[00:00:07] [worker #20] Bootstrap tree #661, logLikelihood: -347.083891
[00:00:07] [worker #13] Bootstrap tree #654, logLikelihood: -345.244297
[00:00:07] [worker #18] Bootstrap tree #659, logLikelihood: -341.409817
[00:00:07] [worker #2] Bootstrap tree #643, logLikelihood: -335.655823
[00:00:07] [worker #31] Bootstrap tree #672, logLikelihood: -336.342210
[00:00:07] [worker #25] Bootstrap tree #666, logLikelihood: -355.181509
[00:00:07] [worker #9] Bootstrap tree #650, logLikelihood: -364.113988
[00:00:07] [worker #14] Bootstrap tree #655, logLikelihood: -355.181509
[00:00:07] [worker #4] Bootstrap tree #645, logLikelihood: -360.348178
[00:00:07] [worker #6] Bootstrap tree #647, logLikelihood: -327.579206
[00:00:07] [worker #27] Bootstrap tree #668, logLikelihood: -340.554124
[00:00:07] [worker #30] Bootstrap tree #671, logLikelihood: -355.181509
[00:00:07] [worker #3] Bootstrap tree #644, logLikelihood: -358.332446
-339.728634
, logLikelihood: -326.371794
[00:00:07] [worker #12] Bootstrap tree #653, logLikelihood: -345.376611
[00:00:07] [worker #8] Bootstrap tree #649, logLikelihood: -355.181509
-355.181509
[00:00:07] [worker #16] Bootstrap tree #657, logLikelihood: -355.181509
[00:00:07] [worker #17] Bootstrap tree #658, logLikelihood: -354.217222
[00:00:07] [worker #5] Bootstrap tree #646, logLikelihood: -355.034180
[00:00:07] [worker #0] Bootstrap tree #641, logLikelihood: -351.119927
[00:00:07] [worker #28] Bootstrap tree #669, logLikelihood: -355.181507
[00:00:07] [worker #21] Bootstrap tree #662, logLikelihood: -335.014796
[00:00:07] [worker #15] Bootstrap tree #656, logLikelihood: -325.511409
[00:00:07] [worker #23] Bootstrap tree #664, logLikelihood: -344.093869
[00:00:07] [worker #10] Bootstrap tree #651, logLikelihood: -364.441895
[00:00:07] [worker #7] Bootstrap tree #648, logLikelihood: -338.458562
[00:00:07] [worker #20] Bootstrap tree #693, logLikelihood: -328.788598
[00:00:07] [worker #22] Bootstrap tree #663, logLikelihood: -345.155102
[00:00:07] [worker #24] Bootstrap tree #697, logLikelihood: -340.648743
[00:00:07] [worker #19] Bootstrap tree #660, logLikelihood: -357.913968
[00:00:07] [worker #1] Bootstrap tree #642, logLikelihood: -344.260500
[00:00:07] [worker #25] Bootstrap tree #698, logLikelihood: -331.105028
[00:00:07] [worker #13] Bootstrap tree #686, logLikelihood: -355.181507
[00:00:07] [worker #31] Bootstrap tree #704, logLikelihood: -355.181509
[00:00:07] [worker #9] Bootstrap tree #682, logLikelihood: -337.234720
[00:00:07] [worker #18] Bootstrap tree #691, logLikelihood: -354.652625
[00:00:07] [worker #4] Bootstrap tree #677, logLikelihood: -355.698615
[00:00:07] [worker #29] Bootstrap tree #702, logLikelihood: -345.569429
[00:00:07] [worker #16] Bootstrap tree #689, logLikelihood: -355.181509
[00:00:07] [worker #14] Bootstrap tree #687, logLikelihood: -354.231818
[00:00:07] [worker #30] Bootstrap tree #703, logLikelihood: -355.181507
[00:00:07] [worker #6] Bootstrap tree #679, logLikelihood: -314.110565
[00:00:07] [worker #23] Bootstrap tree #696, logLikelihood: -339.474387
[00:00:07] [worker #2] Bootstrap tree #675, logLikelihood: -355.181507
[00:00:07] [worker #27] Bootstrap tree #700, logLikelihood: -355.181509
[00:00:07] [worker #11] Bootstrap tree #684, logLikelihood: -348.582213
[00:00:07] [worker #12] Bootstrap tree #685, logLikelihood: -330.415083
[00:00:07] [worker #26] Bootstrap tree #699, logLikelihood: -340.255499
[00:00:07] [worker #21] Bootstrap tree #694, logLikelihood: -337.777867
[00:00:07] [worker #3] Bootstrap tree #676, logLikelihood: -362.406728
[00:00:07] [worker #19] Bootstrap tree #692, logLikelihood: -358.958604
[00:00:07] [worker #5] Bootstrap tree #678, logLikelihood: [-356.392215
-355.181507
[00:00:07] [worker #22] Bootstrap tree #695, logLikelihood: -368.689205
[00:00:07] [worker #10] Bootstrap tree #683, logLikelihood: -355.181509
[00:00:07] [worker #8] Bootstrap tree #681, logLikelihood: -347.910847
[00:00:07] [worker #28] Bootstrap tree #701, logLikelihood: -359.641064
[00:00:07] [worker #0] Bootstrap tree #673, logLikelihood: -364.220956
[00:00:07] [worker #17] Bootstrap tree #690, logLikelihood: -358.103632
[00:00:07] [worker #15] Bootstrap tree #688, logLikelihood: -355.181509
[00:00:07] [worker #1] Bootstrap tree #674, logLikelihood: -355.181509
[00:00:08] [worker #17] Bootstrap tree #722, logLikelihood: -338.294882
[00:00:08] [worker #26] Bootstrap tree #731, logLikelihood: -346.806680
[00:00:08] [worker #5] Bootstrap tree #710, logLikelihood: -344.446865
[00:00:08] [worker #25] Bootstrap tree #730, logLikelihood: -342.480083
-346.250284
[00:00:08] [worker #31] Bootstrap tree #736, logLikelihood: -355.181509
00:00:08] [worker #10] Bootstrap tree #715, logLikelihood: -341.893636
[00:00:08] [worker #27] Bootstrap tree #732, logLikelihood: -355.181507
[00:00:08] [worker #6] Bootstrap tree #711, logLikelihood: -350.053025
[00:00:08] [worker #23] Bootstrap tree #728, logLikelihood: -331.471499
[00:00:08] [worker #19] Bootstrap tree #724, logLikelihood: -355.181509
[00:00:08] [worker #12] Bootstrap tree #717, logLikelihood: -337.798848
[00:00:08] [worker #9] Bootstrap tree #714, logLikelihood: -348.401927
[00:00:08] [worker #11] Bootstrap tree #716, logLikelihood: -355.181509
[00:00:08] [worker #14] Bootstrap tree #719, logLikelihood: [00:00:08] [worker #21] Bootstrap tree #726, logLikelihood: 
[00:00:08] [worker #14] Bootstrap tree #719, logLikelihood: [00:00:08] [worker #21] Bootstrap tree #726, logLikelihood: 
-341.983192
[00:00:08] [worker #7] Bootstrap tree #712, logLikelihood: -311.764181
[00:00:08] [worker #28] Bootstrap tree #733, logLikelihood: -356.806202
[00:00:08] [worker #16] Bootstrap tree #721, logLikelihood: -348.314967
[00:00:08] [worker #3] Bootstrap tree #708, logLikelihood: -355.181509
-355.181507
[00:00:08] [worker #18] Bootstrap tree #723, logLikelihood: -340.581590
[00:00:08] [worker #8] Bootstrap tree #713, logLikelihood: -350.419941
[00:00:08] [worker #24] Bootstrap tree #729, logLikelihood: -339.487499
[00:00:08] [worker #15] Bootstrap tree #720, logLikelihood: -355.181509
[00:00:08] [worker #13] Bootstrap tree #718, logLikelihood: -345.581312
[00:00:08] [worker #2] Bootstrap tree #707, logLikelihood: -355.181509
[00:00:08] [worker #0] Bootstrap tree #705, logLikelihood: -357.091647
[00:00:08] [worker #30] Bootstrap tree #735, logLikelihood: -334.596599
[00:00:08] [worker #29] Bootstrap tree #734, logLikelihood: -355.181509
[00:00:08] [worker #4] Bootstrap tree #709, logLikelihood: -349.801294
706, logLikelihood: -344.697763
[00:00:08] [worker #17] Bootstrap tree #754, logLikelihood: -342.072644
[00:00:08] [worker #26] Bootstrap tree #763, logLikelihood: -332.629297
[00:00:08] [worker #25] Bootstrap tree #762, logLikelihood: -356.966740
[00:00:08] [worker #11] Bootstrap tree #748, logLikelihood: -314.972813
[00:00:08] [worker #31] Bootstrap tree #768, logLikelihood: -348.777830
[00:00:08] [worker #6] Bootstrap tree #743, logLikelihood: -334.259104
[00:00:08] [worker #15] Bootstrap tree #752, logLikelihood: -330.694264
[00:00:08] [worker #20] Bootstrap tree #757, logLikelihood: -355.181507
[00:00:08] [worker #19] Bootstrap tree #756, logLikelihood: -359.881206
[00:00:08] [worker #23] Bootstrap tree #760, logLikelihood: -350.088883
[00:00:08] [worker #10] Bootstrap tree #747, logLikelihood: -343.902976
[00:00:08] [worker #22] Bootstrap tree #759, logLikelihood: -355.181509
[00:00:08] [worker #3] Bootstrap tree #740, logLikelihood: -355.181507
[00:00:08] [worker #9] Bootstrap tree #746, logLikelihood: -348.688185
[00:00:08] [worker #21] Bootstrap tree #758, logLikelihood: -345.186964
[00:00:08] [worker #16] Bootstrap tree #753, logLikelihood: -354.719891
[00:00:08] [worker #5] Bootstrap tree #742, logLikelihood: -334.481253
[00:00:08] [worker #27] Bootstrap tree #764, logLikelihood: -355.181509
[00:00:08] [worker #24] Bootstrap tree #761, logLikelihood: -346.543043
[00:00:08] [worker #28] Bootstrap tree #765, logLikelihood: [-355.18150900
-334.849225
[00:00:08] [worker #18] Bootstrap tree #755, logLikelihood: -345.992341
[00:00:08] [worker #7] Bootstrap tree #744, logLikelihood: -355.181509
[00:00:08] [worker #12] Bootstrap tree #749, logLikelihood: -337.583836
[00:00:08] [worker #29] Bootstrap tree #766, logLikelihood: -355.181507
[00:00:08] [worker #8] Bootstrap tree #745, logLikelihood: -355.181509
[00:00:08] [worker #4] Bootstrap tree #741, logLikelihood: -355.181509
[00:00:08] [worker #2] Bootstrap tree #739, logLikelihood: -355.181509
[00:00:08] [worker #13] Bootstrap tree #750, logLikelihood: -355.181507
[00:00:08] [worker #0] Bootstrap tree #737, logLikelihood: -341.673372
[00:00:08] [worker #1] Bootstrap tree #738, logLikelihood: -345.864257
[00:00:08] [worker #30] Bootstrap tree #767, logLikelihood: -355.181509
[00:00:09] [worker #11] Bootstrap tree #780, logLikelihood: -352.177996
[00:00:09] [worker #13] Bootstrap tree #782, logLikelihood: -355.181509
[00:00:09] [worker #4] Bootstrap tree #773, logLikelihood: -355.181509
[00:00:09] [worker #30] Bootstrap tree #799, logLikelihood: [-341.9828480:09] 00:09] [worker #30] Bootstrap tree #799, logLikelihood: [-341.9828480:00:09] [worker #12] Bootstrap tree #781, logLikelihood: [-354.3378740
[worker #6] Bootstrap tree #775, logLikelihood: -331.361014
[00:00:09] [worker #2] Bootstrap tree #771, logLikelihood: -322.798573
[00:00:09] [worker #17] Bootstrap tree #786, logLikelihood: -364.327842
[worker #25] Bootstrap tree #794, logLikelihood: -342.834281
[00:00:09] [worker #29] Bootstrap tree #798, logLikelihood: -355.181509
[00:00:09] [worker #16] Bootstrap tree #785, logLikelihood: -352.386671
[00:00:09] [worker #31] Bootstrap tree #800, logLikelihood: -346.963945
[00:00:09] [worker #10] Bootstrap tree #779, logLikelihood: -341.029342
[00:00:09] [worker #18] Bootstrap tree #787, logLikelihood: -349.153153
[[0000:00::0009] 09] [worker #23] Bootstrap tree #[worker #1] 792Bootstrap tree #, logLikelihood: 770, logLikelihood: -332.948712-336.092432
[[0000:00::0009] 09] [worker #23] Bootstrap tree #[worker #1] 792Bootstrap tree #, logLikelihood: 770, logLikelihood: -332.948712-336.092432

[00:00:09] [worker #20] Bootstrap tree #789, logLikelihood: -355.181509
[00:00:09] [worker #0] Bootstrap tree #769, logLikelihood: -355.181507
[00:00:09] [worker #14] Bootstrap tree #783, logLikelihood: -355.181509
[00:00:09] [worker #26] Bootstrap tree #795, logLikelihood: -355.181509
[00:00:09] [worker #3] Bootstrap tree #772, logLikelihood: -348.997466
[00:00:09] [worker #22] Bootstrap tree #791, logLikelihood: -357.253963
[00:00:09] [worker #15] Bootstrap tree #784, logLikelihood: -355.181509
[00:00:09] [worker #5] Bootstrap tree #774, logLikelihood: -338.620658
[00:00:09] [worker #24] Bootstrap tree #793, logLikelihood: -365.944101
[00:00:09] [worker #9] Bootstrap tree #778, logLikelihood: -355.181509
00:00:09] [worker #19] Bootstrap tree #788, logLikelihood: -355.181509
[00:00:09] [worker #7] Bootstrap tree #776, logLikelihood: -337.790572
[00:00:09] [worker #27] Bootstrap tree #796, logLikelihood: -362.604317
[00:00:09] [worker #28] Bootstrap tree #797, logLikelihood: -351.815475
[00:00:09] [worker #8] Bootstrap tree #777, logLikelihood: [00:00:09] [worker #11] Bootstrap tree #812,[00:00:09] [worker #8] Bootstrap tree #777, logLikelihood: [00:00:09] [worker #11] Bootstrap tree #812, logLikelihood: -348.094416
[00:00:09] [worker #21] Bootstrap tree #790, logLikelihood: -355.181509
[00:00:09] [worker #13] Bootstrap tree #814, logLikelihood: -343.436693
[00:00:09] [worker #4] Bootstrap tree #805, logLikelihood: -324.426193
[00:00:09] [worker #29] Bootstrap tree #830, logLikelihood: -343.180655
[00:00:09] [worker #30] Bootstrap tree #831, logLikelihood: -329.243618
[00:00:09] [worker #12] Bootstrap tree #813, logLikelihood: -357.566474
[00:00:09] [worker #25] Bootstrap tree #826, logLikelihood: -362.777968
[00:00:09] [worker #20] Bootstrap tree #821, logLikelihood: -347.752971
[00:00:09] [worker #16] Bootstrap tree #817, logLikelihood: [00:00:09] [
[:00:09] [worker #3] Bootstrap tree #804, logLikelihood: -326.754959
-325.128508
[00:00:09] [worker #2] Bootstrap tree #803, logLikelihood: -364.752517
[00:00:09] [worker #23] Bootstrap tree #824, logLikelihood: -345.533015
[00:00:09] [worker #1] Bootstrap tree #802, logLikelihood: -326.685097
[00:00:09] [worker #15] Bootstrap tree #816, logLikelihood: -350.239075
[00:00:09] [worker #0] Bootstrap tree #801, logLikelihood: -334.704129
[00:00:09] [worker #26] Bootstrap tree #827, logLikelihood: -337.927118
[00:00:09] [worker #6] Bootstrap tree #807, logLikelihood: -359.617400
[00:00:09] [worker #5] Bootstrap tree #806, logLikelihood: -336.399863
[00:00:09] [worker #18] Bootstrap tree #819, logLikelihood: -352.309875
[00:00:09] [worker #10] Bootstrap tree #811, logLikelihood: -358.868530
[00:00:09] [worker #28] Bootstrap tree #829, logLikelihood: -362.488814
[00:00:09] [worker #22] Bootstrap tree #823, logLikelihood: -354.657209
[00:00:09] [worker #19] Bootstrap tree #820, logLikelihood: -355.181507
[00:00:09] [worker #7] Bootstrap tree #808, logLikelihood: -355.181509
[worker #9] Bootstrap tree #810, logLikelihood: -348.294158
[00:00:09] [worker #8] Bootstrap tree #809, logLikelihood: -349.348553
[00:00:09] [worker #21] Bootstrap tree #822, logLikelihood: [00:00:09] [worker #27] Bootstrap tree #-338.745717828, logLikelihood: 
[00:00:09] [worker #21] Bootstrap tree #822, logLikelihood: [00:00:09] [worker #27] Bootstrap tree #-338.745717828, logLikelihood: 
-342.927159
[00:00:09] [worker #24] Bootstrap tree #825, logLikelihood: -364.205594
[00:00:09] [worker #14] Bootstrap tree #815, logLikelihood: -359.122707
[00:00:10] [worker #3] Bootstrap tree #836, logLikelihood: -346.957619
[00:00:10] [worker #6] Bootstrap tree #839, logLikelihood: -349.089495
-351.85424500:
-335.300432
[00:00:10] [worker #31] Bootstrap tree #864, logLikelihood: -338.658489
[00:00:10] [worker #12] Bootstrap tree #845, logLikelihood: -340.139554
[00:00:10] [worker #27] Bootstrap tree #860, logLikelihood: -342.581061
10] [worker #5] [[00:00:10] Bootstrap tree #[worker #30] 838Bootstrap tree #, logLikelihood: 863, logLikelihood: -343.645441-356.013374

:0] [worker #5] [[00:00:10] Bootstrap tree #[worker #30] 838Bootstrap tree #, logLikelihood: 863, logLikelihood: -343.645441-356.013374
00:10] [worker #29] Bootstrap tree #862, logLikelihood: -346.976720
[00:00:10] [worker #26] Bootstrap tree #859, logLikelihood: [-346.99677500
[00:00:10] [worker #26] Bootstrap tree #859, logLikelihood: [-346.99677500
:00:10] [worker #24] Bootstrap tree #857, logLikelihood: -329.900677
[00:00:10] [worker #14] Bootstrap tree #847[ logLikelihood: 00:00:10] [worker #2] Bootstrap tree #-344.605688835, logLikelihood: 
[00:00:10] [worker #14] Bootstrap tree #847[ logLikelihood: 00:00:10] [worker #2] Bootstrap tree #-344.605688835, logLikelihood: 
-350.034273
[00:00:10] [worker #4] Bootstrap tree #837, logLikelihood: -355.181509
[00:00:10] [worker #22] Bootstrap tree #855, logLikelihood: -352.801704
[00:00:10] [worker #10] Bootstrap tree #843, logLikelihood: -309.865539
[00:00:10] [worker #11] Bootstrap tree #844, logLikelihood: -345.185721
:00:10] [worker #9] Bootstrap tree #842, logLikelihood: -336.218961
[00:00:10] [worker #23] Bootstrap tree #856, logLikelihood: -355.181509
[00:00:10] [worker #7] Bootstrap tree #840, logLikelihood: -340.161233
[00:00:10] [worker #18] Bootstrap tree #851, logLikelihood: -326.733136
[00:00:10] [worker #16] Bootstrap tree #849, logLikelihood: -350.753280
[00:00:10] [worker #17] Bootstrap tree #850, logLikelihood: -345.413570
[00:00:10] [worker #1] Bootstrap tree #834, logLikelihood: -355.181507
[00:00:10] [worker #0] Bootstrap tree #833, logLikelihood: -355.181509
[00:00:10] [worker #8] Bootstrap tree #841, logLikelihood: -355.181509
[00:00:10] [worker #21] Bootstrap tree #854, logLikelihood: -355.181509
[00:00:10] [worker #15] Bootstrap tree #848, logLikelihood: -344.946895
[00:00:10] [worker #25] Bootstrap tree #858, logLikelihood: -355.181509
[00:00:10] [worker #13] Bootstrap tree #846, logLikelihood: -355.181507
[00:00:10] [worker #28] Bootstrap tree #861, logLikelihood: -355.181507
[00:00:10] [worker #31] Bootstrap tree #896, logLikelihood: -363.949331
[00:00:10] [worker #3] Bootstrap tree #868, logLikelihood: -357.116590
[00:00:10] [worker #4] Bootstrap tree #869, logLikelihood: -331.723299
[00:00:10] [worker #19] Bootstrap tree #884, logLikelihood: -357.265550
[00:00:10] [worker #5] Bootstrap tree #870, logLikelihood: -368.561576
[00:00:10] [worker #6] Bootstrap tree #871, logLikelihood: -356.301998
[00:00:10] [worker #26] Bootstrap tree #891, logLikelihood: -321.969964
[00:00:10] [worker #22] Bootstrap tree #887, logLikelihood: [00:00:10] [worker #24] Bootstrap tree #889, logLikelihood: -367.568161
[00:00:10] [worker #22] Bootstrap tree #887, logLikelihood: [00:00:10] [worker #24] Bootstrap tree #889, logLikelihood: -367.568161
-363.776851
[00:00:10] [worker #30] Bootstrap tree #895, logLikelihood: -348.498815
[00:00:10] [worker #11] Bootstrap tree #876, logLikelihood: -350.719808
[00:00:10] [worker #20] Bootstrap tree #885, logLikelihood: -355.181509
[00:00:10] [worker #7] Bootstrap tree #872, logLikelihood: -332.226232
[00:00:10] [worker #14] Bootstrap tree #879, logLikelihood: -355.181507
[00:00:10] [worker #9] Bootstrap tree #874, logLikelihood: -355.181509
[00:00:10] [worker #18] Bootstrap tree #883, logLikelihood: -355.181509
[00:00:10] [worker #12] Bootstrap tree #877, logLikelihood: -355.181507
[00:00:10] [worker #23] Bootstrap tree #888, logLikelihood: -355.181509
-355.181509
[00:00:10] [worker #17] Bootstrap tree #882, logLikelihood: -355.181509
[00:00:10] [worker #27] Bootstrap tree #892, logLikelihood: -340.269324
[00:00:10] [worker #29] Bootstrap tree #894, logLikelihood: -355.181509
[00:00:10] [worker #25] Bootstrap tree #890, logLikelihood: -347.787331
[00:00:10] [worker #10] Bootstrap tree #875, logLikelihood: -332.883140
[00:00:10] [worker #13] Bootstrap tree #878, logLikelihood: -366.803961
[00:00:10] [worker #21] Bootstrap tree #886, logLikelihood: -355.181509
[00:00:10] [worker #0] Bootstrap tree #865, logLikelihood: -355.181509
[00:00:10] [worker #16] Bootstrap tree #881, logLikelihood: -355.181509
[00:00:10] [worker #28] Bootstrap tree #893, logLikelihood: -335.460428
[00:00:10] [worker #1] Bootstrap tree #866, logLikelihood: -355.181509
[00:00:10] [worker #15] Bootstrap tree #880, logLikelihood: -356.152347
[00:00:10] [worker #8] Bootstrap tree #873, logLikelihood: -360.521268
[00:00:11] [worker #19] Bootstrap tree #916, logLikelihood: -328.706024
[00:00:11] [worker #24] Bootstrap tree #921, logLikelihood: -335.113674
[00:00:11] [worker #15] Bootstrap tree #912, logLikelihood: -354.281448
[00:00:11] [worker #26] Bootstrap tree #923, logLikelihood: -355.181509
[00:00:11] [worker #11] Bootstrap tree #908, logLikelihood: -334.608150
[00:00:11] [worker #12] Bootstrap tree #909, logLikelihood: -345.336529
[00:00:11] [worker #23] Bootstrap tree #920, logLikelihood: -359.259986
[00:00:11] [worker #21] Bootstrap tree #918, logLikelihood: -345.296366
[00:00:11] [worker #18] Bootstrap tree #915, logLikelihood: -363.663188
[00:00:11] [worker #14] Bootstrap tree #911, logLikelihood: -352.704111
[00:00:11] [worker #8] Bootstrap tree #905, logLikelihood: -332.823583
[00:00:11] [worker #2] Bootstrap tree #899, logLikelihood: -348.791802
00[:00:11] [worker #4] Bootstrap tree #901, logLikelihood: 00:11] [worker #20] Bootstrap tree #917, logLikelihood: -350.801946
00[:00:11] [worker #4] Bootstrap tree #901, logLikelihood: 00:11] [worker #20] Bootstrap tree #917, logLikelihood: -350.801946
-336.545145
[00:00:11] [worker #13] Bootstrap tree #910, logLikelihood: -352.907616
[00:00:11] [worker #29] Bootstrap tree #926, logLikelihood: -342.533475
[00:00:11] [worker #31] Bootstrap tree #928, logLikelihood: -356.743105
[00:00:11] [worker #10] Bootstrap tree #907, logLikelihood: -338.499614
[00:00:11] [worker #9] Bootstrap tree #906, logLikelihood: -350.138319
[00:00:11] [worker #22] Bootstrap tree #919, logLikelihood: -335.555105
[00:00:11] [worker #3] Bootstrap tree #900, logLikelihood: -359.310911
[00:00:11] [worker #17] Bootstrap tree #914, logLikelihood: -355.181509
[00:00:11] [worker #0] Bootstrap tree #897, logLikelihood: -348.556300
[00:00:11] [worker #6] Bootstrap tree #903, logLikelihood: -362.708200
[00:00:11] [worker #28] Bootstrap tree #925, logLikelihood: -350.532285
[00:00:11] [worker #5] Bootstrap tree #902, logLikelihood: -355.181509
[00:00:11] [worker #30] Bootstrap tree #927, logLikelihood: -355.181509
[00:00:11] [worker #25] Bootstrap tree #922, logLikelihood: -355.181507
[00:00:11] [worker #27] Bootstrap tree #924, logLikelihood: -355.181507
[00:00:11] [worker #16] Bootstrap tree #913, logLikelihood: -333.044269
[00:00:11] [worker #1] Bootstrap tree #898, logLikelihood: -331.793649
[00:00:11] [worker #7] Bootstrap tree #904, logLikelihood: -345.786255
[00:00:11] [worker #24] Bootstrap tree #953, logLikelihood: -367.749199
[00:00:11] [worker #15] Bootstrap tree #944, logLikelihood: -353.696666
[00:00:11] [worker #19] Bootstrap tree #948, logLikelihood: -352.487309
[00:00:11] [worker #11] Bootstrap tree #940, logLikelihood: -349.045468
[00:00:11] [worker #14] Bootstrap tree #943, logLikelihood: -346.010125
[00:00:11] [worker #8] Bootstrap tree #937, logLikelihood: -335.885410
[00:00:11] [worker #21] Bootstrap tree #950, logLikelihood: -346.200116
[00:00:11] [worker #23] Bootstrap tree #952, logLikelihood: -341.696220
[00:00:11] [worker #26] Bootstrap tree #955, logLikelihood: -341.739024
[00:00:11] [worker #18] Bootstrap tree #947, logLikelihood: -355.711213
[00:00:11] [worker #12] Bootstrap tree #941, logLikelihood: -354.009105
[00:00:11] [worker #2] Bootstrap tree #931, logLikelihood: -350.250010
[00:00:11] [worker #20] Bootstrap tree #949, logLikelihood: -345.256235
[00:00:11] [worker #28] Bootstrap tree #957, logLikelihood: -339.853846
[00:00:11] [worker #13] Bootstrap tree #942, logLikelihood: -342.496602
[00:00:11] [worker #10] Bootstrap tree #939, logLikelihood: -349.518322
[00:00:11] [worker #31] Bootstrap tree #960, logLikelihood: -355.181509
[00:00:11] [worker #29] Bootstrap tree #958, logLikelihood: -352.908679
[00:00:11] [worker #22] Bootstrap tree #951, logLikelihood: -355.181509
[00:00:11] [worker #9] Bootstrap tree #938, logLikelihood: -355.181509
[00:00:11] [worker #3] Bootstrap tree #932, logLikelihood: -343.980905
[00:00:11] [worker #4] Bootstrap tree #933, logLikelihood: -355.181509
[00:00:11] [worker #16] Bootstrap tree #945, logLikelihood: -348.280055
[00:00:11] [worker #25] Bootstrap tree #954, logLikelihood: -350.020528
[00:00:11] [worker #17] Bootstrap tree #946, logLikelihood: -340.967680
[00:00:11] [worker #5] Bootstrap tree #934, logLikelihood: -355.181509
[00:00:11] [worker #1] Bootstrap tree #930, logLikelihood: -354.103093
[00:00:11] [worker #30] Bootstrap tree #959, logLikelihood: -355.181509
[00:00:11] [worker #7] Bootstrap tree #936, logLikelihood: -353.212872
[00:00:11] [worker #0] Bootstrap tree #929, logLikelihood: -342.226866
[00:00:11] [worker #27] Bootstrap tree #956, logLikelihood: -339.856613
[00:00:11] [worker #6] Bootstrap tree #935, logLikelihood: -329.828419
[00:00:12] [worker #11] Bootstrap tree #972, logLikelihood: -355.181509
[00:00:12] [worker #12] Bootstrap tree #973, logLikelihood: -357.651532
[00:00:12] [worker #14] Bootstrap tree #975, logLikelihood: -338.731051
[00:00:12] [worker #5] Bootstrap tree #966, logLikelihood: -347.427292
[[000::00:12] 00:Bootstrap tree #987] , logLikelihood: [worker #19] Bootstrap tree #980, logLikelihood: -359.469147
[[000::00:12] 00:Bootstrap tree #987] , logLikelihood: [worker #19] Bootstrap tree #980, logLikelihood: -359.469147
-355.181509
[00:00:12] [worker #9] Bootstrap tree #970, logLikelihood: -351.345349
[00:00:12] [worker #18] Bootstrap tree #979, logLikelihood: -354.382741
[00:00:12] [worker #13] Bootstrap tree #974, logLikelihood: -367.624398
[00:00:12] [worker #30] Bootstrap tree #991, logLikelihood: -353.003889
[00:00:12] [worker #29] Bootstrap tree #990, logLikelihood: -325.420146
[00:00:12] [worker #10] Bootstrap tree #971, logLikelihood: -364.548141
[00:00:12] [worker #8] Bootstrap tree #969, logLikelihood: -355.181509
[00:00:12] [worker #1] Bootstrap tree #962, logLikelihood: -349.009217
[000[:00::1200] :12] [worker #17] [worker #23] Bootstrap tree #Bootstrap tree #978984, logLikelihood: , logLikelihood: -372.676476-338.152718
[000[:00::1200] :12] [worker #17] [worker #23] Bootstrap tree #Bootstrap tree #978984, logLikelihood: , logLikelihood: -372.676476-338.152718

[00:00:12] [worker #20] Bootstrap tree #981, logLikelihood: -337.571674
[00:00:12] [worker #24] Bootstrap tree #985, logLikelihood: -352.271415
[00:00:12] [worker #6] Bootstrap tree #967, logLikelihood: -355.181509
[00:00:12] [worker #4] Bootstrap tree #965, logLikelihood: -356.007630
[00:00:12] [worker #15] Bootstrap tree #976, logLikelihood: -344.178107
[00:00:12] [worker #2] Bootstrap tree #963, logLikelihood: -332.295222
[00:00:12] [worker #21] Bootstrap tree #982, logLikelihood: -355.181507
[00:00:12] [worker #31] Bootstrap tree #992, logLikelihood: -355.181507
[00:00:12] [worker #22] Bootstrap tree #983, logLikelihood: -354.549692
[00:00:12] [worker #27] Bootstrap tree #988, logLikelihood: -343.468994
[00:00:12] [worker #25] Bootstrap tree #986, logLikelihood: -354.714057
[00:00:12] [worker #16] Bootstrap tree #977, logLikelihood: -355.181509
[00:00:12] [worker #28] Bootstrap tree #989, logLikelihood: -355.181509
[00:00:12] [worker #7] Bootstrap tree #968, logLikelihood: -360.558899
[00:00:12] [worker #0] Bootstrap tree #961, logLikelihood: -349.311860
[00:00:12] [worker #3] Bootstrap tree #964, logLikelihood: -355.181507
[00:00:12] [worker #5] Bootstrap tree #998, logLikelihood: -347.760665
[00:00:12] [worker #1] Bootstrap tree #994, logLikelihood: -355.181509
[00:00:12] [worker #4] Bootstrap tree #997, logLikelihood: -355.181509
[00:00:12] [worker #6] Bootstrap tree #999, logLikelihood: -344.952617
[00:00:12] [worker #2] Bootstrap tree #995, logLikelihood: -355.181507
[00:00:12] [worker #7] Bootstrap tree #1000, logLikelihood: -339.505202
[00:00:12] [worker #3] Bootstrap tree #996, logLikelihood: -355.181509
[00:00:12] [worker #0] Bootstrap tree #993, logLikelihood: -355.181509

Optimized model parameters:

   Partition 0: noname
   Rate heterogeneity: GAMMA (4 cats, mean),  alpha: 99.846277 (ML),  weights&rates: (0.250000,0.875813) (0.250000,0.964710) (0.250000,1.029570) (0.250000,1.129908) 
   Base frequencies (ML): 0.469192 0.099647 0.137691 0.293470 
   Substitution rates (ML): 0.001000 0.627870 0.001000 0.001000 1.382370 1.000000 


Final LogLikelihood: -355.181506

AIC score: 778.363013 / AICc score: 788.238531 / BIC score: 901.456642
Free parameters (model + branch lengths): 34

WARNING: Best ML tree contains 9 near-zero branches!

Best ML tree with collapsed near-zero branches saved to: /mnt/lustre/RDS-live/downing/LSDV/GTPV_SPPV/results_GTPV/LSDV004.raxml.bestTreeCollapsed
Best ML tree saved to: /mnt/lustre/RDS-live/downing/LSDV/GTPV_SPPV/results_GTPV/LSDV004.raxml.bestTree
All ML trees saved to: /mnt/lustre/RDS-live/downing/LSDV/GTPV_SPPV/results_GTPV/LSDV004.raxml.mlTrees
Best ML tree with Felsenstein bootstrap (FBP) support values saved to: /mnt/lustre/RDS-live/downing/LSDV/GTPV_SPPV/results_GTPV/LSDV004.raxml.supportFBP
Best ML tree with Transfer bootstrap (TBE) support values saved to: /mnt/lustre/RDS-live/downing/LSDV/GTPV_SPPV/results_GTPV/LSDV004.raxml.supportTBE
Optimized model saved to: /mnt/lustre/RDS-live/downing/LSDV/GTPV_SPPV/results_GTPV/LSDV004.raxml.bestModel
Bootstrap trees saved to: /mnt/lustre/RDS-live/downing/LSDV/GTPV_SPPV/results_GTPV/LSDV004.raxml.bootstraps

Execution log saved to: /mnt/lustre/RDS-live/downing/LSDV/GTPV_SPPV/results_GTPV/LSDV004.raxml.log

Analysis started: 24-Nov-2025 13:58:25 / finished: 24-Nov-2025 13:58:39

Elapsed time: 13.947 seconds

